- The project is out-of-sync -- use `renv::status()` for details.
── Attaching core tidyverse packages ──────────────────────── tidyverse 2.0.0 ──
✔ dplyr     1.1.4     ✔ readr     2.1.5
✔ forcats   1.0.0     ✔ stringr   1.5.1
✔ ggplot2   3.5.1     ✔ tibble    3.2.1
✔ lubridate 1.9.4     ✔ tidyr     1.3.1
✔ purrr     1.0.4     
[conflicted] Will prefer dplyr::select over any other package.
[conflicted] Will prefer dplyr::filter over any other package.
[conflicted] Will prefer lubridate::year over any other package.
[conflicted] Will prefer lubridate::month over any other package.
[conflicted] Will prefer purrr::map over any other package.
[conflicted] Will prefer stats::sd over any other package.
[conflicted] Will prefer base::match over any other package.
This is cmdstanr version 0.9.0
- CmdStanR documentation and vignettes: mc-stan.org/cmdstanr
- CmdStan path: /home/nuttidalab/.cmdstan/cmdstan-2.36.0
- CmdStan version: 2.36.0

A newer version of CmdStan is available. See ?install_cmdstan() to install it.
To disable this check set option or environment variable cmdstanr_no_ver_check=TRUE.
This is posterior version 1.6.0
Registered S3 method overwritten by 'tsibble':
  method               from 
  as_tibble.grouped_df dplyr
── Attaching packages ──────────────────────────────────────────── fpp3 1.0.1 ──
✔ tsibble     1.1.6     ✔ feasts      0.4.1
✔ tsibbledata 0.4.1     ✔ fable       0.4.1
Loading required package: R.oo
Loading required package: R.methodsS3
R.methodsS3 v1.8.2 (2022-06-13 22:00:14 UTC) successfully loaded. See ?R.methodsS3 for help.
R.oo v1.27.0 (2024-11-01 18:00:02 UTC) successfully loaded. See ?R.oo for help.

Attaching package: ‘R.oo’

The following object is masked from ‘package:R.methodsS3’:

    throw

The following object is masked from ‘package:shiny’:

    printStackTrace

The following object is masked from ‘package:renv’:

    load

The following objects are masked from ‘package:methods’:

    getClasses, getMethods

The following objects are masked from ‘package:base’:

    attach, detach, load, save

R.utils v2.13.0 (2025-02-24 21:20:02 UTC) successfully loaded. See ?R.utils for help.
Registered S3 method overwritten by 'quantmod':
  method            from
  as.zoo.data.frame zoo 
Registered S3 methods overwritten by 'bayesforecast':
  method      from    
  autoplot.ts forecast
  forecast.ts forecast
  fortify.ts  forecast
  print.garch tseries 
[1] "# of rows: 34628"
[1] "# of rows: 8741"
[1] "Found 6 exposure columns in the data: exposure_2HRX9P6HKXA8V_1, exposure_ED5J990H5VAZT_1, exposure_JHDN7CF1C03X5_1, exposure_L69HYJ4Y3TR91_1, exposure_SRQS8F7JWA9MZ_1, exposure_W8T41JZK0ZMEP_1"
Numeric columns considered for scaling:
vegan_window_sum_item_quantity,
vegetarian_window_sum_item_quantity,
meat_window_sum_item_quantity,
vegan_window_avg_item_price,
vegetarian_window_avg_item_price,
meat_window_avg_item_price,
breakfast_p_window_avg_item_price,
textured_p_window_avg_item_price,
untextured_p_window_avg_item_price,
chicken_p_window_avg_item_price,
dairy_p_window_avg_item_price,
egg_p_window_avg_item_price,
breakfast_window_avg_item_price,
textured_window_avg_item_price,
untextured_window_avg_item_price,
breakfast_t2_window_avg_item_price,
textured_t2_window_avg_item_price,
untextured_t2_window_avg_item_price,
chicken_t2_window_avg_item_price,
dairy_t2_window_avg_item_price,
day_of_month,
Value,
vegan_price_real,
vegetarian_price_real,
meat_price_real,
breakfast_p_price_real,
textured_p_price_real,
untextured_p_price_real,
chicken_p_price_real,
dairy_p_price_real,
egg_p_price_real,
breakfast_price_real,
textured_price_real,
untextured_price_real,
breakfast_t2_price_real,
textured_t2_price_real,
untextured_t2_price_real,
chicken_t2_price_real,
dairy_t2_price_real,
inflation,
temp,
precip[1] "Successfully created `expo_to_rest` mapping."
[1] "Successfully created `expo_to_param` mapping."
Identified 6 exposure columns in the design matrix: 
exposure_2HRX9P6HKXA8V_1, 
exposure_ED5J990H5VAZT_1, 
exposure_JHDN7CF1C03X5_1, 
exposure_L69HYJ4Y3TR91_1, 
exposure_SRQS8F7JWA9MZ_1, 
exposure_W8T41JZK0ZMEP_1
Identified 30 random beta columns: 
vegan_price_real, 
vegetarian_price_real, 
meat_price_real, 
weekend, 
holiday_window, 
month_cat2, 
month_cat3, 
month_cat4, 
month_cat5, 
month_cat6, 
month_cat7, 
month_cat8, 
month_cat9, 
month_cat10, 
month_cat11, 
month_cat12, 
seasonspring, 
seasonsummer, 
seasonwinter, 
year_cat2014, 
year_cat2015, 
year_cat2016, 
year_cat2017, 
year_cat2018, 
year_cat2019, 
year_cat2020, 
year_cat2021, 
year_cat2022, 
year_cat2023, 
date_num
Identified 9 fixed beta columns: 
day_of_week_cat1, 
day_of_week_cat2, 
day_of_week_cat3, 
day_of_week_cat4, 
day_of_week_cat5, 
day_of_week_cat6, 
inflation, 
temp, 
precip
Identified 2 random alpha indices (positions): 
1, 7
Identified 2 random delta indices (positions): 
1, 7
[1] "Open-day filtering: using 7579 of 8300 train obs, 414 of 441 test obs"
$R
[1] 6

$J
[1] 46

$p_effective
[1] 12

$q_effective
[1] 12

$M
[1] 2

$idx_intercept
[1] 1

$K_beta_random
[1] 30

$idx_beta_random
[1] 2 3 4 5 6 7

$K_beta_fixed
[1] 9

$idx_beta_fixed
[1] 32 33 34 35 36 37

$K_exposure
[1] 6

$idx_exposure
[1] 41 42 43 44 45 46

$expo_to_rest
[1] 2 5 3 4 1 6

$expo_to_param
[1] 1 1 1 1 1 1

$effective_lags_alpha
[1] 1 2 3 4 5 6

$K_alpha_random
[1] 2

$idx_alpha_random
[1] 1 7

$K_alpha_fixed
[1] 10

$idx_alpha_fixed
[1] 2 3 4 5 6 8

$effective_lags_delta
[1] 1 2 3 4 5 6

$K_delta_random
[1] 2

$idx_delta_random
[1] 1 7

$K_delta_fixed
[1] 10

$idx_delta_fixed
[1] 2 3 4 5 6 8

$N_train
[1] 8300

$X_train
  (Intercept) vegan_price_real vegetarian_price_real meat_price_real weekend
1           1         -5.14667              -1.48268       -1.478171       0
2           1         -5.14667              -1.48268       -1.347067       0
3           1         -5.14667              -1.48268       -1.609274       0
4           1         -5.14667              -1.48268       -1.609274       1
5           1         -5.14667              -1.48268       -1.609274       1
6           1         -5.14667              -1.48268       -1.425729       0
  holiday_window month_cat2 month_cat3 month_cat4 month_cat5 month_cat6
1              0          0          0          0          1          0
2              0          0          0          0          1          0
3              0          0          0          0          1          0
4              0          0          0          0          1          0
5              0          0          0          0          1          0
6              0          0          0          0          1          0
  month_cat7 month_cat8 month_cat9 month_cat10 month_cat11 month_cat12
1          0          0          0           0           0           0
2          0          0          0           0           0           0
3          0          0          0           0           0           0
4          0          0          0           0           0           0
5          0          0          0           0           0           0
6          0          0          0           0           0           0
  seasonspring seasonsummer seasonwinter year_cat2014 year_cat2015 year_cat2016
1            1            0            0            0            0            0
2            1            0            0            0            0            0
3            1            0            0            0            0            0
4            1            0            0            0            0            0
5            1            0            0            0            0            0
6            1            0            0            0            0            0
  year_cat2017 year_cat2018 year_cat2019 year_cat2020 year_cat2021 year_cat2022
1            0            0            1            0            0            0
2            0            0            1            0            0            0
3            0            0            1            0            0            0
4            0            0            1            0            0            0
5            0            0            1            0            0            0
6            0            0            1            0            0            0
  year_cat2023 date_num day_of_week_cat1 day_of_week_cat2 day_of_week_cat3
1            0 49.32786                0                1                0
2            0 49.33060                0                0                1
3            0 49.33333                0                0                0
4            0 49.33607                0                0                0
5            0 49.33881                0                0                0
6            0 49.34155                0                0                0
  day_of_week_cat4 day_of_week_cat5 day_of_week_cat6 inflation          temp
1                0                0                0 -1.272144 -3.242225e-01
2                0                0                0 -1.272144 -3.748844e-01
3                1                0                0 -1.272144 -1.621043e-01
4                0                1                0 -1.272144  1.382317e-05
5                0                0                1 -1.272144  1.722643e-01
6                0                0                0 -1.272144  5.167654e-01
       precip exposure_2HRX9P6HKXA8V_1 exposure_ED5J990H5VAZT_1
1  2.41288781                        0                        0
2  0.02723881                        0                        0
3  1.62378853                        0                        0
4 -0.33978411                        0                        0
5 -0.41318870                        0                        0
6 -0.41318870                        0                        0
  exposure_JHDN7CF1C03X5_1 exposure_L69HYJ4Y3TR91_1 exposure_SRQS8F7JWA9MZ_1
1                        0                        0                      0.6
2                        0                        0                      0.6
3                        0                        0                      0.6
4                        0                        0                      0.6
5                        0                        0                      0.6
6                        0                        0                      0.6
  exposure_W8T41JZK0ZMEP_1
1                        0
2                        0
3                        0
4                        0
5                        0
6                        0

$y_train
[1] 21 12 18  0  0 15

$idx_to_rest_train
[1] 1 1 1 1 1 1

$train_start_idx
[1]    1 1467 3048 4343 4616 7107

$train_end_idx
[1] 1466 3047 4342 4615 7106 8300

$N_test
[1] 441

$X_test
  (Intercept) vegan_price_real vegetarian_price_real meat_price_real weekend
1           1        1.1547975              2.057063        2.331697       1
2           1       -0.7727103              1.804772        2.260708       1
3           1        1.1547975              1.865474        2.539707       0
4           1        0.3516693              1.859693        2.905626       0
5           1       -2.4592797              1.003850        2.615725       0
6           1       -0.4514590              2.224164        2.612323       0
  holiday_window month_cat2 month_cat3 month_cat4 month_cat5 month_cat6
1              0          0          0          0          1          0
2              0          0          0          0          1          0
3              0          0          0          0          1          0
4              0          0          0          0          1          0
5              0          0          0          0          1          0
6              0          0          0          0          1          0
  month_cat7 month_cat8 month_cat9 month_cat10 month_cat11 month_cat12
1          0          0          0           0           0           0
2          0          0          0           0           0           0
3          0          0          0           0           0           0
4          0          0          0           0           0           0
5          0          0          0           0           0           0
6          0          0          0           0           0           0
  seasonspring seasonsummer seasonwinter year_cat2014 year_cat2015 year_cat2016
1            1            0            0            0            0            0
2            1            0            0            0            0            0
3            1            0            0            0            0            0
4            1            0            0            0            0            0
5            1            0            0            0            0            0
6            1            0            0            0            0            0
  year_cat2017 year_cat2018 year_cat2019 year_cat2020 year_cat2021 year_cat2022
1            0            0            0            0            0            0
2            0            0            0            0            0            0
3            0            0            0            0            0            0
4            0            0            0            0            0            0
5            0            0            0            0            0            0
6            0            0            0            0            0            0
  year_cat2023 date_num day_of_week_cat1 day_of_week_cat2 day_of_week_cat3
1            1 53.34155                0                0                0
2            1 53.34428                0                0                0
3            1 53.34702                0                0                0
4            1 53.34976                1                0                0
5            1 53.35250                0                1                0
6            1 53.35524                0                0                1
  day_of_week_cat4 day_of_week_cat5 day_of_week_cat6 inflation      temp
1                0                1                0   2.07598 0.2634558
2                0                0                1   2.07598 0.3343825
3                0                0                0   2.07598 0.4154416
4                0                0                0   2.07598 0.2330587
5                0                0                0   2.07598 0.3343825
6                0                0                0   2.07598 0.8916636
      precip exposure_2HRX9P6HKXA8V_1 exposure_ED5J990H5VAZT_1
1 -0.4131887                        0                        0
2  1.6237885                        0                        0
3 -0.4131887                        0                        0
4 -0.4131887                        0                        0
5 -0.4131887                        0                        0
6 -0.4131887                        0                        0
  exposure_JHDN7CF1C03X5_1 exposure_L69HYJ4Y3TR91_1 exposure_SRQS8F7JWA9MZ_1
1                        0                        0                      0.6
2                        0                        0                      0.6
3                        0                        0                      0.6
4                        0                        0                      0.6
5                        0                        0                      0.6
6                        0                        0                      0.6
  exposure_W8T41JZK0ZMEP_1
1                        0
2                        0
3                        0
4                        0
5                        0
6                        0

$y_test
[1] 324 169  85 105 115 111

$idx_to_rest_test
[1] 1 1 1 1 1 1

$test_start_idx
[1]   1  79 163 232 247 379

$test_end_idx
[1]  78 162 231 246 378 441

$mu_gamma_scale
[1] 1

$sigma_gamma_between_scale
[1] 1

$sigma_gamma_within_scale
[1] 1

$mu_beta_scale
[1] 1

$sigma_beta_scale
[1] 1

$mu_alpha_scale
[1] 1

$sigma_alpha_scale
[1] 1

$mu_delta_scale
[1] 1

$sigma_delta_scale
[1] 1

$mu_phi_log_scale
[1] 2

$sigma_phi_log_scale
[1] 1

$z_eta_scale
[1] 1

$z_gamma_scale
[1] 1

$z_beta_scale
[1] 1

$z_alpha_scale
[1] 1

$z_delta_scale
[1] 1

$z_phi_scale
[1] 1

$apply_truncation
[1] 1

$N_total_nonzero
[1] 7579

$idx_total_nonzero
[1] 1 2 3 6 7 8

$N_total_nonzero_test
[1] 414

$idx_total_nonzero_test
[1] 1 2 3 4 5 6

[1] "Using Stan model: model_multilevel_transfer_truncated.stan"
[1] "Fitting the multilevel model..."
Running MCMC with 3 parallel chains...

Chain 1 Informational Message: The current Metropolis proposal is about to be rejected because of the following issue:
Chain 1 Exception: neg_binomial_2_lpmf: Location parameter[1] is -nan, but must be positive finite! (in 'model_multilevel_transfer_truncated.stan', line 457, column 4 to column 67)
Chain 1 If this warning occurs sporadically, such as for highly constrained variable types like covariance matrices, then the sampler is fine,
Chain 1 but if this warning occurs often then your model may be either severely ill-conditioned or misspecified.
Chain 1 
Chain 1 Informational Message: The current Metropolis proposal is about to be rejected because of the following issue:
Chain 1 Exception: neg_binomial_2_lpmf: Location parameter[1] is -nan, but must be positive finite! (in 'model_multilevel_transfer_truncated.stan', line 457, column 4 to column 67)
Chain 1 If this warning occurs sporadically, such as for highly constrained variable types like covariance matrices, then the sampler is fine,
Chain 1 but if this warning occurs often then your model may be either severely ill-conditioned or misspecified.
Chain 1 
Chain 1 Informational Message: The current Metropolis proposal is about to be rejected because of the following issue:
Chain 1 Exception: neg_binomial_2_lpmf: Location parameter[1] is -nan, but must be positive finite! (in 'model_multilevel_transfer_truncated.stan', line 457, column 4 to column 67)
Chain 1 If this warning occurs sporadically, such as for highly constrained variable types like covariance matrices, then the sampler is fine,
Chain 1 but if this warning occurs often then your model may be either severely ill-conditioned or misspecified.
Chain 1 
Chain 1 Informational Message: The current Metropolis proposal is about to be rejected because of the following issue:
Chain 1 Exception: neg_binomial_2_lpmf: Location parameter[1] is 0, but must be positive finite! (in 'model_multilevel_transfer_truncated.stan', line 457, column 4 to column 67)
Chain 1 If this warning occurs sporadically, such as for highly constrained variable types like covariance matrices, then the sampler is fine,
Chain 1 but if this warning occurs often then your model may be either severely ill-conditioned or misspecified.
Chain 1 
Chain 2 Informational Message: The current Metropolis proposal is about to be rejected because of the following issue:
Chain 2 Exception: neg_binomial_2_lpmf: Location parameter[1] is -nan, but must be positive finite! (in 'model_multilevel_transfer_truncated.stan', line 457, column 4 to column 67)
Chain 2 If this warning occurs sporadically, such as for highly constrained variable types like covariance matrices, then the sampler is fine,
Chain 2 but if this warning occurs often then your model may be either severely ill-conditioned or misspecified.
Chain 2 
Chain 2 Informational Message: The current Metropolis proposal is about to be rejected because of the following issue:
Chain 2 Exception: neg_binomial_2_lpmf: Location parameter[1] is -nan, but must be positive finite! (in 'model_multilevel_transfer_truncated.stan', line 457, column 4 to column 67)
Chain 2 If this warning occurs sporadically, such as for highly constrained variable types like covariance matrices, then the sampler is fine,
Chain 2 but if this warning occurs often then your model may be either severely ill-conditioned or misspecified.
Chain 2 
Chain 2 Informational Message: The current Metropolis proposal is about to be rejected because of the following issue:
Chain 2 Exception: neg_binomial_2_lpmf: Location parameter[1] is -nan, but must be positive finite! (in 'model_multilevel_transfer_truncated.stan', line 457, column 4 to column 67)
Chain 2 If this warning occurs sporadically, such as for highly constrained variable types like covariance matrices, then the sampler is fine,
Chain 2 but if this warning occurs often then your model may be either severely ill-conditioned or misspecified.
Chain 2 
Chain 2 Informational Message: The current Metropolis proposal is about to be rejected because of the following issue:
Chain 2 Exception: neg_binomial_2_lpmf: Location parameter[1] is -nan, but must be positive finite! (in 'model_multilevel_transfer_truncated.stan', line 457, column 4 to column 67)
Chain 2 If this warning occurs sporadically, such as for highly constrained variable types like covariance matrices, then the sampler is fine,
Chain 2 but if this warning occurs often then your model may be either severely ill-conditioned or misspecified.
Chain 2 
Chain 2 Informational Message: The current Metropolis proposal is about to be rejected because of the following issue:
Chain 2 Exception: neg_binomial_2_lpmf: Location parameter[1] is -nan, but must be positive finite! (in 'model_multilevel_transfer_truncated.stan', line 457, column 4 to column 67)
Chain 2 If this warning occurs sporadically, such as for highly constrained variable types like covariance matrices, then the sampler is fine,
Chain 2 but if this warning occurs often then your model may be either severely ill-conditioned or misspecified.
Chain 2 
Chain 2 Informational Message: The current Metropolis proposal is about to be rejected because of the following issue:
Chain 2 Exception: neg_binomial_2_lpmf: Location parameter[1] is inf, but must be positive finite! (in 'model_multilevel_transfer_truncated.stan', line 457, column 4 to column 67)
Chain 2 If this warning occurs sporadically, such as for highly constrained variable types like covariance matrices, then the sampler is fine,
Chain 2 but if this warning occurs often then your model may be either severely ill-conditioned or misspecified.
Chain 2 
Chain 2 Informational Message: The current Metropolis proposal is about to be rejected because of the following issue:
Chain 2 Exception: neg_binomial_2_lpmf: Location parameter[1] is inf, but must be positive finite! (in 'model_multilevel_transfer_truncated.stan', line 457, column 4 to column 67)
Chain 2 If this warning occurs sporadically, such as for highly constrained variable types like covariance matrices, then the sampler is fine,
Chain 2 but if this warning occurs often then your model may be either severely ill-conditioned or misspecified.
Chain 2 
Chain 2 Informational Message: The current Metropolis proposal is about to be rejected because of the following issue:
Chain 2 Exception: neg_binomial_2_lpmf: Location parameter[1] is inf, but must be positive finite! (in 'model_multilevel_transfer_truncated.stan', line 457, column 4 to column 67)
Chain 2 If this warning occurs sporadically, such as for highly constrained variable types like covariance matrices, then the sampler is fine,
Chain 2 but if this warning occurs often then your model may be either severely ill-conditioned or misspecified.
Chain 2 
Chain 3 Rejecting initial value:
Chain 3   Error evaluating the log probability at the initial value.
Chain 3 Exception: neg_binomial_2_lpmf: Location parameter[3030] is inf, but must be positive finite! (in 'model_multilevel_transfer_truncated.stan', line 457, column 4 to column 67)
Chain 3 Exception: neg_binomial_2_lpmf: Location parameter[3030] is inf, but must be positive finite! (in 'model_multilevel_transfer_truncated.stan', line 457, column 4 to column 67)
Chain 3 User-specified initialization failed.
Chain 3  Try specifying new initial values, using partially specialized initialization, reducing the range of constrained values, or reparameterizing the model.
Chain 3 Initialization failed.
Warning: Chain 3 finished unexpectedly!

Chain 1 Informational Message: The current Metropolis proposal is about to be rejected because of the following issue:
Chain 1 Exception: neg_binomial_2_lpmf: Location parameter[1] is 0, but must be positive finite! (in 'model_multilevel_transfer_truncated.stan', line 457, column 4 to column 67)
Chain 1 If this warning occurs sporadically, such as for highly constrained variable types like covariance matrices, then the sampler is fine,
Chain 1 but if this warning occurs often then your model may be either severely ill-conditioned or misspecified.
Chain 1 
Chain 1 Informational Message: The current Metropolis proposal is about to be rejected because of the following issue:
Chain 1 Exception: neg_binomial_2_lpmf: Location parameter[1] is 0, but must be positive finite! (in 'model_multilevel_transfer_truncated.stan', line 457, column 4 to column 67)
Chain 1 If this warning occurs sporadically, such as for highly constrained variable types like covariance matrices, then the sampler is fine,
Chain 1 but if this warning occurs often then your model may be either severely ill-conditioned or misspecified.
Chain 1 
Chain 1 Informational Message: The current Metropolis proposal is about to be rejected because of the following issue:
Chain 1 Exception: neg_binomial_2_lpmf: Location parameter[1] is inf, but must be positive finite! (in 'model_multilevel_transfer_truncated.stan', line 457, column 4 to column 67)
Chain 1 If this warning occurs sporadically, such as for highly constrained variable types like covariance matrices, then the sampler is fine,
Chain 1 but if this warning occurs often then your model may be either severely ill-conditioned or misspecified.
Chain 1 
Chain 1 Informational Message: The current Metropolis proposal is about to be rejected because of the following issue:
Chain 1 Exception: neg_binomial_2_lpmf: Location parameter[1] is inf, but must be positive finite! (in 'model_multilevel_transfer_truncated.stan', line 457, column 4 to column 67)
Chain 1 If this warning occurs sporadically, such as for highly constrained variable types like covariance matrices, then the sampler is fine,
Chain 1 but if this warning occurs often then your model may be either severely ill-conditioned or misspecified.
Chain 1 
Chain 1 Informational Message: The current Metropolis proposal is about to be rejected because of the following issue:
Chain 1 Exception: neg_binomial_2_lpmf: Location parameter[1] is inf, but must be positive finite! (in 'model_multilevel_transfer_truncated.stan', line 457, column 4 to column 67)
Chain 1 If this warning occurs sporadically, such as for highly constrained variable types like covariance matrices, then the sampler is fine,
Chain 1 but if this warning occurs often then your model may be either severely ill-conditioned or misspecified.
Chain 1 
Chain 1 Informational Message: The current Metropolis proposal is about to be rejected because of the following issue:
Chain 1 Exception: neg_binomial_2_lpmf: Location parameter[20] is inf, but must be positive finite! (in 'model_multilevel_transfer_truncated.stan', line 457, column 4 to column 67)
Chain 1 If this warning occurs sporadically, such as for highly constrained variable types like covariance matrices, then the sampler is fine,
Chain 1 but if this warning occurs often then your model may be either severely ill-conditioned or misspecified.
Chain 1 
Chain 2 Informational Message: The current Metropolis proposal is about to be rejected because of the following issue:
Chain 2 Exception: neg_binomial_2_lpmf: Location parameter[1] is inf, but must be positive finite! (in 'model_multilevel_transfer_truncated.stan', line 457, column 4 to column 67)
Chain 2 If this warning occurs sporadically, such as for highly constrained variable types like covariance matrices, then the sampler is fine,
Chain 2 but if this warning occurs often then your model may be either severely ill-conditioned or misspecified.
Chain 2 
Chain 2 Informational Message: The current Metropolis proposal is about to be rejected because of the following issue:
Chain 2 Exception: neg_binomial_2_lpmf: Location parameter[1] is inf, but must be positive finite! (in 'model_multilevel_transfer_truncated.stan', line 457, column 4 to column 67)
Chain 2 If this warning occurs sporadically, such as for highly constrained variable types like covariance matrices, then the sampler is fine,
Chain 2 but if this warning occurs often then your model may be either severely ill-conditioned or misspecified.
Chain 2 
Chain 2 Informational Message: The current Metropolis proposal is about to be rejected because of the following issue:
Chain 2 Exception: neg_binomial_2_lpmf: Location parameter[1] is inf, but must be positive finite! (in 'model_multilevel_transfer_truncated.stan', line 457, column 4 to column 67)
Chain 2 If this warning occurs sporadically, such as for highly constrained variable types like covariance matrices, then the sampler is fine,
Chain 2 but if this warning occurs often then your model may be either severely ill-conditioned or misspecified.
Chain 2 
Chain 1 Informational Message: The current Metropolis proposal is about to be rejected because of the following issue:
Chain 1 Exception: neg_binomial_2_lpmf: Location parameter[74] is 0, but must be positive finite! (in 'model_multilevel_transfer_truncated.stan', line 457, column 4 to column 67)
Chain 1 If this warning occurs sporadically, such as for highly constrained variable types like covariance matrices, then the sampler is fine,
Chain 1 but if this warning occurs often then your model may be either severely ill-conditioned or misspecified.
Chain 1 
Chain 2 Informational Message: The current Metropolis proposal is about to be rejected because of the following issue:
Chain 2 Exception: neg_binomial_2_lpmf: Location parameter[112] is inf, but must be positive finite! (in 'model_multilevel_transfer_truncated.stan', line 457, column 4 to column 67)
Chain 2 If this warning occurs sporadically, such as for highly constrained variable types like covariance matrices, then the sampler is fine,
Chain 2 but if this warning occurs often then your model may be either severely ill-conditioned or misspecified.
Chain 2 
Chain 2 Informational Message: The current Metropolis proposal is about to be rejected because of the following issue:
Chain 2 Exception: neg_binomial_2_lpmf: Location parameter[2884] is inf, but must be positive finite! (in 'model_multilevel_transfer_truncated.stan', line 457, column 4 to column 67)
Chain 2 If this warning occurs sporadically, such as for highly constrained variable types like covariance matrices, then the sampler is fine,
Chain 2 but if this warning occurs often then your model may be either severely ill-conditioned or misspecified.
Chain 2 
Chain 2 Iteration:    1 / 3500 [  0%]  (Warmup) 
Chain 2 Informational Message: The current Metropolis proposal is about to be rejected because of the following issue:
Chain 2 Exception: neg_binomial_2_lpmf: Location parameter[1] is -nan, but must be positive finite! (in 'model_multilevel_transfer_truncated.stan', line 457, column 4 to column 67)
Chain 2 If this warning occurs sporadically, such as for highly constrained variable types like covariance matrices, then the sampler is fine,
Chain 2 but if this warning occurs often then your model may be either severely ill-conditioned or misspecified.
Chain 2 
Chain 2 Informational Message: The current Metropolis proposal is about to be rejected because of the following issue:
Chain 2 Exception: neg_binomial_2_lpmf: Location parameter[1] is -nan, but must be positive finite! (in 'model_multilevel_transfer_truncated.stan', line 457, column 4 to column 67)
Chain 2 If this warning occurs sporadically, such as for highly constrained variable types like covariance matrices, then the sampler is fine,
Chain 2 but if this warning occurs often then your model may be either severely ill-conditioned or misspecified.
Chain 2 
Chain 1 Iteration:    1 / 3500 [  0%]  (Warmup) 
Chain 2 Informational Message: The current Metropolis proposal is about to be rejected because of the following issue:
Chain 2 Exception: neg_binomial_2_lpmf: Location parameter[1] is 0, but must be positive finite! (in 'model_multilevel_transfer_truncated.stan', line 457, column 4 to column 67)
Chain 2 If this warning occurs sporadically, such as for highly constrained variable types like covariance matrices, then the sampler is fine,
Chain 2 but if this warning occurs often then your model may be either severely ill-conditioned or misspecified.
Chain 2 
Chain 2 Informational Message: The current Metropolis proposal is about to be rejected because of the following issue:
Chain 2 Exception: neg_binomial_2_lpmf: Location parameter[1] is 0, but must be positive finite! (in 'model_multilevel_transfer_truncated.stan', line 457, column 4 to column 67)
Chain 2 If this warning occurs sporadically, such as for highly constrained variable types like covariance matrices, then the sampler is fine,
Chain 2 but if this warning occurs often then your model may be either severely ill-conditioned or misspecified.
Chain 2 
Chain 1 Informational Message: The current Metropolis proposal is about to be rejected because of the following issue:
Chain 1 Exception: neg_binomial_2_lpmf: Location parameter[1] is -nan, but must be positive finite! (in 'model_multilevel_transfer_truncated.stan', line 457, column 4 to column 67)
Chain 1 If this warning occurs sporadically, such as for highly constrained variable types like covariance matrices, then the sampler is fine,
Chain 1 but if this warning occurs often then your model may be either severely ill-conditioned or misspecified.
Chain 1 
Chain 1 Informational Message: The current Metropolis proposal is about to be rejected because of the following issue:
Chain 1 Exception: neg_binomial_2_lpmf: Location parameter[1] is -nan, but must be positive finite! (in 'model_multilevel_transfer_truncated.stan', line 457, column 4 to column 67)
Chain 1 If this warning occurs sporadically, such as for highly constrained variable types like covariance matrices, then the sampler is fine,
Chain 1 but if this warning occurs often then your model may be either severely ill-conditioned or misspecified.
Chain 1 
Chain 1 Informational Message: The current Metropolis proposal is about to be rejected because of the following issue:
Chain 1 Exception: neg_binomial_2_lpmf: Location parameter[1] is 0, but must be positive finite! (in 'model_multilevel_transfer_truncated.stan', line 457, column 4 to column 67)
Chain 1 If this warning occurs sporadically, such as for highly constrained variable types like covariance matrices, then the sampler is fine,
Chain 1 but if this warning occurs often then your model may be either severely ill-conditioned or misspecified.
Chain 1 
Chain 1 Informational Message: The current Metropolis proposal is about to be rejected because of the following issue:
Chain 1 Exception: neg_binomial_2_lpmf: Location parameter[1] is 0, but must be positive finite! (in 'model_multilevel_transfer_truncated.stan', line 457, column 4 to column 67)
Chain 1 If this warning occurs sporadically, such as for highly constrained variable types like covariance matrices, then the sampler is fine,
Chain 1 but if this warning occurs often then your model may be either severely ill-conditioned or misspecified.
Chain 1 
Chain 2 Iteration:  100 / 3500 [  2%]  (Warmup) 
Chain 1 Iteration:  100 / 3500 [  2%]  (Warmup) 
Chain 2 Iteration:  200 / 3500 [  5%]  (Warmup) 
Chain 1 Iteration:  200 / 3500 [  5%]  (Warmup) 
Chain 2 Iteration:  300 / 3500 [  8%]  (Warmup) 
Chain 1 Iteration:  300 / 3500 [  8%]  (Warmup) 
Chain 2 Iteration:  400 / 3500 [ 11%]  (Warmup) 
Chain 1 Iteration:  400 / 3500 [ 11%]  (Warmup) 
Chain 2 Iteration:  500 / 3500 [ 14%]  (Warmup) 
Chain 1 Iteration:  500 / 3500 [ 14%]  (Warmup) 
Chain 2 Iteration:  600 / 3500 [ 17%]  (Warmup) 
Chain 1 Iteration:  600 / 3500 [ 17%]  (Warmup) 
Chain 2 Iteration:  700 / 3500 [ 20%]  (Warmup) 
Chain 1 Iteration:  700 / 3500 [ 20%]  (Warmup) 
Chain 2 Iteration:  800 / 3500 [ 22%]  (Warmup) 
Chain 1 Iteration:  800 / 3500 [ 22%]  (Warmup) 
Chain 2 Iteration:  900 / 3500 [ 25%]  (Warmup) 
Chain 1 Iteration:  900 / 3500 [ 25%]  (Warmup) 
Chain 2 Iteration: 1000 / 3500 [ 28%]  (Warmup) 
Chain 1 Iteration: 1000 / 3500 [ 28%]  (Warmup) 
Chain 2 Iteration: 1100 / 3500 [ 31%]  (Warmup) 
Chain 1 Iteration: 1100 / 3500 [ 31%]  (Warmup) 
Chain 2 Iteration: 1200 / 3500 [ 34%]  (Warmup) 
Chain 1 Iteration: 1200 / 3500 [ 34%]  (Warmup) 
Chain 2 Iteration: 1300 / 3500 [ 37%]  (Warmup) 
Chain 1 Iteration: 1300 / 3500 [ 37%]  (Warmup) 
Chain 2 Iteration: 1400 / 3500 [ 40%]  (Warmup) 
Chain 1 Iteration: 1400 / 3500 [ 40%]  (Warmup) 
Chain 1 Iteration: 1500 / 3500 [ 42%]  (Warmup) 
Chain 1 Iteration: 1501 / 3500 [ 42%]  (Sampling) 
Chain 2 Iteration: 1500 / 3500 [ 42%]  (Warmup) 
Chain 2 Iteration: 1501 / 3500 [ 42%]  (Sampling) 
Chain 1 Iteration: 1600 / 3500 [ 45%]  (Sampling) 
Chain 2 Iteration: 1600 / 3500 [ 45%]  (Sampling) 
Chain 1 Iteration: 1700 / 3500 [ 48%]  (Sampling) 
Chain 2 Iteration: 1700 / 3500 [ 48%]  (Sampling) 
Chain 1 Iteration: 1800 / 3500 [ 51%]  (Sampling) 
Chain 2 Iteration: 1800 / 3500 [ 51%]  (Sampling) 
Chain 1 Iteration: 1900 / 3500 [ 54%]  (Sampling) 
Chain 2 Iteration: 1900 / 3500 [ 54%]  (Sampling) 
Chain 1 Iteration: 2000 / 3500 [ 57%]  (Sampling) 
Chain 2 Iteration: 2000 / 3500 [ 57%]  (Sampling) 
Chain 1 Iteration: 2100 / 3500 [ 60%]  (Sampling) 
Chain 2 Iteration: 2100 / 3500 [ 60%]  (Sampling) 
Chain 2 Iteration: 2200 / 3500 [ 62%]  (Sampling) 
Chain 1 Iteration: 2200 / 3500 [ 62%]  (Sampling) 
Chain 2 Iteration: 2300 / 3500 [ 65%]  (Sampling) 
Chain 1 Iteration: 2300 / 3500 [ 65%]  (Sampling) 
Chain 2 Iteration: 2400 / 3500 [ 68%]  (Sampling) 
Chain 1 Iteration: 2400 / 3500 [ 68%]  (Sampling) 
Chain 1 Iteration: 2500 / 3500 [ 71%]  (Sampling) 
Chain 2 Iteration: 2500 / 3500 [ 71%]  (Sampling) 
Chain 1 Iteration: 2600 / 3500 [ 74%]  (Sampling) 
Chain 2 Iteration: 2600 / 3500 [ 74%]  (Sampling) 
Chain 1 Iteration: 2700 / 3500 [ 77%]  (Sampling) 
Chain 2 Iteration: 2700 / 3500 [ 77%]  (Sampling) 
Chain 1 Iteration: 2800 / 3500 [ 80%]  (Sampling) 
Chain 2 Iteration: 2800 / 3500 [ 80%]  (Sampling) 
Chain 1 Iteration: 2900 / 3500 [ 82%]  (Sampling) 
Chain 2 Iteration: 2900 / 3500 [ 82%]  (Sampling) 
Chain 1 Iteration: 3000 / 3500 [ 85%]  (Sampling) 
Chain 2 Iteration: 3000 / 3500 [ 85%]  (Sampling) 
Chain 1 Iteration: 3100 / 3500 [ 88%]  (Sampling) 
Chain 2 Iteration: 3100 / 3500 [ 88%]  (Sampling) 
Chain 1 Iteration: 3200 / 3500 [ 91%]  (Sampling) 
Chain 2 Iteration: 3200 / 3500 [ 91%]  (Sampling) 
Chain 2 Iteration: 3300 / 3500 [ 94%]  (Sampling) 
Chain 1 Iteration: 3300 / 3500 [ 94%]  (Sampling) 
Chain 1 Iteration: 3400 / 3500 [ 97%]  (Sampling) 
Chain 2 Iteration: 3400 / 3500 [ 97%]  (Sampling) 
Chain 1 Iteration: 3500 / 3500 [100%]  (Sampling) 
Chain 1 finished in 166064.0 seconds.
Chain 2 Iteration: 3500 / 3500 [100%]  (Sampling) 
Chain 2 finished in 166233.0 seconds.
Warning: 1 chain(s) finished unexpectedly!
The remaining chains had a mean execution time of 166234.8 seconds.
Warning: The returned fit object will only read in results of successful chains. Please use read_cmdstan_csv() to read the results of the failed chains separately.Use the $output(chain_id) method for more output of the failed chains.
Warning: 1 of 4000 (0.0%) transitions ended with a divergence.
See https://mc-stan.org/misc/warnings for details.

Warning: 3999 of 4000 (100.0%) transitions hit the maximum treedepth limit of 10.
See https://mc-stan.org/misc/warnings for details.

[1] "Saving fit object..."
[1] "Calculating summary..."
[1] "Calculating samples..."
[1] "Calculating metadata..."
[1] "Summary of Hyperpriors (mu_*, sigma_*):"
# A tibble: 107 × 10
    variable      mean   median      sd     mad       q5      q95  rhat ess_bulk
    <chr>        <dbl>    <dbl>   <dbl>   <dbl>    <dbl>    <dbl> <dbl>    <dbl>
  1 mu_beta_…  1.45e+0  1.54e+0 3.85    3.86    -4.89e+0  7.70     1.02    119. 
  2 mu_beta_… -5.51e-3 -3.72e-3 0.0434  0.0368  -7.92e-2  0.0637   1.01    122. 
  3 mu_beta_…  2.59e-2  2.47e-2 0.0487  0.0426  -5.03e-2  0.106    1.02     73.6
  4 mu_beta_…  7.88e-2  7.68e-2 0.0731  0.0636  -3.37e-2  0.200    1.04     67.8
  5 mu_beta_…  9.87e-2  1.05e-1 0.609   0.462   -9.73e-1  1.11     1.03     78.9
  6 mu_beta_…  2.47e-2  2.33e-2 0.0611  0.0545  -7.15e-2  0.128    1.01    162. 
  7 mu_beta_… -5.64e-2 -5.93e-2 0.0840  0.0733  -1.88e-1  0.0874   1.04     66.5
  8 mu_beta_…  3.55e-2  2.00e-2 0.331   0.278   -4.56e-1  0.634    1.02     77.2
  9 mu_beta_…  1.40e-2 -1.56e-3 0.328   0.265   -4.74e-1  0.595    1.02     73.6
 10 mu_beta_…  2.67e-2  8.23e-3 0.326   0.264   -4.55e-1  0.619    1.02     75.7
 11 mu_beta_…  3.78e-2  5.48e-2 0.358   0.291   -5.83e-1  0.596    1.01    138. 
 12 mu_beta_… -3.74e-2 -2.27e-2 0.358   0.286   -6.59e-1  0.521    1.01    139. 
 13 mu_beta_… -5.33e-2 -3.53e-2 0.355   0.294   -6.80e-1  0.509    1.01    135. 
 14 mu_beta_…  1.50e-2 -9.42e-4 0.292   0.242   -4.43e-1  0.507    1.02     61.9
 15 mu_beta_… -1.93e-2 -3.03e-2 0.291   0.247   -4.92e-1  0.472    1.03     61.1
 16 mu_beta_… -8.18e-2 -9.60e-2 0.296   0.251   -5.58e-1  0.416    1.02     65.4
 17 mu_beta_… -7.78e-2 -7.25e-2 0.118   0.112   -2.81e-1  0.108    1.01    107. 
 18 mu_beta_…  4.28e-2  5.90e-2 0.365   0.337   -5.95e-1  0.605    1.02     83.3
 19 mu_beta_…  6.31e-2  4.58e-2 0.403   0.354   -6.04e-1  0.771    1.01    134. 
 20 mu_beta_…  1.57e-1  1.41e-1 0.300   0.246   -3.26e-1  0.671    1.02     83.5
 21 mu_beta_… -6.31e-2 -2.80e-2 1.43    1.13    -2.57e+0  2.18     1.00    375. 
 22 mu_beta_…  1.04e-1  5.77e-2 1.38    1.02    -2.20e+0  2.46     1.01    445. 
 23 mu_beta_… -4.62e-1 -4.45e-1 0.847   0.711   -1.77e+0  0.954    1.03     73.7
 24 mu_beta_… -2.07e-1 -1.82e-1 0.696   0.565   -1.31e+0  0.875    1.01    179. 
 25 mu_beta_… -6.35e-2 -9.43e-2 0.650   0.513   -9.64e-1  1.02     1.04     90.2
 26 mu_beta_…  4.02e-1  4.03e-1 0.406   0.397   -2.49e-1  1.08     1.01    127. 
 27 mu_beta_… -2.22e-4 -2.19e-3 0.376   0.352   -6.15e-1  0.624    1.02    131. 
 28 mu_beta_…  2.03e-1  1.75e-1 0.318   0.293   -2.65e-1  0.774    1.01    110. 
 29 mu_beta_…  8.27e-2  4.74e-2 0.330   0.290   -4.09e-1  0.692    1.01    104. 
 30 mu_beta_… -1.06e-1 -1.29e-1 0.387   0.323   -6.89e-1  0.621    1.01     97.8
 31 mu_beta_…  3.47e-2  3.51e-2 0.0772  0.0755  -9.20e-2  0.160    1.02    121. 
 32 mu_beta_… -1.83e-2 -1.79e-2 0.0208  0.0211  -5.25e-2  0.0156   1.00    173. 
 33 mu_beta_…  1.05e-2  1.08e-2 0.0222  0.0227  -2.65e-2  0.0466   1.00    158. 
 34 mu_beta_…  3.82e-2  3.89e-2 0.0226  0.0225   2.85e-4  0.0740   1.01    157. 
 35 mu_beta_…  1.63e-1  1.63e-1 0.0221  0.0221   1.27e-1  0.198    1.00    182. 
 36 mu_beta_…  7.88e-2  8.61e-2 0.594   0.440   -9.81e-1  1.11     1.03     81.8
 37 mu_beta_… -3.92e-2 -3.14e-2 0.594   0.438   -1.10e+0  0.992    1.03     82.0
 38 mu_beta_…  1.14e-1  1.14e-1 0.0566  0.0562   2.05e-2  0.207    1.00    256. 
 39 mu_beta_…  6.20e-2  6.22e-2 0.0107  0.0108   4.47e-2  0.0795   1.00    366. 
 40 mu_beta_… -2.74e-2 -2.76e-2 0.00418 0.00419 -3.40e-2 -0.0205   1.00    503. 
 41 mu_gamma…  9.36e-1  9.64e-1 0.469   0.383    9.65e-2  1.63     1.01    117. 
 42 mu_gamma…  7.55e-2  8.03e-2 1.03    1.03    -1.58e+0  1.77     1.01    378. 
 43 mu_alpha…  3.24e-1  3.08e-1 0.165   0.115    1.09e-1  0.545    1.04     59.8
 44 mu_alpha…  1.51e-1  1.58e-1 0.0578  0.0408   4.65e-2  0.229    1.07     35.4
 45 mu_alpha…  5.61e-2  5.62e-2 0.0127  0.0125   3.53e-2  0.0774   1.00    356. 
 46 mu_alpha…  2.50e-2  2.51e-2 0.0116  0.0116   5.71e-3  0.0434   1.00    308. 
 47 mu_alpha…  5.09e-2  5.09e-2 0.0117  0.0115   3.20e-2  0.0702   1.00    336. 
 48 mu_alpha…  3.43e-2  3.46e-2 0.0121  0.0118   1.38e-2  0.0538   1.01    217. 
 49 mu_alpha…  7.76e-2  7.81e-2 0.0124  0.0122   5.71e-2  0.0976   1.01    215. 
 50 mu_alpha…  8.38e-2  8.36e-2 0.0138  0.0143   6.13e-2  0.107    1.01    217. 
 51 mu_alpha…  8.61e-2  8.64e-2 0.0131  0.0126   6.45e-2  0.107    1.00    266. 
 52 mu_alpha…  8.75e-2  8.72e-2 0.0126  0.0125   6.73e-2  0.109    1.01    294. 
 53 mu_alpha…  8.38e-2  8.39e-2 0.0129  0.0132   6.24e-2  0.105    1.00    294. 
 54 mu_alpha…  6.22e-2  6.23e-2 0.0121  0.0119   4.21e-2  0.0819   1.01    352. 
 55 mu_delta… -1.96e-1 -2.00e-1 0.0977  0.0856  -3.56e-1 -0.0271   1.02    103. 
 56 mu_delta…  4.03e-3 -1.49e-2 0.137   0.105   -1.77e-1  0.273    1.02     83.5
 57 mu_delta… -1.47e-1 -1.48e-1 0.0353  0.0362  -2.06e-1 -0.0914   1.00    253. 
 58 mu_delta… -9.40e-2 -9.36e-2 0.0326  0.0328  -1.49e-1 -0.0404   1.01    216. 
 59 mu_delta… -1.31e-1 -1.32e-1 0.0316  0.0306  -1.83e-1 -0.0788   1.00    248. 
 60 mu_delta… -9.57e-2 -9.56e-2 0.0326  0.0336  -1.50e-1 -0.0436   1.00    262. 
 61 mu_delta… -1.26e-3 -1.59e-3 0.0363  0.0361  -5.89e-2  0.0592   1.01    155. 
 62 mu_delta… -6.05e-2 -6.07e-2 0.0330  0.0337  -1.15e-1 -0.00758  1.00    216. 
 63 mu_delta… -8.26e-2 -8.35e-2 0.0305  0.0304  -1.31e-1 -0.0321   1.00    352. 
 64 mu_delta… -6.61e-2 -6.60e-2 0.0316  0.0310  -1.17e-1 -0.0127   1.00    315. 
 65 mu_delta… -8.01e-2 -8.10e-2 0.0300  0.0295  -1.29e-1 -0.0268   1.01    270. 
 66 mu_delta… -1.96e-2 -2.01e-2 0.0267  0.0277  -6.28e-2  0.0237   1.01    307. 
 67 mu_phi_l…  2.10e+0  2.13e+0 0.376   0.334    1.46e+0  2.68     1.01    106. 
 68 sigma_be…  8.12e-1  7.18e-1 0.560   0.457    1.13e-1  1.82     1.02    138. 
 69 sigma_be…  1.06e-1  9.26e-2 0.0524  0.0350   5.26e-2  0.206    1.02    143. 
 70 sigma_be…  1.23e-1  1.11e-1 0.0521  0.0425   6.49e-2  0.223    1.01    168. 
 71 sigma_be…  2.01e-1  1.77e-1 0.0862  0.0616   1.09e-1  0.378    1.03    121. 
 72 sigma_be…  5.76e-1  5.25e-1 0.209   0.172    3.30e-1  0.987    1.02    190. 
 73 sigma_be…  1.39e-1  1.24e-1 0.0738  0.0553   5.57e-2  0.270    1.01    260. 
 74 sigma_be…  1.85e-1  1.66e-1 0.0906  0.0703   7.89e-2  0.364    1.01    175. 
 75 sigma_be…  2.39e-1  2.12e-1 0.113   0.0830   1.15e-1  0.447    1.02    152. 
 76 sigma_be…  6.71e-2  5.43e-2 0.0590  0.0482   5.19e-3  0.171    1.04     47.6
 77 sigma_be…  9.61e-2  7.87e-2 0.0811  0.0592   1.11e-2  0.232    1.01    139. 
 78 sigma_be…  5.37e-2  4.04e-2 0.0534  0.0391   2.77e-3  0.144    1.02    104. 
 79 sigma_be…  6.43e-2  5.01e-2 0.0582  0.0433   5.58e-3  0.172    1.02    122. 
 80 sigma_be…  6.73e-2  4.99e-2 0.0652  0.0461   4.15e-3  0.191    1.00    197. 
 81 sigma_be…  7.22e-2  5.37e-2 0.0724  0.0484   3.29e-3  0.199    1.01    155. 
 82 sigma_be…  4.74e-2  3.55e-2 0.0459  0.0316   3.67e-3  0.128    1.00    184. 
 83 sigma_be…  7.97e-2  6.71e-2 0.0642  0.0541   7.39e-3  0.195    1.01    185. 
 84 sigma_be…  1.91e-1  1.72e-1 0.0872  0.0663   9.11e-2  0.360    1.01    227. 
 85 sigma_be…  7.89e-2  6.15e-2 0.0699  0.0490   7.42e-3  0.211    1.01    246. 
 86 sigma_be…  2.30e-1  2.04e-1 0.107   0.0786   1.14e-1  0.437    1.01    164. 
 87 sigma_be…  2.43e-1  2.09e-1 0.128   0.0853   1.13e-1  0.491    1.01    136. 
 88 sigma_be…  1.15e+0  7.81e-1 1.51    0.750    7.43e-2  3.35     1.01    381. 
 89 sigma_be…  1.13e+0  7.57e-1 1.46    0.722    7.86e-2  3.37     1.00    388. 
 90 sigma_be…  8.59e-1  6.73e-1 0.773   0.615    5.63e-2  2.27     1.00    180. 
 91 sigma_be…  8.21e-1  6.36e-1 0.789   0.539    8.20e-2  2.20     1.00    348. 
 92 sigma_be…  7.74e-1  5.44e-1 0.814   0.505    5.35e-2  2.21     1.00    371. 
 93 sigma_be…  6.31e-1  5.54e-1 0.322   0.239    2.86e-1  1.24     1.01    250. 
 94 sigma_be…  7.26e-1  6.38e-1 0.360   0.233    3.77e-1  1.33     1.01    148. 
 95 sigma_be…  2.39e-1  2.03e-1 0.150   0.102    8.05e-2  0.532    1.01    181. 
 96 sigma_be…  1.41e-1  1.09e-1 0.125   0.0971   1.12e-2  0.368    1.01    176. 
 97 sigma_be…  1.14e-1  8.32e-2 0.113   0.0837   4.95e-3  0.325    1.02    146. 
 98 sigma_be…  1.73e-2  1.38e-2 0.0157  0.0107   2.17e-3  0.0442   1.00    198. 
 99 sigma_ga…  8.51e-1  7.87e-1 0.525   0.489    1.05e-1  1.80     1.03     77.4
100 sigma_ga…  1.06e+0  7.27e-1 1.29    0.715    6.34e-2  3.10     1.00    320. 
101 sigma_al…  3.29e-1  2.91e-1 0.144   0.0987   1.78e-1  0.628    1.03    150. 
102 sigma_al…  1.19e-1  1.01e-1 0.0653  0.0415   5.56e-2  0.247    1.02    119. 
103 sigma_de…  2.11e-1  1.90e-1 0.104   0.0757   9.96e-2  0.399    1.02    212. 
104 sigma_de…  2.66e-1  2.35e-1 0.126   0.0885   1.33e-1  0.498    1.02    123. 
105 sigma_ph…  9.62e-1  8.88e-1 0.337   0.273    5.69e-1  1.61     1.04     84.6
106 sigma_ga…  1.03e+0  7.02e-1 1.20    0.707    3.91e-2  3.03     1.01    331. 
107 sigma_ga…  1.20e+0  8.00e-1 2.87    0.717    9.22e-2  3.08     1.02    315. 
# ℹ 1 more variable: ess_tail <dbl>
[1] "Calculating lambda_mean..."
[1] "Calculating lambda_test_mean..."
[1] "Calculating y_rep_mean..."
[1] "Calculating y_test_rep_mean..."
[1] "Generating plots..."
[1] "exposure_2HRX9P6HKXA8V_1" "exposure_ED5J990H5VAZT_1"
[3] "exposure_JHDN7CF1C03X5_1" "exposure_L69HYJ4Y3TR91_1"
[5] "exposure_SRQS8F7JWA9MZ_1" "exposure_W8T41JZK0ZMEP_1"
[1] 6
Adding missing grouping variables: `location_id_num`
[1] "Skipping daily plot for SRQS8F7JWA9MZ due to missing daily data."
[1] "Skipping daily plot for 2HRX9P6HKXA8V due to missing daily data."
[1] "Skipping daily plot for JHDN7CF1C03X5 due to missing daily data."
[1] "Skipping daily plot for L69HYJ4Y3TR91 due to missing daily data."
[1] "Skipping daily plot for ED5J990H5VAZT due to missing daily data."
[1] "Skipping daily plot for W8T41JZK0ZMEP due to missing daily data."
[1] "Skipping MLflow logging as existing fit file was loaded."
[1] "Done."
           used (Mb) gc trigger   (Mb)  max used   (Mb)
Ncells  5129959  274    7664428  409.4   7664428  409.4
Vcells 10747250   82  745158602 5685.2 931448252 7106.4
Warning messages:
1: Dropping 'draws_df' class as required metadata was removed. 
2: Dropping 'draws_df' class as required metadata was removed. 
3: Dropping 'draws_df' class as required metadata was removed. 
4: Dropping 'draws_df' class as required metadata was removed. 
