- The project is out-of-sync -- use `renv::status()` for details.
Warning message:
renv took longer than expected (27 seconds) to activate the sandbox.

The sandbox can be disabled by setting:

    RENV_CONFIG_SANDBOX_ENABLED = FALSE

within an appropriate start-up .Renviron file.

See `?renv::config` for more details. 
── Attaching core tidyverse packages ──────────────────────── tidyverse 2.0.0 ──
✔ dplyr     1.1.4     ✔ readr     2.1.5
✔ forcats   1.0.0     ✔ stringr   1.5.1
✔ ggplot2   3.5.1     ✔ tibble    3.2.1
✔ lubridate 1.9.4     ✔ tidyr     1.3.1
✔ purrr     1.0.4     
[conflicted] Will prefer dplyr::select over any other package.
[conflicted] Will prefer dplyr::filter over any other package.
[conflicted] Will prefer lubridate::year over any other package.
[conflicted] Will prefer lubridate::month over any other package.
[conflicted] Will prefer purrr::map over any other package.
[conflicted] Will prefer stats::sd over any other package.
[conflicted] Will prefer base::match over any other package.
This is cmdstanr version 0.9.0
- CmdStanR documentation and vignettes: mc-stan.org/cmdstanr
- CmdStan path: /home/nuttidalab/.cmdstan/cmdstan-2.36.0
- CmdStan version: 2.36.0

A newer version of CmdStan is available. See ?install_cmdstan() to install it.
To disable this check set option or environment variable cmdstanr_no_ver_check=TRUE.
This is posterior version 1.6.0
Registered S3 method overwritten by 'tsibble':
  method               from 
  as_tibble.grouped_df dplyr
── Attaching packages ──────────────────────────────────────────── fpp3 1.0.1 ──
✔ tsibble     1.1.6     ✔ feasts      0.4.1
✔ tsibbledata 0.4.1     ✔ fable       0.4.1
Loading required package: R.oo
Loading required package: R.methodsS3
R.methodsS3 v1.8.2 (2022-06-13 22:00:14 UTC) successfully loaded. See ?R.methodsS3 for help.
R.oo v1.27.0 (2024-11-01 18:00:02 UTC) successfully loaded. See ?R.oo for help.

Attaching package: ‘R.oo’

The following object is masked from ‘package:R.methodsS3’:

    throw

The following object is masked from ‘package:shiny’:

    printStackTrace

The following object is masked from ‘package:renv’:

    load

The following objects are masked from ‘package:methods’:

    getClasses, getMethods

The following objects are masked from ‘package:base’:

    attach, detach, load, save

R.utils v2.13.0 (2025-02-24 21:20:02 UTC) successfully loaded. See ?R.utils for help.
Registered S3 method overwritten by 'quantmod':
  method            from
  as.zoo.data.frame zoo 
Registered S3 methods overwritten by 'bayesforecast':
  method      from    
  autoplot.ts forecast
  forecast.ts forecast
  fortify.ts  forecast
  print.garch tseries 
[1] "# of rows: 34628"
[1] "# of rows: 8741"
[1] "Found 6 exposure columns in the data: exposure_2HRX9P6HKXA8V_1, exposure_ED5J990H5VAZT_1, exposure_JHDN7CF1C03X5_1, exposure_L69HYJ4Y3TR91_1, exposure_SRQS8F7JWA9MZ_1, exposure_W8T41JZK0ZMEP_1"
Numeric columns considered for scaling:
vegan_window_sum_item_quantity,
vegetarian_window_sum_item_quantity,
meat_window_sum_item_quantity,
vegan_window_avg_item_price,
vegetarian_window_avg_item_price,
meat_window_avg_item_price,
breakfast_p_window_avg_item_price,
textured_p_window_avg_item_price,
untextured_p_window_avg_item_price,
chicken_p_window_avg_item_price,
dairy_p_window_avg_item_price,
egg_p_window_avg_item_price,
breakfast_window_avg_item_price,
textured_window_avg_item_price,
untextured_window_avg_item_price,
breakfast_t2_window_avg_item_price,
textured_t2_window_avg_item_price,
untextured_t2_window_avg_item_price,
chicken_t2_window_avg_item_price,
dairy_t2_window_avg_item_price,
day_of_month,
Value,
vegan_price_real,
vegetarian_price_real,
meat_price_real,
breakfast_p_price_real,
textured_p_price_real,
untextured_p_price_real,
chicken_p_price_real,
dairy_p_price_real,
egg_p_price_real,
breakfast_price_real,
textured_price_real,
untextured_price_real,
breakfast_t2_price_real,
textured_t2_price_real,
untextured_t2_price_real,
chicken_t2_price_real,
dairy_t2_price_real,
inflation,
temp,
precip[1] "Successfully created `expo_to_rest` mapping."
[1] "Successfully created `expo_to_param` mapping."
Identified 6 exposure columns in the design matrix: 
exposure_2HRX9P6HKXA8V_1, 
exposure_ED5J990H5VAZT_1, 
exposure_JHDN7CF1C03X5_1, 
exposure_L69HYJ4Y3TR91_1, 
exposure_SRQS8F7JWA9MZ_1, 
exposure_W8T41JZK0ZMEP_1
Identified 30 random beta columns: 
vegan_price_real, 
vegetarian_price_real, 
meat_price_real, 
weekend, 
holiday_window, 
month_cat2, 
month_cat3, 
month_cat4, 
month_cat5, 
month_cat6, 
month_cat7, 
month_cat8, 
month_cat9, 
month_cat10, 
month_cat11, 
month_cat12, 
seasonspring, 
seasonsummer, 
seasonwinter, 
year_cat2014, 
year_cat2015, 
year_cat2016, 
year_cat2017, 
year_cat2018, 
year_cat2019, 
year_cat2020, 
year_cat2021, 
year_cat2022, 
year_cat2023, 
date_num
Identified 9 fixed beta columns: 
day_of_week_cat1, 
day_of_week_cat2, 
day_of_week_cat3, 
day_of_week_cat4, 
day_of_week_cat5, 
day_of_week_cat6, 
inflation, 
temp, 
precip
Identified 2 random alpha indices (positions): 
1, 7
Identified 2 random delta indices (positions): 
1, 7
[1] "Open-day filtering: using 7579 of 8300 train obs, 414 of 441 test obs"
$R
[1] 6

$J
[1] 46

$p_effective
[1] 12

$q_effective
[1] 12

$M
[1] 2

$idx_intercept
[1] 1

$K_beta_random
[1] 30

$idx_beta_random
[1] 2 3 4 5 6 7

$K_beta_fixed
[1] 9

$idx_beta_fixed
[1] 32 33 34 35 36 37

$K_exposure
[1] 6

$idx_exposure
[1] 41 42 43 44 45 46

$expo_to_rest
[1] 2 5 3 4 1 6

$expo_to_param
[1] 1 1 1 1 1 1

$effective_lags_alpha
[1] 1 2 3 4 5 6

$K_alpha_random
[1] 2

$idx_alpha_random
[1] 1 7

$K_alpha_fixed
[1] 10

$idx_alpha_fixed
[1] 2 3 4 5 6 8

$effective_lags_delta
[1] 1 2 3 4 5 6

$K_delta_random
[1] 2

$idx_delta_random
[1] 1 7

$K_delta_fixed
[1] 10

$idx_delta_fixed
[1] 2 3 4 5 6 8

$N_train
[1] 8300

$X_train
  (Intercept) vegan_price_real vegetarian_price_real meat_price_real weekend
1           1         -5.14667              -1.48268       -1.478171       0
2           1         -5.14667              -1.48268       -1.347067       0
3           1         -5.14667              -1.48268       -1.609274       0
4           1         -5.14667              -1.48268       -1.609274       1
5           1         -5.14667              -1.48268       -1.609274       1
6           1         -5.14667              -1.48268       -1.425729       0
  holiday_window month_cat2 month_cat3 month_cat4 month_cat5 month_cat6
1              0          0          0          0          1          0
2              0          0          0          0          1          0
3              0          0          0          0          1          0
4              0          0          0          0          1          0
5              0          0          0          0          1          0
6              0          0          0          0          1          0
  month_cat7 month_cat8 month_cat9 month_cat10 month_cat11 month_cat12
1          0          0          0           0           0           0
2          0          0          0           0           0           0
3          0          0          0           0           0           0
4          0          0          0           0           0           0
5          0          0          0           0           0           0
6          0          0          0           0           0           0
  seasonspring seasonsummer seasonwinter year_cat2014 year_cat2015 year_cat2016
1            1            0            0            0            0            0
2            1            0            0            0            0            0
3            1            0            0            0            0            0
4            1            0            0            0            0            0
5            1            0            0            0            0            0
6            1            0            0            0            0            0
  year_cat2017 year_cat2018 year_cat2019 year_cat2020 year_cat2021 year_cat2022
1            0            0            1            0            0            0
2            0            0            1            0            0            0
3            0            0            1            0            0            0
4            0            0            1            0            0            0
5            0            0            1            0            0            0
6            0            0            1            0            0            0
  year_cat2023 date_num day_of_week_cat1 day_of_week_cat2 day_of_week_cat3
1            0 49.32786                0                1                0
2            0 49.33060                0                0                1
3            0 49.33333                0                0                0
4            0 49.33607                0                0                0
5            0 49.33881                0                0                0
6            0 49.34155                0                0                0
  day_of_week_cat4 day_of_week_cat5 day_of_week_cat6 inflation          temp
1                0                0                0 -1.272144 -3.242225e-01
2                0                0                0 -1.272144 -3.748844e-01
3                1                0                0 -1.272144 -1.621043e-01
4                0                1                0 -1.272144  1.382317e-05
5                0                0                1 -1.272144  1.722643e-01
6                0                0                0 -1.272144  5.167654e-01
       precip exposure_2HRX9P6HKXA8V_1 exposure_ED5J990H5VAZT_1
1  2.41288781                        0                        0
2  0.02723881                        0                        0
3  1.62378853                        0                        0
4 -0.33978411                        0                        0
5 -0.41318870                        0                        0
6 -0.41318870                        0                        0
  exposure_JHDN7CF1C03X5_1 exposure_L69HYJ4Y3TR91_1 exposure_SRQS8F7JWA9MZ_1
1                        0                        0                        3
2                        0                        0                        3
3                        0                        0                        3
4                        0                        0                        3
5                        0                        0                        3
6                        0                        0                        3
  exposure_W8T41JZK0ZMEP_1
1                        0
2                        0
3                        0
4                        0
5                        0
6                        0

$y_train
[1] 21 12 18  0  0 15

$idx_to_rest_train
[1] 1 1 1 1 1 1

$train_start_idx
[1]    1 1467 3048 4343 4616 7107

$train_end_idx
[1] 1466 3047 4342 4615 7106 8300

$N_test
[1] 441

$X_test
  (Intercept) vegan_price_real vegetarian_price_real meat_price_real weekend
1           1        1.1547975              2.057063        2.331697       1
2           1       -0.7727103              1.804772        2.260708       1
3           1        1.1547975              1.865474        2.539707       0
4           1        0.3516693              1.859693        2.905626       0
5           1       -2.4592797              1.003850        2.615725       0
6           1       -0.4514590              2.224164        2.612323       0
  holiday_window month_cat2 month_cat3 month_cat4 month_cat5 month_cat6
1              0          0          0          0          1          0
2              0          0          0          0          1          0
3              0          0          0          0          1          0
4              0          0          0          0          1          0
5              0          0          0          0          1          0
6              0          0          0          0          1          0
  month_cat7 month_cat8 month_cat9 month_cat10 month_cat11 month_cat12
1          0          0          0           0           0           0
2          0          0          0           0           0           0
3          0          0          0           0           0           0
4          0          0          0           0           0           0
5          0          0          0           0           0           0
6          0          0          0           0           0           0
  seasonspring seasonsummer seasonwinter year_cat2014 year_cat2015 year_cat2016
1            1            0            0            0            0            0
2            1            0            0            0            0            0
3            1            0            0            0            0            0
4            1            0            0            0            0            0
5            1            0            0            0            0            0
6            1            0            0            0            0            0
  year_cat2017 year_cat2018 year_cat2019 year_cat2020 year_cat2021 year_cat2022
1            0            0            0            0            0            0
2            0            0            0            0            0            0
3            0            0            0            0            0            0
4            0            0            0            0            0            0
5            0            0            0            0            0            0
6            0            0            0            0            0            0
  year_cat2023 date_num day_of_week_cat1 day_of_week_cat2 day_of_week_cat3
1            1 53.34155                0                0                0
2            1 53.34428                0                0                0
3            1 53.34702                0                0                0
4            1 53.34976                1                0                0
5            1 53.35250                0                1                0
6            1 53.35524                0                0                1
  day_of_week_cat4 day_of_week_cat5 day_of_week_cat6 inflation      temp
1                0                1                0   2.07598 0.2634558
2                0                0                1   2.07598 0.3343825
3                0                0                0   2.07598 0.4154416
4                0                0                0   2.07598 0.2330587
5                0                0                0   2.07598 0.3343825
6                0                0                0   2.07598 0.8916636
      precip exposure_2HRX9P6HKXA8V_1 exposure_ED5J990H5VAZT_1
1 -0.4131887                        0                        0
2  1.6237885                        0                        0
3 -0.4131887                        0                        0
4 -0.4131887                        0                        0
5 -0.4131887                        0                        0
6 -0.4131887                        0                        0
  exposure_JHDN7CF1C03X5_1 exposure_L69HYJ4Y3TR91_1 exposure_SRQS8F7JWA9MZ_1
1                        0                        0                        6
2                        0                        0                        6
3                        0                        0                        6
4                        0                        0                        6
5                        0                        0                        6
6                        0                        0                        6
  exposure_W8T41JZK0ZMEP_1
1                        0
2                        0
3                        0
4                        0
5                        0
6                        0

$y_test
[1] 324 169  85 105 115 111

$idx_to_rest_test
[1] 1 1 1 1 1 1

$test_start_idx
[1]   1  79 163 232 247 379

$test_end_idx
[1]  78 162 231 246 378 441

$mu_gamma_scale
[1] 1

$sigma_gamma_between_scale
[1] 1

$sigma_gamma_within_scale
[1] 1

$mu_beta_scale
[1] 1

$sigma_beta_scale
[1] 1

$mu_alpha_scale
[1] 1

$sigma_alpha_scale
[1] 1

$mu_delta_scale
[1] 1

$sigma_delta_scale
[1] 1

$mu_phi_log_scale
[1] 2

$sigma_phi_log_scale
[1] 1

$z_eta_scale
[1] 1

$z_gamma_scale
[1] 1

$z_beta_scale
[1] 1

$z_alpha_scale
[1] 1

$z_delta_scale
[1] 1

$z_phi_scale
[1] 1

$apply_truncation
[1] 1

$N_total_nonzero
[1] 7579

$idx_total_nonzero
[1] 1 2 3 6 7 8

$N_total_nonzero_test
[1] 414

$idx_total_nonzero_test
[1] 1 2 3 4 5 6

[1] "Using Stan model: model_multilevel_transfer_truncated.stan"
[1] "Fitting the multilevel model..."
Running MCMC with 3 parallel chains...

Chain 1 Informational Message: The current Metropolis proposal is about to be rejected because of the following issue:
Chain 1 Exception: neg_binomial_2_lpmf: Location parameter[1] is -nan, but must be positive finite! (in 'model_multilevel_transfer_truncated.stan', line 457, column 4 to column 67)
Chain 1 If this warning occurs sporadically, such as for highly constrained variable types like covariance matrices, then the sampler is fine,
Chain 1 but if this warning occurs often then your model may be either severely ill-conditioned or misspecified.
Chain 1 
Chain 1 Informational Message: The current Metropolis proposal is about to be rejected because of the following issue:
Chain 1 Exception: neg_binomial_2_lpmf: Location parameter[1] is -nan, but must be positive finite! (in 'model_multilevel_transfer_truncated.stan', line 457, column 4 to column 67)
Chain 1 If this warning occurs sporadically, such as for highly constrained variable types like covariance matrices, then the sampler is fine,
Chain 1 but if this warning occurs often then your model may be either severely ill-conditioned or misspecified.
Chain 1 
Chain 2 Informational Message: The current Metropolis proposal is about to be rejected because of the following issue:
Chain 2 Exception: neg_binomial_2_lpmf: Location parameter[1] is -nan, but must be positive finite! (in 'model_multilevel_transfer_truncated.stan', line 457, column 4 to column 67)
Chain 2 If this warning occurs sporadically, such as for highly constrained variable types like covariance matrices, then the sampler is fine,
Chain 2 but if this warning occurs often then your model may be either severely ill-conditioned or misspecified.
Chain 2 
Chain 2 Informational Message: The current Metropolis proposal is about to be rejected because of the following issue:
Chain 2 Exception: neg_binomial_2_lpmf: Location parameter[1] is -nan, but must be positive finite! (in 'model_multilevel_transfer_truncated.stan', line 457, column 4 to column 67)
Chain 2 If this warning occurs sporadically, such as for highly constrained variable types like covariance matrices, then the sampler is fine,
Chain 2 but if this warning occurs often then your model may be either severely ill-conditioned or misspecified.
Chain 2 
Chain 2 Informational Message: The current Metropolis proposal is about to be rejected because of the following issue:
Chain 2 Exception: neg_binomial_2_lpmf: Location parameter[1] is -nan, but must be positive finite! (in 'model_multilevel_transfer_truncated.stan', line 457, column 4 to column 67)
Chain 2 If this warning occurs sporadically, such as for highly constrained variable types like covariance matrices, then the sampler is fine,
Chain 2 but if this warning occurs often then your model may be either severely ill-conditioned or misspecified.
Chain 2 
Chain 2 Informational Message: The current Metropolis proposal is about to be rejected because of the following issue:
Chain 2 Exception: neg_binomial_2_lpmf: Location parameter[1] is -nan, but must be positive finite! (in 'model_multilevel_transfer_truncated.stan', line 457, column 4 to column 67)
Chain 2 If this warning occurs sporadically, such as for highly constrained variable types like covariance matrices, then the sampler is fine,
Chain 2 but if this warning occurs often then your model may be either severely ill-conditioned or misspecified.
Chain 2 
Chain 3 Rejecting initial value:
Chain 3   Error evaluating the log probability at the initial value.
Chain 3 Exception: neg_binomial_2_lpmf: Location parameter[3032] is inf, but must be positive finite! (in 'model_multilevel_transfer_truncated.stan', line 457, column 4 to column 67)
Chain 3 Exception: neg_binomial_2_lpmf: Location parameter[3032] is inf, but must be positive finite! (in 'model_multilevel_transfer_truncated.stan', line 457, column 4 to column 67)
Chain 3 User-specified initialization failed.
Chain 3  Try specifying new initial values, using partially specialized initialization, reducing the range of constrained values, or reparameterizing the model.
Chain 3 Initialization failed.
Warning: Chain 3 finished unexpectedly!

Chain 1 Informational Message: The current Metropolis proposal is about to be rejected because of the following issue:
Chain 1 Exception: neg_binomial_2_lpmf: Location parameter[1] is -nan, but must be positive finite! (in 'model_multilevel_transfer_truncated.stan', line 457, column 4 to column 67)
Chain 1 If this warning occurs sporadically, such as for highly constrained variable types like covariance matrices, then the sampler is fine,
Chain 1 but if this warning occurs often then your model may be either severely ill-conditioned or misspecified.
Chain 1 
Chain 1 Informational Message: The current Metropolis proposal is about to be rejected because of the following issue:
Chain 1 Exception: neg_binomial_2_lpmf: Location parameter[1] is -nan, but must be positive finite! (in 'model_multilevel_transfer_truncated.stan', line 457, column 4 to column 67)
Chain 1 If this warning occurs sporadically, such as for highly constrained variable types like covariance matrices, then the sampler is fine,
Chain 1 but if this warning occurs often then your model may be either severely ill-conditioned or misspecified.
Chain 1 
Chain 1 Informational Message: The current Metropolis proposal is about to be rejected because of the following issue:
Chain 1 Exception: neg_binomial_2_lpmf: Location parameter[1] is -nan, but must be positive finite! (in 'model_multilevel_transfer_truncated.stan', line 457, column 4 to column 67)
Chain 1 If this warning occurs sporadically, such as for highly constrained variable types like covariance matrices, then the sampler is fine,
Chain 1 but if this warning occurs often then your model may be either severely ill-conditioned or misspecified.
Chain 1 
Chain 1 Informational Message: The current Metropolis proposal is about to be rejected because of the following issue:
Chain 1 Exception: neg_binomial_2_lpmf: Location parameter[1] is inf, but must be positive finite! (in 'model_multilevel_transfer_truncated.stan', line 457, column 4 to column 67)
Chain 1 If this warning occurs sporadically, such as for highly constrained variable types like covariance matrices, then the sampler is fine,
Chain 1 but if this warning occurs often then your model may be either severely ill-conditioned or misspecified.
Chain 1 
Chain 2 Informational Message: The current Metropolis proposal is about to be rejected because of the following issue:
Chain 2 Exception: neg_binomial_2_lpmf: Location parameter[1] is -nan, but must be positive finite! (in 'model_multilevel_transfer_truncated.stan', line 457, column 4 to column 67)
Chain 2 If this warning occurs sporadically, such as for highly constrained variable types like covariance matrices, then the sampler is fine,
Chain 2 but if this warning occurs often then your model may be either severely ill-conditioned or misspecified.
Chain 2 
Chain 1 Informational Message: The current Metropolis proposal is about to be rejected because of the following issue:
Chain 1 Exception: neg_binomial_2_lpmf: Location parameter[1] is inf, but must be positive finite! (in 'model_multilevel_transfer_truncated.stan', line 457, column 4 to column 67)
Chain 1 If this warning occurs sporadically, such as for highly constrained variable types like covariance matrices, then the sampler is fine,
Chain 1 but if this warning occurs often then your model may be either severely ill-conditioned or misspecified.
Chain 1 
Chain 1 Informational Message: The current Metropolis proposal is about to be rejected because of the following issue:
Chain 1 Exception: neg_binomial_2_lpmf: Location parameter[1] is inf, but must be positive finite! (in 'model_multilevel_transfer_truncated.stan', line 457, column 4 to column 67)
Chain 1 If this warning occurs sporadically, such as for highly constrained variable types like covariance matrices, then the sampler is fine,
Chain 1 but if this warning occurs often then your model may be either severely ill-conditioned or misspecified.
Chain 1 
Chain 2 Informational Message: The current Metropolis proposal is about to be rejected because of the following issue:
Chain 2 Exception: neg_binomial_2_lpmf: Location parameter[1] is inf, but must be positive finite! (in 'model_multilevel_transfer_truncated.stan', line 457, column 4 to column 67)
Chain 2 If this warning occurs sporadically, such as for highly constrained variable types like covariance matrices, then the sampler is fine,
Chain 2 but if this warning occurs often then your model may be either severely ill-conditioned or misspecified.
Chain 2 
Chain 1 Informational Message: The current Metropolis proposal is about to be rejected because of the following issue:
Chain 1 Exception: neg_binomial_2_lpmf: Location parameter[1] is inf, but must be positive finite! (in 'model_multilevel_transfer_truncated.stan', line 457, column 4 to column 67)
Chain 1 If this warning occurs sporadically, such as for highly constrained variable types like covariance matrices, then the sampler is fine,
Chain 1 but if this warning occurs often then your model may be either severely ill-conditioned or misspecified.
Chain 1 
Chain 2 Informational Message: The current Metropolis proposal is about to be rejected because of the following issue:
Chain 2 Exception: neg_binomial_2_lpmf: Location parameter[1] is inf, but must be positive finite! (in 'model_multilevel_transfer_truncated.stan', line 457, column 4 to column 67)
Chain 2 If this warning occurs sporadically, such as for highly constrained variable types like covariance matrices, then the sampler is fine,
Chain 2 but if this warning occurs often then your model may be either severely ill-conditioned or misspecified.
Chain 2 
Chain 1 Informational Message: The current Metropolis proposal is about to be rejected because of the following issue:
Chain 1 Exception: neg_binomial_2_lpmf: Location parameter[1] is inf, but must be positive finite! (in 'model_multilevel_transfer_truncated.stan', line 457, column 4 to column 67)
Chain 1 If this warning occurs sporadically, such as for highly constrained variable types like covariance matrices, then the sampler is fine,
Chain 1 but if this warning occurs often then your model may be either severely ill-conditioned or misspecified.
Chain 1 
Chain 1 Informational Message: The current Metropolis proposal is about to be rejected because of the following issue:
Chain 1 Exception: neg_binomial_2_lpmf: Location parameter[1] is inf, but must be positive finite! (in 'model_multilevel_transfer_truncated.stan', line 457, column 4 to column 67)
Chain 1 If this warning occurs sporadically, such as for highly constrained variable types like covariance matrices, then the sampler is fine,
Chain 1 but if this warning occurs often then your model may be either severely ill-conditioned or misspecified.
Chain 1 
Chain 2 Informational Message: The current Metropolis proposal is about to be rejected because of the following issue:
Chain 2 Exception: neg_binomial_2_lpmf: Location parameter[1] is inf, but must be positive finite! (in 'model_multilevel_transfer_truncated.stan', line 457, column 4 to column 67)
Chain 2 If this warning occurs sporadically, such as for highly constrained variable types like covariance matrices, then the sampler is fine,
Chain 2 but if this warning occurs often then your model may be either severely ill-conditioned or misspecified.
Chain 2 
Chain 1 Informational Message: The current Metropolis proposal is about to be rejected because of the following issue:
Chain 1 Exception: neg_binomial_2_lpmf: Location parameter[134] is inf, but must be positive finite! (in 'model_multilevel_transfer_truncated.stan', line 457, column 4 to column 67)
Chain 1 If this warning occurs sporadically, such as for highly constrained variable types like covariance matrices, then the sampler is fine,
Chain 1 but if this warning occurs often then your model may be either severely ill-conditioned or misspecified.
Chain 1 
Chain 2 Informational Message: The current Metropolis proposal is about to be rejected because of the following issue:
Chain 2 Exception: neg_binomial_2_lpmf: Location parameter[1] is inf, but must be positive finite! (in 'model_multilevel_transfer_truncated.stan', line 457, column 4 to column 67)
Chain 2 If this warning occurs sporadically, such as for highly constrained variable types like covariance matrices, then the sampler is fine,
Chain 2 but if this warning occurs often then your model may be either severely ill-conditioned or misspecified.
Chain 2 
Chain 2 Informational Message: The current Metropolis proposal is about to be rejected because of the following issue:
Chain 2 Exception: neg_binomial_2_lpmf: Location parameter[1] is inf, but must be positive finite! (in 'model_multilevel_transfer_truncated.stan', line 457, column 4 to column 67)
Chain 2 If this warning occurs sporadically, such as for highly constrained variable types like covariance matrices, then the sampler is fine,
Chain 2 but if this warning occurs often then your model may be either severely ill-conditioned or misspecified.
Chain 2 
Chain 2 Informational Message: The current Metropolis proposal is about to be rejected because of the following issue:
Chain 2 Exception: neg_binomial_2_lpmf: Location parameter[1] is inf, but must be positive finite! (in 'model_multilevel_transfer_truncated.stan', line 457, column 4 to column 67)
Chain 2 If this warning occurs sporadically, such as for highly constrained variable types like covariance matrices, then the sampler is fine,
Chain 2 but if this warning occurs often then your model may be either severely ill-conditioned or misspecified.
Chain 2 
Chain 1 Iteration:    1 / 3500 [  0%]  (Warmup) 
Chain 2 Informational Message: The current Metropolis proposal is about to be rejected because of the following issue:
Chain 2 Exception: neg_binomial_2_lpmf: Location parameter[168] is inf, but must be positive finite! (in 'model_multilevel_transfer_truncated.stan', line 457, column 4 to column 67)
Chain 2 If this warning occurs sporadically, such as for highly constrained variable types like covariance matrices, then the sampler is fine,
Chain 2 but if this warning occurs often then your model may be either severely ill-conditioned or misspecified.
Chain 2 
Chain 1 Informational Message: The current Metropolis proposal is about to be rejected because of the following issue:
Chain 1 Exception: neg_binomial_2_lpmf: Location parameter[1] is -nan, but must be positive finite! (in 'model_multilevel_transfer_truncated.stan', line 457, column 4 to column 67)
Chain 1 If this warning occurs sporadically, such as for highly constrained variable types like covariance matrices, then the sampler is fine,
Chain 1 but if this warning occurs often then your model may be either severely ill-conditioned or misspecified.
Chain 1 
Chain 1 Informational Message: The current Metropolis proposal is about to be rejected because of the following issue:
Chain 1 Exception: neg_binomial_2_lpmf: Location parameter[1] is -nan, but must be positive finite! (in 'model_multilevel_transfer_truncated.stan', line 457, column 4 to column 67)
Chain 1 If this warning occurs sporadically, such as for highly constrained variable types like covariance matrices, then the sampler is fine,
Chain 1 but if this warning occurs often then your model may be either severely ill-conditioned or misspecified.
Chain 1 
Chain 2 Iteration:    1 / 3500 [  0%]  (Warmup) 
Chain 1 Informational Message: The current Metropolis proposal is about to be rejected because of the following issue:
Chain 1 Exception: neg_binomial_2_lpmf: Location parameter[1] is 0, but must be positive finite! (in 'model_multilevel_transfer_truncated.stan', line 457, column 4 to column 67)
Chain 1 If this warning occurs sporadically, such as for highly constrained variable types like covariance matrices, then the sampler is fine,
Chain 1 but if this warning occurs often then your model may be either severely ill-conditioned or misspecified.
Chain 1 
Chain 1 Informational Message: The current Metropolis proposal is about to be rejected because of the following issue:
Chain 1 Exception: neg_binomial_2_lpmf: Location parameter[1] is 0, but must be positive finite! (in 'model_multilevel_transfer_truncated.stan', line 457, column 4 to column 67)
Chain 1 If this warning occurs sporadically, such as for highly constrained variable types like covariance matrices, then the sampler is fine,
Chain 1 but if this warning occurs often then your model may be either severely ill-conditioned or misspecified.
Chain 1 
Chain 2 Informational Message: The current Metropolis proposal is about to be rejected because of the following issue:
Chain 2 Exception: neg_binomial_2_lpmf: Location parameter[1] is -nan, but must be positive finite! (in 'model_multilevel_transfer_truncated.stan', line 457, column 4 to column 67)
Chain 2 If this warning occurs sporadically, such as for highly constrained variable types like covariance matrices, then the sampler is fine,
Chain 2 but if this warning occurs often then your model may be either severely ill-conditioned or misspecified.
Chain 2 
Chain 2 Informational Message: The current Metropolis proposal is about to be rejected because of the following issue:
Chain 2 Exception: neg_binomial_2_lpmf: Location parameter[1] is -nan, but must be positive finite! (in 'model_multilevel_transfer_truncated.stan', line 457, column 4 to column 67)
Chain 2 If this warning occurs sporadically, such as for highly constrained variable types like covariance matrices, then the sampler is fine,
Chain 2 but if this warning occurs often then your model may be either severely ill-conditioned or misspecified.
Chain 2 
Chain 2 Informational Message: The current Metropolis proposal is about to be rejected because of the following issue:
Chain 2 Exception: neg_binomial_2_lpmf: Location parameter[1] is 0, but must be positive finite! (in 'model_multilevel_transfer_truncated.stan', line 457, column 4 to column 67)
Chain 2 If this warning occurs sporadically, such as for highly constrained variable types like covariance matrices, then the sampler is fine,
Chain 2 but if this warning occurs often then your model may be either severely ill-conditioned or misspecified.
Chain 2 
Chain 2 Informational Message: The current Metropolis proposal is about to be rejected because of the following issue:
Chain 2 Exception: neg_binomial_2_lpmf: Location parameter[1] is 0, but must be positive finite! (in 'model_multilevel_transfer_truncated.stan', line 457, column 4 to column 67)
Chain 2 If this warning occurs sporadically, such as for highly constrained variable types like covariance matrices, then the sampler is fine,
Chain 2 but if this warning occurs often then your model may be either severely ill-conditioned or misspecified.
Chain 2 
Chain 1 Iteration:  100 / 3500 [  2%]  (Warmup) 
Chain 2 Iteration:  100 / 3500 [  2%]  (Warmup) 
Chain 1 Iteration:  200 / 3500 [  5%]  (Warmup) 
Chain 2 Iteration:  200 / 3500 [  5%]  (Warmup) 
Chain 1 Iteration:  300 / 3500 [  8%]  (Warmup) 
Chain 2 Iteration:  300 / 3500 [  8%]  (Warmup) 
Chain 1 Iteration:  400 / 3500 [ 11%]  (Warmup) 
Chain 2 Iteration:  400 / 3500 [ 11%]  (Warmup) 
Chain 1 Iteration:  500 / 3500 [ 14%]  (Warmup) 
Chain 2 Iteration:  500 / 3500 [ 14%]  (Warmup) 
Chain 1 Iteration:  600 / 3500 [ 17%]  (Warmup) 
Chain 2 Iteration:  600 / 3500 [ 17%]  (Warmup) 
Chain 1 Iteration:  700 / 3500 [ 20%]  (Warmup) 
Chain 2 Iteration:  700 / 3500 [ 20%]  (Warmup) 
Chain 1 Iteration:  800 / 3500 [ 22%]  (Warmup) 
Chain 2 Iteration:  800 / 3500 [ 22%]  (Warmup) 
Chain 1 Iteration:  900 / 3500 [ 25%]  (Warmup) 
Chain 2 Iteration:  900 / 3500 [ 25%]  (Warmup) 
Chain 1 Iteration: 1000 / 3500 [ 28%]  (Warmup) 
Chain 2 Iteration: 1000 / 3500 [ 28%]  (Warmup) 
Chain 1 Iteration: 1100 / 3500 [ 31%]  (Warmup) 
Chain 2 Iteration: 1100 / 3500 [ 31%]  (Warmup) 
Chain 1 Iteration: 1200 / 3500 [ 34%]  (Warmup) 
Chain 2 Iteration: 1200 / 3500 [ 34%]  (Warmup) 
Chain 1 Iteration: 1300 / 3500 [ 37%]  (Warmup) 
Chain 2 Iteration: 1300 / 3500 [ 37%]  (Warmup) 
Chain 1 Iteration: 1400 / 3500 [ 40%]  (Warmup) 
Chain 2 Iteration: 1400 / 3500 [ 40%]  (Warmup) 
Chain 1 Iteration: 1500 / 3500 [ 42%]  (Warmup) 
Chain 1 Iteration: 1501 / 3500 [ 42%]  (Sampling) 
Chain 2 Iteration: 1500 / 3500 [ 42%]  (Warmup) 
Chain 2 Iteration: 1501 / 3500 [ 42%]  (Sampling) 
Chain 1 Iteration: 1600 / 3500 [ 45%]  (Sampling) 
Chain 2 Iteration: 1600 / 3500 [ 45%]  (Sampling) 
Chain 1 Iteration: 1700 / 3500 [ 48%]  (Sampling) 
Chain 2 Iteration: 1700 / 3500 [ 48%]  (Sampling) 
Chain 1 Iteration: 1800 / 3500 [ 51%]  (Sampling) 
Chain 2 Iteration: 1800 / 3500 [ 51%]  (Sampling) 
Chain 1 Iteration: 1900 / 3500 [ 54%]  (Sampling) 
Chain 2 Iteration: 1900 / 3500 [ 54%]  (Sampling) 
Chain 1 Iteration: 2000 / 3500 [ 57%]  (Sampling) 
Chain 2 Iteration: 2000 / 3500 [ 57%]  (Sampling) 
Chain 1 Iteration: 2100 / 3500 [ 60%]  (Sampling) 
Chain 2 Iteration: 2100 / 3500 [ 60%]  (Sampling) 
Chain 1 Iteration: 2200 / 3500 [ 62%]  (Sampling) 
Chain 2 Iteration: 2200 / 3500 [ 62%]  (Sampling) 
Chain 1 Iteration: 2300 / 3500 [ 65%]  (Sampling) 
Chain 2 Iteration: 2300 / 3500 [ 65%]  (Sampling) 
Chain 1 Iteration: 2400 / 3500 [ 68%]  (Sampling) 
Chain 2 Iteration: 2400 / 3500 [ 68%]  (Sampling) 
Chain 1 Iteration: 2500 / 3500 [ 71%]  (Sampling) 
Chain 2 Iteration: 2500 / 3500 [ 71%]  (Sampling) 
Chain 1 Iteration: 2600 / 3500 [ 74%]  (Sampling) 
Chain 2 Iteration: 2600 / 3500 [ 74%]  (Sampling) 
Chain 1 Iteration: 2700 / 3500 [ 77%]  (Sampling) 
Chain 2 Iteration: 2700 / 3500 [ 77%]  (Sampling) 
Chain 1 Iteration: 2800 / 3500 [ 80%]  (Sampling) 
Chain 2 Iteration: 2800 / 3500 [ 80%]  (Sampling) 
Chain 1 Iteration: 2900 / 3500 [ 82%]  (Sampling) 
Chain 2 Iteration: 2900 / 3500 [ 82%]  (Sampling) 
Chain 1 Iteration: 3000 / 3500 [ 85%]  (Sampling) 
Chain 2 Iteration: 3000 / 3500 [ 85%]  (Sampling) 
Chain 1 Iteration: 3100 / 3500 [ 88%]  (Sampling) 
Chain 2 Iteration: 3100 / 3500 [ 88%]  (Sampling) 
Chain 1 Iteration: 3200 / 3500 [ 91%]  (Sampling) 
Chain 2 Iteration: 3200 / 3500 [ 91%]  (Sampling) 
Chain 1 Iteration: 3300 / 3500 [ 94%]  (Sampling) 
Chain 2 Iteration: 3300 / 3500 [ 94%]  (Sampling) 
Chain 1 Iteration: 3400 / 3500 [ 97%]  (Sampling) 
Chain 2 Iteration: 3400 / 3500 [ 97%]  (Sampling) 
Chain 1 Iteration: 3500 / 3500 [100%]  (Sampling) 
Chain 1 finished in 165733.0 seconds.
Chain 2 Iteration: 3500 / 3500 [100%]  (Sampling) 
Chain 2 finished in 165916.0 seconds.
Warning: 1 chain(s) finished unexpectedly!
The remaining chains had a mean execution time of 165920.5 seconds.
Warning: The returned fit object will only read in results of successful chains. Please use read_cmdstan_csv() to read the results of the failed chains separately.Use the $output(chain_id) method for more output of the failed chains.
Warning: 4000 of 4000 (100.0%) transitions hit the maximum treedepth limit of 10.
See https://mc-stan.org/misc/warnings for details.

[1] "Saving fit object..."
[1] "Calculating summary..."
[1] "Calculating samples..."
[1] "Calculating metadata..."
[1] "Summary of Hyperpriors (mu_*, sigma_*):"
# A tibble: 107 × 10
    variable      mean   median      sd     mad       q5      q95  rhat ess_bulk
    <chr>        <dbl>    <dbl>   <dbl>   <dbl>    <dbl>    <dbl> <dbl>    <dbl>
  1 mu_beta_…  1.74     1.76e+0 3.72    3.60    -4.44e+0  7.89     1.01    123. 
  2 mu_beta_…  0.00562  2.61e-3 0.0440  0.0359  -5.74e-2  0.0791   1.01    115. 
  3 mu_beta_…  0.00535  9.17e-3 0.0686  0.0554  -1.21e-1  0.112    1.05     57.0
  4 mu_beta_…  0.0573   6.12e-2 0.0775  0.0703  -7.02e-2  0.171    1.02     75.9
  5 mu_beta_…  0.0755   9.79e-2 0.461   0.382   -7.08e-1  0.778    1.01    128. 
  6 mu_beta_…  0.0403   3.39e-2 0.0875  0.0602  -7.54e-2  0.173    1.06     32.7
  7 mu_beta_… -0.0253  -3.60e-2 0.0981  0.0752  -1.62e-1  0.143    1.11     14.5
  8 mu_beta_… -0.0506  -4.32e-2 0.371   0.332   -6.68e-1  0.574    1.03     54.4
  9 mu_beta_… -0.0652  -5.61e-2 0.364   0.298   -6.95e-1  0.542    1.02     49.8
 10 mu_beta_… -0.0328  -2.59e-2 0.363   0.298   -6.46e-1  0.589    1.02     50.4
 11 mu_beta_…  0.106    7.91e-2 0.341   0.303   -4.16e-1  0.714    1.01     89.9
 12 mu_beta_…  0.0359   9.46e-3 0.339   0.304   -4.83e-1  0.630    1.01     88.9
 13 mu_beta_…  0.0229  -4.99e-4 0.342   0.299   -5.06e-1  0.623    1.01     91.4
 14 mu_beta_… -0.00150 -8.65e-3 0.299   0.254   -4.79e-1  0.534    1.03     54.9
 15 mu_beta_… -0.0445  -5.24e-2 0.297   0.250   -5.35e-1  0.486    1.03     55.5
 16 mu_beta_… -0.102   -1.19e-1 0.298   0.251   -5.64e-1  0.434    1.03     61.4
 17 mu_beta_… -0.0820  -8.42e-2 0.131   0.109   -2.94e-1  0.145    1.02    110. 
 18 mu_beta_…  0.0960   7.48e-2 0.423   0.390   -6.00e-1  0.842    1.04     58.1
 19 mu_beta_… -0.00484  3.00e-2 0.433   0.403   -7.84e-1  0.679    1.01     62.8
 20 mu_beta_…  0.124    1.15e-1 0.292   0.260   -3.72e-1  0.636    1.02     59.1
 21 mu_beta_… -0.295   -5.09e-2 1.78    1.01    -3.07e+0  2.01     1.00    238. 
 22 mu_beta_… -0.0112  -7.88e-3 1.45    1.07    -2.35e+0  2.31     1.00    297. 
 23 mu_beta_… -0.409   -3.80e-1 0.676   0.593   -1.53e+0  0.700    1.05    100. 
 24 mu_beta_… -0.257   -2.12e-1 0.672   0.507   -1.32e+0  0.749    1.00    143. 
 25 mu_beta_… -0.160   -1.27e-1 0.592   0.469   -1.13e+0  0.753    1.01    152. 
 26 mu_beta_…  0.383    3.84e-1 0.372   0.364   -2.08e-1  0.990    1.07     31.4
 27 mu_beta_…  0.108    1.04e-1 0.305   0.263   -3.86e-1  0.644    1.07     42.7
 28 mu_beta_…  0.133    1.32e-1 0.282   0.255   -3.50e-1  0.604    1.06     74.4
 29 mu_beta_… -0.0401  -1.97e-2 0.303   0.277   -5.72e-1  0.431    1.05     81.5
 30 mu_beta_… -0.187   -1.69e-1 0.339   0.311   -7.43e-1  0.351    1.04     91.8
 31 mu_beta_…  0.0349   3.39e-2 0.0729  0.0720  -8.30e-2  0.158    1.01    129. 
 32 mu_beta_… -0.0170  -1.67e-2 0.0214  0.0206  -5.23e-2  0.0173   1.01    166. 
 33 mu_beta_…  0.0122   1.26e-2 0.0224  0.0215  -2.47e-2  0.0482   1.01    172. 
 34 mu_beta_…  0.0427   4.32e-2 0.0233  0.0230   3.34e-3  0.0792   1.00    164. 
 35 mu_beta_…  0.169    1.70e-1 0.0232  0.0226   1.30e-1  0.207    1.00    154. 
 36 mu_beta_…  0.152    1.14e-1 0.448   0.380   -5.06e-1  0.934    1.01    128. 
 37 mu_beta_…  0.0290  -9.15e-3 0.447   0.376   -6.33e-1  0.811    1.01    128. 
 38 mu_beta_…  0.0959   9.98e-2 0.0580  0.0599  -1.65e-3  0.188    1.03    166. 
 39 mu_beta_…  0.0602   6.01e-2 0.0113  0.0113   4.16e-2  0.0785   1.00    332. 
 40 mu_beta_… -0.0277  -2.77e-2 0.00429 0.00433 -3.47e-2 -0.0205   1.00    339. 
 41 mu_gamma…  0.0447   4.39e-2 0.0235  0.0206   1.00e-2  0.0838   1.03     87.1
 42 mu_gamma… -0.00563 -1.35e-3 0.980   1.00    -1.62e+0  1.57     1.00    398. 
 43 mu_alpha…  0.301    2.99e-1 0.140   0.118    7.80e-2  0.517    1.03    101. 
 44 mu_alpha…  0.170    1.68e-1 0.0451  0.0414   9.89e-2  0.246    1.05     35.8
 45 mu_alpha…  0.0548   5.51e-2 0.0128  0.0127   3.28e-2  0.0755   1.01    225. 
 46 mu_alpha…  0.0205   2.02e-2 0.0122  0.0123   3.07e-4  0.0402   1.01    295. 
 47 mu_alpha…  0.0497   4.96e-2 0.0113  0.0117   3.16e-2  0.0682   1.00    268. 
 48 mu_alpha…  0.0331   3.28e-2 0.0120  0.0124   1.37e-2  0.0528   1.00    215. 
 49 mu_alpha…  0.0731   7.31e-2 0.0125  0.0118   5.26e-2  0.0940   1.02    201. 
 50 mu_alpha…  0.0805   8.05e-2 0.0130  0.0129   5.89e-2  0.102    1.01    287. 
 51 mu_alpha…  0.0843   8.44e-2 0.0131  0.0133   6.33e-2  0.106    1.01    247. 
 52 mu_alpha…  0.0850   8.51e-2 0.0126  0.0125   6.43e-2  0.106    1.01    248. 
 53 mu_alpha…  0.0819   8.18e-2 0.0128  0.0130   6.08e-2  0.103    1.00    256. 
 54 mu_alpha…  0.0611   6.10e-2 0.0122  0.0125   4.09e-2  0.0807   1.01    309. 
 55 mu_delta… -0.204   -1.99e-1 0.121   0.101   -4.11e-1 -0.0165   1.03     95.2
 56 mu_delta… -0.0115  -1.22e-2 0.115   0.0974  -1.94e-1  0.179    1.06     50.1
 57 mu_delta… -0.160   -1.60e-1 0.0352  0.0360  -2.18e-1 -0.101    1.03    151. 
 58 mu_delta… -0.0903  -9.13e-2 0.0321  0.0327  -1.44e-1 -0.0357   1.05    115. 
 59 mu_delta… -0.141   -1.41e-1 0.0329  0.0332  -1.95e-1 -0.0888   1.03    215. 
 60 mu_delta… -0.0998  -9.93e-2 0.0345  0.0353  -1.57e-1 -0.0429   1.01    187. 
 61 mu_delta… -0.00360 -3.48e-3 0.0374  0.0364  -6.43e-2  0.0577   1.03    171. 
 62 mu_delta… -0.0516  -5.10e-2 0.0315  0.0318  -1.04e-1  0.00128  1.01    240. 
 63 mu_delta… -0.0966  -9.72e-2 0.0299  0.0313  -1.44e-1 -0.0465   1.01    270. 
 64 mu_delta… -0.0673  -6.69e-2 0.0302  0.0297  -1.16e-1 -0.0195   1.01    187. 
 65 mu_delta… -0.0873  -8.75e-2 0.0300  0.0300  -1.36e-1 -0.0379   1.00    195. 
 66 mu_delta… -0.0150  -1.52e-2 0.0265  0.0265  -5.88e-2  0.0294   1.01    161. 
 67 mu_phi_l…  2.18     2.18e+0 0.379   0.347    1.60e+0  2.78     1.02     70.9
 68 sigma_be…  0.817    8.02e-1 0.537   0.550    6.51e-2  1.74     1.08     22.5
 69 sigma_be…  0.111    9.74e-2 0.0554  0.0393   5.37e-2  0.219    1.05    116. 
 70 sigma_be…  0.145    1.31e-1 0.0582  0.0460   7.77e-2  0.263    1.03    147. 
 71 sigma_be…  0.194    1.77e-1 0.0808  0.0550   1.10e-1  0.350    1.02    143. 
 72 sigma_be…  0.555    5.17e-1 0.196   0.164    3.18e-1  0.920    1.04     81.0
 73 sigma_be…  0.158    1.37e-1 0.0933  0.0642   5.82e-2  0.328    1.01    116. 
 74 sigma_be…  0.201    1.77e-1 0.101   0.0776   8.91e-2  0.402    1.05    101. 
 75 sigma_be…  0.253    2.33e-1 0.101   0.0810   1.31e-1  0.438    1.00    251. 
 76 sigma_be…  0.0734   6.05e-2 0.0615  0.0482   7.03e-3  0.183    1.02     97.9
 77 sigma_be…  0.0736   5.97e-2 0.0644  0.0507   6.81e-3  0.189    1.00    221. 
 78 sigma_be…  0.0539   4.36e-2 0.0476  0.0376   3.93e-3  0.139    1.02    231. 
 79 sigma_be…  0.0662   5.18e-2 0.0582  0.0446   4.97e-3  0.173    1.01    141. 
 80 sigma_be…  0.0771   5.54e-2 0.0900  0.0513   4.90e-3  0.220    1.02    120. 
 81 sigma_be…  0.0710   4.85e-2 0.0784  0.0461   4.59e-3  0.217    1.02    133. 
 82 sigma_be…  0.0583   4.41e-2 0.0554  0.0402   4.31e-3  0.153    1.01    168. 
 83 sigma_be…  0.153    1.37e-1 0.0968  0.0697   3.35e-2  0.322    1.04     65.4
 84 sigma_be…  0.217    1.87e-1 0.110   0.0818   9.97e-2  0.422    1.01    144. 
 85 sigma_be…  0.0770   6.07e-2 0.0708  0.0507   6.35e-3  0.201    1.01    160. 
 86 sigma_be…  0.259    2.26e-1 0.128   0.0939   1.27e-1  0.504    1.02    118. 
 87 sigma_be…  0.252    2.19e-1 0.129   0.0904   1.16e-1  0.504    1.04    134. 
 88 sigma_be…  1.05     7.60e-1 1.12    0.720    6.86e-2  3.02     1.01    353. 
 89 sigma_be…  1.03     6.67e-1 1.49    0.666    5.75e-2  2.97     1.01    239. 
 90 sigma_be…  0.866    6.68e-1 0.802   0.604    5.42e-2  2.41     1.00    305. 
 91 sigma_be…  0.765    5.68e-1 0.778   0.567    3.65e-2  2.18     1.02    185. 
 92 sigma_be…  0.700    4.91e-1 0.707   0.452    4.42e-2  1.97     1.03    217. 
 93 sigma_be…  0.494    4.11e-1 0.305   0.193    2.04e-1  1.04     1.04     89.9
 94 sigma_be…  0.382    3.27e-1 0.217   0.147    1.55e-1  0.803    1.07     36.0
 95 sigma_be…  0.211    1.77e-1 0.146   0.0921   7.07e-2  0.456    1.01    206. 
 96 sigma_be…  0.108    8.37e-2 0.0947  0.0774   6.67e-3  0.292    1.07     31.5
 97 sigma_be…  0.0903   6.20e-2 0.0963  0.0627   4.91e-3  0.273    1.03    146. 
 98 sigma_be…  0.0180   1.57e-2 0.0137  0.0111   1.79e-3  0.0419   1.08     26.4
 99 sigma_ga…  0.0616   5.36e-2 0.0305  0.0216   2.99e-2  0.121    1.02    154. 
100 sigma_ga…  1.21     8.63e-1 1.28    0.771    1.16e-1  3.40     1.01    395. 
101 sigma_al…  0.319    2.87e-1 0.134   0.0974   1.69e-1  0.578    1.03    118. 
102 sigma_al…  0.115    1.04e-1 0.0540  0.0410   5.73e-2  0.209    1.01    153. 
103 sigma_de…  0.254    2.25e-1 0.136   0.0970   1.11e-1  0.499    1.02     98.4
104 sigma_de…  0.231    2.11e-1 0.0960  0.0867   1.13e-1  0.411    1.03    171. 
105 sigma_ph…  0.943    8.69e-1 0.314   0.267    5.68e-1  1.56     1.03     96.7
106 sigma_ga…  1.11     7.71e-1 1.34    0.709    8.61e-2  3.20     1.01    201. 
107 sigma_ga…  1.13     7.48e-1 1.91    0.710    7.03e-2  3.16     1.02    237. 
# ℹ 1 more variable: ess_tail <dbl>
[1] "Calculating lambda_mean..."
[1] "Calculating lambda_test_mean..."
[1] "Calculating y_rep_mean..."
[1] "Calculating y_test_rep_mean..."
[1] "Generating plots..."
[1] "exposure_2HRX9P6HKXA8V_1" "exposure_ED5J990H5VAZT_1"
[3] "exposure_JHDN7CF1C03X5_1" "exposure_L69HYJ4Y3TR91_1"
[5] "exposure_SRQS8F7JWA9MZ_1" "exposure_W8T41JZK0ZMEP_1"
[1] 6
Adding missing grouping variables: `location_id_num`
[1] "Skipping daily plot for SRQS8F7JWA9MZ due to missing daily data."
[1] "Skipping daily plot for 2HRX9P6HKXA8V due to missing daily data."
[1] "Skipping daily plot for JHDN7CF1C03X5 due to missing daily data."
[1] "Skipping daily plot for L69HYJ4Y3TR91 due to missing daily data."
[1] "Skipping daily plot for ED5J990H5VAZT due to missing daily data."
[1] "Skipping daily plot for W8T41JZK0ZMEP due to missing daily data."
[1] "Skipping MLflow logging as existing fit file was loaded."
[1] "Done."
           used  (Mb) gc trigger   (Mb)  max used   (Mb)
Ncells  5141144 274.6    9041151  482.9   9041151  482.9
Vcells 10770660  82.2  745149782 5685.1 931437227 7106.4
Warning messages:
1: Dropping 'draws_df' class as required metadata was removed. 
2: Dropping 'draws_df' class as required metadata was removed. 
3: Dropping 'draws_df' class as required metadata was removed. 
4: Dropping 'draws_df' class as required metadata was removed. 
5: There was 1 warning in `summarize()`.
ℹ In argument: `date = min(date)`.
Caused by warning in `min.default()`:
! no non-missing arguments to min; returning Inf 
