- The project is out-of-sync -- use `renv::status()` for details.
Warning message:
renv took longer than expected (25 seconds) to activate the sandbox.

The sandbox can be disabled by setting:

    RENV_CONFIG_SANDBOX_ENABLED = FALSE

within an appropriate start-up .Renviron file.

See `?renv::config` for more details. 
── Attaching core tidyverse packages ──────────────────────── tidyverse 2.0.0 ──
✔ dplyr     1.1.4     ✔ readr     2.1.5
✔ forcats   1.0.0     ✔ stringr   1.5.1
✔ ggplot2   3.5.1     ✔ tibble    3.2.1
✔ lubridate 1.9.4     ✔ tidyr     1.3.1
✔ purrr     1.0.4     
[conflicted] Will prefer dplyr::select over any other package.
[conflicted] Will prefer dplyr::filter over any other package.
[conflicted] Will prefer lubridate::year over any other package.
[conflicted] Will prefer lubridate::month over any other package.
[conflicted] Will prefer purrr::map over any other package.
[conflicted] Will prefer stats::sd over any other package.
[conflicted] Will prefer base::match over any other package.
This is cmdstanr version 0.9.0
- CmdStanR documentation and vignettes: mc-stan.org/cmdstanr
- CmdStan path: /home/nuttidalab/.cmdstan/cmdstan-2.36.0
- CmdStan version: 2.36.0

A newer version of CmdStan is available. See ?install_cmdstan() to install it.
To disable this check set option or environment variable cmdstanr_no_ver_check=TRUE.
This is posterior version 1.6.0
Registered S3 method overwritten by 'tsibble':
  method               from 
  as_tibble.grouped_df dplyr
── Attaching packages ──────────────────────────────────────────── fpp3 1.0.1 ──
✔ tsibble     1.1.6     ✔ feasts      0.4.1
✔ tsibbledata 0.4.1     ✔ fable       0.4.1
Loading required package: R.oo
Loading required package: R.methodsS3
R.methodsS3 v1.8.2 (2022-06-13 22:00:14 UTC) successfully loaded. See ?R.methodsS3 for help.
R.oo v1.27.0 (2024-11-01 18:00:02 UTC) successfully loaded. See ?R.oo for help.

Attaching package: ‘R.oo’

The following object is masked from ‘package:R.methodsS3’:

    throw

The following object is masked from ‘package:shiny’:

    printStackTrace

The following object is masked from ‘package:renv’:

    load

The following objects are masked from ‘package:methods’:

    getClasses, getMethods

The following objects are masked from ‘package:base’:

    attach, detach, load, save

R.utils v2.13.0 (2025-02-24 21:20:02 UTC) successfully loaded. See ?R.utils for help.
Registered S3 method overwritten by 'quantmod':
  method            from
  as.zoo.data.frame zoo 
Registered S3 methods overwritten by 'bayesforecast':
  method      from    
  autoplot.ts forecast
  forecast.ts forecast
  fortify.ts  forecast
  print.garch tseries 
[1] "# of rows: 34628"
[1] "# of rows: 2621"
[1] "Found 2 exposure columns in the data: exposure_JHDN7CF1C03X5_1, exposure_W8T41JZK0ZMEP_1"
Numeric columns considered for scaling:
vegan_window_sum_item_quantity,
vegetarian_window_sum_item_quantity,
meat_window_sum_item_quantity,
vegan_window_avg_item_price,
vegetarian_window_avg_item_price,
meat_window_avg_item_price,
breakfast_p_window_avg_item_price,
textured_p_window_avg_item_price,
untextured_p_window_avg_item_price,
chicken_p_window_avg_item_price,
dairy_p_window_avg_item_price,
egg_p_window_avg_item_price,
breakfast_window_avg_item_price,
textured_window_avg_item_price,
untextured_window_avg_item_price,
breakfast_t2_window_avg_item_price,
textured_t2_window_avg_item_price,
untextured_t2_window_avg_item_price,
chicken_t2_window_avg_item_price,
dairy_t2_window_avg_item_price,
day_of_month,
Value,
vegan_price_real,
vegetarian_price_real,
meat_price_real,
breakfast_p_price_real,
textured_p_price_real,
untextured_p_price_real,
chicken_p_price_real,
dairy_p_price_real,
egg_p_price_real,
breakfast_price_real,
textured_price_real,
untextured_price_real,
breakfast_t2_price_real,
textured_t2_price_real,
untextured_t2_price_real,
chicken_t2_price_real,
dairy_t2_price_real,
inflation,
temp,
precip[1] "Successfully created `expo_to_rest` mapping."
[1] "Successfully created `expo_to_param` mapping."
Identified 2 exposure columns in the design matrix: 
exposure_JHDN7CF1C03X5_1, 
exposure_W8T41JZK0ZMEP_1
Identified 31 random beta columns: 
vegan_price_real, 
vegetarian_price_real, 
meat_price_real, 
chicken_p_price_real, 
weekend, 
holiday_window, 
month_cat2, 
month_cat3, 
month_cat4, 
month_cat5, 
month_cat6, 
month_cat7, 
month_cat8, 
month_cat9, 
month_cat10, 
month_cat11, 
month_cat12, 
seasonspring, 
seasonsummer, 
seasonwinter, 
year_cat2014, 
year_cat2015, 
year_cat2016, 
year_cat2017, 
year_cat2018, 
year_cat2019, 
year_cat2020, 
year_cat2021, 
year_cat2022, 
year_cat2023, 
date_num
Identified 9 fixed beta columns: 
day_of_week_cat1, 
day_of_week_cat2, 
day_of_week_cat3, 
day_of_week_cat4, 
day_of_week_cat5, 
day_of_week_cat6, 
inflation, 
temp, 
precip
Identified 2 random alpha indices (positions): 
1, 7
Identified 2 random delta indices (positions): 
1, 7
[1] "Open-day filtering: using 2127 of 2489 train obs, 107 of 132 test obs"
$R
[1] 2

$J
[1] 43

$p_effective
[1] 12

$q_effective
[1] 12

$M
[1] 2

$idx_intercept
[1] 1

$K_beta_random
[1] 31

$idx_beta_random
[1] 2 3 4 5 6 7

$K_beta_fixed
[1] 9

$idx_beta_fixed
[1] 33 34 35 36 37 38

$K_exposure
[1] 2

$idx_exposure
[1] 42 43

$expo_to_rest
[1] 1 2

$expo_to_param
[1] 1 1

$effective_lags_alpha
[1] 1 2 3 4 5 6

$K_alpha_random
[1] 2

$idx_alpha_random
[1] 1 7

$K_alpha_fixed
[1] 10

$idx_alpha_fixed
[1] 2 3 4 5 6 8

$effective_lags_delta
[1] 1 2 3 4 5 6

$K_delta_random
[1] 2

$idx_delta_random
[1] 1 7

$K_delta_fixed
[1] 10

$idx_delta_fixed
[1] 2 3 4 5 6 8

$N_train
[1] 2489

$X_train
  (Intercept) vegan_price_real vegetarian_price_real meat_price_real
1           1        0.1741680            -0.4848552       -0.913200
2           1       -1.4521438            -1.7995457       -1.350147
3           1       -0.5146125            -1.2356612       -1.138103
4           1       -0.3819662            -1.2358628       -1.502691
5           1       -0.1636416            -1.0694664       -1.200223
6           1       -0.2008412            -1.1844334       -1.631782
  chicken_p_price_real weekend holiday_window month_cat2 month_cat3 month_cat4
1           -0.7661627       1              0          0          0          0
2           -0.9877312       0              0          0          0          0
3           -0.9666679       0              0          0          0          0
4           -0.8597720       0              0          0          0          0
5           -1.1054560       0              0          0          0          0
6           -0.9815359       0              0          1          0          0
  month_cat5 month_cat6 month_cat7 month_cat8 month_cat9 month_cat10
1          0          0          0          0          0           0
2          0          0          0          0          0           0
3          0          0          0          0          0           0
4          0          0          0          0          0           0
5          0          0          0          0          0           0
6          0          0          0          0          0           0
  month_cat11 month_cat12 seasonspring seasonsummer seasonwinter year_cat2014
1           0           0            0            0            1            0
2           0           0            0            0            1            0
3           0           0            0            0            1            0
4           0           0            0            0            1            0
5           0           0            0            0            1            0
6           0           0            0            0            1            0
  year_cat2015 year_cat2016 year_cat2017 year_cat2018 year_cat2019 year_cat2020
1            0            0            0            0            1            0
2            0            0            0            0            1            0
3            0            0            0            0            1            0
4            0            0            0            0            1            0
5            0            0            0            0            1            0
6            0            0            0            0            1            0
  year_cat2021 year_cat2022 year_cat2023 date_num day_of_week_cat1
1            0            0            0 49.07050                0
2            0            0            0 49.07324                0
3            0            0            0 49.07598                1
4            0            0            0 49.07871                0
5            0            0            0 49.08145                0
6            0            0            0 49.08419                0
  day_of_week_cat2 day_of_week_cat3 day_of_week_cat4 day_of_week_cat5
1                0                0                0                0
2                0                0                0                0
3                0                0                0                0
4                1                0                0                0
5                0                1                0                0
6                0                0                1                0
  day_of_week_cat6 inflation      temp     precip exposure_JHDN7CF1C03X5_1
1                1 -1.391755 -1.234689 -0.3860824                        7
2                0 -1.391755 -1.380171 -0.3860824                        7
3                0 -1.391755 -2.008860 -0.3860824                        7
4                0 -1.391755 -2.440109 -0.3860824                        7
5                0 -1.391755 -2.071209 -0.3860824                        7
6                0 -1.323861 -1.000879 -0.3022693                        7
  exposure_W8T41JZK0ZMEP_1
1                        0
2                        0
3                        0
4                        0
5                        0
6                        0

$y_train
[1] 29 51 61 75 62 56

$idx_to_rest_train
[1] 1 1 1 1 1 1

$train_start_idx
[1]    1 1296

$train_end_idx
[1] 1295 2489

$N_test
[1] 132

$X_test
  (Intercept) vegan_price_real vegetarian_price_real meat_price_real
1           1        0.4654917           -0.99931724       0.6367761
2           1       -0.6156537           -1.33755258       1.4154485
3           1        0.5437022           -1.28388916       1.2111087
4           1        0.3198055           -0.02880049       1.1870609
5           1        0.7053811            0.05298649       0.8965105
6           1        0.4056837           -0.18391876      -0.1699937
  chicken_p_price_real weekend holiday_window month_cat2 month_cat3 month_cat4
1          -0.07793563       1              0          0          0          0
2          -0.15184851       0              0          0          0          0
3          -0.65098255       0              0          0          0          0
4          -0.52806179       0              0          0          0          0
5          -0.11012708       0              0          0          0          0
6          -0.18906158       0              0          0          0          0
  month_cat5 month_cat6 month_cat7 month_cat8 month_cat9 month_cat10
1          0          0          0          1          0           0
2          0          0          0          1          0           0
3          0          0          0          1          0           0
4          0          0          0          1          0           0
5          0          0          0          1          0           0
6          0          0          0          1          0           0
  month_cat11 month_cat12 seasonspring seasonsummer seasonwinter year_cat2014
1           0           0            0            1            0            0
2           0           0            0            1            0            0
3           0           0            0            1            0            0
4           0           0            0            1            0            0
5           0           0            0            1            0            0
6           0           0            0            1            0            0
  year_cat2015 year_cat2016 year_cat2017 year_cat2018 year_cat2019 year_cat2020
1            0            0            0            0            0            0
2            0            0            0            0            0            0
3            0            0            0            0            0            0
4            0            0            0            0            0            0
5            0            0            0            0            0            0
6            0            0            0            0            0            0
  year_cat2021 year_cat2022 year_cat2023 date_num day_of_week_cat1
1            0            1            0 52.61602                0
2            0            1            0 52.61875                0
3            0            1            0 52.62149                1
4            0            1            0 52.62423                0
5            0            1            0 52.62697                0
6            0            1            0 52.62971                0
  day_of_week_cat2 day_of_week_cat3 day_of_week_cat4 day_of_week_cat5
1                0                0                0                0
2                0                0                0                0
3                0                0                0                0
4                1                0                0                0
5                0                1                0                0
6                0                0                1                0
  day_of_week_cat6 inflation      temp     precip exposure_JHDN7CF1C03X5_1
1                1  2.288916 0.9527328 -0.3860824                       14
2                0  2.288916 0.9839075 -0.3860824                       14
3                0  2.288916 0.5786370  2.3587974                       14
4                0  2.288916 0.8384258 -0.3860824                       14
5                0  2.288916 0.7812722 -0.3860824                       14
6                0  2.288916 0.8124469 -0.3860824                       14
  exposure_W8T41JZK0ZMEP_1
1                        0
2                        0
3                        0
4                        0
5                        0
6                        0

$y_test
[1]  0 49 43 37 35 25

$idx_to_rest_test
[1] 1 1 1 1 1 1

$test_start_idx
[1]  1 70

$test_end_idx
[1]  69 132

$mu_gamma_scale
[1] 1

$sigma_gamma_between_scale
[1] 1

$sigma_gamma_within_scale
[1] 1

$mu_beta_scale
[1] 1

$sigma_beta_scale
[1] 1

$mu_alpha_scale
[1] 1

$sigma_alpha_scale
[1] 1

$mu_delta_scale
[1] 1

$sigma_delta_scale
[1] 1

$mu_phi_log_scale
[1] 2

$sigma_phi_log_scale
[1] 1

$z_eta_scale
[1] 1

$z_gamma_scale
[1] 1

$z_beta_scale
[1] 1

$z_alpha_scale
[1] 1

$z_delta_scale
[1] 1

$z_phi_scale
[1] 1

$apply_truncation
[1] 0

$N_total_nonzero
[1] 2127

$idx_total_nonzero
[1] 1 2 3 4 5 6

$N_total_nonzero_test
[1] 107

$idx_total_nonzero_test
[1] 2 3 4 5 6 9

[1] "Using Stan model: model_multilevel_transfer_truncated.stan"
[1] "Fitting the multilevel model..."
Running MCMC with 3 parallel chains...

Chain 1 Informational Message: The current Metropolis proposal is about to be rejected because of the following issue:
Chain 1 Exception: neg_binomial_2_lpmf: Location parameter[1] is -nan, but must be positive finite! (in 'model_multilevel_transfer_truncated.stan', line 457, column 4 to column 67)
Chain 1 If this warning occurs sporadically, such as for highly constrained variable types like covariance matrices, then the sampler is fine,
Chain 1 but if this warning occurs often then your model may be either severely ill-conditioned or misspecified.
Chain 1 
Chain 1 Informational Message: The current Metropolis proposal is about to be rejected because of the following issue:
Chain 1 Exception: neg_binomial_2_lpmf: Location parameter[1] is -nan, but must be positive finite! (in 'model_multilevel_transfer_truncated.stan', line 457, column 4 to column 67)
Chain 1 If this warning occurs sporadically, such as for highly constrained variable types like covariance matrices, then the sampler is fine,
Chain 1 but if this warning occurs often then your model may be either severely ill-conditioned or misspecified.
Chain 1 
Chain 1 Informational Message: The current Metropolis proposal is about to be rejected because of the following issue:
Chain 1 Exception: neg_binomial_2_lpmf: Location parameter[1] is -nan, but must be positive finite! (in 'model_multilevel_transfer_truncated.stan', line 457, column 4 to column 67)
Chain 1 If this warning occurs sporadically, such as for highly constrained variable types like covariance matrices, then the sampler is fine,
Chain 1 but if this warning occurs often then your model may be either severely ill-conditioned or misspecified.
Chain 1 
Chain 1 Informational Message: The current Metropolis proposal is about to be rejected because of the following issue:
Chain 1 Exception: neg_binomial_2_lpmf: Location parameter[1] is inf, but must be positive finite! (in 'model_multilevel_transfer_truncated.stan', line 457, column 4 to column 67)
Chain 1 If this warning occurs sporadically, such as for highly constrained variable types like covariance matrices, then the sampler is fine,
Chain 1 but if this warning occurs often then your model may be either severely ill-conditioned or misspecified.
Chain 1 
Chain 1 Informational Message: The current Metropolis proposal is about to be rejected because of the following issue:
Chain 1 Exception: neg_binomial_2_lpmf: Location parameter[1] is inf, but must be positive finite! (in 'model_multilevel_transfer_truncated.stan', line 457, column 4 to column 67)
Chain 1 If this warning occurs sporadically, such as for highly constrained variable types like covariance matrices, then the sampler is fine,
Chain 1 but if this warning occurs often then your model may be either severely ill-conditioned or misspecified.
Chain 1 
Chain 1 Informational Message: The current Metropolis proposal is about to be rejected because of the following issue:
Chain 1 Exception: neg_binomial_2_lpmf: Location parameter[1] is inf, but must be positive finite! (in 'model_multilevel_transfer_truncated.stan', line 457, column 4 to column 67)
Chain 1 If this warning occurs sporadically, such as for highly constrained variable types like covariance matrices, then the sampler is fine,
Chain 1 but if this warning occurs often then your model may be either severely ill-conditioned or misspecified.
Chain 1 
Chain 1 Informational Message: The current Metropolis proposal is about to be rejected because of the following issue:
Chain 1 Exception: neg_binomial_2_lpmf: Location parameter[1] is inf, but must be positive finite! (in 'model_multilevel_transfer_truncated.stan', line 457, column 4 to column 67)
Chain 1 If this warning occurs sporadically, such as for highly constrained variable types like covariance matrices, then the sampler is fine,
Chain 1 but if this warning occurs often then your model may be either severely ill-conditioned or misspecified.
Chain 1 
Chain 1 Informational Message: The current Metropolis proposal is about to be rejected because of the following issue:
Chain 1 Exception: neg_binomial_2_lpmf: Location parameter[1] is inf, but must be positive finite! (in 'model_multilevel_transfer_truncated.stan', line 457, column 4 to column 67)
Chain 1 If this warning occurs sporadically, such as for highly constrained variable types like covariance matrices, then the sampler is fine,
Chain 1 but if this warning occurs often then your model may be either severely ill-conditioned or misspecified.
Chain 1 
Chain 1 Informational Message: The current Metropolis proposal is about to be rejected because of the following issue:
Chain 1 Exception: neg_binomial_2_lpmf: Location parameter[1] is inf, but must be positive finite! (in 'model_multilevel_transfer_truncated.stan', line 457, column 4 to column 67)
Chain 1 If this warning occurs sporadically, such as for highly constrained variable types like covariance matrices, then the sampler is fine,
Chain 1 but if this warning occurs often then your model may be either severely ill-conditioned or misspecified.
Chain 1 
Chain 1 Informational Message: The current Metropolis proposal is about to be rejected because of the following issue:
Chain 1 Exception: neg_binomial_2_lpmf: Location parameter[1] is inf, but must be positive finite! (in 'model_multilevel_transfer_truncated.stan', line 457, column 4 to column 67)
Chain 1 If this warning occurs sporadically, such as for highly constrained variable types like covariance matrices, then the sampler is fine,
Chain 1 but if this warning occurs often then your model may be either severely ill-conditioned or misspecified.
Chain 1 
Chain 2 Iteration:    1 / 3500 [  0%]  (Warmup) 
Chain 2 Informational Message: The current Metropolis proposal is about to be rejected because of the following issue:
Chain 2 Exception: neg_binomial_2_lpmf: Location parameter[1] is 0, but must be positive finite! (in 'model_multilevel_transfer_truncated.stan', line 457, column 4 to column 67)
Chain 2 If this warning occurs sporadically, such as for highly constrained variable types like covariance matrices, then the sampler is fine,
Chain 2 but if this warning occurs often then your model may be either severely ill-conditioned or misspecified.
Chain 2 
Chain 2 Informational Message: The current Metropolis proposal is about to be rejected because of the following issue:
Chain 2 Exception: neg_binomial_2_lpmf: Location parameter[1] is 0, but must be positive finite! (in 'model_multilevel_transfer_truncated.stan', line 457, column 4 to column 67)
Chain 2 If this warning occurs sporadically, such as for highly constrained variable types like covariance matrices, then the sampler is fine,
Chain 2 but if this warning occurs often then your model may be either severely ill-conditioned or misspecified.
Chain 2 
Chain 2 Informational Message: The current Metropolis proposal is about to be rejected because of the following issue:
Chain 2 Exception: neg_binomial_2_lpmf: Location parameter[1] is 0, but must be positive finite! (in 'model_multilevel_transfer_truncated.stan', line 457, column 4 to column 67)
Chain 2 If this warning occurs sporadically, such as for highly constrained variable types like covariance matrices, then the sampler is fine,
Chain 2 but if this warning occurs often then your model may be either severely ill-conditioned or misspecified.
Chain 2 
Chain 2 Informational Message: The current Metropolis proposal is about to be rejected because of the following issue:
Chain 2 Exception: neg_binomial_2_lpmf: Location parameter[1] is 0, but must be positive finite! (in 'model_multilevel_transfer_truncated.stan', line 457, column 4 to column 67)
Chain 2 If this warning occurs sporadically, such as for highly constrained variable types like covariance matrices, then the sampler is fine,
Chain 2 but if this warning occurs often then your model may be either severely ill-conditioned or misspecified.
Chain 2 
Chain 2 Informational Message: The current Metropolis proposal is about to be rejected because of the following issue:
Chain 2 Exception: neg_binomial_2_lpmf: Location parameter[1] is 0, but must be positive finite! (in 'model_multilevel_transfer_truncated.stan', line 457, column 4 to column 67)
Chain 2 If this warning occurs sporadically, such as for highly constrained variable types like covariance matrices, then the sampler is fine,
Chain 2 but if this warning occurs often then your model may be either severely ill-conditioned or misspecified.
Chain 2 
Chain 2 Informational Message: The current Metropolis proposal is about to be rejected because of the following issue:
Chain 2 Exception: neg_binomial_2_lpmf: Location parameter[1] is inf, but must be positive finite! (in 'model_multilevel_transfer_truncated.stan', line 457, column 4 to column 67)
Chain 2 If this warning occurs sporadically, such as for highly constrained variable types like covariance matrices, then the sampler is fine,
Chain 2 but if this warning occurs often then your model may be either severely ill-conditioned or misspecified.
Chain 2 
Chain 2 Informational Message: The current Metropolis proposal is about to be rejected because of the following issue:
Chain 2 Exception: neg_binomial_2_lpmf: Location parameter[1] is inf, but must be positive finite! (in 'model_multilevel_transfer_truncated.stan', line 457, column 4 to column 67)
Chain 2 If this warning occurs sporadically, such as for highly constrained variable types like covariance matrices, then the sampler is fine,
Chain 2 but if this warning occurs often then your model may be either severely ill-conditioned or misspecified.
Chain 2 
Chain 2 Informational Message: The current Metropolis proposal is about to be rejected because of the following issue:
Chain 2 Exception: neg_binomial_2_lpmf: Location parameter[1] is inf, but must be positive finite! (in 'model_multilevel_transfer_truncated.stan', line 457, column 4 to column 67)
Chain 2 If this warning occurs sporadically, such as for highly constrained variable types like covariance matrices, then the sampler is fine,
Chain 2 but if this warning occurs often then your model may be either severely ill-conditioned or misspecified.
Chain 2 
Chain 2 Informational Message: The current Metropolis proposal is about to be rejected because of the following issue:
Chain 2 Exception: neg_binomial_2_lpmf: Location parameter[146] is inf, but must be positive finite! (in 'model_multilevel_transfer_truncated.stan', line 457, column 4 to column 67)
Chain 2 If this warning occurs sporadically, such as for highly constrained variable types like covariance matrices, then the sampler is fine,
Chain 2 but if this warning occurs often then your model may be either severely ill-conditioned or misspecified.
Chain 2 
Chain 3 Rejecting initial value:
Chain 3   Error evaluating the log probability at the initial value.
Chain 3 Exception: neg_binomial_2_lpmf: Location parameter[365] is inf, but must be positive finite! (in 'model_multilevel_transfer_truncated.stan', line 457, column 4 to column 67)
Chain 3 Exception: neg_binomial_2_lpmf: Location parameter[365] is inf, but must be positive finite! (in 'model_multilevel_transfer_truncated.stan', line 457, column 4 to column 67)
Chain 3 User-specified initialization failed.
Chain 3  Try specifying new initial values, using partially specialized initialization, reducing the range of constrained values, or reparameterizing the model.
Chain 3 Initialization failed.
Warning: Chain 3 finished unexpectedly!

Chain 1 Iteration:    1 / 3500 [  0%]  (Warmup) 
Chain 1 Informational Message: The current Metropolis proposal is about to be rejected because of the following issue:
Chain 1 Exception: neg_binomial_2_lpmf: Location parameter[1] is -nan, but must be positive finite! (in 'model_multilevel_transfer_truncated.stan', line 457, column 4 to column 67)
Chain 1 If this warning occurs sporadically, such as for highly constrained variable types like covariance matrices, then the sampler is fine,
Chain 1 but if this warning occurs often then your model may be either severely ill-conditioned or misspecified.
Chain 1 
Chain 1 Informational Message: The current Metropolis proposal is about to be rejected because of the following issue:
Chain 1 Exception: neg_binomial_2_lpmf: Location parameter[1] is -nan, but must be positive finite! (in 'model_multilevel_transfer_truncated.stan', line 457, column 4 to column 67)
Chain 1 If this warning occurs sporadically, such as for highly constrained variable types like covariance matrices, then the sampler is fine,
Chain 1 but if this warning occurs often then your model may be either severely ill-conditioned or misspecified.
Chain 1 
Chain 1 Informational Message: The current Metropolis proposal is about to be rejected because of the following issue:
Chain 1 Exception: neg_binomial_2_lpmf: Location parameter[1] is 0, but must be positive finite! (in 'model_multilevel_transfer_truncated.stan', line 457, column 4 to column 67)
Chain 1 If this warning occurs sporadically, such as for highly constrained variable types like covariance matrices, then the sampler is fine,
Chain 1 but if this warning occurs often then your model may be either severely ill-conditioned or misspecified.
Chain 1 
Chain 1 Informational Message: The current Metropolis proposal is about to be rejected because of the following issue:
Chain 1 Exception: neg_binomial_2_lpmf: Location parameter[1] is 0, but must be positive finite! (in 'model_multilevel_transfer_truncated.stan', line 457, column 4 to column 67)
Chain 1 If this warning occurs sporadically, such as for highly constrained variable types like covariance matrices, then the sampler is fine,
Chain 1 but if this warning occurs often then your model may be either severely ill-conditioned or misspecified.
Chain 1 
Chain 2 Informational Message: The current Metropolis proposal is about to be rejected because of the following issue:
Chain 2 Exception: neg_binomial_2_lpmf: Location parameter[1] is -nan, but must be positive finite! (in 'model_multilevel_transfer_truncated.stan', line 457, column 4 to column 67)
Chain 2 If this warning occurs sporadically, such as for highly constrained variable types like covariance matrices, then the sampler is fine,
Chain 2 but if this warning occurs often then your model may be either severely ill-conditioned or misspecified.
Chain 2 
Chain 2 Informational Message: The current Metropolis proposal is about to be rejected because of the following issue:
Chain 2 Exception: neg_binomial_2_lpmf: Location parameter[1] is inf, but must be positive finite! (in 'model_multilevel_transfer_truncated.stan', line 457, column 4 to column 67)
Chain 2 If this warning occurs sporadically, such as for highly constrained variable types like covariance matrices, then the sampler is fine,
Chain 2 but if this warning occurs often then your model may be either severely ill-conditioned or misspecified.
Chain 2 
Chain 2 Informational Message: The current Metropolis proposal is about to be rejected because of the following issue:
Chain 2 Exception: neg_binomial_2_lpmf: Location parameter[1] is inf, but must be positive finite! (in 'model_multilevel_transfer_truncated.stan', line 457, column 4 to column 67)
Chain 2 If this warning occurs sporadically, such as for highly constrained variable types like covariance matrices, then the sampler is fine,
Chain 2 but if this warning occurs often then your model may be either severely ill-conditioned or misspecified.
Chain 2 
Chain 2 Iteration:  100 / 3500 [  2%]  (Warmup) 
Chain 1 Iteration:  100 / 3500 [  2%]  (Warmup) 
Chain 1 Iteration:  200 / 3500 [  5%]  (Warmup) 
Chain 2 Iteration:  200 / 3500 [  5%]  (Warmup) 
Chain 1 Iteration:  300 / 3500 [  8%]  (Warmup) 
Chain 2 Iteration:  300 / 3500 [  8%]  (Warmup) 
Chain 1 Iteration:  400 / 3500 [ 11%]  (Warmup) 
Chain 1 Iteration:  500 / 3500 [ 14%]  (Warmup) 
Chain 1 Iteration:  600 / 3500 [ 17%]  (Warmup) 
Chain 2 Iteration:  400 / 3500 [ 11%]  (Warmup) 
Chain 1 Iteration:  700 / 3500 [ 20%]  (Warmup) 
Chain 2 Iteration:  500 / 3500 [ 14%]  (Warmup) 
Chain 1 Iteration:  800 / 3500 [ 22%]  (Warmup) 
Chain 2 Iteration:  600 / 3500 [ 17%]  (Warmup) 
Chain 1 Iteration:  900 / 3500 [ 25%]  (Warmup) 
Chain 2 Iteration:  700 / 3500 [ 20%]  (Warmup) 
Chain 1 Iteration: 1000 / 3500 [ 28%]  (Warmup) 
Chain 2 Iteration:  800 / 3500 [ 22%]  (Warmup) 
Chain 1 Iteration: 1100 / 3500 [ 31%]  (Warmup) 
Chain 1 Iteration: 1200 / 3500 [ 34%]  (Warmup) 
Chain 1 Iteration: 1300 / 3500 [ 37%]  (Warmup) 
Chain 1 Iteration: 1400 / 3500 [ 40%]  (Warmup) 
Chain 2 Iteration:  900 / 3500 [ 25%]  (Warmup) 
Chain 1 Iteration: 1500 / 3500 [ 42%]  (Warmup) 
Chain 1 Iteration: 1501 / 3500 [ 42%]  (Sampling) 
Chain 2 Iteration: 1000 / 3500 [ 28%]  (Warmup) 
Chain 1 Iteration: 1600 / 3500 [ 45%]  (Sampling) 
Chain 1 Iteration: 1700 / 3500 [ 48%]  (Sampling) 
Chain 2 Iteration: 1100 / 3500 [ 31%]  (Warmup) 
Chain 1 Iteration: 1800 / 3500 [ 51%]  (Sampling) 
Chain 1 Iteration: 1900 / 3500 [ 54%]  (Sampling) 
Chain 2 Iteration: 1200 / 3500 [ 34%]  (Warmup) 
Chain 1 Iteration: 2000 / 3500 [ 57%]  (Sampling) 
Chain 2 Iteration: 1300 / 3500 [ 37%]  (Warmup) 
Chain 1 Iteration: 2100 / 3500 [ 60%]  (Sampling) 
Chain 2 Iteration: 1400 / 3500 [ 40%]  (Warmup) 
Chain 1 Iteration: 2200 / 3500 [ 62%]  (Sampling) 
Chain 2 Iteration: 1500 / 3500 [ 42%]  (Warmup) 
Chain 2 Iteration: 1501 / 3500 [ 42%]  (Sampling) 
Chain 1 Iteration: 2300 / 3500 [ 65%]  (Sampling) 
Chain 2 Iteration: 1600 / 3500 [ 45%]  (Sampling) 
Chain 1 Iteration: 2400 / 3500 [ 68%]  (Sampling) 
Chain 1 Iteration: 2500 / 3500 [ 71%]  (Sampling) 
Chain 2 Iteration: 1700 / 3500 [ 48%]  (Sampling) 
Chain 1 Iteration: 2600 / 3500 [ 74%]  (Sampling) 
Chain 2 Iteration: 1800 / 3500 [ 51%]  (Sampling) 
Chain 1 Iteration: 2700 / 3500 [ 77%]  (Sampling) 
Chain 2 Iteration: 1900 / 3500 [ 54%]  (Sampling) 
Chain 2 Iteration: 2000 / 3500 [ 57%]  (Sampling) 
Chain 1 Iteration: 2800 / 3500 [ 80%]  (Sampling) 
Chain 2 Iteration: 2100 / 3500 [ 60%]  (Sampling) 
Chain 1 Iteration: 2900 / 3500 [ 82%]  (Sampling) 
Chain 1 Iteration: 3000 / 3500 [ 85%]  (Sampling) 
Chain 2 Iteration: 2200 / 3500 [ 62%]  (Sampling) 
Chain 1 Iteration: 3100 / 3500 [ 88%]  (Sampling) 
Chain 2 Iteration: 2300 / 3500 [ 65%]  (Sampling) 
Chain 1 Iteration: 3200 / 3500 [ 91%]  (Sampling) 
Chain 2 Iteration: 2400 / 3500 [ 68%]  (Sampling) 
Chain 1 Iteration: 3300 / 3500 [ 94%]  (Sampling) 
Chain 2 Iteration: 2500 / 3500 [ 71%]  (Sampling) 
Chain 2 Iteration: 2600 / 3500 [ 74%]  (Sampling) 
Chain 1 Iteration: 3400 / 3500 [ 97%]  (Sampling) 
Chain 1 Iteration: 3500 / 3500 [100%]  (Sampling) 
Chain 1 finished in 14549.7 seconds.
Chain 2 Iteration: 2700 / 3500 [ 77%]  (Sampling) 
Chain 2 Iteration: 2800 / 3500 [ 80%]  (Sampling) 
Chain 2 Iteration: 2900 / 3500 [ 82%]  (Sampling) 
Chain 2 Iteration: 3000 / 3500 [ 85%]  (Sampling) 
Chain 2 Iteration: 3100 / 3500 [ 88%]  (Sampling) 
Chain 2 Iteration: 3200 / 3500 [ 91%]  (Sampling) 
Chain 2 Iteration: 3300 / 3500 [ 94%]  (Sampling) 
Chain 2 Iteration: 3400 / 3500 [ 97%]  (Sampling) 
Chain 2 Iteration: 3500 / 3500 [100%]  (Sampling) 
Chain 2 finished in 15934.5 seconds.
Warning: 1 chain(s) finished unexpectedly!
The remaining chains had a mean execution time of 15936.5 seconds.
Warning: The returned fit object will only read in results of successful chains. Please use read_cmdstan_csv() to read the results of the failed chains separately.Use the $output(chain_id) method for more output of the failed chains.
Warning: 151 of 4000 (4.0%) transitions ended with a divergence.
See https://mc-stan.org/misc/warnings for details.

Warning: 3849 of 4000 (96.0%) transitions hit the maximum treedepth limit of 10.
See https://mc-stan.org/misc/warnings for details.

[1] "Saving fit object..."
[1] "Calculating summary..."
[1] "Calculating samples..."
[1] "Calculating metadata..."
[1] "Summary of Hyperpriors (mu_*, sigma_*):"
# A tibble: 109 × 10
    variable      mean   median      sd     mad       q5      q95  rhat ess_bulk
    <chr>        <dbl>    <dbl>   <dbl>   <dbl>    <dbl>    <dbl> <dbl>    <dbl>
  1 mu_beta_…  3.94     4.01    4.49    4.66    -3.45     1.13e+1  1.01   154.  
  2 mu_beta_… -0.0313  -0.00869 0.168   0.0903  -0.360    2.35e-1  1.11    15.6 
  3 mu_beta_… -0.00574 -0.0214  0.175   0.0715  -0.333    3.16e-1  1.03    57.2 
  4 mu_beta_… -0.0822   0.0548  0.490   0.156   -1.39     3.65e-1  1.18    10.0 
  5 mu_beta_…  0.0514   0.0293  0.110   0.0419  -0.0608   2.74e-1  1.03    40.6 
  6 mu_beta_… -0.243   -0.257   0.670   0.562   -1.28     9.03e-1  1.02    91.7 
  7 mu_beta_… -0.0683  -0.0923  0.191   0.105   -0.287    2.05e-1  1.04    66.9 
  8 mu_beta_… -0.0148  -0.0602  0.446   0.196   -0.571    7.42e-1  1.09    24.1 
  9 mu_beta_…  0.211    0.160   0.556   0.497   -0.667    1.16e+0  1.33     5.22
 10 mu_beta_…  0.0542   0.0405  0.582   0.559   -0.884    1.03e+0  1.22     8.54
 11 mu_beta_…  0.0120  -0.0277  0.543   0.550   -0.800    9.90e-1  1.26     5.87
 12 mu_beta_…  0.0351   0.0470  0.471   0.391   -0.833    7.81e-1  1.02    64.5 
 13 mu_beta_…  0.00865  0.0114  0.509   0.403   -0.811    8.26e-1  1.02   117.  
 14 mu_beta_… -0.0791  -0.0620  0.441   0.341   -0.834    6.17e-1  1.01   122.  
 15 mu_beta_… -0.191   -0.135   0.464   0.372   -1.01     4.42e-1  1.02    89.2 
 16 mu_beta_… -0.268   -0.218   0.430   0.394   -1.05     3.20e-1  1.00   107.  
 17 mu_beta_… -0.379   -0.311   0.416   0.375   -1.17     1.74e-1  1.01    99.5 
 18 mu_beta_… -0.578   -0.611   0.334   0.281   -1.08     1.02e-2  1.06    49.8 
 19 mu_beta_…  0.279    0.197   0.670   0.542   -0.648    1.48e+0  1.18     9.19
 20 mu_beta_…  0.0473   0.0651  0.528   0.516   -0.884    8.60e-1  1.02    89.2 
 21 mu_beta_…  0.285    0.328   0.543   0.430   -0.697    1.06e+0  1.01    54.7 
 22 mu_beta_… -0.157   -0.0615  1.44    1.07    -2.82     2.13e+0  1.04    49.0 
 23 mu_beta_…  0.210    0.0951  1.52    1.09    -2.13     2.80e+0  1.07    23.3 
 24 mu_beta_… -0.0221   0.0308  1.37    1.04    -2.39     2.01e+0  1.02   198.  
 25 mu_beta_… -0.0243  -0.0175  1.31    1.03    -2.19     2.16e+0  1.00   206.  
 26 mu_beta_…  0.0443   0.0105  1.24    0.976   -1.93     2.15e+0  1.02   135.  
 27 mu_beta_…  0.965    0.936   0.913   0.919   -0.498    2.50e+0  1.06    89.6 
 28 mu_beta_…  0.495    0.427   0.620   0.628   -0.416    1.56e+0  1.12    12.2 
 29 mu_beta_…  0.193    0.146   0.597   0.511   -0.741    1.21e+0  1.08    25.1 
 30 mu_beta_… -0.629   -0.630   0.704   0.700   -1.81     4.35e-1  1.06    60.6 
 31 mu_beta_… -0.883   -0.904   0.916   0.920   -2.29     5.57e-1  1.01   117.  
 32 mu_beta_… -0.0443  -0.0392  0.157   0.139   -0.295    2.04e-1  1.04    99.7 
 33 mu_beta_…  0.110    0.106   0.0665  0.0665   0.00383  2.25e-1  1.01    93.5 
 34 mu_beta_…  0.172    0.168   0.0700  0.0705   0.0617   2.95e-1  1.02   106.  
 35 mu_beta_…  0.125    0.122   0.0717  0.0701   0.0130   2.52e-1  1.02   110.  
 36 mu_beta_…  0.175    0.174   0.0766  0.0744   0.0508   3.05e-1  1.03    74.9 
 37 mu_beta_…  0.0319   0.0606  0.524   0.437   -0.899    8.31e-1  1.01    75.4 
 38 mu_beta_… -0.248   -0.220   0.524   0.439   -1.18     5.51e-1  1.01    75.5 
 39 mu_beta_…  0.654    0.655   0.132   0.127    0.426    8.72e-1  1.05    74.0 
 40 mu_beta_…  0.0491   0.0491  0.0185  0.0185   0.0194   8.01e-2  1.02   104.  
 41 mu_beta_… -0.0119  -0.0121  0.00740 0.00730 -0.0244   5.21e-4  1.01   248.  
 42 mu_gamma…  0.0972   0.0866  0.214   0.0734  -0.207    4.61e-1  1.03    99.8 
 43 mu_gamma…  0.0632   0.0664  1.00    1.00    -1.66     1.67e+0  1.02   130.  
 44 mu_alpha…  0.282    0.215   0.424   0.229   -0.216    1.09e+0  1.04    82.9 
 45 mu_alpha…  0.248    0.277   0.197   0.111   -0.0900   5.37e-1  1.00    77.2 
 46 mu_alpha…  0.0987   0.0985  0.0287  0.0285   0.0516   1.47e-1  1.01   101.  
 47 mu_alpha…  0.0418   0.0426  0.0262  0.0255  -0.00257  8.33e-2  1.07    25.1 
 48 mu_alpha…  0.0759   0.0761  0.0234  0.0231   0.0373   1.15e-1  1.04   127.  
 49 mu_alpha…  0.0674   0.0683  0.0277  0.0279   0.0206   1.13e-1  1.01   186.  
 50 mu_alpha…  0.118    0.120   0.0269  0.0259   0.0697   1.59e-1  1.02    90.4 
 51 mu_alpha…  0.179    0.179   0.0314  0.0312   0.128    2.32e-1  1.04    74.1 
 52 mu_alpha…  0.185    0.183   0.0325  0.0313   0.132    2.40e-1  1.10    16.3 
 53 mu_alpha…  0.143    0.143   0.0266  0.0262   0.0983   1.86e-1  1.03   179.  
 54 mu_alpha…  0.154    0.153   0.0254  0.0258   0.114    1.97e-1  1.03   124.  
 55 mu_alpha…  0.114    0.114   0.0228  0.0225   0.0761   1.52e-1  1.04   121.  
 56 mu_delta… -0.109   -0.103   0.357   0.265   -0.685    4.33e-1  1.03    55.3 
 57 mu_delta… -0.159   -0.182   0.296   0.257   -0.579    3.40e-1  1.02    54.0 
 58 mu_delta… -0.107   -0.105   0.0705  0.0691  -0.230    7.09e-3  1.01   111.  
 59 mu_delta… -0.0209  -0.0206  0.0620  0.0642  -0.121    7.98e-2  1.02    91.8 
 60 mu_delta… -0.0309  -0.0264  0.0655  0.0682  -0.145    7.22e-2  1.02    67.0 
 61 mu_delta… -0.148   -0.149   0.0720  0.0748  -0.265   -2.77e-2  1.02    79.8 
 62 mu_delta…  0.0382   0.0351  0.0805  0.0778  -0.0908   1.69e-1  1.04    77.6 
 63 mu_delta… -0.192   -0.189   0.0803  0.0798  -0.323   -6.49e-2  1.02   100.  
 64 mu_delta… -0.124   -0.122   0.0714  0.0756  -0.240   -1.34e-2  1.10    16.3 
 65 mu_delta… -0.134   -0.133   0.0656  0.0657  -0.247   -2.79e-2  1.02   142.  
 66 mu_delta… -0.281   -0.280   0.0685  0.0704  -0.395   -1.66e-1  1.03   153.  
 67 mu_delta… -0.0924  -0.0907  0.0584  0.0590  -0.188    7.76e-3  1.01   138.  
 68 mu_phi_l…  2.42     2.48    0.845   0.627    0.977    3.58e+0  1.24     6.39
 69 sigma_be…  1.17     0.775   1.30    0.721    0.0617   3.88e+0  1.01   161.  
 70 sigma_be…  0.296    0.177   0.350   0.174    0.0263   9.46e-1  1.05    47.3 
 71 sigma_be…  0.244    0.0997  0.368   0.118    0.00788  9.36e-1  1.04    66.6 
 72 sigma_be…  0.472    0.263   0.564   0.267    0.0417   1.60e+0  1.09    32.1 
 73 sigma_be…  0.165    0.0770  0.263   0.0913   0.00505  5.99e-1  1.03    66.1 
 74 sigma_be…  0.935    0.770   0.565   0.406    0.368    2.14e+0  1.00   115.  
 75 sigma_be…  0.250    0.127   0.350   0.133    0.0129   8.65e-1  1.03   133.  
 76 sigma_be…  0.484    0.306   0.528   0.285    0.0481   1.51e+0  1.01    78.9 
 77 sigma_be…  0.524    0.342   0.640   0.361    0.0245   1.60e+0  1.01    80.1 
 78 sigma_be…  0.498    0.326   0.520   0.328    0.0390   1.55e+0  1.01    70.6 
 79 sigma_be…  0.435    0.283   0.583   0.290    0.0235   1.31e+0  1.02   113.  
 80 sigma_be…  0.443    0.287   0.502   0.303    0.0274   1.36e+0  1.05    59.9 
 81 sigma_be…  0.399    0.239   0.464   0.265    0.0199   1.28e+0  1.01   126.  
 82 sigma_be…  0.403    0.255   0.446   0.263    0.0315   1.28e+0  1.03   160.  
 83 sigma_be…  0.410    0.269   0.477   0.253    0.0272   1.30e+0  1.01   247.  
 84 sigma_be…  0.431    0.322   0.422   0.317    0.0352   1.20e+0  1.08    23.5 
 85 sigma_be…  0.374    0.234   0.417   0.250    0.0153   1.19e+0  1.01   104.  
 86 sigma_be…  0.410    0.264   0.472   0.294    0.00970  1.28e+0  1.08    25.8 
 87 sigma_be…  0.506    0.314   0.538   0.346    0.0261   1.59e+0  1.01    97.4 
 88 sigma_be…  0.441    0.289   0.499   0.317    0.0212   1.32e+0  1.10    15.5 
 89 sigma_be…  0.549    0.366   0.604   0.372    0.0348   1.61e+0  1.01    63.0 
 90 sigma_be…  1.15     0.749   2.19    0.703    0.0683   3.25e+0  1.01    88.4 
 91 sigma_be…  1.07     0.780   1.06    0.757    0.0749   3.06e+0  1.02   160.  
 92 sigma_be…  1.16     0.795   1.28    0.746    0.0801   3.25e+0  1.03   224.  
 93 sigma_be…  1.20     0.842   1.44    0.773    0.0950   3.39e+0  1.03   175.  
 94 sigma_be…  1.25     0.882   1.28    0.759    0.0919   3.79e+0  1.03   140.  
 95 sigma_be…  0.971    0.746   0.894   0.671    0.0559   2.68e+0  1.05    59.3 
 96 sigma_be…  0.450    0.305   0.462   0.295    0.0326   1.39e+0  1.17     9.93
 97 sigma_be…  0.450    0.323   0.451   0.276    0.0269   1.32e+0  1.03   167.  
 98 sigma_be…  0.552    0.392   0.557   0.414    0.0217   1.57e+0  1.07    27.7 
 99 sigma_be…  1.04     0.773   1.04    0.769    0.0598   2.80e+0  1.00   169.  
100 sigma_be…  0.184    0.112   0.206   0.120    0.0104   5.96e-1  1.04   114.  
101 sigma_ga…  0.282    0.146   0.350   0.176    0.00806  1.00e+0  1.04    74.0 
102 sigma_ga…  1.27     0.838   1.50    0.807    0.0927   3.74e+0  1.01   114.  
103 sigma_al…  0.598    0.431   0.541   0.352    0.103    1.76e+0  1.01    89.6 
104 sigma_al…  0.284    0.177   0.349   0.186    0.0120   9.26e-1  1.01   111.  
105 sigma_de…  0.597    0.456   0.488   0.273    0.142    1.50e+0  1.05    87.8 
106 sigma_de…  0.530    0.408   0.441   0.311    0.100    1.31e+0  1.01   132.  
107 sigma_ph…  0.928    0.710   0.701   0.398    0.307    2.26e+0  1.01    94.7 
108 sigma_ga…  1.06     0.739   1.18    0.659    0.0834   3.24e+0  1.02   223.  
109 sigma_ga…  1.13     0.730   1.32    0.707    0.0892   3.43e+0  1.01   105.  
# ℹ 1 more variable: ess_tail <dbl>
[1] "Calculating lambda_mean..."
[1] "Calculating lambda_test_mean..."
[1] "Calculating y_rep_mean..."
[1] "Calculating y_test_rep_mean..."
[1] "Generating plots..."
[1] "exposure_JHDN7CF1C03X5_1" "exposure_W8T41JZK0ZMEP_1"
[1] 2
Adding missing grouping variables: `location_id_num`
[1] "Skipping daily plot for JHDN7CF1C03X5 due to missing daily data."
[1] "Skipping daily plot for W8T41JZK0ZMEP due to missing daily data."
[1] "Skipping MLflow logging as existing fit file was loaded."
[1] "Done."
          used  (Mb) gc trigger   (Mb)  max used   (Mb)
Ncells 5092365 272.0    8298357  443.2   8298357  443.2
Vcells 9447359  72.1  228277023 1741.7 285332622 2177.0
Warning messages:
1: Dropping 'draws_df' class as required metadata was removed. 
2: Dropping 'draws_df' class as required metadata was removed. 
3: Dropping 'draws_df' class as required metadata was removed. 
4: Dropping 'draws_df' class as required metadata was removed. 
