- The project is out-of-sync -- use `renv::status()` for details.
── Attaching core tidyverse packages ──────────────────────── tidyverse 2.0.0 ──
✔ dplyr     1.1.4     ✔ readr     2.1.5
✔ forcats   1.0.0     ✔ stringr   1.5.1
✔ ggplot2   3.5.1     ✔ tibble    3.2.1
✔ lubridate 1.9.4     ✔ tidyr     1.3.1
✔ purrr     1.0.4     
[conflicted] Will prefer dplyr::select over any other package.
[conflicted] Will prefer dplyr::filter over any other package.
[conflicted] Will prefer lubridate::year over any other package.
[conflicted] Will prefer lubridate::month over any other package.
[conflicted] Will prefer purrr::map over any other package.
[conflicted] Will prefer stats::sd over any other package.
[conflicted] Will prefer base::match over any other package.
This is cmdstanr version 0.9.0
- CmdStanR documentation and vignettes: mc-stan.org/cmdstanr
- CmdStan path: /home/nuttidalab/.cmdstan/cmdstan-2.36.0
- CmdStan version: 2.36.0

A newer version of CmdStan is available. See ?install_cmdstan() to install it.
To disable this check set option or environment variable cmdstanr_no_ver_check=TRUE.
This is posterior version 1.6.0
Registered S3 method overwritten by 'tsibble':
  method               from 
  as_tibble.grouped_df dplyr
── Attaching packages ──────────────────────────────────────────── fpp3 1.0.1 ──
✔ tsibble     1.1.6     ✔ feasts      0.4.1
✔ tsibbledata 0.4.1     ✔ fable       0.4.1
Loading required package: R.oo
Loading required package: R.methodsS3
R.methodsS3 v1.8.2 (2022-06-13 22:00:14 UTC) successfully loaded. See ?R.methodsS3 for help.
R.oo v1.27.0 (2024-11-01 18:00:02 UTC) successfully loaded. See ?R.oo for help.

Attaching package: ‘R.oo’

The following object is masked from ‘package:R.methodsS3’:

    throw

The following object is masked from ‘package:shiny’:

    printStackTrace

The following object is masked from ‘package:renv’:

    load

The following objects are masked from ‘package:methods’:

    getClasses, getMethods

The following objects are masked from ‘package:base’:

    attach, detach, load, save

R.utils v2.13.0 (2025-02-24 21:20:02 UTC) successfully loaded. See ?R.utils for help.
Registered S3 method overwritten by 'quantmod':
  method            from
  as.zoo.data.frame zoo 
Registered S3 methods overwritten by 'bayesforecast':
  method      from    
  autoplot.ts forecast
  forecast.ts forecast
  fortify.ts  forecast
  print.garch tseries 
[1] "# of rows: 34628"
[1] "# of rows: 8323"
[1] "Found 14 exposure columns in the data: exposure_VLZX7K2M9QD4T_1, exposure_SRQS8F7JWA9MZ_1, exposure_SRQS8F7JWA9MZ_2, exposure_2HRX9P6HKXA8V_1, exposure_JHDN7CF1C03X5_1, exposure_L69HYJ4Y3TR91_1, exposure_ED5J990H5VAZT_1, exposure_VLZX7K2M9QD4T_1_slope, exposure_SRQS8F7JWA9MZ_1_slope, exposure_SRQS8F7JWA9MZ_2_slope, exposure_2HRX9P6HKXA8V_1_slope, exposure_JHDN7CF1C03X5_1_slope, exposure_L69HYJ4Y3TR91_1_slope, exposure_ED5J990H5VAZT_1_slope"
Numeric columns considered for scaling:
vegan_window_sum_item_quantity,
vegetarian_window_sum_item_quantity,
meat_window_sum_item_quantity,
vegan_window_avg_item_price,
vegetarian_window_avg_item_price,
meat_window_avg_item_price,
breakfast_p_window_avg_item_price,
textured_p_window_avg_item_price,
untextured_p_window_avg_item_price,
chicken_p_window_avg_item_price,
dairy_p_window_avg_item_price,
egg_p_window_avg_item_price,
breakfast_window_avg_item_price,
textured_window_avg_item_price,
untextured_window_avg_item_price,
breakfast_t2_window_avg_item_price,
textured_t2_window_avg_item_price,
untextured_t2_window_avg_item_price,
chicken_t2_window_avg_item_price,
dairy_t2_window_avg_item_price,
day_of_month,
__index_level_0__,
Value,
vegan_price_real,
vegetarian_price_real,
meat_price_real,
breakfast_p_price_real,
textured_p_price_real,
untextured_p_price_real,
chicken_p_price_real,
dairy_p_price_real,
egg_p_price_real,
breakfast_price_real,
textured_price_real,
untextured_price_real,
breakfast_t2_price_real,
textured_t2_price_real,
untextured_t2_price_real,
chicken_t2_price_real,
dairy_t2_price_real,
inflation,
temp,
precip[1] "Successfully created `expo_to_rest` mapping."
[1] "Successfully created `expo_to_param` mapping."
Identified 14 exposure columns in the design matrix: 
exposure_VLZX7K2M9QD4T_1, 
exposure_SRQS8F7JWA9MZ_1, 
exposure_SRQS8F7JWA9MZ_2, 
exposure_2HRX9P6HKXA8V_1, 
exposure_JHDN7CF1C03X5_1, 
exposure_L69HYJ4Y3TR91_1, 
exposure_ED5J990H5VAZT_1, 
exposure_VLZX7K2M9QD4T_1_slope, 
exposure_SRQS8F7JWA9MZ_1_slope, 
exposure_SRQS8F7JWA9MZ_2_slope, 
exposure_2HRX9P6HKXA8V_1_slope, 
exposure_JHDN7CF1C03X5_1_slope, 
exposure_L69HYJ4Y3TR91_1_slope, 
exposure_ED5J990H5VAZT_1_slope
Identified 30 random beta columns: 
vegan_price_real, 
vegetarian_price_real, 
meat_price_real, 
weekend, 
holiday_window, 
month_cat2, 
month_cat3, 
month_cat4, 
month_cat5, 
month_cat6, 
month_cat7, 
month_cat8, 
month_cat9, 
month_cat10, 
month_cat11, 
month_cat12, 
seasonspring, 
seasonsummer, 
seasonwinter, 
year_cat2014, 
year_cat2015, 
year_cat2016, 
year_cat2017, 
year_cat2018, 
year_cat2019, 
year_cat2020, 
year_cat2021, 
year_cat2022, 
year_cat2023, 
date_num
Identified 9 fixed beta columns: 
day_of_week_cat1, 
day_of_week_cat2, 
day_of_week_cat3, 
day_of_week_cat4, 
day_of_week_cat5, 
day_of_week_cat6, 
inflation, 
temp, 
precip
Identified 2 random alpha indices (positions): 
1, 7
Identified 2 random delta indices (positions): 
1, 7
[1] "Open-day filtering: using 7166 of 7904 train obs, 396 of 419 test obs"
$R
[1] 6

$J
[1] 54

$p_effective
[1] 12

$q_effective
[1] 12

$M
[1] 2

$idx_intercept
[1] 1

$K_beta_random
[1] 30

$idx_beta_random
[1] 2 3 4 5 6 7

$K_beta_fixed
[1] 9

$idx_beta_fixed
[1] 32 33 34 35 36 37

$K_exposure
[1] 14

$idx_exposure
[1] 41 42 43 44 45 46

$expo_to_rest
[1] 1 2 2 3 4 5

$expo_to_param
[1] 1 1 1 1 1 1

$effective_lags_alpha
[1] 1 2 3 4 5 6

$K_alpha_random
[1] 2

$idx_alpha_random
[1] 1 7

$K_alpha_fixed
[1] 10

$idx_alpha_fixed
[1] 2 3 4 5 6 8

$effective_lags_delta
[1] 1 2 3 4 5 6

$K_delta_random
[1] 2

$idx_delta_random
[1] 1 7

$K_delta_fixed
[1] 10

$idx_delta_fixed
[1] 2 3 4 5 6 8

$N_train
[1] 7904

$X_train
  (Intercept) vegan_price_real vegetarian_price_real meat_price_real weekend
1           1       0.40385051             1.0711448     -0.02610961       1
2           1       1.25862927             0.3248613     -0.36300612       0
3           1       0.04434255             0.8651994      0.02587027       0
4           1       1.27233854             2.1529520     -0.34176686       0
5           1       0.32778335             0.2231908     -0.48801448       0
6           1       0.02400521             0.7189555      0.37959151       0
  holiday_window month_cat2 month_cat3 month_cat4 month_cat5 month_cat6
1              0          0          0          1          0          0
2              0          0          0          1          0          0
3              0          0          0          1          0          0
4              0          0          0          1          0          0
5              0          0          0          1          0          0
6              0          0          0          1          0          0
  month_cat7 month_cat8 month_cat9 month_cat10 month_cat11 month_cat12
1          0          0          0           0           0           0
2          0          0          0           0           0           0
3          0          0          0           0           0           0
4          0          0          0           0           0           0
5          0          0          0           0           0           0
6          0          0          0           0           0           0
  seasonspring seasonsummer seasonwinter year_cat2014 year_cat2015 year_cat2016
1            1            0            0            0            0            0
2            1            0            0            0            0            0
3            1            0            0            0            0            0
4            1            0            0            0            0            0
5            1            0            0            0            0            0
6            1            0            0            0            0            0
  year_cat2017 year_cat2018 year_cat2019 year_cat2020 year_cat2021 year_cat2022
1            0            0            0            0            1            0
2            0            0            0            0            1            0
3            0            0            0            0            1            0
4            0            0            0            0            1            0
5            0            0            0            0            1            0
6            0            0            0            0            1            0
  year_cat2023 date_num day_of_week_cat1 day_of_week_cat2 day_of_week_cat3
1            0 51.29363                0                0                0
2            0 51.29637                0                0                0
3            0 51.29911                1                0                0
4            0 51.30185                0                1                0
5            0 51.30459                0                0                1
6            0 51.30732                0                0                0
  day_of_week_cat4 day_of_week_cat5 day_of_week_cat6 inflation       temp
1                0                0                1 -1.756041  0.2058671
2                0                0                0 -1.756041 -0.9171702
3                0                0                0 -1.756041 -0.8251179
4                0                0                0 -1.756041 -1.3222000
5                0                0                0 -1.756041 -1.4326627
6                1                0                0 -1.756041 -0.7146553
      precip exposure_VLZX7K2M9QD4T_1 exposure_SRQS8F7JWA9MZ_1
1 -0.1813815                 0                        0
2 -0.1813815                 0                        0
3 -0.1813815                 0                        0
4 -0.1813815                 0                        0
5 -0.1813815                 0                        0
6 -0.1813815                 0                        0
  exposure_SRQS8F7JWA9MZ_2 exposure_2HRX9P6HKXA8V_1 exposure_JHDN7CF1C03X5_1
1                        0                        0                        0
2                        0                        0                        0
3                        0                        0                        0
4                        0                        0                        0
5                        0                        0                        0
6                        0                        0                        0
  exposure_L69HYJ4Y3TR91_1 exposure_ED5J990H5VAZT_1 exposure_VLZX7K2M9QD4T_1_slope
1                        0                        0                       0
2                        0                        0                       0
3                        0                        0                       0
4                        0                        0                       0
5                        0                        0                       0
6                        0                        0                       0
  exposure_SRQS8F7JWA9MZ_1_slope exposure_SRQS8F7JWA9MZ_2_slope
1                              0                              0
2                              0                              0
3                              0                              0
4                              0                              0
5                              0                              0
6                              0                              0
  exposure_2HRX9P6HKXA8V_1_slope exposure_JHDN7CF1C03X5_1_slope
1                              0                              0
2                              0                              0
3                              0                              0
4                              0                              0
5                              0                              0
6                              0                              0
  exposure_L69HYJ4Y3TR91_1_slope exposure_ED5J990H5VAZT_1_slope
1                              0                              0
2                              0                              0
3                              0                              0
4                              0                              0
5                              0                              0
6                              0                              0

$y_train
[1] 3758 3077 3030 3079 3223 3231

$idx_to_rest_train
[1] 1 1 1 1 1 1

$train_start_idx
[1]    1  347 1854 3442 4969 5287

$train_end_idx
[1]  346 1853 3441 4968 5286 7904

$N_test
[1] 419

$X_test
  (Intercept) vegan_price_real vegetarian_price_real meat_price_real weekend
1           1       -0.6859547            -0.9966515      -1.1888650       0
2           1        0.2629068            -1.2499632      -0.1869330       0
3           1       -0.4985976            -0.5248328      -0.7860672       0
4           1       -2.1638568            -2.8208443      -0.8300695       1
5           1       -1.2945464            -1.4078756      -1.0676717       1
6           1        0.9682882            -0.8194044      -0.8264540       0
  holiday_window month_cat2 month_cat3 month_cat4 month_cat5 month_cat6
1              0          0          1          0          0          0
2              0          0          1          0          0          0
3              0          0          0          1          0          0
4              0          0          0          1          0          0
5              0          0          0          1          0          0
6              0          0          0          1          0          0
  month_cat7 month_cat8 month_cat9 month_cat10 month_cat11 month_cat12
1          0          0          0           0           0           0
2          0          0          0           0           0           0
3          0          0          0           0           0           0
4          0          0          0           0           0           0
5          0          0          0           0           0           0
6          0          0          0           0           0           0
  seasonspring seasonsummer seasonwinter year_cat2014 year_cat2015 year_cat2016
1            1            0            0            0            0            0
2            1            0            0            0            0            0
3            1            0            0            0            0            0
4            1            0            0            0            0            0
5            1            0            0            0            0            0
6            1            0            0            0            0            0
  year_cat2017 year_cat2018 year_cat2019 year_cat2020 year_cat2021 year_cat2022
1            0            0            0            0            0            1
2            0            0            0            0            0            1
3            0            0            0            0            0            1
4            0            0            0            0            0            1
5            0            0            0            0            0            1
6            0            0            0            0            0            1
  year_cat2023 date_num day_of_week_cat1 day_of_week_cat2 day_of_week_cat3
1            0 52.24093                0                1                0
2            0 52.24367                0                0                1
3            0 52.24641                0                0                0
4            0 52.24914                0                0                0
5            0 52.25188                0                0                0
6            0 52.25462                0                0                0
  day_of_week_cat4 day_of_week_cat5 day_of_week_cat6 inflation       temp
1                0                0                0  1.437193 -0.8251179
2                0                0                0  1.437193 -0.4016777
3                1                0                0  1.737714 -0.2912150
4                0                1                0  1.737714  0.4083820
5                0                0                1  1.737714 -0.3096254
6                0                0                0  1.737714 -0.6041926
      precip exposure_VLZX7K2M9QD4T_1 exposure_SRQS8F7JWA9MZ_1
1 -0.1813815                 1                        0
2 -0.1813815                 1                        0
3 -0.1813815                 1                        0
4 -0.1813815                 1                        0
5 -0.1813815                 1                        0
6 -0.1813815                 1                        0
  exposure_SRQS8F7JWA9MZ_2 exposure_2HRX9P6HKXA8V_1 exposure_JHDN7CF1C03X5_1
1                        0                        0                        0
2                        0                        0                        0
3                        0                        0                        0
4                        0                        0                        0
5                        0                        0                        0
6                        0                        0                        0
  exposure_L69HYJ4Y3TR91_1 exposure_ED5J990H5VAZT_1 exposure_VLZX7K2M9QD4T_1_slope
1                        0                        0               0.4462697
2                        0                        0               0.4490075
3                        0                        0               0.4517454
4                        0                        0               0.4544832
5                        0                        0               0.4572211
6                        0                        0               0.4599589
  exposure_SRQS8F7JWA9MZ_1_slope exposure_SRQS8F7JWA9MZ_2_slope
1                              0                              0
2                              0                              0
3                              0                              0
4                              0                              0
5                              0                              0
6                              0                              0
  exposure_2HRX9P6HKXA8V_1_slope exposure_JHDN7CF1C03X5_1_slope
1                              0                              0
2                              0                              0
3                              0                              0
4                              0                              0
5                              0                              0
6                              0                              0
  exposure_L69HYJ4Y3TR91_1_slope exposure_ED5J990H5VAZT_1_slope
1                              0                              0
2                              0                              0
3                              0                              0
4                              0                              0
5                              0                              0
6                              0                              0

$y_test
[1] 3876 4027 3941 4151 4063 3638

$idx_to_rest_test
[1] 1 1 1 1 1 1

$test_start_idx
[1]   1  20 100 184 265 282

$test_end_idx
[1]  19  99 183 264 281 419

$mu_gamma_scale
[1] 1

$sigma_gamma_between_scale
[1] 1

$sigma_gamma_within_scale
[1] 1

$mu_beta_scale
[1] 1

$sigma_beta_scale
[1] 1

$mu_alpha_scale
[1] 1

$sigma_alpha_scale
[1] 1

$mu_delta_scale
[1] 1

$sigma_delta_scale
[1] 1

$mu_phi_log_scale
[1] 2

$sigma_phi_log_scale
[1] 1

$z_eta_scale
[1] 1

$z_gamma_scale
[1] 1

$z_beta_scale
[1] 1

$z_alpha_scale
[1] 1

$z_delta_scale
[1] 1

$z_phi_scale
[1] 1

$apply_truncation
[1] 1

$N_total_nonzero
[1] 7166

$idx_total_nonzero
[1] 1 2 3 4 5 6

$N_total_nonzero_test
[1] 396

$idx_total_nonzero_test
[1] 1 2 3 4 5 6

[1] "Using Stan model: model_multilevel_transfer_truncated.stan"
[1] "Fitting the multilevel model..."
Running MCMC with 3 parallel chains...

Chain 1 Informational Message: The current Metropolis proposal is about to be rejected because of the following issue:
Chain 1 Exception: neg_binomial_2_lpmf: Location parameter[1] is inf, but must be positive finite! (in '/tmp/RtmpluAkZI/model-1522431ee35391.stan', line 495, column 4 to column 67)
Chain 1 If this warning occurs sporadically, such as for highly constrained variable types like covariance matrices, then the sampler is fine,
Chain 1 but if this warning occurs often then your model may be either severely ill-conditioned or misspecified.
Chain 1 
Chain 1 Informational Message: The current Metropolis proposal is about to be rejected because of the following issue:
Chain 1 Exception: neg_binomial_2_lpmf: Location parameter[1] is inf, but must be positive finite! (in '/tmp/RtmpluAkZI/model-1522431ee35391.stan', line 495, column 4 to column 67)
Chain 1 If this warning occurs sporadically, such as for highly constrained variable types like covariance matrices, then the sampler is fine,
Chain 1 but if this warning occurs often then your model may be either severely ill-conditioned or misspecified.
Chain 1 
Chain 2 Informational Message: The current Metropolis proposal is about to be rejected because of the following issue:
Chain 2 Exception: neg_binomial_2_lpmf: Location parameter[1] is -nan, but must be positive finite! (in '/tmp/RtmpluAkZI/model-1522431ee35391.stan', line 495, column 4 to column 67)
Chain 2 If this warning occurs sporadically, such as for highly constrained variable types like covariance matrices, then the sampler is fine,
Chain 2 but if this warning occurs often then your model may be either severely ill-conditioned or misspecified.
Chain 2 
Chain 1 Informational Message: The current Metropolis proposal is about to be rejected because of the following issue:
Chain 1 Exception: neg_binomial_2_lpmf: Location parameter[1] is inf, but must be positive finite! (in '/tmp/RtmpluAkZI/model-1522431ee35391.stan', line 495, column 4 to column 67)
Chain 1 If this warning occurs sporadically, such as for highly constrained variable types like covariance matrices, then the sampler is fine,
Chain 1 but if this warning occurs often then your model may be either severely ill-conditioned or misspecified.
Chain 1 
Chain 1 Informational Message: The current Metropolis proposal is about to be rejected because of the following issue:
Chain 1 Exception: neg_binomial_2_lpmf: Location parameter[1] is inf, but must be positive finite! (in '/tmp/RtmpluAkZI/model-1522431ee35391.stan', line 495, column 4 to column 67)
Chain 1 If this warning occurs sporadically, such as for highly constrained variable types like covariance matrices, then the sampler is fine,
Chain 1 but if this warning occurs often then your model may be either severely ill-conditioned or misspecified.
Chain 1 
Chain 2 Informational Message: The current Metropolis proposal is about to be rejected because of the following issue:
Chain 2 Exception: neg_binomial_2_lpmf: Location parameter[1] is -nan, but must be positive finite! (in '/tmp/RtmpluAkZI/model-1522431ee35391.stan', line 495, column 4 to column 67)
Chain 2 If this warning occurs sporadically, such as for highly constrained variable types like covariance matrices, then the sampler is fine,
Chain 2 but if this warning occurs often then your model may be either severely ill-conditioned or misspecified.
Chain 2 
Chain 3 Informational Message: The current Metropolis proposal is about to be rejected because of the following issue:
Chain 3 Exception: neg_binomial_2_lpmf: Location parameter[1] is inf, but must be positive finite! (in '/tmp/RtmpluAkZI/model-1522431ee35391.stan', line 495, column 4 to column 67)
Chain 3 If this warning occurs sporadically, such as for highly constrained variable types like covariance matrices, then the sampler is fine,
Chain 3 but if this warning occurs often then your model may be either severely ill-conditioned or misspecified.
Chain 3 
Chain 1 Informational Message: The current Metropolis proposal is about to be rejected because of the following issue:
Chain 1 Exception: neg_binomial_2_lpmf: Location parameter[1] is inf, but must be positive finite! (in '/tmp/RtmpluAkZI/model-1522431ee35391.stan', line 495, column 4 to column 67)
Chain 1 If this warning occurs sporadically, such as for highly constrained variable types like covariance matrices, then the sampler is fine,
Chain 1 but if this warning occurs often then your model may be either severely ill-conditioned or misspecified.
Chain 1 
Chain 2 Informational Message: The current Metropolis proposal is about to be rejected because of the following issue:
Chain 2 Exception: neg_binomial_2_lpmf: Location parameter[1] is -nan, but must be positive finite! (in '/tmp/RtmpluAkZI/model-1522431ee35391.stan', line 495, column 4 to column 67)
Chain 2 If this warning occurs sporadically, such as for highly constrained variable types like covariance matrices, then the sampler is fine,
Chain 2 but if this warning occurs often then your model may be either severely ill-conditioned or misspecified.
Chain 2 
Chain 3 Informational Message: The current Metropolis proposal is about to be rejected because of the following issue:
Chain 3 Exception: neg_binomial_2_lpmf: Location parameter[1] is inf, but must be positive finite! (in '/tmp/RtmpluAkZI/model-1522431ee35391.stan', line 495, column 4 to column 67)
Chain 3 If this warning occurs sporadically, such as for highly constrained variable types like covariance matrices, then the sampler is fine,
Chain 3 but if this warning occurs often then your model may be either severely ill-conditioned or misspecified.
Chain 3 
Chain 1 Informational Message: The current Metropolis proposal is about to be rejected because of the following issue:
Chain 1 Exception: neg_binomial_2_lpmf: Location parameter[1] is inf, but must be positive finite! (in '/tmp/RtmpluAkZI/model-1522431ee35391.stan', line 495, column 4 to column 67)
Chain 1 If this warning occurs sporadically, such as for highly constrained variable types like covariance matrices, then the sampler is fine,
Chain 1 but if this warning occurs often then your model may be either severely ill-conditioned or misspecified.
Chain 1 
Chain 2 Informational Message: The current Metropolis proposal is about to be rejected because of the following issue:
Chain 2 Exception: neg_binomial_2_lpmf: Location parameter[1] is -nan, but must be positive finite! (in '/tmp/RtmpluAkZI/model-1522431ee35391.stan', line 495, column 4 to column 67)
Chain 2 If this warning occurs sporadically, such as for highly constrained variable types like covariance matrices, then the sampler is fine,
Chain 2 but if this warning occurs often then your model may be either severely ill-conditioned or misspecified.
Chain 2 
Chain 3 Informational Message: The current Metropolis proposal is about to be rejected because of the following issue:
Chain 3 Exception: neg_binomial_2_lpmf: Location parameter[1] is inf, but must be positive finite! (in '/tmp/RtmpluAkZI/model-1522431ee35391.stan', line 495, column 4 to column 67)
Chain 3 If this warning occurs sporadically, such as for highly constrained variable types like covariance matrices, then the sampler is fine,
Chain 3 but if this warning occurs often then your model may be either severely ill-conditioned or misspecified.
Chain 3 
Chain 1 Informational Message: The current Metropolis proposal is about to be rejected because of the following issue:
Chain 1 Exception: neg_binomial_2_lpmf: Location parameter[1] is inf, but must be positive finite! (in '/tmp/RtmpluAkZI/model-1522431ee35391.stan', line 495, column 4 to column 67)
Chain 1 If this warning occurs sporadically, such as for highly constrained variable types like covariance matrices, then the sampler is fine,
Chain 1 but if this warning occurs often then your model may be either severely ill-conditioned or misspecified.
Chain 1 
Chain 2 Informational Message: The current Metropolis proposal is about to be rejected because of the following issue:
Chain 2 Exception: neg_binomial_2_lpmf: Location parameter[1] is -nan, but must be positive finite! (in '/tmp/RtmpluAkZI/model-1522431ee35391.stan', line 495, column 4 to column 67)
Chain 2 If this warning occurs sporadically, such as for highly constrained variable types like covariance matrices, then the sampler is fine,
Chain 2 but if this warning occurs often then your model may be either severely ill-conditioned or misspecified.
Chain 2 
Chain 3 Informational Message: The current Metropolis proposal is about to be rejected because of the following issue:
Chain 3 Exception: neg_binomial_2_lpmf: Location parameter[1] is inf, but must be positive finite! (in '/tmp/RtmpluAkZI/model-1522431ee35391.stan', line 495, column 4 to column 67)
Chain 3 If this warning occurs sporadically, such as for highly constrained variable types like covariance matrices, then the sampler is fine,
Chain 3 but if this warning occurs often then your model may be either severely ill-conditioned or misspecified.
Chain 3 
Chain 1 Informational Message: The current Metropolis proposal is about to be rejected because of the following issue:
Chain 1 Exception: neg_binomial_2_lpmf: Location parameter[1] is inf, but must be positive finite! (in '/tmp/RtmpluAkZI/model-1522431ee35391.stan', line 495, column 4 to column 67)
Chain 1 If this warning occurs sporadically, such as for highly constrained variable types like covariance matrices, then the sampler is fine,
Chain 1 but if this warning occurs often then your model may be either severely ill-conditioned or misspecified.
Chain 1 
Chain 2 Informational Message: The current Metropolis proposal is about to be rejected because of the following issue:
Chain 2 Exception: neg_binomial_2_lpmf: Location parameter[1] is -nan, but must be positive finite! (in '/tmp/RtmpluAkZI/model-1522431ee35391.stan', line 495, column 4 to column 67)
Chain 2 If this warning occurs sporadically, such as for highly constrained variable types like covariance matrices, then the sampler is fine,
Chain 2 but if this warning occurs often then your model may be either severely ill-conditioned or misspecified.
Chain 2 
Chain 1 Informational Message: The current Metropolis proposal is about to be rejected because of the following issue:
Chain 1 Exception: neg_binomial_2_lpmf: Location parameter[1] is inf, but must be positive finite! (in '/tmp/RtmpluAkZI/model-1522431ee35391.stan', line 495, column 4 to column 67)
Chain 1 If this warning occurs sporadically, such as for highly constrained variable types like covariance matrices, then the sampler is fine,
Chain 1 but if this warning occurs often then your model may be either severely ill-conditioned or misspecified.
Chain 1 
Chain 2 Informational Message: The current Metropolis proposal is about to be rejected because of the following issue:
Chain 2 Exception: neg_binomial_2_lpmf: Location parameter[1] is 0, but must be positive finite! (in '/tmp/RtmpluAkZI/model-1522431ee35391.stan', line 495, column 4 to column 67)
Chain 2 If this warning occurs sporadically, such as for highly constrained variable types like covariance matrices, then the sampler is fine,
Chain 2 but if this warning occurs often then your model may be either severely ill-conditioned or misspecified.
Chain 2 
Chain 3 Informational Message: The current Metropolis proposal is about to be rejected because of the following issue:
Chain 3 Exception: neg_binomial_2_lpmf: Location parameter[1] is inf, but must be positive finite! (in '/tmp/RtmpluAkZI/model-1522431ee35391.stan', line 495, column 4 to column 67)
Chain 3 If this warning occurs sporadically, such as for highly constrained variable types like covariance matrices, then the sampler is fine,
Chain 3 but if this warning occurs often then your model may be either severely ill-conditioned or misspecified.
Chain 3 
Chain 1 Informational Message: The current Metropolis proposal is about to be rejected because of the following issue:
Chain 1 Exception: neg_binomial_2_lpmf: Location parameter[1] is inf, but must be positive finite! (in '/tmp/RtmpluAkZI/model-1522431ee35391.stan', line 495, column 4 to column 67)
Chain 1 If this warning occurs sporadically, such as for highly constrained variable types like covariance matrices, then the sampler is fine,
Chain 1 but if this warning occurs often then your model may be either severely ill-conditioned or misspecified.
Chain 1 
Chain 2 Informational Message: The current Metropolis proposal is about to be rejected because of the following issue:
Chain 2 Exception: neg_binomial_2_lpmf: Location parameter[1] is 0, but must be positive finite! (in '/tmp/RtmpluAkZI/model-1522431ee35391.stan', line 495, column 4 to column 67)
Chain 2 If this warning occurs sporadically, such as for highly constrained variable types like covariance matrices, then the sampler is fine,
Chain 2 but if this warning occurs often then your model may be either severely ill-conditioned or misspecified.
Chain 2 
Chain 3 Informational Message: The current Metropolis proposal is about to be rejected because of the following issue:
Chain 3 Exception: neg_binomial_2_lpmf: Location parameter[1] is inf, but must be positive finite! (in '/tmp/RtmpluAkZI/model-1522431ee35391.stan', line 495, column 4 to column 67)
Chain 3 If this warning occurs sporadically, such as for highly constrained variable types like covariance matrices, then the sampler is fine,
Chain 3 but if this warning occurs often then your model may be either severely ill-conditioned or misspecified.
Chain 3 
Chain 1 Informational Message: The current Metropolis proposal is about to be rejected because of the following issue:
Chain 1 Exception: neg_binomial_2_lpmf: Location parameter[1] is inf, but must be positive finite! (in '/tmp/RtmpluAkZI/model-1522431ee35391.stan', line 495, column 4 to column 67)
Chain 1 If this warning occurs sporadically, such as for highly constrained variable types like covariance matrices, then the sampler is fine,
Chain 1 but if this warning occurs often then your model may be either severely ill-conditioned or misspecified.
Chain 1 
Chain 2 Informational Message: The current Metropolis proposal is about to be rejected because of the following issue:
Chain 2 Exception: neg_binomial_2_lpmf: Location parameter[20] is inf, but must be positive finite! (in '/tmp/RtmpluAkZI/model-1522431ee35391.stan', line 495, column 4 to column 67)
Chain 2 If this warning occurs sporadically, such as for highly constrained variable types like covariance matrices, then the sampler is fine,
Chain 2 but if this warning occurs often then your model may be either severely ill-conditioned or misspecified.
Chain 2 
Chain 3 Informational Message: The current Metropolis proposal is about to be rejected because of the following issue:
Chain 3 Exception: neg_binomial_2_lpmf: Location parameter[1] is inf, but must be positive finite! (in '/tmp/RtmpluAkZI/model-1522431ee35391.stan', line 495, column 4 to column 67)
Chain 3 If this warning occurs sporadically, such as for highly constrained variable types like covariance matrices, then the sampler is fine,
Chain 3 but if this warning occurs often then your model may be either severely ill-conditioned or misspecified.
Chain 3 
Chain 2 Informational Message: The current Metropolis proposal is about to be rejected because of the following issue:
Chain 2 Exception: neg_binomial_2_lpmf: Location parameter[26] is inf, but must be positive finite! (in '/tmp/RtmpluAkZI/model-1522431ee35391.stan', line 495, column 4 to column 67)
Chain 2 If this warning occurs sporadically, such as for highly constrained variable types like covariance matrices, then the sampler is fine,
Chain 2 but if this warning occurs often then your model may be either severely ill-conditioned or misspecified.
Chain 2 
Chain 3 Informational Message: The current Metropolis proposal is about to be rejected because of the following issue:
Chain 3 Exception: neg_binomial_2_lpmf: Location parameter[1] is inf, but must be positive finite! (in '/tmp/RtmpluAkZI/model-1522431ee35391.stan', line 495, column 4 to column 67)
Chain 3 If this warning occurs sporadically, such as for highly constrained variable types like covariance matrices, then the sampler is fine,
Chain 3 but if this warning occurs often then your model may be either severely ill-conditioned or misspecified.
Chain 3 
Chain 1 Informational Message: The current Metropolis proposal is about to be rejected because of the following issue:
Chain 1 Exception: neg_binomial_2_lpmf: Location parameter[25] is inf, but must be positive finite! (in '/tmp/RtmpluAkZI/model-1522431ee35391.stan', line 495, column 4 to column 67)
Chain 1 If this warning occurs sporadically, such as for highly constrained variable types like covariance matrices, then the sampler is fine,
Chain 1 but if this warning occurs often then your model may be either severely ill-conditioned or misspecified.
Chain 1 
Chain 2 Informational Message: The current Metropolis proposal is about to be rejected because of the following issue:
Chain 2 Exception: neg_binomial_2_lpmf: Location parameter[33] is inf, but must be positive finite! (in '/tmp/RtmpluAkZI/model-1522431ee35391.stan', line 495, column 4 to column 67)
Chain 2 If this warning occurs sporadically, such as for highly constrained variable types like covariance matrices, then the sampler is fine,
Chain 2 but if this warning occurs often then your model may be either severely ill-conditioned or misspecified.
Chain 2 
Chain 3 Informational Message: The current Metropolis proposal is about to be rejected because of the following issue:
Chain 3 Exception: neg_binomial_2_lpmf: Location parameter[1] is inf, but must be positive finite! (in '/tmp/RtmpluAkZI/model-1522431ee35391.stan', line 495, column 4 to column 67)
Chain 3 If this warning occurs sporadically, such as for highly constrained variable types like covariance matrices, then the sampler is fine,
Chain 3 but if this warning occurs often then your model may be either severely ill-conditioned or misspecified.
Chain 3 
Chain 2 Informational Message: The current Metropolis proposal is about to be rejected because of the following issue:
Chain 2 Exception: neg_binomial_2_lpmf: Location parameter[81] is 0, but must be positive finite! (in '/tmp/RtmpluAkZI/model-1522431ee35391.stan', line 495, column 4 to column 67)
Chain 2 If this warning occurs sporadically, such as for highly constrained variable types like covariance matrices, then the sampler is fine,
Chain 2 but if this warning occurs often then your model may be either severely ill-conditioned or misspecified.
Chain 2 
Chain 3 Informational Message: The current Metropolis proposal is about to be rejected because of the following issue:
Chain 3 Exception: neg_binomial_2_lpmf: Location parameter[1] is inf, but must be positive finite! (in '/tmp/RtmpluAkZI/model-1522431ee35391.stan', line 495, column 4 to column 67)
Chain 3 If this warning occurs sporadically, such as for highly constrained variable types like covariance matrices, then the sampler is fine,
Chain 3 but if this warning occurs often then your model may be either severely ill-conditioned or misspecified.
Chain 3 
Chain 3 Informational Message: The current Metropolis proposal is about to be rejected because of the following issue:
Chain 3 Exception: neg_binomial_2_lpmf: Location parameter[1] is inf, but must be positive finite! (in '/tmp/RtmpluAkZI/model-1522431ee35391.stan', line 495, column 4 to column 67)
Chain 3 If this warning occurs sporadically, such as for highly constrained variable types like covariance matrices, then the sampler is fine,
Chain 3 but if this warning occurs often then your model may be either severely ill-conditioned or misspecified.
Chain 3 
Chain 1 Iteration:    1 / 3500 [  0%]  (Warmup) 
Chain 3 Informational Message: The current Metropolis proposal is about to be rejected because of the following issue:
Chain 3 Exception: neg_binomial_2_lpmf: Location parameter[1] is inf, but must be positive finite! (in '/tmp/RtmpluAkZI/model-1522431ee35391.stan', line 495, column 4 to column 67)
Chain 3 If this warning occurs sporadically, such as for highly constrained variable types like covariance matrices, then the sampler is fine,
Chain 3 but if this warning occurs often then your model may be either severely ill-conditioned or misspecified.
Chain 3 
Chain 2 Iteration:    1 / 3500 [  0%]  (Warmup) 
Chain 2 Informational Message: The current Metropolis proposal is about to be rejected because of the following issue:
Chain 2 Exception: neg_binomial_2_lpmf: Location parameter[1] is 0, but must be positive finite! (in '/tmp/RtmpluAkZI/model-1522431ee35391.stan', line 495, column 4 to column 67)
Chain 2 If this warning occurs sporadically, such as for highly constrained variable types like covariance matrices, then the sampler is fine,
Chain 2 but if this warning occurs often then your model may be either severely ill-conditioned or misspecified.
Chain 2 
Chain 2 Informational Message: The current Metropolis proposal is about to be rejected because of the following issue:
Chain 2 Exception: neg_binomial_2_lpmf: Location parameter[1] is 0, but must be positive finite! (in '/tmp/RtmpluAkZI/model-1522431ee35391.stan', line 495, column 4 to column 67)
Chain 2 If this warning occurs sporadically, such as for highly constrained variable types like covariance matrices, then the sampler is fine,
Chain 2 but if this warning occurs often then your model may be either severely ill-conditioned or misspecified.
Chain 2 
Chain 3 Iteration:    1 / 3500 [  0%]  (Warmup) 
Chain 2 Informational Message: The current Metropolis proposal is about to be rejected because of the following issue:
Chain 2 Exception: neg_binomial_2_lpmf: Location parameter[1] is 0, but must be positive finite! (in '/tmp/RtmpluAkZI/model-1522431ee35391.stan', line 495, column 4 to column 67)
Chain 2 If this warning occurs sporadically, such as for highly constrained variable types like covariance matrices, then the sampler is fine,
Chain 2 but if this warning occurs often then your model may be either severely ill-conditioned or misspecified.
Chain 2 
Chain 2 Informational Message: The current Metropolis proposal is about to be rejected because of the following issue:
Chain 2 Exception: neg_binomial_2_lpmf: Location parameter[26] is inf, but must be positive finite! (in '/tmp/RtmpluAkZI/model-1522431ee35391.stan', line 495, column 4 to column 67)
Chain 2 If this warning occurs sporadically, such as for highly constrained variable types like covariance matrices, then the sampler is fine,
Chain 2 but if this warning occurs often then your model may be either severely ill-conditioned or misspecified.
Chain 2 
Chain 1 Informational Message: The current Metropolis proposal is about to be rejected because of the following issue:
Chain 1 Exception: neg_binomial_2_lpmf: Location parameter[1] is -nan, but must be positive finite! (in '/tmp/RtmpluAkZI/model-1522431ee35391.stan', line 495, column 4 to column 67)
Chain 1 If this warning occurs sporadically, such as for highly constrained variable types like covariance matrices, then the sampler is fine,
Chain 1 but if this warning occurs often then your model may be either severely ill-conditioned or misspecified.
Chain 1 
Chain 1 Informational Message: The current Metropolis proposal is about to be rejected because of the following issue:
Chain 1 Exception: neg_binomial_2_lpmf: Location parameter[1] is -nan, but must be positive finite! (in '/tmp/RtmpluAkZI/model-1522431ee35391.stan', line 495, column 4 to column 67)
Chain 1 If this warning occurs sporadically, such as for highly constrained variable types like covariance matrices, then the sampler is fine,
Chain 1 but if this warning occurs often then your model may be either severely ill-conditioned or misspecified.
Chain 1 
Chain 3 Informational Message: The current Metropolis proposal is about to be rejected because of the following issue:
Chain 3 Exception: neg_binomial_2_lpmf: Location parameter[1] is -nan, but must be positive finite! (in '/tmp/RtmpluAkZI/model-1522431ee35391.stan', line 495, column 4 to column 67)
Chain 3 If this warning occurs sporadically, such as for highly constrained variable types like covariance matrices, then the sampler is fine,
Chain 3 but if this warning occurs often then your model may be either severely ill-conditioned or misspecified.
Chain 3 
Chain 1 Informational Message: The current Metropolis proposal is about to be rejected because of the following issue:
Chain 1 Exception: neg_binomial_2_lpmf: Location parameter[1] is 0, but must be positive finite! (in '/tmp/RtmpluAkZI/model-1522431ee35391.stan', line 495, column 4 to column 67)
Chain 1 If this warning occurs sporadically, such as for highly constrained variable types like covariance matrices, then the sampler is fine,
Chain 1 but if this warning occurs often then your model may be either severely ill-conditioned or misspecified.
Chain 1 
Chain 3 Informational Message: The current Metropolis proposal is about to be rejected because of the following issue:
Chain 3 Exception: neg_binomial_2_lpmf: Location parameter[1] is -nan, but must be positive finite! (in '/tmp/RtmpluAkZI/model-1522431ee35391.stan', line 495, column 4 to column 67)
Chain 3 If this warning occurs sporadically, such as for highly constrained variable types like covariance matrices, then the sampler is fine,
Chain 3 but if this warning occurs often then your model may be either severely ill-conditioned or misspecified.
Chain 3 
Chain 1 Informational Message: The current Metropolis proposal is about to be rejected because of the following issue:
Chain 1 Exception: neg_binomial_2_lpmf: Location parameter[17] is 0, but must be positive finite! (in '/tmp/RtmpluAkZI/model-1522431ee35391.stan', line 495, column 4 to column 67)
Chain 1 If this warning occurs sporadically, such as for highly constrained variable types like covariance matrices, then the sampler is fine,
Chain 1 but if this warning occurs often then your model may be either severely ill-conditioned or misspecified.
Chain 1 
Chain 3 Informational Message: The current Metropolis proposal is about to be rejected because of the following issue:
Chain 3 Exception: neg_binomial_2_lpmf: Location parameter[1] is -nan, but must be positive finite! (in '/tmp/RtmpluAkZI/model-1522431ee35391.stan', line 495, column 4 to column 67)
Chain 3 If this warning occurs sporadically, such as for highly constrained variable types like covariance matrices, then the sampler is fine,
Chain 3 but if this warning occurs often then your model may be either severely ill-conditioned or misspecified.
Chain 3 
Chain 3 Informational Message: The current Metropolis proposal is about to be rejected because of the following issue:
Chain 3 Exception: neg_binomial_2_lpmf: Location parameter[11] is 0, but must be positive finite! (in '/tmp/RtmpluAkZI/model-1522431ee35391.stan', line 495, column 4 to column 67)
Chain 3 If this warning occurs sporadically, such as for highly constrained variable types like covariance matrices, then the sampler is fine,
Chain 3 but if this warning occurs often then your model may be either severely ill-conditioned or misspecified.
Chain 3 
Chain 3 Iteration:  100 / 3500 [  2%]  (Warmup) 
Chain 1 Iteration:  100 / 3500 [  2%]  (Warmup) 
Chain 2 Iteration:  100 / 3500 [  2%]  (Warmup) 
Chain 3 Iteration:  200 / 3500 [  5%]  (Warmup) 
Chain 2 Iteration:  200 / 3500 [  5%]  (Warmup) 
Chain 1 Iteration:  200 / 3500 [  5%]  (Warmup) 
Chain 3 Iteration:  300 / 3500 [  8%]  (Warmup) 
Chain 2 Iteration:  300 / 3500 [  8%]  (Warmup) 
Chain 1 Iteration:  300 / 3500 [  8%]  (Warmup) 
Chain 2 Iteration:  400 / 3500 [ 11%]  (Warmup) 
Chain 3 Iteration:  400 / 3500 [ 11%]  (Warmup) 
Chain 1 Iteration:  400 / 3500 [ 11%]  (Warmup) 
Chain 2 Iteration:  500 / 3500 [ 14%]  (Warmup) 
Chain 3 Iteration:  500 / 3500 [ 14%]  (Warmup) 
Chain 1 Iteration:  500 / 3500 [ 14%]  (Warmup) 
Chain 2 Iteration:  600 / 3500 [ 17%]  (Warmup) 
Chain 3 Iteration:  600 / 3500 [ 17%]  (Warmup) 
Chain 1 Iteration:  600 / 3500 [ 17%]  (Warmup) 
Chain 2 Iteration:  700 / 3500 [ 20%]  (Warmup) 
Chain 3 Iteration:  700 / 3500 [ 20%]  (Warmup) 
Chain 1 Iteration:  700 / 3500 [ 20%]  (Warmup) 
Chain 2 Iteration:  800 / 3500 [ 22%]  (Warmup) 
Chain 3 Iteration:  800 / 3500 [ 22%]  (Warmup) 
Chain 1 Iteration:  800 / 3500 [ 22%]  (Warmup) 
Chain 2 Iteration:  900 / 3500 [ 25%]  (Warmup) 
Chain 3 Iteration:  900 / 3500 [ 25%]  (Warmup) 
Chain 1 Iteration:  900 / 3500 [ 25%]  (Warmup) 
Chain 2 Iteration: 1000 / 3500 [ 28%]  (Warmup) 
Chain 3 Iteration: 1000 / 3500 [ 28%]  (Warmup) 
Chain 1 Iteration: 1000 / 3500 [ 28%]  (Warmup) 
Chain 2 Iteration: 1100 / 3500 [ 31%]  (Warmup) 
Chain 3 Iteration: 1100 / 3500 [ 31%]  (Warmup) 
Chain 1 Iteration: 1100 / 3500 [ 31%]  (Warmup) 
Chain 2 Iteration: 1200 / 3500 [ 34%]  (Warmup) 
Chain 3 Iteration: 1200 / 3500 [ 34%]  (Warmup) 
Chain 1 Iteration: 1200 / 3500 [ 34%]  (Warmup) 
Chain 2 Iteration: 1300 / 3500 [ 37%]  (Warmup) 
Chain 3 Iteration: 1300 / 3500 [ 37%]  (Warmup) 
Chain 1 Iteration: 1300 / 3500 [ 37%]  (Warmup) 
Chain 2 Iteration: 1400 / 3500 [ 40%]  (Warmup) 
Chain 3 Iteration: 1400 / 3500 [ 40%]  (Warmup) 
Chain 1 Iteration: 1400 / 3500 [ 40%]  (Warmup) 
Chain 2 Iteration: 1500 / 3500 [ 42%]  (Warmup) 
Chain 2 Iteration: 1501 / 3500 [ 42%]  (Sampling) 
Chain 3 Iteration: 1500 / 3500 [ 42%]  (Warmup) 
Chain 3 Iteration: 1501 / 3500 [ 42%]  (Sampling) 
Chain 1 Iteration: 1500 / 3500 [ 42%]  (Warmup) 
Chain 1 Iteration: 1501 / 3500 [ 42%]  (Sampling) 
Chain 2 Iteration: 1600 / 3500 [ 45%]  (Sampling) 
Chain 3 Iteration: 1600 / 3500 [ 45%]  (Sampling) 
Chain 1 Iteration: 1600 / 3500 [ 45%]  (Sampling) 
Chain 2 Iteration: 1700 / 3500 [ 48%]  (Sampling) 
Chain 3 Iteration: 1700 / 3500 [ 48%]  (Sampling) 
Chain 1 Iteration: 1700 / 3500 [ 48%]  (Sampling) 
Chain 2 Iteration: 1800 / 3500 [ 51%]  (Sampling) 
Chain 3 Iteration: 1800 / 3500 [ 51%]  (Sampling) 
Chain 1 Iteration: 1800 / 3500 [ 51%]  (Sampling) 
Chain 2 Iteration: 1900 / 3500 [ 54%]  (Sampling) 
Chain 3 Iteration: 1900 / 3500 [ 54%]  (Sampling) 
Chain 1 Iteration: 1900 / 3500 [ 54%]  (Sampling) 
Chain 2 Iteration: 2000 / 3500 [ 57%]  (Sampling) 
Chain 3 Iteration: 2000 / 3500 [ 57%]  (Sampling) 
Chain 1 Iteration: 2000 / 3500 [ 57%]  (Sampling) 
Chain 2 Iteration: 2100 / 3500 [ 60%]  (Sampling) 
Chain 3 Iteration: 2100 / 3500 [ 60%]  (Sampling) 
Chain 1 Iteration: 2100 / 3500 [ 60%]  (Sampling) 
Chain 2 Iteration: 2200 / 3500 [ 62%]  (Sampling) 
Chain 3 Iteration: 2200 / 3500 [ 62%]  (Sampling) 
Chain 1 Iteration: 2200 / 3500 [ 62%]  (Sampling) 
Chain 2 Iteration: 2300 / 3500 [ 65%]  (Sampling) 
Chain 3 Iteration: 2300 / 3500 [ 65%]  (Sampling) 
Chain 1 Iteration: 2300 / 3500 [ 65%]  (Sampling) 
Chain 2 Iteration: 2400 / 3500 [ 68%]  (Sampling) 
Chain 3 Iteration: 2400 / 3500 [ 68%]  (Sampling) 
Chain 1 Iteration: 2400 / 3500 [ 68%]  (Sampling) 
Chain 2 Iteration: 2500 / 3500 [ 71%]  (Sampling) 
Chain 3 Iteration: 2500 / 3500 [ 71%]  (Sampling) 
Chain 1 Iteration: 2500 / 3500 [ 71%]  (Sampling) 
Chain 2 Iteration: 2600 / 3500 [ 74%]  (Sampling) 
Chain 3 Iteration: 2600 / 3500 [ 74%]  (Sampling) 
Chain 1 Iteration: 2600 / 3500 [ 74%]  (Sampling) 
Chain 2 Iteration: 2700 / 3500 [ 77%]  (Sampling) 
Chain 3 Iteration: 2700 / 3500 [ 77%]  (Sampling) 
Chain 1 Iteration: 2700 / 3500 [ 77%]  (Sampling) 
Chain 2 Iteration: 2800 / 3500 [ 80%]  (Sampling) 
Chain 3 Iteration: 2800 / 3500 [ 80%]  (Sampling) 
Chain 1 Iteration: 2800 / 3500 [ 80%]  (Sampling) 
Chain 2 Iteration: 2900 / 3500 [ 82%]  (Sampling) 
Chain 3 Iteration: 2900 / 3500 [ 82%]  (Sampling) 
Chain 1 Iteration: 2900 / 3500 [ 82%]  (Sampling) 
Chain 2 Iteration: 3000 / 3500 [ 85%]  (Sampling) 
Chain 3 Iteration: 3000 / 3500 [ 85%]  (Sampling) 
Chain 1 Iteration: 3000 / 3500 [ 85%]  (Sampling) 
Chain 2 Iteration: 3100 / 3500 [ 88%]  (Sampling) 
Chain 1 Iteration: 3100 / 3500 [ 88%]  (Sampling) 
Chain 3 Iteration: 3100 / 3500 [ 88%]  (Sampling) 
Chain 2 Iteration: 3200 / 3500 [ 91%]  (Sampling) 
Chain 1 Iteration: 3200 / 3500 [ 91%]  (Sampling) 
Chain 3 Iteration: 3200 / 3500 [ 91%]  (Sampling) 
Chain 2 Iteration: 3300 / 3500 [ 94%]  (Sampling) 
Chain 1 Iteration: 3300 / 3500 [ 94%]  (Sampling) 
Chain 3 Iteration: 3300 / 3500 [ 94%]  (Sampling) 
Chain 2 Iteration: 3400 / 3500 [ 97%]  (Sampling) 
Chain 1 Iteration: 3400 / 3500 [ 97%]  (Sampling) 
Chain 3 Iteration: 3400 / 3500 [ 97%]  (Sampling) 
Chain 2 Iteration: 3500 / 3500 [100%]  (Sampling) 
Chain 2 finished in 656823.0 seconds.
Chain 1 Iteration: 3500 / 3500 [100%]  (Sampling) 
Chain 1 finished in 664382.0 seconds.
Chain 3 Iteration: 3500 / 3500 [100%]  (Sampling) 
Chain 3 finished in 678551.0 seconds.

All 3 chains finished successfully.
Mean chain execution time: 666585.3 seconds.
Total execution time: 678554.3 seconds.

Warning: 29 of 6000 (0.0%) transitions ended with a divergence.
See https://mc-stan.org/misc/warnings for details.

Warning: 5971 of 6000 (100.0%) transitions hit the maximum treedepth limit of 12.
See https://mc-stan.org/misc/warnings for details.

Warning: 1 of 3 chains had an E-BFMI less than 0.3.
See https://mc-stan.org/misc/warnings for details.

[1] "Saving fit object..."
[1] "Calculating summary..."
[1] "Calculating samples..."
[1] "Calculating metadata..."
[1] "Summary of Hyperpriors (mu_*, sigma_*):"
# A tibble: 107 × 10
    variable      mean   median      sd     mad       q5      q95  rhat ess_bulk
    <chr>        <dbl>    <dbl>   <dbl>   <dbl>    <dbl>    <dbl> <dbl>    <dbl>
  1 mu_beta_…  1.28     1.23    4.50    4.60    -6.00e+0  8.59     1.01   356.  
  2 mu_beta_… -0.0235  -0.0236  0.0373  0.0313  -8.30e-2  0.0403   1.02   210.  
  3 mu_beta_…  0.0195   0.0195  0.0407  0.0356  -4.52e-2  0.0860   1.01   301.  
  4 mu_beta_…  0.0832   0.0864  0.0769  0.0681  -4.52e-2  0.203    1.00   418.  
  5 mu_beta_… -0.00162 -0.00905 0.553   0.458   -8.82e-1  0.980    1.07    33.3 
  6 mu_beta_… -0.0137  -0.0130  0.0684  0.0605  -1.25e-1  0.0962   1.01   324.  
  7 mu_beta_… -0.0613  -0.0622  0.0695  0.0619  -1.72e-1  0.0491   1.00   310.  
  8 mu_beta_… -0.00923 -0.0421  0.287   0.283   -4.44e-1  0.506    1.09    28.2 
  9 mu_beta_…  0.0290  -0.0155  0.281   0.273   -3.83e-1  0.535    1.09    25.8 
 10 mu_beta_…  0.0365  -0.00521 0.281   0.267   -3.78e-1  0.551    1.09    26.1 
 11 mu_beta_…  0.0411   0.0198  0.348   0.314   -5.54e-1  0.658    1.93     4.22
 12 mu_beta_…  0.00386 -0.0188  0.348   0.315   -5.87e-1  0.615    1.92     4.24
 13 mu_beta_…  0.0280  -0.00184 0.348   0.308   -5.66e-1  0.634    1.91     4.27
 14 mu_beta_…  0.119    0.0760  0.241   0.204   -2.05e-1  0.578    1.13    16.9 
 15 mu_beta_…  0.139    0.0971  0.240   0.199   -1.78e-1  0.595    1.13    16.9 
 16 mu_beta_…  0.106    0.0721  0.240   0.207   -2.28e-1  0.564    1.13    17.6 
 17 mu_beta_…  0.0158   0.0149  0.115   0.0991  -1.66e-1  0.193    1.03    63.9 
 18 mu_beta_…  0.101    0.125   0.365   0.333   -5.19e-1  0.659    1.17    13.2 
 19 mu_beta_…  0.0776   0.0892  0.333   0.322   -5.40e-1  0.623    1.26     9.80
 20 mu_beta_…  0.224    0.174   0.264   0.220   -1.22e-1  0.762    1.13    16.1 
 21 mu_beta_…  0.106    0.110   1.16    0.912   -1.90e+0  1.95     1.03   118.  
 22 mu_beta_…  0.137    0.0789  1.31    0.991   -1.91e+0  2.21     1.03   108.  
 23 mu_beta_… -0.433   -0.397   0.698   0.626   -1.64e+0  0.661    1.07    47.1 
 24 mu_beta_… -0.239   -0.162   0.685   0.524   -1.46e+0  0.739    1.07    50.3 
 25 mu_beta_… -0.0366  -0.0545  0.586   0.443   -9.38e-1  0.972    1.07    34.3 
 26 mu_beta_…  0.252    0.235   0.325   0.320   -2.49e-1  0.799    1.03    89.2 
 27 mu_beta_… -0.0711  -0.0886  0.304   0.273   -5.27e-1  0.466    1.05    75.4 
 28 mu_beta_…  0.108    0.105   0.251   0.251   -3.04e-1  0.529    1.05    48.0 
 29 mu_beta_…  0.113    0.118   0.273   0.267   -3.64e-1  0.571    1.04    42.6 
 30 mu_beta_…  0.00891  0.0231  0.336   0.304   -6.01e-1  0.543    1.03    47.1 
 31 mu_beta_… -0.0772  -0.0666  0.301   0.262   -5.54e-1  0.400    1.01   207.  
 32 mu_beta_… -0.0207  -0.0209  0.0132  0.0135  -4.22e-2  0.00131  1.02   109.  
 33 mu_beta_… -0.00528 -0.00542 0.0138  0.0139  -2.78e-2  0.0181   1.03   108.  
 34 mu_beta_…  0.0225   0.0221  0.0142  0.0142  -1.47e-4  0.0465   1.03   107.  
 35 mu_beta_…  0.0949   0.0945  0.0145  0.0147   7.19e-2  0.120    1.04   112.  
 36 mu_beta_…  0.158    0.155   0.546   0.449   -8.33e-1  1.04     1.07    32.0 
 37 mu_beta_…  0.126    0.124   0.547   0.447   -8.70e-1  1.00     1.07    32.1 
 38 mu_beta_… -0.0287  -0.0292  0.0467  0.0440  -1.04e-1  0.0488   1.00   194.  
 39 mu_beta_…  0.0452   0.0453  0.00668 0.00651  3.44e-2  0.0560   1.01   350.  
 40 mu_beta_… -0.0207  -0.0206  0.00352 0.00343 -2.67e-2 -0.0150   1.00   400.  
 41 mu_gamma…  0.0645   0.0636  0.0487  0.0379  -8.34e-3  0.143    1.01   170.  
 42 mu_gamma…  0.600    0.622   0.206   0.158    2.33e-1  0.884    1.01   140.  
 43 mu_alpha…  0.261    0.263   0.148   0.140    1.64e-2  0.505    1.01   304.  
 44 mu_alpha…  0.105    0.104   0.0513  0.0447   2.40e-2  0.189    1.02   180.  
 45 mu_alpha…  0.00396  0.00377 0.00858 0.00855 -1.00e-2  0.0181   1.00   168.  
 46 mu_alpha… -0.0150  -0.0152  0.00818 0.00821 -2.83e-2 -0.00135  1.01   246.  
 47 mu_alpha…  0.0136   0.0132  0.00804 0.00780  5.09e-4  0.0273   1.01   243.  
 48 mu_alpha…  0.0125   0.0124  0.00801 0.00786 -7.78e-4  0.0258   1.02   209.  
 49 mu_alpha…  0.0273   0.0272  0.00829 0.00817  1.37e-2  0.0411   1.02   194.  
 50 mu_alpha…  0.0180   0.0182  0.00883 0.00904  3.24e-3  0.0322   1.01   246.  
 51 mu_alpha…  0.0226   0.0223  0.00807 0.00823  9.53e-3  0.0356   1.01   212.  
 52 mu_alpha…  0.0371   0.0370  0.00748 0.00744  2.50e-2  0.0495   1.01   315.  
 53 mu_alpha…  0.0172   0.0172  0.00770 0.00770  4.25e-3  0.0300   1.02   331.  
 54 mu_alpha…  0.0217   0.0216  0.00769 0.00777  9.09e-3  0.0346   1.01   227.  
 55 mu_delta… -0.123   -0.121   0.0985  0.0828  -2.85e-1  0.0292   1.01   317.  
 56 mu_delta…  0.305    0.302   0.310   0.294   -1.90e-1  0.826    1.01   473.  
 57 mu_delta… -0.0649  -0.0649  0.0196  0.0200  -9.78e-2 -0.0338   1.01   143.  
 58 mu_delta… -0.0173  -0.0170  0.0190  0.0190  -4.95e-2  0.0136   1.02   175.  
 59 mu_delta… -0.0592  -0.0586  0.0180  0.0179  -9.00e-2 -0.0304   1.02   154.  
 60 mu_delta… -0.0355  -0.0354  0.0188  0.0182  -6.68e-2 -0.00399  1.01   162.  
 61 mu_delta… -0.00750 -0.00788 0.0203  0.0210  -3.95e-2  0.0270   1.05    80.3 
 62 mu_delta… -0.00795 -0.00819 0.0196  0.0196  -3.99e-2  0.0247   1.01   265.  
 63 mu_delta… -0.0299  -0.0295  0.0142  0.0149  -5.35e-2 -0.00686  1.01   245.  
 64 mu_delta… -0.00792 -0.00769 0.0145  0.0143  -3.27e-2  0.0156   1.02   236.  
 65 mu_delta… -0.00581 -0.00577 0.0145  0.0144  -2.97e-2  0.0182   1.03   254.  
 66 mu_delta…  0.0186   0.0186  0.0171  0.0177  -9.58e-3  0.0462   1.01   160.  
 67 mu_phi_l…  2.43     2.46    0.538   0.510    1.50e+0  3.24     1.01   262.  
 68 sigma_be… 27.9     26.3     9.00    7.22     1.70e+1 43.9      1.01   269.  
 69 sigma_be…  0.0827   0.0731  0.0399  0.0295   3.88e-2  0.158    1.01   235.  
 70 sigma_be…  0.0965   0.0849  0.0478  0.0317   4.84e-2  0.184    1.02   174.  
 71 sigma_be…  0.189    0.171   0.0769  0.0592   1.02e-1  0.330    1.01   475.  
 72 sigma_be…  0.302    0.280   0.113   0.0945   1.67e-1  0.516    1.02   478.  
 73 sigma_be…  0.170    0.152   0.0835  0.0620   7.95e-2  0.317    1.00   330.  
 74 sigma_be…  0.152    0.135   0.0781  0.0576   6.54e-2  0.298    1.02   229.  
 75 sigma_be…  0.221    0.199   0.107   0.0834   9.54e-2  0.432    1.01   257.  
 76 sigma_be…  0.0661   0.0512  0.0605  0.0439   4.33e-3  0.180    1.00   201.  
 77 sigma_be…  0.0844   0.0696  0.0696  0.0538   7.00e-3  0.211    1.01   232.  
 78 sigma_be…  0.0397   0.0308  0.0379  0.0280   2.21e-3  0.109    1.02   156.  
 79 sigma_be…  0.0412   0.0309  0.0379  0.0272   3.20e-3  0.115    1.01   242.  
 80 sigma_be…  0.0420   0.0307  0.0470  0.0289   2.21e-3  0.120    1.01   129.  
 81 sigma_be…  0.0850   0.0727  0.0623  0.0441   1.46e-2  0.193    1.01   287.  
 82 sigma_be…  0.0448   0.0329  0.0437  0.0312   2.60e-3  0.124    1.03   162.  
 83 sigma_be…  0.0932   0.0819  0.0689  0.0564   9.08e-3  0.218    1.04   108.  
 84 sigma_be…  0.145    0.126   0.0988  0.0750   2.93e-2  0.336    1.07    32.5 
 85 sigma_be…  0.0656   0.0464  0.0722  0.0484   2.40e-3  0.194    1.01   120.  
 86 sigma_be…  0.136    0.119   0.0814  0.0613   4.01e-2  0.288    1.02   244.  
 87 sigma_be…  0.163    0.142   0.0899  0.0641   6.48e-2  0.332    1.02   270.  
 88 sigma_be…  1.23     0.797   1.35    0.833    5.94e-2  3.77     1.06    44.0 
 89 sigma_be…  1.35     0.876   1.58    0.849    6.32e-2  4.38     1.07    30.9 
 90 sigma_be…  0.692    0.500   0.747   0.484    2.79e-2  2.05     1.02   112.  
 91 sigma_be…  0.800    0.599   0.690   0.517    9.99e-2  2.16     1.02   106.  
 92 sigma_be…  0.744    0.562   0.667   0.514    5.44e-2  2.10     1.04    76.5 
 93 sigma_be…  0.444    0.382   0.356   0.266    4.98e-2  1.04     1.08    39.6 
 94 sigma_be…  0.471    0.395   0.339   0.223    1.07e-1  1.09     1.05    94.9 
 95 sigma_be…  0.180    0.147   0.157   0.131    7.82e-3  0.482    1.09    34.0 
 96 sigma_be…  0.109    0.0786  0.102   0.0698   1.01e-2  0.308    1.02   130.  
 97 sigma_be…  0.174    0.137   0.159   0.128    7.48e-3  0.484    1.05    73.1 
 98 sigma_be…  0.755    0.698   0.289   0.233    4.15e-1  1.29     1.01   451.  
 99 sigma_ga…  0.0795   0.0632  0.0666  0.0514   7.26e-3  0.209    1.02   167.  
100 sigma_ga…  0.303    0.233   0.266   0.207    1.65e-2  0.824    1.02    90.7 
101 sigma_al…  0.361    0.330   0.137   0.109    2.01e-1  0.628    1.01   356.  
102 sigma_al…  0.116    0.103   0.0554  0.0407   5.69e-2  0.220    1.02   158.  
103 sigma_de…  0.210    0.187   0.106   0.0803   9.14e-2  0.402    1.01   250.  
104 sigma_de…  0.832    0.755   0.357   0.234    4.79e-1  1.39     1.02   246.  
105 sigma_ph…  1.34     1.26    0.428   0.373    7.96e-1  2.15     1.02   223.  
106 sigma_ga…  0.129    0.0626  0.202   0.0685   5.28e-3  0.493    1.01   297.  
107 sigma_ga…  1.32     1.17    0.733   0.562    4.65e-1  2.64     1.02   175.  
# ℹ 1 more variable: ess_tail <dbl>
[1] "Calculating lambda_mean..."
[1] "Calculating lambda_test_mean..."
[1] "Calculating y_rep_mean..."
[1] "Calculating y_test_rep_mean..."
[1] "Generating plots..."
[1] "exposure_VLZX7K2M9QD4T_1"        "exposure_SRQS8F7JWA9MZ_1"
[3] "exposure_SRQS8F7JWA9MZ_2" "exposure_2HRX9P6HKXA8V_1"
[5] "exposure_JHDN7CF1C03X5_1" "exposure_L69HYJ4Y3TR91_1"
[7] "exposure_ED5J990H5VAZT_1"
[1] 6
Adding missing grouping variables: `location_id_num`
[1] "Skipping daily plot for VLZX7K2M9QD4T due to missing daily data."
[1] "Skipping daily plot for SRQS8F7JWA9MZ due to missing daily data."
[1] "Skipping daily plot for 2HRX9P6HKXA8V due to missing daily data."
[1] "Skipping daily plot for JHDN7CF1C03X5 due to missing daily data."
[1] "Skipping daily plot for L69HYJ4Y3TR91 due to missing daily data."
[1] "Skipping daily plot for ED5J990H5VAZT due to missing daily data."
[1] "Skipping MLflow logging as existing fit file was loaded."
[1] "Done."
           used  (Mb) gc trigger   (Mb)   max used   (Mb)
Ncells  5135315 274.3    7562481  403.9    7562481  403.9
Vcells 10783752  82.3 1012388029 7724.0 1255080568 9575.6
Warning messages:
1: Dropping 'draws_df' class as required metadata was removed. 
2: Dropping 'draws_df' class as required metadata was removed. 
3: Dropping 'draws_df' class as required metadata was removed. 
4: Dropping 'draws_df' class as required metadata was removed. 
