- The project is out-of-sync -- use `renv::status()` for details.
── Attaching core tidyverse packages ──────────────────────── tidyverse 2.0.0 ──
✔ dplyr     1.1.4     ✔ readr     2.1.5
✔ forcats   1.0.0     ✔ stringr   1.5.1
✔ ggplot2   3.5.1     ✔ tibble    3.2.1
✔ lubridate 1.9.4     ✔ tidyr     1.3.1
✔ purrr     1.0.4     
[conflicted] Will prefer dplyr::select over any other package.
[conflicted] Will prefer dplyr::filter over any other package.
[conflicted] Will prefer lubridate::year over any other package.
[conflicted] Will prefer lubridate::month over any other package.
[conflicted] Will prefer purrr::map over any other package.
[conflicted] Will prefer stats::sd over any other package.
[conflicted] Will prefer base::match over any other package.
This is cmdstanr version 0.9.0
- CmdStanR documentation and vignettes: mc-stan.org/cmdstanr
- CmdStan path: /home/nuttidalab/.cmdstan/cmdstan-2.36.0
- CmdStan version: 2.36.0

A newer version of CmdStan is available. See ?install_cmdstan() to install it.
To disable this check set option or environment variable cmdstanr_no_ver_check=TRUE.
This is posterior version 1.6.0
Registered S3 method overwritten by 'tsibble':
  method               from 
  as_tibble.grouped_df dplyr
── Attaching packages ──────────────────────────────────────────── fpp3 1.0.1 ──
✔ tsibble     1.1.6     ✔ feasts      0.4.1
✔ tsibbledata 0.4.1     ✔ fable       0.4.1
Loading required package: R.oo
Loading required package: R.methodsS3
R.methodsS3 v1.8.2 (2022-06-13 22:00:14 UTC) successfully loaded. See ?R.methodsS3 for help.
R.oo v1.27.0 (2024-11-01 18:00:02 UTC) successfully loaded. See ?R.oo for help.

Attaching package: ‘R.oo’

The following object is masked from ‘package:R.methodsS3’:

    throw

The following object is masked from ‘package:shiny’:

    printStackTrace

The following object is masked from ‘package:renv’:

    load

The following objects are masked from ‘package:methods’:

    getClasses, getMethods

The following objects are masked from ‘package:base’:

    attach, detach, load, save

R.utils v2.13.0 (2025-02-24 21:20:02 UTC) successfully loaded. See ?R.utils for help.
Registered S3 method overwritten by 'quantmod':
  method            from
  as.zoo.data.frame zoo 
Registered S3 methods overwritten by 'bayesforecast':
  method      from    
  autoplot.ts forecast
  forecast.ts forecast
  fortify.ts  forecast
  print.garch tseries 
[1] "# of rows: 34628"
[1] "# of rows: 4763"
[1] "Found 6 exposure columns in the data: exposure_2HRX9P6HKXA8V_1, exposure_L69HYJ4Y3TR91_1, exposure_ED5J990H5VAZT_1, exposure_2HRX9P6HKXA8V_1_slope, exposure_L69HYJ4Y3TR91_1_slope, exposure_ED5J990H5VAZT_1_slope"
Numeric columns considered for scaling:
vegan_window_sum_item_quantity,
vegetarian_window_sum_item_quantity,
meat_window_sum_item_quantity,
vegan_window_avg_item_price,
vegetarian_window_avg_item_price,
meat_window_avg_item_price,
breakfast_p_window_avg_item_price,
textured_p_window_avg_item_price,
untextured_p_window_avg_item_price,
chicken_p_window_avg_item_price,
dairy_p_window_avg_item_price,
egg_p_window_avg_item_price,
breakfast_window_avg_item_price,
textured_window_avg_item_price,
untextured_window_avg_item_price,
breakfast_t2_window_avg_item_price,
textured_t2_window_avg_item_price,
untextured_t2_window_avg_item_price,
chicken_t2_window_avg_item_price,
dairy_t2_window_avg_item_price,
day_of_month,
__index_level_0__,
Value,
vegan_price_real,
vegetarian_price_real,
meat_price_real,
breakfast_p_price_real,
textured_p_price_real,
untextured_p_price_real,
chicken_p_price_real,
dairy_p_price_real,
egg_p_price_real,
breakfast_price_real,
textured_price_real,
untextured_price_real,
breakfast_t2_price_real,
textured_t2_price_real,
untextured_t2_price_real,
chicken_t2_price_real,
dairy_t2_price_real,
inflation,
temp,
precip[1] "Successfully created `expo_to_rest` mapping."
[1] "Successfully created `expo_to_param` mapping."
Identified 6 exposure columns in the design matrix: 
exposure_2HRX9P6HKXA8V_1, 
exposure_L69HYJ4Y3TR91_1, 
exposure_ED5J990H5VAZT_1, 
exposure_2HRX9P6HKXA8V_1_slope, 
exposure_L69HYJ4Y3TR91_1_slope, 
exposure_ED5J990H5VAZT_1_slope
Identified 31 random beta columns: 
vegan_price_real, 
vegetarian_price_real, 
meat_price_real, 
breakfast_price_real, 
weekend, 
holiday_window, 
month_cat2, 
month_cat3, 
month_cat4, 
month_cat5, 
month_cat6, 
month_cat7, 
month_cat8, 
month_cat9, 
month_cat10, 
month_cat11, 
month_cat12, 
seasonspring, 
seasonsummer, 
seasonwinter, 
year_cat2014, 
year_cat2015, 
year_cat2016, 
year_cat2017, 
year_cat2018, 
year_cat2019, 
year_cat2020, 
year_cat2021, 
year_cat2022, 
year_cat2023, 
date_num
Identified 9 fixed beta columns: 
day_of_week_cat1, 
day_of_week_cat2, 
day_of_week_cat3, 
day_of_week_cat4, 
day_of_week_cat5, 
day_of_week_cat6, 
inflation, 
temp, 
precip
Identified 2 random alpha indices (positions): 
1, 7
Identified 2 random delta indices (positions): 
1, 7
[1] "Open-day filtering: using 4150 of 4524 train obs, 238 of 239 test obs"
$R
[1] 3

$J
[1] 47

$p_effective
[1] 12

$q_effective
[1] 12

$M
[1] 2

$idx_intercept
[1] 1

$K_beta_random
[1] 31

$idx_beta_random
[1] 2 3 4 5 6 7

$K_beta_fixed
[1] 9

$idx_beta_fixed
[1] 33 34 35 36 37 38

$K_exposure
[1] 6

$idx_exposure
[1] 42 43 44 45 46 47

$expo_to_rest
[1] 1 2 3 1 2 3

$expo_to_param
[1] 1 1 1 2 2 2

$effective_lags_alpha
[1] 1 2 3 4 5 6

$K_alpha_random
[1] 2

$idx_alpha_random
[1] 1 7

$K_alpha_fixed
[1] 10

$idx_alpha_fixed
[1] 2 3 4 5 6 8

$effective_lags_delta
[1] 1 2 3 4 5 6

$K_delta_random
[1] 2

$idx_delta_random
[1] 1 7

$K_delta_fixed
[1] 10

$idx_delta_fixed
[1] 2 3 4 5 6 8

$N_train
[1] 4524

$X_train
  (Intercept) vegan_price_real vegetarian_price_real meat_price_real
1           1       -0.9734979            -0.6233604      -1.0379122
2           1       -0.3956178            -0.5121179      -1.2986379
3           1       -1.2404187            -0.7867120      -0.9546397
4           1       -0.9444024            -0.7781753      -1.2657956
5           1       -0.8757962            -0.7321307      -1.0624605
6           1       -1.0482783            -0.6977424      -0.9198525
  breakfast_price_real weekend holiday_window month_cat2 month_cat3 month_cat4
1           0.12475487       0              0          0          0          0
2           0.05119301       0              0          0          0          0
3           0.22853389       0              0          0          0          0
4           0.10981436       1              0          0          0          0
5           0.20312917       1              0          0          0          0
6           0.24524452       0              0          0          0          0
  month_cat5 month_cat6 month_cat7 month_cat8 month_cat9 month_cat10
1          0          0          0          0          0           0
2          0          0          0          0          0           0
3          0          0          0          0          0           0
4          0          0          0          0          0           0
5          0          0          0          0          0           0
6          0          0          0          0          0           0
  month_cat11 month_cat12 seasonspring seasonsummer seasonwinter year_cat2014
1           0           0            0            0            1            0
2           0           0            0            0            1            0
3           0           0            0            0            1            0
4           0           0            0            0            1            0
5           0           0            0            0            1            0
6           0           0            0            0            1            0
  year_cat2015 year_cat2016 year_cat2017 year_cat2018 year_cat2019 year_cat2020
1            0            0            0            0            1            0
2            0            0            0            0            1            0
3            0            0            0            0            1            0
4            0            0            0            0            1            0
5            0            0            0            0            1            0
6            0            0            0            0            1            0
  year_cat2021 year_cat2022 year_cat2023 date_num day_of_week_cat1
1            0            0            0 49.00205                0
2            0            0            0 49.00479                0
3            0            0            0 49.00753                0
4            0            0            0 49.01027                0
5            0            0            0 49.01300                0
6            0            0            0 49.01574                0
  day_of_week_cat2 day_of_week_cat3 day_of_week_cat4 day_of_week_cat5
1                1                0                0                0
2                0                1                0                0
3                0                0                1                0
4                0                0                0                1
5                0                0                0                0
6                0                0                0                0
  day_of_week_cat6 inflation       temp     precip exposure_2HRX9P6HKXA8V_1
1                0 -1.281584 -1.2266867 -0.2815669                        0
2                0 -1.281584 -1.0375494 -0.2815669                        0
3                0 -1.281584 -0.8484121 -0.2815669                        0
4                0 -1.281584 -0.7999153 -0.2815669                        0
5                1 -1.281584 -0.5865296 -0.2815669                        0
6                0 -1.281584 -0.8241637 -0.2815669                        0
  exposure_L69HYJ4Y3TR91_1 exposure_ED5J990H5VAZT_1
1                        0                        0
2                        0                        0
3                        0                        0
4                        0                        0
5                        0                        0
6                        0                        0
  exposure_2HRX9P6HKXA8V_1_slope exposure_L69HYJ4Y3TR91_1_slope
1                              0                              0
2                              0                              0
3                              0                              0
4                              0                              0
5                              0                              0
6                              0                              0
  exposure_ED5J990H5VAZT_1_slope
1                              0
2                              0
3                              0
4                              0
5                              0
6                              0

$y_train
[1] 578 372 195 249 334 170

$idx_to_rest_train
[1] 1 1 1 1 1 1

$train_start_idx
[1]    1 1589 1907

$train_end_idx
[1] 1588 1906 4524

$N_test
[1] 239

$X_test
  (Intercept) vegan_price_real vegetarian_price_real meat_price_real
1           1        1.4438783             1.0945198       0.5765630
2           1        1.0096837             1.0313490      -0.2822821
3           1        1.2226326             1.0973103       1.0323713
4           1        1.7153904             1.5918386       1.1223265
5           1        0.4078392             0.8037686       0.4369367
6           1       -0.6596935            -0.3583083       0.1280966
  breakfast_price_real weekend holiday_window month_cat2 month_cat3 month_cat4
1           0.01155372       0              0          0          0          0
2          -0.15058284       0              0          0          0          0
3           0.05633099       0              0          0          0          0
4           0.01007137       0              0          0          0          0
5           0.00559455       1              0          0          0          0
6           0.01521542       1              0          0          0          0
  month_cat5 month_cat6 month_cat7 month_cat8 month_cat9 month_cat10
1          1          0          0          0          0           0
2          1          0          0          0          0           0
3          1          0          0          0          0           0
4          1          0          0          0          0           0
5          1          0          0          0          0           0
6          1          0          0          0          0           0
  month_cat11 month_cat12 seasonspring seasonsummer seasonwinter year_cat2014
1           0           0            1            0            0            0
2           0           0            1            0            0            0
3           0           0            1            0            0            0
4           0           0            1            0            0            0
5           0           0            1            0            0            0
6           0           0            1            0            0            0
  year_cat2015 year_cat2016 year_cat2017 year_cat2018 year_cat2019 year_cat2020
1            0            0            0            0            0            0
2            0            0            0            0            0            0
3            0            0            0            0            0            0
4            0            0            0            0            0            0
5            0            0            0            0            0            0
6            0            0            0            0            0            0
  year_cat2021 year_cat2022 year_cat2023 date_num day_of_week_cat1
1            0            0            1 53.34976                1
2            0            0            1 53.35250                0
3            0            0            1 53.35524                0
4            0            0            1 53.35797                0
5            0            0            1 53.36071                0
6            0            0            1 53.36345                0
  day_of_week_cat2 day_of_week_cat3 day_of_week_cat4 day_of_week_cat5
1                0                0                0                0
2                1                0                0                0
3                0                1                0                0
4                0                0                1                0
5                0                0                0                1
6                0                0                0                0
  day_of_week_cat6 inflation      temp     precip exposure_2HRX9P6HKXA8V_1
1                0  2.111315 0.5240458 -0.2815669                        1
2                0  2.111315 0.4949478 -0.2815669                        1
3                0  2.111315 0.6549870 -0.2815669                        1
4                0  2.111315 0.8732224 -0.2815669                        1
5                0  2.111315 1.0623597 -0.2815669                        1
6                1  2.111315 1.1642028 -0.2815669                        1
  exposure_L69HYJ4Y3TR91_1 exposure_ED5J990H5VAZT_1
1                        0                        0
2                        0                        0
3                        0                        0
4                        0                        0
5                        0                        0
6                        0                        0
  exposure_2HRX9P6HKXA8V_1_slope exposure_L69HYJ4Y3TR91_1_slope
1                       3.926078                              0
2                       3.928816                              0
3                       3.931554                              0
4                       3.934292                              0
5                       3.937029                              0
6                       3.939767                              0
  exposure_ED5J990H5VAZT_1_slope
1                              0
2                              0
3                              0
4                              0
5                              0
6                              0

$y_test
[1] 149  33 209 247 389 294

$idx_to_rest_test
[1] 1 1 1 1 1 1

$test_start_idx
[1]   1  85 102

$test_end_idx
[1]  84 101 239

$mu_gamma_scale
[1] 1

$sigma_gamma_between_scale
[1] 1

$sigma_gamma_within_scale
[1] 1

$mu_beta_scale
[1] 1

$sigma_beta_scale
[1] 1

$mu_alpha_scale
[1] 1

$sigma_alpha_scale
[1] 1

$mu_delta_scale
[1] 1

$sigma_delta_scale
[1] 1

$mu_phi_log_scale
[1] 2

$sigma_phi_log_scale
[1] 1

$z_eta_scale
[1] 1

$z_gamma_scale
[1] 1

$z_beta_scale
[1] 1

$z_alpha_scale
[1] 1

$z_delta_scale
[1] 1

$z_phi_scale
[1] 1

$apply_truncation
[1] 0

$N_total_nonzero
[1] 4150

$idx_total_nonzero
[1] 1 2 3 4 5 6

$N_total_nonzero_test
[1] 238

$idx_total_nonzero_test
[1] 1 2 3 4 5 6

[1] "Using Stan model: model_multilevel_transfer_truncated.stan"
[1] "Fitting the multilevel model..."
Running MCMC with 3 parallel chains...

Chain 1 Iteration:    1 / 3500 [  0%]  (Warmup) 
Chain 1 Informational Message: The current Metropolis proposal is about to be rejected because of the following issue:
Chain 1 Exception: neg_binomial_2_lpmf: Location parameter[1] is -nan, but must be positive finite! (in '/tmp/RtmpluAkZI/model-1522431ee35391.stan', line 495, column 4 to column 67)
Chain 1 If this warning occurs sporadically, such as for highly constrained variable types like covariance matrices, then the sampler is fine,
Chain 1 but if this warning occurs often then your model may be either severely ill-conditioned or misspecified.
Chain 1 
Chain 1 Informational Message: The current Metropolis proposal is about to be rejected because of the following issue:
Chain 1 Exception: neg_binomial_2_lpmf: Location parameter[1] is -nan, but must be positive finite! (in '/tmp/RtmpluAkZI/model-1522431ee35391.stan', line 495, column 4 to column 67)
Chain 1 If this warning occurs sporadically, such as for highly constrained variable types like covariance matrices, then the sampler is fine,
Chain 1 but if this warning occurs often then your model may be either severely ill-conditioned or misspecified.
Chain 1 
Chain 1 Informational Message: The current Metropolis proposal is about to be rejected because of the following issue:
Chain 1 Exception: neg_binomial_2_lpmf: Location parameter[1] is -nan, but must be positive finite! (in '/tmp/RtmpluAkZI/model-1522431ee35391.stan', line 495, column 4 to column 67)
Chain 1 If this warning occurs sporadically, such as for highly constrained variable types like covariance matrices, then the sampler is fine,
Chain 1 but if this warning occurs often then your model may be either severely ill-conditioned or misspecified.
Chain 1 
Chain 1 Informational Message: The current Metropolis proposal is about to be rejected because of the following issue:
Chain 1 Exception: neg_binomial_2_lpmf: Location parameter[1] is inf, but must be positive finite! (in '/tmp/RtmpluAkZI/model-1522431ee35391.stan', line 495, column 4 to column 67)
Chain 1 If this warning occurs sporadically, such as for highly constrained variable types like covariance matrices, then the sampler is fine,
Chain 1 but if this warning occurs often then your model may be either severely ill-conditioned or misspecified.
Chain 1 
Chain 1 Informational Message: The current Metropolis proposal is about to be rejected because of the following issue:
Chain 1 Exception: neg_binomial_2_lpmf: Location parameter[1] is inf, but must be positive finite! (in '/tmp/RtmpluAkZI/model-1522431ee35391.stan', line 495, column 4 to column 67)
Chain 1 If this warning occurs sporadically, such as for highly constrained variable types like covariance matrices, then the sampler is fine,
Chain 1 but if this warning occurs often then your model may be either severely ill-conditioned or misspecified.
Chain 1 
Chain 1 Informational Message: The current Metropolis proposal is about to be rejected because of the following issue:
Chain 1 Exception: neg_binomial_2_lpmf: Location parameter[1] is inf, but must be positive finite! (in '/tmp/RtmpluAkZI/model-1522431ee35391.stan', line 495, column 4 to column 67)
Chain 1 If this warning occurs sporadically, such as for highly constrained variable types like covariance matrices, then the sampler is fine,
Chain 1 but if this warning occurs often then your model may be either severely ill-conditioned or misspecified.
Chain 1 
Chain 1 Informational Message: The current Metropolis proposal is about to be rejected because of the following issue:
Chain 1 Exception: neg_binomial_2_lpmf: Location parameter[1] is inf, but must be positive finite! (in '/tmp/RtmpluAkZI/model-1522431ee35391.stan', line 495, column 4 to column 67)
Chain 1 If this warning occurs sporadically, such as for highly constrained variable types like covariance matrices, then the sampler is fine,
Chain 1 but if this warning occurs often then your model may be either severely ill-conditioned or misspecified.
Chain 1 
Chain 1 Informational Message: The current Metropolis proposal is about to be rejected because of the following issue:
Chain 1 Exception: neg_binomial_2_lpmf: Location parameter[1] is inf, but must be positive finite! (in '/tmp/RtmpluAkZI/model-1522431ee35391.stan', line 495, column 4 to column 67)
Chain 1 If this warning occurs sporadically, such as for highly constrained variable types like covariance matrices, then the sampler is fine,
Chain 1 but if this warning occurs often then your model may be either severely ill-conditioned or misspecified.
Chain 1 
Chain 1 Informational Message: The current Metropolis proposal is about to be rejected because of the following issue:
Chain 1 Exception: neg_binomial_2_lpmf: Location parameter[92] is inf, but must be positive finite! (in '/tmp/RtmpluAkZI/model-1522431ee35391.stan', line 495, column 4 to column 67)
Chain 1 If this warning occurs sporadically, such as for highly constrained variable types like covariance matrices, then the sampler is fine,
Chain 1 but if this warning occurs often then your model may be either severely ill-conditioned or misspecified.
Chain 1 
Chain 1 Informational Message: The current Metropolis proposal is about to be rejected because of the following issue:
Chain 1 Exception: neg_binomial_2_lpmf: Location parameter[1] is -nan, but must be positive finite! (in '/tmp/RtmpluAkZI/model-1522431ee35391.stan', line 495, column 4 to column 67)
Chain 1 If this warning occurs sporadically, such as for highly constrained variable types like covariance matrices, then the sampler is fine,
Chain 1 but if this warning occurs often then your model may be either severely ill-conditioned or misspecified.
Chain 1 
Chain 1 Informational Message: The current Metropolis proposal is about to be rejected because of the following issue:
Chain 1 Exception: neg_binomial_2_lpmf: Location parameter[1] is -nan, but must be positive finite! (in '/tmp/RtmpluAkZI/model-1522431ee35391.stan', line 495, column 4 to column 67)
Chain 1 If this warning occurs sporadically, such as for highly constrained variable types like covariance matrices, then the sampler is fine,
Chain 1 but if this warning occurs often then your model may be either severely ill-conditioned or misspecified.
Chain 1 
Chain 1 Informational Message: The current Metropolis proposal is about to be rejected because of the following issue:
Chain 1 Exception: neg_binomial_2_lpmf: Location parameter[1] is 0, but must be positive finite! (in '/tmp/RtmpluAkZI/model-1522431ee35391.stan', line 495, column 4 to column 67)
Chain 1 If this warning occurs sporadically, such as for highly constrained variable types like covariance matrices, then the sampler is fine,
Chain 1 but if this warning occurs often then your model may be either severely ill-conditioned or misspecified.
Chain 1 
Chain 1 Informational Message: The current Metropolis proposal is about to be rejected because of the following issue:
Chain 1 Exception: neg_binomial_2_lpmf: Location parameter[1657] is inf, but must be positive finite! (in '/tmp/RtmpluAkZI/model-1522431ee35391.stan', line 495, column 4 to column 67)
Chain 1 If this warning occurs sporadically, such as for highly constrained variable types like covariance matrices, then the sampler is fine,
Chain 1 but if this warning occurs often then your model may be either severely ill-conditioned or misspecified.
Chain 1 
Chain 2 Informational Message: The current Metropolis proposal is about to be rejected because of the following issue:
Chain 2 Exception: neg_binomial_2_lpmf: Location parameter[1] is inf, but must be positive finite! (in '/tmp/RtmpluAkZI/model-1522431ee35391.stan', line 495, column 4 to column 67)
Chain 2 If this warning occurs sporadically, such as for highly constrained variable types like covariance matrices, then the sampler is fine,
Chain 2 but if this warning occurs often then your model may be either severely ill-conditioned or misspecified.
Chain 2 
Chain 2 Informational Message: The current Metropolis proposal is about to be rejected because of the following issue:
Chain 2 Exception: neg_binomial_2_lpmf: Location parameter[1] is inf, but must be positive finite! (in '/tmp/RtmpluAkZI/model-1522431ee35391.stan', line 495, column 4 to column 67)
Chain 2 If this warning occurs sporadically, such as for highly constrained variable types like covariance matrices, then the sampler is fine,
Chain 2 but if this warning occurs often then your model may be either severely ill-conditioned or misspecified.
Chain 2 
Chain 2 Informational Message: The current Metropolis proposal is about to be rejected because of the following issue:
Chain 2 Exception: neg_binomial_2_lpmf: Location parameter[1] is inf, but must be positive finite! (in '/tmp/RtmpluAkZI/model-1522431ee35391.stan', line 495, column 4 to column 67)
Chain 2 If this warning occurs sporadically, such as for highly constrained variable types like covariance matrices, then the sampler is fine,
Chain 2 but if this warning occurs often then your model may be either severely ill-conditioned or misspecified.
Chain 2 
Chain 2 Informational Message: The current Metropolis proposal is about to be rejected because of the following issue:
Chain 2 Exception: neg_binomial_2_lpmf: Location parameter[1] is inf, but must be positive finite! (in '/tmp/RtmpluAkZI/model-1522431ee35391.stan', line 495, column 4 to column 67)
Chain 2 If this warning occurs sporadically, such as for highly constrained variable types like covariance matrices, then the sampler is fine,
Chain 2 but if this warning occurs often then your model may be either severely ill-conditioned or misspecified.
Chain 2 
Chain 2 Informational Message: The current Metropolis proposal is about to be rejected because of the following issue:
Chain 2 Exception: neg_binomial_2_lpmf: Location parameter[1] is inf, but must be positive finite! (in '/tmp/RtmpluAkZI/model-1522431ee35391.stan', line 495, column 4 to column 67)
Chain 2 If this warning occurs sporadically, such as for highly constrained variable types like covariance matrices, then the sampler is fine,
Chain 2 but if this warning occurs often then your model may be either severely ill-conditioned or misspecified.
Chain 2 
Chain 2 Informational Message: The current Metropolis proposal is about to be rejected because of the following issue:
Chain 2 Exception: neg_binomial_2_lpmf: Location parameter[1] is inf, but must be positive finite! (in '/tmp/RtmpluAkZI/model-1522431ee35391.stan', line 495, column 4 to column 67)
Chain 2 If this warning occurs sporadically, such as for highly constrained variable types like covariance matrices, then the sampler is fine,
Chain 2 but if this warning occurs often then your model may be either severely ill-conditioned or misspecified.
Chain 2 
Chain 2 Informational Message: The current Metropolis proposal is about to be rejected because of the following issue:
Chain 2 Exception: neg_binomial_2_lpmf: Location parameter[1] is inf, but must be positive finite! (in '/tmp/RtmpluAkZI/model-1522431ee35391.stan', line 495, column 4 to column 67)
Chain 2 If this warning occurs sporadically, such as for highly constrained variable types like covariance matrices, then the sampler is fine,
Chain 2 but if this warning occurs often then your model may be either severely ill-conditioned or misspecified.
Chain 2 
Chain 2 Informational Message: The current Metropolis proposal is about to be rejected because of the following issue:
Chain 2 Exception: neg_binomial_2_lpmf: Location parameter[1] is inf, but must be positive finite! (in '/tmp/RtmpluAkZI/model-1522431ee35391.stan', line 495, column 4 to column 67)
Chain 2 If this warning occurs sporadically, such as for highly constrained variable types like covariance matrices, then the sampler is fine,
Chain 2 but if this warning occurs often then your model may be either severely ill-conditioned or misspecified.
Chain 2 
Chain 3 Iteration:    1 / 3500 [  0%]  (Warmup) 
Chain 3 Informational Message: The current Metropolis proposal is about to be rejected because of the following issue:
Chain 3 Exception: neg_binomial_2_lpmf: Location parameter[1] is -nan, but must be positive finite! (in '/tmp/RtmpluAkZI/model-1522431ee35391.stan', line 495, column 4 to column 67)
Chain 3 If this warning occurs sporadically, such as for highly constrained variable types like covariance matrices, then the sampler is fine,
Chain 3 but if this warning occurs often then your model may be either severely ill-conditioned or misspecified.
Chain 3 
Chain 3 Informational Message: The current Metropolis proposal is about to be rejected because of the following issue:
Chain 3 Exception: neg_binomial_2_lpmf: Location parameter[1] is -nan, but must be positive finite! (in '/tmp/RtmpluAkZI/model-1522431ee35391.stan', line 495, column 4 to column 67)
Chain 3 If this warning occurs sporadically, such as for highly constrained variable types like covariance matrices, then the sampler is fine,
Chain 3 but if this warning occurs often then your model may be either severely ill-conditioned or misspecified.
Chain 3 
Chain 3 Informational Message: The current Metropolis proposal is about to be rejected because of the following issue:
Chain 3 Exception: neg_binomial_2_lpmf: Location parameter[1] is -nan, but must be positive finite! (in '/tmp/RtmpluAkZI/model-1522431ee35391.stan', line 495, column 4 to column 67)
Chain 3 If this warning occurs sporadically, such as for highly constrained variable types like covariance matrices, then the sampler is fine,
Chain 3 but if this warning occurs often then your model may be either severely ill-conditioned or misspecified.
Chain 3 
Chain 3 Informational Message: The current Metropolis proposal is about to be rejected because of the following issue:
Chain 3 Exception: neg_binomial_2_lpmf: Location parameter[1] is -nan, but must be positive finite! (in '/tmp/RtmpluAkZI/model-1522431ee35391.stan', line 495, column 4 to column 67)
Chain 3 If this warning occurs sporadically, such as for highly constrained variable types like covariance matrices, then the sampler is fine,
Chain 3 but if this warning occurs often then your model may be either severely ill-conditioned or misspecified.
Chain 3 
Chain 3 Informational Message: The current Metropolis proposal is about to be rejected because of the following issue:
Chain 3 Exception: neg_binomial_2_lpmf: Location parameter[1] is inf, but must be positive finite! (in '/tmp/RtmpluAkZI/model-1522431ee35391.stan', line 495, column 4 to column 67)
Chain 3 If this warning occurs sporadically, such as for highly constrained variable types like covariance matrices, then the sampler is fine,
Chain 3 but if this warning occurs often then your model may be either severely ill-conditioned or misspecified.
Chain 3 
Chain 3 Informational Message: The current Metropolis proposal is about to be rejected because of the following issue:
Chain 3 Exception: neg_binomial_2_lpmf: Location parameter[1] is inf, but must be positive finite! (in '/tmp/RtmpluAkZI/model-1522431ee35391.stan', line 495, column 4 to column 67)
Chain 3 If this warning occurs sporadically, such as for highly constrained variable types like covariance matrices, then the sampler is fine,
Chain 3 but if this warning occurs often then your model may be either severely ill-conditioned or misspecified.
Chain 3 
Chain 3 Informational Message: The current Metropolis proposal is about to be rejected because of the following issue:
Chain 3 Exception: neg_binomial_2_lpmf: Location parameter[1] is inf, but must be positive finite! (in '/tmp/RtmpluAkZI/model-1522431ee35391.stan', line 495, column 4 to column 67)
Chain 3 If this warning occurs sporadically, such as for highly constrained variable types like covariance matrices, then the sampler is fine,
Chain 3 but if this warning occurs often then your model may be either severely ill-conditioned or misspecified.
Chain 3 
Chain 3 Informational Message: The current Metropolis proposal is about to be rejected because of the following issue:
Chain 3 Exception: neg_binomial_2_lpmf: Location parameter[1] is inf, but must be positive finite! (in '/tmp/RtmpluAkZI/model-1522431ee35391.stan', line 495, column 4 to column 67)
Chain 3 If this warning occurs sporadically, such as for highly constrained variable types like covariance matrices, then the sampler is fine,
Chain 3 but if this warning occurs often then your model may be either severely ill-conditioned or misspecified.
Chain 3 
Chain 3 Informational Message: The current Metropolis proposal is about to be rejected because of the following issue:
Chain 3 Exception: neg_binomial_2_lpmf: Location parameter[1] is inf, but must be positive finite! (in '/tmp/RtmpluAkZI/model-1522431ee35391.stan', line 495, column 4 to column 67)
Chain 3 If this warning occurs sporadically, such as for highly constrained variable types like covariance matrices, then the sampler is fine,
Chain 3 but if this warning occurs often then your model may be either severely ill-conditioned or misspecified.
Chain 3 
Chain 3 Informational Message: The current Metropolis proposal is about to be rejected because of the following issue:
Chain 3 Exception: neg_binomial_2_lpmf: Location parameter[1] is inf, but must be positive finite! (in '/tmp/RtmpluAkZI/model-1522431ee35391.stan', line 495, column 4 to column 67)
Chain 3 If this warning occurs sporadically, such as for highly constrained variable types like covariance matrices, then the sampler is fine,
Chain 3 but if this warning occurs often then your model may be either severely ill-conditioned or misspecified.
Chain 3 
Chain 3 Informational Message: The current Metropolis proposal is about to be rejected because of the following issue:
Chain 3 Exception: neg_binomial_2_lpmf: Location parameter[1] is inf, but must be positive finite! (in '/tmp/RtmpluAkZI/model-1522431ee35391.stan', line 495, column 4 to column 67)
Chain 3 If this warning occurs sporadically, such as for highly constrained variable types like covariance matrices, then the sampler is fine,
Chain 3 but if this warning occurs often then your model may be either severely ill-conditioned or misspecified.
Chain 3 
Chain 2 Informational Message: The current Metropolis proposal is about to be rejected because of the following issue:
Chain 2 Exception: neg_binomial_2_lpmf: Location parameter[1] is inf, but must be positive finite! (in '/tmp/RtmpluAkZI/model-1522431ee35391.stan', line 495, column 4 to column 67)
Chain 2 If this warning occurs sporadically, such as for highly constrained variable types like covariance matrices, then the sampler is fine,
Chain 2 but if this warning occurs often then your model may be either severely ill-conditioned or misspecified.
Chain 2 
Chain 2 Informational Message: The current Metropolis proposal is about to be rejected because of the following issue:
Chain 2 Exception: neg_binomial_2_lpmf: Location parameter[1] is inf, but must be positive finite! (in '/tmp/RtmpluAkZI/model-1522431ee35391.stan', line 495, column 4 to column 67)
Chain 2 If this warning occurs sporadically, such as for highly constrained variable types like covariance matrices, then the sampler is fine,
Chain 2 but if this warning occurs often then your model may be either severely ill-conditioned or misspecified.
Chain 2 
Chain 3 Informational Message: The current Metropolis proposal is about to be rejected because of the following issue:
Chain 3 Exception: neg_binomial_2_lpmf: Location parameter[1] is -nan, but must be positive finite! (in '/tmp/RtmpluAkZI/model-1522431ee35391.stan', line 495, column 4 to column 67)
Chain 3 If this warning occurs sporadically, such as for highly constrained variable types like covariance matrices, then the sampler is fine,
Chain 3 but if this warning occurs often then your model may be either severely ill-conditioned or misspecified.
Chain 3 
Chain 3 Informational Message: The current Metropolis proposal is about to be rejected because of the following issue:
Chain 3 Exception: neg_binomial_2_lpmf: Location parameter[1] is -nan, but must be positive finite! (in '/tmp/RtmpluAkZI/model-1522431ee35391.stan', line 495, column 4 to column 67)
Chain 3 If this warning occurs sporadically, such as for highly constrained variable types like covariance matrices, then the sampler is fine,
Chain 3 but if this warning occurs often then your model may be either severely ill-conditioned or misspecified.
Chain 3 
Chain 3 Informational Message: The current Metropolis proposal is about to be rejected because of the following issue:
Chain 3 Exception: neg_binomial_2_lpmf: Location parameter[1] is inf, but must be positive finite! (in '/tmp/RtmpluAkZI/model-1522431ee35391.stan', line 495, column 4 to column 67)
Chain 3 If this warning occurs sporadically, such as for highly constrained variable types like covariance matrices, then the sampler is fine,
Chain 3 but if this warning occurs often then your model may be either severely ill-conditioned or misspecified.
Chain 3 
Chain 2 Informational Message: The current Metropolis proposal is about to be rejected because of the following issue:
Chain 2 Exception: neg_binomial_2_lpmf: Location parameter[11] is inf, but must be positive finite! (in '/tmp/RtmpluAkZI/model-1522431ee35391.stan', line 495, column 4 to column 67)
Chain 2 If this warning occurs sporadically, such as for highly constrained variable types like covariance matrices, then the sampler is fine,
Chain 2 but if this warning occurs often then your model may be either severely ill-conditioned or misspecified.
Chain 2 
Chain 3 Informational Message: The current Metropolis proposal is about to be rejected because of the following issue:
Chain 3 Exception: neg_binomial_2_lpmf: Location parameter[1] is inf, but must be positive finite! (in '/tmp/RtmpluAkZI/model-1522431ee35391.stan', line 495, column 4 to column 67)
Chain 3 If this warning occurs sporadically, such as for highly constrained variable types like covariance matrices, then the sampler is fine,
Chain 3 but if this warning occurs often then your model may be either severely ill-conditioned or misspecified.
Chain 3 
Chain 2 Iteration:    1 / 3500 [  0%]  (Warmup) 
Chain 2 Informational Message: The current Metropolis proposal is about to be rejected because of the following issue:
Chain 2 Exception: neg_binomial_2_lpmf: Location parameter[1] is inf, but must be positive finite! (in '/tmp/RtmpluAkZI/model-1522431ee35391.stan', line 495, column 4 to column 67)
Chain 2 If this warning occurs sporadically, such as for highly constrained variable types like covariance matrices, then the sampler is fine,
Chain 2 but if this warning occurs often then your model may be either severely ill-conditioned or misspecified.
Chain 2 
Chain 2 Informational Message: The current Metropolis proposal is about to be rejected because of the following issue:
Chain 2 Exception: neg_binomial_2_lpmf: Location parameter[1] is inf, but must be positive finite! (in '/tmp/RtmpluAkZI/model-1522431ee35391.stan', line 495, column 4 to column 67)
Chain 2 If this warning occurs sporadically, such as for highly constrained variable types like covariance matrices, then the sampler is fine,
Chain 2 but if this warning occurs often then your model may be either severely ill-conditioned or misspecified.
Chain 2 
Chain 2 Informational Message: The current Metropolis proposal is about to be rejected because of the following issue:
Chain 2 Exception: neg_binomial_2_lpmf: Location parameter[1] is inf, but must be positive finite! (in '/tmp/RtmpluAkZI/model-1522431ee35391.stan', line 495, column 4 to column 67)
Chain 2 If this warning occurs sporadically, such as for highly constrained variable types like covariance matrices, then the sampler is fine,
Chain 2 but if this warning occurs often then your model may be either severely ill-conditioned or misspecified.
Chain 2 
Chain 2 Informational Message: The current Metropolis proposal is about to be rejected because of the following issue:
Chain 2 Exception: neg_binomial_2_lpmf: Location parameter[1] is inf, but must be positive finite! (in '/tmp/RtmpluAkZI/model-1522431ee35391.stan', line 495, column 4 to column 67)
Chain 2 If this warning occurs sporadically, such as for highly constrained variable types like covariance matrices, then the sampler is fine,
Chain 2 but if this warning occurs often then your model may be either severely ill-conditioned or misspecified.
Chain 2 
Chain 2 Iteration:  100 / 3500 [  2%]  (Warmup) 
Chain 2 Iteration:  200 / 3500 [  5%]  (Warmup) 
Chain 3 Iteration:  100 / 3500 [  2%]  (Warmup) 
Chain 1 Iteration:  100 / 3500 [  2%]  (Warmup) 
Chain 2 Iteration:  300 / 3500 [  8%]  (Warmup) 
Chain 2 Iteration:  400 / 3500 [ 11%]  (Warmup) 
Chain 3 Iteration:  200 / 3500 [  5%]  (Warmup) 
Chain 1 Iteration:  200 / 3500 [  5%]  (Warmup) 
Chain 2 Iteration:  500 / 3500 [ 14%]  (Warmup) 
Chain 2 Iteration:  600 / 3500 [ 17%]  (Warmup) 
Chain 1 Iteration:  300 / 3500 [  8%]  (Warmup) 
Chain 3 Iteration:  300 / 3500 [  8%]  (Warmup) 
Chain 2 Iteration:  700 / 3500 [ 20%]  (Warmup) 
Chain 2 Iteration:  800 / 3500 [ 22%]  (Warmup) 
Chain 1 Iteration:  400 / 3500 [ 11%]  (Warmup) 
Chain 2 Iteration:  900 / 3500 [ 25%]  (Warmup) 
Chain 3 Iteration:  400 / 3500 [ 11%]  (Warmup) 
Chain 2 Iteration: 1000 / 3500 [ 28%]  (Warmup) 
Chain 1 Iteration:  500 / 3500 [ 14%]  (Warmup) 
Chain 2 Iteration: 1100 / 3500 [ 31%]  (Warmup) 
Chain 2 Iteration: 1200 / 3500 [ 34%]  (Warmup) 
Chain 3 Iteration:  500 / 3500 [ 14%]  (Warmup) 
Chain 1 Iteration:  600 / 3500 [ 17%]  (Warmup) 
Chain 2 Iteration: 1300 / 3500 [ 37%]  (Warmup) 
Chain 2 Iteration: 1400 / 3500 [ 40%]  (Warmup) 
Chain 3 Iteration:  600 / 3500 [ 17%]  (Warmup) 
Chain 1 Iteration:  700 / 3500 [ 20%]  (Warmup) 
Chain 2 Iteration: 1500 / 3500 [ 42%]  (Warmup) 
Chain 2 Iteration: 1501 / 3500 [ 42%]  (Sampling) 
Chain 3 Iteration:  700 / 3500 [ 20%]  (Warmup) 
Chain 1 Iteration:  800 / 3500 [ 22%]  (Warmup) 
Chain 2 Iteration: 1600 / 3500 [ 45%]  (Sampling) 
Chain 1 Iteration:  900 / 3500 [ 25%]  (Warmup) 
Chain 3 Iteration:  800 / 3500 [ 22%]  (Warmup) 
Chain 2 Iteration: 1700 / 3500 [ 48%]  (Sampling) 
Chain 2 Iteration: 1800 / 3500 [ 51%]  (Sampling) 
Chain 1 Iteration: 1000 / 3500 [ 28%]  (Warmup) 
Chain 3 Iteration:  900 / 3500 [ 25%]  (Warmup) 
Chain 2 Iteration: 1900 / 3500 [ 54%]  (Sampling) 
Chain 3 Iteration: 1000 / 3500 [ 28%]  (Warmup) 
Chain 1 Iteration: 1100 / 3500 [ 31%]  (Warmup) 
Chain 2 Iteration: 2000 / 3500 [ 57%]  (Sampling) 
Chain 3 Iteration: 1100 / 3500 [ 31%]  (Warmup) 
Chain 1 Iteration: 1200 / 3500 [ 34%]  (Warmup) 
Chain 2 Iteration: 2100 / 3500 [ 60%]  (Sampling) 
Chain 3 Iteration: 1200 / 3500 [ 34%]  (Warmup) 
Chain 1 Iteration: 1300 / 3500 [ 37%]  (Warmup) 
Chain 2 Iteration: 2200 / 3500 [ 62%]  (Sampling) 
Chain 3 Iteration: 1300 / 3500 [ 37%]  (Warmup) 
Chain 2 Iteration: 2300 / 3500 [ 65%]  (Sampling) 
Chain 1 Iteration: 1400 / 3500 [ 40%]  (Warmup) 
Chain 3 Iteration: 1400 / 3500 [ 40%]  (Warmup) 
Chain 2 Iteration: 2400 / 3500 [ 68%]  (Sampling) 
Chain 1 Iteration: 1500 / 3500 [ 42%]  (Warmup) 
Chain 1 Iteration: 1501 / 3500 [ 42%]  (Sampling) 
Chain 2 Iteration: 2500 / 3500 [ 71%]  (Sampling) 
Chain 3 Iteration: 1500 / 3500 [ 42%]  (Warmup) 
Chain 3 Iteration: 1501 / 3500 [ 42%]  (Sampling) 
Chain 2 Iteration: 2600 / 3500 [ 74%]  (Sampling) 
Chain 1 Iteration: 1600 / 3500 [ 45%]  (Sampling) 
Chain 3 Iteration: 1600 / 3500 [ 45%]  (Sampling) 
Chain 2 Iteration: 2700 / 3500 [ 77%]  (Sampling) 
Chain 2 Iteration: 2800 / 3500 [ 80%]  (Sampling) 
Chain 1 Iteration: 1700 / 3500 [ 48%]  (Sampling) 
Chain 3 Iteration: 1700 / 3500 [ 48%]  (Sampling) 
Chain 2 Iteration: 2900 / 3500 [ 82%]  (Sampling) 
Chain 1 Iteration: 1800 / 3500 [ 51%]  (Sampling) 
Chain 2 Iteration: 3000 / 3500 [ 85%]  (Sampling) 
Chain 3 Iteration: 1800 / 3500 [ 51%]  (Sampling) 
Chain 2 Iteration: 3100 / 3500 [ 88%]  (Sampling) 
Chain 1 Iteration: 1900 / 3500 [ 54%]  (Sampling) 
Chain 3 Iteration: 1900 / 3500 [ 54%]  (Sampling) 
Chain 2 Iteration: 3200 / 3500 [ 91%]  (Sampling) 
Chain 2 Iteration: 3300 / 3500 [ 94%]  (Sampling) 
Chain 3 Iteration: 2000 / 3500 [ 57%]  (Sampling) 
Chain 1 Iteration: 2000 / 3500 [ 57%]  (Sampling) 
Chain 2 Iteration: 3400 / 3500 [ 97%]  (Sampling) 
Chain 3 Iteration: 2100 / 3500 [ 60%]  (Sampling) 
Chain 2 Iteration: 3500 / 3500 [100%]  (Sampling) 
Chain 2 finished in 38651.9 seconds.
Chain 1 Iteration: 2100 / 3500 [ 60%]  (Sampling) 
Chain 3 Iteration: 2200 / 3500 [ 62%]  (Sampling) 
Chain 1 Iteration: 2200 / 3500 [ 62%]  (Sampling) 
Chain 3 Iteration: 2300 / 3500 [ 65%]  (Sampling) 
Chain 1 Iteration: 2300 / 3500 [ 65%]  (Sampling) 
Chain 3 Iteration: 2400 / 3500 [ 68%]  (Sampling) 
Chain 1 Iteration: 2400 / 3500 [ 68%]  (Sampling) 
Chain 3 Iteration: 2500 / 3500 [ 71%]  (Sampling) 
Chain 1 Iteration: 2500 / 3500 [ 71%]  (Sampling) 
Chain 3 Iteration: 2600 / 3500 [ 74%]  (Sampling) 
Chain 1 Iteration: 2600 / 3500 [ 74%]  (Sampling) 
Chain 3 Iteration: 2700 / 3500 [ 77%]  (Sampling) 
Chain 1 Iteration: 2700 / 3500 [ 77%]  (Sampling) 
Chain 3 Iteration: 2800 / 3500 [ 80%]  (Sampling) 
Chain 1 Iteration: 2800 / 3500 [ 80%]  (Sampling) 
Chain 3 Iteration: 2900 / 3500 [ 82%]  (Sampling) 
Chain 1 Iteration: 2900 / 3500 [ 82%]  (Sampling) 
Chain 3 Iteration: 3000 / 3500 [ 85%]  (Sampling) 
Chain 1 Iteration: 3000 / 3500 [ 85%]  (Sampling) 
Chain 3 Iteration: 3100 / 3500 [ 88%]  (Sampling) 
Chain 1 Iteration: 3100 / 3500 [ 88%]  (Sampling) 
Chain 3 Iteration: 3200 / 3500 [ 91%]  (Sampling) 
Chain 3 Iteration: 3300 / 3500 [ 94%]  (Sampling) 
Chain 1 Iteration: 3200 / 3500 [ 91%]  (Sampling) 
Chain 3 Iteration: 3400 / 3500 [ 97%]  (Sampling) 
Chain 1 Iteration: 3300 / 3500 [ 94%]  (Sampling) 
Chain 3 Iteration: 3500 / 3500 [100%]  (Sampling) 
Chain 3 finished in 65561.9 seconds.
Chain 1 Iteration: 3400 / 3500 [ 97%]  (Sampling) 
Chain 1 Iteration: 3500 / 3500 [100%]  (Sampling) 
Chain 1 finished in 68819.6 seconds.

All 3 chains finished successfully.
Mean chain execution time: 57677.8 seconds.
Total execution time: 68820.1 seconds.

Warning: 313 of 6000 (5.0%) transitions ended with a divergence.
See https://mc-stan.org/misc/warnings for details.

Warning: 201 of 6000 (3.0%) transitions hit the maximum treedepth limit of 12.
See https://mc-stan.org/misc/warnings for details.

[1] "Saving fit object..."
[1] "Calculating summary..."
[1] "Calculating samples..."
[1] "Calculating metadata..."
[1] "Summary of Hyperpriors (mu_*, sigma_*):"
# A tibble: 109 × 10
    variable      mean   median      sd     mad       q5      q95  rhat ess_bulk
    <chr>        <dbl>    <dbl>   <dbl>   <dbl>    <dbl>    <dbl> <dbl>    <dbl>
  1 mu_beta_… -1.92    -1.84    4.51    4.38    -9.53     5.37     1.00    1240.
  2 mu_beta_…  0.00467  0.00203 0.146   0.0740  -0.180    0.201    1.00    3643.
  3 mu_beta_…  0.175    0.176   0.368   0.299   -0.415    0.751    1.00    4294.
  4 mu_beta_…  0.340    0.348   0.318   0.235   -0.138    0.805    1.00    3130.
  5 mu_beta_…  0.0155   0.0158  0.0372  0.0166  -0.0296   0.0637   1.00    3172.
  6 mu_beta_…  0.191    0.185   0.509   0.395   -0.623    1.01     1.00    1880.
  7 mu_beta_…  0.122    0.128   0.200   0.127   -0.179    0.396    1.00    3578.
  8 mu_beta_… -0.104   -0.114   0.190   0.121   -0.355    0.183    1.00    3816.
  9 mu_beta_… -0.00683  0.00129 0.479   0.399   -0.800    0.761    1.00    1282.
 10 mu_beta_… -0.0159  -0.0104  0.453   0.378   -0.754    0.723    1.00    1101.
 11 mu_beta_… -0.0701  -0.0600  0.461   0.384   -0.843    0.677    1.00    1101.
 12 mu_beta_…  0.0376   0.0347  0.468   0.377   -0.764    0.793    1.00    1012.
 13 mu_beta_… -0.00840 -0.00423 0.478   0.384   -0.824    0.766    1.00    1015.
 14 mu_beta_… -0.145   -0.0986  0.580   0.447   -1.15     0.707    1.00    1443.
 15 mu_beta_…  0.0355   0.0270  0.373   0.327   -0.572    0.662    1.00    1022.
 16 mu_beta_…  0.0475   0.0413  0.378   0.332   -0.555    0.690    1.00     965.
 17 mu_beta_… -0.0764  -0.0676  0.399   0.338   -0.714    0.577    1.00     991.
 18 mu_beta_…  0.00181  0.0131  0.280   0.211   -0.446    0.409    1.00    2349.
 19 mu_beta_… -0.0674  -0.0615  0.519   0.446   -0.897    0.775    1.00    1069.
 20 mu_beta_… -0.0834  -0.0569  0.555   0.477   -0.994    0.803    1.00    1219.
 21 mu_beta_…  0.107    0.0978  0.386   0.332   -0.524    0.756    1.00    1008.
 22 mu_beta_…  0.0262   0.00786 1.36    0.993   -2.19     2.33     1.00    4152.
 23 mu_beta_…  0.0117   0.00143 1.37    1.01    -2.25     2.27     1.00    4670.
 24 mu_beta_… -2.25    -1.52    2.59    2.41    -7.07     0.944    1.00    1332.
 25 mu_beta_… -0.921   -0.953   0.939   0.922   -2.40     0.595    1.00    1623.
 26 mu_beta_… -0.0392  -0.0263  0.710   0.543   -1.15     1.08     1.00    1724.
 27 mu_beta_…  0.535    0.502   0.583   0.524   -0.331    1.51     1.00    1416.
 28 mu_beta_…  0.119    0.0936  0.480   0.403   -0.608    0.928    1.00    1268.
 29 mu_beta_…  0.110    0.0820  0.478   0.400   -0.632    0.907    1.00    1280.
 30 mu_beta_…  0.159    0.142   0.449   0.373   -0.552    0.909    1.00    1191.
 31 mu_beta_… -0.0525  -0.0504  0.530   0.450   -0.919    0.794    1.00    1219.
 32 mu_beta_…  0.0967   0.0975  0.149   0.116   -0.110    0.309    1.00    1685.
 33 mu_beta_… -0.115   -0.115   0.0405  0.0407  -0.182   -0.0496   1.00    4285.
 34 mu_beta_… -0.123   -0.122   0.0435  0.0433  -0.196   -0.0514   1.00    3483.
 35 mu_beta_… -0.0857  -0.0851  0.0457  0.0453  -0.161   -0.0119   1.00    3306.
 36 mu_beta_…  0.0236   0.0237  0.0437  0.0431  -0.0484   0.0945   1.00    3506.
 37 mu_beta_…  0.0317   0.0344  0.500   0.393   -0.787    0.835    1.00    1789.
 38 mu_beta_…  0.0886   0.0873  0.500   0.390   -0.732    0.890    1.00    1796.
 39 mu_beta_…  0.518    0.511   0.173   0.174    0.242    0.804    1.00    2393.
 40 mu_beta_…  0.0305   0.0306  0.0267  0.0269  -0.0133   0.0743   1.00    9374.
 41 mu_beta_… -0.0194  -0.0196  0.00956 0.00946 -0.0351  -0.00344  1.00    9855.
 42 mu_gamma… -0.171   -0.173   0.228   0.151   -0.513    0.171    1.00    2703.
 43 mu_gamma… -0.220   -0.246   0.455   0.391   -0.910    0.550    1.00    3935.
 44 mu_alpha…  0.522    0.548   0.275   0.186    0.0421   0.907    1.00    3435.
 45 mu_alpha…  0.109    0.110   0.158   0.0766  -0.113    0.301    1.00    3038.
 46 mu_alpha…  0.208    0.208   0.0333  0.0330   0.152    0.261    1.00    5515.
 47 mu_alpha…  0.0692   0.0689  0.0316  0.0307   0.0183   0.122    1.00    6545.
 48 mu_alpha…  0.0411   0.0410  0.0306  0.0310  -0.00917  0.0915   1.00    6689.
 49 mu_alpha…  0.0525   0.0523  0.0313  0.0312   0.00156  0.104    1.00    6324.
 50 mu_alpha…  0.0838   0.0834  0.0314  0.0311   0.0322   0.136    1.00    6341.
 51 mu_alpha…  0.0331   0.0333  0.0277  0.0277  -0.0132   0.0784   1.00    6061.
 52 mu_alpha…  0.0619   0.0619  0.0273  0.0275   0.0165   0.107    1.00    6546.
 53 mu_alpha…  0.118    0.118   0.0273  0.0271   0.0732   0.162    1.00    6390.
 54 mu_alpha…  0.0849   0.0851  0.0270  0.0268   0.0405   0.130    1.00    6547.
 55 mu_alpha…  0.0219   0.0220  0.0275  0.0274  -0.0238   0.0663   1.00    6040.
 56 mu_delta… -0.466   -0.464   0.196   0.116   -0.776   -0.153    1.00    3590.
 57 mu_delta…  0.0642   0.0488  0.337   0.241   -0.450    0.601    1.00    3961.
 58 mu_delta… -0.308   -0.308   0.0508  0.0505  -0.392   -0.225    1.00    5300.
 59 mu_delta… -0.0674  -0.0671  0.0486  0.0488  -0.146    0.0124   1.00    6268.
 60 mu_delta… -0.153   -0.152   0.0466  0.0464  -0.230   -0.0759   1.00    5553.
 61 mu_delta… -0.135   -0.133   0.0490  0.0499  -0.217   -0.0534   1.00    5970.
 62 mu_delta…  0.0203   0.0206  0.0462  0.0452  -0.0567   0.0959   1.00    5639.
 63 mu_delta… -0.0392  -0.0393  0.0402  0.0396  -0.105    0.0264   1.00    6211.
 64 mu_delta… -0.0244  -0.0246  0.0396  0.0395  -0.0887   0.0402   1.00    6258.
 65 mu_delta… -0.0746  -0.0753  0.0411  0.0404  -0.142   -0.00630  1.00    6133.
 66 mu_delta… -0.137   -0.137   0.0403  0.0416  -0.202   -0.0707   1.00    5918.
 67 mu_delta… -0.0588  -0.0576  0.0386  0.0392  -0.123    0.00332  1.00    6170.
 68 mu_phi_l…  1.44     1.49    0.805   0.703    0.0709   2.64     1.00    5382.
 69 sigma_be…  1.21     0.935   1.21    0.844    0.0914   3.22     1.00     902.
 70 sigma_be…  0.199    0.128   0.222   0.0924   0.0405   0.604    1.00    2189.
 71 sigma_be…  0.700    0.590   0.416   0.280    0.289    1.50     1.00    5177.
 72 sigma_be…  0.528    0.430   0.356   0.236    0.189    1.19     1.00    4336.
 73 sigma_be…  0.0403   0.0193  0.0699  0.0206   0.00156  0.148    1.00     616.
 74 sigma_be…  0.175    0.109   0.207   0.0938   0.0172   0.574    1.00    1719.
 75 sigma_be…  0.268    0.193   0.259   0.157    0.0291   0.771    1.00    1375.
 76 sigma_be…  0.260    0.184   0.268   0.160    0.0211   0.751    1.00    1053.
 77 sigma_be…  0.467    0.369   0.398   0.266    0.0675   1.18     1.00    2393.
 78 sigma_be…  0.299    0.205   0.323   0.203    0.0195   0.893    1.00    1384.
 79 sigma_be…  0.339    0.247   0.334   0.225    0.0253   0.963    1.00    1335.
 80 sigma_be…  0.275    0.180   0.309   0.180    0.0134   0.872    1.00    1115.
 81 sigma_be…  0.295    0.194   0.319   0.192    0.0186   0.895    1.00    1324.
 82 sigma_be…  0.637    0.472   0.601   0.485    0.0290   1.81     1.00    1016.
 83 sigma_be…  0.318    0.230   0.307   0.207    0.0273   0.905    1.00    1552.
 84 sigma_be…  0.278    0.186   0.299   0.183    0.0171   0.881    1.00    1144.
 85 sigma_be…  0.334    0.239   0.330   0.221    0.0221   0.964    1.00    1017.
 86 sigma_be…  0.353    0.254   0.352   0.229    0.0261   0.973    1.00    1353.
 87 sigma_be…  0.429    0.321   0.403   0.280    0.0337   1.20     1.00    1458.
 88 sigma_be…  0.564    0.461   0.456   0.348    0.0645   1.43     1.00    1563.
 89 sigma_be…  0.278    0.183   0.308   0.181    0.0146   0.852    1.00    1361.
 90 sigma_be…  1.14     0.792   1.21    0.720    0.0951   3.37     1.01     581.
 91 sigma_be…  1.10     0.778   1.17    0.727    0.0791   3.19     1.00     531.
 92 sigma_be…  3.38     3.02    2.40    1.99     0.337    7.71     1.00     819.
 93 sigma_be…  1.00     0.764   0.945   0.695    0.0667   2.79     1.01     524.
 94 sigma_be…  0.785    0.581   0.779   0.535    0.0511   2.24     1.01     612.
 95 sigma_be…  0.582    0.431   0.552   0.412    0.0414   1.67     1.00     978.
 96 sigma_be…  0.494    0.348   0.505   0.340    0.0325   1.50     1.00     940.
 97 sigma_be…  0.483    0.328   0.516   0.327    0.0298   1.42     1.00     901.
 98 sigma_be…  0.361    0.259   0.355   0.250    0.0238   1.04     1.00    1307.
 99 sigma_be…  0.398    0.277   0.419   0.272    0.0220   1.17     1.00    1189.
100 sigma_be…  0.146    0.0856  0.191   0.0698   0.0146   0.482    1.00    1441.
101 sigma_ga…  0.282    0.186   0.311   0.187    0.0163   0.862    1.00    2626.
102 sigma_ga…  0.672    0.560   0.467   0.339    0.178    1.52     1.00    3857.
103 sigma_al…  0.429    0.327   0.355   0.213    0.113    1.10     1.00    3315.
104 sigma_al…  0.194    0.117   0.241   0.108    0.0150   0.645    1.00    1319.
105 sigma_de…  0.259    0.164   0.301   0.172    0.0125   0.820    1.00     768.
106 sigma_de…  0.585    0.490   0.404   0.280    0.157    1.34     1.00    2582.
107 sigma_ph…  1.40     1.25    0.665   0.478    0.700    2.59     1.00    5048.
108 sigma_ga…  1.06     0.756   1.11    0.706    0.0739   3.06     1.00    6916.
109 sigma_ga…  1.12     0.780   1.26    0.722    0.0744   3.21     1.00    6971.
# ℹ 1 more variable: ess_tail <dbl>
[1] "Calculating lambda_mean..."
[1] "Calculating lambda_test_mean..."
[1] "Calculating y_rep_mean..."
[1] "Calculating y_test_rep_mean..."
[1] "Generating plots..."
[1] "exposure_2HRX9P6HKXA8V_1" "exposure_L69HYJ4Y3TR91_1"
[3] "exposure_ED5J990H5VAZT_1"
[1] 3
Adding missing grouping variables: `location_id_num`
[1] "Skipping daily plot for 2HRX9P6HKXA8V due to missing daily data."
[1] "Skipping daily plot for L69HYJ4Y3TR91 due to missing daily data."
[1] "Skipping daily plot for ED5J990H5VAZT due to missing daily data."
[1] "Skipping MLflow logging as existing fit file was loaded."
[1] "Done."
          used  (Mb) gc trigger   (Mb)  max used   (Mb)
Ncells 5113880 273.2    7665115  409.4   7665115  409.4
Vcells 9970078  76.1  583301378 4450.3 721469306 5504.4
Warning messages:
1: Dropping 'draws_df' class as required metadata was removed. 
2: Dropping 'draws_df' class as required metadata was removed. 
3: Dropping 'draws_df' class as required metadata was removed. 
4: Dropping 'draws_df' class as required metadata was removed. 
