- The project is out-of-sync -- use `renv::status()` for details.
── Attaching core tidyverse packages ──────────────────────── tidyverse 2.0.0 ──
✔ dplyr     1.1.4     ✔ readr     2.1.5
✔ forcats   1.0.0     ✔ stringr   1.5.1
✔ ggplot2   3.5.1     ✔ tibble    3.2.1
✔ lubridate 1.9.4     ✔ tidyr     1.3.1
✔ purrr     1.0.4     
[conflicted] Will prefer dplyr::select over any other package.
[conflicted] Will prefer dplyr::filter over any other package.
[conflicted] Will prefer lubridate::year over any other package.
[conflicted] Will prefer lubridate::month over any other package.
[conflicted] Will prefer purrr::map over any other package.
[conflicted] Will prefer stats::sd over any other package.
[conflicted] Will prefer base::match over any other package.
This is cmdstanr version 0.9.0
- CmdStanR documentation and vignettes: mc-stan.org/cmdstanr
- CmdStan path: /home/nuttidalab/.cmdstan/cmdstan-2.36.0
- CmdStan version: 2.36.0

A newer version of CmdStan is available. See ?install_cmdstan() to install it.
To disable this check set option or environment variable cmdstanr_no_ver_check=TRUE.
This is posterior version 1.6.0
Registered S3 method overwritten by 'tsibble':
  method               from 
  as_tibble.grouped_df dplyr
── Attaching packages ──────────────────────────────────────────── fpp3 1.0.1 ──
✔ tsibble     1.1.6     ✔ feasts      0.4.1
✔ tsibbledata 0.4.1     ✔ fable       0.4.1
Loading required package: R.oo
Loading required package: R.methodsS3
R.methodsS3 v1.8.2 (2022-06-13 22:00:14 UTC) successfully loaded. See ?R.methodsS3 for help.
R.oo v1.27.0 (2024-11-01 18:00:02 UTC) successfully loaded. See ?R.oo for help.

Attaching package: ‘R.oo’

The following object is masked from ‘package:R.methodsS3’:

    throw

The following object is masked from ‘package:shiny’:

    printStackTrace

The following object is masked from ‘package:renv’:

    load

The following objects are masked from ‘package:methods’:

    getClasses, getMethods

The following objects are masked from ‘package:base’:

    attach, detach, load, save

R.utils v2.13.0 (2025-02-24 21:20:02 UTC) successfully loaded. See ?R.utils for help.
Registered S3 method overwritten by 'quantmod':
  method            from
  as.zoo.data.frame zoo 
Registered S3 methods overwritten by 'bayesforecast':
  method      from    
  autoplot.ts forecast
  forecast.ts forecast
  fortify.ts  forecast
  print.garch tseries 
[1] "# of rows: 261451"
[1] "# of rows: 82896"
  Items before transaction aggregation: 82896 
  Transactions after aggregation: 48547 
[1] "# of rows: 39410"
  Transactions after pre/post filter: 39410 
  Demeaned outcome range: [ -12 ,  25 ]
  Demeaned outcome mean: -0.045131 
[1] "Created 5 gender x exposure interaction columns: exposure_SRQS8F7JWA9MZ_1_gendermale, exposure_SRQS8F7JWA9MZ_2_gendermale, exposure_2HRX9P6HKXA8V_1_gendermale, exposure_L69HYJ4Y3TR91_1_gendermale, exposure_ED5J990H5VAZT_1_gendermale"
[1] "Found 15 exposure columns in the data: exposure_SRQS8F7JWA9MZ_1, exposure_SRQS8F7JWA9MZ_2, exposure_2HRX9P6HKXA8V_1, exposure_L69HYJ4Y3TR91_1, exposure_ED5J990H5VAZT_1, exposure_SRQS8F7JWA9MZ_1_slope, exposure_SRQS8F7JWA9MZ_2_slope, exposure_2HRX9P6HKXA8V_1_slope, exposure_L69HYJ4Y3TR91_1_slope, exposure_ED5J990H5VAZT_1_slope, exposure_SRQS8F7JWA9MZ_1_gendermale, exposure_SRQS8F7JWA9MZ_2_gendermale, exposure_2HRX9P6HKXA8V_1_gendermale, exposure_L69HYJ4Y3TR91_1_gendermale, exposure_ED5J990H5VAZT_1_gendermale"
Numeric columns considered for scaling:
age,
vegan_price_real,
vegetarian_price_real,
meat_price_real,
breakfast_p_price_real,
textured_p_price_real,
untextured_p_price_real,
chicken_p_price_real,
dairy_p_price_real,
egg_p_price_real,
breakfast_price_real,
textured_price_real,
untextured_price_real,
breakfast_t2_price_real,
textured_t2_price_real,
untextured_t2_price_real,
chicken_t2_price_real,
dairy_t2_price_real,
inflation,
temp,
precip,
date_code[1] "Train: N = 37437"
[1] "Test: N = 1973"
[1] "Successfully created `expo_to_rest` mapping."
[1] "Successfully created `expo_to_param` mapping."
Identified 15 exposure columns in the design matrix: 
exposure_SRQS8F7JWA9MZ_1_gendermale, 
exposure_SRQS8F7JWA9MZ_2_gendermale, 
exposure_2HRX9P6HKXA8V_1_gendermale, 
exposure_L69HYJ4Y3TR91_1_gendermale, 
exposure_ED5J990H5VAZT_1_gendermale, 
exposure_SRQS8F7JWA9MZ_1, 
exposure_SRQS8F7JWA9MZ_2, 
exposure_2HRX9P6HKXA8V_1, 
exposure_L69HYJ4Y3TR91_1, 
exposure_ED5J990H5VAZT_1, 
exposure_SRQS8F7JWA9MZ_1_slope, 
exposure_SRQS8F7JWA9MZ_2_slope, 
exposure_2HRX9P6HKXA8V_1_slope, 
exposure_L69HYJ4Y3TR91_1_slope, 
exposure_ED5J990H5VAZT_1_slope
Identified 35 random beta columns: 
vegan_price_real, 
vegetarian_price_real, 
meat_price_real, 
weekend, 
holiday_window, 
month_cat2, 
month_cat3, 
month_cat4, 
month_cat5, 
month_cat6, 
month_cat7, 
month_cat8, 
month_cat9, 
month_cat10, 
month_cat11, 
month_cat12, 
seasonspring, 
seasonsummer, 
seasonwinter, 
year_cat2014, 
year_cat2015, 
year_cat2016, 
year_cat2017, 
year_cat2018, 
year_cat2019, 
year_cat2020, 
year_cat2021, 
year_cat2022, 
year_cat2023, 
date_num, 
exposure_SRQS8F7JWA9MZ_1_gendermale, 
exposure_SRQS8F7JWA9MZ_2_gendermale, 
exposure_2HRX9P6HKXA8V_1_gendermale, 
exposure_L69HYJ4Y3TR91_1_gendermale, 
exposure_ED5J990H5VAZT_1_gendermale
Identified 9 fixed beta columns: 
day_of_week_cat1, 
day_of_week_cat2, 
day_of_week_cat3, 
day_of_week_cat4, 
day_of_week_cat5, 
day_of_week_cat6, 
inflation, 
temp, 
precip
$R
[1] 4

$J
[1] 55

$M
[1] 2

$idx_intercept
[1] 1

$K_beta_random
[1] 35

$idx_beta_random
[1] 2 3 4 5 6 7

$K_beta_fixed
[1] 9

$idx_beta_fixed
[1] 37 38 39 40 41 42

$K_exposure
[1] 15

$idx_exposure
[1] 32 33 34 35 36 46

$expo_to_rest
[1] 1 1 2 3 4 1

$expo_to_param
[1] 1 1 1 1 1 1

$N_train
[1] 37437

$X_train
  (Intercept) vegan_price_real vegetarian_price_real meat_price_real weekend
1           1        0.3736620           -0.67342494      -0.5040364       0
2           1        0.2502054           -0.25656216       0.4510785       1
3           1       -0.6634175           -0.37728887      -0.5614844       0
4           1        0.4660958           -0.57694593      -0.2936137       1
5           1        0.3565875           -0.66769036       0.1998435       1
6           1        0.2647722            0.00658539      -0.3308239       0
  holiday_window month_cat2 month_cat3 month_cat4 month_cat5 month_cat6
1              0          0          0          0          0          1
2              0          0          0          0          0          0
3              0          0          0          0          0          0
4              0          0          0          0          1          0
5              0          0          0          0          0          1
6              0          0          0          0          0          0
  month_cat7 month_cat8 month_cat9 month_cat10 month_cat11 month_cat12
1          0          0          0           0           0           0
2          1          0          0           0           0           0
3          1          0          0           0           0           0
4          0          0          0           0           0           0
5          0          0          0           0           0           0
6          1          0          0           0           0           0
  seasonspring seasonsummer seasonwinter year_cat2014 year_cat2015 year_cat2016
1            0            1            0            0            0            0
2            0            1            0            0            0            0
3            0            1            0            0            0            0
4            1            0            0            0            0            0
5            0            1            0            0            0            0
6            0            1            0            0            0            0
  year_cat2017 year_cat2018 year_cat2019 year_cat2020 year_cat2021 year_cat2022
1            0            0            0            1            0            0
2            0            0            0            1            0            0
3            0            0            0            0            1            0
4            0            0            0            1            0            0
5            0            0            0            1            0            0
6            0            0            0            1            0            0
  year_cat2023 date_num exposure_SRQS8F7JWA9MZ_1_gendermale
1            0 50.47228                                   0
2            0 50.54346                                   0
3            0 51.55647                                   0
4            0 50.37372                                   0
5            0 50.44764                                   0
6            0 50.57632                                   0
  exposure_SRQS8F7JWA9MZ_2_gendermale exposure_2HRX9P6HKXA8V_1_gendermale
1                                   0                                   0
2                                   0                                   0
3                                   0                                   0
4                                   0                                   0
5                                   0                                   0
6                                   0                                   0
  exposure_L69HYJ4Y3TR91_1_gendermale exposure_ED5J990H5VAZT_1_gendermale
1                                   0                                   0
2                                   0                                   0
3                                   0                                   0
4                                   0                                   0
5                                   0                                   0
6                                   0                                   0
  day_of_week_cat1 day_of_week_cat2 day_of_week_cat3 day_of_week_cat4
1                0                0                0                0
2                0                0                0                0
3                0                0                0                1
4                0                0                0                0
5                0                0                0                0
6                0                0                1                0
  day_of_week_cat5 day_of_week_cat6  inflation       temp      precip
1                0                0 -0.7239512 1.45502804 -0.30965733
2                1                0 -0.6340447 1.53933029 -0.18986304
3                0                0  0.2405241 0.88598782 -0.42945161
4                0                1 -0.8223271 0.04296529 -0.09402762
5                1                0 -0.7239512 0.19049423 -0.18986304
6                0                0 -0.6340447 1.18104571 -0.21382190
  exposure_SRQS8F7JWA9MZ_1 exposure_SRQS8F7JWA9MZ_2 exposure_2HRX9P6HKXA8V_1
1                        0                        0                        0
2                        1                        0                        0
3                        1                        1                        0
4                        0                        0                        0
5                        0                        0                        0
6                        1                        0                        0
  exposure_L69HYJ4Y3TR91_1 exposure_ED5J990H5VAZT_1
1                        0                        0
2                        0                        0
3                        0                        0
4                        0                        0
5                        0                        0
6                        0                        0
  exposure_SRQS8F7JWA9MZ_1_slope exposure_SRQS8F7JWA9MZ_2_slope
1                     0.00000000                      0.0000000
2                     0.06297057                      0.0000000
3                     1.07597536                      0.8678987
4                     0.00000000                      0.0000000
5                     0.00000000                      0.0000000
6                     0.09582478                      0.0000000
  exposure_2HRX9P6HKXA8V_1_slope exposure_L69HYJ4Y3TR91_1_slope
1                              0                              0
2                              0                              0
3                              0                              0
4                              0                              0
5                              0                              0
6                              0                              0
  exposure_ED5J990H5VAZT_1_slope
1                              0
2                              0
3                              0
4                              0
5                              0
6                              0

$y_train
[1]  0  0  0  0  0 -1

$idx_to_rest_train
[1] 1 1 1 1 1 1

$train_start_idx
[1]     1 16607 21795 24949

$train_end_idx
[1] 16606 21794 24948 37437

$N_test
[1] 1973

$X_test
  (Intercept) vegan_price_real vegetarian_price_real meat_price_real weekend
1           1      -2.45047017            -3.0205256     -3.08277803       0
2           1       0.18929011             0.3713251     -0.23717051       0
3           1       0.07153053            -0.2616412     -0.05230632       0
4           1       0.46037486            -0.5797406      0.17922301       1
5           1       0.07321580             0.4083735      0.08543760       0
6           1       0.99001365             1.4566144      1.15336811       1
  holiday_window month_cat2 month_cat3 month_cat4 month_cat5 month_cat6
1              0          1          0          0          0          0
2              0          0          0          0          0          0
3              0          0          0          0          0          0
4              0          0          0          0          1          0
5              0          0          0          0          0          0
6              0          0          1          0          0          0
  month_cat7 month_cat8 month_cat9 month_cat10 month_cat11 month_cat12
1          0          0          0           0           0           0
2          0          1          0           0           0           0
3          0          0          1           0           0           0
4          0          0          0           0           0           0
5          0          0          1           0           0           0
6          0          0          0           0           0           0
  seasonspring seasonsummer seasonwinter year_cat2014 year_cat2015 year_cat2016
1            0            0            1            0            0            0
2            0            1            0            0            0            0
3            0            0            0            0            0            0
4            1            0            0            0            0            0
5            0            0            0            0            0            0
6            1            0            0            0            0            0
  year_cat2017 year_cat2018 year_cat2019 year_cat2020 year_cat2021 year_cat2022
1            0            0            0            1            0            0
2            0            0            0            1            0            0
3            0            0            0            1            0            0
4            0            0            0            1            0            0
5            0            0            0            1            0            0
6            0            0            0            0            0            1
  year_cat2023 date_num exposure_SRQS8F7JWA9MZ_1_gendermale
1            0 50.15743                                   0
2            0 50.65298                                   0
3            0 50.69131                                   0
4            0 50.40931                                   0
5            0 50.72416                                   1
6            0 52.17522                                   1
  exposure_SRQS8F7JWA9MZ_2_gendermale exposure_2HRX9P6HKXA8V_1_gendermale
1                                   0                                   0
2                                   0                                   0
3                                   0                                   0
4                                   0                                   0
5                                   1                                   0
6                                   1                                   0
  exposure_L69HYJ4Y3TR91_1_gendermale exposure_ED5J990H5VAZT_1_gendermale
1                                   0                                   0
2                                   0                                   0
3                                   0                                   0
4                                   0                                   0
5                                   0                                   0
6                                   0                                   0
  day_of_week_cat1 day_of_week_cat2 day_of_week_cat3 day_of_week_cat4
1                0                0                0                1
2                0                0                1                0
3                0                0                1                0
4                0                0                0                0
5                1                0                0                0
6                0                0                0                0
  day_of_week_cat5 day_of_week_cat6  inflation       temp      precip
1                0                0 -0.9479356 -1.8959865 -0.16590419
2                0                0 -0.5794493  1.3496502 -0.42945161
3                0                0 -0.4724084  0.5593166 -0.42945161
4                1                0 -0.8223271  0.2431831 -0.21382190
5                0                0 -0.4724084  0.3169476 -0.42945161
6                0                1  1.1308591 -0.1994037  0.02576666
  exposure_SRQS8F7JWA9MZ_1 exposure_SRQS8F7JWA9MZ_2 exposure_2HRX9P6HKXA8V_1
1                        0                        0                        0
2                        1                        0                        0
3                        1                        1                        0
4                        0                        0                        0
5                        1                        1                        0
6                        1                        1                        0
  exposure_L69HYJ4Y3TR91_1 exposure_ED5J990H5VAZT_1
1                        0                        0
2                        0                        0
3                        0                        0
4                        0                        0
5                        0                        0
6                        0                        0
  exposure_SRQS8F7JWA9MZ_1_slope exposure_SRQS8F7JWA9MZ_2_slope
1                      0.0000000                    0.000000000
2                      0.1724846                    0.000000000
3                      0.2108145                    0.002737851
4                      0.0000000                    0.000000000
5                      0.2436687                    0.035592060
6                      1.6947296                    1.486652977
  exposure_2HRX9P6HKXA8V_1_slope exposure_L69HYJ4Y3TR91_1_slope
1                              0                              0
2                              0                              0
3                              0                              0
4                              0                              0
5                              0                              0
6                              0                              0
  exposure_ED5J990H5VAZT_1_slope
1                              0
2                              0
3                              0
4                              0
5                              0
6                              0

$y_test
[1]  0 -2 -2  0 -2 -1

$idx_to_rest_test
[1] 1 1 1 1 1 1

$test_start_idx
[1]    1  875 1149 1316

$test_end_idx
[1]  874 1148 1315 1973

$mu_gamma_scale
[1] 1

$sigma_gamma_between_scale
[1] 1

$sigma_gamma_within_scale
[1] 1

$mu_beta_scale
[1] 1

$sigma_beta_scale
[1] 1

$mu_sigma_log_scale
[1] 2

$sigma_sigma_log_scale
[1] 1

$z_eta_scale
[1] 1

$z_gamma_scale
[1] 1

$z_beta_scale
[1] 1

$z_sigma_scale
[1] 1

[1] "Using Stan model: model_multilevel_transfer_customer_gaussian_iid.stan"
[1] "Fitting the Gaussian IID (transaction-level demeaned) model..."
Running MCMC with 3 parallel chains...

Chain 2 Informational Message: The current Metropolis proposal is about to be rejected because of the following issue:
Chain 2 Exception: normal_lpdf: Location parameter[1] is -nan, but must be finite! (in '/tmp/Rtmporjekq/model-2793cf79b48e4.stan', line 327, column 2 to column 49)
Chain 2 If this warning occurs sporadically, such as for highly constrained variable types like covariance matrices, then the sampler is fine,
Chain 2 but if this warning occurs often then your model may be either severely ill-conditioned or misspecified.
Chain 2 
Chain 2 Informational Message: The current Metropolis proposal is about to be rejected because of the following issue:
Chain 2 Exception: normal_lpdf: Location parameter[1] is -nan, but must be finite! (in '/tmp/Rtmporjekq/model-2793cf79b48e4.stan', line 327, column 2 to column 49)
Chain 2 If this warning occurs sporadically, such as for highly constrained variable types like covariance matrices, then the sampler is fine,
Chain 2 but if this warning occurs often then your model may be either severely ill-conditioned or misspecified.
Chain 2 
Chain 2 Informational Message: The current Metropolis proposal is about to be rejected because of the following issue:
Chain 2 Exception: normal_lpdf: Location parameter[1] is -nan, but must be finite! (in '/tmp/Rtmporjekq/model-2793cf79b48e4.stan', line 327, column 2 to column 49)
Chain 2 If this warning occurs sporadically, such as for highly constrained variable types like covariance matrices, then the sampler is fine,
Chain 2 but if this warning occurs often then your model may be either severely ill-conditioned or misspecified.
Chain 2 
Chain 2 Informational Message: The current Metropolis proposal is about to be rejected because of the following issue:
Chain 2 Exception: normal_lpdf: Location parameter[1] is -nan, but must be finite! (in '/tmp/Rtmporjekq/model-2793cf79b48e4.stan', line 327, column 2 to column 49)
Chain 2 If this warning occurs sporadically, such as for highly constrained variable types like covariance matrices, then the sampler is fine,
Chain 2 but if this warning occurs often then your model may be either severely ill-conditioned or misspecified.
Chain 2 
Chain 2 Informational Message: The current Metropolis proposal is about to be rejected because of the following issue:
Chain 2 Exception: normal_lpdf: Location parameter[1] is -nan, but must be finite! (in '/tmp/Rtmporjekq/model-2793cf79b48e4.stan', line 327, column 2 to column 49)
Chain 2 If this warning occurs sporadically, such as for highly constrained variable types like covariance matrices, then the sampler is fine,
Chain 2 but if this warning occurs often then your model may be either severely ill-conditioned or misspecified.
Chain 2 
Chain 1 Informational Message: The current Metropolis proposal is about to be rejected because of the following issue:
Chain 1 Exception: normal_lpdf: Location parameter[1] is -nan, but must be finite! (in '/tmp/Rtmporjekq/model-2793cf79b48e4.stan', line 327, column 2 to column 49)
Chain 1 If this warning occurs sporadically, such as for highly constrained variable types like covariance matrices, then the sampler is fine,
Chain 1 but if this warning occurs often then your model may be either severely ill-conditioned or misspecified.
Chain 1 
Chain 1 Informational Message: The current Metropolis proposal is about to be rejected because of the following issue:
Chain 1 Exception: normal_lpdf: Location parameter[1] is -nan, but must be finite! (in '/tmp/Rtmporjekq/model-2793cf79b48e4.stan', line 327, column 2 to column 49)
Chain 1 If this warning occurs sporadically, such as for highly constrained variable types like covariance matrices, then the sampler is fine,
Chain 1 but if this warning occurs often then your model may be either severely ill-conditioned or misspecified.
Chain 1 
Chain 1 Informational Message: The current Metropolis proposal is about to be rejected because of the following issue:
Chain 1 Exception: normal_lpdf: Location parameter[1] is -nan, but must be finite! (in '/tmp/Rtmporjekq/model-2793cf79b48e4.stan', line 327, column 2 to column 49)
Chain 1 If this warning occurs sporadically, such as for highly constrained variable types like covariance matrices, then the sampler is fine,
Chain 1 but if this warning occurs often then your model may be either severely ill-conditioned or misspecified.
Chain 1 
Chain 1 Informational Message: The current Metropolis proposal is about to be rejected because of the following issue:
Chain 1 Exception: normal_lpdf: Location parameter[1] is -nan, but must be finite! (in '/tmp/Rtmporjekq/model-2793cf79b48e4.stan', line 327, column 2 to column 49)
Chain 1 If this warning occurs sporadically, such as for highly constrained variable types like covariance matrices, then the sampler is fine,
Chain 1 but if this warning occurs often then your model may be either severely ill-conditioned or misspecified.
Chain 1 
Chain 1 Informational Message: The current Metropolis proposal is about to be rejected because of the following issue:
Chain 1 Exception: normal_lpdf: Location parameter[1] is -nan, but must be finite! (in '/tmp/Rtmporjekq/model-2793cf79b48e4.stan', line 327, column 2 to column 49)
Chain 1 If this warning occurs sporadically, such as for highly constrained variable types like covariance matrices, then the sampler is fine,
Chain 1 but if this warning occurs often then your model may be either severely ill-conditioned or misspecified.
Chain 1 
Chain 1 Informational Message: The current Metropolis proposal is about to be rejected because of the following issue:
Chain 1 Exception: normal_lpdf: Location parameter[1] is -nan, but must be finite! (in '/tmp/Rtmporjekq/model-2793cf79b48e4.stan', line 327, column 2 to column 49)
Chain 1 If this warning occurs sporadically, such as for highly constrained variable types like covariance matrices, then the sampler is fine,
Chain 1 but if this warning occurs often then your model may be either severely ill-conditioned or misspecified.
Chain 1 
Chain 3 Informational Message: The current Metropolis proposal is about to be rejected because of the following issue:
Chain 3 Exception: normal_lpdf: Location parameter[1] is -nan, but must be finite! (in '/tmp/Rtmporjekq/model-2793cf79b48e4.stan', line 327, column 2 to column 49)
Chain 3 If this warning occurs sporadically, such as for highly constrained variable types like covariance matrices, then the sampler is fine,
Chain 3 but if this warning occurs often then your model may be either severely ill-conditioned or misspecified.
Chain 3 
Chain 3 Informational Message: The current Metropolis proposal is about to be rejected because of the following issue:
Chain 3 Exception: normal_lpdf: Location parameter[1] is -nan, but must be finite! (in '/tmp/Rtmporjekq/model-2793cf79b48e4.stan', line 327, column 2 to column 49)
Chain 3 If this warning occurs sporadically, such as for highly constrained variable types like covariance matrices, then the sampler is fine,
Chain 3 but if this warning occurs often then your model may be either severely ill-conditioned or misspecified.
Chain 3 
Chain 3 Informational Message: The current Metropolis proposal is about to be rejected because of the following issue:
Chain 3 Exception: normal_lpdf: Location parameter[1] is -nan, but must be finite! (in '/tmp/Rtmporjekq/model-2793cf79b48e4.stan', line 327, column 2 to column 49)
Chain 3 If this warning occurs sporadically, such as for highly constrained variable types like covariance matrices, then the sampler is fine,
Chain 3 but if this warning occurs often then your model may be either severely ill-conditioned or misspecified.
Chain 3 
Chain 3 Informational Message: The current Metropolis proposal is about to be rejected because of the following issue:
Chain 3 Exception: normal_lpdf: Location parameter[1] is -nan, but must be finite! (in '/tmp/Rtmporjekq/model-2793cf79b48e4.stan', line 327, column 2 to column 49)
Chain 3 If this warning occurs sporadically, such as for highly constrained variable types like covariance matrices, then the sampler is fine,
Chain 3 but if this warning occurs often then your model may be either severely ill-conditioned or misspecified.
Chain 3 
Chain 3 Informational Message: The current Metropolis proposal is about to be rejected because of the following issue:
Chain 3 Exception: normal_lpdf: Location parameter[1] is -nan, but must be finite! (in '/tmp/Rtmporjekq/model-2793cf79b48e4.stan', line 327, column 2 to column 49)
Chain 3 If this warning occurs sporadically, such as for highly constrained variable types like covariance matrices, then the sampler is fine,
Chain 3 but if this warning occurs often then your model may be either severely ill-conditioned or misspecified.
Chain 3 
Chain 3 Informational Message: The current Metropolis proposal is about to be rejected because of the following issue:
Chain 3 Exception: normal_lpdf: Location parameter[1] is -nan, but must be finite! (in '/tmp/Rtmporjekq/model-2793cf79b48e4.stan', line 327, column 2 to column 49)
Chain 3 If this warning occurs sporadically, such as for highly constrained variable types like covariance matrices, then the sampler is fine,
Chain 3 but if this warning occurs often then your model may be either severely ill-conditioned or misspecified.
Chain 3 
Chain 3 Informational Message: The current Metropolis proposal is about to be rejected because of the following issue:
Chain 3 Exception: normal_lpdf: Location parameter[1] is -nan, but must be finite! (in '/tmp/Rtmporjekq/model-2793cf79b48e4.stan', line 327, column 2 to column 49)
Chain 3 If this warning occurs sporadically, such as for highly constrained variable types like covariance matrices, then the sampler is fine,
Chain 3 but if this warning occurs often then your model may be either severely ill-conditioned or misspecified.
Chain 3 
Chain 2 Iteration:    1 / 3500 [  0%]  (Warmup) 
Chain 2 Informational Message: The current Metropolis proposal is about to be rejected because of the following issue:
Chain 2 Exception: normal_lpdf: Location parameter[1] is -nan, but must be finite! (in '/tmp/Rtmporjekq/model-2793cf79b48e4.stan', line 327, column 2 to column 49)
Chain 2 If this warning occurs sporadically, such as for highly constrained variable types like covariance matrices, then the sampler is fine,
Chain 2 but if this warning occurs often then your model may be either severely ill-conditioned or misspecified.
Chain 2 
Chain 2 Informational Message: The current Metropolis proposal is about to be rejected because of the following issue:
Chain 2 Exception: normal_lpdf: Location parameter[1] is -nan, but must be finite! (in '/tmp/Rtmporjekq/model-2793cf79b48e4.stan', line 327, column 2 to column 49)
Chain 2 If this warning occurs sporadically, such as for highly constrained variable types like covariance matrices, then the sampler is fine,
Chain 2 but if this warning occurs often then your model may be either severely ill-conditioned or misspecified.
Chain 2 
Chain 1 Iteration:    1 / 3500 [  0%]  (Warmup) 
Chain 3 Iteration:    1 / 3500 [  0%]  (Warmup) 
Chain 1 Informational Message: The current Metropolis proposal is about to be rejected because of the following issue:
Chain 1 Exception: normal_lpdf: Location parameter[1] is -nan, but must be finite! (in '/tmp/Rtmporjekq/model-2793cf79b48e4.stan', line 327, column 2 to column 49)
Chain 1 If this warning occurs sporadically, such as for highly constrained variable types like covariance matrices, then the sampler is fine,
Chain 1 but if this warning occurs often then your model may be either severely ill-conditioned or misspecified.
Chain 1 
Chain 1 Informational Message: The current Metropolis proposal is about to be rejected because of the following issue:
Chain 1 Exception: normal_lpdf: Location parameter[1] is -nan, but must be finite! (in '/tmp/Rtmporjekq/model-2793cf79b48e4.stan', line 327, column 2 to column 49)
Chain 1 If this warning occurs sporadically, such as for highly constrained variable types like covariance matrices, then the sampler is fine,
Chain 1 but if this warning occurs often then your model may be either severely ill-conditioned or misspecified.
Chain 1 
Chain 1 Informational Message: The current Metropolis proposal is about to be rejected because of the following issue:
Chain 1 Exception: normal_lpdf: Location parameter[1] is -nan, but must be finite! (in '/tmp/Rtmporjekq/model-2793cf79b48e4.stan', line 327, column 2 to column 49)
Chain 1 If this warning occurs sporadically, such as for highly constrained variable types like covariance matrices, then the sampler is fine,
Chain 1 but if this warning occurs often then your model may be either severely ill-conditioned or misspecified.
Chain 1 
Chain 3 Informational Message: The current Metropolis proposal is about to be rejected because of the following issue:
Chain 3 Exception: normal_lpdf: Location parameter[1] is -nan, but must be finite! (in '/tmp/Rtmporjekq/model-2793cf79b48e4.stan', line 327, column 2 to column 49)
Chain 3 If this warning occurs sporadically, such as for highly constrained variable types like covariance matrices, then the sampler is fine,
Chain 3 but if this warning occurs often then your model may be either severely ill-conditioned or misspecified.
Chain 3 
Chain 3 Informational Message: The current Metropolis proposal is about to be rejected because of the following issue:
Chain 3 Exception: normal_lpdf: Location parameter[1] is -nan, but must be finite! (in '/tmp/Rtmporjekq/model-2793cf79b48e4.stan', line 327, column 2 to column 49)
Chain 3 If this warning occurs sporadically, such as for highly constrained variable types like covariance matrices, then the sampler is fine,
Chain 3 but if this warning occurs often then your model may be either severely ill-conditioned or misspecified.
Chain 3 
Chain 1 Iteration:  100 / 3500 [  2%]  (Warmup) 
Chain 3 Iteration:  100 / 3500 [  2%]  (Warmup) 
Chain 2 Iteration:  100 / 3500 [  2%]  (Warmup) 
Chain 1 Iteration:  200 / 3500 [  5%]  (Warmup) 
Chain 3 Iteration:  200 / 3500 [  5%]  (Warmup) 
Chain 2 Iteration:  200 / 3500 [  5%]  (Warmup) 
Chain 1 Iteration:  300 / 3500 [  8%]  (Warmup) 
Chain 3 Iteration:  300 / 3500 [  8%]  (Warmup) 
Chain 2 Iteration:  300 / 3500 [  8%]  (Warmup) 
Chain 1 Iteration:  400 / 3500 [ 11%]  (Warmup) 
Chain 3 Iteration:  400 / 3500 [ 11%]  (Warmup) 
Chain 2 Iteration:  400 / 3500 [ 11%]  (Warmup) 
Chain 3 Iteration:  500 / 3500 [ 14%]  (Warmup) 
Chain 1 Iteration:  500 / 3500 [ 14%]  (Warmup) 
Chain 2 Iteration:  500 / 3500 [ 14%]  (Warmup) 
Chain 3 Iteration:  600 / 3500 [ 17%]  (Warmup) 
Chain 1 Iteration:  600 / 3500 [ 17%]  (Warmup) 
Chain 2 Iteration:  600 / 3500 [ 17%]  (Warmup) 
Chain 3 Iteration:  700 / 3500 [ 20%]  (Warmup) 
Chain 1 Iteration:  700 / 3500 [ 20%]  (Warmup) 
Chain 2 Iteration:  700 / 3500 [ 20%]  (Warmup) 
Chain 3 Iteration:  800 / 3500 [ 22%]  (Warmup) 
Chain 1 Iteration:  800 / 3500 [ 22%]  (Warmup) 
Chain 2 Iteration:  800 / 3500 [ 22%]  (Warmup) 
Chain 3 Iteration:  900 / 3500 [ 25%]  (Warmup) 
Chain 1 Iteration:  900 / 3500 [ 25%]  (Warmup) 
Chain 2 Iteration:  900 / 3500 [ 25%]  (Warmup) 
Chain 3 Iteration: 1000 / 3500 [ 28%]  (Warmup) 
Chain 1 Iteration: 1000 / 3500 [ 28%]  (Warmup) 
Chain 2 Iteration: 1000 / 3500 [ 28%]  (Warmup) 
Chain 3 Iteration: 1100 / 3500 [ 31%]  (Warmup) 
Chain 1 Iteration: 1100 / 3500 [ 31%]  (Warmup) 
Chain 2 Iteration: 1100 / 3500 [ 31%]  (Warmup) 
Chain 3 Iteration: 1200 / 3500 [ 34%]  (Warmup) 
Chain 1 Iteration: 1200 / 3500 [ 34%]  (Warmup) 
Chain 2 Iteration: 1200 / 3500 [ 34%]  (Warmup) 
Chain 3 Iteration: 1300 / 3500 [ 37%]  (Warmup) 
Chain 1 Iteration: 1300 / 3500 [ 37%]  (Warmup) 
Chain 2 Iteration: 1300 / 3500 [ 37%]  (Warmup) 
Chain 3 Iteration: 1400 / 3500 [ 40%]  (Warmup) 
Chain 1 Iteration: 1400 / 3500 [ 40%]  (Warmup) 
Chain 2 Iteration: 1400 / 3500 [ 40%]  (Warmup) 
Chain 3 Iteration: 1500 / 3500 [ 42%]  (Warmup) 
Chain 3 Iteration: 1501 / 3500 [ 42%]  (Sampling) 
Chain 1 Iteration: 1500 / 3500 [ 42%]  (Warmup) 
Chain 1 Iteration: 1501 / 3500 [ 42%]  (Sampling) 
Chain 2 Iteration: 1500 / 3500 [ 42%]  (Warmup) 
Chain 2 Iteration: 1501 / 3500 [ 42%]  (Sampling) 
Chain 3 Iteration: 1600 / 3500 [ 45%]  (Sampling) 
Chain 1 Iteration: 1600 / 3500 [ 45%]  (Sampling) 
Chain 2 Iteration: 1600 / 3500 [ 45%]  (Sampling) 
Chain 3 Iteration: 1700 / 3500 [ 48%]  (Sampling) 
Chain 1 Iteration: 1700 / 3500 [ 48%]  (Sampling) 
Chain 2 Iteration: 1700 / 3500 [ 48%]  (Sampling) 
Chain 3 Iteration: 1800 / 3500 [ 51%]  (Sampling) 
Chain 1 Iteration: 1800 / 3500 [ 51%]  (Sampling) 
Chain 2 Iteration: 1800 / 3500 [ 51%]  (Sampling) 
Chain 3 Iteration: 1900 / 3500 [ 54%]  (Sampling) 
Chain 1 Iteration: 1900 / 3500 [ 54%]  (Sampling) 
Chain 2 Iteration: 1900 / 3500 [ 54%]  (Sampling) 
Chain 3 Iteration: 2000 / 3500 [ 57%]  (Sampling) 
Chain 1 Iteration: 2000 / 3500 [ 57%]  (Sampling) 
Chain 2 Iteration: 2000 / 3500 [ 57%]  (Sampling) 
Chain 3 Iteration: 2100 / 3500 [ 60%]  (Sampling) 
Chain 1 Iteration: 2100 / 3500 [ 60%]  (Sampling) 
Chain 2 Iteration: 2100 / 3500 [ 60%]  (Sampling) 
Chain 3 Iteration: 2200 / 3500 [ 62%]  (Sampling) 
Chain 1 Iteration: 2200 / 3500 [ 62%]  (Sampling) 
Chain 2 Iteration: 2200 / 3500 [ 62%]  (Sampling) 
Chain 3 Iteration: 2300 / 3500 [ 65%]  (Sampling) 
Chain 1 Iteration: 2300 / 3500 [ 65%]  (Sampling) 
Chain 2 Iteration: 2300 / 3500 [ 65%]  (Sampling) 
Chain 3 Iteration: 2400 / 3500 [ 68%]  (Sampling) 
Chain 1 Iteration: 2400 / 3500 [ 68%]  (Sampling) 
Chain 2 Iteration: 2400 / 3500 [ 68%]  (Sampling) 
Chain 3 Iteration: 2500 / 3500 [ 71%]  (Sampling) 
Chain 1 Iteration: 2500 / 3500 [ 71%]  (Sampling) 
Chain 2 Iteration: 2500 / 3500 [ 71%]  (Sampling) 
Chain 3 Iteration: 2600 / 3500 [ 74%]  (Sampling) 
Chain 1 Iteration: 2600 / 3500 [ 74%]  (Sampling) 
Chain 2 Iteration: 2600 / 3500 [ 74%]  (Sampling) 
Chain 3 Iteration: 2700 / 3500 [ 77%]  (Sampling) 
Chain 1 Iteration: 2700 / 3500 [ 77%]  (Sampling) 
Chain 2 Iteration: 2700 / 3500 [ 77%]  (Sampling) 
Chain 3 Iteration: 2800 / 3500 [ 80%]  (Sampling) 
Chain 1 Iteration: 2800 / 3500 [ 80%]  (Sampling) 
Chain 2 Iteration: 2800 / 3500 [ 80%]  (Sampling) 
Chain 3 Iteration: 2900 / 3500 [ 82%]  (Sampling) 
Chain 1 Iteration: 2900 / 3500 [ 82%]  (Sampling) 
Chain 2 Iteration: 2900 / 3500 [ 82%]  (Sampling) 
Chain 3 Iteration: 3000 / 3500 [ 85%]  (Sampling) 
Chain 1 Iteration: 3000 / 3500 [ 85%]  (Sampling) 
Chain 2 Iteration: 3000 / 3500 [ 85%]  (Sampling) 
Chain 3 Iteration: 3100 / 3500 [ 88%]  (Sampling) 
Chain 1 Iteration: 3100 / 3500 [ 88%]  (Sampling) 
Chain 2 Iteration: 3100 / 3500 [ 88%]  (Sampling) 
Chain 3 Iteration: 3200 / 3500 [ 91%]  (Sampling) 
Chain 1 Iteration: 3200 / 3500 [ 91%]  (Sampling) 
Chain 2 Iteration: 3200 / 3500 [ 91%]  (Sampling) 
Chain 3 Iteration: 3300 / 3500 [ 94%]  (Sampling) 
Chain 1 Iteration: 3300 / 3500 [ 94%]  (Sampling) 
Chain 2 Iteration: 3300 / 3500 [ 94%]  (Sampling) 
Chain 3 Iteration: 3400 / 3500 [ 97%]  (Sampling) 
Chain 1 Iteration: 3400 / 3500 [ 97%]  (Sampling) 
Chain 2 Iteration: 3400 / 3500 [ 97%]  (Sampling) 
Chain 3 Iteration: 3500 / 3500 [100%]  (Sampling) 
Chain 3 finished in 389478.0 seconds.
Chain 1 Iteration: 3500 / 3500 [100%]  (Sampling) 
Chain 1 finished in 391107.0 seconds.
Chain 2 Iteration: 3500 / 3500 [100%]  (Sampling) 
Chain 2 finished in 392092.0 seconds.

All 3 chains finished successfully.
Mean chain execution time: 390892.3 seconds.
Total execution time: 392097.5 seconds.

Warning: 6 of 6000 (0.0%) transitions ended with a divergence.
See https://mc-stan.org/misc/warnings for details.

Warning: 5994 of 6000 (100.0%) transitions hit the maximum treedepth limit of 10.
See https://mc-stan.org/misc/warnings for details.

[1] "Saving fit object..."
[1] "Calculating summary..."
[1] "Calculating samples..."
[1] "Calculating metadata..."
[1] "Summary of Hyperpriors (mu_*, sigma_*):"
# A tibble: 2,062 × 10
    variable      mean   median      sd     mad       q5      q95  rhat ess_bulk
    <chr>        <dbl>    <dbl>   <dbl>   <dbl>    <dbl>    <dbl> <dbl>    <dbl>
  1 mu_beta_…  2.23e+0  2.40e+0 3.05    3.14    -2.89e+0  7.03e+0  1.04    115. 
  2 mu_beta_… -9.89e-3 -8.35e-3 0.0229  0.0127  -5.12e-2  2.33e-2  1.05     64.0
  3 mu_beta_…  2.40e-2  2.56e-2 0.0501  0.0374  -6.28e-2  1.01e-1  1.01     65.8
  4 mu_beta_…  3.20e-2  5.10e-2 0.110   0.0661  -1.75e-1  1.62e-1  1.08     28.0
  5 mu_beta_…  1.77e-1  9.17e-2 0.564   0.426   -6.74e-1  1.21e+0  1.05     66.4
  6 mu_beta_…  1.46e-1  1.21e-1 0.179   0.126   -9.50e-2  4.92e-1  1.02     77.9
  7 mu_beta_… -2.72e-2 -2.46e-2 0.0409  0.0305  -9.27e-2  3.43e-2  1.04    123. 
  8 mu_beta_…  7.50e-2  1.90e-2 0.414   0.290   -4.78e-1  8.47e-1  1.07     42.3
  9 mu_beta_…  1.69e-1  9.79e-2 0.435   0.295   -3.86e-1  1.02e+0  1.07     33.4
 10 mu_beta_…  1.09e-1  4.53e-2 0.420   0.294   -4.63e-1  9.60e-1  1.07     36.7
 11 mu_beta_…  1.24e-1  9.49e-2 0.480   0.359   -7.23e-1  1.08e+0  1.10     23.8
 12 mu_beta_…  3.77e-2  6.98e-3 0.477   0.370   -8.07e-1  9.60e-1  1.08     29.2
 13 mu_beta_…  6.85e-2  3.07e-2 0.471   0.353   -7.31e-1  9.94e-1  1.10     24.5
 14 mu_beta_…  3.27e-2  5.79e-3 0.228   0.191   -2.93e-1  4.27e-1  1.05     67.4
 15 mu_beta_…  4.08e-2  1.86e-2 0.228   0.192   -2.80e-1  4.38e-1  1.03     74.0
 16 mu_beta_…  3.51e-2  1.00e-2 0.229   0.194   -2.93e-1  4.33e-1  1.03     74.5
 17 mu_beta_… -6.49e-3 -3.06e-3 0.0778  0.0727  -1.33e-1  1.13e-1  1.05    105. 
 18 mu_beta_… -1.13e-2  1.07e-2 0.409   0.378   -7.37e-1  6.14e-1  1.11     20.1
 19 mu_beta_… -4.00e-2 -1.30e-2 0.470   0.391   -9.32e-1  7.46e-1  1.09     29.9
 20 mu_beta_…  8.41e-2  5.61e-2 0.230   0.195   -2.48e-1  5.00e-1  1.05     67.0
 21 mu_beta_…  8.37e-2  6.87e-2 1.41    1.08    -2.36e+0  2.48e+0  1.02    204. 
 22 mu_beta_… -9.01e-2 -6.47e-2 1.25    0.963   -2.13e+0  2.05e+0  1.01    254. 
 23 mu_beta_… -5.26e-2 -4.74e-2 0.650   0.477   -1.08e+0  1.01e+0  1.02    153. 
 24 mu_beta_… -9.48e-2 -2.01e-2 0.676   0.390   -1.12e+0  7.68e-1  1.02    145. 
 25 mu_beta_… -3.75e-2 -1.48e-4 0.648   0.434   -1.09e+0  9.09e-1  1.01     99.2
 26 mu_beta_…  3.20e-2  7.23e-2 0.421   0.321   -7.66e-1  6.09e-1  1.03    108. 
 27 mu_beta_… -2.08e-2  3.32e-4 0.288   0.228   -5.46e-1  4.06e-1  1.02    106. 
 28 mu_beta_… -5.83e-2 -2.16e-2 0.298   0.225   -6.43e-1  3.36e-1  1.05     82.1
 29 mu_beta_… -6.11e-2 -1.57e-2 0.301   0.240   -6.62e-1  3.49e-1  1.05     72.0
 30 mu_beta_… -8.05e-2 -3.61e-2 0.332   0.260   -7.36e-1  3.81e-1  1.06     74.6
 31 mu_beta_… -4.42e-2 -4.81e-2 0.0610  0.0640  -1.38e-1  6.10e-2  1.05    107. 
 32 mu_beta_… -1.87e-1 -1.26e-1 1.20    0.958   -2.23e+0  1.81e+0  1.02    182. 
 33 mu_beta_…  1.59e-1  1.07e-1 1.42    1.07    -2.24e+0  2.63e+0  1.03    185. 
 34 mu_beta_…  7.27e-2  2.60e-2 1.32    0.973   -2.05e+0  2.30e+0  1.01    323. 
 35 mu_beta_… -9.10e-2 -6.44e-2 1.56    1.10    -2.67e+0  2.43e+0  1.02    167. 
 36 mu_beta_… -8.14e-2 -2.99e-2 1.50    1.11    -2.67e+0  2.35e+0  1.04    106. 
 37 mu_beta_… -1.18e-2 -1.15e-2 0.0155  0.0158  -3.75e-2  1.33e-2  1.04    122. 
 38 mu_beta_… -2.84e-2 -2.78e-2 0.0158  0.0152  -5.51e-2 -3.14e-3  1.04    122. 
 39 mu_beta_… -7.78e-3 -7.41e-3 0.0156  0.0152  -3.33e-2  1.69e-2  1.04    112. 
 40 mu_beta_…  2.42e-2  2.40e-2 0.0147  0.0152  -3.34e-5  4.85e-2  1.03    128. 
 41 mu_beta_… -1.28e-1 -4.36e-2 0.561   0.419   -1.16e+0  7.17e-1  1.05     66.4
 42 mu_beta_… -1.06e-1 -2.00e-2 0.560   0.418   -1.14e+0  7.35e-1  1.05     66.4
 43 mu_beta_…  1.35e-2  1.47e-2 0.0478  0.0487  -6.56e-2  9.27e-2  1.02    172. 
 44 mu_beta_…  4.05e-4  2.33e-4 0.00898 0.00947 -1.41e-2  1.54e-2  1.01    228. 
 45 mu_beta_… -4.90e-4 -5.54e-4 0.00374 0.00378 -6.62e-3  5.73e-3  1.01    308. 
 46 mu_gamma… -9.06e-3 -1.17e-2 0.0465  0.0387  -8.11e-2  7.60e-2  1.01     64.7
 47 mu_gamma…  9.72e-2  9.23e-2 0.157   0.101   -1.20e-1  3.37e-1  1.06     54.3
 48 mu_sigma… -8.19e-2 -1.13e-1 0.310   0.230   -5.12e-1  3.84e-1  1.03     46.2
 49 sigma_be…  3.04e-1  2.06e-1 0.346   0.205    1.41e-2  9.29e-1  1.01    136. 
 50 sigma_be…  2.98e-2  1.83e-2 0.0376  0.0164   2.38e-3  9.95e-2  1.03     84.2
 51 sigma_be…  8.64e-2  6.92e-2 0.0608  0.0398   2.82e-2  2.08e-1  1.02     89.5
 52 sigma_be…  1.82e-1  1.36e-1 0.135   0.0732   6.69e-2  4.68e-1  1.03     71.7
 53 sigma_be…  7.18e-2  5.79e-2 0.0534  0.0347   2.23e-2  1.68e-1  1.01    144. 
 54 sigma_be…  3.06e-1  2.59e-1 0.197   0.148    8.99e-2  6.80e-1  1.02    165. 
 55 sigma_be…  4.75e-2  3.03e-2 0.0665  0.0281   3.21e-3  1.41e-1  1.04    106. 
 56 sigma_be…  8.02e-2  5.19e-2 0.0958  0.0511   5.13e-3  2.48e-1  1.01    108. 
 57 sigma_be…  1.56e-1  1.19e-1 0.146   0.0830   2.63e-2  4.12e-1  1.03     98.5
 58 sigma_be…  5.48e-2  3.48e-2 0.0712  0.0379   1.14e-3  1.75e-1  1.04    128. 
 59 sigma_be…  7.01e-2  4.35e-2 0.0915  0.0431   4.40e-3  2.20e-1  1.02    130. 
 60 sigma_be…  1.19e-1  8.42e-2 0.121   0.0706   1.38e-2  3.42e-1  1.02    187. 
 61 sigma_be…  1.05e-1  5.91e-2 0.159   0.0620   4.09e-3  3.45e-1  1.02     96.0
 62 sigma_be…  6.08e-2  3.64e-2 0.0751  0.0368   3.12e-3  2.12e-1  1.02    187. 
 63 sigma_be…  6.24e-2  3.86e-2 0.0917  0.0379   3.57e-3  1.85e-1  1.02    158. 
 64 sigma_be…  7.47e-2  4.84e-2 0.0869  0.0479   3.40e-3  2.33e-1  1.03    111. 
 65 sigma_be…  8.00e-2  5.26e-2 0.0908  0.0502   5.25e-3  2.44e-1  1.01    135. 
 66 sigma_be…  9.19e-2  6.18e-2 0.103   0.0571   5.92e-3  2.81e-1  1.03    114. 
 67 sigma_be…  7.76e-2  4.59e-2 0.104   0.0475   3.14e-3  2.57e-1  1.02    136. 
 68 sigma_be…  5.84e-2  3.47e-2 0.0728  0.0325   4.52e-3  1.91e-1  1.03     92.0
 69 sigma_be…  1.03e+0  7.22e-1 1.08    0.696    6.28e-2  3.03e+0  1.00    294. 
 70 sigma_be…  1.06e+0  7.23e-1 1.17    0.710    6.81e-2  3.12e+0  1.01    206. 
 71 sigma_be…  8.05e-1  6.00e-1 0.764   0.581    5.10e-2  2.22e+0  1.04    119. 
 72 sigma_be…  7.08e-1  4.84e-1 0.727   0.477    4.44e-2  2.11e+0  1.03    206. 
 73 sigma_be…  7.42e-1  5.45e-1 0.746   0.563    3.79e-2  2.16e+0  1.03    124. 
 74 sigma_be…  5.20e-1  3.75e-1 0.520   0.318    5.16e-2  1.40e+0  1.02    133. 
 75 sigma_be…  2.03e-1  1.28e-1 0.231   0.133    7.78e-3  6.79e-1  1.02    103. 
 76 sigma_be…  1.23e-1  6.10e-2 0.187   0.0614   7.51e-3  4.57e-1  1.03    190. 
 77 sigma_be…  8.08e-2  4.89e-2 0.104   0.0474   4.81e-3  2.63e-1  1.01    200. 
 78 sigma_be…  1.01e-1  6.16e-2 0.127   0.0653   4.59e-3  3.32e-1  1.01    177. 
 79 sigma_be…  1.04e-2  5.31e-3 0.0168  0.00537  4.90e-4  3.63e-2  1.02    135. 
 80 sigma_be…  1.05e+0  7.01e-1 1.20    0.721    4.22e-2  3.18e+0  1.01    120. 
 81 sigma_be…  1.02e+0  6.86e-1 1.13    0.644    7.73e-2  3.08e+0  1.03    213. 
 82 sigma_be…  1.02e+0  7.11e-1 1.06    0.653    9.07e-2  2.96e+0  1.01    292. 
 83 sigma_be…  1.06e+0  7.34e-1 1.27    0.718    6.41e-2  2.97e+0  1.01    171. 
 84 sigma_be…  1.11e+0  8.41e-1 1.02    0.747    9.56e-2  3.02e+0  1.01    214. 
 85 sigma_ga…  5.42e-2  3.58e-2 0.0681  0.0344   2.24e-3  1.64e-1  1.01    165. 
 86 sigma_ga…  1.93e-1  1.32e-1 0.194   0.122    1.40e-2  5.81e-1  1.02     78.0
 87 sigma_si…  5.34e-1  4.40e-1 0.365   0.203    2.28e-1  1.11e+0  1.01     74.3
 88 sigma_ga…  8.27e-2  7.59e-2 0.0316  0.0243   4.55e-2  1.44e-1  1.02    143. 
 89 sigma_ga…  5.43e-1  3.95e-1 0.543   0.393    3.55e-2  1.59e+0  1.04     99.3
 90 mu_test[… -5.57e-2 -5.56e-2 0.0381  0.0382  -1.18e-1  6.74e-3  1.00   1188. 
 91 mu_test[… -1.72e-1 -1.71e-1 0.0352  0.0348  -2.31e-1 -1.16e-1  1.00    478. 
 92 mu_test[… -2.25e-1 -2.25e-1 0.0296  0.0300  -2.74e-1 -1.77e-1  1.01   1038. 
 93 mu_test[…  7.42e-2  7.42e-2 0.0249  0.0251   3.40e-2  1.15e-1  1.00   2722. 
 94 mu_test[… -2.78e-1 -2.78e-1 0.0385  0.0395  -3.41e-1 -2.15e-1  1.00   1551. 
 95 mu_test[… -1.95e-1 -1.95e-1 0.0423  0.0426  -2.63e-1 -1.25e-1  1.00   1785. 
 96 mu_test[… -4.26e-1 -4.26e-1 0.0434  0.0427  -4.98e-1 -3.55e-1  1.00   1329. 
 97 mu_test[… -5.89e-2 -5.95e-2 0.0255  0.0256  -1.01e-1 -1.70e-2  1.00    884. 
 98 mu_test[… -1.93e-1 -1.93e-1 0.0280  0.0277  -2.40e-1 -1.48e-1  1.00   1506. 
 99 mu_test[… -4.10e-2 -4.15e-2 0.0287  0.0284  -8.78e-2  6.32e-3  1.00   1320. 
100 mu_test[… -1.85e-1 -1.85e-1 0.0289  0.0291  -2.33e-1 -1.38e-1  1.00    537. 
101 mu_test[… -3.30e-1 -3.30e-1 0.0403  0.0405  -3.96e-1 -2.64e-1  1.00   1048. 
102 mu_test[… -7.51e-2 -7.55e-2 0.0381  0.0386  -1.38e-1 -1.23e-2  1.00    668. 
103 mu_test[…  4.44e-2  4.47e-2 0.0373  0.0375  -1.75e-2  1.06e-1  1.00   1716. 
104 mu_test[…  6.94e-2  6.94e-2 0.0350  0.0349   1.18e-2  1.26e-1  1.00   2510. 
105 mu_test[… -4.47e-2 -4.46e-2 0.0242  0.0243  -8.45e-2 -4.95e-3  1.00   1301. 
106 mu_test[… -9.42e-2 -9.42e-2 0.0255  0.0251  -1.36e-1 -5.22e-2  1.00   1031. 
107 mu_test[…  3.75e-2  3.77e-2 0.0267  0.0267  -7.47e-3  8.09e-2  1.00   1398. 
108 mu_test[… -1.76e-1 -1.76e-1 0.0351  0.0345  -2.33e-1 -1.18e-1  1.00    547. 
109 mu_test[… -2.72e-2 -2.75e-2 0.0318  0.0318  -7.89e-2  2.58e-2  1.00   1141. 
110 mu_test[… -1.12e-1 -1.13e-1 0.0292  0.0286  -1.60e-1 -6.41e-2  1.00   1401. 
111 mu_test[… -1.83e-1 -1.84e-1 0.0345  0.0343  -2.40e-1 -1.26e-1  1.00    953. 
112 mu_test[… -2.07e-1 -2.07e-1 0.0295  0.0295  -2.55e-1 -1.59e-1  1.00   1503. 
113 mu_test[… -2.41e-1 -2.42e-1 0.0282  0.0280  -2.87e-1 -1.94e-1  1.01    771. 
114 mu_test[… -2.90e-1 -2.91e-1 0.0365  0.0361  -3.50e-1 -2.30e-1  1.00    981. 
115 mu_test[… -7.16e-2 -7.15e-2 0.0252  0.0251  -1.13e-1 -3.09e-2  1.00   1213. 
116 mu_test[…  4.11e-2  4.16e-2 0.0262  0.0262  -2.58e-3  8.42e-2  1.00   1873. 
117 mu_test[… -3.91e-2 -3.92e-2 0.0249  0.0252  -8.09e-2  1.85e-3  1.00   1337. 
118 mu_test[…  5.77e-2  5.77e-2 0.0268  0.0271   1.33e-2  1.01e-1  1.00   1512. 
119 mu_test[… -4.89e-2 -5.07e-2 0.0385  0.0377  -1.09e-1  1.61e-2  1.00    306. 
120 mu_test[… -9.85e-2 -9.90e-2 0.0368  0.0366  -1.58e-1 -3.71e-2  1.00    393. 
121 mu_test[… -1.01e-1 -1.02e-1 0.0452  0.0458  -1.73e-1 -2.63e-2  1.01    756. 
122 mu_test[… -1.76e-1 -1.76e-1 0.0309  0.0306  -2.27e-1 -1.25e-1  1.00    965. 
123 mu_test[… -1.62e-1 -1.62e-1 0.0322  0.0320  -2.15e-1 -1.09e-1  1.00    832. 
124 mu_test[… -1.18e-1 -1.18e-1 0.0371  0.0367  -1.79e-1 -5.70e-2  1.00    885. 
125 mu_test[… -5.96e-2 -5.93e-2 0.0358  0.0358  -1.20e-1 -2.55e-3  1.00    463. 
126 mu_test[… -1.09e-1 -1.09e-1 0.0301  0.0295  -1.58e-1 -5.81e-2  1.00   1134. 
127 mu_test[… -9.13e-2 -9.09e-2 0.0295  0.0291  -1.40e-1 -4.31e-2  1.00   1833. 
128 mu_test[… -1.90e-1 -1.90e-1 0.0279  0.0277  -2.36e-1 -1.45e-1  1.00   1510. 
129 mu_test[… -2.50e-1 -2.50e-1 0.0476  0.0477  -3.28e-1 -1.73e-1  1.00   1188. 
130 mu_test[… -2.10e-1 -2.10e-1 0.0313  0.0315  -2.61e-1 -1.61e-1  1.00   1482. 
131 mu_test[… -7.18e-2 -7.25e-2 0.0333  0.0327  -1.25e-1 -1.56e-2  1.00   1090. 
132 mu_test[… -9.81e-2 -9.84e-2 0.0322  0.0318  -1.51e-1 -4.47e-2  1.00   1413. 
133 mu_test[… -6.05e-2 -6.01e-2 0.0301  0.0297  -1.11e-1 -1.17e-2  1.00   2594. 
134 mu_test[… -1.64e-1 -1.64e-1 0.0277  0.0280  -2.09e-1 -1.19e-1  1.00   1829. 
135 mu_test[… -1.78e-1 -1.78e-1 0.0320  0.0325  -2.31e-1 -1.26e-1  1.00   1243. 
136 mu_test[… -1.87e-1 -1.86e-1 0.0328  0.0333  -2.42e-1 -1.33e-1  1.00   1215. 
137 mu_test[… -1.83e-1 -1.82e-1 0.0326  0.0325  -2.37e-1 -1.30e-1  1.00    987. 
138 mu_test[… -2.89e-1 -2.88e-1 0.0363  0.0359  -3.49e-1 -2.30e-1  1.01    710. 
139 mu_test[… -2.98e-1 -2.98e-1 0.0354  0.0354  -3.56e-1 -2.40e-1  1.00   1063. 
140 mu_test[… -2.02e-1 -2.02e-1 0.0541  0.0523  -2.94e-1 -1.14e-1  1.00   1720. 
141 mu_test[… -2.22e-1 -2.22e-1 0.0493  0.0498  -3.02e-1 -1.41e-1  1.00   1808. 
142 mu_test[… -3.06e-1 -3.06e-1 0.0496  0.0505  -3.89e-1 -2.26e-1  1.00   1899. 
143 mu_test[… -5.40e-2 -5.41e-2 0.0379  0.0380  -1.16e-1  7.95e-3  1.00   1167. 
144 mu_test[… -6.28e-2 -6.33e-2 0.0357  0.0355  -1.21e-1 -4.67e-3  1.00   2352. 
145 mu_test[… -6.63e-2 -6.61e-2 0.0353  0.0356  -1.24e-1 -9.44e-3  1.00   1047. 
146 mu_test[…  7.97e-2  7.95e-2 0.0281  0.0281   3.36e-2  1.26e-1  1.00   2646. 
147 mu_test[…  8.24e-2  8.21e-2 0.0282  0.0283   3.63e-2  1.29e-1  1.00   2585. 
148 mu_test[… -2.90e-2 -2.91e-2 0.0279  0.0273  -7.38e-2  1.71e-2  1.00   1477. 
149 mu_test[…  6.71e-2  6.74e-2 0.0264  0.0263   2.47e-2  1.11e-1  1.00    931. 
150 mu_test[… -1.68e-1 -1.68e-1 0.0371  0.0368  -2.29e-1 -1.08e-1  1.01    302. 
151 mu_test[… -2.31e-1 -2.31e-1 0.0296  0.0296  -2.79e-1 -1.81e-1  1.01    941. 
152 mu_test[… -9.25e-2 -9.23e-2 0.0288  0.0284  -1.40e-1 -4.53e-2  1.00   2056. 
153 mu_test[… -1.81e-1 -1.81e-1 0.0316  0.0317  -2.32e-1 -1.29e-1  1.00    753. 
154 mu_test[… -7.12e-2 -7.14e-2 0.0325  0.0319  -1.24e-1 -1.75e-2  1.00   1805. 
155 mu_test[… -2.12e-1 -2.12e-1 0.0340  0.0338  -2.68e-1 -1.55e-1  1.00   1099. 
156 mu_test[… -2.15e-1 -2.15e-1 0.0296  0.0294  -2.64e-1 -1.67e-1  1.00   1573. 
157 mu_test[… -2.86e-1 -2.85e-1 0.0327  0.0318  -3.40e-1 -2.31e-1  1.00   1023. 
158 mu_test[… -3.06e-1 -3.06e-1 0.0351  0.0349  -3.65e-1 -2.49e-1  1.00   1049. 
159 mu_test[… -4.00e-3 -4.13e-3 0.0238  0.0236  -4.31e-2  3.50e-2  1.00   1358. 
160 mu_test[… -1.85e-1 -1.86e-1 0.0362  0.0368  -2.45e-1 -1.26e-1  1.01    498. 
161 mu_test[… -1.25e-2 -1.26e-2 0.0240  0.0239  -5.25e-2  2.70e-2  1.00   1730. 
162 mu_test[… -2.19e-1 -2.19e-1 0.0312  0.0315  -2.70e-1 -1.67e-1  1.00   1168. 
163 mu_test[… -2.55e-1 -2.54e-1 0.0318  0.0313  -3.08e-1 -2.03e-1  1.00   1262. 
164 mu_test[… -1.83e-1 -1.83e-1 0.0280  0.0276  -2.30e-1 -1.38e-1  1.00   1654. 
165 mu_test[… -2.03e-1 -2.02e-1 0.0276  0.0280  -2.49e-1 -1.58e-1  1.00   1543. 
166 mu_test[… -1.87e-1 -1.86e-1 0.0288  0.0285  -2.34e-1 -1.41e-1  1.00   1533. 
167 mu_test[… -1.21e-2 -1.21e-2 0.0239  0.0238  -5.15e-2  2.70e-2  1.00   1622. 
168 mu_test[… -1.65e-1 -1.65e-1 0.0275  0.0276  -2.10e-1 -1.19e-1  1.00   1556. 
169 mu_test[… -2.36e-2 -2.43e-2 0.0286  0.0282  -6.92e-2  2.47e-2  1.01    535. 
170 mu_test[… -1.22e-1 -1.22e-1 0.0301  0.0297  -1.71e-1 -7.23e-2  1.00   1428. 
171 mu_test[… -1.30e-1 -1.30e-1 0.0316  0.0313  -1.81e-1 -7.76e-2  1.00   1798. 
172 mu_test[… -6.59e-2 -6.62e-2 0.0309  0.0310  -1.17e-1 -1.45e-2  1.00    649. 
173 mu_test[… -1.81e-1 -1.81e-1 0.0328  0.0321  -2.35e-1 -1.28e-1  1.01    832. 
174 mu_test[… -1.62e-1 -1.62e-1 0.0270  0.0273  -2.06e-1 -1.18e-1  1.00   1865. 
175 mu_test[… -8.69e-2 -8.68e-2 0.0280  0.0277  -1.33e-1 -4.07e-2  1.00   1423. 
176 mu_test[… -1.69e-1 -1.68e-1 0.0332  0.0327  -2.25e-1 -1.16e-1  1.00   1355. 
177 mu_test[… -1.78e-1 -1.78e-1 0.0376  0.0372  -2.40e-1 -1.16e-1  1.00    905. 
178 mu_test[…  6.59e-2  6.61e-2 0.0356  0.0356   7.29e-3  1.23e-1  1.00   2655. 
179 mu_test[… -5.22e-2 -5.04e-2 0.0453  0.0441  -1.29e-1  1.95e-2  1.01    237. 
180 mu_test[… -6.88e-2 -6.92e-2 0.0286  0.0286  -1.16e-1 -2.16e-2  1.00   1872. 
181 mu_test[…  3.52e-2  3.57e-2 0.0263  0.0262  -8.75e-3  7.86e-2  1.00   1609. 
182 mu_test[… -1.48e-1 -1.48e-1 0.0389  0.0389  -2.13e-1 -8.42e-2  1.00   1687. 
183 mu_test[… -1.11e-1 -1.12e-1 0.0387  0.0388  -1.75e-1 -4.77e-2  1.00   1840. 
184 mu_test[… -2.74e-1 -2.74e-1 0.0435  0.0433  -3.45e-1 -2.02e-1  1.00   2622. 
185 mu_test[… -2.95e-1 -2.95e-1 0.0360  0.0356  -3.54e-1 -2.36e-1  1.00   2476. 
186 mu_test[… -2.15e-1 -2.15e-1 0.0400  0.0394  -2.82e-1 -1.50e-1  1.00   1450. 
187 mu_test[… -1.97e-1 -1.97e-1 0.0392  0.0385  -2.62e-1 -1.32e-1  1.00   1216. 
188 mu_test[… -2.96e-1 -2.96e-1 0.0387  0.0384  -3.60e-1 -2.32e-1  1.00   1113. 
189 mu_test[… -3.21e-1 -3.21e-1 0.0411  0.0411  -3.89e-1 -2.54e-1  1.00   1010. 
190 mu_test[… -3.28e-1 -3.28e-1 0.0404  0.0401  -3.94e-1 -2.61e-1  1.00    841. 
191 mu_test[… -2.29e-1 -2.29e-1 0.0384  0.0386  -2.92e-1 -1.65e-1  1.00   1231. 
192 mu_test[… -3.35e-1 -3.35e-1 0.0401  0.0408  -4.00e-1 -2.70e-1  1.00   1360. 
193 mu_test[… -3.19e-1 -3.18e-1 0.0415  0.0417  -3.86e-1 -2.50e-1  1.00    858. 
194 mu_test[… -3.48e-1 -3.48e-1 0.0425  0.0426  -4.17e-1 -2.79e-1  1.00   1253. 
195 mu_test[… -3.29e-1 -3.29e-1 0.0417  0.0422  -3.97e-1 -2.60e-1  1.00    894. 
196 mu_test[… -3.47e-1 -3.46e-1 0.0535  0.0539  -4.35e-1 -2.58e-1  1.00   1012. 
197 mu_test[… -2.76e-1 -2.75e-1 0.0396  0.0393  -3.41e-1 -2.11e-1  1.00   1979. 
198 mu_test[… -3.04e-1 -3.04e-1 0.0398  0.0389  -3.68e-1 -2.37e-1  1.00    786. 
199 mu_test[… -3.08e-1 -3.08e-1 0.0466  0.0464  -3.84e-1 -2.32e-1  1.01    995. 
200 mu_test[… -4.20e-1 -4.20e-1 0.0485  0.0488  -5.01e-1 -3.41e-1  1.01    942. 
201 mu_test[… -4.20e-1 -4.19e-1 0.0514  0.0521  -5.05e-1 -3.36e-1  1.00   1041. 
202 mu_test[… -2.83e-1 -2.82e-1 0.0547  0.0550  -3.72e-1 -1.94e-1  1.00   2073. 
203 mu_test[…  8.99e-2  8.98e-2 0.0241  0.0239   5.00e-2  1.30e-1  1.00   3039. 
204 mu_test[… -1.93e-1 -1.92e-1 0.0314  0.0317  -2.45e-1 -1.42e-1  1.00   1227. 
205 mu_test[…  7.23e-2  7.23e-2 0.0328  0.0324   1.79e-2  1.26e-1  1.00   1161. 
206 mu_test[… -1.88e-2 -1.95e-2 0.0283  0.0277  -6.40e-2  2.89e-2  1.01    583. 
207 mu_test[… -8.51e-3 -8.57e-3 0.0237  0.0239  -4.73e-2  3.01e-2  1.00   1875. 
208 mu_test[… -1.65e-1 -1.64e-1 0.0340  0.0335  -2.21e-1 -1.09e-1  1.00    513. 
209 mu_test[… -2.49e-1 -2.49e-1 0.0295  0.0294  -2.98e-1 -2.01e-1  1.01    812. 
210 mu_test[… -2.39e-1 -2.39e-1 0.0345  0.0346  -2.95e-1 -1.81e-1  1.01   1050. 
211 mu_test[… -2.09e-1 -2.09e-1 0.0327  0.0330  -2.62e-1 -1.56e-1  1.01   1106. 
212 mu_test[… -5.26e-2 -5.34e-2 0.0308  0.0309  -1.03e-1 -1.55e-3  1.00    990. 
213 mu_test[… -1.80e-1 -1.81e-1 0.0320  0.0318  -2.31e-1 -1.26e-1  1.01    772. 
214 mu_test[… -6.06e-2 -6.08e-2 0.0329  0.0326  -1.15e-1 -6.41e-3  1.00   1239. 
215 mu_test[… -1.57e-1 -1.57e-1 0.0284  0.0287  -2.03e-1 -1.10e-1  1.00   1082. 
216 mu_test[… -2.41e-1 -2.41e-1 0.0271  0.0274  -2.85e-1 -1.96e-1  1.01   1325. 
217 mu_test[… -2.68e-1 -2.68e-1 0.0342  0.0332  -3.25e-1 -2.12e-1  1.00   1074. 
218 mu_test[… -1.73e-1 -1.74e-1 0.0590  0.0579  -2.72e-1 -7.77e-2  1.00   1741. 
219 mu_test[… -1.64e-1 -1.64e-1 0.0339  0.0337  -2.19e-1 -1.08e-1  1.00   2134. 
220 mu_test[… -3.10e-2 -3.15e-2 0.0284  0.0288  -7.80e-2  1.56e-2  1.00   1541. 
221 mu_test[… -7.69e-2 -7.64e-2 0.0249  0.0247  -1.19e-1 -3.64e-2  1.00   1250. 
222 mu_test[… -1.44e-1 -1.46e-1 0.0537  0.0541  -2.27e-1 -5.22e-2  1.00    288. 
223 mu_test[… -1.79e-1 -1.79e-1 0.0370  0.0366  -2.40e-1 -1.18e-1  1.00   1529. 
224 mu_test[… -2.58e-1 -2.57e-1 0.0515  0.0526  -3.44e-1 -1.74e-1  1.00   2723. 
225 mu_test[… -2.56e-1 -2.56e-1 0.0412  0.0417  -3.23e-1 -1.87e-1  1.00   1979. 
226 mu_test[… -1.36e-1 -1.36e-1 0.0392  0.0392  -2.00e-1 -7.18e-2  1.00   1677. 
227 mu_test[… -1.31e-1 -1.30e-1 0.0388  0.0382  -1.95e-1 -6.77e-2  1.00   2471. 
228 mu_test[… -3.38e-1 -3.38e-1 0.0401  0.0400  -4.03e-1 -2.71e-1  1.00   1495. 
229 mu_test[… -8.70e-2 -8.67e-2 0.0384  0.0381  -1.50e-1 -2.43e-2  1.00   1208. 
230 mu_test[… -4.44e-2 -4.43e-2 0.0242  0.0243  -8.43e-2 -4.67e-3  1.00   1297. 
231 mu_test[… -7.12e-2 -7.15e-2 0.0442  0.0447  -1.42e-1  7.14e-4  1.00   1417. 
232 mu_test[… -1.55e-1 -1.55e-1 0.0313  0.0307  -2.06e-1 -1.03e-1  1.01    522. 
233 mu_test[… -1.05e-1 -1.05e-1 0.0338  0.0335  -1.59e-1 -4.87e-2  1.00   1158. 
234 mu_test[… -1.92e-1 -1.92e-1 0.0298  0.0301  -2.41e-1 -1.44e-1  1.00    742. 
235 mu_test[… -1.72e-1 -1.72e-1 0.0314  0.0316  -2.23e-1 -1.21e-1  1.01    727. 
236 mu_test[… -2.08e-1 -2.08e-1 0.0290  0.0289  -2.56e-1 -1.60e-1  1.00   1117. 
237 mu_test[… -2.23e-2 -2.30e-2 0.0285  0.0281  -6.80e-2  2.59e-2  1.01    535. 
238 mu_test[…  3.73e-2  3.75e-2 0.0266  0.0268  -7.57e-3  8.07e-2  1.00   1395. 
239 mu_test[… -8.36e-2 -8.33e-2 0.0299  0.0290  -1.33e-1 -3.49e-2  1.00   1551. 
240 mu_test[… -8.35e-2 -8.32e-2 0.0299  0.0290  -1.33e-1 -3.48e-2  1.00   1550. 
241 mu_test[… -7.76e-2 -7.77e-2 0.0295  0.0300  -1.25e-1 -2.90e-2  1.00   2225. 
242 mu_test[…  3.62e-2  3.66e-2 0.0258  0.0258  -6.86e-3  7.85e-2  1.00   1858. 
243 mu_test[…  2.28e-2  2.35e-2 0.0449  0.0456  -5.00e-2  9.76e-2  1.00   1608. 
244 mu_test[… -1.83e-1 -1.83e-1 0.0303  0.0302  -2.34e-1 -1.33e-1  1.00   1363. 
245 mu_test[… -1.97e-1 -1.97e-1 0.0330  0.0334  -2.52e-1 -1.43e-1  1.00   2075. 
246 mu_test[… -2.54e-1 -2.55e-1 0.0473  0.0472  -3.31e-1 -1.76e-1  1.00   1605. 
247 mu_test[… -4.68e-2 -4.70e-2 0.0317  0.0302  -9.91e-2  5.76e-3  1.00   1161. 
248 mu_test[… -2.70e-1 -2.70e-1 0.0360  0.0358  -3.29e-1 -2.11e-1  1.00   1314. 
249 mu_test[… -7.04e-2 -7.03e-2 0.0253  0.0250  -1.13e-1 -2.92e-2  1.00   1249. 
250 mu_test[… -4.14e-2 -4.14e-2 0.0249  0.0251  -8.29e-2 -7.21e-4  1.00   1333. 
251 mu_test[… -7.16e-2 -7.18e-2 0.0442  0.0448  -1.42e-1  5.99e-4  1.00   1410. 
252 mu_test[… -1.21e-1 -1.21e-1 0.0311  0.0305  -1.72e-1 -6.95e-2  1.00    833. 
253 mu_test[… -1.30e-1 -1.30e-1 0.0304  0.0295  -1.81e-1 -8.03e-2  1.00   1090. 
254 mu_test[… -1.89e-1 -1.89e-1 0.0280  0.0276  -2.35e-1 -1.44e-1  1.00   1543. 
255 mu_test[…  8.70e-2  8.67e-2 0.0241  0.0237   4.79e-2  1.27e-1  1.00   3033. 
256 mu_test[…  5.83e-2  5.84e-2 0.0268  0.0271   1.38e-2  1.02e-1  1.00   1514. 
257 mu_test[… -2.18e-1 -2.17e-1 0.0294  0.0294  -2.67e-1 -1.70e-1  1.01    941. 
258 mu_test[…  6.97e-2  6.93e-2 0.0327  0.0321   1.65e-2  1.23e-1  1.00   1124. 
259 mu_test[…  8.31e-2  8.24e-2 0.0338  0.0337   2.77e-2  1.39e-1  1.00    871. 
260 mu_test[…  8.09e-2  8.07e-2 0.0281  0.0281   3.47e-2  1.27e-1  1.00   2629. 
261 mu_test[…  8.25e-2  8.22e-2 0.0283  0.0283   3.63e-2  1.29e-1  1.00   2583. 
262 mu_test[…  6.70e-2  6.73e-2 0.0264  0.0263   2.46e-2  1.11e-1  1.00    931. 
263 mu_test[… -3.81e-2 -3.77e-2 0.0256  0.0256  -8.12e-2  3.47e-3  1.00    511. 
264 mu_test[… -1.39e-1 -1.41e-1 0.0537  0.0545  -2.22e-1 -4.79e-2  1.00    285. 
265 mu_test[… -8.51e-3 -1.13e-2 0.0532  0.0537  -9.15e-2  8.14e-2  1.01    290. 
266 mu_test[… -1.74e-2 -1.93e-2 0.0544  0.0536  -1.04e-1  7.52e-2  1.01    314. 
267 mu_test[… -5.30e-3 -8.25e-3 0.0521  0.0518  -8.53e-2  8.44e-2  1.01    317. 
268 mu_test[… -1.03e-2 -1.35e-2 0.0519  0.0510  -9.05e-2  7.80e-2  1.01    308. 
269 mu_test[… -2.40e-1 -2.40e-1 0.0384  0.0386  -3.04e-1 -1.77e-1  1.00   1465. 
270 mu_test[… -1.56e-1 -1.56e-1 0.0391  0.0392  -2.21e-1 -9.15e-2  1.00   1449. 
271 mu_test[… -2.70e-1 -2.70e-1 0.0385  0.0385  -3.34e-1 -2.07e-1  1.00    766. 
272 mu_test[… -3.12e-1 -3.12e-1 0.0386  0.0384  -3.76e-1 -2.48e-1  1.00   2481. 
273 mu_test[… -1.64e-1 -1.64e-1 0.0413  0.0410  -2.33e-1 -9.78e-2  1.00   2130. 
274 mu_test[… -2.48e-1 -2.49e-1 0.0425  0.0430  -3.17e-1 -1.78e-1  1.00   1069. 
275 mu_test[… -2.21e-1 -2.21e-1 0.0388  0.0393  -2.84e-1 -1.58e-1  1.01    527. 
276 mu_test[… -2.29e-1 -2.28e-1 0.0380  0.0373  -2.92e-1 -1.67e-1  1.00   2441. 
277 mu_test[… -3.43e-1 -3.43e-1 0.0400  0.0392  -4.08e-1 -2.77e-1  1.00   1525. 
278 mu_test[… -3.36e-1 -3.36e-1 0.0399  0.0396  -4.01e-1 -2.71e-1  1.00   1239. 
279 mu_test[… -2.52e-1 -2.52e-1 0.0574  0.0571  -3.47e-1 -1.58e-1  1.00   1667. 
280 mu_test[… -1.94e-1 -1.95e-1 0.0433  0.0434  -2.64e-1 -1.23e-1  1.00   1059. 
281 mu_test[… -2.94e-1 -2.95e-1 0.0433  0.0432  -3.65e-1 -2.23e-1  1.00   1167. 
282 mu_test[… -3.94e-1 -3.94e-1 0.0506  0.0503  -4.76e-1 -3.11e-1  1.00    840. 
283 mu_test[…  3.54e-2  3.58e-2 0.0263  0.0262  -8.65e-3  7.89e-2  1.00   1609. 
284 mu_test[… -1.56e-1 -1.56e-1 0.0338  0.0330  -2.13e-1 -9.97e-2  1.00    741. 
285 mu_test[… -1.59e-1 -1.59e-1 0.0319  0.0323  -2.11e-1 -1.06e-1  1.00   1019. 
286 mu_test[… -2.07e-1 -2.08e-1 0.0294  0.0294  -2.56e-1 -1.58e-1  1.01    674. 
287 mu_test[… -1.61e-1 -1.60e-1 0.0324  0.0319  -2.15e-1 -1.08e-1  1.00   1289. 
288 mu_test[… -8.39e-2 -8.36e-2 0.0365  0.0363  -1.44e-1 -2.52e-2  1.00   2169. 
289 mu_test[… -7.84e-2 -7.83e-2 0.0353  0.0354  -1.36e-1 -2.15e-2  1.00   2081. 
290 mu_test[… -1.89e-1 -1.89e-1 0.0334  0.0334  -2.43e-1 -1.34e-1  1.00   1409. 
291 mu_test[… -1.53e-1 -1.53e-1 0.0295  0.0293  -2.00e-1 -1.04e-1  1.00   1545. 
292 mu_test[… -1.43e-1 -1.43e-1 0.0281  0.0277  -1.90e-1 -9.71e-2  1.00   2301. 
293 mu_test[… -4.56e-2 -4.55e-2 0.0294  0.0290  -9.41e-2  2.06e-3  1.00   2657. 
294 mu_test[… -2.04e-1 -2.04e-1 0.0274  0.0275  -2.49e-1 -1.59e-1  1.00   1282. 
295 mu_test[… -2.96e-1 -2.97e-1 0.0325  0.0328  -3.50e-1 -2.43e-1  1.00   1402. 
296 mu_test[… -3.57e-1 -3.57e-1 0.0373  0.0376  -4.19e-1 -2.97e-1  1.01   1435. 
297 mu_test[… -3.39e-2 -3.37e-2 0.0259  0.0261  -7.69e-2  7.76e-3  1.01    456. 
298 mu_test[… -7.25e-3 -7.26e-3 0.0237  0.0238  -4.60e-2  3.10e-2  1.00   1884. 
299 mu_test[… -1.80e-1 -1.78e-1 0.0460  0.0445  -2.60e-1 -1.09e-1  1.01    227. 
300 mu_test[… -2.17e-1 -2.17e-1 0.0491  0.0499  -2.97e-1 -1.36e-1  1.00   2093. 
# ℹ 1,762 more rows
# ℹ 1 more variable: ess_tail <dbl>
[1] "Calculating mu_mean..."
[1] "Calculating mu_test_mean..."
[1] "Calculating y_rep_mean..."
[1] "Calculating y_test_rep_mean..."
[1] "Generating plots..."
 [1] "exposure_SRQS8F7JWA9MZ_1"            "exposure_SRQS8F7JWA9MZ_2"           
 [3] "exposure_2HRX9P6HKXA8V_1"            "exposure_L69HYJ4Y3TR91_1"           
 [5] "exposure_ED5J990H5VAZT_1"            "exposure_SRQS8F7JWA9MZ_1_gendermale"
 [7] "exposure_SRQS8F7JWA9MZ_2_gendermale" "exposure_2HRX9P6HKXA8V_1_gendermale"
 [9] "exposure_L69HYJ4Y3TR91_1_gendermale" "exposure_ED5J990H5VAZT_1_gendermale"
Adding missing grouping variables: `location_id_num`
Error in mlflow_start_run(run_name = paste(analysis, outcome, directory,  : 
  unused argument (run_name = paste(analysis, outcome, directory, iter_sampling, sep = "_"))
Calls: run_customer_gaussian_iid_a5 -> run_gaussian_iid
In addition: Warning messages:
1: Dropping 'draws_df' class as required metadata was removed. 
2: Dropping 'draws_df' class as required metadata was removed. 
3: Dropping 'draws_df' class as required metadata was removed. 
4: Dropping 'draws_df' class as required metadata was removed. 
Execution halted
