=== PASS 1 -> /var/tmp/adj_slim ===
[skip] model_fits/finalized_redone_trunc/a1_proportion/chicken_fish/mpbamod_dishes_count
[skip] model_fits/finalized_redone_trunc/a1_proportion/chicken_fish/mpbamod_dishes_prop
[skip] model_fits/finalized_redone_trunc/a1_proportion/chicken_fish/vegan_dishes_count
[skip] model_fits/finalized_redone_trunc/a1_proportion/chicken_fish/vegan_dishes_prop
[skip] model_fits/finalized_redone_trunc/a1_proportion/chicken_fish/vegetarian_dishes_count
[skip] model_fits/finalized_redone_trunc/a1_proportion/chicken_fish/vegetarian_dishes_prop
[skip] model_fits/finalized_redone_trunc/a1_proportion/meat/mpbamod_dishes_count
[skip] model_fits/finalized_redone_trunc/a1_proportion/meat/mpbamod_dishes_prop
[skip] model_fits/finalized_redone_trunc/a1_proportion/meat/vegan_dishes_count
[skip] model_fits/finalized_redone_trunc/a1_proportion/meat/vegan_dishes_prop
[skip] model_fits/finalized_redone_trunc/a1_proportion/meat/vegetarian_dishes_count
[skip] model_fits/finalized_redone_trunc/a1_proportion/meat/vegetarian_dishes_prop
[skip] model_fits/finalized_redone_trunc/a1_proportion/nonvegan/mpbamod_dishes_count
[skip] model_fits/finalized_redone_trunc/a1_proportion/nonvegan/mpbamod_dishes_prop
[skip] model_fits/finalized_redone_trunc/a1_proportion/nonvegan/vegan_dishes_count
[skip] model_fits/finalized_redone_trunc/a1_proportion/nonvegan/vegan_dishes_prop
[skip] model_fits/finalized_redone_trunc/a1_proportion/nonvegan/vegetarian_dishes_count
[skip] model_fits/finalized_redone_trunc/a1_proportion/nonvegan/vegetarian_dishes_prop
[skip] model_fits/finalized_redone_trunc/a1_proportion/vegan/mpbamod_dishes_count
[skip] model_fits/finalized_redone_trunc/a1_proportion/vegan/mpbamod_dishes_prop
[skip] model_fits/finalized_redone_trunc/a1_proportion/vegan/vegan_dishes_count
[skip] model_fits/finalized_redone_trunc/a1_proportion/vegan/vegan_dishes_prop
[skip] model_fits/finalized_redone_trunc/a1_proportion/vegan/vegetarian_dishes_count
[skip] model_fits/finalized_redone_trunc/a1_proportion/vegan/vegetarian_dishes_prop
[skip] model_fits/finalized_redone_trunc/a1_proportion/vegetarian/mpbamod_dishes_count
[skip] model_fits/finalized_redone_trunc/a1_proportion/vegetarian/mpbamod_dishes_prop
[skip] model_fits/finalized_redone_trunc/a1_proportion/vegetarian/vegan_dishes_count
[skip] model_fits/finalized_redone_trunc/a1_proportion/vegetarian/vegan_dishes_prop
[skip] model_fits/finalized_redone_trunc/a1_proportion/vegetarian/vegetarian_dishes_count
[skip] model_fits/finalized_redone_trunc/a1_proportion/vegetarian/vegetarian_dishes_prop
[ok] 354MB peak1026MB model_fits/finalized_uncontaminated2/a2_proportion_t/breakfast_p/breakfast_dishes_count
[ok] 355MB peak712MB model_fits/finalized_uncontaminated2/a2_proportion_t/breakfast_p/breakfast_dishes_presence
[ok] 136MB peak753MB model_fits/finalized_uncontaminated2/a2_proportion_t/chicken_p/chicken_dishes_count
[ok] 194MB peak452MB model_fits/finalized_uncontaminated2/a2_proportion_t/chicken_p/chicken_dishes_presence
[ok] 392MB peak1256MB model_fits/finalized_uncontaminated2/a2_proportion_t/dairy_p/dairy_dishes_count
[ok] 391MB peak719MB model_fits/finalized_uncontaminated2/a2_proportion_t/dairy_p/dairy_dishes_presence
[ok] 199MB peak957MB model_fits/finalized_uncontaminated2/a2_proportion_t/egg_p/egg_dishes_count
[ok] 199MB peak718MB model_fits/finalized_uncontaminated2/a2_proportion_t/egg_p/egg_dishes_presence
[ok] 123MB peak507MB model_fits/finalized_uncontaminated2/a2_proportion_t/untextured_p/untextured_dishes_count
[ok] 123MB peak507MB model_fits/finalized_uncontaminated2/a2_proportion_t/untextured_p/untextured_dishes_presence
[skip] model_fits/finalized_redone_trunc_cp/a3_its/chicken_fish
[skip] model_fits/finalized_redone_trunc_cp/a3_its/meat
[skip] model_fits/finalized_redone_trunc_cp/a3_its/nonvegan
[skip] model_fits/finalized_redone_trunc_cp/a3_its/vegan
[skip] model_fits/finalized_redone_trunc_cp/a3_its/vegetarian
[skip] model_fits/finalized_uncontaminated/a4_its_t/breakfast
[skip] model_fits/finalized_uncontaminated/a4_its_t/textured
[skip] model_fits/finalized_uncontaminated/a4_its_t/untextured
[skip] model_fits/finalized_redone_trunc_cp/a5_customer_day/chicken_fish
[skip] model_fits/finalized_redone_trunc_cp/a5_customer_day/meat
[skip] model_fits/finalized_redone_trunc_cp/a5_customer_day/nonvegan
[skip] model_fits/finalized_redone_trunc_cp/a5_customer_day/vegan
[skip] model_fits/finalized_redone_trunc_cp/a5_customer_day/vegetarian
[skip] model_fits/finalized_uncontaminated/a6_customer_t_day/breakfast
[skip] model_fits/finalized_uncontaminated/a6_customer_t_day/untextured
[skip] model_fits/finalized_redone_trunc_cp/t2_a1_proportion/chicken_fish/mpbamod_dishes_count
[skip] model_fits/finalized_redone_trunc_cp/t2_a1_proportion/chicken_fish/mpbamod_dishes_prop
[skip] model_fits/finalized_redone_trunc_cp/t2_a1_proportion/chicken_fish/vegan_dishes_count
[skip] model_fits/finalized_redone_trunc_cp/t2_a1_proportion/chicken_fish/vegan_dishes_prop
[skip] model_fits/finalized_redone_trunc_cp/t2_a1_proportion/chicken_fish/vegetarian_dishes_count
[skip] model_fits/finalized_redone_trunc_cp/t2_a1_proportion/chicken_fish/vegetarian_dishes_prop
[skip] model_fits/finalized_redone_trunc_cp/t2_a1_proportion/meat/mpbamod_dishes_count
[skip] model_fits/finalized_redone_trunc_cp/t2_a1_proportion/meat/mpbamod_dishes_prop
[skip] model_fits/finalized_redone_trunc_cp/t2_a1_proportion/meat/vegan_dishes_count
[skip] model_fits/finalized_redone_trunc_cp/t2_a1_proportion/meat/vegan_dishes_prop
[skip] model_fits/finalized_redone_trunc_cp/t2_a1_proportion/meat/vegetarian_dishes_count
[skip] model_fits/finalized_redone_trunc_cp/t2_a1_proportion/meat/vegetarian_dishes_prop
[skip] model_fits/finalized_redone_trunc_cp/t2_a1_proportion/nonvegan/mpbamod_dishes_count
[skip] model_fits/finalized_redone_trunc_cp/t2_a1_proportion/nonvegan/mpbamod_dishes_prop
[skip] model_fits/finalized_redone_trunc_cp/t2_a1_proportion/nonvegan/vegan_dishes_count
[skip] model_fits/finalized_redone_trunc_cp/t2_a1_proportion/nonvegan/vegan_dishes_prop
[skip] model_fits/finalized_redone_trunc_cp/t2_a1_proportion/nonvegan/vegetarian_dishes_count
[skip] model_fits/finalized_redone_trunc_cp/t2_a1_proportion/nonvegan/vegetarian_dishes_prop
[skip] model_fits/finalized_redone_trunc/t2_a1_proportion/vegan/mpbamod_dishes_count
[skip] model_fits/finalized_redone_trunc/t2_a1_proportion/vegan/mpbamod_dishes_prop
[skip] model_fits/finalized_redone_trunc/t2_a1_proportion/vegan/vegan_dishes_count
[skip] model_fits/finalized_redone_trunc/t2_a1_proportion/vegan/vegan_dishes_prop
[skip] model_fits/finalized_redone_trunc/t2_a1_proportion/vegan/vegetarian_dishes_count
[skip] model_fits/finalized_redone_trunc/t2_a1_proportion/vegan/vegetarian_dishes_prop
[skip] model_fits/finalized_redone_trunc/t2_a1_proportion/vegetarian/mpbamod_dishes_count
[skip] model_fits/finalized_redone_trunc/t2_a1_proportion/vegetarian/mpbamod_dishes_prop
[skip] model_fits/finalized_redone_trunc/t2_a1_proportion/vegetarian/vegan_dishes_count
[skip] model_fits/finalized_redone_trunc/t2_a1_proportion/vegetarian/vegan_dishes_prop
[skip] model_fits/finalized_redone_trunc/t2_a1_proportion/vegetarian/vegetarian_dishes_count
[skip] model_fits/finalized_redone_trunc/t2_a1_proportion/vegetarian/vegetarian_dishes_prop
[skip] model_fits/finalized_redone_trunc/t2_a2_proportion_t/breakfast_p/breakfast_dishes_count
[skip] model_fits/finalized_redone_trunc/t2_a2_proportion_t/breakfast_p/breakfast_dishes_presence
[skip] model_fits/finalized_redone_trunc/t2_a2_proportion_t/chicken_p/chicken_dishes_count
[skip] model_fits/finalized_redone_trunc/t2_a2_proportion_t/chicken_p/chicken_dishes_presence
[skip] model_fits/finalized_redone_trunc/t2_a2_proportion_t/dairy_p/dairy_dishes_count
[skip] model_fits/finalized_redone_trunc/t2_a2_proportion_t/dairy_p/dairy_dishes_presence
[skip] model_fits/finalized_redone_trunc/t2_a2_proportion_t/egg_p/egg_dishes_count
[skip] model_fits/finalized_redone_trunc/t2_a2_proportion_t/egg_p/egg_dishes_presence
[skip] model_fits/finalized_redone_trunc/t2_a2_proportion_t/textured_p/textured_dishes_count
[skip] model_fits/finalized_redone_trunc/t2_a2_proportion_t/textured_p/textured_dishes_presence
[skip] model_fits/finalized_redone_trunc/t2_a2_proportion_t/untextured_p/untextured_dishes_count
[skip] model_fits/finalized_redone_trunc/t2_a2_proportion_t/untextured_p/untextured_dishes_presence
[skip] model_fits/finalized_redone_trunc/t2_a3_its/chicken_fish
[skip] model_fits/finalized_redone_trunc_cp/t2_a3_its/meat
[skip] model_fits/finalized_redone_trunc_cp/t2_a3_its/nonvegan
[skip] model_fits/finalized_redone_trunc/t2_a3_its/vegan
[skip] model_fits/finalized_redone_trunc/t2_a3_its/vegetarian
[skip] model_fits/finalized_redone_trunc_cp/t2_a4_its_t/breakfast_t2
[skip] model_fits/finalized_redone_trunc/t2_a4_its_t/dairy_t2
[skip] model_fits/finalized_redone_trunc_cp/t2_a4_its_t/textured_t2
[skip] model_fits/finalized_redone_trunc_cp/t2_a4_its_t/untextured_t2
[skip] model_fits/finalized_redone_trunc_cp/t2_a5_customer_day/chicken_fish
[skip] model_fits/finalized_redone_trunc_cp/t2_a5_customer_day/meat
[skip] model_fits/finalized_redone_trunc_cp/t2_a5_customer_day/nonvegan
[skip] model_fits/finalized_redone_trunc_cp/t2_a5_customer_day/vegan
[skip] model_fits/finalized_redone_trunc_cp/t2_a5_customer_day/vegetarian
[skip] model_fits/finalized_redone_trunc_cp/t2_a6_customer_t_day/breakfast_t2
[skip] model_fits/finalized_redone_trunc_cp/t2_a6_customer_t_day/dairy_t2
[skip] model_fits/finalized_redone_trunc_cp/t2_a6_customer_t_day/textured_t2
[skip] model_fits/finalized_redone_trunc_cp/t2_a6_customer_t_day/untextured_t2
[skip] model_fits/finalized_redone_trunc/a1_proportion/total/mpbamod_dishes_count
[skip] model_fits/finalized_redone_trunc/a1_proportion/total/mpbamod_dishes_prop
[skip] model_fits/finalized_redone_trunc/a1_proportion/total/vegan_dishes_count
[skip] model_fits/finalized_redone_trunc/a1_proportion/total/vegan_dishes_prop
[skip] model_fits/finalized_redone_trunc/a1_proportion/total/vegetarian_dishes_count
[skip] model_fits/finalized_redone_trunc/a1_proportion/total/vegetarian_dishes_prop
[skip] model_fits/finalized_redone_trunc_cp/a3_its/total
[skip] model_fits/finalized_redone_trunc_cp/a5_customer_day/total
[skip] model_fits/finalized_redone_trunc_cp/t2_a1_proportion/total/mpbamod_dishes_count
[skip] model_fits/finalized_redone_trunc_cp/t2_a1_proportion/total/mpbamod_dishes_prop
[skip] model_fits/finalized_redone_trunc_cp/t2_a1_proportion/total/vegan_dishes_count
[skip] model_fits/finalized_redone_trunc_cp/t2_a1_proportion/total/vegan_dishes_prop
[skip] model_fits/finalized_redone_trunc_cp/t2_a1_proportion/total/vegetarian_dishes_count
[skip] model_fits/finalized_redone_trunc_cp/t2_a1_proportion/total/vegetarian_dishes_prop
[skip] model_fits/finalized_redone_trunc_cp/t2_a3_its/total
[skip] model_fits/finalized_redone_trunc_cp/t2_a5_customer_day/total
=== PASS 2 ===
CmdStan path set to: /home/godli/.cmdstan/cmdstan-2.38.0
── Attaching core tidyverse packages ──────────────────────── tidyverse 2.0.0 ──
✔ dplyr     1.2.0     ✔ readr     2.2.0
✔ forcats   1.0.1     ✔ stringr   1.6.0
✔ ggplot2   4.0.2     ✔ tibble    3.3.1
✔ lubridate 1.9.5     ✔ tidyr     1.3.2
✔ purrr     1.2.1     
[conflicted] Will prefer dplyr::select over any other package.
[conflicted] Will prefer dplyr::filter over any other package.
[conflicted] Will prefer lubridate::year over any other package.
[conflicted] Will prefer lubridate::month over any other package.
[conflicted] Will prefer purrr::map over any other package.
[conflicted] Will prefer stats::sd over any other package.
[conflicted] Will prefer base::match over any other package.
wrote 2165 rows (262 pooled, 1903 restaurant) -> publication/forest_data_adj_95ci_fixed.csv
WARNINGS: 38 
   DROPPED (restaurant absent from total fit) model_fits/finalized_redone_trunc/t2_a3_its/chicken_fish :: exposure_VLZX7K2M9QD4T_1@@VLZX7K2M9QD4T 
   DROPPED (restaurant absent from total fit) model_fits/finalized_redone_trunc/t2_a3_its/chicken_fish :: exposure_2HRX9P6HKXA8V_1@@2HRX9P6HKXA8V 
   DROPPED (restaurant absent from total fit) model_fits/finalized_redone_trunc/t2_a3_its/chicken_fish :: exposure_JHDN7CF1C03X5_1@@JHDN7CF1C03X5 
   DROPPED (restaurant absent from total fit) model_fits/finalized_redone_trunc/t2_a3_its/chicken_fish :: exposure_VLZX7K2M9QD4T_1_slope@@VLZX7K2M9QD4T 
   DROPPED (restaurant absent from total fit) model_fits/finalized_redone_trunc/t2_a3_its/chicken_fish :: exposure_2HRX9P6HKXA8V_1_slope@@2HRX9P6HKXA8V 
   DROPPED (restaurant absent from total fit) model_fits/finalized_redone_trunc/t2_a3_its/chicken_fish :: exposure_JHDN7CF1C03X5_1_slope@@JHDN7CF1C03X5 
   DROPPED (restaurant absent from total fit) model_fits/finalized_redone_trunc/t2_a3_its/vegan :: exposure_VLZX7K2M9QD4T_1@@VLZX7K2M9QD4T 
   DROPPED (restaurant absent from total fit) model_fits/finalized_redone_trunc/t2_a3_its/vegan :: exposure_SRQS8F7JWA9MZ_1@@SRQS8F7JWA9MZ 
   DROPPED (restaurant absent from total fit) model_fits/finalized_redone_trunc/t2_a3_its/vegan :: exposure_SRQS8F7JWA9MZ_2@@SRQS8F7JWA9MZ 
   DROPPED (restaurant absent from total fit) model_fits/finalized_redone_trunc/t2_a3_its/vegan :: exposure_2HRX9P6HKXA8V_1@@2HRX9P6HKXA8V 
   DROPPED (restaurant absent from total fit) model_fits/finalized_redone_trunc/t2_a3_its/vegan :: exposure_JHDN7CF1C03X5_1@@JHDN7CF1C03X5 
   DROPPED (restaurant absent from total fit) model_fits/finalized_redone_trunc/t2_a3_its/vegan :: exposure_VLZX7K2M9QD4T_1_slope@@VLZX7K2M9QD4T 
   DROPPED (restaurant absent from total fit) model_fits/finalized_redone_trunc/t2_a3_its/vegan :: exposure_SRQS8F7JWA9MZ_1_slope@@SRQS8F7JWA9MZ 
   DROPPED (restaurant absent from total fit) model_fits/finalized_redone_trunc/t2_a3_its/vegan :: exposure_SRQS8F7JWA9MZ_2_slope@@SRQS8F7JWA9MZ 
   DROPPED (restaurant absent from total fit) model_fits/finalized_redone_trunc/t2_a3_its/vegan :: exposure_2HRX9P6HKXA8V_1_slope@@2HRX9P6HKXA8V 
   DROPPED (restaurant absent from total fit) model_fits/finalized_redone_trunc/t2_a3_its/vegan :: exposure_JHDN7CF1C03X5_1_slope@@JHDN7CF1C03X5 
   DROPPED (restaurant absent from total fit) model_fits/finalized_redone_trunc/t2_a3_its/vegetarian :: exposure_VLZX7K2M9QD4T_1@@VLZX7K2M9QD4T 
   DROPPED (restaurant absent from total fit) model_fits/finalized_redone_trunc/t2_a3_its/vegetarian :: exposure_SRQS8F7JWA9MZ_1@@SRQS8F7JWA9MZ 
   DROPPED (restaurant absent from total fit) model_fits/finalized_redone_trunc/t2_a3_its/vegetarian :: exposure_SRQS8F7JWA9MZ_2@@SRQS8F7JWA9MZ 
   DROPPED (restaurant absent from total fit) model_fits/finalized_redone_trunc/t2_a3_its/vegetarian :: exposure_2HRX9P6HKXA8V_1@@2HRX9P6HKXA8V 
ALLDONE
