CmdStan path set to: /home/godli/.cmdstan/cmdstan-2.38.0
── Attaching core tidyverse packages ──────────────────────── tidyverse 2.0.0 ──
✔ dplyr     1.2.0     ✔ readr     2.2.0
✔ forcats   1.0.1     ✔ stringr   1.6.0
✔ ggplot2   4.0.2     ✔ tibble    3.3.1
✔ lubridate 1.9.5     ✔ tidyr     1.3.2
✔ purrr     1.2.1     
[conflicted] Will prefer dplyr::select over any other package.
[conflicted] Will prefer dplyr::filter over any other package.
[conflicted] Will prefer lubridate::year over any other package.
[conflicted] Will prefer lubridate::month over any other package.
[conflicted] Will prefer purrr::map over any other package.
[conflicted] Will prefer stats::sd over any other package.
[conflicted] Will prefer base::match over any other package.

[render_professional_wide_fixed] PRO_ONLY=ALL PRO_TIER=BOTH PRO_FAST=TRUE

[render_professional_wide_fixed] Step 1a: render T1 A1–A4
[conflicted] Removing existing preference.
[conflicted] Will prefer dplyr::filter over any other package.
[conflicted] Will prefer dplyr::lag over any other package.
========================================
Forest Plot Generation - ADJUSTED (Outcome RR / Total RR)
========================================
Default model path: finalized_redone_trunc 
A1 overrides:  ->  
A2 overrides: breakfast_p -> finalized_uncontaminated2, chicken_p -> finalized_uncontaminated2, dairy_p -> finalized_uncontaminated2, egg_p -> finalized_uncontaminated2, untextured_p -> finalized_uncontaminated2 
A3 overrides: total -> finalized_redone_trunc_cp, nonvegan -> finalized_redone_trunc_cp, meat -> finalized_redone_trunc_cp, chicken_fish -> finalized_redone_trunc_cp, vegetarian -> finalized_redone_trunc_cp, vegan -> finalized_redone_trunc_cp 
A4 overrides: breakfast -> finalized_uncontaminated, textured -> finalized_uncontaminated, untextured -> finalized_uncontaminated 
Output directory base: publication/forest_plots/total_adjusted/t1_sorted_recentered_wide_fixed 

Creating ADJUSTED proportion forest plot with restaurant estimates...
  Using A1 overrides:  ->  
`height` was translated to `width`.
`height` was translated to `width`.
`height` was translated to `width`.
`height` was translated to `width`.
  Saved: A1_proportion_forest_restaurants.png, .pdf, .html, _data.csv
Creating ADJUSTED a2_proportion_t forest plot with restaurant estimates...
  Using overrides: breakfast_p -> finalized_uncontaminated2, chicken_p -> finalized_uncontaminated2, dairy_p -> finalized_uncontaminated2, egg_p -> finalized_uncontaminated2, untextured_p -> finalized_uncontaminated2 
`height` was translated to `width`.
`height` was translated to `width`.
`height` was translated to `width`.
`height` was translated to `width`.
`height` was translated to `width`.
  Saved: A2_proportion_targeted_forest_restaurants.png, .pdf, .html, _data.csv
Creating ADJUSTED ITS forest plot with restaurant estimates...
  Using A3 overrides: total -> finalized_redone_trunc_cp, nonvegan -> finalized_redone_trunc_cp, meat -> finalized_redone_trunc_cp, chicken_fish -> finalized_redone_trunc_cp, vegetarian -> finalized_redone_trunc_cp, vegan -> finalized_redone_trunc_cp 
`height` was translated to `width`.
`height` was translated to `width`.
`height` was translated to `width`.
`height` was translated to `width`.
  Saved: A3_its_forest_restaurants.png, .pdf, .html, _data.csv
Creating ADJUSTED ITS targeted forest plot with restaurant estimates...
  Using overrides: breakfast -> finalized_uncontaminated, textured -> finalized_uncontaminated, untextured -> finalized_uncontaminated 
`height` was translated to `width`.
`height` was translated to `width`.
`height` was translated to `width`.
`height` was translated to `width`.
`height` was translated to `width`.
  Saved: A4_its_targeted_forest_restaurants.png, .pdf, .html, _data.csv
Creating ADJUSTED Gaussian IID forest plot with restaurant estimates...
`height` was translated to `width`.
`height` was translated to `width`.
`height` was translated to `width`.
`height` was translated to `width`.
  Saved: A5_gaussian_iid_forest_restaurants_adj.png, .pdf, .html, _data.csv

========================================
All ADJUSTED forest plots generated!
Output directories: publication/forest_plots/total_adjusted/t1_sorted_recentered_wide_fixed and publication/forest_plots/z_log_and_overlay/t1_adj_sorted_recentered_wide_fixed 
========================================
There were 50 or more warnings (use warnings() to see the first 50)

[render_professional_wide_fixed] Step 1b: render T2 A1–A4
[conflicted] Removing existing preference.
[conflicted] Will prefer dplyr::filter over any other package.
[conflicted] Removing existing preference.
[conflicted] Will prefer dplyr::lag over any other package.
========================================
Forest Plot Generation - T2 ADJUSTED (Outcome RR / Total RR)
========================================
Default model path: finalized_redone_trunc 
A1 overrides: total -> finalized_redone_trunc_cp, nonvegan -> finalized_redone_trunc_cp, meat -> finalized_redone_trunc_cp, chicken_fish -> finalized_redone_trunc_cp 
A2 overrides:  ->  
A3 overrides: total -> finalized_redone_trunc_cp, nonvegan -> finalized_redone_trunc_cp, meat -> finalized_redone_trunc_cp 
A4 overrides: breakfast -> finalized_redone_trunc_cp, untextured -> finalized_redone_trunc_cp, textured -> finalized_redone_trunc_cp 
Output directory base: publication/forest_plots/total_adjusted/t2_sorted_recentered_wide_fixed 

Creating ADJUSTED proportion forest plot with restaurant estimates...
  Using A1 overrides: total -> finalized_redone_trunc_cp, nonvegan -> finalized_redone_trunc_cp, meat -> finalized_redone_trunc_cp, chicken_fish -> finalized_redone_trunc_cp 
`height` was translated to `width`.
`height` was translated to `width`.
`height` was translated to `width`.
`height` was translated to `width`.
  Saved: A1a_proportion_forest_restaurants.png, .pdf, .html, _data.csv
`height` was translated to `width`.
`height` was translated to `width`.
`height` was translated to `width`.
`height` was translated to `width`.
  Saved: A1b_proportion_forest_restaurants.png, .pdf, .html, _data.csv
`height` was translated to `width`.
`height` was translated to `width`.
`height` was translated to `width`.
`height` was translated to `width`.
  Saved: A1c_proportion_forest_restaurants.png, .pdf, .html, _data.csv
Creating ADJUSTED proportion forest plot with restaurant estimates...
  Using A1 overrides: total -> finalized_redone_trunc_cp, nonvegan -> finalized_redone_trunc_cp, meat -> finalized_redone_trunc_cp, chicken_fish -> finalized_redone_trunc_cp 
`height` was translated to `width`.
`height` was translated to `width`.
`height` was translated to `width`.
`height` was translated to `width`.
  Saved: A1a_proportion_forest_restaurants.png, .pdf, .html, _data.csv
`height` was translated to `width`.
`height` was translated to `width`.
`height` was translated to `width`.
`height` was translated to `width`.
  Saved: A1b_proportion_forest_restaurants.png, .pdf, .html, _data.csv
`height` was translated to `width`.
`height` was translated to `width`.
`height` was translated to `width`.
`height` was translated to `width`.
  Saved: A1c_proportion_forest_restaurants.png, .pdf, .html, _data.csv
Creating ADJUSTED a2_proportion_t forest plot with restaurant estimates...
  Using overrides:  ->  
Error in `combine_vars()`:
! Faceting variables must have at least one value.
Backtrace:
     ▆
  1. ├─base::source(...)
  2. │ ├─base::withVisible(eval(ei, envir))
  3. │ └─base::eval(ei, envir)
  4. │   └─base::eval(ei, envir)
  5. └─global create_proportion_targeted_forest_restaurants()
  6.   └─global pub_ggsave_pdf(...)
  7.     └─ggplot2::ggsave(...)
  8.       └─base::lapply(plot, grid.draw)
  9.         ├─grid (local) FUN(X[[i]], ...)
 10.         └─ggplot2 (local) `grid.draw.ggplot2::ggplot`(X[[i]], ...)
 11.           ├─base::print(x)
 12.           └─ggplot2 (local) `print.ggplot2::ggplot`(x)
 13.             ├─ggplot2::ggplot_build(x)
 14.             └─ggplot2 (local) `ggplot_build.ggplot2::ggplot`(x)
 15.               └─layout$setup(data, plot@data, plot@plot_env)
 16.                 └─ggplot2 (local) setup(..., self = self)
 17.                   └─self$facet$compute_layout(data, self$facet_params)
 18.                     └─ggplot2 (local) compute_layout(..., self = self)
 19.                       └─ggplot2::combine_vars(data, params$plot_env, rows, drop = params$drop)
 20.                         └─cli::cli_abort("Faceting variables must have at least one value.")
 21.                           └─rlang::abort(...)
There were 41 warnings (use warnings() to see them)
Execution halted
