- The project is out-of-sync -- use `renv::status()` for details.
── Attaching core tidyverse packages ──────────────────────── tidyverse 2.0.0 ──
✔ dplyr     1.1.4     ✔ readr     2.1.5
✔ forcats   1.0.0     ✔ stringr   1.5.1
✔ ggplot2   3.5.1     ✔ tibble    3.2.1
✔ lubridate 1.9.4     ✔ tidyr     1.3.1
✔ purrr     1.0.4     
[conflicted] Will prefer dplyr::select over any other package.
[conflicted] Will prefer dplyr::filter over any other package.
[conflicted] Will prefer lubridate::year over any other package.
[conflicted] Will prefer lubridate::month over any other package.
[conflicted] Will prefer purrr::map over any other package.
[conflicted] Will prefer stats::sd over any other package.
[conflicted] Will prefer base::match over any other package.
This is cmdstanr version 0.9.0
- CmdStanR documentation and vignettes: mc-stan.org/cmdstanr
- CmdStan path: /home/nuttidalab/.cmdstan/cmdstan-2.36.0
- CmdStan version: 2.36.0

A newer version of CmdStan is available. See ?install_cmdstan() to install it.
To disable this check set option or environment variable cmdstanr_no_ver_check=TRUE.
=== STEP 1: Setting True Parameter Values ===

True parameters:
  mu_gamma (global exposure effect, log scale): 0.150  [rate ratio = 1.162]
  sigma_gamma_between: 0.080
  sigma_gamma_within: 0.040
  mu_beta_intercept: 3.500 (baseline count ~ 33.1)
  sigma_beta_intercept: 0.300
  mu_phi_log: 1.609 (phi ~ 5.0)
  sigma_phi_log: 0.200
  mu_pi_logit: -2.944 (pi ~ 0.050)
  sigma_pi_logit: 0.200

True random predictor effects (mu_beta_random):
  k=1 (price): mu=0.0500, sigma=0.0300
  k=2 (weekend): mu=0.1000, sigma=0.0500
  k=3 (season): mu=0.0200, sigma=0.0100

True fixed predictor effects (mu_beta_fixed):
  k=1 (temp): mu=-0.0200
  k=2 (precip): mu=-0.0100

True INGARCH alpha (raw scale):
  mu_alpha_random_raw: 0.200, 0.100
  sigma_alpha_random: 0.080, 0.050
  mu_alpha_fixed_raw: all 0.000 (10 values)

INGARCH delta: DISABLED (q_effective = 0)

INGARCH stability check:
  alpha_1 = tanh(0.200/2) = 0.0997
  alpha_7 = tanh(0.100/2) = 0.0500
  delta: DISABLED
  Sum of active INGARCH coefficients: 0.1496 (alpha only)

Restaurant configuration:
  R1 (R1): 400 train, 20 test, 1 exposure(s)
  R2 (R2): 400 train, 20 test, 2 exposure(s)
  R3 (R3): 400 train, 20 test, 1 exposure(s)
  R4 (R4): 400 train, 20 test, 2 exposure(s)
  R5 (R5): 400 train, 20 test, 1 exposure(s)
  R6 (R6): 400 train, 20 test, 1 exposure(s)
  R7 (R7): 400 train, 20 test, 1 exposure(s)
  R8 (R8): 400 train, 20 test, 2 exposure(s)
  R9 (R9): 400 train, 20 test, 1 exposure(s)
  R10 (R10): 400 train, 20 test, 2 exposure(s)
  R11 (R11): 400 train, 20 test, 1 exposure(s)
  R12 (R12): 400 train, 20 test, 1 exposure(s)

Total exposures: K_exposure = 16

=== STEP 2: Generating Hierarchical Parameters ===

Restaurant-level intercepts:
  Restaurant 1: beta_intercept = 3.402
  Restaurant 2: beta_intercept = 3.666
  Restaurant 3: beta_intercept = 3.298
  Restaurant 4: beta_intercept = 3.564
  Restaurant 5: beta_intercept = 3.593
  Restaurant 6: beta_intercept = 3.852
  Restaurant 7: beta_intercept = 3.686
  Restaurant 8: beta_intercept = 3.466
  Restaurant 9: beta_intercept = 3.775
  Restaurant 10: beta_intercept = 3.433
  Restaurant 11: beta_intercept = 3.658
  Restaurant 12: beta_intercept = 3.262

Restaurant-level dispersion and zero-inflation:
  Restaurant 1: phi = 4.718, pi = 0.0476
  Restaurant 2: phi = 3.716, pi = 0.0382
  Restaurant 3: phi = 3.972, pi = 0.0442
  Restaurant 4: phi = 4.733, pi = 0.0511
  Restaurant 5: phi = 5.613, pi = 0.0542
  Restaurant 6: phi = 3.781, pi = 0.0538
  Restaurant 7: phi = 5.808, pi = 0.0439
  Restaurant 8: phi = 4.052, pi = 0.0514
  Restaurant 9: phi = 5.168, pi = 0.0495
  Restaurant 10: phi = 6.268, pi = 0.0493
  Restaurant 11: phi = 6.323, pi = 0.0665
  Restaurant 12: phi = 4.590, pi = 0.0678

Alpha (transformed) for each restaurant (first 4 lags shown):
  Restaurant 1: 0.1103, 0.0000, 0.0000, 0.0000 ...
  Restaurant 2: 0.1832, 0.0000, 0.0000, 0.0000 ...
  Restaurant 3: 0.1291, 0.0000, 0.0000, 0.0000 ...
  Restaurant 4: 0.1031, 0.0000, 0.0000, 0.0000 ...
  Restaurant 5: 0.0812, 0.0000, 0.0000, 0.0000 ...
  Restaurant 6: 0.0771, 0.0000, 0.0000, 0.0000 ...
  Restaurant 7: 0.0934, 0.0000, 0.0000, 0.0000 ...
  Restaurant 8: 0.1300, 0.0000, 0.0000, 0.0000 ...
  Restaurant 9: 0.0746, 0.0000, 0.0000, 0.0000 ...
  Restaurant 10: 0.0762, 0.0000, 0.0000, 0.0000 ...
  Restaurant 11: 0.0734, 0.0000, 0.0000, 0.0000 ...
  Restaurant 12: 0.0193, 0.0000, 0.0000, 0.0000 ...

Delta: DISABLED (q_effective = 0)

Exposure-to-restaurant mapping and gamma values:
  Exposure 1 -> Restaurant 1 (R1), param 1: gamma = 0.2423
  Exposure 2 -> Restaurant 2 (R2), param 1: gamma = 0.1626
  Exposure 3 -> Restaurant 2 (R2), param 1: gamma = 0.1440
  Exposure 4 -> Restaurant 3 (R3), param 1: gamma = 0.0045
  Exposure 5 -> Restaurant 4 (R4), param 1: gamma = 0.0960
  Exposure 6 -> Restaurant 4 (R4), param 1: gamma = 0.1291
  Exposure 7 -> Restaurant 5 (R5), param 1: gamma = 0.1742
  Exposure 8 -> Restaurant 6 (R6), param 1: gamma = 0.0478
  Exposure 9 -> Restaurant 7 (R7), param 1: gamma = 0.1611
  Exposure 10 -> Restaurant 8 (R8), param 1: gamma = 0.1171
  Exposure 11 -> Restaurant 8 (R8), param 1: gamma = 0.1572
  Exposure 12 -> Restaurant 9 (R9), param 1: gamma = 0.2982
  Exposure 13 -> Restaurant 10 (R10), param 1: gamma = 0.2211
  Exposure 14 -> Restaurant 10 (R10), param 1: gamma = 0.2935
  Exposure 15 -> Restaurant 11 (R11), param 1: gamma = 0.1091
  Exposure 16 -> Restaurant 12 (R12), param 1: gamma = 0.1065

Eta (restaurant-level exposure means):
  Restaurant 1: eta = 0.2423
  Restaurant 2: eta = 0.1438
  Restaurant 3: eta = 0.0045
  Restaurant 4: eta = 0.0670
  Restaurant 5: eta = 0.1742
  Restaurant 6: eta = 0.0478
  Restaurant 7: eta = 0.1611
  Restaurant 8: eta = 0.1459
  Restaurant 9: eta = 0.2982
  Restaurant 10: eta = 0.2389
  Restaurant 11: eta = 0.1091
  Restaurant 12: eta = 0.1065

=== STEP 3: Generating Design Matrix ===

Design matrix column layout (J = 22):
  idx_intercept: 1
  idx_beta_random: 2, 3, 4 (price, weekend, season)
  idx_beta_fixed: 5, 6 (temp, precip)
  idx_exposure: 7, 8, 9, 10, 11, 12, 13, 14, 15, 16, 17, 18, 19, 20, 21, 22

Intervention times (randomly generated):
  Exposure 1 (Restaurant 1): t = 89 (22% of 400 training obs)
  Exposure 2 (Restaurant 2): t = 82 (20% of 400 training obs)
  Exposure 3 (Restaurant 2): t = 181 (45% of 400 training obs)
  Exposure 4 (Restaurant 3): t = 204 (51% of 400 training obs)
  Exposure 5 (Restaurant 4): t = 262 (66% of 400 training obs)
  Exposure 6 (Restaurant 4): t = 154 (38% of 400 training obs)
  Exposure 7 (Restaurant 5): t = 304 (76% of 400 training obs)
  Exposure 8 (Restaurant 6): t = 182 (46% of 400 training obs)
  Exposure 9 (Restaurant 7): t = 258 (64% of 400 training obs)
  Exposure 10 (Restaurant 8): t = 92 (23% of 400 training obs)
  Exposure 11 (Restaurant 8): t = 159 (40% of 400 training obs)
  Exposure 12 (Restaurant 9): t = 285 (71% of 400 training obs)
  Exposure 13 (Restaurant 10): t = 206 (52% of 400 training obs)
  Exposure 14 (Restaurant 10): t = 199 (50% of 400 training obs)
  Exposure 15 (Restaurant 11): t = 273 (68% of 400 training obs)
  Exposure 16 (Restaurant 12): t = 158 (40% of 400 training obs)

Design matrix dimensions:
  J (total predictors): 22 (1 intercept + 3 random + 2 fixed + 16 exposures)
  N_train: 4800
  N_test: 240

=== STEP 4: Simulating Outcomes (INGARCH Process) ===

Beta matrix [J, R] constructed.
  Restaurant 1: intercept=3.402, price=0.0928, weekend=0.0267, season=0.0176, temp=-0.0200, precip=-0.0100
  Restaurant 2: intercept=3.666, price=0.0442, weekend=0.0575, season=0.0206, temp=-0.0200, precip=-0.0100
  Restaurant 3: intercept=3.298, price=0.0255, weekend=-0.0025, season=0.0184, temp=-0.0200, precip=-0.0100
  Restaurant 4: intercept=3.564, price=0.0713, weekend=0.0866, season=0.0054, temp=-0.0200, precip=-0.0100
  Restaurant 5: intercept=3.593, price=0.0723, weekend=0.0295, season=0.0247, temp=-0.0200, precip=-0.0100
  Restaurant 6: intercept=3.852, price=0.0464, weekend=0.1234, season=0.0250, temp=-0.0200, precip=-0.0100
  Restaurant 7: intercept=3.686, price=0.0768, weekend=0.1140, season=0.0301, temp=-0.0200, precip=-0.0100
  Restaurant 8: intercept=3.466, price=-0.0122, weekend=0.1595, season=0.0128, temp=-0.0200, precip=-0.0100
  Restaurant 9: intercept=3.775, price=0.0550, weekend=0.1460, season=0.0033, temp=-0.0200, precip=-0.0100
  Restaurant 10: intercept=3.433, price=0.0635, weekend=0.1241, season=0.0276, temp=-0.0200, precip=-0.0100
  Restaurant 11: intercept=3.658, price=-0.0196, weekend=0.0770, season=0.0089, temp=-0.0200, precip=-0.0100
  Restaurant 12: intercept=3.262, price=0.0621, weekend=0.1284, season=0.0129, temp=-0.0200, precip=-0.0100

Simulating training data (sequential INGARCH)...
  Restaurant 1: 400 obs simulated, mean=57.95, zeros=5.8%, max=182
  Restaurant 2: 400 obs simulated, mean=174.46, zeros=3.5%, max=795
  Restaurant 3: 400 obs simulated, mean=51.56, zeros=2.0%, max=188
  Restaurant 4: 400 obs simulated, mean=59.33, zeros=2.5%, max=196
  Restaurant 5: 400 obs simulated, mean=67.92, zeros=8.0%, max=226
  Restaurant 6: 400 obs simulated, mean=75.51, zeros=6.2%, max=236
  Restaurant 7: 400 obs simulated, mean=88.85, zeros=3.2%, max=286
  Restaurant 8: 400 obs simulated, mean=74.47, zeros=5.0%, max=232
  Restaurant 9: 400 obs simulated, mean=75.08, zeros=4.0%, max=215
  Restaurant 10: 400 obs simulated, mean=80.15, zeros=5.0%, max=291
  Restaurant 11: 400 obs simulated, mean=57.08, zeros=6.8%, max=158
  Restaurant 12: 400 obs simulated, mean=32.05, zeros=7.5%, max=116

Simulating test data (sequential INGARCH with training data for early lags)...
  Restaurant 1: 20 test obs simulated, mean=59.75, zeros=5.0%
  Restaurant 2: 20 test obs simulated, mean=133.85, zeros=10.0%
  Restaurant 3: 20 test obs simulated, mean=51.00, zeros=5.0%
  Restaurant 4: 20 test obs simulated, mean=59.15, zeros=10.0%
  Restaurant 5: 20 test obs simulated, mean=104.75, zeros=0.0%
  Restaurant 6: 20 test obs simulated, mean=70.90, zeros=5.0%
  Restaurant 7: 20 test obs simulated, mean=96.65, zeros=5.0%
  Restaurant 8: 20 test obs simulated, mean=97.95, zeros=0.0%
  Restaurant 9: 20 test obs simulated, mean=71.90, zeros=5.0%
  Restaurant 10: 20 test obs simulated, mean=111.50, zeros=0.0%
  Restaurant 11: 20 test obs simulated, mean=62.25, zeros=5.0%
  Restaurant 12: 20 test obs simulated, mean=32.70, zeros=10.0%

Overall simulated outcome summary (training data):
  Total observations: 4800
  Zeros: 238 (5.0%)
  Mean: 74.54, Median: 62, Max: 795

Overall simulated outcome summary (test data):
  Total observations: 240
  Zeros: 12 (5.0%)
  Mean: 79.36, Median: 74, Max: 319

=== STEP 5: Preparing Stan Data List ===

Stan data list created successfully.
  R: 12, J: 22, M: 1
  K_exposure: 16, K_beta_random: 3, K_beta_fixed: 2
  p_effective: 12, q_effective: 0
  K_alpha_random: 2, K_alpha_fixed: 10
  K_delta_random: 0, K_delta_fixed: 0
  N_train: 4800, N_test: 240
  N_zeros (simulated): 238 (5.0%)

Exposure-to-restaurant mapping:
  Exposure 1 -> Restaurant 1 (R1), param 1
  Exposure 2 -> Restaurant 2 (R2), param 1
  Exposure 3 -> Restaurant 2 (R2), param 1
  Exposure 4 -> Restaurant 3 (R3), param 1
  Exposure 5 -> Restaurant 4 (R4), param 1
  Exposure 6 -> Restaurant 4 (R4), param 1
  Exposure 7 -> Restaurant 5 (R5), param 1
  Exposure 8 -> Restaurant 6 (R6), param 1
  Exposure 9 -> Restaurant 7 (R7), param 1
  Exposure 10 -> Restaurant 8 (R8), param 1
  Exposure 11 -> Restaurant 8 (R8), param 1
  Exposure 12 -> Restaurant 9 (R9), param 1
  Exposure 13 -> Restaurant 10 (R10), param 1
  Exposure 14 -> Restaurant 10 (R10), param 1
  Exposure 15 -> Restaurant 11 (R11), param 1
  Exposure 16 -> Restaurant 12 (R12), param 1

=== STEP 6: Fitting the Stan Model ===

Compiling model from: /home/nuttidalab/Documents/Jared/Other/testing/models/model_multilevel_transfer_zi.stan
Starting MCMC sampling...
Using synthetic data with INGARCH lags + simple covariates...

Init values were only set for a subset of parameters. 
Missing init values for the following parameters:
 - chain 1: mu_delta_random_raw, mu_delta_fixed_raw, sigma_delta_random, z_delta_random
 - chain 2: mu_delta_random_raw, mu_delta_fixed_raw, sigma_delta_random, z_delta_random

To disable this message use options(cmdstanr_warn_inits = FALSE).

Running MCMC with 2 parallel chains...

Chain 1 Informational Message: The current Metropolis proposal is about to be rejected because of the following issue:
Chain 1 Exception: neg_binomial_2_lpmf: Location parameter[1] is -nan, but must be positive finite! (in '/tmp/RtmptGIqA8/model-2b0edd2d36776a.stan', line 478, column 2 to column 59)
Chain 1 If this warning occurs sporadically, such as for highly constrained variable types like covariance matrices, then the sampler is fine,
Chain 1 but if this warning occurs often then your model may be either severely ill-conditioned or misspecified.
Chain 1 
Chain 1 Informational Message: The current Metropolis proposal is about to be rejected because of the following issue:
Chain 1 Exception: neg_binomial_2_lpmf: Location parameter[1] is -nan, but must be positive finite! (in '/tmp/RtmptGIqA8/model-2b0edd2d36776a.stan', line 478, column 2 to column 59)
Chain 1 If this warning occurs sporadically, such as for highly constrained variable types like covariance matrices, then the sampler is fine,
Chain 1 but if this warning occurs often then your model may be either severely ill-conditioned or misspecified.
Chain 1 
Chain 1 Informational Message: The current Metropolis proposal is about to be rejected because of the following issue:
Chain 1 Exception: neg_binomial_2_lpmf: Location parameter[1] is -nan, but must be positive finite! (in '/tmp/RtmptGIqA8/model-2b0edd2d36776a.stan', line 478, column 2 to column 59)
Chain 1 If this warning occurs sporadically, such as for highly constrained variable types like covariance matrices, then the sampler is fine,
Chain 1 but if this warning occurs often then your model may be either severely ill-conditioned or misspecified.
Chain 1 
Chain 1 Informational Message: The current Metropolis proposal is about to be rejected because of the following issue:
Chain 1 Exception: neg_binomial_2_lpmf: Location parameter[1] is -nan, but must be positive finite! (in '/tmp/RtmptGIqA8/model-2b0edd2d36776a.stan', line 478, column 2 to column 59)
Chain 1 If this warning occurs sporadically, such as for highly constrained variable types like covariance matrices, then the sampler is fine,
Chain 1 but if this warning occurs often then your model may be either severely ill-conditioned or misspecified.
Chain 1 
Chain 1 Informational Message: The current Metropolis proposal is about to be rejected because of the following issue:
Chain 1 Exception: neg_binomial_2_lpmf: Location parameter[1] is inf, but must be positive finite! (in '/tmp/RtmptGIqA8/model-2b0edd2d36776a.stan', line 478, column 2 to column 59)
Chain 1 If this warning occurs sporadically, such as for highly constrained variable types like covariance matrices, then the sampler is fine,
Chain 1 but if this warning occurs often then your model may be either severely ill-conditioned or misspecified.
Chain 1 
Chain 1 Informational Message: The current Metropolis proposal is about to be rejected because of the following issue:
Chain 1 Exception: neg_binomial_2_lpmf: Location parameter[1] is inf, but must be positive finite! (in '/tmp/RtmptGIqA8/model-2b0edd2d36776a.stan', line 478, column 2 to column 59)
Chain 1 If this warning occurs sporadically, such as for highly constrained variable types like covariance matrices, then the sampler is fine,
Chain 1 but if this warning occurs often then your model may be either severely ill-conditioned or misspecified.
Chain 1 
Chain 1 Informational Message: The current Metropolis proposal is about to be rejected because of the following issue:
Chain 1 Exception: neg_binomial_2_lpmf: Location parameter[1] is inf, but must be positive finite! (in '/tmp/RtmptGIqA8/model-2b0edd2d36776a.stan', line 478, column 2 to column 59)
Chain 1 If this warning occurs sporadically, such as for highly constrained variable types like covariance matrices, then the sampler is fine,
Chain 1 but if this warning occurs often then your model may be either severely ill-conditioned or misspecified.
Chain 1 
Chain 1 Informational Message: The current Metropolis proposal is about to be rejected because of the following issue:
Chain 1 Exception: neg_binomial_2_lpmf: Location parameter[581] is inf, but must be positive finite! (in '/tmp/RtmptGIqA8/model-2b0edd2d36776a.stan', line 478, column 2 to column 59)
Chain 1 If this warning occurs sporadically, such as for highly constrained variable types like covariance matrices, then the sampler is fine,
Chain 1 but if this warning occurs often then your model may be either severely ill-conditioned or misspecified.
Chain 1 
Chain 2 Iteration:    1 / 1500 [  0%]  (Warmup) 
Chain 2 Informational Message: The current Metropolis proposal is about to be rejected because of the following issue:
Chain 2 Exception: neg_binomial_2_lpmf: Location parameter[1] is inf, but must be positive finite! (in '/tmp/RtmptGIqA8/model-2b0edd2d36776a.stan', line 478, column 2 to column 59)
Chain 2 If this warning occurs sporadically, such as for highly constrained variable types like covariance matrices, then the sampler is fine,
Chain 2 but if this warning occurs often then your model may be either severely ill-conditioned or misspecified.
Chain 2 
Chain 2 Informational Message: The current Metropolis proposal is about to be rejected because of the following issue:
Chain 2 Exception: neg_binomial_2_lpmf: Location parameter[1] is inf, but must be positive finite! (in '/tmp/RtmptGIqA8/model-2b0edd2d36776a.stan', line 478, column 2 to column 59)
Chain 2 If this warning occurs sporadically, such as for highly constrained variable types like covariance matrices, then the sampler is fine,
Chain 2 but if this warning occurs often then your model may be either severely ill-conditioned or misspecified.
Chain 2 
Chain 2 Informational Message: The current Metropolis proposal is about to be rejected because of the following issue:
Chain 2 Exception: neg_binomial_2_lpmf: Location parameter[1] is inf, but must be positive finite! (in '/tmp/RtmptGIqA8/model-2b0edd2d36776a.stan', line 478, column 2 to column 59)
Chain 2 If this warning occurs sporadically, such as for highly constrained variable types like covariance matrices, then the sampler is fine,
Chain 2 but if this warning occurs often then your model may be either severely ill-conditioned or misspecified.
Chain 2 
Chain 2 Informational Message: The current Metropolis proposal is about to be rejected because of the following issue:
Chain 2 Exception: neg_binomial_2_lpmf: Location parameter[1] is inf, but must be positive finite! (in '/tmp/RtmptGIqA8/model-2b0edd2d36776a.stan', line 478, column 2 to column 59)
Chain 2 If this warning occurs sporadically, such as for highly constrained variable types like covariance matrices, then the sampler is fine,
Chain 2 but if this warning occurs often then your model may be either severely ill-conditioned or misspecified.
Chain 2 
Chain 2 Informational Message: The current Metropolis proposal is about to be rejected because of the following issue:
Chain 2 Exception: neg_binomial_2_lpmf: Location parameter[1] is inf, but must be positive finite! (in '/tmp/RtmptGIqA8/model-2b0edd2d36776a.stan', line 478, column 2 to column 59)
Chain 2 If this warning occurs sporadically, such as for highly constrained variable types like covariance matrices, then the sampler is fine,
Chain 2 but if this warning occurs often then your model may be either severely ill-conditioned or misspecified.
Chain 2 
Chain 2 Informational Message: The current Metropolis proposal is about to be rejected because of the following issue:
Chain 2 Exception: neg_binomial_2_lpmf: Location parameter[90] is inf, but must be positive finite! (in '/tmp/RtmptGIqA8/model-2b0edd2d36776a.stan', line 478, column 2 to column 59)
Chain 2 If this warning occurs sporadically, such as for highly constrained variable types like covariance matrices, then the sampler is fine,
Chain 2 but if this warning occurs often then your model may be either severely ill-conditioned or misspecified.
Chain 2 
Chain 2 Informational Message: The current Metropolis proposal is about to be rejected because of the following issue:
Chain 2 Exception: neg_binomial_2_lpmf: Location parameter[482] is inf, but must be positive finite! (in '/tmp/RtmptGIqA8/model-2b0edd2d36776a.stan', line 478, column 2 to column 59)
Chain 2 If this warning occurs sporadically, such as for highly constrained variable types like covariance matrices, then the sampler is fine,
Chain 2 but if this warning occurs often then your model may be either severely ill-conditioned or misspecified.
Chain 2 
Chain 2 Informational Message: The current Metropolis proposal is about to be rejected because of the following issue:
Chain 2 Exception: neg_binomial_2_lpmf: Location parameter[1] is inf, but must be positive finite! (in '/tmp/RtmptGIqA8/model-2b0edd2d36776a.stan', line 478, column 2 to column 59)
Chain 2 If this warning occurs sporadically, such as for highly constrained variable types like covariance matrices, then the sampler is fine,
Chain 2 but if this warning occurs often then your model may be either severely ill-conditioned or misspecified.
Chain 2 
Chain 2 Informational Message: The current Metropolis proposal is about to be rejected because of the following issue:
Chain 2 Exception: neg_binomial_2_lpmf: Location parameter[1] is inf, but must be positive finite! (in '/tmp/RtmptGIqA8/model-2b0edd2d36776a.stan', line 478, column 2 to column 59)
Chain 2 If this warning occurs sporadically, such as for highly constrained variable types like covariance matrices, then the sampler is fine,
Chain 2 but if this warning occurs often then your model may be either severely ill-conditioned or misspecified.
Chain 2 
Chain 2 Informational Message: The current Metropolis proposal is about to be rejected because of the following issue:
Chain 2 Exception: neg_binomial_2_lpmf: Location parameter[1] is inf, but must be positive finite! (in '/tmp/RtmptGIqA8/model-2b0edd2d36776a.stan', line 478, column 2 to column 59)
Chain 2 If this warning occurs sporadically, such as for highly constrained variable types like covariance matrices, then the sampler is fine,
Chain 2 but if this warning occurs often then your model may be either severely ill-conditioned or misspecified.
Chain 2 
Chain 1 Iteration:    1 / 1500 [  0%]  (Warmup) 
Chain 1 Informational Message: The current Metropolis proposal is about to be rejected because of the following issue:
Chain 1 Exception: neg_binomial_2_lpmf: Location parameter[1] is 0, but must be positive finite! (in '/tmp/RtmptGIqA8/model-2b0edd2d36776a.stan', line 478, column 2 to column 59)
Chain 1 If this warning occurs sporadically, such as for highly constrained variable types like covariance matrices, then the sampler is fine,
Chain 1 but if this warning occurs often then your model may be either severely ill-conditioned or misspecified.
Chain 1 
Chain 1 Informational Message: The current Metropolis proposal is about to be rejected because of the following issue:
Chain 1 Exception: neg_binomial_2_lpmf: Location parameter[1] is 0, but must be positive finite! (in '/tmp/RtmptGIqA8/model-2b0edd2d36776a.stan', line 478, column 2 to column 59)
Chain 1 If this warning occurs sporadically, such as for highly constrained variable types like covariance matrices, then the sampler is fine,
Chain 1 but if this warning occurs often then your model may be either severely ill-conditioned or misspecified.
Chain 1 
Chain 1 Informational Message: The current Metropolis proposal is about to be rejected because of the following issue:
Chain 1 Exception: neg_binomial_2_lpmf: Location parameter[482] is 0, but must be positive finite! (in '/tmp/RtmptGIqA8/model-2b0edd2d36776a.stan', line 478, column 2 to column 59)
Chain 1 If this warning occurs sporadically, such as for highly constrained variable types like covariance matrices, then the sampler is fine,
Chain 1 but if this warning occurs often then your model may be either severely ill-conditioned or misspecified.
Chain 1 
Chain 1 Iteration:  200 / 1500 [ 13%]  (Warmup) 
Chain 2 Iteration:  200 / 1500 [ 13%]  (Warmup) 
Chain 1 Iteration:  400 / 1500 [ 26%]  (Warmup) 
Chain 2 Iteration:  400 / 1500 [ 26%]  (Warmup) 
Chain 1 Iteration:  600 / 1500 [ 40%]  (Warmup) 
Chain 1 Iteration:  701 / 1500 [ 46%]  (Sampling) 
Chain 2 Iteration:  600 / 1500 [ 40%]  (Warmup) 
Chain 2 Iteration:  701 / 1500 [ 46%]  (Sampling) 
Chain 1 Iteration:  900 / 1500 [ 60%]  (Sampling) 
Chain 2 Iteration:  900 / 1500 [ 60%]  (Sampling) 
Chain 1 Iteration: 1100 / 1500 [ 73%]  (Sampling) 
Chain 2 Iteration: 1100 / 1500 [ 73%]  (Sampling) 
Chain 1 Iteration: 1300 / 1500 [ 86%]  (Sampling) 
Chain 2 Iteration: 1300 / 1500 [ 86%]  (Sampling) 
Chain 1 Iteration: 1500 / 1500 [100%]  (Sampling) 
Chain 1 finished in 1151.3 seconds.
Chain 2 Iteration: 1500 / 1500 [100%]  (Sampling) 
Chain 2 finished in 1182.1 seconds.

Both chains finished successfully.
Mean chain execution time: 1166.7 seconds.
Total execution time: 1182.7 seconds.


Sampling complete.

=== STEP 7: Parameter Recovery Diagnostics ===

There were 15 warnings (use warnings() to see them)
Parameter Recovery Results:
================================================================================================================================== 
** indicates true value outside 90% CI

[Global Parameters - Primary Interest (Exposure Effects)]
---------------------------------------------------------------------------------------------------- 
  mu_gamma[1]                    True:   0.150 | Est:   0.126 (median:   0.126) | 90% CI: [  0.068,   0.184] | Rhat: 1.000    [rate ratio = 1.162]
  sigma_gamma_between[1]         True:   0.080 | Est:   0.108 (median:   0.103) | 90% CI: [  0.066,   0.166] | Rhat: 1.001   
  sigma_gamma_within[1]          True:   0.040 | Est:   0.074 (median:   0.062) | 90% CI: [  0.007,   0.183] | Rhat: 1.000   

[Global Parameters - Nuisance]
---------------------------------------------------------------------------------------------------- 
  mu_beta_intercept              True:   3.500 | Est:   3.526 (median:   3.527) | 90% CI: [  3.387,   3.657] | Rhat: 1.005   
  sigma_beta_intercept           True:   0.300 | Est:   0.200 (median:   0.191) | 90% CI: [  0.112,   0.324] | Rhat: 1.003   
  mu_phi_log                     True:   1.609 | Est:   1.539 (median:   1.541) | 90% CI: [  1.405,   1.664] | Rhat: 1.002    [phi ~ 5.0]
  sigma_phi_log                  True:   0.200 | Est:   0.249 (median:   0.237) | 90% CI: [  0.163,   0.373] | Rhat: 1.004   
  mu_pi_logit                    True:  -2.944 | Est:  -3.007 (median:  -3.003) | 90% CI: [ -3.255,  -2.781] | Rhat: 1.001    [pi ~ 0.050]
  sigma_pi_logit                 True:   0.200 | Est:   0.414 (median:   0.394) | 90% CI: [  0.220,   0.661] | Rhat: 0.999 **

[INGARCH Global Parameters (Raw Scale)]
---------------------------------------------------------------------------------------------------- 
  mu_alpha_random_raw[1]         True:   0.200 | Est:   0.176 (median:   0.176) | 90% CI: [  0.135,   0.218] | Rhat: 1.001    [alpha = tanh(0.200/2) = 0.0997]
  mu_alpha_random_raw[2]         True:   0.100 | Est:   0.073 (median:   0.074) | 90% CI: [  0.031,   0.112] | Rhat: 1.003    [alpha = tanh(0.100/2) = 0.0500]
  sigma_alpha_random[1]          True:   0.080 | Est:   0.072 (median:   0.069) | 90% CI: [  0.034,   0.118] | Rhat: 1.000   
  sigma_alpha_random[2]          True:   0.050 | Est:   0.074 (median:   0.071) | 90% CI: [  0.041,   0.118] | Rhat: 1.004   
  mu_alpha_fixed_raw[1]          True:   0.000 | Est:  -0.008 (median:  -0.008) | 90% CI: [ -0.028,   0.013] | Rhat: 1.004   
  mu_alpha_fixed_raw[2]          True:   0.000 | Est:   0.018 (median:   0.018) | 90% CI: [ -0.005,   0.042] | Rhat: 1.007   
  mu_alpha_fixed_raw[3]          True:   0.000 | Est:  -0.003 (median:  -0.003) | 90% CI: [ -0.024,   0.018] | Rhat: 1.000   
  mu_alpha_fixed_raw[4]          True:   0.000 | Est:   0.001 (median:   0.001) | 90% CI: [ -0.021,   0.023] | Rhat: 1.003   
  mu_alpha_fixed_raw[5]          True:   0.000 | Est:   0.038 (median:   0.038) | 90% CI: [  0.017,   0.058] | Rhat: 1.000 **
  mu_alpha_fixed_raw[6]          True:   0.000 | Est:   0.008 (median:   0.008) | 90% CI: [ -0.013,   0.029] | Rhat: 1.001   
  mu_alpha_fixed_raw[7]          True:   0.000 | Est:  -0.002 (median:  -0.002) | 90% CI: [ -0.021,   0.018] | Rhat: 0.999   
  mu_alpha_fixed_raw[8]          True:   0.000 | Est:  -0.013 (median:  -0.013) | 90% CI: [ -0.034,   0.007] | Rhat: 1.003   
  mu_alpha_fixed_raw[9]          True:   0.000 | Est:   0.008 (median:   0.008) | 90% CI: [ -0.013,   0.030] | Rhat: 1.000   
  mu_alpha_fixed_raw[10]         True:   0.000 | Est:   0.007 (median:   0.007) | 90% CI: [ -0.011,   0.026] | Rhat: 1.001   

[Random Predictor Global Parameters]
---------------------------------------------------------------------------------------------------- 
  mu_beta_random[1]              True:   0.050 | Est:   0.058 (median:   0.058) | 90% CI: [  0.039,   0.075] | Rhat: 0.999    [price]
  mu_beta_random[2]              True:   0.100 | Est:   0.087 (median:   0.087) | 90% CI: [  0.045,   0.132] | Rhat: 1.002    [weekend]
  mu_beta_random[3]              True:   0.020 | Est:   0.001 (median:   0.002) | 90% CI: [ -0.014,   0.016] | Rhat: 1.002 ** [season]
  sigma_beta_random[1]           True:   0.030 | Est:   0.029 (median:   0.028) | 90% CI: [  0.007,   0.052] | Rhat: 1.000    [price]
  sigma_beta_random[2]           True:   0.050 | Est:   0.064 (median:   0.062) | 90% CI: [  0.021,   0.116] | Rhat: 1.000    [weekend]
  sigma_beta_random[3]           True:   0.010 | Est:   0.013 (median:   0.011) | 90% CI: [  0.001,   0.033] | Rhat: 1.002    [season]

[Fixed Predictor Global Parameters]
---------------------------------------------------------------------------------------------------- 
  mu_beta_fixed[1]               True:  -0.020 | Est:  -0.034 (median:  -0.034) | 90% CI: [ -0.045,  -0.022] | Rhat: 1.002 ** [temp]
  mu_beta_fixed[2]               True:  -0.010 | Est:  -0.011 (median:  -0.011) | 90% CI: [ -0.023,   0.000] | Rhat: 1.002    [precip]

[Restaurant-Level Parameters]
---------------------------------------------------------------------------------------------------- 

  Restaurant 1:
  phi[1]                         True:   4.718 | Est:   4.734 (median:   4.726) | 90% CI: [  4.187,   5.328] | Rhat: 1.001   
  pi[1]                          True:   0.048 | Est:   0.055 (median:   0.054) | 90% CI: [  0.040,   0.072] | Rhat: 0.999   

  Restaurant 2:
  phi[2]                         True:   3.716 | Est:   3.542 (median:   3.534) | 90% CI: [  3.165,   3.938] | Rhat: 1.001   
  pi[2]                          True:   0.038 | Est:   0.039 (median:   0.038) | 90% CI: [  0.027,   0.053] | Rhat: 1.001   

  Restaurant 3:
  phi[3]                         True:   3.972 | Est:   3.584 (median:   3.572) | 90% CI: [  3.169,   4.035] | Rhat: 1.000   
  pi[3]                          True:   0.044 | Est:   0.029 (median:   0.029) | 90% CI: [  0.017,   0.043] | Rhat: 0.999 **

  Restaurant 4:
  phi[4]                         True:   4.733 | Est:   4.472 (median:   4.455) | 90% CI: [  3.993,   4.994] | Rhat: 1.000   
  pi[4]                          True:   0.051 | Est:   0.032 (median:   0.032) | 90% CI: [  0.021,   0.047] | Rhat: 0.999 **

  Restaurant 5:
  phi[5]                         True:   5.613 | Est:   5.592 (median:   5.578) | 90% CI: [  4.911,   6.358] | Rhat: 1.000   
  pi[5]                          True:   0.054 | Est:   0.072 (median:   0.071) | 90% CI: [  0.054,   0.093] | Rhat: 1.001   

  Restaurant 6:
  phi[6]                         True:   3.781 | Est:   3.813 (median:   3.803) | 90% CI: [  3.379,   4.266] | Rhat: 1.000   
  pi[6]                          True:   0.054 | Est:   0.059 (median:   0.059) | 90% CI: [  0.044,   0.078] | Rhat: 1.001   

  Restaurant 7:
  phi[7]                         True:   5.808 | Est:   5.980 (median:   5.952) | 90% CI: [  5.256,   6.767] | Rhat: 1.000   
  pi[7]                          True:   0.044 | Est:   0.037 (median:   0.037) | 90% CI: [  0.024,   0.052] | Rhat: 1.000   

  Restaurant 8:
  phi[8]                         True:   4.052 | Est:   3.906 (median:   3.916) | 90% CI: [  3.428,   4.361] | Rhat: 1.000   
  pi[8]                          True:   0.051 | Est:   0.049 (median:   0.049) | 90% CI: [  0.036,   0.064] | Rhat: 1.000   

  Restaurant 9:
  phi[9]                         True:   5.168 | Est:   5.854 (median:   5.859) | 90% CI: [  5.126,   6.596] | Rhat: 1.003   
  pi[9]                          True:   0.049 | Est:   0.043 (median:   0.042) | 90% CI: [  0.029,   0.057] | Rhat: 1.002   

  Restaurant 10:
  phi[10]                        True:   6.268 | Est:   5.481 (median:   5.475) | 90% CI: [  4.817,   6.173] | Rhat: 1.004 **
  pi[10]                         True:   0.049 | Est:   0.049 (median:   0.049) | 90% CI: [  0.035,   0.065] | Rhat: 0.999   

  Restaurant 11:
  phi[11]                        True:   6.323 | Est:   6.355 (median:   6.330) | 90% CI: [  5.523,   7.305] | Rhat: 1.000   
  pi[11]                         True:   0.066 | Est:   0.063 (median:   0.062) | 90% CI: [  0.047,   0.082] | Rhat: 0.999   

  Restaurant 12:
  phi[12]                        True:   4.590 | Est:   4.636 (median:   4.635) | 90% CI: [  4.048,   5.241] | Rhat: 1.000   
  pi[12]                         True:   0.068 | Est:   0.068 (median:   0.067) | 90% CI: [  0.050,   0.087] | Rhat: 0.999   

[Per-Exposure Gamma Values]
---------------------------------------------------------------------------------------------------- 
  Exposure 1 (Rest 1, param 1):
    beta[7,1]                    True:  0.2423 | Est:  0.1745 | 90% CI: [ 0.0810,  0.2634]   
  Exposure 2 (Rest 2, param 1):
    beta[8,2]                    True:  0.1626 | Est:  0.1127 | 90% CI: [ 0.0131,  0.2052]   
  z_gamma[2]                     True:   0.471 | Est:  -0.161 (median:  -0.148) | 90% CI: [ -1.502,   1.285] | Rhat: 1.001   
  Exposure 3 (Rest 2, param 1):
    beta[9,2]                    True:  0.1440 | Est:  0.1373 | 90% CI: [ 0.0608,  0.2222]   
  z_gamma[3]                     True:   0.005 | Est:   0.132 (median:   0.126) | 90% CI: [ -1.288,   1.517] | Rhat: 1.000   
  Exposure 4 (Rest 3, param 1):
    beta[10,3]                   True:  0.0045 | Est: -0.0526 | 90% CI: [-0.1435,  0.0371]   
  Exposure 5 (Rest 4, param 1):
    beta[11,4]                   True:  0.0960 | Est:  0.1162 | 90% CI: [ 0.0386,  0.1953]   
  z_gamma[5]                     True:   0.724 | Est:   0.147 (median:   0.131) | 90% CI: [ -1.179,   1.495] | Rhat: 0.999   
  Exposure 6 (Rest 4, param 1):
    beta[12,4]                   True:  0.1291 | Est:  0.0834 | 90% CI: [ 0.0008,  0.1540]   
  z_gamma[6]                     True:   1.553 | Est:  -0.263 (median:  -0.271) | 90% CI: [ -1.565,   1.078] | Rhat: 1.001 **
  Exposure 7 (Rest 5, param 1):
    beta[13,5]                   True:  0.1742 | Est:  0.1511 | 90% CI: [ 0.0718,  0.2324]   
  Exposure 8 (Rest 6, param 1):
    beta[14,6]                   True:  0.0478 | Est:  0.0115 | 90% CI: [-0.0727,  0.0929]   
  Exposure 9 (Rest 7, param 1):
    beta[15,7]                   True:  0.1611 | Est:  0.1736 | 90% CI: [ 0.1052,  0.2463]   
  Exposure 10 (Rest 8, param 1):
    beta[16,8]                   True:  0.1171 | Est:  0.0785 | 90% CI: [-0.0350,  0.1646]   
  z_gamma[10]                    True:  -0.720 | Est:  -0.456 (median:  -0.477) | 90% CI: [ -1.918,   1.007] | Rhat: 1.003   
  Exposure 11 (Rest 8, param 1):
    beta[17,8]                   True:  0.1572 | Est:  0.1521 | 90% CI: [ 0.0733,  0.2507]   
  z_gamma[11]                    True:   0.282 | Est:   0.386 (median:   0.383) | 90% CI: [ -1.009,   1.800] | Rhat: 1.000   
  Exposure 12 (Rest 9, param 1):
    beta[18,9]                   True:  0.2982 | Est:  0.2409 | 90% CI: [ 0.1610,  0.3213]   
  Exposure 13 (Rest 10, param 1):
    beta[19,10]                  True:  0.2211 | Est:  0.2562 | 90% CI: [ 0.1521,  0.3464]   
  z_gamma[13]                    True:  -0.445 | Est:   0.238 (median:   0.215) | 90% CI: [ -1.275,   1.811] | Rhat: 0.999   
  Exposure 14 (Rest 10, param 1):
    beta[20,10]                  True:  0.2935 | Est:  0.2800 | 90% CI: [ 0.1952,  0.3882]   
  z_gamma[14]                    True:   1.365 | Est:   0.457 (median:   0.448) | 90% CI: [ -1.188,   2.088] | Rhat: 0.999   
  Exposure 15 (Rest 11, param 1):
    beta[21,11]                  True:  0.1091 | Est:  0.0761 | 90% CI: [ 0.0079,  0.1428]   
  Exposure 16 (Rest 12, param 1):
    beta[22,12]                  True:  0.1065 | Est:  0.1282 | 90% CI: [ 0.0462,  0.2041]   

=== STEP 8: Model Diagnostics ===

[Sampling Diagnostics]
================================================================================ 
  Divergences: 0
  Max treedepth hits: 0
  Max Rhat: 1.009
  Parameters with Rhat > 1.01: 0
  Parameters with Rhat > 1.05: 0
  Parameters with Rhat > 1.10: 0
  Min ESS bulk: 305
  Min ESS tail: 395
  Median ESS bulk: 1926
  Median ESS tail: 1430

Worst Rhat parameters (top 10):
  log_lik[768]                   Rhat: 1.0089, ESS_bulk: 2390, ESS_tail: 1417
  log_lik[3148]                  Rhat: 1.0088, ESS_bulk: 1645, ESS_tail: 1234
  nu[768]                        Rhat: 1.0087, ESS_bulk: 2413, ESS_tail: 1413
  log_lik[621]                   Rhat: 1.0087, ESS_bulk: 1693, ESS_tail: 1352
  lambda[768]                    Rhat: 1.0087, ESS_bulk: 2413, ESS_tail: 1413
  nu[621]                        Rhat: 1.0085, ESS_bulk: 1705, ESS_tail: 1353
  lambda[621]                    Rhat: 1.0085, ESS_bulk: 1705, ESS_tail: 1353
  z_beta_random[1,3]             Rhat: 1.0082, ESS_bulk: 3454, ESS_tail: 1223
  y_rep[2577]                    Rhat: 1.0082, ESS_bulk: 1404, ESS_tail: 1293
  y_rep[2556]                    Rhat: 1.0077, ESS_bulk: 1595, ESS_tail: 1388

=== STEP 9: Coverage Analysis ===

Exposure parameter 90% CI coverage: 100.0% (3 params, expected ~90%)
Nuisance parameter 90% CI coverage: 83.3% (6 params, expected ~90%)
INGARCH global parameter 90% CI coverage: 92.9% (14 params, expected ~90%)
Predictor parameter 90% CI coverage: 75.0% (8 params, expected ~90%)
Restaurant-level 90% CI coverage: 87.5% (24 params, expected ~90%)

Overall global parameter 90% CI coverage: 87.1% (31 params, expected ~90%)

=== STEP 10: Saving Results ===

Results saved to: /home/nuttidalab/Documents/Jared/Other/testing/model_simulations/simulate_total_results.rds

=== Simulation Complete ===

Key findings summary:
  - mu_gamma[1] (exposure effect): true = 0.150 [rate ratio = 1.162], check 90% CI above
  - Total data points: 4800 (train) + 240 (test) = 5040
  - Predictors: 3 random + 2 fixed + 16 exposures = 21 total (+ intercept)
  - INGARCH lags: p_effective = 12, q_effective = 0
  - Divergences: 0
  - Max Rhat: 1.009
  - Overall global 90% coverage: 87.1%
