- The project is out-of-sync -- use `renv::status()` for details.
── Attaching core tidyverse packages ──────────────────────── tidyverse 2.0.0 ──
✔ dplyr     1.1.4     ✔ readr     2.1.5
✔ forcats   1.0.0     ✔ stringr   1.5.1
✔ ggplot2   3.5.1     ✔ tibble    3.2.1
✔ lubridate 1.9.4     ✔ tidyr     1.3.1
✔ purrr     1.0.4     
[conflicted] Will prefer dplyr::select over any other package.
[conflicted] Will prefer dplyr::filter over any other package.
[conflicted] Will prefer lubridate::year over any other package.
[conflicted] Will prefer lubridate::month over any other package.
[conflicted] Will prefer purrr::map over any other package.
[conflicted] Will prefer stats::sd over any other package.
[conflicted] Will prefer base::match over any other package.
This is cmdstanr version 0.9.0
- CmdStanR documentation and vignettes: mc-stan.org/cmdstanr
- CmdStan path: /home/nuttidalab/.cmdstan/cmdstan-2.36.0
- CmdStan version: 2.36.0

A newer version of CmdStan is available. See ?install_cmdstan() to install it.
To disable this check set option or environment variable cmdstanr_no_ver_check=TRUE.
=== STEP 1: Setting True Parameter Values ===

True parameters:
  mu_gamma (global exposure effect, log scale): 0.150  [rate ratio = 1.162]
  sigma_gamma_between: 0.080
  sigma_gamma_within: 0.040
  mu_beta_intercept: 3.500 (baseline count ~ 33.1)
  sigma_beta_intercept: 0.300
  mu_phi_log: 1.609 (phi ~ 5.0)
  sigma_phi_log: 0.200
  mu_pi_logit: -2.944 (pi ~ 0.050)
  sigma_pi_logit: 0.200

True random predictor effects (mu_beta_random):
  k=1 (price): mu=0.0500, sigma=0.0300
  k=2 (weekend): mu=0.1000, sigma=0.0500
  k=3 (season): mu=0.0200, sigma=0.0100

True fixed predictor effects (mu_beta_fixed):
  k=1 (temp): mu=-0.0200
  k=2 (precip): mu=-0.0100

True INGARCH alpha (raw scale):
  mu_alpha_random_raw: 0.200, 0.100
  sigma_alpha_random: 0.080, 0.050
  mu_alpha_fixed_raw: all 0.000 (10 values)

True INGARCH delta (raw scale):
  mu_delta_random_raw: 0.150, 0.080
  sigma_delta_random: 0.060, 0.040
  mu_delta_fixed_raw: all 0.000 (10 values)

INGARCH stability check:
  alpha_1 = tanh(0.200/2) = 0.0997
  alpha_7 = tanh(0.100/2) = 0.0500
  delta_1 = tanh(0.150/2) = 0.0749
  delta_7 = tanh(0.080/2) = 0.0400
  Sum of active INGARCH coefficients: 0.2645 (must be << 1 for stability)

Restaurant configuration:
  R1 (R1): 400 train, 20 test, 1 exposure(s)
  R2 (R2): 400 train, 20 test, 2 exposure(s)
  R3 (R3): 400 train, 20 test, 1 exposure(s)
  R4 (R4): 400 train, 20 test, 2 exposure(s)
  R5 (R5): 400 train, 20 test, 1 exposure(s)
  R6 (R6): 400 train, 20 test, 1 exposure(s)
  R7 (R7): 400 train, 20 test, 1 exposure(s)
  R8 (R8): 400 train, 20 test, 2 exposure(s)
  R9 (R9): 400 train, 20 test, 1 exposure(s)
  R10 (R10): 400 train, 20 test, 2 exposure(s)
  R11 (R11): 400 train, 20 test, 1 exposure(s)
  R12 (R12): 400 train, 20 test, 1 exposure(s)

Total exposures: K_exposure = 16

=== STEP 2: Generating Hierarchical Parameters ===

Restaurant-level intercepts:
  Restaurant 1: beta_intercept = 3.402
  Restaurant 2: beta_intercept = 3.666
  Restaurant 3: beta_intercept = 3.298
  Restaurant 4: beta_intercept = 3.564
  Restaurant 5: beta_intercept = 3.593
  Restaurant 6: beta_intercept = 3.852
  Restaurant 7: beta_intercept = 3.686
  Restaurant 8: beta_intercept = 3.466
  Restaurant 9: beta_intercept = 3.775
  Restaurant 10: beta_intercept = 3.433
  Restaurant 11: beta_intercept = 3.658
  Restaurant 12: beta_intercept = 3.262

Restaurant-level dispersion and zero-inflation:
  Restaurant 1: phi = 4.718, pi = 0.0476
  Restaurant 2: phi = 3.716, pi = 0.0382
  Restaurant 3: phi = 3.972, pi = 0.0442
  Restaurant 4: phi = 4.733, pi = 0.0511
  Restaurant 5: phi = 5.613, pi = 0.0542
  Restaurant 6: phi = 3.781, pi = 0.0538
  Restaurant 7: phi = 5.808, pi = 0.0439
  Restaurant 8: phi = 4.052, pi = 0.0514
  Restaurant 9: phi = 5.168, pi = 0.0495
  Restaurant 10: phi = 6.268, pi = 0.0493
  Restaurant 11: phi = 6.323, pi = 0.0665
  Restaurant 12: phi = 4.590, pi = 0.0678

Alpha (transformed) for each restaurant (first 4 lags shown):
  Restaurant 1: 0.1103, 0.0000, 0.0000, 0.0000 ...
  Restaurant 2: 0.1832, 0.0000, 0.0000, 0.0000 ...
  Restaurant 3: 0.1291, 0.0000, 0.0000, 0.0000 ...
  Restaurant 4: 0.1031, 0.0000, 0.0000, 0.0000 ...
  Restaurant 5: 0.0812, 0.0000, 0.0000, 0.0000 ...
  Restaurant 6: 0.0771, 0.0000, 0.0000, 0.0000 ...
  Restaurant 7: 0.0934, 0.0000, 0.0000, 0.0000 ...
  Restaurant 8: 0.1300, 0.0000, 0.0000, 0.0000 ...
  Restaurant 9: 0.0746, 0.0000, 0.0000, 0.0000 ...
  Restaurant 10: 0.0762, 0.0000, 0.0000, 0.0000 ...
  Restaurant 11: 0.0734, 0.0000, 0.0000, 0.0000 ...
  Restaurant 12: 0.0193, 0.0000, 0.0000, 0.0000 ...

Delta (transformed) for each restaurant (first 4 lags shown):
  Restaurant 1: 0.0878, 0.0000, 0.0000, 0.0000 ...
  Restaurant 2: 0.0523, 0.0000, 0.0000, 0.0000 ...
  Restaurant 3: 0.1243, 0.0000, 0.0000, 0.0000 ...
  Restaurant 4: 0.0515, 0.0000, 0.0000, 0.0000 ...
  Restaurant 5: 0.0706, 0.0000, 0.0000, 0.0000 ...
  Restaurant 6: 0.1032, 0.0000, 0.0000, 0.0000 ...
  Restaurant 7: 0.1278, 0.0000, 0.0000, 0.0000 ...
  Restaurant 8: 0.1192, 0.0000, 0.0000, 0.0000 ...
  Restaurant 9: 0.0477, 0.0000, 0.0000, 0.0000 ...
  Restaurant 10: 0.0326, 0.0000, 0.0000, 0.0000 ...
  Restaurant 11: 0.0948, 0.0000, 0.0000, 0.0000 ...
  Restaurant 12: 0.0888, 0.0000, 0.0000, 0.0000 ...

Exposure-to-restaurant mapping and gamma values:
  Exposure 1 -> Restaurant 1 (R1), param 1: gamma = 0.2423
  Exposure 2 -> Restaurant 2 (R2), param 1: gamma = 0.1626
  Exposure 3 -> Restaurant 2 (R2), param 1: gamma = 0.1440
  Exposure 4 -> Restaurant 3 (R3), param 1: gamma = 0.0045
  Exposure 5 -> Restaurant 4 (R4), param 1: gamma = 0.0960
  Exposure 6 -> Restaurant 4 (R4), param 1: gamma = 0.1291
  Exposure 7 -> Restaurant 5 (R5), param 1: gamma = 0.1742
  Exposure 8 -> Restaurant 6 (R6), param 1: gamma = 0.0478
  Exposure 9 -> Restaurant 7 (R7), param 1: gamma = 0.1611
  Exposure 10 -> Restaurant 8 (R8), param 1: gamma = 0.1171
  Exposure 11 -> Restaurant 8 (R8), param 1: gamma = 0.1572
  Exposure 12 -> Restaurant 9 (R9), param 1: gamma = 0.2982
  Exposure 13 -> Restaurant 10 (R10), param 1: gamma = 0.2211
  Exposure 14 -> Restaurant 10 (R10), param 1: gamma = 0.2935
  Exposure 15 -> Restaurant 11 (R11), param 1: gamma = 0.1091
  Exposure 16 -> Restaurant 12 (R12), param 1: gamma = 0.1065

Eta (restaurant-level exposure means):
  Restaurant 1: eta = 0.2423
  Restaurant 2: eta = 0.1438
  Restaurant 3: eta = 0.0045
  Restaurant 4: eta = 0.0670
  Restaurant 5: eta = 0.1742
  Restaurant 6: eta = 0.0478
  Restaurant 7: eta = 0.1611
  Restaurant 8: eta = 0.1459
  Restaurant 9: eta = 0.2982
  Restaurant 10: eta = 0.2389
  Restaurant 11: eta = 0.1091
  Restaurant 12: eta = 0.1065

=== STEP 3: Generating Design Matrix ===

Design matrix column layout (J = 22):
  idx_intercept: 1
  idx_beta_random: 2, 3, 4 (price, weekend, season)
  idx_beta_fixed: 5, 6 (temp, precip)
  idx_exposure: 7, 8, 9, 10, 11, 12, 13, 14, 15, 16, 17, 18, 19, 20, 21, 22

Intervention times (randomly generated):
  Exposure 1 (Restaurant 1): t = 283 (71% of 400 training obs)
  Exposure 2 (Restaurant 2): t = 85 (21% of 400 training obs)
  Exposure 3 (Restaurant 2): t = 280 (70% of 400 training obs)
  Exposure 4 (Restaurant 3): t = 209 (52% of 400 training obs)
  Exposure 5 (Restaurant 4): t = 236 (59% of 400 training obs)
  Exposure 6 (Restaurant 4): t = 237 (59% of 400 training obs)
  Exposure 7 (Restaurant 5): t = 223 (56% of 400 training obs)
  Exposure 8 (Restaurant 6): t = 224 (56% of 400 training obs)
  Exposure 9 (Restaurant 7): t = 273 (68% of 400 training obs)
  Exposure 10 (Restaurant 8): t = 268 (67% of 400 training obs)
  Exposure 11 (Restaurant 8): t = 235 (59% of 400 training obs)
  Exposure 12 (Restaurant 9): t = 119 (30% of 400 training obs)
  Exposure 13 (Restaurant 10): t = 315 (79% of 400 training obs)
  Exposure 14 (Restaurant 10): t = 235 (59% of 400 training obs)
  Exposure 15 (Restaurant 11): t = 182 (46% of 400 training obs)
  Exposure 16 (Restaurant 12): t = 245 (61% of 400 training obs)

Design matrix dimensions:
  J (total predictors): 22 (1 intercept + 3 random + 2 fixed + 16 exposures)
  N_train: 4800
  N_test: 240

=== STEP 4: Simulating Outcomes (INGARCH Process) ===

Beta matrix [J, R] constructed.
  Restaurant 1: intercept=3.402, price=0.0928, weekend=0.0267, season=0.0176, temp=-0.0200, precip=-0.0100
  Restaurant 2: intercept=3.666, price=0.0442, weekend=0.0575, season=0.0206, temp=-0.0200, precip=-0.0100
  Restaurant 3: intercept=3.298, price=0.0255, weekend=-0.0025, season=0.0184, temp=-0.0200, precip=-0.0100
  Restaurant 4: intercept=3.564, price=0.0713, weekend=0.0866, season=0.0054, temp=-0.0200, precip=-0.0100
  Restaurant 5: intercept=3.593, price=0.0723, weekend=0.0295, season=0.0247, temp=-0.0200, precip=-0.0100
  Restaurant 6: intercept=3.852, price=0.0464, weekend=0.1234, season=0.0250, temp=-0.0200, precip=-0.0100
  Restaurant 7: intercept=3.686, price=0.0768, weekend=0.1140, season=0.0301, temp=-0.0200, precip=-0.0100
  Restaurant 8: intercept=3.466, price=-0.0122, weekend=0.1595, season=0.0128, temp=-0.0200, precip=-0.0100
  Restaurant 9: intercept=3.775, price=0.0550, weekend=0.1460, season=0.0033, temp=-0.0200, precip=-0.0100
  Restaurant 10: intercept=3.433, price=0.0635, weekend=0.1241, season=0.0276, temp=-0.0200, precip=-0.0100
  Restaurant 11: intercept=3.658, price=-0.0196, weekend=0.0770, season=0.0089, temp=-0.0200, precip=-0.0100
  Restaurant 12: intercept=3.262, price=0.0621, weekend=0.1284, season=0.0129, temp=-0.0200, precip=-0.0100

Simulating training data (sequential INGARCH)...
  Restaurant 1: 400 obs simulated, mean=93.09, zeros=5.5%, max=301
  Restaurant 2: 400 obs simulated, mean=321.13, zeros=3.2%, max=1532
  Restaurant 3: 400 obs simulated, mean=105.99, zeros=4.0%, max=331
  Restaurant 4: 400 obs simulated, mean=94.25, zeros=2.2%, max=284
  Restaurant 5: 400 obs simulated, mean=115.42, zeros=8.0%, max=329
  Restaurant 6: 400 obs simulated, mean=137.24, zeros=6.8%, max=540
  Restaurant 7: 400 obs simulated, mean=403.45, zeros=3.8%, max=1449
  Restaurant 8: 400 obs simulated, mean=172.97, zeros=3.5%, max=622
  Restaurant 9: 400 obs simulated, mean=135.22, zeros=3.8%, max=425
  Restaurant 10: 400 obs simulated, mean=110.62, zeros=4.5%, max=421
  Restaurant 11: 400 obs simulated, mean=115.55, zeros=7.0%, max=323
  Restaurant 12: 400 obs simulated, mean=50.02, zeros=7.8%, max=218

Simulating test data (sequential INGARCH with training data for early lags)...
  Restaurant 1: 20 test obs simulated, mean=93.20, zeros=10.0%
  Restaurant 2: 20 test obs simulated, mean=447.95, zeros=0.0%
  Restaurant 3: 20 test obs simulated, mean=86.85, zeros=10.0%
  Restaurant 4: 20 test obs simulated, mean=122.25, zeros=5.0%
  Restaurant 5: 20 test obs simulated, mean=128.90, zeros=5.0%
  Restaurant 6: 20 test obs simulated, mean=156.95, zeros=5.0%
  Restaurant 7: 20 test obs simulated, mean=609.30, zeros=0.0%
  Restaurant 8: 20 test obs simulated, mean=173.00, zeros=5.0%
  Restaurant 9: 20 test obs simulated, mean=148.05, zeros=0.0%
  Restaurant 10: 20 test obs simulated, mean=134.55, zeros=0.0%
  Restaurant 11: 20 test obs simulated, mean=151.25, zeros=10.0%
  Restaurant 12: 20 test obs simulated, mean=66.45, zeros=10.0%

Overall simulated outcome summary (training data):
  Total observations: 4800
  Zeros: 240 (5.0%)
  Mean: 154.58, Median: 115, Max: 1532

Overall simulated outcome summary (test data):
  Total observations: 240
  Zeros: 12 (5.0%)
  Mean: 193.22, Median: 136, Max: 1087

=== STEP 5: Preparing Stan Data List ===

Stan data list created successfully.
  R: 12, J: 22, M: 1
  K_exposure: 16, K_beta_random: 3, K_beta_fixed: 2
  p_effective: 12, q_effective: 12
  K_alpha_random: 2, K_alpha_fixed: 10
  K_delta_random: 2, K_delta_fixed: 10
  N_train: 4800, N_test: 240
  N_zeros (simulated): 240 (5.0%)

Exposure-to-restaurant mapping:
  Exposure 1 -> Restaurant 1 (R1), param 1
  Exposure 2 -> Restaurant 2 (R2), param 1
  Exposure 3 -> Restaurant 2 (R2), param 1
  Exposure 4 -> Restaurant 3 (R3), param 1
  Exposure 5 -> Restaurant 4 (R4), param 1
  Exposure 6 -> Restaurant 4 (R4), param 1
  Exposure 7 -> Restaurant 5 (R5), param 1
  Exposure 8 -> Restaurant 6 (R6), param 1
  Exposure 9 -> Restaurant 7 (R7), param 1
  Exposure 10 -> Restaurant 8 (R8), param 1
  Exposure 11 -> Restaurant 8 (R8), param 1
  Exposure 12 -> Restaurant 9 (R9), param 1
  Exposure 13 -> Restaurant 10 (R10), param 1
  Exposure 14 -> Restaurant 10 (R10), param 1
  Exposure 15 -> Restaurant 11 (R11), param 1
  Exposure 16 -> Restaurant 12 (R12), param 1

=== STEP 6: Fitting the Stan Model ===

Compiling model from: /home/nuttidalab/Documents/Jared/Other/testing/models/model_multilevel_transfer_zi.stan
Starting MCMC sampling...
Using synthetic data with INGARCH lags + simple covariates...

Running MCMC with 2 parallel chains...

Chain 1 Informational Message: The current Metropolis proposal is about to be rejected because of the following issue:
Chain 1 Exception: neg_binomial_2_lpmf: Location parameter[1] is -nan, but must be positive finite! (in '/tmp/RtmptGIqA8/model-2b0edd2d36776a.stan', line 478, column 2 to column 59)
Chain 1 If this warning occurs sporadically, such as for highly constrained variable types like covariance matrices, then the sampler is fine,
Chain 1 but if this warning occurs often then your model may be either severely ill-conditioned or misspecified.
Chain 1 
Chain 1 Informational Message: The current Metropolis proposal is about to be rejected because of the following issue:
Chain 1 Exception: neg_binomial_2_lpmf: Location parameter[1] is -nan, but must be positive finite! (in '/tmp/RtmptGIqA8/model-2b0edd2d36776a.stan', line 478, column 2 to column 59)
Chain 1 If this warning occurs sporadically, such as for highly constrained variable types like covariance matrices, then the sampler is fine,
Chain 1 but if this warning occurs often then your model may be either severely ill-conditioned or misspecified.
Chain 1 
Chain 2 Iteration:    1 / 1500 [  0%]  (Warmup) 
Chain 2 Informational Message: The current Metropolis proposal is about to be rejected because of the following issue:
Chain 2 Exception: neg_binomial_2_lpmf: Location parameter[1] is inf, but must be positive finite! (in '/tmp/RtmptGIqA8/model-2b0edd2d36776a.stan', line 478, column 2 to column 59)
Chain 2 If this warning occurs sporadically, such as for highly constrained variable types like covariance matrices, then the sampler is fine,
Chain 2 but if this warning occurs often then your model may be either severely ill-conditioned or misspecified.
Chain 2 
Chain 2 Informational Message: The current Metropolis proposal is about to be rejected because of the following issue:
Chain 2 Exception: neg_binomial_2_lpmf: Location parameter[1] is inf, but must be positive finite! (in '/tmp/RtmptGIqA8/model-2b0edd2d36776a.stan', line 478, column 2 to column 59)
Chain 2 If this warning occurs sporadically, such as for highly constrained variable types like covariance matrices, then the sampler is fine,
Chain 2 but if this warning occurs often then your model may be either severely ill-conditioned or misspecified.
Chain 2 
Chain 2 Informational Message: The current Metropolis proposal is about to be rejected because of the following issue:
Chain 2 Exception: neg_binomial_2_lpmf: Location parameter[1] is inf, but must be positive finite! (in '/tmp/RtmptGIqA8/model-2b0edd2d36776a.stan', line 478, column 2 to column 59)
Chain 2 If this warning occurs sporadically, such as for highly constrained variable types like covariance matrices, then the sampler is fine,
Chain 2 but if this warning occurs often then your model may be either severely ill-conditioned or misspecified.
Chain 2 
Chain 2 Informational Message: The current Metropolis proposal is about to be rejected because of the following issue:
Chain 2 Exception: neg_binomial_2_lpmf: Location parameter[1] is inf, but must be positive finite! (in '/tmp/RtmptGIqA8/model-2b0edd2d36776a.stan', line 478, column 2 to column 59)
Chain 2 If this warning occurs sporadically, such as for highly constrained variable types like covariance matrices, then the sampler is fine,
Chain 2 but if this warning occurs often then your model may be either severely ill-conditioned or misspecified.
Chain 2 
Chain 2 Informational Message: The current Metropolis proposal is about to be rejected because of the following issue:
Chain 2 Exception: neg_binomial_2_lpmf: Location parameter[1] is inf, but must be positive finite! (in '/tmp/RtmptGIqA8/model-2b0edd2d36776a.stan', line 478, column 2 to column 59)
Chain 2 If this warning occurs sporadically, such as for highly constrained variable types like covariance matrices, then the sampler is fine,
Chain 2 but if this warning occurs often then your model may be either severely ill-conditioned or misspecified.
Chain 2 
Chain 2 Informational Message: The current Metropolis proposal is about to be rejected because of the following issue:
Chain 2 Exception: neg_binomial_2_lpmf: Location parameter[1] is inf, but must be positive finite! (in '/tmp/RtmptGIqA8/model-2b0edd2d36776a.stan', line 478, column 2 to column 59)
Chain 2 If this warning occurs sporadically, such as for highly constrained variable types like covariance matrices, then the sampler is fine,
Chain 2 but if this warning occurs often then your model may be either severely ill-conditioned or misspecified.
Chain 2 
Chain 2 Informational Message: The current Metropolis proposal is about to be rejected because of the following issue:
Chain 2 Exception: neg_binomial_2_lpmf: Location parameter[1] is inf, but must be positive finite! (in '/tmp/RtmptGIqA8/model-2b0edd2d36776a.stan', line 478, column 2 to column 59)
Chain 2 If this warning occurs sporadically, such as for highly constrained variable types like covariance matrices, then the sampler is fine,
Chain 2 but if this warning occurs often then your model may be either severely ill-conditioned or misspecified.
Chain 2 
Chain 2 Informational Message: The current Metropolis proposal is about to be rejected because of the following issue:
Chain 2 Exception: neg_binomial_2_lpmf: Location parameter[1] is inf, but must be positive finite! (in '/tmp/RtmptGIqA8/model-2b0edd2d36776a.stan', line 478, column 2 to column 59)
Chain 2 If this warning occurs sporadically, such as for highly constrained variable types like covariance matrices, then the sampler is fine,
Chain 2 but if this warning occurs often then your model may be either severely ill-conditioned or misspecified.
Chain 2 
Chain 2 Informational Message: The current Metropolis proposal is about to be rejected because of the following issue:
Chain 2 Exception: neg_binomial_2_lpmf: Location parameter[7] is inf, but must be positive finite! (in '/tmp/RtmptGIqA8/model-2b0edd2d36776a.stan', line 478, column 2 to column 59)
Chain 2 If this warning occurs sporadically, such as for highly constrained variable types like covariance matrices, then the sampler is fine,
Chain 2 but if this warning occurs often then your model may be either severely ill-conditioned or misspecified.
Chain 2 
Chain 2 Informational Message: The current Metropolis proposal is about to be rejected because of the following issue:
Chain 2 Exception: neg_binomial_2_lpmf: Location parameter[10] is inf, but must be positive finite! (in '/tmp/RtmptGIqA8/model-2b0edd2d36776a.stan', line 478, column 2 to column 59)
Chain 2 If this warning occurs sporadically, such as for highly constrained variable types like covariance matrices, then the sampler is fine,
Chain 2 but if this warning occurs often then your model may be either severely ill-conditioned or misspecified.
Chain 2 
Chain 2 Informational Message: The current Metropolis proposal is about to be rejected because of the following issue:
Chain 2 Exception: neg_binomial_2_lpmf: Location parameter[36] is inf, but must be positive finite! (in '/tmp/RtmptGIqA8/model-2b0edd2d36776a.stan', line 478, column 2 to column 59)
Chain 2 If this warning occurs sporadically, such as for highly constrained variable types like covariance matrices, then the sampler is fine,
Chain 2 but if this warning occurs often then your model may be either severely ill-conditioned or misspecified.
Chain 2 
Chain 2 Informational Message: The current Metropolis proposal is about to be rejected because of the following issue:
Chain 2 Exception: neg_binomial_2_lpmf: Location parameter[1] is inf, but must be positive finite! (in '/tmp/RtmptGIqA8/model-2b0edd2d36776a.stan', line 478, column 2 to column 59)
Chain 2 If this warning occurs sporadically, such as for highly constrained variable types like covariance matrices, then the sampler is fine,
Chain 2 but if this warning occurs often then your model may be either severely ill-conditioned or misspecified.
Chain 2 
Chain 2 Informational Message: The current Metropolis proposal is about to be rejected because of the following issue:
Chain 2 Exception: neg_binomial_2_lpmf: Location parameter[1] is inf, but must be positive finite! (in '/tmp/RtmptGIqA8/model-2b0edd2d36776a.stan', line 478, column 2 to column 59)
Chain 2 If this warning occurs sporadically, such as for highly constrained variable types like covariance matrices, then the sampler is fine,
Chain 2 but if this warning occurs often then your model may be either severely ill-conditioned or misspecified.
Chain 2 
Chain 2 Informational Message: The current Metropolis proposal is about to be rejected because of the following issue:
Chain 2 Exception: neg_binomial_2_lpmf: Location parameter[24] is inf, but must be positive finite! (in '/tmp/RtmptGIqA8/model-2b0edd2d36776a.stan', line 478, column 2 to column 59)
Chain 2 If this warning occurs sporadically, such as for highly constrained variable types like covariance matrices, then the sampler is fine,
Chain 2 but if this warning occurs often then your model may be either severely ill-conditioned or misspecified.
Chain 2 
Chain 2 Informational Message: The current Metropolis proposal is about to be rejected because of the following issue:
Chain 2 Exception: neg_binomial_2_lpmf: Location parameter[137] is 0, but must be positive finite! (in '/tmp/RtmptGIqA8/model-2b0edd2d36776a.stan', line 478, column 2 to column 59)
Chain 2 If this warning occurs sporadically, such as for highly constrained variable types like covariance matrices, then the sampler is fine,
Chain 2 but if this warning occurs often then your model may be either severely ill-conditioned or misspecified.
Chain 2 
Chain 1 Iteration:    1 / 1500 [  0%]  (Warmup) 
Chain 1 Informational Message: The current Metropolis proposal is about to be rejected because of the following issue:
Chain 1 Exception: neg_binomial_2_lpmf: Location parameter[1] is inf, but must be positive finite! (in '/tmp/RtmptGIqA8/model-2b0edd2d36776a.stan', line 478, column 2 to column 59)
Chain 1 If this warning occurs sporadically, such as for highly constrained variable types like covariance matrices, then the sampler is fine,
Chain 1 but if this warning occurs often then your model may be either severely ill-conditioned or misspecified.
Chain 1 
Chain 1 Informational Message: The current Metropolis proposal is about to be rejected because of the following issue:
Chain 1 Exception: neg_binomial_2_lpmf: Location parameter[1] is inf, but must be positive finite! (in '/tmp/RtmptGIqA8/model-2b0edd2d36776a.stan', line 478, column 2 to column 59)
Chain 1 If this warning occurs sporadically, such as for highly constrained variable types like covariance matrices, then the sampler is fine,
Chain 1 but if this warning occurs often then your model may be either severely ill-conditioned or misspecified.
Chain 1 
Chain 1 Informational Message: The current Metropolis proposal is about to be rejected because of the following issue:
Chain 1 Exception: neg_binomial_2_lpmf: Location parameter[1] is inf, but must be positive finite! (in '/tmp/RtmptGIqA8/model-2b0edd2d36776a.stan', line 478, column 2 to column 59)
Chain 1 If this warning occurs sporadically, such as for highly constrained variable types like covariance matrices, then the sampler is fine,
Chain 1 but if this warning occurs often then your model may be either severely ill-conditioned or misspecified.
Chain 1 
Chain 1 Informational Message: The current Metropolis proposal is about to be rejected because of the following issue:
Chain 1 Exception: neg_binomial_2_lpmf: Location parameter[1] is inf, but must be positive finite! (in '/tmp/RtmptGIqA8/model-2b0edd2d36776a.stan', line 478, column 2 to column 59)
Chain 1 If this warning occurs sporadically, such as for highly constrained variable types like covariance matrices, then the sampler is fine,
Chain 1 but if this warning occurs often then your model may be either severely ill-conditioned or misspecified.
Chain 1 
Chain 1 Informational Message: The current Metropolis proposal is about to be rejected because of the following issue:
Chain 1 Exception: neg_binomial_2_lpmf: Location parameter[5] is 0, but must be positive finite! (in '/tmp/RtmptGIqA8/model-2b0edd2d36776a.stan', line 478, column 2 to column 59)
Chain 1 If this warning occurs sporadically, such as for highly constrained variable types like covariance matrices, then the sampler is fine,
Chain 1 but if this warning occurs often then your model may be either severely ill-conditioned or misspecified.
Chain 1 
Chain 1 Informational Message: The current Metropolis proposal is about to be rejected because of the following issue:
Chain 1 Exception: neg_binomial_2_lpmf: Location parameter[53] is 0, but must be positive finite! (in '/tmp/RtmptGIqA8/model-2b0edd2d36776a.stan', line 478, column 2 to column 59)
Chain 1 If this warning occurs sporadically, such as for highly constrained variable types like covariance matrices, then the sampler is fine,
Chain 1 but if this warning occurs often then your model may be either severely ill-conditioned or misspecified.
Chain 1 
Chain 1 Informational Message: The current Metropolis proposal is about to be rejected because of the following issue:
Chain 1 Exception: neg_binomial_2_lpmf: Location parameter[76] is 0, but must be positive finite! (in '/tmp/RtmptGIqA8/model-2b0edd2d36776a.stan', line 478, column 2 to column 59)
Chain 1 If this warning occurs sporadically, such as for highly constrained variable types like covariance matrices, then the sampler is fine,
Chain 1 but if this warning occurs often then your model may be either severely ill-conditioned or misspecified.
Chain 1 
Chain 1 Informational Message: The current Metropolis proposal is about to be rejected because of the following issue:
Chain 1 Exception: neg_binomial_2_lpmf: Location parameter[144] is inf, but must be positive finite! (in '/tmp/RtmptGIqA8/model-2b0edd2d36776a.stan', line 478, column 2 to column 59)
Chain 1 If this warning occurs sporadically, such as for highly constrained variable types like covariance matrices, then the sampler is fine,
Chain 1 but if this warning occurs often then your model may be either severely ill-conditioned or misspecified.
Chain 1 
Chain 1 Informational Message: The current Metropolis proposal is about to be rejected because of the following issue:
Chain 1 Exception: neg_binomial_2_lpmf: Location parameter[1] is -nan, but must be positive finite! (in '/tmp/RtmptGIqA8/model-2b0edd2d36776a.stan', line 478, column 2 to column 59)
Chain 1 If this warning occurs sporadically, such as for highly constrained variable types like covariance matrices, then the sampler is fine,
Chain 1 but if this warning occurs often then your model may be either severely ill-conditioned or misspecified.
Chain 1 
Chain 1 Informational Message: The current Metropolis proposal is about to be rejected because of the following issue:
Chain 1 Exception: neg_binomial_2_lpmf: Location parameter[1] is -nan, but must be positive finite! (in '/tmp/RtmptGIqA8/model-2b0edd2d36776a.stan', line 478, column 2 to column 59)
Chain 1 If this warning occurs sporadically, such as for highly constrained variable types like covariance matrices, then the sampler is fine,
Chain 1 but if this warning occurs often then your model may be either severely ill-conditioned or misspecified.
Chain 1 
Chain 1 Informational Message: The current Metropolis proposal is about to be rejected because of the following issue:
Chain 1 Exception: neg_binomial_2_lpmf: Location parameter[1] is inf, but must be positive finite! (in '/tmp/RtmptGIqA8/model-2b0edd2d36776a.stan', line 478, column 2 to column 59)
Chain 1 If this warning occurs sporadically, such as for highly constrained variable types like covariance matrices, then the sampler is fine,
Chain 1 but if this warning occurs often then your model may be either severely ill-conditioned or misspecified.
Chain 1 
Chain 1 Informational Message: The current Metropolis proposal is about to be rejected because of the following issue:
Chain 1 Exception: neg_binomial_2_lpmf: Location parameter[7] is inf, but must be positive finite! (in '/tmp/RtmptGIqA8/model-2b0edd2d36776a.stan', line 478, column 2 to column 59)
Chain 1 If this warning occurs sporadically, such as for highly constrained variable types like covariance matrices, then the sampler is fine,
Chain 1 but if this warning occurs often then your model may be either severely ill-conditioned or misspecified.
Chain 1 
Chain 1 Iteration:  200 / 1500 [ 13%]  (Warmup) 
Chain 2 Iteration:  200 / 1500 [ 13%]  (Warmup) 
Chain 1 Iteration:  400 / 1500 [ 26%]  (Warmup) 
Chain 2 Iteration:  400 / 1500 [ 26%]  (Warmup) 
Chain 1 Iteration:  600 / 1500 [ 40%]  (Warmup) 
Chain 2 Iteration:  600 / 1500 [ 40%]  (Warmup) 
Chain 1 Iteration:  701 / 1500 [ 46%]  (Sampling) 
Chain 2 Iteration:  701 / 1500 [ 46%]  (Sampling) 
Chain 1 Iteration:  900 / 1500 [ 60%]  (Sampling) 
Chain 2 Iteration:  900 / 1500 [ 60%]  (Sampling) 
Chain 1 Iteration: 1100 / 1500 [ 73%]  (Sampling) 
Chain 2 Iteration: 1100 / 1500 [ 73%]  (Sampling) 
Chain 1 Iteration: 1300 / 1500 [ 86%]  (Sampling) 
Chain 2 Iteration: 1300 / 1500 [ 86%]  (Sampling) 
Chain 1 Iteration: 1500 / 1500 [100%]  (Sampling) 
Chain 1 finished in 4722.6 seconds.
Chain 2 Iteration: 1500 / 1500 [100%]  (Sampling) 
Chain 2 finished in 4821.0 seconds.

Both chains finished successfully.
Mean chain execution time: 4771.8 seconds.
Total execution time: 4821.6 seconds.


Sampling complete.

=== STEP 7: Parameter Recovery Diagnostics ===

Parameter Recovery Results:
================================================================================================================================== 
** indicates true value outside 90% CI

[Global Parameters - Primary Interest (Exposure Effects)]
---------------------------------------------------------------------------------------------------- 
  mu_gamma[1]                    True:   0.150 | Est:   0.156 (median:   0.156) | 90% CI: [  0.092,   0.218] | Rhat: 1.001    [rate ratio = 1.162]
  sigma_gamma_between[1]         True:   0.080 | Est:   0.124 (median:   0.117) | 90% CI: [  0.075,   0.199] | Rhat: 1.001   
  sigma_gamma_within[1]          True:   0.040 | Est:   0.060 (median:   0.045) | 90% CI: [  0.004,   0.168] | Rhat: 0.999   

[Global Parameters - Nuisance]
---------------------------------------------------------------------------------------------------- 
  mu_beta_intercept              True:   3.500 | Est:   3.635 (median:   3.636) | 90% CI: [  3.420,   3.852] | Rhat: 1.002   
  sigma_beta_intercept           True:   0.300 | Est:   0.182 (median:   0.173) | 90% CI: [  0.026,   0.373] | Rhat: 1.003   
  mu_phi_log                     True:   1.609 | Est:   1.550 (median:   1.551) | 90% CI: [  1.436,   1.660] | Rhat: 1.002    [phi ~ 5.0]
  sigma_phi_log                  True:   0.200 | Est:   0.231 (median:   0.221) | 90% CI: [  0.150,   0.352] | Rhat: 1.007   
  mu_pi_logit                    True:  -2.944 | Est:  -2.993 (median:  -2.989) | 90% CI: [ -3.216,  -2.780] | Rhat: 1.000    [pi ~ 0.050]
  sigma_pi_logit                 True:   0.200 | Est:   0.382 (median:   0.366) | 90% CI: [  0.205,   0.606] | Rhat: 1.003 **

[INGARCH Global Parameters (Raw Scale)]
---------------------------------------------------------------------------------------------------- 
  mu_alpha_random_raw[1]         True:   0.200 | Est:   0.176 (median:   0.176) | 90% CI: [  0.128,   0.222] | Rhat: 1.000    [alpha = tanh(0.200/2) = 0.0997]
  mu_alpha_random_raw[2]         True:   0.100 | Est:   0.074 (median:   0.074) | 90% CI: [  0.032,   0.115] | Rhat: 1.000    [alpha = tanh(0.100/2) = 0.0500]
  sigma_alpha_random[1]          True:   0.080 | Est:   0.084 (median:   0.080) | 90% CI: [  0.047,   0.133] | Rhat: 1.002   
  sigma_alpha_random[2]          True:   0.050 | Est:   0.072 (median:   0.068) | 90% CI: [  0.039,   0.116] | Rhat: 1.001   
  mu_alpha_fixed_raw[1]          True:   0.000 | Est:   0.003 (median:   0.003) | 90% CI: [ -0.021,   0.025] | Rhat: 1.001   
  mu_alpha_fixed_raw[2]          True:   0.000 | Est:  -0.004 (median:  -0.004) | 90% CI: [ -0.027,   0.018] | Rhat: 1.001   
  mu_alpha_fixed_raw[3]          True:   0.000 | Est:   0.016 (median:   0.016) | 90% CI: [ -0.007,   0.038] | Rhat: 1.001   
  mu_alpha_fixed_raw[4]          True:   0.000 | Est:  -0.001 (median:  -0.000) | 90% CI: [ -0.026,   0.022] | Rhat: 1.003   
  mu_alpha_fixed_raw[5]          True:   0.000 | Est:   0.013 (median:   0.013) | 90% CI: [ -0.010,   0.035] | Rhat: 1.002   
  mu_alpha_fixed_raw[6]          True:   0.000 | Est:   0.006 (median:   0.006) | 90% CI: [ -0.014,   0.025] | Rhat: 1.003   
  mu_alpha_fixed_raw[7]          True:   0.000 | Est:   0.003 (median:   0.003) | 90% CI: [ -0.018,   0.024] | Rhat: 0.999   
  mu_alpha_fixed_raw[8]          True:   0.000 | Est:  -0.022 (median:  -0.022) | 90% CI: [ -0.042,  -0.001] | Rhat: 1.001 **
  mu_alpha_fixed_raw[9]          True:   0.000 | Est:   0.007 (median:   0.007) | 90% CI: [ -0.014,   0.027] | Rhat: 1.002   
  mu_alpha_fixed_raw[10]         True:   0.000 | Est:   0.000 (median:   0.000) | 90% CI: [ -0.020,   0.020] | Rhat: 1.003   
  mu_delta_random_raw[1]         True:   0.150 | Est:   0.101 (median:   0.097) | 90% CI: [ -0.045,   0.252] | Rhat: 1.001    [delta = tanh(0.150/2) = 0.0749]
  mu_delta_random_raw[2]         True:   0.080 | Est:   0.076 (median:   0.078) | 90% CI: [ -0.049,   0.193] | Rhat: 1.000    [delta = tanh(0.080/2) = 0.0400]
  sigma_delta_random[1]          True:   0.060 | Est:   0.082 (median:   0.078) | 90% CI: [  0.011,   0.171] | Rhat: 1.001   
  sigma_delta_random[2]          True:   0.040 | Est:   0.095 (median:   0.090) | 90% CI: [  0.039,   0.168] | Rhat: 1.000   
  mu_delta_fixed_raw[1]          True:   0.000 | Est:   0.069 (median:   0.070) | 90% CI: [ -0.064,   0.204] | Rhat: 1.002   
  mu_delta_fixed_raw[2]          True:   0.000 | Est:   0.000 (median:  -0.000) | 90% CI: [ -0.126,   0.136] | Rhat: 1.000   
  mu_delta_fixed_raw[3]          True:   0.000 | Est:  -0.137 (median:  -0.139) | 90% CI: [ -0.278,   0.012] | Rhat: 1.001   
  mu_delta_fixed_raw[4]          True:   0.000 | Est:   0.049 (median:   0.051) | 90% CI: [ -0.112,   0.214] | Rhat: 1.003   
  mu_delta_fixed_raw[5]          True:   0.000 | Est:   0.040 (median:   0.036) | 90% CI: [ -0.129,   0.218] | Rhat: 1.001   
  mu_delta_fixed_raw[6]          True:   0.000 | Est:   0.024 (median:   0.024) | 90% CI: [ -0.036,   0.080] | Rhat: 1.004   
  mu_delta_fixed_raw[7]          True:   0.000 | Est:  -0.035 (median:  -0.035) | 90% CI: [ -0.094,   0.022] | Rhat: 1.000   
  mu_delta_fixed_raw[8]          True:   0.000 | Est:   0.028 (median:   0.027) | 90% CI: [ -0.026,   0.087] | Rhat: 1.002   
  mu_delta_fixed_raw[9]          True:   0.000 | Est:  -0.007 (median:  -0.006) | 90% CI: [ -0.064,   0.048] | Rhat: 1.002   
  mu_delta_fixed_raw[10]         True:   0.000 | Est:  -0.007 (median:  -0.007) | 90% CI: [ -0.048,   0.033] | Rhat: 1.003   

[Random Predictor Global Parameters]
---------------------------------------------------------------------------------------------------- 
  mu_beta_random[1]              True:   0.050 | Est:   0.035 (median:   0.035) | 90% CI: [  0.019,   0.052] | Rhat: 1.002    [price]
  mu_beta_random[2]              True:   0.100 | Est:   0.097 (median:   0.098) | 90% CI: [  0.060,   0.134] | Rhat: 1.006    [weekend]
  mu_beta_random[3]              True:   0.020 | Est:   0.024 (median:   0.023) | 90% CI: [  0.008,   0.040] | Rhat: 1.000    [season]
  sigma_beta_random[1]           True:   0.030 | Est:   0.025 (median:   0.024) | 90% CI: [  0.005,   0.047] | Rhat: 1.003    [price]
  sigma_beta_random[2]           True:   0.050 | Est:   0.056 (median:   0.054) | 90% CI: [  0.016,   0.103] | Rhat: 1.013    [weekend]
  sigma_beta_random[3]           True:   0.010 | Est:   0.022 (median:   0.021) | 90% CI: [  0.004,   0.042] | Rhat: 1.003    [season]

[Fixed Predictor Global Parameters]
---------------------------------------------------------------------------------------------------- 
  mu_beta_fixed[1]               True:  -0.020 | Est:  -0.009 (median:  -0.009) | 90% CI: [ -0.020,   0.002] | Rhat: 1.001 ** [temp]
  mu_beta_fixed[2]               True:  -0.010 | Est:  -0.009 (median:  -0.009) | 90% CI: [ -0.020,   0.003] | Rhat: 0.999    [precip]

[Restaurant-Level Parameters]
---------------------------------------------------------------------------------------------------- 

  Restaurant 1:
  phi[1]                         True:   4.718 | Est:   4.881 (median:   4.865) | 90% CI: [  4.302,   5.509] | Rhat: 1.000   
  pi[1]                          True:   0.048 | Est:   0.053 (median:   0.053) | 90% CI: [  0.038,   0.070] | Rhat: 1.001   

  Restaurant 2:
  phi[2]                         True:   3.716 | Est:   3.546 (median:   3.545) | 90% CI: [  3.168,   3.935] | Rhat: 1.000   
  pi[2]                          True:   0.038 | Est:   0.038 (median:   0.037) | 90% CI: [  0.026,   0.052] | Rhat: 1.001   

  Restaurant 3:
  phi[3]                         True:   3.972 | Est:   3.975 (median:   3.972) | 90% CI: [  3.545,   4.453] | Rhat: 1.000   
  pi[3]                          True:   0.044 | Est:   0.043 (median:   0.042) | 90% CI: [  0.030,   0.057] | Rhat: 1.000   

  Restaurant 4:
  phi[4]                         True:   4.733 | Est:   4.406 (median:   4.392) | 90% CI: [  3.896,   4.921] | Rhat: 1.006   
  pi[4]                          True:   0.051 | Est:   0.032 (median:   0.031) | 90% CI: [  0.020,   0.045] | Rhat: 1.002 **

  Restaurant 5:
  phi[5]                         True:   5.613 | Est:   5.684 (median:   5.671) | 90% CI: [  5.007,   6.430] | Rhat: 1.002   
  pi[5]                          True:   0.054 | Est:   0.071 (median:   0.070) | 90% CI: [  0.052,   0.092] | Rhat: 1.001   

  Restaurant 6:
  phi[6]                         True:   3.781 | Est:   3.941 (median:   3.934) | 90% CI: [  3.505,   4.402] | Rhat: 1.001   
  pi[6]                          True:   0.054 | Est:   0.062 (median:   0.061) | 90% CI: [  0.046,   0.081] | Rhat: 1.000   

  Restaurant 7:
  phi[7]                         True:   5.808 | Est:   5.879 (median:   5.863) | 90% CI: [  5.256,   6.559] | Rhat: 0.999   
  pi[7]                          True:   0.044 | Est:   0.041 (median:   0.041) | 90% CI: [  0.028,   0.056] | Rhat: 1.000   

  Restaurant 8:
  phi[8]                         True:   4.052 | Est:   4.113 (median:   4.116) | 90% CI: [  3.668,   4.564] | Rhat: 1.002   
  pi[8]                          True:   0.051 | Est:   0.039 (median:   0.039) | 90% CI: [  0.026,   0.054] | Rhat: 0.999   

  Restaurant 9:
  phi[9]                         True:   5.168 | Est:   5.717 (median:   5.712) | 90% CI: [  5.067,   6.410] | Rhat: 1.001   
  pi[9]                          True:   0.049 | Est:   0.041 (median:   0.041) | 90% CI: [  0.028,   0.055] | Rhat: 1.004   

  Restaurant 10:
  phi[10]                        True:   6.268 | Est:   5.345 (median:   5.345) | 90% CI: [  4.713,   6.011] | Rhat: 1.000 **
  pi[10]                         True:   0.049 | Est:   0.046 (median:   0.046) | 90% CI: [  0.033,   0.062] | Rhat: 1.001   

  Restaurant 11:
  phi[11]                        True:   6.323 | Est:   6.437 (median:   6.426) | 90% CI: [  5.651,   7.218] | Rhat: 1.002   
  pi[11]                         True:   0.066 | Est:   0.064 (median:   0.063) | 90% CI: [  0.047,   0.082] | Rhat: 0.999   

  Restaurant 12:
  phi[12]                        True:   4.590 | Est:   4.257 (median:   4.252) | 90% CI: [  3.741,   4.798] | Rhat: 1.000   
  pi[12]                         True:   0.068 | Est:   0.069 (median:   0.069) | 90% CI: [  0.052,   0.089] | Rhat: 1.003   

[Per-Exposure Gamma Values]
---------------------------------------------------------------------------------------------------- 
  Exposure 1 (Rest 1, param 1):
    beta[7,1]                    True:  0.2423 | Est:  0.2709 | 90% CI: [ 0.1944,  0.3527]   
  Exposure 2 (Rest 2, param 1):
    beta[8,2]                    True:  0.1626 | Est:  0.1750 | 90% CI: [ 0.0907,  0.2605]   
  z_gamma[2]                     True:   0.471 | Est:   0.076 (median:   0.073) | 90% CI: [ -1.409,   1.491] | Rhat: 1.003   
  Exposure 3 (Rest 2, param 1):
    beta[9,2]                    True:  0.1440 | Est:  0.1704 | 90% CI: [ 0.1004,  0.2463]   
  z_gamma[3]                     True:   0.005 | Est:  -0.020 (median:  -0.031) | 90% CI: [ -1.467,   1.379] | Rhat: 1.004   
  Exposure 4 (Rest 3, param 1):
    beta[10,3]                   True:  0.0045 | Est:  0.0003 | 90% CI: [-0.0765,  0.0751]   
  Exposure 5 (Rest 4, param 1):
    beta[11,4]                   True:  0.0960 | Est:  0.0972 | 90% CI: [ 0.0028,  0.1804]   
  z_gamma[5]                     True:   0.724 | Est:  -0.129 (median:  -0.143) | 90% CI: [ -1.704,   1.382] | Rhat: 0.999   
  Exposure 6 (Rest 4, param 1):
    beta[12,4]                   True:  0.1291 | Est:  0.1101 | 90% CI: [ 0.0260,  0.2026]   
  z_gamma[6]                     True:   1.553 | Est:  -0.028 (median:  -0.012) | 90% CI: [ -1.586,   1.560] | Rhat: 1.000   
  Exposure 7 (Rest 5, param 1):
    beta[13,5]                   True:  0.1742 | Est:  0.1675 | 90% CI: [ 0.0965,  0.2391]   
  Exposure 8 (Rest 6, param 1):
    beta[14,6]                   True:  0.0478 | Est: -0.0069 | 90% CI: [-0.0807,  0.0691]   
  Exposure 9 (Rest 7, param 1):
    beta[15,7]                   True:  0.1611 | Est:  0.1682 | 90% CI: [ 0.1060,  0.2322]   
  Exposure 10 (Rest 8, param 1):
    beta[16,8]                   True:  0.1171 | Est:  0.0844 | 90% CI: [-0.0131,  0.1539]   
  z_gamma[10]                    True:  -0.720 | Est:  -0.375 (median:  -0.428) | 90% CI: [ -1.779,   1.210] | Rhat: 1.002   
  Exposure 11 (Rest 8, param 1):
    beta[17,8]                   True:  0.1572 | Est:  0.1305 | 90% CI: [ 0.0623,  0.2252]   
  z_gamma[11]                    True:   0.282 | Est:   0.209 (median:   0.227) | 90% CI: [ -1.324,   1.743] | Rhat: 1.001   
  Exposure 12 (Rest 9, param 1):
    beta[18,9]                   True:  0.2982 | Est:  0.3257 | 90% CI: [ 0.2457,  0.4046]   
  Exposure 13 (Rest 10, param 1):
    beta[19,10]                  True:  0.2211 | Est:  0.2751 | 90% CI: [ 0.2002,  0.3459]   
  z_gamma[13]                    True:  -0.445 | Est:   0.065 (median:   0.074) | 90% CI: [ -1.425,   1.544] | Rhat: 1.007   
  Exposure 14 (Rest 10, param 1):
    beta[20,10]                  True:  0.2935 | Est:  0.2947 | 90% CI: [ 0.2264,  0.3702]   
  z_gamma[14]                    True:   1.365 | Est:   0.385 (median:   0.383) | 90% CI: [ -1.190,   1.906] | Rhat: 1.000   
  Exposure 15 (Rest 11, param 1):
    beta[21,11]                  True:  0.1091 | Est:  0.1373 | 90% CI: [ 0.0744,  0.2046]   
  Exposure 16 (Rest 12, param 1):
    beta[22,12]                  True:  0.1065 | Est:  0.1520 | 90% CI: [ 0.0704,  0.2325]   

=== STEP 8: Model Diagnostics ===

[Sampling Diagnostics]
================================================================================ 
  Divergences: 0
  Max treedepth hits: 0
  Max Rhat: 1.014
  Parameters with Rhat > 1.01: 3
  Parameters with Rhat > 1.05: 0
  Parameters with Rhat > 1.10: 0
  Min ESS bulk: 322
  Min ESS tail: 331
  Median ESS bulk: 1829
  Median ESS tail: 1443

Worst Rhat parameters (top 10):
  log_lik[1237]                  Rhat: 1.0136, ESS_bulk: 1820, ESS_tail: 1304
  sigma_beta_random[2]           Rhat: 1.0133, ESS_bulk: 401, ESS_tail: 573
  log_lik[1307]                  Rhat: 1.0100, ESS_bulk: 2592, ESS_tail: 1393
  log_lik[1252]                  Rhat: 1.0094, ESS_bulk: 2749, ESS_tail: 1414
  log_lik[1830]                  Rhat: 1.0094, ESS_bulk: 1806, ESS_tail: 1309
  log_lik[1581]                  Rhat: 1.0091, ESS_bulk: 2609, ESS_tail: 1335
  log_lik[4623]                  Rhat: 1.0091, ESS_bulk: 2040, ESS_tail: 1524
  log_lik[1306]                  Rhat: 1.0090, ESS_bulk: 2389, ESS_tail: 1387
  log_lik[3855]                  Rhat: 1.0086, ESS_bulk: 1952, ESS_tail: 1471
  log_lik[1268]                  Rhat: 1.0085, ESS_bulk: 2483, ESS_tail: 1386

=== STEP 9: Coverage Analysis ===

Exposure parameter 90% CI coverage: 100.0% (3 params, expected ~90%)
Nuisance parameter 90% CI coverage: 83.3% (6 params, expected ~90%)
INGARCH global parameter 90% CI coverage: 96.4% (28 params, expected ~90%)
Predictor parameter 90% CI coverage: 87.5% (8 params, expected ~90%)
Restaurant-level 90% CI coverage: 91.7% (24 params, expected ~90%)

Overall global parameter 90% CI coverage: 93.3% (45 params, expected ~90%)

=== STEP 10: Saving Results ===

Results saved to: /home/nuttidalab/Documents/Jared/Other/testing/model_simulations/simulate_total_results.rds

=== Simulation Complete ===

Key findings summary:
  - mu_gamma[1] (exposure effect): true = 0.150 [rate ratio = 1.162], check 90% CI above
  - Total data points: 4800 (train) + 240 (test) = 5040
  - Predictors: 3 random + 2 fixed + 16 exposures = 21 total (+ intercept)
  - INGARCH lags: p_effective = 12, q_effective = 12
  - Divergences: 0
  - Max Rhat: 1.014
  - Overall global 90% coverage: 93.3%
