- The project is out-of-sync -- use `renv::status()` for details.
── Attaching core tidyverse packages ──────────────────────── tidyverse 2.0.0 ──
✔ dplyr     1.1.4     ✔ readr     2.1.5
✔ forcats   1.0.0     ✔ stringr   1.5.1
✔ ggplot2   3.5.1     ✔ tibble    3.2.1
✔ lubridate 1.9.4     ✔ tidyr     1.3.1
✔ purrr     1.0.4     
[conflicted] Will prefer dplyr::select over any other package.
[conflicted] Will prefer dplyr::filter over any other package.
[conflicted] Will prefer lubridate::year over any other package.
[conflicted] Will prefer lubridate::month over any other package.
[conflicted] Will prefer purrr::map over any other package.
[conflicted] Will prefer stats::sd over any other package.
[conflicted] Will prefer base::match over any other package.
This is cmdstanr version 0.9.0
- CmdStanR documentation and vignettes: mc-stan.org/cmdstanr
- CmdStan path: /home/nuttidalab/.cmdstan/cmdstan-2.36.0
- CmdStan version: 2.36.0

A newer version of CmdStan is available. See ?install_cmdstan() to install it.
To disable this check set option or environment variable cmdstanr_no_ver_check=TRUE.
=== STEP 1: Setting True Parameter Values ===

True parameters:
  mu_gamma (global exposure effect, log scale): 0.150  [rate ratio = 1.162]
  sigma_gamma_between: 0.080
  sigma_gamma_within: 0.040
  mu_beta_intercept: 3.500 (baseline count ~ 33.1)
  sigma_beta_intercept: 0.300
  mu_phi_log: 1.609 (phi ~ 5.0)
  sigma_phi_log: 0.200
  mu_pi_logit: -2.944 (pi ~ 0.050)
  sigma_pi_logit: 0.200

True random predictor effects (mu_beta_random):
  k=1 (price): mu=0.0500, sigma=0.0300
  k=2 (weekend): mu=0.1000, sigma=0.0500
  k=3 (trend): mu=0.0200, sigma=0.0100

True fixed predictor effects (mu_beta_fixed):
  k=1 (temp): mu=-0.0200
  k=2 (precip): mu=-0.0100

True INGARCH alpha (raw scale):
  mu_alpha_random_raw: 0.200, 0.100
  sigma_alpha_random: 0.080, 0.050
  mu_alpha_fixed_raw: all 0.000 (10 values)

True INGARCH delta (raw scale):
  mu_delta_random_raw: 0.150, 0.080
  sigma_delta_random: 0.060, 0.040
  mu_delta_fixed_raw: all 0.000 (10 values)

INGARCH stability check:
  alpha_1 = tanh(0.200/2) = 0.0997
  alpha_7 = tanh(0.100/2) = 0.0500
  delta_1 = tanh(0.150/2) = 0.0749
  delta_7 = tanh(0.080/2) = 0.0400
  Sum of active INGARCH coefficients: 0.2645 (must be << 1 for stability)

Restaurant configuration:
  R1 (R1): 400 train, 20 test, 1 exposure(s)
  R2 (R2): 400 train, 20 test, 2 exposure(s)
  R3 (R3): 400 train, 20 test, 1 exposure(s)
  R4 (R4): 400 train, 20 test, 2 exposure(s)
  R5 (R5): 400 train, 20 test, 1 exposure(s)
  R6 (R6): 400 train, 20 test, 1 exposure(s)

Total exposures: K_exposure = 8

=== STEP 2: Generating Hierarchical Parameters ===

Restaurant-level intercepts:
  Restaurant 1: beta_intercept = 3.911
  Restaurant 2: beta_intercept = 3.331
  Restaurant 3: beta_intercept = 3.609
  Restaurant 4: beta_intercept = 3.690
  Restaurant 5: beta_intercept = 3.621
  Restaurant 6: beta_intercept = 3.468

Restaurant-level dispersion and zero-inflation:
  Restaurant 1: phi = 7.304, pi = 0.0545
  Restaurant 2: phi = 4.588, pi = 0.0571
  Restaurant 3: phi = 4.749, pi = 0.0608
  Restaurant 4: phi = 3.514, pi = 0.0445
  Restaurant 5: phi = 5.482, pi = 0.0550
  Restaurant 6: phi = 4.399, pi = 0.0360

Alpha (transformed) for each restaurant (first 4 lags shown):
  Restaurant 1: 0.1124, 0.0000, 0.0000, 0.0000 ...
  Restaurant 2: 0.1616, 0.0000, 0.0000, 0.0000 ...
  Restaurant 3: 0.1032, 0.0000, 0.0000, 0.0000 ...
  Restaurant 4: 0.1265, 0.0000, 0.0000, 0.0000 ...
  Restaurant 5: -0.0197, 0.0000, 0.0000, 0.0000 ...
  Restaurant 6: 0.0851, 0.0000, 0.0000, 0.0000 ...

Delta (transformed) for each restaurant (first 4 lags shown):
  Restaurant 1: 0.0922, 0.0000, 0.0000, 0.0000 ...
  Restaurant 2: 0.0531, 0.0000, 0.0000, 0.0000 ...
  Restaurant 3: 0.0849, 0.0000, 0.0000, 0.0000 ...
  Restaurant 4: 0.1023, 0.0000, 0.0000, 0.0000 ...
  Restaurant 5: 0.0437, 0.0000, 0.0000, 0.0000 ...
  Restaurant 6: 0.0934, 0.0000, 0.0000, 0.0000 ...

Exposure-to-restaurant mapping and gamma values:
  Exposure 1 -> Restaurant 1 (R1), param 1: gamma = 0.0872
  Exposure 2 -> Restaurant 2 (R2), param 1: gamma = 0.0529
  Exposure 3 -> Restaurant 2 (R2), param 1: gamma = 0.0272
  Exposure 4 -> Restaurant 3 (R3), param 1: gamma = -0.0431
  Exposure 5 -> Restaurant 4 (R4), param 1: gamma = 0.1204
  Exposure 6 -> Restaurant 4 (R4), param 1: gamma = 0.2107
  Exposure 7 -> Restaurant 5 (R5), param 1: gamma = 0.1665
  Exposure 8 -> Restaurant 6 (R6), param 1: gamma = 0.1211

Eta (restaurant-level exposure means):
  Restaurant 1: eta = 0.0872
  Restaurant 2: eta = 0.0819
  Restaurant 3: eta = -0.0431
  Restaurant 4: eta = 0.1529
  Restaurant 5: eta = 0.1665
  Restaurant 6: eta = 0.1211

=== STEP 3: Generating Design Matrix ===

Design matrix column layout (J = 14):
  idx_intercept: 1
  idx_beta_random: 2, 3, 4 (price, weekend, trend)
  idx_beta_fixed: 5, 6 (temp, precip)
  idx_exposure: 7, 8, 9, 10, 11, 12, 13, 14

Intervention times (randomly generated):
  Exposure 1 (Restaurant 1): t = 122 (30% of 400 training obs)
  Exposure 2 (Restaurant 2): t = 121 (30% of 400 training obs)
  Exposure 3 (Restaurant 2): t = 121 (30% of 400 training obs)
  Exposure 4 (Restaurant 3): t = 176 (44% of 400 training obs)
  Exposure 5 (Restaurant 4): t = 264 (66% of 400 training obs)
  Exposure 6 (Restaurant 4): t = 236 (59% of 400 training obs)
  Exposure 7 (Restaurant 5): t = 104 (26% of 400 training obs)
  Exposure 8 (Restaurant 6): t = 194 (48% of 400 training obs)

Design matrix dimensions:
  J (total predictors): 14 (1 intercept + 3 random + 2 fixed + 8 exposures)
  N_train: 2400
  N_test: 120

=== STEP 4: Simulating Outcomes (INGARCH Process) ===

Beta matrix [J, R] constructed.
  Restaurant 1: intercept=3.911, price=0.0953, weekend=0.0953, trend=0.0402, temp=-0.0200, precip=-0.0100
  Restaurant 2: intercept=3.331, price=0.0481, weekend=0.1652, trend=0.0429, temp=-0.0200, precip=-0.0100
  Restaurant 3: intercept=3.609, price=0.0083, weekend=0.0861, trend=0.0187, temp=-0.0200, precip=-0.0100
  Restaurant 4: intercept=3.690, price=0.0691, weekend=0.0858, trend=-0.0066, temp=-0.0200, precip=-0.0100
  Restaurant 5: intercept=3.621, price=-0.0232, weekend=0.1660, trend=0.0169, temp=-0.0200, precip=-0.0100
  Restaurant 6: intercept=3.468, price=-0.0034, weekend=0.0914, trend=0.0321, temp=-0.0200, precip=-0.0100

Simulating training data (sequential INGARCH)...
  Restaurant 1: 400 obs simulated, mean=269.61, zeros=6.5%, max=692
  Restaurant 2: 400 obs simulated, mean=161.99, zeros=5.2%, max=692
  Restaurant 3: 400 obs simulated, mean=153.88, zeros=7.2%, max=439
  Restaurant 4: 400 obs simulated, mean=278.73, zeros=5.2%, max=1104
  Restaurant 5: 400 obs simulated, mean=70.12, zeros=5.5%, max=212
  Restaurant 6: 400 obs simulated, mean=109.40, zeros=5.5%, max=430

Simulating test data (sequential INGARCH with training data for early lags)...
  Restaurant 1: 20 test obs simulated, mean=304.90, zeros=0.0%
  Restaurant 2: 20 test obs simulated, mean=207.95, zeros=0.0%
  Restaurant 3: 20 test obs simulated, mean=151.90, zeros=5.0%
  Restaurant 4: 20 test obs simulated, mean=448.90, zeros=0.0%
  Restaurant 5: 20 test obs simulated, mean=92.20, zeros=10.0%
  Restaurant 6: 20 test obs simulated, mean=119.50, zeros=5.0%

Overall simulated outcome summary (training data):
  Total observations: 2400
  Zeros: 141 (5.9%)
  Mean: 173.95, Median: 141, Max: 1104

Overall simulated outcome summary (test data):
  Total observations: 120
  Zeros: 4 (3.3%)
  Mean: 220.89, Median: 168, Max: 745

=== STEP 5: Preparing Stan Data List ===

Stan data list created successfully.
  R: 6, J: 14, M: 1
  K_exposure: 8, K_beta_random: 3, K_beta_fixed: 2
  p_effective: 12, q_effective: 12
  K_alpha_random: 2, K_alpha_fixed: 10
  K_delta_random: 2, K_delta_fixed: 10
  N_train: 2400, N_test: 120
  N_zeros (simulated): 141 (5.9%)

Exposure-to-restaurant mapping:
  Exposure 1 -> Restaurant 1 (R1), param 1
  Exposure 2 -> Restaurant 2 (R2), param 1
  Exposure 3 -> Restaurant 2 (R2), param 1
  Exposure 4 -> Restaurant 3 (R3), param 1
  Exposure 5 -> Restaurant 4 (R4), param 1
  Exposure 6 -> Restaurant 4 (R4), param 1
  Exposure 7 -> Restaurant 5 (R5), param 1
  Exposure 8 -> Restaurant 6 (R6), param 1

=== STEP 6: Fitting the Stan Model ===

Compiling model from: /home/nuttidalab/Documents/Jared/Other/testing/models/model_multilevel_transfer_opt.stan
Starting MCMC sampling...
Using synthetic data with INGARCH lags + simple covariates...

Running MCMC with 3 parallel chains...

Chain 1 Iteration:    1 / 1500 [  0%]  (Warmup) 
Chain 1 Informational Message: The current Metropolis proposal is about to be rejected because of the following issue:
Chain 1 Exception: neg_binomial_2_lpmf: Location parameter[1] is -nan, but must be positive finite! (in '/tmp/Rtmp09QmnL/model-269dd02304ebf6.stan', line 478, column 2 to column 59)
Chain 1 If this warning occurs sporadically, such as for highly constrained variable types like covariance matrices, then the sampler is fine,
Chain 1 but if this warning occurs often then your model may be either severely ill-conditioned or misspecified.
Chain 1 
Chain 1 Informational Message: The current Metropolis proposal is about to be rejected because of the following issue:
Chain 1 Exception: neg_binomial_2_lpmf: Location parameter[1] is -nan, but must be positive finite! (in '/tmp/Rtmp09QmnL/model-269dd02304ebf6.stan', line 478, column 2 to column 59)
Chain 1 If this warning occurs sporadically, such as for highly constrained variable types like covariance matrices, then the sampler is fine,
Chain 1 but if this warning occurs often then your model may be either severely ill-conditioned or misspecified.
Chain 1 
Chain 1 Informational Message: The current Metropolis proposal is about to be rejected because of the following issue:
Chain 1 Exception: neg_binomial_2_lpmf: Location parameter[1] is -nan, but must be positive finite! (in '/tmp/Rtmp09QmnL/model-269dd02304ebf6.stan', line 478, column 2 to column 59)
Chain 1 If this warning occurs sporadically, such as for highly constrained variable types like covariance matrices, then the sampler is fine,
Chain 1 but if this warning occurs often then your model may be either severely ill-conditioned or misspecified.
Chain 1 
Chain 1 Informational Message: The current Metropolis proposal is about to be rejected because of the following issue:
Chain 1 Exception: neg_binomial_2_lpmf: Location parameter[1] is -nan, but must be positive finite! (in '/tmp/Rtmp09QmnL/model-269dd02304ebf6.stan', line 478, column 2 to column 59)
Chain 1 If this warning occurs sporadically, such as for highly constrained variable types like covariance matrices, then the sampler is fine,
Chain 1 but if this warning occurs often then your model may be either severely ill-conditioned or misspecified.
Chain 1 
Chain 1 Informational Message: The current Metropolis proposal is about to be rejected because of the following issue:
Chain 1 Exception: neg_binomial_2_lpmf: Location parameter[1] is 0, but must be positive finite! (in '/tmp/Rtmp09QmnL/model-269dd02304ebf6.stan', line 478, column 2 to column 59)
Chain 1 If this warning occurs sporadically, such as for highly constrained variable types like covariance matrices, then the sampler is fine,
Chain 1 but if this warning occurs often then your model may be either severely ill-conditioned or misspecified.
Chain 1 
Chain 1 Informational Message: The current Metropolis proposal is about to be rejected because of the following issue:
Chain 1 Exception: neg_binomial_2_lpmf: Location parameter[1] is 0, but must be positive finite! (in '/tmp/Rtmp09QmnL/model-269dd02304ebf6.stan', line 478, column 2 to column 59)
Chain 1 If this warning occurs sporadically, such as for highly constrained variable types like covariance matrices, then the sampler is fine,
Chain 1 but if this warning occurs often then your model may be either severely ill-conditioned or misspecified.
Chain 1 
Chain 1 Informational Message: The current Metropolis proposal is about to be rejected because of the following issue:
Chain 1 Exception: neg_binomial_2_lpmf: Location parameter[1] is 0, but must be positive finite! (in '/tmp/Rtmp09QmnL/model-269dd02304ebf6.stan', line 478, column 2 to column 59)
Chain 1 If this warning occurs sporadically, such as for highly constrained variable types like covariance matrices, then the sampler is fine,
Chain 1 but if this warning occurs often then your model may be either severely ill-conditioned or misspecified.
Chain 1 
Chain 1 Informational Message: The current Metropolis proposal is about to be rejected because of the following issue:
Chain 1 Exception: neg_binomial_2_lpmf: Location parameter[61] is 0, but must be positive finite! (in '/tmp/Rtmp09QmnL/model-269dd02304ebf6.stan', line 478, column 2 to column 59)
Chain 1 If this warning occurs sporadically, such as for highly constrained variable types like covariance matrices, then the sampler is fine,
Chain 1 but if this warning occurs often then your model may be either severely ill-conditioned or misspecified.
Chain 1 
Chain 1 Informational Message: The current Metropolis proposal is about to be rejected because of the following issue:
Chain 1 Exception: neg_binomial_2_lpmf: Location parameter[82] is inf, but must be positive finite! (in '/tmp/Rtmp09QmnL/model-269dd02304ebf6.stan', line 478, column 2 to column 59)
Chain 1 If this warning occurs sporadically, such as for highly constrained variable types like covariance matrices, then the sampler is fine,
Chain 1 but if this warning occurs often then your model may be either severely ill-conditioned or misspecified.
Chain 1 
Chain 1 Informational Message: The current Metropolis proposal is about to be rejected because of the following issue:
Chain 1 Exception: neg_binomial_2_lpmf: Location parameter[104] is 0, but must be positive finite! (in '/tmp/Rtmp09QmnL/model-269dd02304ebf6.stan', line 478, column 2 to column 59)
Chain 1 If this warning occurs sporadically, such as for highly constrained variable types like covariance matrices, then the sampler is fine,
Chain 1 but if this warning occurs often then your model may be either severely ill-conditioned or misspecified.
Chain 1 
Chain 1 Informational Message: The current Metropolis proposal is about to be rejected because of the following issue:
Chain 1 Exception: neg_binomial_2_lpmf: Location parameter[105] is 0, but must be positive finite! (in '/tmp/Rtmp09QmnL/model-269dd02304ebf6.stan', line 478, column 2 to column 59)
Chain 1 If this warning occurs sporadically, such as for highly constrained variable types like covariance matrices, then the sampler is fine,
Chain 1 but if this warning occurs often then your model may be either severely ill-conditioned or misspecified.
Chain 1 
Chain 1 Informational Message: The current Metropolis proposal is about to be rejected because of the following issue:
Chain 1 Exception: neg_binomial_2_lpmf: Location parameter[2290] is inf, but must be positive finite! (in '/tmp/Rtmp09QmnL/model-269dd02304ebf6.stan', line 478, column 2 to column 59)
Chain 1 If this warning occurs sporadically, such as for highly constrained variable types like covariance matrices, then the sampler is fine,
Chain 1 but if this warning occurs often then your model may be either severely ill-conditioned or misspecified.
Chain 1 
Chain 1 Informational Message: The current Metropolis proposal is about to be rejected because of the following issue:
Chain 1 Exception: neg_binomial_2_lpmf: Location parameter[1] is -nan, but must be positive finite! (in '/tmp/Rtmp09QmnL/model-269dd02304ebf6.stan', line 478, column 2 to column 59)
Chain 1 If this warning occurs sporadically, such as for highly constrained variable types like covariance matrices, then the sampler is fine,
Chain 1 but if this warning occurs often then your model may be either severely ill-conditioned or misspecified.
Chain 1 
Chain 1 Informational Message: The current Metropolis proposal is about to be rejected because of the following issue:
Chain 1 Exception: neg_binomial_2_lpmf: Location parameter[1] is -nan, but must be positive finite! (in '/tmp/Rtmp09QmnL/model-269dd02304ebf6.stan', line 478, column 2 to column 59)
Chain 1 If this warning occurs sporadically, such as for highly constrained variable types like covariance matrices, then the sampler is fine,
Chain 1 but if this warning occurs often then your model may be either severely ill-conditioned or misspecified.
Chain 1 
Chain 1 Informational Message: The current Metropolis proposal is about to be rejected because of the following issue:
Chain 1 Exception: neg_binomial_2_lpmf: Location parameter[1] is inf, but must be positive finite! (in '/tmp/Rtmp09QmnL/model-269dd02304ebf6.stan', line 478, column 2 to column 59)
Chain 1 If this warning occurs sporadically, such as for highly constrained variable types like covariance matrices, then the sampler is fine,
Chain 1 but if this warning occurs often then your model may be either severely ill-conditioned or misspecified.
Chain 1 
Chain 1 Informational Message: The current Metropolis proposal is about to be rejected because of the following issue:
Chain 1 Exception: neg_binomial_2_lpmf: Location parameter[84] is 0, but must be positive finite! (in '/tmp/Rtmp09QmnL/model-269dd02304ebf6.stan', line 478, column 2 to column 59)
Chain 1 If this warning occurs sporadically, such as for highly constrained variable types like covariance matrices, then the sampler is fine,
Chain 1 but if this warning occurs often then your model may be either severely ill-conditioned or misspecified.
Chain 1 
Chain 2 Iteration:    1 / 1500 [  0%]  (Warmup) 
Chain 2 Informational Message: The current Metropolis proposal is about to be rejected because of the following issue:
Chain 2 Exception: neg_binomial_2_lpmf: Location parameter[1] is -nan, but must be positive finite! (in '/tmp/Rtmp09QmnL/model-269dd02304ebf6.stan', line 478, column 2 to column 59)
Chain 2 If this warning occurs sporadically, such as for highly constrained variable types like covariance matrices, then the sampler is fine,
Chain 2 but if this warning occurs often then your model may be either severely ill-conditioned or misspecified.
Chain 2 
Chain 2 Informational Message: The current Metropolis proposal is about to be rejected because of the following issue:
Chain 2 Exception: neg_binomial_2_lpmf: Location parameter[1] is -nan, but must be positive finite! (in '/tmp/Rtmp09QmnL/model-269dd02304ebf6.stan', line 478, column 2 to column 59)
Chain 2 If this warning occurs sporadically, such as for highly constrained variable types like covariance matrices, then the sampler is fine,
Chain 2 but if this warning occurs often then your model may be either severely ill-conditioned or misspecified.
Chain 2 
Chain 2 Informational Message: The current Metropolis proposal is about to be rejected because of the following issue:
Chain 2 Exception: neg_binomial_2_lpmf: Location parameter[1] is inf, but must be positive finite! (in '/tmp/Rtmp09QmnL/model-269dd02304ebf6.stan', line 478, column 2 to column 59)
Chain 2 If this warning occurs sporadically, such as for highly constrained variable types like covariance matrices, then the sampler is fine,
Chain 2 but if this warning occurs often then your model may be either severely ill-conditioned or misspecified.
Chain 2 
Chain 2 Informational Message: The current Metropolis proposal is about to be rejected because of the following issue:
Chain 2 Exception: neg_binomial_2_lpmf: Location parameter[1] is inf, but must be positive finite! (in '/tmp/Rtmp09QmnL/model-269dd02304ebf6.stan', line 478, column 2 to column 59)
Chain 2 If this warning occurs sporadically, such as for highly constrained variable types like covariance matrices, then the sampler is fine,
Chain 2 but if this warning occurs often then your model may be either severely ill-conditioned or misspecified.
Chain 2 
Chain 2 Informational Message: The current Metropolis proposal is about to be rejected because of the following issue:
Chain 2 Exception: neg_binomial_2_lpmf: Location parameter[1] is inf, but must be positive finite! (in '/tmp/Rtmp09QmnL/model-269dd02304ebf6.stan', line 478, column 2 to column 59)
Chain 2 If this warning occurs sporadically, such as for highly constrained variable types like covariance matrices, then the sampler is fine,
Chain 2 but if this warning occurs often then your model may be either severely ill-conditioned or misspecified.
Chain 2 
Chain 2 Informational Message: The current Metropolis proposal is about to be rejected because of the following issue:
Chain 2 Exception: neg_binomial_2_lpmf: Location parameter[1] is 0, but must be positive finite! (in '/tmp/Rtmp09QmnL/model-269dd02304ebf6.stan', line 478, column 2 to column 59)
Chain 2 If this warning occurs sporadically, such as for highly constrained variable types like covariance matrices, then the sampler is fine,
Chain 2 but if this warning occurs often then your model may be either severely ill-conditioned or misspecified.
Chain 2 
Chain 2 Informational Message: The current Metropolis proposal is about to be rejected because of the following issue:
Chain 2 Exception: neg_binomial_2_lpmf: Location parameter[11] is inf, but must be positive finite! (in '/tmp/Rtmp09QmnL/model-269dd02304ebf6.stan', line 478, column 2 to column 59)
Chain 2 If this warning occurs sporadically, such as for highly constrained variable types like covariance matrices, then the sampler is fine,
Chain 2 but if this warning occurs often then your model may be either severely ill-conditioned or misspecified.
Chain 2 
Chain 2 Informational Message: The current Metropolis proposal is about to be rejected because of the following issue:
Chain 2 Exception: neg_binomial_2_lpmf: Location parameter[11] is inf, but must be positive finite! (in '/tmp/Rtmp09QmnL/model-269dd02304ebf6.stan', line 478, column 2 to column 59)
Chain 2 If this warning occurs sporadically, such as for highly constrained variable types like covariance matrices, then the sampler is fine,
Chain 2 but if this warning occurs often then your model may be either severely ill-conditioned or misspecified.
Chain 2 
Chain 2 Informational Message: The current Metropolis proposal is about to be rejected because of the following issue:
Chain 2 Exception: neg_binomial_2_lpmf: Location parameter[18] is inf, but must be positive finite! (in '/tmp/Rtmp09QmnL/model-269dd02304ebf6.stan', line 478, column 2 to column 59)
Chain 2 If this warning occurs sporadically, such as for highly constrained variable types like covariance matrices, then the sampler is fine,
Chain 2 but if this warning occurs often then your model may be either severely ill-conditioned or misspecified.
Chain 2 
Chain 2 Informational Message: The current Metropolis proposal is about to be rejected because of the following issue:
Chain 2 Exception: neg_binomial_2_lpmf: Location parameter[82] is inf, but must be positive finite! (in '/tmp/Rtmp09QmnL/model-269dd02304ebf6.stan', line 478, column 2 to column 59)
Chain 2 If this warning occurs sporadically, such as for highly constrained variable types like covariance matrices, then the sampler is fine,
Chain 2 but if this warning occurs often then your model may be either severely ill-conditioned or misspecified.
Chain 2 
Chain 2 Informational Message: The current Metropolis proposal is about to be rejected because of the following issue:
Chain 2 Exception: neg_binomial_2_lpmf: Location parameter[1] is -nan, but must be positive finite! (in '/tmp/Rtmp09QmnL/model-269dd02304ebf6.stan', line 478, column 2 to column 59)
Chain 2 If this warning occurs sporadically, such as for highly constrained variable types like covariance matrices, then the sampler is fine,
Chain 2 but if this warning occurs often then your model may be either severely ill-conditioned or misspecified.
Chain 2 
Chain 2 Informational Message: The current Metropolis proposal is about to be rejected because of the following issue:
Chain 2 Exception: neg_binomial_2_lpmf: Location parameter[1] is -nan, but must be positive finite! (in '/tmp/Rtmp09QmnL/model-269dd02304ebf6.stan', line 478, column 2 to column 59)
Chain 2 If this warning occurs sporadically, such as for highly constrained variable types like covariance matrices, then the sampler is fine,
Chain 2 but if this warning occurs often then your model may be either severely ill-conditioned or misspecified.
Chain 2 
Chain 2 Informational Message: The current Metropolis proposal is about to be rejected because of the following issue:
Chain 2 Exception: neg_binomial_2_lpmf: Location parameter[4] is inf, but must be positive finite! (in '/tmp/Rtmp09QmnL/model-269dd02304ebf6.stan', line 478, column 2 to column 59)
Chain 2 If this warning occurs sporadically, such as for highly constrained variable types like covariance matrices, then the sampler is fine,
Chain 2 but if this warning occurs often then your model may be either severely ill-conditioned or misspecified.
Chain 2 
Chain 2 Informational Message: The current Metropolis proposal is about to be rejected because of the following issue:
Chain 2 Exception: neg_binomial_2_lpmf: Location parameter[11] is inf, but must be positive finite! (in '/tmp/Rtmp09QmnL/model-269dd02304ebf6.stan', line 478, column 2 to column 59)
Chain 2 If this warning occurs sporadically, such as for highly constrained variable types like covariance matrices, then the sampler is fine,
Chain 2 but if this warning occurs often then your model may be either severely ill-conditioned or misspecified.
Chain 2 
Chain 3 Exception: neg_binomial_2_lpmf: Location parameter[1065] is 0, but must be positive finite! (in '/tmp/Rtmp09QmnL/model-269dd02304ebf6.stan', line 478, column 2 to column 59)
Chain 3 Exception: neg_binomial_2_lpmf: Location parameter[1065] is 0, but must be positive finite! (in '/tmp/Rtmp09QmnL/model-269dd02304ebf6.stan', line 478, column 2 to column 59)
Warning: Chain 3 finished unexpectedly!

Chain 2 Iteration:  200 / 1500 [ 13%]  (Warmup) 
Chain 1 Iteration:  200 / 1500 [ 13%]  (Warmup) 
Chain 2 Iteration:  400 / 1500 [ 26%]  (Warmup) 
Chain 2 Iteration:  600 / 1500 [ 40%]  (Warmup) 
Chain 1 Iteration:  400 / 1500 [ 26%]  (Warmup) 
Chain 2 Iteration:  701 / 1500 [ 46%]  (Sampling) 
Chain 1 Iteration:  600 / 1500 [ 40%]  (Warmup) 
Chain 2 Iteration:  900 / 1500 [ 60%]  (Sampling) 
Chain 1 Iteration:  701 / 1500 [ 46%]  (Sampling) 
Chain 2 Iteration: 1100 / 1500 [ 73%]  (Sampling) 
Chain 1 Iteration:  900 / 1500 [ 60%]  (Sampling) 
Chain 2 Iteration: 1300 / 1500 [ 86%]  (Sampling) 
Chain 1 Iteration: 1100 / 1500 [ 73%]  (Sampling) 
Chain 2 Iteration: 1500 / 1500 [100%]  (Sampling) 
Chain 2 finished in 3108.4 seconds.
Chain 1 Iteration: 1300 / 1500 [ 86%]  (Sampling) 
Chain 1 Iteration: 1500 / 1500 [100%]  (Sampling) 
Chain 1 finished in 3659.1 seconds.
Warning: 1 chain(s) finished unexpectedly!
The remaining chains had a mean execution time of 3659.5 seconds.
Warning: The returned fit object will only read in results of successful chains. Please use read_cmdstan_csv() to read the results of the failed chains separately.Use the $output(chain_id) method for more output of the failed chains.
Warning: 6 of 1600 (0.0%) transitions ended with a divergence.
See https://mc-stan.org/misc/warnings for details.


Sampling complete.

=== STEP 7: Parameter Recovery Diagnostics ===

Parameter Recovery Results:
================================================================================================================================== 
** indicates true value outside 90% CI

[Global Parameters - Primary Interest (Exposure Effects)]
---------------------------------------------------------------------------------------------------- 
  mu_gamma[1]                    True:   0.150 | Est:   0.043 (median:   0.043) | 90% CI: [ -0.057,   0.145] | Rhat: 1.005 ** [rate ratio = 1.162]
  sigma_gamma_between[1]         True:   0.080 | Est:   0.011 (median:   0.009) | 90% CI: [  0.002,   0.026] | Rhat: 1.004 **
  sigma_gamma_within[1]          True:   0.040 | Est:   0.017 (median:   0.010) | 90% CI: [  0.001,   0.055] | Rhat: 1.004   

[Global Parameters - Nuisance]
---------------------------------------------------------------------------------------------------- 
  mu_beta_intercept              True:   3.500 | Est:   3.551 (median:   3.588) | 90% CI: [  3.036,   3.936] | Rhat: 1.003   
  sigma_beta_intercept           True:   0.300 | Est:   0.039 (median:   0.031) | 90% CI: [  0.006,   0.097] | Rhat: 1.016 **
  mu_phi_log                     True:   1.609 | Est:   1.541 (median:   1.553) | 90% CI: [  1.273,   1.787] | Rhat: 1.008    [phi ~ 5.0]
  sigma_phi_log                  True:   0.200 | Est:   0.037 (median:   0.031) | 90% CI: [  0.017,   0.073] | Rhat: 1.010 **
  mu_pi_logit                    True:  -2.944 | Est:  -2.786 (median:  -2.781) | 90% CI: [ -2.970,  -2.609] | Rhat: 1.004    [pi ~ 0.050]
  sigma_pi_logit                 True:   0.200 | Est:   0.013 (median:   0.010) | 90% CI: [  0.001,   0.036] | Rhat: 1.003 **

[INGARCH Global Parameters (Raw Scale)]
---------------------------------------------------------------------------------------------------- 
  mu_alpha_random_raw[1]         True:   0.200 | Est:   0.203 (median:   0.202) | 90% CI: [  0.070,   0.330] | Rhat: 1.003    [alpha = tanh(0.200/2) = 0.0997]
  mu_alpha_random_raw[2]         True:   0.100 | Est:   0.097 (median:   0.096) | 90% CI: [  0.051,   0.145] | Rhat: 1.000    [alpha = tanh(0.100/2) = 0.0500]
  sigma_alpha_random[1]          True:   0.080 | Est:   0.018 (median:   0.015) | 90% CI: [  0.008,   0.034] | Rhat: 1.000 **
  sigma_alpha_random[2]          True:   0.050 | Est:   0.004 (median:   0.003) | 90% CI: [  0.000,   0.009] | Rhat: 1.004 **
  mu_alpha_fixed_raw[1]          True:   0.000 | Est:  -0.037 (median:  -0.037) | 90% CI: [ -0.070,  -0.005] | Rhat: 1.001 **
  mu_alpha_fixed_raw[2]          True:   0.000 | Est:   0.009 (median:   0.009) | 90% CI: [ -0.023,   0.041] | Rhat: 1.006   
  mu_alpha_fixed_raw[3]          True:   0.000 | Est:   0.004 (median:   0.005) | 90% CI: [ -0.030,   0.036] | Rhat: 1.002   
  mu_alpha_fixed_raw[4]          True:   0.000 | Est:   0.064 (median:   0.063) | 90% CI: [  0.034,   0.095] | Rhat: 1.000 **
  mu_alpha_fixed_raw[5]          True:   0.000 | Est:   0.005 (median:   0.005) | 90% CI: [ -0.027,   0.039] | Rhat: 1.003   
  mu_alpha_fixed_raw[6]          True:   0.000 | Est:  -0.004 (median:  -0.004) | 90% CI: [ -0.029,   0.020] | Rhat: 1.001   
  mu_alpha_fixed_raw[7]          True:   0.000 | Est:  -0.001 (median:  -0.002) | 90% CI: [ -0.025,   0.023] | Rhat: 1.000   
  mu_alpha_fixed_raw[8]          True:   0.000 | Est:  -0.002 (median:  -0.001) | 90% CI: [ -0.028,   0.024] | Rhat: 0.999   
  mu_alpha_fixed_raw[9]          True:   0.000 | Est:  -0.005 (median:  -0.005) | 90% CI: [ -0.031,   0.020] | Rhat: 1.005   
  mu_alpha_fixed_raw[10]         True:   0.000 | Est:  -0.014 (median:  -0.014) | 90% CI: [ -0.039,   0.011] | Rhat: 1.000   
  mu_delta_random_raw[1]         True:   0.150 | Est:   0.270 (median:   0.265) | 90% CI: [  0.059,   0.485] | Rhat: 1.003    [delta = tanh(0.150/2) = 0.0749]
  mu_delta_random_raw[2]         True:   0.080 | Est:   0.190 (median:   0.192) | 90% CI: [  0.062,   0.316] | Rhat: 1.001    [delta = tanh(0.080/2) = 0.0400]
  sigma_delta_random[1]          True:   0.060 | Est:   0.011 (median:   0.009) | 90% CI: [  0.001,   0.028] | Rhat: 1.004 **
  sigma_delta_random[2]          True:   0.040 | Est:   0.005 (median:   0.004) | 90% CI: [  0.000,   0.013] | Rhat: 1.003 **
  mu_delta_fixed_raw[1]          True:   0.000 | Est:  -0.001 (median:   0.002) | 90% CI: [ -0.188,   0.182] | Rhat: 1.008   
  mu_delta_fixed_raw[2]          True:   0.000 | Est:  -0.092 (median:  -0.087) | 90% CI: [ -0.262,   0.066] | Rhat: 1.004   
  mu_delta_fixed_raw[3]          True:   0.000 | Est:  -0.030 (median:  -0.030) | 90% CI: [ -0.192,   0.120] | Rhat: 1.001   
  mu_delta_fixed_raw[4]          True:   0.000 | Est:  -0.131 (median:  -0.129) | 90% CI: [ -0.333,   0.063] | Rhat: 1.002   
  mu_delta_fixed_raw[5]          True:   0.000 | Est:   0.054 (median:   0.050) | 90% CI: [ -0.126,   0.247] | Rhat: 1.004   
  mu_delta_fixed_raw[6]          True:   0.000 | Est:  -0.053 (median:  -0.051) | 90% CI: [ -0.129,   0.020] | Rhat: 1.000   
  mu_delta_fixed_raw[7]          True:   0.000 | Est:   0.010 (median:   0.009) | 90% CI: [ -0.063,   0.080] | Rhat: 1.001   
  mu_delta_fixed_raw[8]          True:   0.000 | Est:  -0.008 (median:  -0.008) | 90% CI: [ -0.081,   0.068] | Rhat: 1.000   
  mu_delta_fixed_raw[9]          True:   0.000 | Est:   0.009 (median:   0.009) | 90% CI: [ -0.067,   0.085] | Rhat: 1.000   
  mu_delta_fixed_raw[10]         True:   0.000 | Est:   0.010 (median:   0.010) | 90% CI: [ -0.044,   0.063] | Rhat: 1.000   

[Random Predictor Global Parameters]
---------------------------------------------------------------------------------------------------- 
  mu_beta_random[1]              True:   0.050 | Est:   0.040 (median:   0.042) | 90% CI: [ -0.017,   0.090] | Rhat: 1.007    [price]
  mu_beta_random[2]              True:   0.100 | Est:   0.104 (median:   0.105) | 90% CI: [  0.054,   0.153] | Rhat: 1.005    [weekend]
  mu_beta_random[3]              True:   0.020 | Est:   0.055 (median:   0.056) | 90% CI: [  0.020,   0.088] | Rhat: 0.999    [trend]
  sigma_beta_random[1]           True:   0.030 | Est:   0.007 (median:   0.006) | 90% CI: [  0.003,   0.015] | Rhat: 1.003 ** [price]
  sigma_beta_random[2]           True:   0.050 | Est:   0.004 (median:   0.003) | 90% CI: [  0.000,   0.012] | Rhat: 1.003 ** [weekend]
  sigma_beta_random[3]           True:   0.010 | Est:   0.003 (median:   0.002) | 90% CI: [  0.000,   0.007] | Rhat: 1.001 ** [trend]

[Fixed Predictor Global Parameters]
---------------------------------------------------------------------------------------------------- 
  mu_beta_fixed[1]               True:  -0.020 | Est:  -0.027 (median:  -0.027) | 90% CI: [ -0.043,  -0.010] | Rhat: 1.001    [temp]
  mu_beta_fixed[2]               True:  -0.010 | Est:  -0.029 (median:  -0.029) | 90% CI: [ -0.044,  -0.015] | Rhat: 1.000 ** [precip]

[Restaurant-Level Parameters]
---------------------------------------------------------------------------------------------------- 

  Restaurant 1:
  phi[1]                         True:   7.304 | Est:   7.463 (median:   7.440) | 90% CI: [  6.520,   8.470] | Rhat: 1.000   
  pi[1]                          True:   0.055 | Est:   0.060 (median:   0.059) | 90% CI: [  0.049,   0.073] | Rhat: 1.002   

  Restaurant 2:
  phi[2]                         True:   4.588 | Est:   4.749 (median:   4.739) | 90% CI: [  4.205,   5.326] | Rhat: 1.003   
  pi[2]                          True:   0.057 | Est:   0.057 (median:   0.057) | 90% CI: [  0.045,   0.069] | Rhat: 1.004   

  Restaurant 3:
  phi[3]                         True:   4.749 | Est:   5.144 (median:   5.135) | 90% CI: [  4.540,   5.793] | Rhat: 1.001   
  pi[3]                          True:   0.061 | Est:   0.062 (median:   0.061) | 90% CI: [  0.051,   0.077] | Rhat: 1.001   

  Restaurant 4:
  phi[4]                         True:   3.514 | Est:   3.685 (median:   3.672) | 90% CI: [  3.253,   4.130] | Rhat: 1.003   
  pi[4]                          True:   0.045 | Est:   0.057 (median:   0.057) | 90% CI: [  0.045,   0.069] | Rhat: 1.000 **

  Restaurant 5:
  phi[5]                         True:   5.482 | Est:   4.755 (median:   4.753) | 90% CI: [  4.188,   5.333] | Rhat: 1.000 **
  pi[5]                          True:   0.055 | Est:   0.058 (median:   0.058) | 90% CI: [  0.045,   0.070] | Rhat: 1.000   

  Restaurant 6:
  phi[6]                         True:   4.399 | Est:   3.985 (median:   3.973) | 90% CI: [  3.521,   4.462] | Rhat: 1.001   
  pi[6]                          True:   0.036 | Est:   0.058 (median:   0.058) | 90% CI: [  0.046,   0.069] | Rhat: 1.000 **

[Per-Exposure Gamma Values]
---------------------------------------------------------------------------------------------------- 
  Exposure 1 (Rest 1, param 1):
    beta[7,1]                    True:  0.0872 | Est:  0.0761 | 90% CI: [ 0.0002,  0.1574]   
  Exposure 2 (Rest 2, param 1):
    beta[8,2]                    True:  0.0529 | Est:  0.0331 | 90% CI: [-0.1925,  0.2755]   
  z_gamma[2]                     True:  -0.727 | Est:  -0.200 (median:  -0.232) | 90% CI: [-16.027,  15.499] | Rhat: 1.002   
  Exposure 3 (Rest 2, param 1):
    beta[9,2]                    True:  0.0272 | Est:  0.0260 | 90% CI: [-0.2145,  0.2558]   
  z_gamma[3]                     True:  -1.368 | Est:  -0.388 (median:  -0.544) | 90% CI: [-15.212,  14.855] | Rhat: 1.000   
  Exposure 4 (Rest 3, param 1):
    beta[10,3]                   True: -0.0431 | Est: -0.0712 | 90% CI: [-0.1804,  0.0439]   
  Exposure 5 (Rest 4, param 1):
    beta[11,4]                   True:  0.1204 | Est:  0.1125 | 90% CI: [ 0.0014,  0.2311]   
  z_gamma[5]                     True:  -0.811 | Est:   2.413 (median:   2.569) | 90% CI: [-11.129,  15.472] | Rhat: 1.003   
  Exposure 6 (Rest 4, param 1):
    beta[12,4]                   True:  0.2107 | Est:  0.0947 | 90% CI: [-0.0171,  0.2075] **
  z_gamma[6]                     True:   1.444 | Est:   1.151 (median:   1.467) | 90% CI: [-12.780,  14.212] | Rhat: 1.002   
  Exposure 7 (Rest 5, param 1):
    beta[13,5]                   True:  0.1665 | Est:  0.0431 | 90% CI: [-0.0540,  0.1291] **
  Exposure 8 (Rest 6, param 1):
    beta[14,6]                   True:  0.1211 | Est:  0.0852 | 90% CI: [-0.0074,  0.1858]   

=== STEP 8: Model Diagnostics ===

[Sampling Diagnostics]
================================================================================ 
Warning: 6 of 1600 (0.0%) transitions ended with a divergence.
See https://mc-stan.org/misc/warnings for details.

  Divergences: 6
  Max treedepth hits: 0
  Max Rhat: 1.016
  Parameters with Rhat > 1.01: 2
  Parameters with Rhat > 1.05: 0
  Parameters with Rhat > 1.10: 0
  Min ESS bulk: 387
  Min ESS tail: 180
  Median ESS bulk: 1619
  Median ESS tail: 1438

Worst Rhat parameters (top 10):
  sigma_beta_intercept           Rhat: 1.0157, ESS_bulk: 414, ESS_tail: 507
  z_beta_random[2,6]             Rhat: 1.0152, ESS_bulk: 1373, ESS_tail: 1123
  sigma_phi_log                  Rhat: 1.0098, ESS_bulk: 465, ESS_tail: 654
  log_lik[793]                   Rhat: 1.0096, ESS_bulk: 1698, ESS_tail: 1508
  z_phi_log[6]                   Rhat: 1.0093, ESS_bulk: 387, ESS_tail: 248
  z_phi_log[4]                   Rhat: 1.0093, ESS_bulk: 401, ESS_tail: 187
  log_lik[1604]                  Rhat: 1.0085, ESS_bulk: 1068, ESS_tail: 1518
  nu_test[33]                    Rhat: 1.0079, ESS_bulk: 1735, ESS_tail: 1277
  nu[950]                        Rhat: 1.0079, ESS_bulk: 917, ESS_tail: 1057
  lambda[950]                    Rhat: 1.0079, ESS_bulk: 917, ESS_tail: 1057

=== STEP 9: Coverage Analysis ===

Exposure parameter 90% CI coverage: 33.3% (3 params, expected ~90%)
Nuisance parameter 90% CI coverage: 50.0% (6 params, expected ~90%)
INGARCH global parameter 90% CI coverage: 78.6% (28 params, expected ~90%)
Predictor parameter 90% CI coverage: 50.0% (8 params, expected ~90%)
Restaurant-level 90% CI coverage: 75.0% (12 params, expected ~90%)

Overall global parameter 90% CI coverage: 66.7% (45 params, expected ~90%)

=== STEP 10: Saving Results ===

Results saved to: /home/nuttidalab/Documents/Jared/Other/testing/model_simulations/simulate_total_results.rds

=== Simulation Complete ===

Key findings summary:
  - mu_gamma[1] (exposure effect): true = 0.150 [rate ratio = 1.162], check 90% CI above
  - Total data points: 2400 (train) + 120 (test) = 2520
  - Predictors: 3 random + 2 fixed + 8 exposures = 13 total (+ intercept)
  - INGARCH lags: p_effective = 12, q_effective = 12
  - Divergences: 6
  - Max Rhat: 1.016
  - Overall global 90% coverage: 66.7%
