- The project is out-of-sync -- use `renv::status()` for details.
── Attaching core tidyverse packages ──────────────────────── tidyverse 2.0.0 ──
✔ dplyr     1.1.4     ✔ readr     2.1.5
✔ forcats   1.0.0     ✔ stringr   1.5.1
✔ ggplot2   3.5.1     ✔ tibble    3.2.1
✔ lubridate 1.9.4     ✔ tidyr     1.3.1
✔ purrr     1.0.4     
[conflicted] Will prefer dplyr::select over any other package.
[conflicted] Will prefer dplyr::filter over any other package.
[conflicted] Will prefer lubridate::year over any other package.
[conflicted] Will prefer lubridate::month over any other package.
[conflicted] Will prefer purrr::map over any other package.
[conflicted] Will prefer stats::sd over any other package.
[conflicted] Will prefer base::match over any other package.
This is cmdstanr version 0.9.0
- CmdStanR documentation and vignettes: mc-stan.org/cmdstanr
- CmdStan path: /home/nuttidalab/.cmdstan/cmdstan-2.36.0
- CmdStan version: 2.36.0

A newer version of CmdStan is available. See ?install_cmdstan() to install it.
To disable this check set option or environment variable cmdstanr_no_ver_check=TRUE.
=== STEP 1: Setting True Parameter Values ===

True parameters:
  mu_gamma (global exposure effect, log scale): 0.150  [rate ratio = 1.162]
  sigma_gamma_between: 0.080
  sigma_gamma_within: 0.040
  mu_beta_intercept: 3.500 (baseline count ~ 33.1)
  sigma_beta_intercept: 0.300
  mu_phi_log: 1.609 (phi ~ 5.0)
  sigma_phi_log: 0.200
  mu_pi_logit: -2.944 (pi ~ 0.050)
  sigma_pi_logit: 0.200

True random predictor effects (mu_beta_random):
  k=1 (price): mu=0.0500, sigma=0.0300
  k=2 (weekend): mu=0.1000, sigma=0.0500
  k=3 (season): mu=0.0200, sigma=0.0100

True fixed predictor effects (mu_beta_fixed):
  k=1 (temp): mu=-0.0200
  k=2 (precip): mu=-0.0100

True INGARCH alpha (raw scale):
  mu_alpha_random_raw: 0.200, 0.100
  sigma_alpha_random: 0.080, 0.050
  mu_alpha_fixed_raw: all 0.000 (10 values)

True INGARCH delta (raw scale):
  mu_delta_random_raw: 0.150, 0.080
  sigma_delta_random: 0.060, 0.040
  mu_delta_fixed_raw: all 0.000 (10 values)

INGARCH stability check:
  alpha_1 = tanh(0.200/2) = 0.0997
  alpha_7 = tanh(0.100/2) = 0.0500
  delta_1 = tanh(0.150/2) = 0.0749
  delta_7 = tanh(0.080/2) = 0.0400
  Sum of active INGARCH coefficients: 0.2645 (must be << 1 for stability)

Restaurant configuration:
  R1 (R1): 400 train, 20 test, 1 exposure(s)
  R2 (R2): 400 train, 20 test, 2 exposure(s)
  R3 (R3): 400 train, 20 test, 1 exposure(s)
  R4 (R4): 400 train, 20 test, 2 exposure(s)
  R5 (R5): 400 train, 20 test, 1 exposure(s)
  R6 (R6): 400 train, 20 test, 1 exposure(s)

Total exposures: K_exposure = 8

=== STEP 2: Generating Hierarchical Parameters ===

Restaurant-level intercepts:
  Restaurant 1: beta_intercept = 3.911
  Restaurant 2: beta_intercept = 3.331
  Restaurant 3: beta_intercept = 3.609
  Restaurant 4: beta_intercept = 3.690
  Restaurant 5: beta_intercept = 3.621
  Restaurant 6: beta_intercept = 3.468

Restaurant-level dispersion and zero-inflation:
  Restaurant 1: phi = 7.304, pi = 0.0545
  Restaurant 2: phi = 4.588, pi = 0.0571
  Restaurant 3: phi = 4.749, pi = 0.0608
  Restaurant 4: phi = 3.514, pi = 0.0445
  Restaurant 5: phi = 5.482, pi = 0.0550
  Restaurant 6: phi = 4.399, pi = 0.0360

Alpha (transformed) for each restaurant (first 4 lags shown):
  Restaurant 1: 0.1124, 0.0000, 0.0000, 0.0000 ...
  Restaurant 2: 0.1616, 0.0000, 0.0000, 0.0000 ...
  Restaurant 3: 0.1032, 0.0000, 0.0000, 0.0000 ...
  Restaurant 4: 0.1265, 0.0000, 0.0000, 0.0000 ...
  Restaurant 5: -0.0197, 0.0000, 0.0000, 0.0000 ...
  Restaurant 6: 0.0851, 0.0000, 0.0000, 0.0000 ...

Delta (transformed) for each restaurant (first 4 lags shown):
  Restaurant 1: 0.0922, 0.0000, 0.0000, 0.0000 ...
  Restaurant 2: 0.0531, 0.0000, 0.0000, 0.0000 ...
  Restaurant 3: 0.0849, 0.0000, 0.0000, 0.0000 ...
  Restaurant 4: 0.1023, 0.0000, 0.0000, 0.0000 ...
  Restaurant 5: 0.0437, 0.0000, 0.0000, 0.0000 ...
  Restaurant 6: 0.0934, 0.0000, 0.0000, 0.0000 ...

Exposure-to-restaurant mapping and gamma values:
  Exposure 1 -> Restaurant 1 (R1), param 1: gamma = 0.0872
  Exposure 2 -> Restaurant 2 (R2), param 1: gamma = 0.0529
  Exposure 3 -> Restaurant 2 (R2), param 1: gamma = 0.0272
  Exposure 4 -> Restaurant 3 (R3), param 1: gamma = -0.0431
  Exposure 5 -> Restaurant 4 (R4), param 1: gamma = 0.1204
  Exposure 6 -> Restaurant 4 (R4), param 1: gamma = 0.2107
  Exposure 7 -> Restaurant 5 (R5), param 1: gamma = 0.1665
  Exposure 8 -> Restaurant 6 (R6), param 1: gamma = 0.1211

Eta (restaurant-level exposure means):
  Restaurant 1: eta = 0.0872
  Restaurant 2: eta = 0.0819
  Restaurant 3: eta = -0.0431
  Restaurant 4: eta = 0.1529
  Restaurant 5: eta = 0.1665
  Restaurant 6: eta = 0.1211

=== STEP 3: Generating Design Matrix ===

Design matrix column layout (J = 14):
  idx_intercept: 1
  idx_beta_random: 2, 3, 4 (price, weekend, season)
  idx_beta_fixed: 5, 6 (temp, precip)
  idx_exposure: 7, 8, 9, 10, 11, 12, 13, 14

Intervention times (randomly generated):
  Exposure 1 (Restaurant 1): t = 122 (30% of 400 training obs)
  Exposure 2 (Restaurant 2): t = 121 (30% of 400 training obs)
  Exposure 3 (Restaurant 2): t = 121 (30% of 400 training obs)
  Exposure 4 (Restaurant 3): t = 176 (44% of 400 training obs)
  Exposure 5 (Restaurant 4): t = 264 (66% of 400 training obs)
  Exposure 6 (Restaurant 4): t = 236 (59% of 400 training obs)
  Exposure 7 (Restaurant 5): t = 104 (26% of 400 training obs)
  Exposure 8 (Restaurant 6): t = 194 (48% of 400 training obs)

Design matrix dimensions:
  J (total predictors): 14 (1 intercept + 3 random + 2 fixed + 8 exposures)
  N_train: 2400
  N_test: 120

=== STEP 4: Simulating Outcomes (INGARCH Process) ===

Beta matrix [J, R] constructed.
  Restaurant 1: intercept=3.911, price=0.0953, weekend=0.0953, season=0.0402, temp=-0.0200, precip=-0.0100
  Restaurant 2: intercept=3.331, price=0.0481, weekend=0.1652, season=0.0429, temp=-0.0200, precip=-0.0100
  Restaurant 3: intercept=3.609, price=0.0083, weekend=0.0861, season=0.0187, temp=-0.0200, precip=-0.0100
  Restaurant 4: intercept=3.690, price=0.0691, weekend=0.0858, season=-0.0066, temp=-0.0200, precip=-0.0100
  Restaurant 5: intercept=3.621, price=-0.0232, weekend=0.1660, season=0.0169, temp=-0.0200, precip=-0.0100
  Restaurant 6: intercept=3.468, price=-0.0034, weekend=0.0914, season=0.0321, temp=-0.0200, precip=-0.0100

Simulating training data (sequential INGARCH)...
  Restaurant 1: 400 obs simulated, mean=269.33, zeros=6.5%, max=754
  Restaurant 2: 400 obs simulated, mean=164.03, zeros=5.0%, max=643
  Restaurant 3: 400 obs simulated, mean=155.09, zeros=7.0%, max=443
  Restaurant 4: 400 obs simulated, mean=279.72, zeros=5.0%, max=1241
  Restaurant 5: 400 obs simulated, mean=68.77, zeros=6.2%, max=187
  Restaurant 6: 400 obs simulated, mean=108.14, zeros=5.2%, max=387

Simulating test data (sequential INGARCH with training data for early lags)...
  Restaurant 1: 20 test obs simulated, mean=263.50, zeros=0.0%
  Restaurant 2: 20 test obs simulated, mean=176.05, zeros=0.0%
  Restaurant 3: 20 test obs simulated, mean=149.55, zeros=5.0%
  Restaurant 4: 20 test obs simulated, mean=465.85, zeros=0.0%
  Restaurant 5: 20 test obs simulated, mean=87.70, zeros=10.0%
  Restaurant 6: 20 test obs simulated, mean=107.35, zeros=5.0%

Overall simulated outcome summary (training data):
  Total observations: 2400
  Zeros: 140 (5.8%)
  Mean: 174.18, Median: 142, Max: 1241

Overall simulated outcome summary (test data):
  Total observations: 120
  Zeros: 4 (3.3%)
  Mean: 208.33, Median: 152, Max: 782

=== STEP 5: Preparing Stan Data List ===

Stan data list created successfully.
  R: 6, J: 14, M: 1
  K_exposure: 8, K_beta_random: 3, K_beta_fixed: 2
  p_effective: 12, q_effective: 12
  K_alpha_random: 2, K_alpha_fixed: 10
  K_delta_random: 2, K_delta_fixed: 10
  N_train: 2400, N_test: 120
  N_zeros (simulated): 140 (5.8%)

Exposure-to-restaurant mapping:
  Exposure 1 -> Restaurant 1 (R1), param 1
  Exposure 2 -> Restaurant 2 (R2), param 1
  Exposure 3 -> Restaurant 2 (R2), param 1
  Exposure 4 -> Restaurant 3 (R3), param 1
  Exposure 5 -> Restaurant 4 (R4), param 1
  Exposure 6 -> Restaurant 4 (R4), param 1
  Exposure 7 -> Restaurant 5 (R5), param 1
  Exposure 8 -> Restaurant 6 (R6), param 1

=== STEP 6: Fitting the Stan Model ===

Compiling model from: /home/nuttidalab/Documents/Jared/Other/testing/models/model_multilevel_transfer_zi.stan
Starting MCMC sampling...
Using synthetic data with INGARCH lags + simple covariates...

Running MCMC with 3 parallel chains...

Chain 1 Iteration:    1 / 1500 [  0%]  (Warmup) 
Chain 1 Informational Message: The current Metropolis proposal is about to be rejected because of the following issue:
Chain 1 Exception: neg_binomial_2_lpmf: Location parameter[1] is -nan, but must be positive finite! (in '/tmp/RtmptGIqA8/model-2b0edd2d36776a.stan', line 478, column 2 to column 59)
Chain 1 If this warning occurs sporadically, such as for highly constrained variable types like covariance matrices, then the sampler is fine,
Chain 1 but if this warning occurs often then your model may be either severely ill-conditioned or misspecified.
Chain 1 
Chain 1 Informational Message: The current Metropolis proposal is about to be rejected because of the following issue:
Chain 1 Exception: neg_binomial_2_lpmf: Location parameter[1] is -nan, but must be positive finite! (in '/tmp/RtmptGIqA8/model-2b0edd2d36776a.stan', line 478, column 2 to column 59)
Chain 1 If this warning occurs sporadically, such as for highly constrained variable types like covariance matrices, then the sampler is fine,
Chain 1 but if this warning occurs often then your model may be either severely ill-conditioned or misspecified.
Chain 1 
Chain 1 Informational Message: The current Metropolis proposal is about to be rejected because of the following issue:
Chain 1 Exception: neg_binomial_2_lpmf: Location parameter[1] is -nan, but must be positive finite! (in '/tmp/RtmptGIqA8/model-2b0edd2d36776a.stan', line 478, column 2 to column 59)
Chain 1 If this warning occurs sporadically, such as for highly constrained variable types like covariance matrices, then the sampler is fine,
Chain 1 but if this warning occurs often then your model may be either severely ill-conditioned or misspecified.
Chain 1 
Chain 1 Informational Message: The current Metropolis proposal is about to be rejected because of the following issue:
Chain 1 Exception: neg_binomial_2_lpmf: Location parameter[1] is -nan, but must be positive finite! (in '/tmp/RtmptGIqA8/model-2b0edd2d36776a.stan', line 478, column 2 to column 59)
Chain 1 If this warning occurs sporadically, such as for highly constrained variable types like covariance matrices, then the sampler is fine,
Chain 1 but if this warning occurs often then your model may be either severely ill-conditioned or misspecified.
Chain 1 
Chain 1 Informational Message: The current Metropolis proposal is about to be rejected because of the following issue:
Chain 1 Exception: neg_binomial_2_lpmf: Location parameter[1] is inf, but must be positive finite! (in '/tmp/RtmptGIqA8/model-2b0edd2d36776a.stan', line 478, column 2 to column 59)
Chain 1 If this warning occurs sporadically, such as for highly constrained variable types like covariance matrices, then the sampler is fine,
Chain 1 but if this warning occurs often then your model may be either severely ill-conditioned or misspecified.
Chain 1 
Chain 1 Informational Message: The current Metropolis proposal is about to be rejected because of the following issue:
Chain 1 Exception: neg_binomial_2_lpmf: Location parameter[1] is inf, but must be positive finite! (in '/tmp/RtmptGIqA8/model-2b0edd2d36776a.stan', line 478, column 2 to column 59)
Chain 1 If this warning occurs sporadically, such as for highly constrained variable types like covariance matrices, then the sampler is fine,
Chain 1 but if this warning occurs often then your model may be either severely ill-conditioned or misspecified.
Chain 1 
Chain 1 Informational Message: The current Metropolis proposal is about to be rejected because of the following issue:
Chain 1 Exception: neg_binomial_2_lpmf: Location parameter[3] is inf, but must be positive finite! (in '/tmp/RtmptGIqA8/model-2b0edd2d36776a.stan', line 478, column 2 to column 59)
Chain 1 If this warning occurs sporadically, such as for highly constrained variable types like covariance matrices, then the sampler is fine,
Chain 1 but if this warning occurs often then your model may be either severely ill-conditioned or misspecified.
Chain 1 
Chain 1 Informational Message: The current Metropolis proposal is about to be rejected because of the following issue:
Chain 1 Exception: neg_binomial_2_lpmf: Location parameter[53] is 0, but must be positive finite! (in '/tmp/RtmptGIqA8/model-2b0edd2d36776a.stan', line 478, column 2 to column 59)
Chain 1 If this warning occurs sporadically, such as for highly constrained variable types like covariance matrices, then the sampler is fine,
Chain 1 but if this warning occurs often then your model may be either severely ill-conditioned or misspecified.
Chain 1 
Chain 1 Informational Message: The current Metropolis proposal is about to be rejected because of the following issue:
Chain 1 Exception: neg_binomial_2_lpmf: Location parameter[82] is inf, but must be positive finite! (in '/tmp/RtmptGIqA8/model-2b0edd2d36776a.stan', line 478, column 2 to column 59)
Chain 1 If this warning occurs sporadically, such as for highly constrained variable types like covariance matrices, then the sampler is fine,
Chain 1 but if this warning occurs often then your model may be either severely ill-conditioned or misspecified.
Chain 1 
Chain 1 Informational Message: The current Metropolis proposal is about to be rejected because of the following issue:
Chain 1 Exception: neg_binomial_2_lpmf: Location parameter[111] is 0, but must be positive finite! (in '/tmp/RtmptGIqA8/model-2b0edd2d36776a.stan', line 478, column 2 to column 59)
Chain 1 If this warning occurs sporadically, such as for highly constrained variable types like covariance matrices, then the sampler is fine,
Chain 1 but if this warning occurs often then your model may be either severely ill-conditioned or misspecified.
Chain 1 
Chain 1 Informational Message: The current Metropolis proposal is about to be rejected because of the following issue:
Chain 1 Exception: neg_binomial_2_lpmf: Location parameter[105] is 0, but must be positive finite! (in '/tmp/RtmptGIqA8/model-2b0edd2d36776a.stan', line 478, column 2 to column 59)
Chain 1 If this warning occurs sporadically, such as for highly constrained variable types like covariance matrices, then the sampler is fine,
Chain 1 but if this warning occurs often then your model may be either severely ill-conditioned or misspecified.
Chain 1 
Chain 1 Informational Message: The current Metropolis proposal is about to be rejected because of the following issue:
Chain 1 Exception: neg_binomial_2_lpmf: Location parameter[2368] is 0, but must be positive finite! (in '/tmp/RtmptGIqA8/model-2b0edd2d36776a.stan', line 478, column 2 to column 59)
Chain 1 If this warning occurs sporadically, such as for highly constrained variable types like covariance matrices, then the sampler is fine,
Chain 1 but if this warning occurs often then your model may be either severely ill-conditioned or misspecified.
Chain 1 
Chain 1 Informational Message: The current Metropolis proposal is about to be rejected because of the following issue:
Chain 1 Exception: neg_binomial_2_lpmf: Location parameter[1] is -nan, but must be positive finite! (in '/tmp/RtmptGIqA8/model-2b0edd2d36776a.stan', line 478, column 2 to column 59)
Chain 1 If this warning occurs sporadically, such as for highly constrained variable types like covariance matrices, then the sampler is fine,
Chain 1 but if this warning occurs often then your model may be either severely ill-conditioned or misspecified.
Chain 1 
Chain 1 Informational Message: The current Metropolis proposal is about to be rejected because of the following issue:
Chain 1 Exception: neg_binomial_2_lpmf: Location parameter[1] is -nan, but must be positive finite! (in '/tmp/RtmptGIqA8/model-2b0edd2d36776a.stan', line 478, column 2 to column 59)
Chain 1 If this warning occurs sporadically, such as for highly constrained variable types like covariance matrices, then the sampler is fine,
Chain 1 but if this warning occurs often then your model may be either severely ill-conditioned or misspecified.
Chain 1 
Chain 1 Informational Message: The current Metropolis proposal is about to be rejected because of the following issue:
Chain 1 Exception: neg_binomial_2_lpmf: Location parameter[1] is inf, but must be positive finite! (in '/tmp/RtmptGIqA8/model-2b0edd2d36776a.stan', line 478, column 2 to column 59)
Chain 1 If this warning occurs sporadically, such as for highly constrained variable types like covariance matrices, then the sampler is fine,
Chain 1 but if this warning occurs often then your model may be either severely ill-conditioned or misspecified.
Chain 1 
Chain 1 Informational Message: The current Metropolis proposal is about to be rejected because of the following issue:
Chain 1 Exception: neg_binomial_2_lpmf: Location parameter[77] is 0, but must be positive finite! (in '/tmp/RtmptGIqA8/model-2b0edd2d36776a.stan', line 478, column 2 to column 59)
Chain 1 If this warning occurs sporadically, such as for highly constrained variable types like covariance matrices, then the sampler is fine,
Chain 1 but if this warning occurs often then your model may be either severely ill-conditioned or misspecified.
Chain 1 
Chain 2 Iteration:    1 / 1500 [  0%]  (Warmup) 
Chain 2 Informational Message: The current Metropolis proposal is about to be rejected because of the following issue:
Chain 2 Exception: neg_binomial_2_lpmf: Location parameter[1] is -nan, but must be positive finite! (in '/tmp/RtmptGIqA8/model-2b0edd2d36776a.stan', line 478, column 2 to column 59)
Chain 2 If this warning occurs sporadically, such as for highly constrained variable types like covariance matrices, then the sampler is fine,
Chain 2 but if this warning occurs often then your model may be either severely ill-conditioned or misspecified.
Chain 2 
Chain 2 Informational Message: The current Metropolis proposal is about to be rejected because of the following issue:
Chain 2 Exception: neg_binomial_2_lpmf: Location parameter[1] is -nan, but must be positive finite! (in '/tmp/RtmptGIqA8/model-2b0edd2d36776a.stan', line 478, column 2 to column 59)
Chain 2 If this warning occurs sporadically, such as for highly constrained variable types like covariance matrices, then the sampler is fine,
Chain 2 but if this warning occurs often then your model may be either severely ill-conditioned or misspecified.
Chain 2 
Chain 2 Informational Message: The current Metropolis proposal is about to be rejected because of the following issue:
Chain 2 Exception: neg_binomial_2_lpmf: Location parameter[1] is inf, but must be positive finite! (in '/tmp/RtmptGIqA8/model-2b0edd2d36776a.stan', line 478, column 2 to column 59)
Chain 2 If this warning occurs sporadically, such as for highly constrained variable types like covariance matrices, then the sampler is fine,
Chain 2 but if this warning occurs often then your model may be either severely ill-conditioned or misspecified.
Chain 2 
Chain 2 Informational Message: The current Metropolis proposal is about to be rejected because of the following issue:
Chain 2 Exception: neg_binomial_2_lpmf: Location parameter[1] is inf, but must be positive finite! (in '/tmp/RtmptGIqA8/model-2b0edd2d36776a.stan', line 478, column 2 to column 59)
Chain 2 If this warning occurs sporadically, such as for highly constrained variable types like covariance matrices, then the sampler is fine,
Chain 2 but if this warning occurs often then your model may be either severely ill-conditioned or misspecified.
Chain 2 
Chain 2 Informational Message: The current Metropolis proposal is about to be rejected because of the following issue:
Chain 2 Exception: neg_binomial_2_lpmf: Location parameter[1] is inf, but must be positive finite! (in '/tmp/RtmptGIqA8/model-2b0edd2d36776a.stan', line 478, column 2 to column 59)
Chain 2 If this warning occurs sporadically, such as for highly constrained variable types like covariance matrices, then the sampler is fine,
Chain 2 but if this warning occurs often then your model may be either severely ill-conditioned or misspecified.
Chain 2 
Chain 2 Informational Message: The current Metropolis proposal is about to be rejected because of the following issue:
Chain 2 Exception: neg_binomial_2_lpmf: Location parameter[1] is 0, but must be positive finite! (in '/tmp/RtmptGIqA8/model-2b0edd2d36776a.stan', line 478, column 2 to column 59)
Chain 2 If this warning occurs sporadically, such as for highly constrained variable types like covariance matrices, then the sampler is fine,
Chain 2 but if this warning occurs often then your model may be either severely ill-conditioned or misspecified.
Chain 2 
Chain 2 Informational Message: The current Metropolis proposal is about to be rejected because of the following issue:
Chain 2 Exception: neg_binomial_2_lpmf: Location parameter[9] is 0, but must be positive finite! (in '/tmp/RtmptGIqA8/model-2b0edd2d36776a.stan', line 478, column 2 to column 59)
Chain 2 If this warning occurs sporadically, such as for highly constrained variable types like covariance matrices, then the sampler is fine,
Chain 2 but if this warning occurs often then your model may be either severely ill-conditioned or misspecified.
Chain 2 
Chain 2 Informational Message: The current Metropolis proposal is about to be rejected because of the following issue:
Chain 2 Exception: neg_binomial_2_lpmf: Location parameter[10] is inf, but must be positive finite! (in '/tmp/RtmptGIqA8/model-2b0edd2d36776a.stan', line 478, column 2 to column 59)
Chain 2 If this warning occurs sporadically, such as for highly constrained variable types like covariance matrices, then the sampler is fine,
Chain 2 but if this warning occurs often then your model may be either severely ill-conditioned or misspecified.
Chain 2 
Chain 2 Informational Message: The current Metropolis proposal is about to be rejected because of the following issue:
Chain 2 Exception: neg_binomial_2_lpmf: Location parameter[32] is inf, but must be positive finite! (in '/tmp/RtmptGIqA8/model-2b0edd2d36776a.stan', line 478, column 2 to column 59)
Chain 2 If this warning occurs sporadically, such as for highly constrained variable types like covariance matrices, then the sampler is fine,
Chain 2 but if this warning occurs often then your model may be either severely ill-conditioned or misspecified.
Chain 2 
Chain 2 Informational Message: The current Metropolis proposal is about to be rejected because of the following issue:
Chain 2 Exception: neg_binomial_2_lpmf: Location parameter[91] is inf, but must be positive finite! (in '/tmp/RtmptGIqA8/model-2b0edd2d36776a.stan', line 478, column 2 to column 59)
Chain 2 If this warning occurs sporadically, such as for highly constrained variable types like covariance matrices, then the sampler is fine,
Chain 2 but if this warning occurs often then your model may be either severely ill-conditioned or misspecified.
Chain 2 
Chain 2 Informational Message: The current Metropolis proposal is about to be rejected because of the following issue:
Chain 2 Exception: neg_binomial_2_lpmf: Location parameter[1] is -nan, but must be positive finite! (in '/tmp/RtmptGIqA8/model-2b0edd2d36776a.stan', line 478, column 2 to column 59)
Chain 2 If this warning occurs sporadically, such as for highly constrained variable types like covariance matrices, then the sampler is fine,
Chain 2 but if this warning occurs often then your model may be either severely ill-conditioned or misspecified.
Chain 2 
Chain 2 Informational Message: The current Metropolis proposal is about to be rejected because of the following issue:
Chain 2 Exception: neg_binomial_2_lpmf: Location parameter[1] is inf, but must be positive finite! (in '/tmp/RtmptGIqA8/model-2b0edd2d36776a.stan', line 478, column 2 to column 59)
Chain 2 If this warning occurs sporadically, such as for highly constrained variable types like covariance matrices, then the sampler is fine,
Chain 2 but if this warning occurs often then your model may be either severely ill-conditioned or misspecified.
Chain 2 
Chain 2 Informational Message: The current Metropolis proposal is about to be rejected because of the following issue:
Chain 2 Exception: neg_binomial_2_lpmf: Location parameter[2] is inf, but must be positive finite! (in '/tmp/RtmptGIqA8/model-2b0edd2d36776a.stan', line 478, column 2 to column 59)
Chain 2 If this warning occurs sporadically, such as for highly constrained variable types like covariance matrices, then the sampler is fine,
Chain 2 but if this warning occurs often then your model may be either severely ill-conditioned or misspecified.
Chain 2 
Chain 2 Informational Message: The current Metropolis proposal is about to be rejected because of the following issue:
Chain 2 Exception: neg_binomial_2_lpmf: Location parameter[11] is inf, but must be positive finite! (in '/tmp/RtmptGIqA8/model-2b0edd2d36776a.stan', line 478, column 2 to column 59)
Chain 2 If this warning occurs sporadically, such as for highly constrained variable types like covariance matrices, then the sampler is fine,
Chain 2 but if this warning occurs often then your model may be either severely ill-conditioned or misspecified.
Chain 2 
Chain 3 Exception: neg_binomial_2_lpmf: Location parameter[1078] is 0, but must be positive finite! (in '/tmp/RtmptGIqA8/model-2b0edd2d36776a.stan', line 478, column 2 to column 59)
Chain 3 Exception: neg_binomial_2_lpmf: Location parameter[1078] is 0, but must be positive finite! (in '/tmp/RtmptGIqA8/model-2b0edd2d36776a.stan', line 478, column 2 to column 59)
Warning: Chain 3 finished unexpectedly!

Chain 1 Iteration:  200 / 1500 [ 13%]  (Warmup) 
Chain 2 Iteration:  200 / 1500 [ 13%]  (Warmup) 
Chain 1 Iteration:  400 / 1500 [ 26%]  (Warmup) 
Chain 2 Iteration:  400 / 1500 [ 26%]  (Warmup) 
Chain 1 Iteration:  600 / 1500 [ 40%]  (Warmup) 
Chain 2 Iteration:  600 / 1500 [ 40%]  (Warmup) 
Chain 1 Iteration:  701 / 1500 [ 46%]  (Sampling) 
Chain 2 Iteration:  701 / 1500 [ 46%]  (Sampling) 
Chain 1 Iteration:  900 / 1500 [ 60%]  (Sampling) 
Chain 2 Iteration:  900 / 1500 [ 60%]  (Sampling) 
Chain 1 Iteration: 1100 / 1500 [ 73%]  (Sampling) 
Chain 2 Iteration: 1100 / 1500 [ 73%]  (Sampling) 
Chain 1 Iteration: 1300 / 1500 [ 86%]  (Sampling) 
Chain 2 Iteration: 1300 / 1500 [ 86%]  (Sampling) 
Chain 1 Iteration: 1500 / 1500 [100%]  (Sampling) 
Chain 1 finished in 2782.4 seconds.
Chain 2 Iteration: 1500 / 1500 [100%]  (Sampling) 
Chain 2 finished in 2881.8 seconds.
Warning: 1 chain(s) finished unexpectedly!
The remaining chains had a mean execution time of 2882.1 seconds.
Warning: The returned fit object will only read in results of successful chains. Please use read_cmdstan_csv() to read the results of the failed chains separately.Use the $output(chain_id) method for more output of the failed chains.
Warning: 3 of 1600 (0.0%) transitions ended with a divergence.
See https://mc-stan.org/misc/warnings for details.


Sampling complete.

=== STEP 7: Parameter Recovery Diagnostics ===

Parameter Recovery Results:
================================================================================================================================== 
** indicates true value outside 90% CI

[Global Parameters - Primary Interest (Exposure Effects)]
---------------------------------------------------------------------------------------------------- 
  mu_gamma[1]                    True:   0.150 | Est:   0.083 (median:   0.079) | 90% CI: [ -0.003,   0.182] | Rhat: 1.001    [rate ratio = 1.162]
  sigma_gamma_between[1]         True:   0.080 | Est:   0.039 (median:   0.033) | 90% CI: [  0.014,   0.084] | Rhat: 1.002   
  sigma_gamma_within[1]          True:   0.040 | Est:   0.061 (median:   0.039) | 90% CI: [  0.003,   0.183] | Rhat: 1.000   

[Global Parameters - Nuisance]
---------------------------------------------------------------------------------------------------- 
  mu_beta_intercept              True:   3.500 | Est:   3.540 (median:   3.572) | 90% CI: [  3.079,   3.898] | Rhat: 1.004   
  sigma_beta_intercept           True:   0.300 | Est:   0.105 (median:   0.084) | 90% CI: [  0.010,   0.274] | Rhat: 1.003 **
  mu_phi_log                     True:   1.609 | Est:   1.538 (median:   1.549) | 90% CI: [  1.276,   1.762] | Rhat: 0.999    [phi ~ 5.0]
  sigma_phi_log                  True:   0.200 | Est:   0.119 (median:   0.105) | 90% CI: [  0.059,   0.221] | Rhat: 1.003   
  mu_pi_logit                    True:  -2.944 | Est:  -2.789 (median:  -2.788) | 90% CI: [ -2.975,  -2.604] | Rhat: 1.000    [pi ~ 0.050]
  sigma_pi_logit                 True:   0.200 | Est:   0.044 (median:   0.034) | 90% CI: [  0.004,   0.114] | Rhat: 0.999 **

[INGARCH Global Parameters (Raw Scale)]
---------------------------------------------------------------------------------------------------- 
  mu_alpha_random_raw[1]         True:   0.200 | Est:   0.205 (median:   0.207) | 90% CI: [  0.079,   0.317] | Rhat: 1.000    [alpha = tanh(0.200/2) = 0.0997]
  mu_alpha_random_raw[2]         True:   0.100 | Est:   0.091 (median:   0.092) | 90% CI: [  0.032,   0.148] | Rhat: 1.000    [alpha = tanh(0.100/2) = 0.0500]
  sigma_alpha_random[1]          True:   0.080 | Est:   0.056 (median:   0.049) | 90% CI: [  0.028,   0.108] | Rhat: 1.001   
  sigma_alpha_random[2]          True:   0.050 | Est:   0.022 (median:   0.019) | 90% CI: [  0.004,   0.051] | Rhat: 1.007   
  mu_alpha_fixed_raw[1]          True:   0.000 | Est:  -0.037 (median:  -0.038) | 90% CI: [ -0.069,  -0.006] | Rhat: 1.000 **
  mu_alpha_fixed_raw[2]          True:   0.000 | Est:   0.017 (median:   0.017) | 90% CI: [ -0.015,   0.050] | Rhat: 1.000   
  mu_alpha_fixed_raw[3]          True:   0.000 | Est:  -0.005 (median:  -0.004) | 90% CI: [ -0.037,   0.027] | Rhat: 1.001   
  mu_alpha_fixed_raw[4]          True:   0.000 | Est:   0.047 (median:   0.047) | 90% CI: [  0.016,   0.078] | Rhat: 1.000 **
  mu_alpha_fixed_raw[5]          True:   0.000 | Est:  -0.001 (median:  -0.001) | 90% CI: [ -0.031,   0.031] | Rhat: 0.999   
  mu_alpha_fixed_raw[6]          True:   0.000 | Est:  -0.006 (median:  -0.006) | 90% CI: [ -0.031,   0.018] | Rhat: 1.001   
  mu_alpha_fixed_raw[7]          True:   0.000 | Est:  -0.002 (median:  -0.002) | 90% CI: [ -0.026,   0.025] | Rhat: 1.000   
  mu_alpha_fixed_raw[8]          True:   0.000 | Est:  -0.006 (median:  -0.006) | 90% CI: [ -0.030,   0.018] | Rhat: 1.002   
  mu_alpha_fixed_raw[9]          True:   0.000 | Est:  -0.009 (median:  -0.009) | 90% CI: [ -0.033,   0.015] | Rhat: 1.001   
  mu_alpha_fixed_raw[10]         True:   0.000 | Est:  -0.010 (median:  -0.010) | 90% CI: [ -0.038,   0.015] | Rhat: 1.004   
  mu_delta_random_raw[1]         True:   0.150 | Est:   0.307 (median:   0.306) | 90% CI: [  0.098,   0.522] | Rhat: 1.000    [delta = tanh(0.150/2) = 0.0749]
  mu_delta_random_raw[2]         True:   0.080 | Est:   0.148 (median:   0.149) | 90% CI: [  0.014,   0.286] | Rhat: 1.001    [delta = tanh(0.080/2) = 0.0400]
  sigma_delta_random[1]          True:   0.060 | Est:   0.046 (median:   0.039) | 90% CI: [  0.005,   0.113] | Rhat: 1.004   
  sigma_delta_random[2]          True:   0.040 | Est:   0.026 (median:   0.020) | 90% CI: [  0.002,   0.065] | Rhat: 1.003   
  mu_delta_fixed_raw[1]          True:   0.000 | Est:  -0.119 (median:  -0.119) | 90% CI: [ -0.297,   0.055] | Rhat: 1.003   
  mu_delta_fixed_raw[2]          True:   0.000 | Est:  -0.069 (median:  -0.072) | 90% CI: [ -0.240,   0.096] | Rhat: 1.003   
  mu_delta_fixed_raw[3]          True:   0.000 | Est:   0.094 (median:   0.094) | 90% CI: [ -0.069,   0.264] | Rhat: 0.999   
  mu_delta_fixed_raw[4]          True:   0.000 | Est:  -0.105 (median:  -0.103) | 90% CI: [ -0.297,   0.072] | Rhat: 1.000   
  mu_delta_fixed_raw[5]          True:   0.000 | Est:  -0.003 (median:  -0.003) | 90% CI: [ -0.175,   0.181] | Rhat: 1.001   
  mu_delta_fixed_raw[6]          True:   0.000 | Est:  -0.020 (median:  -0.020) | 90% CI: [ -0.094,   0.049] | Rhat: 0.999   
  mu_delta_fixed_raw[7]          True:   0.000 | Est:   0.002 (median:   0.002) | 90% CI: [ -0.064,   0.070] | Rhat: 0.999   
  mu_delta_fixed_raw[8]          True:   0.000 | Est:  -0.015 (median:  -0.015) | 90% CI: [ -0.088,   0.057] | Rhat: 1.003   
  mu_delta_fixed_raw[9]          True:   0.000 | Est:   0.033 (median:   0.033) | 90% CI: [ -0.035,   0.102] | Rhat: 1.001   
  mu_delta_fixed_raw[10]         True:   0.000 | Est:   0.004 (median:   0.004) | 90% CI: [ -0.049,   0.058] | Rhat: 1.009   

[Random Predictor Global Parameters]
---------------------------------------------------------------------------------------------------- 
  mu_beta_random[1]              True:   0.050 | Est:   0.038 (median:   0.038) | 90% CI: [ -0.017,   0.089] | Rhat: 1.002    [price]
  mu_beta_random[2]              True:   0.100 | Est:   0.112 (median:   0.114) | 90% CI: [  0.058,   0.167] | Rhat: 1.000    [weekend]
  mu_beta_random[3]              True:   0.020 | Est:   0.025 (median:   0.025) | 90% CI: [  0.000,   0.047] | Rhat: 1.001    [season]
  sigma_beta_random[1]           True:   0.030 | Est:   0.024 (median:   0.021) | 90% CI: [  0.011,   0.050] | Rhat: 1.003    [price]
  sigma_beta_random[2]           True:   0.050 | Est:   0.019 (median:   0.016) | 90% CI: [  0.002,   0.045] | Rhat: 1.002 ** [weekend]
  sigma_beta_random[3]           True:   0.010 | Est:   0.007 (median:   0.006) | 90% CI: [  0.001,   0.018] | Rhat: 1.004    [season]

[Fixed Predictor Global Parameters]
---------------------------------------------------------------------------------------------------- 
  mu_beta_fixed[1]               True:  -0.020 | Est:  -0.014 (median:  -0.014) | 90% CI: [ -0.030,   0.003] | Rhat: 1.004    [temp]
  mu_beta_fixed[2]               True:  -0.010 | Est:  -0.032 (median:  -0.032) | 90% CI: [ -0.047,  -0.017] | Rhat: 1.002 ** [precip]

[Restaurant-Level Parameters]
---------------------------------------------------------------------------------------------------- 

  Restaurant 1:
  phi[1]                         True:   7.304 | Est:   7.454 (median:   7.439) | 90% CI: [  6.520,   8.433] | Rhat: 1.002   
  pi[1]                          True:   0.055 | Est:   0.060 (median:   0.059) | 90% CI: [  0.049,   0.073] | Rhat: 1.000   

  Restaurant 2:
  phi[2]                         True:   4.588 | Est:   4.845 (median:   4.825) | 90% CI: [  4.264,   5.472] | Rhat: 1.001   
  pi[2]                          True:   0.057 | Est:   0.056 (median:   0.056) | 90% CI: [  0.043,   0.068] | Rhat: 1.002   

  Restaurant 3:
  phi[3]                         True:   4.749 | Est:   5.175 (median:   5.169) | 90% CI: [  4.560,   5.845] | Rhat: 1.001   
  pi[3]                          True:   0.061 | Est:   0.061 (median:   0.060) | 90% CI: [  0.049,   0.076] | Rhat: 1.001   

  Restaurant 4:
  phi[4]                         True:   3.514 | Est:   3.589 (median:   3.586) | 90% CI: [  3.163,   4.021] | Rhat: 1.001   
  pi[4]                          True:   0.045 | Est:   0.056 (median:   0.056) | 90% CI: [  0.043,   0.068] | Rhat: 1.001   

  Restaurant 5:
  phi[5]                         True:   5.482 | Est:   4.862 (median:   4.850) | 90% CI: [  4.301,   5.469] | Rhat: 1.000 **
  pi[5]                          True:   0.055 | Est:   0.059 (median:   0.059) | 90% CI: [  0.048,   0.073] | Rhat: 1.000   

  Restaurant 6:
  phi[6]                         True:   4.399 | Est:   3.950 (median:   3.932) | 90% CI: [  3.509,   4.448] | Rhat: 1.004   
  pi[6]                          True:   0.036 | Est:   0.057 (median:   0.057) | 90% CI: [  0.045,   0.068] | Rhat: 0.999 **

[Per-Exposure Gamma Values]
---------------------------------------------------------------------------------------------------- 
  Exposure 1 (Rest 1, param 1):
    beta[7,1]                    True:  0.0872 | Est:  0.0877 | 90% CI: [ 0.0316,  0.1497]   
  Exposure 2 (Rest 2, param 1):
    beta[8,2]                    True:  0.0529 | Est:  0.0350 | 90% CI: [-0.2241,  0.3010]   
  z_gamma[2]                     True:  -0.727 | Est:  -0.331 (median:  -0.394) | 90% CI: [ -5.044,   4.171] | Rhat: 1.002   
  Exposure 3 (Rest 2, param 1):
    beta[9,2]                    True:  0.0272 | Est:  0.0350 | 90% CI: [-0.2255,  0.3048]   
  z_gamma[3]                     True:  -1.368 | Est:  -0.366 (median:  -0.377) | 90% CI: [ -4.890,   4.293] | Rhat: 1.000   
  Exposure 4 (Rest 3, param 1):
    beta[10,3]                   True: -0.0431 | Est: -0.0401 | 90% CI: [-0.1110,  0.0324]   
  Exposure 5 (Rest 4, param 1):
    beta[11,4]                   True:  0.1204 | Est:  0.1871 | 90% CI: [ 0.0765,  0.3118]   
  z_gamma[5]                     True:  -0.811 | Est:   1.099 (median:   1.081) | 90% CI: [ -2.731,   4.967] | Rhat: 1.002   
  Exposure 6 (Rest 4, param 1):
    beta[12,4]                   True:  0.2107 | Est:  0.1580 | 90% CI: [ 0.0469,  0.2676]   
  z_gamma[6]                     True:   1.444 | Est:   0.564 (median:   0.518) | 90% CI: [ -3.355,   4.458] | Rhat: 1.002   
  Exposure 7 (Rest 5, param 1):
    beta[13,5]                   True:  0.1665 | Est:  0.1059 | 90% CI: [ 0.0274,  0.1900]   
  Exposure 8 (Rest 6, param 1):
    beta[14,6]                   True:  0.1211 | Est:  0.1381 | 90% CI: [ 0.0564,  0.2235]   

=== STEP 8: Model Diagnostics ===

[Sampling Diagnostics]
================================================================================ 
Warning: 3 of 1600 (0.0%) transitions ended with a divergence.
See https://mc-stan.org/misc/warnings for details.

  Divergences: 3
  Max treedepth hits: 0
  Max Rhat: 1.012
  Parameters with Rhat > 1.01: 2
  Parameters with Rhat > 1.05: 0
  Parameters with Rhat > 1.10: 0
  Min ESS bulk: 425
  Min ESS tail: 405
  Median ESS bulk: 1695
  Median ESS tail: 1455

Worst Rhat parameters (top 10):
  log_lik[72]                    Rhat: 1.0119, ESS_bulk: 2615, ESS_tail: 1077
  nu[72]                         Rhat: 1.0101, ESS_bulk: 2581, ESS_tail: 1132
  lambda[72]                     Rhat: 1.0099, ESS_bulk: 2581, ESS_tail: 1132
  delta[12,1]                    Rhat: 1.0090, ESS_bulk: 2051, ESS_tail: 1196
  delta[12,2]                    Rhat: 1.0090, ESS_bulk: 2051, ESS_tail: 1196
  delta[12,3]                    Rhat: 1.0090, ESS_bulk: 2051, ESS_tail: 1196
  delta[12,4]                    Rhat: 1.0090, ESS_bulk: 2051, ESS_tail: 1196
  delta[12,5]                    Rhat: 1.0090, ESS_bulk: 2051, ESS_tail: 1196
  delta[12,6]                    Rhat: 1.0090, ESS_bulk: 2051, ESS_tail: 1196
  mu_delta_fixed_raw[10]         Rhat: 1.0090, ESS_bulk: 2051, ESS_tail: 1196

=== STEP 9: Coverage Analysis ===

Exposure parameter 90% CI coverage: 100.0% (3 params, expected ~90%)
Nuisance parameter 90% CI coverage: 66.7% (6 params, expected ~90%)
INGARCH global parameter 90% CI coverage: 92.9% (28 params, expected ~90%)
Predictor parameter 90% CI coverage: 75.0% (8 params, expected ~90%)
Restaurant-level 90% CI coverage: 83.3% (12 params, expected ~90%)

Overall global parameter 90% CI coverage: 86.7% (45 params, expected ~90%)

=== STEP 10: Saving Results ===

Results saved to: /home/nuttidalab/Documents/Jared/Other/testing/model_simulations/simulate_total_results.rds

=== Simulation Complete ===

Key findings summary:
  - mu_gamma[1] (exposure effect): true = 0.150 [rate ratio = 1.162], check 90% CI above
  - Total data points: 2400 (train) + 120 (test) = 2520
  - Predictors: 3 random + 2 fixed + 8 exposures = 13 total (+ intercept)
  - INGARCH lags: p_effective = 12, q_effective = 12
  - Divergences: 3
  - Max Rhat: 1.012
  - Overall global 90% coverage: 86.7%
