CmdStan path set to: /home/godli/.cmdstan/cmdstan-2.38.0
── Attaching core tidyverse packages ──────────────────────── tidyverse 2.0.0 ──
✔ dplyr     1.2.0     ✔ readr     2.2.0
✔ forcats   1.0.1     ✔ stringr   1.6.0
✔ ggplot2   4.0.2     ✔ tibble    3.3.1
✔ lubridate 1.9.5     ✔ tidyr     1.3.2
✔ purrr     1.2.1     
[conflicted] Will prefer dplyr::select over any other package.
[conflicted] Will prefer dplyr::filter over any other package.
[conflicted] Will prefer lubridate::year over any other package.
[conflicted] Will prefer lubridate::month over any other package.
[conflicted] Will prefer purrr::map over any other package.
[conflicted] Will prefer stats::sd over any other package.
[conflicted] Will prefer base::match over any other package.
This is cmdstanr version 0.9.0
- CmdStanR documentation and vignettes: mc-stan.org/cmdstanr
- CmdStan path: /home/godli/.cmdstan/cmdstan-2.38.0
- CmdStan version: 2.38.0

A newer version of CmdStan is available. See ?install_cmdstan() to install it.
To disable this check set option or environment variable cmdstanr_no_ver_check=TRUE.
This is posterior version 1.6.1
── Attaching packages ──────────────────────────────────────────── fpp3 1.0.3 ──
✔ tsibble     1.2.0     ✔ feasts      0.5.0
✔ tsibbledata 0.4.1     ✔ fable       0.5.0
✔ ggtime      0.2.0     
Loading required package: R.oo
Loading required package: R.methodsS3
R.methodsS3 v1.8.2 (2022-06-13 22:00:14 UTC) successfully loaded. See ?R.methodsS3 for help.
R.oo v1.27.1 (2025-05-02 21:00:05 UTC) successfully loaded. See ?R.oo for help.

Attaching package: ‘R.oo’

The following object is masked from ‘package:R.methodsS3’:

    throw

The following object is masked from ‘package:shiny’:

    printStackTrace

The following object is masked from ‘package:renv’:

    load

The following objects are masked from ‘package:methods’:

    getClasses, getMethods

The following objects are masked from ‘package:base’:

    attach, detach, load, save

R.utils v2.13.0 (2025-02-24 21:20:02 UTC) successfully loaded. See ?R.utils for help.
[day A. loaded parquet] rows=32473 cols=77 locations=19
[day B. filter to 3 target restaurants] rows=7200 cols=77 locations=3
[day C. re-applied date filters] rows=7200 cols=77 locations=3
[day D. joined intros + date_num/exposure deltas] rows=7200 cols=110 locations=3
[day E. slope cols added] cols 110 -> 141 (+31)
[day F. drop irrelevant exposure cols + date_num_exposure] cols 141 -> 54 (-87)
[day G. base exposure_cols (level only)]: 3 -> exposure_2HRX9P6HKXA8V_1, exposure_L69HYJ4Y3TR91_1, exposure_ED5J990H5VAZT_1
[day H. gender check] has_gender=TRUE, gender table:

 female    male unknown    <NA> 
   2447    2573    2180       0 
[day H. created gender x exposure interactions] cols 54 -> 60 (+6)
[day I. arranged by (location_id_num, date)] rows=7200 cols=60 locations=3
[day J. exposure_predictors (final, incl slopes + gender)]: 12 cols
    -> exposure_2HRX9P6HKXA8V_1, exposure_L69HYJ4Y3TR91_1, exposure_ED5J990H5VAZT_1, exposure_2HRX9P6HKXA8V_1_slope, exposure_L69HYJ4Y3TR91_1_slope, exposure_ED5J990H5VAZT_1_slope, exposure_2HRX9P6HKXA8V_1_gendermale, exposure_2HRX9P6HKXA8V_1_genderfemale, exposure_L69HYJ4Y3TR91_1_gendermale, exposure_L69HYJ4Y3TR91_1_genderfemale, exposure_ED5J990H5VAZT_1_gendermale, exposure_ED5J990H5VAZT_1_genderfemale 
[day K. numeric predictors selected for scaling]: 21 cols
    -> n_customers, vegan_price_real, vegetarian_price_real, meat_price_real, breakfast_p_price_real, textured_p_price_real, untextured_p_price_real, chicken_p_price_real, dairy_p_price_real, egg_p_price_real, breakfast_price_real, textured_price_real, untextured_price_real, breakfast_t2_price_real, textured_t2_price_real, untextured_t2_price_real, dairy_t2_price_real, inflation, temp, precip, date_code 
[day L. train/test split + scaled] train=6838 test=362 total=7200
[1] "Train: N = 6838"
[1] "Test: N = 362"
[1] "Successfully created `expo_to_rest` mapping."
[1] "Successfully created `expo_to_param` mapping."
Identified 12 exposure columns in the design matrix: 
exposure_2HRX9P6HKXA8V_1, 
exposure_L69HYJ4Y3TR91_1, 
exposure_ED5J990H5VAZT_1, 
exposure_2HRX9P6HKXA8V_1_slope, 
exposure_L69HYJ4Y3TR91_1_slope, 
exposure_ED5J990H5VAZT_1_slope, 
exposure_2HRX9P6HKXA8V_1_gendermale, 
exposure_2HRX9P6HKXA8V_1_genderfemale, 
exposure_L69HYJ4Y3TR91_1_gendermale, 
exposure_L69HYJ4Y3TR91_1_genderfemale, 
exposure_ED5J990H5VAZT_1_gendermale, 
exposure_ED5J990H5VAZT_1_genderfemale
Identified 31 random beta columns: 
vegan_price_real, 
vegetarian_price_real, 
meat_price_real, 
breakfast_price_real, 
weekend, 
holiday_window, 
month_cat2, 
month_cat3, 
month_cat4, 
month_cat5, 
month_cat6, 
month_cat7, 
month_cat8, 
month_cat9, 
month_cat10, 
month_cat11, 
month_cat12, 
seasonspring, 
seasonsummer, 
seasonwinter, 
year_cat2014, 
year_cat2015, 
year_cat2016, 
year_cat2017, 
year_cat2018, 
year_cat2019, 
year_cat2020, 
year_cat2021, 
year_cat2022, 
year_cat2023, 
date_num
Identified 9 fixed beta columns: 
day_of_week_cat1, 
day_of_week_cat2, 
day_of_week_cat3, 
day_of_week_cat4, 
day_of_week_cat5, 
day_of_week_cat6, 
inflation, 
temp, 
precip
$R
[1] 3

$J
[1] 53

$M
[1] 4

$idx_intercept
[1] 1

$K_beta_random
[1] 31

$idx_beta_random
[1] 2 3 4 5 6 7

$K_beta_fixed
[1] 9

$idx_beta_fixed
[1] 33 34 35 36 37 38

$K_exposure
[1] 12

$idx_exposure
[1] 42 43 44 45 46 47

$expo_to_rest
[1] 1 2 3 1 2 3

$expo_to_param
[1] 1 1 1 2 2 2

$N_train
[1] 6838

$X_train
  (Intercept) vegan_price_real vegetarian_price_real meat_price_real
1           1        0.2072577            -0.2687308      -0.7998741
2           1       -0.4663623            -0.3959397      -0.7750222
3           1       -0.7369056            -0.4589617      -0.8986935
4           1       -0.3157696            -0.4000957      -1.1065112
5           1       -0.5649774            -0.4711356      -0.9955875
6           1       -0.6019991            -0.4970147      -1.0965658
  breakfast_price_real weekend holiday_window month_cat2 month_cat3 month_cat4
1            0.7465120       0              0          0          0          0
2            0.6732820       0              0          0          0          0
3            0.4771314       0              0          0          0          0
4            0.1535701       0              0          0          0          0
5            0.2550530       0              0          0          0          0
6            0.1315639       0              0          0          0          0
  month_cat5 month_cat6 month_cat7 month_cat8 month_cat9 month_cat10
1          0          0          0          0          0           0
2          0          0          0          0          0           0
3          0          0          0          0          0           0
4          0          0          0          0          0           0
5          0          0          0          0          0           0
6          0          0          0          0          0           0
  month_cat11 month_cat12 seasonspring seasonsummer seasonwinter year_cat2014
1           0           0            0            0            1            0
2           0           0            0            0            1            0
3           0           0            0            0            1            0
4           0           0            0            0            1            0
5           0           0            0            0            1            0
6           0           0            0            0            1            0
  year_cat2015 year_cat2016 year_cat2017 year_cat2018 year_cat2019 year_cat2020
1            0            0            0            0            1            0
2            0            0            0            0            1            0
3            0            0            0            0            1            0
4            0            0            0            0            1            0
5            0            0            0            0            1            0
6            0            0            0            0            1            0
  year_cat2021 year_cat2022 year_cat2023 date_num day_of_week_cat1
1            0            0            0 49.00205                0
2            0            0            0 49.00205                0
3            0            0            0 49.00205                0
4            0            0            0 49.00479                0
5            0            0            0 49.00479                0
6            0            0            0 49.00479                0
  day_of_week_cat2 day_of_week_cat3 day_of_week_cat4 day_of_week_cat5
1                1                0                0                0
2                1                0                0                0
3                1                0                0                0
4                0                1                0                0
5                0                1                0                0
6                0                1                0                0
  day_of_week_cat6 inflation       temp     precip exposure_2HRX9P6HKXA8V_1
1                0 -1.021932 -1.1446669 -0.3036778                        0
2                0 -1.021932 -1.1446669 -0.3036778                        0
3                0 -1.021932 -1.1446669 -0.3036778                        0
4                0 -1.021932 -0.9507321 -0.3036778                        0
5                0 -1.021932 -0.9507321 -0.3036778                        0
6                0 -1.021932 -0.9507321 -0.3036778                        0
  exposure_L69HYJ4Y3TR91_1 exposure_ED5J990H5VAZT_1
1                        0                        0
2                        0                        0
3                        0                        0
4                        0                        0
5                        0                        0
6                        0                        0
  exposure_2HRX9P6HKXA8V_1_slope exposure_L69HYJ4Y3TR91_1_slope
1                              0                              0
2                              0                              0
3                              0                              0
4                              0                              0
5                              0                              0
6                              0                              0
  exposure_ED5J990H5VAZT_1_slope exposure_2HRX9P6HKXA8V_1_gendermale
1                              0                                   0
2                              0                                   0
3                              0                                   0
4                              0                                   0
5                              0                                   0
6                              0                                   0
  exposure_2HRX9P6HKXA8V_1_genderfemale exposure_L69HYJ4Y3TR91_1_gendermale
1                                     0                                   0
2                                     0                                   0
3                                     0                                   0
4                                     0                                   0
5                                     0                                   0
6                                     0                                   0
  exposure_L69HYJ4Y3TR91_1_genderfemale exposure_ED5J990H5VAZT_1_gendermale
1                                     0                                   0
2                                     0                                   0
3                                     0                                   0
4                                     0                                   0
5                                     0                                   0
6                                     0                                   0
  exposure_ED5J990H5VAZT_1_genderfemale
1                                     0
2                                     0
3                                     0
4                                     0
5                                     0
6                                     0

$y_train
[1] 0.00000000 0.00000000 0.00000000 0.00000000 0.03333333 0.00000000

$idx_to_rest_train
[1] 1 1 1 1 1 1

$train_start_idx
[1]    1 1977 2855

$train_end_idx
[1] 1976 2854 6838

$N_test
[1] 362

$X_test
  (Intercept) vegan_price_real vegetarian_price_real meat_price_real
1           1      -0.04595800             1.0068988       0.7005223
2           1      -0.50849109             0.7363026       0.7271935
3           1      -0.02553252             1.0738469       0.6429987
4           1       0.28413461             1.2314920       0.6964136
5           1       0.35322562             0.5772588       1.0520372
6           1      -0.91604296            -0.5916447       1.1094289
  breakfast_price_real weekend holiday_window month_cat2 month_cat3 month_cat4
1           0.04025477       0              0          0          0          1
2           0.03088448       0              0          0          0          1
3          -0.02864445       1              0          0          0          1
4          -0.02949935       1              0          0          0          1
5           0.16468897       0              0          0          0          1
6           0.05780277       0              0          0          0          1
  month_cat5 month_cat6 month_cat7 month_cat8 month_cat9 month_cat10
1          0          0          0          0          0           0
2          0          0          0          0          0           0
3          0          0          0          0          0           0
4          0          0          0          0          0           0
5          0          0          0          0          0           0
6          0          0          0          0          0           0
  month_cat11 month_cat12 seasonspring seasonsummer seasonwinter year_cat2014
1           0           0            1            0            0            0
2           0           0            1            0            0            0
3           0           0            1            0            0            0
4           0           0            1            0            0            0
5           0           0            1            0            0            0
6           0           0            1            0            0            0
  year_cat2015 year_cat2016 year_cat2017 year_cat2018 year_cat2019 year_cat2020
1            0            0            0            0            0            0
2            0            0            0            0            0            0
3            0            0            0            0            0            0
4            0            0            0            0            0            0
5            0            0            0            0            0            0
6            0            0            0            0            0            0
  year_cat2021 year_cat2022 year_cat2023 date_num day_of_week_cat1
1            0            0            1 53.28131                0
2            0            0            1 53.28131                0
3            0            0            1 53.28405                0
4            0            0            1 53.28405                0
5            0            0            1 53.28953                0
6            0            0            1 53.29500                0
  day_of_week_cat2 day_of_week_cat3 day_of_week_cat4 day_of_week_cat5
1                0                0                1                0
2                0                0                1                0
3                0                0                0                1
4                0                0                0                1
5                0                0                0                0
6                1                0                0                0
  day_of_week_cat6 inflation       temp     precip exposure_2HRX9P6HKXA8V_1
1                0  2.383898 -0.2098016 -0.3036778                        1
2                0  2.383898 -0.2098016 -0.3036778                        1
3                0  2.383898 -0.1004025 -0.3036778                        1
4                0  2.383898 -0.1004025 -0.3036778                        1
5                0  2.383898 -0.3739003 -0.3036778                        1
6                0  2.383898 -0.3192008 -0.3036778                        1
  exposure_L69HYJ4Y3TR91_1 exposure_ED5J990H5VAZT_1
1                        0                        0
2                        0                        0
3                        0                        0
4                        0                        0
5                        0                        0
6                        0                        0
  exposure_2HRX9P6HKXA8V_1_slope exposure_L69HYJ4Y3TR91_1_slope
1                       3.857632                              0
2                       3.857632                              0
3                       3.860370                              0
4                       3.860370                              0
5                       3.865845                              0
6                       3.871321                              0
  exposure_ED5J990H5VAZT_1_slope exposure_2HRX9P6HKXA8V_1_gendermale
1                              0                                   0
2                              0                                   1
3                              0                                   0
4                              0                                   0
5                              0                                   0
6                              0                                   0
  exposure_2HRX9P6HKXA8V_1_genderfemale exposure_L69HYJ4Y3TR91_1_gendermale
1                                     1                                   0
2                                     0                                   0
3                                     1                                   0
4                                     0                                   0
5                                     1                                   0
6                                     0                                   0
  exposure_L69HYJ4Y3TR91_1_genderfemale exposure_ED5J990H5VAZT_1_gendermale
1                                     0                                   0
2                                     0                                   0
3                                     0                                   0
4                                     0                                   0
5                                     0                                   0
6                                     0                                   0
  exposure_ED5J990H5VAZT_1_genderfemale
1                                     0
2                                     0
3                                     0
4                                     0
5                                     0
6                                     0

$y_test
[1] -0.5  0.0 -2.0 -1.0 -2.0  1.0

$idx_to_rest_test
[1] 1 1 1 1 1 1

$test_start_idx
[1]   1 106 153

$test_end_idx
[1] 105 152 362

$mu_gamma_scale
[1] 1

$sigma_gamma_between_scale
[1] 1

$sigma_gamma_within_scale
[1] 1

$mu_beta_scale
[1] 1

$sigma_beta_scale
[1] 1

$mu_sigma_log_scale
[1] 2

$sigma_sigma_log_scale
[1] 1

$z_eta_scale
[1] 1

$z_gamma_scale
[1] 1

$z_beta_scale
[1] 1

$z_sigma_scale
[1] 1

[1] "Using Stan model: model_multilevel_transfer_customer_gaussian_iid.stan"
[1] "Fitting the Gaussian IID (transaction-level demeaned) model..."
Running MCMC with 3 parallel chains...

Chain 1 Iteration:    1 / 3500 [  0%]  (Warmup) 
Chain 1 Informational Message: The current Metropolis proposal is about to be rejected because of the following issue:
Chain 1 Exception: normal_lpdf: Location parameter[1] is -nan, but must be finite! (in '/tmp/RtmpBDInKB/model-2793c665c7a121.stan', line 327, column 2 to column 49)
Chain 1 If this warning occurs sporadically, such as for highly constrained variable types like covariance matrices, then the sampler is fine,
Chain 1 but if this warning occurs often then your model may be either severely ill-conditioned or misspecified.
Chain 1 
Chain 1 Informational Message: The current Metropolis proposal is about to be rejected because of the following issue:
Chain 1 Exception: normal_lpdf: Location parameter[1] is -nan, but must be finite! (in '/tmp/RtmpBDInKB/model-2793c665c7a121.stan', line 327, column 2 to column 49)
Chain 1 If this warning occurs sporadically, such as for highly constrained variable types like covariance matrices, then the sampler is fine,
Chain 1 but if this warning occurs often then your model may be either severely ill-conditioned or misspecified.
Chain 1 
Chain 1 Informational Message: The current Metropolis proposal is about to be rejected because of the following issue:
Chain 1 Exception: normal_lpdf: Location parameter[1] is -nan, but must be finite! (in '/tmp/RtmpBDInKB/model-2793c665c7a121.stan', line 327, column 2 to column 49)
Chain 1 If this warning occurs sporadically, such as for highly constrained variable types like covariance matrices, then the sampler is fine,
Chain 1 but if this warning occurs often then your model may be either severely ill-conditioned or misspecified.
Chain 1 
Chain 1 Informational Message: The current Metropolis proposal is about to be rejected because of the following issue:
Chain 1 Exception: normal_lpdf: Location parameter[1] is -nan, but must be finite! (in '/tmp/RtmpBDInKB/model-2793c665c7a121.stan', line 327, column 2 to column 49)
Chain 1 If this warning occurs sporadically, such as for highly constrained variable types like covariance matrices, then the sampler is fine,
Chain 1 but if this warning occurs often then your model may be either severely ill-conditioned or misspecified.
Chain 1 
Chain 1 Informational Message: The current Metropolis proposal is about to be rejected because of the following issue:
Chain 1 Exception: normal_lpdf: Location parameter[1] is -nan, but must be finite! (in '/tmp/RtmpBDInKB/model-2793c665c7a121.stan', line 327, column 2 to column 49)
Chain 1 If this warning occurs sporadically, such as for highly constrained variable types like covariance matrices, then the sampler is fine,
Chain 1 but if this warning occurs often then your model may be either severely ill-conditioned or misspecified.
Chain 1 
Chain 1 Informational Message: The current Metropolis proposal is about to be rejected because of the following issue:
Chain 1 Exception: normal_lpdf: Location parameter[1] is -nan, but must be finite! (in '/tmp/RtmpBDInKB/model-2793c665c7a121.stan', line 327, column 2 to column 49)
Chain 1 If this warning occurs sporadically, such as for highly constrained variable types like covariance matrices, then the sampler is fine,
Chain 1 but if this warning occurs often then your model may be either severely ill-conditioned or misspecified.
Chain 1 
Chain 1 Informational Message: The current Metropolis proposal is about to be rejected because of the following issue:
Chain 1 Exception: normal_lpdf: Location parameter[1] is -inf, but must be finite! (in '/tmp/RtmpBDInKB/model-2793c665c7a121.stan', line 327, column 2 to column 49)
Chain 1 If this warning occurs sporadically, such as for highly constrained variable types like covariance matrices, then the sampler is fine,
Chain 1 but if this warning occurs often then your model may be either severely ill-conditioned or misspecified.
Chain 1 
Chain 2 Iteration:    1 / 3500 [  0%]  (Warmup) 
Chain 2 Informational Message: The current Metropolis proposal is about to be rejected because of the following issue:
Chain 2 Exception: normal_lpdf: Location parameter[1] is -nan, but must be finite! (in '/tmp/RtmpBDInKB/model-2793c665c7a121.stan', line 327, column 2 to column 49)
Chain 2 If this warning occurs sporadically, such as for highly constrained variable types like covariance matrices, then the sampler is fine,
Chain 2 but if this warning occurs often then your model may be either severely ill-conditioned or misspecified.
Chain 2 
Chain 2 Informational Message: The current Metropolis proposal is about to be rejected because of the following issue:
Chain 2 Exception: normal_lpdf: Location parameter[1] is -nan, but must be finite! (in '/tmp/RtmpBDInKB/model-2793c665c7a121.stan', line 327, column 2 to column 49)
Chain 2 If this warning occurs sporadically, such as for highly constrained variable types like covariance matrices, then the sampler is fine,
Chain 2 but if this warning occurs often then your model may be either severely ill-conditioned or misspecified.
Chain 2 
Chain 2 Informational Message: The current Metropolis proposal is about to be rejected because of the following issue:
Chain 2 Exception: normal_lpdf: Location parameter[1] is -nan, but must be finite! (in '/tmp/RtmpBDInKB/model-2793c665c7a121.stan', line 327, column 2 to column 49)
Chain 2 If this warning occurs sporadically, such as for highly constrained variable types like covariance matrices, then the sampler is fine,
Chain 2 but if this warning occurs often then your model may be either severely ill-conditioned or misspecified.
Chain 2 
Chain 2 Informational Message: The current Metropolis proposal is about to be rejected because of the following issue:
Chain 2 Exception: normal_lpdf: Location parameter[1] is -nan, but must be finite! (in '/tmp/RtmpBDInKB/model-2793c665c7a121.stan', line 327, column 2 to column 49)
Chain 2 If this warning occurs sporadically, such as for highly constrained variable types like covariance matrices, then the sampler is fine,
Chain 2 but if this warning occurs often then your model may be either severely ill-conditioned or misspecified.
Chain 2 
Chain 2 Informational Message: The current Metropolis proposal is about to be rejected because of the following issue:
Chain 2 Exception: normal_lpdf: Location parameter[1] is -nan, but must be finite! (in '/tmp/RtmpBDInKB/model-2793c665c7a121.stan', line 327, column 2 to column 49)
Chain 2 If this warning occurs sporadically, such as for highly constrained variable types like covariance matrices, then the sampler is fine,
Chain 2 but if this warning occurs often then your model may be either severely ill-conditioned or misspecified.
Chain 2 
Chain 2 Informational Message: The current Metropolis proposal is about to be rejected because of the following issue:
Chain 2 Exception: normal_lpdf: Scale parameter[2855] is 0, but must be positive! (in '/tmp/RtmpBDInKB/model-2793c665c7a121.stan', line 327, column 2 to column 49)
Chain 2 If this warning occurs sporadically, such as for highly constrained variable types like covariance matrices, then the sampler is fine,
Chain 2 but if this warning occurs often then your model may be either severely ill-conditioned or misspecified.
Chain 2 
Chain 3 Iteration:    1 / 3500 [  0%]  (Warmup) 
Chain 3 Informational Message: The current Metropolis proposal is about to be rejected because of the following issue:
Chain 3 Exception: normal_lpdf: Location parameter[1] is -nan, but must be finite! (in '/tmp/RtmpBDInKB/model-2793c665c7a121.stan', line 327, column 2 to column 49)
Chain 3 If this warning occurs sporadically, such as for highly constrained variable types like covariance matrices, then the sampler is fine,
Chain 3 but if this warning occurs often then your model may be either severely ill-conditioned or misspecified.
Chain 3 
Chain 3 Informational Message: The current Metropolis proposal is about to be rejected because of the following issue:
Chain 3 Exception: normal_lpdf: Location parameter[1] is -nan, but must be finite! (in '/tmp/RtmpBDInKB/model-2793c665c7a121.stan', line 327, column 2 to column 49)
Chain 3 If this warning occurs sporadically, such as for highly constrained variable types like covariance matrices, then the sampler is fine,
Chain 3 but if this warning occurs often then your model may be either severely ill-conditioned or misspecified.
Chain 3 
Chain 3 Informational Message: The current Metropolis proposal is about to be rejected because of the following issue:
Chain 3 Exception: normal_lpdf: Location parameter[1] is -nan, but must be finite! (in '/tmp/RtmpBDInKB/model-2793c665c7a121.stan', line 327, column 2 to column 49)
Chain 3 If this warning occurs sporadically, such as for highly constrained variable types like covariance matrices, then the sampler is fine,
Chain 3 but if this warning occurs often then your model may be either severely ill-conditioned or misspecified.
Chain 3 
Chain 3 Informational Message: The current Metropolis proposal is about to be rejected because of the following issue:
Chain 3 Exception: normal_lpdf: Location parameter[1] is -nan, but must be finite! (in '/tmp/RtmpBDInKB/model-2793c665c7a121.stan', line 327, column 2 to column 49)
Chain 3 If this warning occurs sporadically, such as for highly constrained variable types like covariance matrices, then the sampler is fine,
Chain 3 but if this warning occurs often then your model may be either severely ill-conditioned or misspecified.
Chain 3 
Chain 3 Informational Message: The current Metropolis proposal is about to be rejected because of the following issue:
Chain 3 Exception: normal_lpdf: Location parameter[1] is -nan, but must be finite! (in '/tmp/RtmpBDInKB/model-2793c665c7a121.stan', line 327, column 2 to column 49)
Chain 3 If this warning occurs sporadically, such as for highly constrained variable types like covariance matrices, then the sampler is fine,
Chain 3 but if this warning occurs often then your model may be either severely ill-conditioned or misspecified.
Chain 3 
Chain 3 Informational Message: The current Metropolis proposal is about to be rejected because of the following issue:
Chain 3 Exception: normal_lpdf: Location parameter[1] is -nan, but must be finite! (in '/tmp/RtmpBDInKB/model-2793c665c7a121.stan', line 327, column 2 to column 49)
Chain 3 If this warning occurs sporadically, such as for highly constrained variable types like covariance matrices, then the sampler is fine,
Chain 3 but if this warning occurs often then your model may be either severely ill-conditioned or misspecified.
Chain 3 
Chain 3 Informational Message: The current Metropolis proposal is about to be rejected because of the following issue:
Chain 3 Exception: normal_lpdf: Location parameter[1] is inf, but must be finite! (in '/tmp/RtmpBDInKB/model-2793c665c7a121.stan', line 327, column 2 to column 49)
Chain 3 If this warning occurs sporadically, such as for highly constrained variable types like covariance matrices, then the sampler is fine,
Chain 3 but if this warning occurs often then your model may be either severely ill-conditioned or misspecified.
Chain 3 
Chain 3 Informational Message: The current Metropolis proposal is about to be rejected because of the following issue:
Chain 3 Exception: normal_lpdf: Location parameter[1] is -nan, but must be finite! (in '/tmp/RtmpBDInKB/model-2793c665c7a121.stan', line 327, column 2 to column 49)
Chain 3 If this warning occurs sporadically, such as for highly constrained variable types like covariance matrices, then the sampler is fine,
Chain 3 but if this warning occurs often then your model may be either severely ill-conditioned or misspecified.
Chain 3 
Chain 3 Informational Message: The current Metropolis proposal is about to be rejected because of the following issue:
Chain 3 Exception: normal_lpdf: Location parameter[1] is -nan, but must be finite! (in '/tmp/RtmpBDInKB/model-2793c665c7a121.stan', line 327, column 2 to column 49)
Chain 3 If this warning occurs sporadically, such as for highly constrained variable types like covariance matrices, then the sampler is fine,
Chain 3 but if this warning occurs often then your model may be either severely ill-conditioned or misspecified.
Chain 3 
Chain 3 Informational Message: The current Metropolis proposal is about to be rejected because of the following issue:
Chain 3 Exception: normal_lpdf: Location parameter[1] is -nan, but must be finite! (in '/tmp/RtmpBDInKB/model-2793c665c7a121.stan', line 327, column 2 to column 49)
Chain 3 If this warning occurs sporadically, such as for highly constrained variable types like covariance matrices, then the sampler is fine,
Chain 3 but if this warning occurs often then your model may be either severely ill-conditioned or misspecified.
Chain 3 
Chain 3 Iteration:  100 / 3500 [  2%]  (Warmup) 
Chain 2 Iteration:  100 / 3500 [  2%]  (Warmup) 
Chain 1 Iteration:  100 / 3500 [  2%]  (Warmup) 
Chain 3 Iteration:  200 / 3500 [  5%]  (Warmup) 
Chain 2 Iteration:  200 / 3500 [  5%]  (Warmup) 
Chain 1 Iteration:  200 / 3500 [  5%]  (Warmup) 
Chain 3 Iteration:  300 / 3500 [  8%]  (Warmup) 
Chain 2 Iteration:  300 / 3500 [  8%]  (Warmup) 
Chain 1 Iteration:  300 / 3500 [  8%]  (Warmup) 
Chain 3 Iteration:  400 / 3500 [ 11%]  (Warmup) 
Chain 2 Iteration:  400 / 3500 [ 11%]  (Warmup) 
Chain 1 Iteration:  400 / 3500 [ 11%]  (Warmup) 
Chain 3 Iteration:  500 / 3500 [ 14%]  (Warmup) 
Chain 2 Iteration:  500 / 3500 [ 14%]  (Warmup) 
Chain 1 Iteration:  500 / 3500 [ 14%]  (Warmup) 
Chain 3 Iteration:  600 / 3500 [ 17%]  (Warmup) 
Chain 2 Iteration:  600 / 3500 [ 17%]  (Warmup) 
Chain 3 Iteration:  700 / 3500 [ 20%]  (Warmup) 
Chain 1 Iteration:  600 / 3500 [ 17%]  (Warmup) 
Chain 2 Iteration:  700 / 3500 [ 20%]  (Warmup) 
Chain 3 Iteration:  800 / 3500 [ 22%]  (Warmup) 
Chain 1 Iteration:  700 / 3500 [ 20%]  (Warmup) 
Chain 3 Iteration:  900 / 3500 [ 25%]  (Warmup) 
Chain 2 Iteration:  800 / 3500 [ 22%]  (Warmup) 
Chain 1 Iteration:  800 / 3500 [ 22%]  (Warmup) 
Chain 3 Iteration: 1000 / 3500 [ 28%]  (Warmup) 
Chain 2 Iteration:  900 / 3500 [ 25%]  (Warmup) 
Chain 1 Iteration:  900 / 3500 [ 25%]  (Warmup) 
Chain 3 Iteration: 1100 / 3500 [ 31%]  (Warmup) 
Chain 2 Iteration: 1000 / 3500 [ 28%]  (Warmup) 
Chain 1 Iteration: 1000 / 3500 [ 28%]  (Warmup) 
Chain 3 Iteration: 1200 / 3500 [ 34%]  (Warmup) 
Chain 2 Iteration: 1100 / 3500 [ 31%]  (Warmup) 
Chain 1 Iteration: 1100 / 3500 [ 31%]  (Warmup) 
Chain 3 Iteration: 1300 / 3500 [ 37%]  (Warmup) 
Chain 2 Iteration: 1200 / 3500 [ 34%]  (Warmup) 
Chain 3 Iteration: 1400 / 3500 [ 40%]  (Warmup) 
Chain 1 Iteration: 1200 / 3500 [ 34%]  (Warmup) 
Chain 2 Iteration: 1300 / 3500 [ 37%]  (Warmup) 
Chain 3 Iteration: 1500 / 3500 [ 42%]  (Warmup) 
Chain 3 Iteration: 1501 / 3500 [ 42%]  (Sampling) 
Chain 1 Iteration: 1300 / 3500 [ 37%]  (Warmup) 
Chain 2 Iteration: 1400 / 3500 [ 40%]  (Warmup) 
Chain 3 Iteration: 1600 / 3500 [ 45%]  (Sampling) 
Chain 1 Iteration: 1400 / 3500 [ 40%]  (Warmup) 
Chain 2 Iteration: 1500 / 3500 [ 42%]  (Warmup) 
Chain 2 Iteration: 1501 / 3500 [ 42%]  (Sampling) 
Chain 3 Iteration: 1700 / 3500 [ 48%]  (Sampling) 
Chain 1 Iteration: 1500 / 3500 [ 42%]  (Warmup) 
Chain 1 Iteration: 1501 / 3500 [ 42%]  (Sampling) 
Chain 2 Iteration: 1600 / 3500 [ 45%]  (Sampling) 
Chain 3 Iteration: 1800 / 3500 [ 51%]  (Sampling) 
Chain 1 Iteration: 1600 / 3500 [ 45%]  (Sampling) 
Chain 3 Iteration: 1900 / 3500 [ 54%]  (Sampling) 
Chain 2 Iteration: 1700 / 3500 [ 48%]  (Sampling) 
Chain 1 Iteration: 1700 / 3500 [ 48%]  (Sampling) 
Chain 3 Iteration: 2000 / 3500 [ 57%]  (Sampling) 
Chain 2 Iteration: 1800 / 3500 [ 51%]  (Sampling) 
Chain 3 Iteration: 2100 / 3500 [ 60%]  (Sampling) 
Chain 1 Iteration: 1800 / 3500 [ 51%]  (Sampling) 
Chain 2 Iteration: 1900 / 3500 [ 54%]  (Sampling) 
Chain 3 Iteration: 2200 / 3500 [ 62%]  (Sampling) 
Chain 1 Iteration: 1900 / 3500 [ 54%]  (Sampling) 
Chain 2 Iteration: 2000 / 3500 [ 57%]  (Sampling) 
Chain 3 Iteration: 2300 / 3500 [ 65%]  (Sampling) 
Chain 1 Iteration: 2000 / 3500 [ 57%]  (Sampling) 
Chain 2 Iteration: 2100 / 3500 [ 60%]  (Sampling) 
Chain 3 Iteration: 2400 / 3500 [ 68%]  (Sampling) 
Chain 2 Iteration: 2200 / 3500 [ 62%]  (Sampling) 
Chain 1 Iteration: 2100 / 3500 [ 60%]  (Sampling) 
Chain 3 Iteration: 2500 / 3500 [ 71%]  (Sampling) 
Chain 2 Iteration: 2300 / 3500 [ 65%]  (Sampling) 
Chain 1 Iteration: 2200 / 3500 [ 62%]  (Sampling) 
Chain 3 Iteration: 2600 / 3500 [ 74%]  (Sampling) 
Chain 2 Iteration: 2400 / 3500 [ 68%]  (Sampling) 
Chain 1 Iteration: 2300 / 3500 [ 65%]  (Sampling) 
Chain 3 Iteration: 2700 / 3500 [ 77%]  (Sampling) 
Chain 2 Iteration: 2500 / 3500 [ 71%]  (Sampling) 
Chain 3 Iteration: 2800 / 3500 [ 80%]  (Sampling) 
Chain 1 Iteration: 2400 / 3500 [ 68%]  (Sampling) 
Chain 3 Iteration: 2900 / 3500 [ 82%]  (Sampling) 
Chain 2 Iteration: 2600 / 3500 [ 74%]  (Sampling) 
Chain 1 Iteration: 2500 / 3500 [ 71%]  (Sampling) 
Chain 3 Iteration: 3000 / 3500 [ 85%]  (Sampling) 
Chain 2 Iteration: 2700 / 3500 [ 77%]  (Sampling) 
Chain 1 Iteration: 2600 / 3500 [ 74%]  (Sampling) 
Chain 3 Iteration: 3100 / 3500 [ 88%]  (Sampling) 
Chain 2 Iteration: 2800 / 3500 [ 80%]  (Sampling) 
Chain 1 Iteration: 2700 / 3500 [ 77%]  (Sampling) 
Chain 3 Iteration: 3200 / 3500 [ 91%]  (Sampling) 
Chain 2 Iteration: 2900 / 3500 [ 82%]  (Sampling) 
Chain 1 Iteration: 2800 / 3500 [ 80%]  (Sampling) 
Chain 3 Iteration: 3300 / 3500 [ 94%]  (Sampling) 
Chain 2 Iteration: 3000 / 3500 [ 85%]  (Sampling) 
Chain 3 Iteration: 3400 / 3500 [ 97%]  (Sampling) 
Chain 1 Iteration: 2900 / 3500 [ 82%]  (Sampling) 
Chain 2 Iteration: 3100 / 3500 [ 88%]  (Sampling) 
Chain 3 Iteration: 3500 / 3500 [100%]  (Sampling) 
Chain 3 finished in 1244.3 seconds.
Chain 1 Iteration: 3000 / 3500 [ 85%]  (Sampling) 
Chain 2 Iteration: 3200 / 3500 [ 91%]  (Sampling) 
Chain 1 Iteration: 3100 / 3500 [ 88%]  (Sampling) 
Chain 2 Iteration: 3300 / 3500 [ 94%]  (Sampling) 
Chain 1 Iteration: 3200 / 3500 [ 91%]  (Sampling) 
Chain 2 Iteration: 3400 / 3500 [ 97%]  (Sampling) 
Chain 1 Iteration: 3300 / 3500 [ 94%]  (Sampling) 
Chain 2 Iteration: 3500 / 3500 [100%]  (Sampling) 
Chain 2 finished in 1384.8 seconds.
Chain 1 Iteration: 3400 / 3500 [ 97%]  (Sampling) 
Chain 1 Iteration: 3500 / 3500 [100%]  (Sampling) 
Chain 1 finished in 1449.5 seconds.

All 3 chains finished successfully.
Mean chain execution time: 1359.5 seconds.
Total execution time: 1449.6 seconds.

Warning: 73 of 6000 (1.0%) transitions ended with a divergence.
See https://mc-stan.org/misc/warnings for details.

Warning: 5927 of 6000 (99.0%) transitions hit the maximum treedepth limit of 10.
See https://mc-stan.org/misc/warnings for details.

[1] "Saving fit object..."
[1] "Calculating summary..."
[1] "Calculating metadata..."
[1] "Summary of Hyperpriors (mu_*, sigma_*):"
# A tibble: 449 × 10
    variable      mean   median      sd     mad       q5      q95  rhat ess_bulk
    <chr>        <dbl>    <dbl>   <dbl>   <dbl>    <dbl>    <dbl> <dbl>    <dbl>
  1 mu_beta_…  1.26     1.25e+0 3.17    3.05    -3.94e+0  6.49    1.02     116. 
  2 mu_beta_…  0.0324   2.60e-2 0.0540  0.0264  -4.51e-2  0.137   1.02     141. 
  3 mu_beta_… -0.00327  9.88e-3 0.133   0.0652  -2.08e-1  0.161   1.02     100.0
  4 mu_beta_…  0.109    1.04e-1 0.184   0.143   -1.77e-1  0.408   1.01     123. 
  5 mu_beta_… -0.00245 -1.61e-3 0.0675  0.0173  -8.62e-2  0.0573  1.07      57.4
  6 mu_beta_…  0.0422   2.82e-2 0.460   0.350   -6.89e-1  0.865   1.03     161. 
  7 mu_beta_…  0.114    1.16e-1 0.230   0.162   -2.30e-1  0.454   1.05      84.0
  8 mu_beta_… -0.0111  -8.37e-3 0.0755  0.0463  -1.29e-1  0.0914  1.01     225. 
  9 mu_beta_… -0.0755  -5.99e-2 0.434   0.381   -8.13e-1  0.653   1.02     109. 
 10 mu_beta_… -0.0432  -2.82e-2 0.415   0.361   -7.42e-1  0.627   1.01     120. 
 11 mu_beta_… -0.0387  -3.56e-2 0.435   0.382   -7.60e-1  0.677   1.01     107. 
 12 mu_beta_…  0.00613 -6.30e-4 0.424   0.338   -6.87e-1  0.696   1.01     109. 
 13 mu_beta_…  0.00112 -1.02e-2 0.437   0.343   -6.94e-1  0.743   1.02     115. 
 14 mu_beta_… -0.0211  -2.28e-2 0.449   0.356   -7.42e-1  0.723   1.01     124. 
 15 mu_beta_… -0.0199  -3.31e-2 0.293   0.254   -5.07e-1  0.499   1.01     142. 
 16 mu_beta_…  0.0353   1.34e-2 0.295   0.246   -4.25e-1  0.556   1.01     123. 
 17 mu_beta_… -0.00175 -1.70e-2 0.300   0.261   -4.97e-1  0.524   1.02     119. 
 18 mu_beta_…  0.0656   5.56e-2 0.133   0.102   -1.09e-1  0.282   1.01     127. 
 19 mu_beta_…  0.0890   8.55e-2 0.455   0.435   -6.73e-1  0.854   1.03     124. 
 20 mu_beta_… -0.0550  -4.66e-2 0.481   0.402   -8.98e-1  0.743   1.01     113. 
 21 mu_beta_…  0.0108   1.52e-3 0.294   0.252   -4.97e-1  0.511   1.01     126. 
 22 mu_beta_…  0.0316   1.28e-2 1.57    1.08    -2.55e+0  2.66    1.03     195. 
 23 mu_beta_… -0.0597  -7.80e-3 1.32    0.970   -2.28e+0  2.00    1.00     582. 
 24 mu_beta_… -0.0810  -8.27e-2 0.614   0.491   -9.98e-1  0.907   1.04     128. 
 25 mu_beta_… -0.0430  -5.33e-2 0.645   0.479   -1.07e+0  1.01    1.02     101. 
 26 mu_beta_… -0.0900  -7.52e-2 0.605   0.443   -1.01e+0  0.849   1.02     184. 
 27 mu_beta_…  0.1000   8.76e-2 0.454   0.377   -6.23e-1  0.855   1.01     187. 
 28 mu_beta_…  0.0542   3.33e-2 0.403   0.308   -5.68e-1  0.736   1.01     194. 
 29 mu_beta_… -0.0272  -3.81e-2 0.390   0.305   -5.91e-1  0.609   1.02     113. 
 30 mu_beta_…  0.00285  2.81e-4 0.346   0.296   -5.65e-1  0.559   1.01     123. 
 31 mu_beta_…  0.0530   3.89e-2 0.345   0.312   -5.12e-1  0.646   1.02     116. 
 32 mu_beta_… -0.0253  -2.48e-2 0.0659  0.0637  -1.33e-1  0.0805  1.03      93.6
 33 mu_beta_…  0.0125   1.27e-2 0.0162  0.0170  -1.41e-2  0.0392  1.01     285. 
 34 mu_beta_…  0.0136   1.37e-2 0.0153  0.0150  -1.17e-2  0.0386  1.01     320. 
 35 mu_beta_…  0.00721  7.35e-3 0.0155  0.0159  -1.86e-2  0.0318  1.01     296. 
 36 mu_beta_…  0.0215   2.14e-2 0.0149  0.0155  -2.92e-3  0.0466  1.01     311. 
 37 mu_beta_… -0.0140  -2.73e-3 0.460   0.344   -8.07e-1  0.729   1.03     160. 
 38 mu_beta_…  0.0174   2.84e-2 0.460   0.345   -7.82e-1  0.758   1.03     160. 
 39 mu_beta_… -0.0431  -4.20e-2 0.0678  0.0661  -1.53e-1  0.0694  1.01     207. 
 40 mu_beta_…  0.0111   1.11e-2 0.00952 0.00923 -4.44e-3  0.0265  1.00     494. 
 41 mu_beta_…  0.0104   1.03e-2 0.00433 0.00432  3.37e-3  0.0175  1.00     568. 
 42 mu_gamma…  0.0262   2.45e-2 0.112   0.0595  -1.17e-1  0.167   1.02     146. 
 43 mu_gamma…  0.112    1.20e-1 0.231   0.136   -2.32e-1  0.448   1.01     116. 
 44 mu_gamma…  0.00430 -3.15e-2 0.226   0.0725  -2.03e-1  0.270   1.03     118. 
 45 mu_gamma… -0.0440  -4.56e-2 0.163   0.0646  -2.72e-1  0.217   1.01     120. 
 46 mu_sigma… -0.435   -5.27e-1 0.629   0.519   -1.32e+0  0.787   1.05      62.8
 47 sigma_be…  0.537    3.62e-1 0.541   0.370    3.54e-2  1.60    1.02     273. 
 48 sigma_be…  0.0730   3.73e-2 0.115   0.0379   4.14e-3  0.244   1.02     216. 
 49 sigma_be…  0.177    1.08e-1 0.203   0.0798   3.29e-2  0.564   1.02     131. 
 50 sigma_be…  0.354    2.63e-1 0.292   0.154    1.13e-1  0.903   1.01     212. 
 51 sigma_be…  0.0660   2.91e-2 0.121   0.0315   1.47e-3  0.267   1.04      78.0
 52 sigma_be…  0.0780   3.61e-2 0.137   0.0369   3.30e-3  0.295   1.01     343. 
 53 sigma_be…  0.396    3.02e-1 0.342   0.210    5.62e-2  1.04    1.05      92.3
 54 sigma_be…  0.106    5.81e-2 0.157   0.0601   3.80e-3  0.386   1.01     218. 
 55 sigma_be…  0.189    1.12e-1 0.230   0.114    1.22e-2  0.615   1.00     255. 
 56 sigma_be…  0.209    1.41e-1 0.225   0.128    1.37e-2  0.649   1.02     233. 
 57 sigma_be…  0.204    1.24e-1 0.251   0.128    1.19e-2  0.680   1.01     131. 
 58 sigma_be…  0.199    1.20e-1 0.248   0.113    1.29e-2  0.664   1.01     326. 
 59 sigma_be…  0.235    1.52e-1 0.270   0.146    1.52e-2  0.736   1.01     203. 
 60 sigma_be…  0.218    1.34e-1 0.269   0.135    9.75e-3  0.715   1.01     292. 
 61 sigma_be…  0.161    9.33e-2 0.212   0.0907   9.98e-3  0.558   1.02     293. 
 62 sigma_be…  0.124    6.83e-2 0.180   0.0679   6.02e-3  0.447   1.01     359. 
 63 sigma_be…  0.148    7.64e-2 0.230   0.0769   7.91e-3  0.543   1.01     300. 
 64 sigma_be…  0.163    1.02e-1 0.201   0.0985   1.17e-2  0.513   1.01     237. 
 65 sigma_be…  0.221    1.29e-1 0.281   0.132    7.42e-3  0.754   1.02     180. 
 66 sigma_be…  0.239    1.51e-1 0.267   0.139    1.90e-2  0.764   1.01     273. 
 67 sigma_be…  0.148    8.11e-2 0.205   0.0866   4.21e-3  0.531   1.00     190. 
 68 sigma_be…  1.12     8.32e-1 1.13    0.781    7.64e-2  3.10    1.01     410. 
 69 sigma_be…  1.05     7.24e-1 1.26    0.692    5.30e-2  3.06    1.00     465. 
 70 sigma_be…  0.712    5.15e-1 0.690   0.487    5.40e-2  1.98    1.01     314. 
 71 sigma_be…  0.753    5.33e-1 0.763   0.500    4.00e-2  2.21    1.02     183. 
 72 sigma_be…  0.707    5.12e-1 0.733   0.500    3.86e-2  2.01    1.01     230. 
 73 sigma_be…  0.597    4.55e-1 0.536   0.365    9.41e-2  1.61    1.02     161. 
 74 sigma_be…  0.469    3.12e-1 0.509   0.294    3.52e-2  1.42    1.02     215. 
 75 sigma_be…  0.356    2.15e-1 0.430   0.218    1.90e-2  1.14    1.02     205. 
 76 sigma_be…  0.215    1.26e-1 0.270   0.132    8.51e-3  0.716   1.01     286. 
 77 sigma_be…  0.230    1.49e-1 0.261   0.147    1.33e-2  0.726   1.01     389. 
 78 sigma_be…  0.0219   9.46e-3 0.0334  0.0110   8.35e-4  0.0857  1.02     189. 
 79 sigma_ga…  0.136    7.61e-2 0.172   0.0802   5.49e-3  0.480   1.04     152. 
 80 sigma_ga…  0.278    1.90e-1 0.287   0.176    2.13e-2  0.832   1.00     245. 
 81 sigma_ga…  0.211    1.14e-1 0.301   0.0987   2.28e-2  0.744   1.03     112. 
 82 sigma_ga…  0.184    1.09e-1 0.245   0.113    8.16e-3  0.583   1.02     139. 
 83 sigma_si…  1.06     9.06e-1 0.553   0.424    4.60e-1  2.16    1.01     155. 
 84 sigma_ga…  1.24     8.22e-1 2.19    0.754    7.30e-2  3.33    1.00     466. 
 85 sigma_ga…  1.05     7.33e-1 1.15    0.700    5.46e-2  3.04    1.01     482. 
 86 sigma_ga…  1.12     7.74e-1 1.26    0.749    6.94e-2  3.37    1.00     355. 
 87 sigma_ga…  1.11     7.78e-1 1.21    0.724    6.68e-2  3.30    1.01     469. 
 88 mu_test[…  0.0167   1.91e-2 0.143   0.143   -2.22e-1  0.251   1.00    1732. 
 89 mu_test[…  0.137    1.37e-1 0.142   0.139   -1.00e-1  0.371   1.00    1753. 
 90 mu_test[… -0.00643 -4.27e-3 0.144   0.145   -2.44e-1  0.229   1.00    1702. 
 91 mu_test[…  0.119    1.21e-1 0.149   0.151   -1.29e-1  0.363   1.00    1398. 
 92 mu_test[…  0.138    1.40e-1 0.144   0.142   -1.02e-1  0.374   1.00    1733. 
 93 mu_test[…  0.311    3.13e-1 0.161   0.159    4.53e-2  0.573   1.00    1562. 
 94 mu_test[… -0.0751  -7.41e-2 0.198   0.196   -3.97e-1  0.255   1.01     827. 
 95 mu_test[… -0.873   -8.76e-1 0.261   0.255   -1.30e+0 -0.435   1.01     653. 
 96 mu_test[… -0.654   -6.51e-1 0.165   0.166   -9.28e-1 -0.384   1.00    1901. 
 97 mu_test[… -0.539   -5.39e-1 0.165   0.166   -8.15e-1 -0.265   1.00    1939. 
 98 mu_test[… -0.123   -1.22e-1 0.149   0.148   -3.70e-1  0.119   1.00    1591. 
 99 mu_test[… -0.0591  -5.82e-2 0.152   0.151   -3.11e-1  0.189   1.00    1262. 
100 mu_test[… -0.333   -3.29e-1 0.181   0.181   -6.34e-1 -0.0358  1.00     810. 
101 mu_test[… -0.306   -3.06e-1 0.186   0.187   -6.10e-1  0.00147 1.00     780. 
102 mu_test[… -0.114   -1.11e-1 0.143   0.143   -3.52e-1  0.120   1.00    1824. 
103 mu_test[…  0.00632  9.86e-3 0.143   0.141   -2.32e-1  0.240   1.00    1849. 
104 mu_test[…  0.0970   1.00e-1 0.140   0.138   -1.34e-1  0.331   1.00    1916. 
105 mu_test[…  0.0865   8.75e-2 0.141   0.139   -1.48e-1  0.318   1.00    1844. 
106 mu_test[…  0.00406  6.65e-3 0.144   0.144   -2.35e-1  0.237   1.00    1737. 
107 mu_test[…  0.0192   1.99e-2 0.147   0.146   -2.24e-1  0.258   1.00    1389. 
108 mu_test[… -0.00407 -1.25e-3 0.153   0.154   -2.56e-1  0.244   1.00    1449. 
109 mu_test[…  0.205    2.05e-1 0.151   0.150   -4.41e-2  0.455   1.00    1376. 
110 mu_test[… -0.161   -1.58e-1 0.153   0.151   -4.15e-1  0.0862  1.00    1501. 
111 mu_test[…  0.0436   4.38e-2 0.154   0.157   -2.10e-1  0.296   1.00    1251. 
112 mu_test[…  0.0730   7.18e-2 0.152   0.153   -1.77e-1  0.326   1.00    1235. 
113 mu_test[… -0.145   -1.45e-1 0.159   0.161   -4.05e-1  0.117   1.00    1400. 
114 mu_test[…  0.285    2.82e-1 0.157   0.158    2.53e-2  0.544   1.00    1290. 
115 mu_test[…  0.113    1.12e-1 0.154   0.154   -1.42e-1  0.369   1.00    1218. 
116 mu_test[…  0.227    2.26e-1 0.148   0.149   -1.21e-2  0.466   1.00    1317. 
117 mu_test[… -0.984   -9.83e-1 0.203   0.198   -1.32e+0 -0.650   1.00    1880. 
118 mu_test[… -0.418   -4.17e-1 0.166   0.163   -6.94e-1 -0.145   1.00    1674. 
119 mu_test[… -0.234   -2.29e-1 0.154   0.151   -4.88e-1  0.0134  1.00    1624. 
120 mu_test[…  0.182    1.84e-1 0.157   0.155   -7.36e-2  0.437   1.00    1447. 
121 mu_test[…  0.259    2.58e-1 0.153   0.151    7.16e-3  0.514   1.00    1383. 
122 mu_test[…  0.387    3.86e-1 0.149   0.147    1.42e-1  0.632   1.00    1458. 
123 mu_test[…  0.298    2.95e-1 0.154   0.155    4.35e-2  0.552   1.00    1293. 
124 mu_test[…  0.357    3.56e-1 0.153   0.154    1.06e-1  0.606   1.00    1331. 
125 mu_test[…  0.0795   7.96e-2 0.151   0.152   -1.66e-1  0.328   1.00    1317. 
126 mu_test[… -0.977   -9.76e-1 0.204   0.198   -1.31e+0 -0.642   1.00    1854. 
127 mu_test[… -0.383   -3.81e-1 0.164   0.162   -6.53e-1 -0.114   1.00    1571. 
128 mu_test[… -0.579   -5.79e-1 0.172   0.168   -8.63e-1 -0.298   1.00    1576. 
129 mu_test[…  0.0336   3.16e-2 0.151   0.149   -2.15e-1  0.285   1.00    1280. 
130 mu_test[…  0.119    1.20e-1 0.147   0.146   -1.25e-1  0.358   1.00    1365. 
131 mu_test[…  0.184    1.88e-1 0.155   0.154   -7.07e-2  0.436   1.00    1300. 
132 mu_test[… -0.900   -9.00e-1 0.223   0.221   -1.27e+0 -0.541   1.01    1148. 
133 mu_test[… -0.697   -6.96e-1 0.188   0.186   -1.01e+0 -0.396   1.00    1940. 
134 mu_test[… -0.696   -6.97e-1 0.192   0.194   -1.01e+0 -0.381   1.00    1645. 
135 mu_test[… -0.692   -6.92e-1 0.181   0.176   -9.91e-1 -0.400   1.00    1443. 
136 mu_test[… -0.544   -5.41e-1 0.177   0.178   -8.39e-1 -0.257   1.00    1435. 
137 mu_test[… -0.00400 -4.58e-5 0.162   0.164   -2.71e-1  0.257   1.00    1244. 
138 mu_test[…  0.0685   6.92e-2 0.158   0.157   -1.91e-1  0.328   1.00    1713. 
139 mu_test[… -0.305   -3.03e-1 0.176   0.178   -5.93e-1 -0.0177  1.00    1676. 
140 mu_test[…  0.190    1.90e-1 0.158   0.157   -7.20e-2  0.449   1.00    1569. 
141 mu_test[…  0.0820   8.24e-2 0.156   0.155   -1.77e-1  0.339   1.00    1669. 
142 mu_test[… -0.0186  -1.80e-2 0.156   0.155   -2.77e-1  0.239   1.00    1634. 
143 mu_test[… -0.423   -4.25e-1 0.193   0.191   -7.44e-1 -0.0994  1.01     772. 
144 mu_test[… -0.314   -3.17e-1 0.240   0.244   -7.01e-1  0.0928  1.01     543. 
145 mu_test[… -0.118   -1.15e-1 0.157   0.156   -3.83e-1  0.141   1.00    1663. 
146 mu_test[… -0.0964  -9.68e-2 0.156   0.155   -3.57e-1  0.159   1.00    1620. 
147 mu_test[… -0.762   -7.63e-1 0.182   0.184   -1.06e+0 -0.466   1.00    1800. 
148 mu_test[… -0.731   -7.32e-1 0.186   0.192   -1.04e+0 -0.427   1.00    1711. 
149 mu_test[… -0.564   -5.65e-1 0.179   0.184   -8.55e-1 -0.271   1.00    1699. 
150 mu_test[… -0.275   -2.73e-1 0.162   0.163   -5.43e-1 -0.00379 1.00    1888. 
151 mu_test[… -0.0168  -1.70e-2 0.155   0.155   -2.74e-1  0.241   1.00    1715. 
152 mu_test[… -0.114   -1.11e-1 0.157   0.156   -3.76e-1  0.148   1.00    1752. 
153 mu_test[…  0.0359   3.67e-2 0.156   0.155   -2.22e-1  0.294   1.00    1637. 
154 mu_test[… -0.0365  -3.57e-2 0.155   0.153   -2.94e-1  0.218   1.00    1582. 
155 mu_test[… -0.402   -4.00e-1 0.164   0.164   -6.71e-1 -0.136   1.00    1751. 
156 mu_test[… -0.234   -2.35e-1 0.166   0.167   -5.09e-1  0.0391  1.00    1502. 
157 mu_test[… -0.0451  -4.35e-2 0.160   0.160   -3.07e-1  0.215   1.00    1568. 
158 mu_test[…  0.0800   8.18e-2 0.159   0.157   -1.84e-1  0.340   1.00    1452. 
159 mu_test[… -0.137   -1.36e-1 0.157   0.156   -3.98e-1  0.118   1.00    1728. 
160 mu_test[…  0.0627   6.49e-2 0.167   0.169   -2.13e-1  0.335   1.00    1201. 
161 mu_test[…  0.0673   6.84e-2 0.156   0.154   -1.92e-1  0.326   1.00    1565. 
162 mu_test[…  0.0454   4.58e-2 0.157   0.156   -2.18e-1  0.300   1.00    1575. 
163 mu_test[… -0.0751  -7.52e-2 0.169   0.168   -3.55e-1  0.202   1.00    1328. 
164 mu_test[…  0.0451   4.67e-2 0.157   0.156   -2.18e-1  0.299   1.00    1439. 
165 mu_test[…  0.0655   6.72e-2 0.171   0.171   -2.14e-1  0.344   1.00    1093. 
166 mu_test[… -0.0397  -3.92e-2 0.157   0.156   -3.00e-1  0.220   1.00    1639. 
167 mu_test[… -0.0179  -1.65e-2 0.168   0.170   -2.95e-1  0.257   1.00    1213. 
168 mu_test[…  0.0469   4.70e-2 0.157   0.155   -2.14e-1  0.307   1.00    1595. 
169 mu_test[… -0.234   -2.34e-1 0.167   0.165   -5.10e-1  0.0445  1.01    1189. 
170 mu_test[… -0.0765  -7.61e-2 0.159   0.158   -3.40e-1  0.186   1.00    1514. 
171 mu_test[…  0.0889   8.69e-2 0.223   0.223   -2.81e-1  0.453   1.00     899. 
172 mu_test[…  0.196    1.96e-1 0.222   0.223   -1.72e-1  0.559   1.01     756. 
173 mu_test[…  0.255    2.57e-1 0.220   0.218   -1.16e-1  0.613   1.01     699. 
174 mu_test[…  0.133    1.34e-1 0.224   0.221   -2.46e-1  0.499   1.01     715. 
175 mu_test[…  0.141    1.41e-1 0.228   0.226   -2.40e-1  0.510   1.01     714. 
176 mu_test[…  0.129    1.31e-1 0.224   0.223   -2.43e-1  0.495   1.00     832. 
177 mu_test[…  0.289    2.91e-1 0.222   0.220   -7.85e-2  0.652   1.01     656. 
178 mu_test[… -0.0909  -8.99e-2 0.165   0.166   -3.71e-1  0.176   1.00    1425. 
179 mu_test[… -0.0839  -8.31e-2 0.163   0.165   -3.57e-1  0.179   1.00    1389. 
180 mu_test[… -0.943   -9.43e-1 0.202   0.204   -1.28e+0 -0.613   1.00    1526. 
181 mu_test[… -0.334   -3.34e-1 0.169   0.173   -6.20e-1 -0.0641  1.00    1427. 
182 mu_test[… -0.158   -1.56e-1 0.167   0.170   -4.39e-1  0.112   1.00    1432. 
183 mu_test[… -0.123   -1.18e-1 0.177   0.179   -4.19e-1  0.159   1.00    1121. 
184 mu_test[… -0.165   -1.64e-1 0.166   0.170   -4.46e-1  0.102   1.00    1405. 
185 mu_test[…  0.0130   1.56e-2 0.165   0.166   -2.65e-1  0.282   1.00    1205. 
186 mu_test[… -0.153   -1.52e-1 0.165   0.165   -4.29e-1  0.111   1.00    1413. 
187 mu_test[… -0.254   -2.52e-1 0.167   0.169   -5.33e-1  0.0111  1.00    1399. 
188 mu_test[… -0.142   -1.40e-1 0.165   0.167   -4.15e-1  0.125   1.00    1412. 
189 mu_test[… -0.140   -1.38e-1 0.168   0.170   -4.23e-1  0.128   1.00    1380. 
190 mu_test[… -0.0364  -3.16e-2 0.178   0.179   -3.36e-1  0.247   1.00    1113. 
191 mu_test[… -0.00640 -3.36e-3 0.167   0.169   -2.89e-1  0.260   1.00    1235. 
192 mu_test[…  0.0344   3.64e-2 0.165   0.166   -2.44e-1  0.306   1.00    1364. 
193 mu_test[…  0.261    2.62e-1 0.0899  0.0894   1.14e-1  0.410   1.00    1771. 
194 mu_test[…  0.262    2.60e-1 0.0897  0.0897   1.13e-1  0.407   1.00    1962. 
195 mu_test[…  0.230    2.29e-1 0.0904  0.0912   8.46e-2  0.378   1.00    1835. 
196 mu_test[…  0.243    2.43e-1 0.0897  0.0890   9.69e-2  0.392   1.00    1638. 
197 mu_test[…  0.283    2.81e-1 0.0909  0.0904   1.34e-1  0.432   1.00    1827. 
198 mu_test[…  0.245    2.46e-1 0.0909  0.0919   9.69e-2  0.393   1.00    1697. 
199 mu_test[…  0.267    2.66e-1 0.0875  0.0856   1.24e-1  0.413   1.00    1750. 
200 mu_test[…  0.267    2.66e-1 0.0888  0.0884   1.22e-1  0.415   1.00    1756. 
201 mu_test[…  0.246    2.46e-1 0.0930  0.0925   9.75e-2  0.401   1.00    1586. 
202 mu_test[…  0.229    2.27e-1 0.0894  0.0888   8.29e-2  0.377   1.00    1463. 
203 mu_test[…  0.251    2.51e-1 0.0878  0.0869   1.09e-1  0.395   1.00    1733. 
204 mu_test[…  0.223    2.22e-1 0.0915  0.0912   7.54e-2  0.374   1.00    1426. 
205 mu_test[…  0.148    1.48e-1 0.0870  0.0862   8.11e-3  0.294   1.00    1346. 
206 mu_test[…  0.139    1.38e-1 0.0874  0.0876  -2.66e-3  0.283   1.00    1411. 
207 mu_test[…  0.200    2.00e-1 0.0897  0.0895   5.37e-2  0.348   1.00    1565. 
208 mu_test[…  0.154    1.52e-1 0.0930  0.0921   1.50e-3  0.310   1.00    1371. 
209 mu_test[…  0.201    2.01e-1 0.0896  0.0909   5.69e-2  0.348   1.00    1528. 
210 mu_test[…  0.180    1.79e-1 0.0921  0.0906   2.81e-2  0.334   1.00    1281. 
211 mu_test[…  0.184    1.84e-1 0.0910  0.0913   3.70e-2  0.334   1.00    1485. 
212 mu_test[…  0.250    2.49e-1 0.0909  0.0928   1.04e-1  0.400   1.00    1549. 
213 mu_test[…  0.202    2.02e-1 0.0867  0.0870   6.02e-2  0.345   1.00    1534. 
214 mu_test[…  0.195    1.93e-1 0.0866  0.0865   5.61e-2  0.338   1.00    1617. 
215 mu_test[…  0.198    1.98e-1 0.0883  0.0906   5.73e-2  0.343   1.00    1544. 
216 mu_test[…  0.198    1.98e-1 0.0883  0.0874   5.35e-2  0.345   1.00    1427. 
217 mu_test[…  0.212    2.11e-1 0.0877  0.0880   7.05e-2  0.359   1.00    1560. 
218 mu_test[…  0.211    2.11e-1 0.0895  0.0911   6.79e-2  0.359   1.00    1442. 
219 mu_test[…  0.224    2.24e-1 0.0881  0.0870   7.95e-2  0.371   1.00    1621. 
220 mu_test[…  0.228    2.27e-1 0.0908  0.0909   8.04e-2  0.377   1.00    1436. 
221 mu_test[…  0.236    2.35e-1 0.0881  0.0862   9.31e-2  0.383   1.00    1574. 
222 mu_test[…  0.235    2.35e-1 0.0888  0.0879   9.20e-2  0.383   1.00    1588. 
223 mu_test[…  0.237    2.36e-1 0.0897  0.0901   9.25e-2  0.384   1.00    1565. 
224 mu_test[…  0.197    1.96e-1 0.0877  0.0877   5.60e-2  0.344   1.00    1418. 
225 mu_test[…  0.174    1.72e-1 0.0874  0.0882   3.37e-2  0.318   1.00    1424. 
226 mu_test[…  0.182    1.82e-1 0.0894  0.0907   4.09e-2  0.327   1.00    1343. 
227 mu_test[…  0.216    2.15e-1 0.0918  0.0913   6.48e-2  0.368   1.00    1318. 
228 mu_test[…  0.235    2.34e-1 0.0904  0.0910   9.07e-2  0.386   1.00    1670. 
229 mu_test[…  0.198    1.99e-1 0.0922  0.0930   4.91e-2  0.352   1.00    1032. 
230 mu_test[…  0.206    2.05e-1 0.0924  0.0932   5.68e-2  0.357   1.00    1300. 
231 mu_test[…  0.191    1.90e-1 0.0928  0.0938   4.15e-2  0.345   1.00    1058. 
232 mu_test[…  0.178    1.79e-1 0.0912  0.0916   2.97e-2  0.330   1.00    1068. 
233 mu_test[…  0.204    2.02e-1 0.0919  0.0928   5.50e-2  0.354   1.00    1404. 
234 mu_test[…  0.186    1.87e-1 0.0920  0.0931   3.96e-2  0.338   1.00    1182. 
235 mu_test[…  0.213    2.11e-1 0.0904  0.0904   6.57e-2  0.362   1.00    1457. 
236 mu_test[…  0.181    1.79e-1 0.0895  0.0903   3.68e-2  0.330   1.00    1435. 
237 mu_test[…  0.149    1.49e-1 0.0935  0.0921  -1.62e-3  0.306   1.00    1038. 
238 mu_test[…  0.174    1.73e-1 0.0918  0.0929   2.37e-2  0.326   1.00    1304. 
239 mu_test[…  0.183    1.82e-1 0.0930  0.0937   3.20e-2  0.337   1.00    1256. 
240 mu_test[…  0.238    2.38e-1 0.0319  0.0323   1.86e-1  0.290   1.00    1086. 
241 mu_test[…  0.318    3.19e-1 0.0330  0.0330   2.64e-1  0.372   1.00    1296. 
242 mu_test[…  0.276    2.76e-1 0.0311  0.0311   2.25e-1  0.326   1.00    1858. 
243 mu_test[…  0.228    2.28e-1 0.0311  0.0306   1.77e-1  0.279   1.00    1641. 
244 mu_test[…  0.310    3.10e-1 0.0322  0.0321   2.56e-1  0.362   1.00    1807. 
245 mu_test[…  0.282    2.83e-1 0.0318  0.0315   2.28e-1  0.335   1.00    1672. 
246 mu_test[…  0.248    2.48e-1 0.0320  0.0317   1.95e-1  0.299   1.00    1467. 
247 mu_test[…  0.323    3.23e-1 0.0332  0.0334   2.67e-1  0.375   1.00    1694. 
248 mu_test[…  0.280    2.81e-1 0.0306  0.0307   2.31e-1  0.331   1.00    1574. 
249 mu_test[…  0.234    2.34e-1 0.0307  0.0311   1.83e-1  0.284   1.00    1379. 
250 mu_test[…  0.325    3.25e-1 0.0322  0.0327   2.71e-1  0.377   1.00    1565. 
251 mu_test[…  0.291    2.92e-1 0.0302  0.0302   2.41e-1  0.341   1.00    1826. 
252 mu_test[…  0.238    2.38e-1 0.0301  0.0299   1.87e-1  0.286   1.00    1762. 
253 mu_test[…  0.297    2.97e-1 0.0311  0.0307   2.44e-1  0.348   1.00    2036. 
254 mu_test[…  0.250    2.51e-1 0.0301  0.0301   2.02e-1  0.299   1.00    2626. 
255 mu_test[…  0.203    2.03e-1 0.0305  0.0304   1.52e-1  0.253   1.00    2291. 
256 mu_test[…  0.272    2.73e-1 0.0290  0.0289   2.25e-1  0.320   1.00    3982. 
257 mu_test[…  0.227    2.26e-1 0.0290  0.0288   1.79e-1  0.274   1.00    3995. 
258 mu_test[…  0.306    3.06e-1 0.0304  0.0304   2.56e-1  0.355   1.00    4066. 
259 mu_test[…  0.216    2.15e-1 0.0289  0.0288   1.68e-1  0.263   1.00    1611. 
260 mu_test[…  0.143    1.43e-1 0.0291  0.0299   9.46e-2  0.190   1.00    1351. 
261 mu_test[…  0.252    2.53e-1 0.0302  0.0303   2.02e-1  0.301   1.00    1672. 
262 mu_test[…  0.0984   9.86e-2 0.0336  0.0336   4.40e-2  0.154   1.00    2989. 
263 mu_test[…  0.208    2.08e-1 0.0315  0.0315   1.56e-1  0.260   1.00    3072. 
264 mu_test[…  0.169    1.70e-1 0.0312  0.0313   1.18e-1  0.221   1.00    2631. 
265 mu_test[…  0.209    2.09e-1 0.0319  0.0323   1.56e-1  0.262   1.00    2811. 
266 mu_test[…  0.236    2.36e-1 0.0297  0.0299   1.87e-1  0.285   1.00    1589. 
267 mu_test[…  0.149    1.49e-1 0.0307  0.0304   9.79e-2  0.199   1.00    1707. 
268 mu_test[…  0.269    2.69e-1 0.0317  0.0310   2.17e-1  0.320   1.00    1482. 
269 mu_test[…  0.220    2.20e-1 0.0317  0.0317   1.67e-1  0.272   1.00    1494. 
270 mu_test[…  0.310    3.10e-1 0.0320  0.0318   2.56e-1  0.363   1.00    1729. 
271 mu_test[…  0.177    1.78e-1 0.0310  0.0310   1.26e-1  0.228   1.00    3263. 
272 mu_test[…  0.0912   9.18e-2 0.0326  0.0323   3.70e-2  0.144   1.00    3691. 
273 mu_test[…  0.288    2.89e-1 0.0295  0.0298   2.39e-1  0.336   1.00    3359. 
274 mu_test[…  0.233    2.33e-1 0.0296  0.0295   1.85e-1  0.282   1.00    3157. 
275 mu_test[…  0.290    2.90e-1 0.0312  0.0311   2.39e-1  0.341   1.00    3654. 
276 mu_test[…  0.259    2.59e-1 0.0295  0.0296   2.10e-1  0.307   1.00    1460. 
277 mu_test[…  0.213    2.14e-1 0.0296  0.0302   1.65e-1  0.261   1.00    1250. 
278 mu_test[…  0.216    2.16e-1 0.0300  0.0303   1.66e-1  0.264   1.00    2600. 
279 mu_test[…  0.167    1.67e-1 0.0300  0.0301   1.17e-1  0.217   1.00    2377. 
280 mu_test[…  0.284    2.85e-1 0.0309  0.0313   2.33e-1  0.335   1.00    2510. 
281 mu_test[…  0.195    1.95e-1 0.0302  0.0305   1.45e-1  0.244   1.00    2542. 
282 mu_test[…  0.158    1.59e-1 0.0299  0.0296   1.09e-1  0.207   1.00    2297. 
283 mu_test[…  0.252    2.53e-1 0.0311  0.0311   2.02e-1  0.303   1.00    2571. 
284 mu_test[…  0.227    2.27e-1 0.0303  0.0302   1.77e-1  0.276   1.00    2516. 
285 mu_test[…  0.178    1.78e-1 0.0301  0.0303   1.28e-1  0.227   1.00    2505. 
286 mu_test[…  0.251    2.51e-1 0.0316  0.0312   1.99e-1  0.303   1.00    2358. 
287 mu_test[…  0.277    2.76e-1 0.0306  0.0305   2.26e-1  0.326   1.00    2725. 
288 mu_test[…  0.280    2.81e-1 0.0309  0.0306   2.29e-1  0.331   1.000   2968. 
289 mu_test[…  0.278    2.78e-1 0.0301  0.0307   2.29e-1  0.326   1.00    3781. 
290 mu_test[…  0.233    2.33e-1 0.0298  0.0306   1.84e-1  0.281   1.00    3761. 
291 mu_test[…  0.313    3.13e-1 0.0312  0.0312   2.61e-1  0.363   1.00    4009. 
292 mu_test[…  0.325    3.25e-1 0.0304  0.0306   2.74e-1  0.375   1.00    3959. 
293 mu_test[…  0.271    2.71e-1 0.0302  0.0299   2.22e-1  0.321   1.00    4023. 
294 mu_test[…  0.349    3.49e-1 0.0316  0.0309   2.96e-1  0.401   1.00    3874. 
295 mu_test[…  0.248    2.48e-1 0.0304  0.0305   1.97e-1  0.297   1.00    1554. 
296 mu_test[…  0.190    1.90e-1 0.0303  0.0304   1.41e-1  0.239   1.00    1420. 
297 mu_test[…  0.283    2.83e-1 0.0315  0.0317   2.31e-1  0.335   1.00    1601. 
298 mu_test[…  0.282    2.82e-1 0.0318  0.0315   2.30e-1  0.334   1.00    1999. 
299 mu_test[…  0.136    1.36e-1 0.0346  0.0349   7.98e-2  0.192   1.00    2806. 
300 mu_test[…  0.0884   8.87e-2 0.0334  0.0330   3.38e-2  0.144   1.00    2507. 
# ℹ 149 more rows
# ℹ 1 more variable: ess_tail <dbl>
[1] "Calculating mu_mean..."
[1] "Calculating mu_test_mean..."
[1] "Calculating y_rep_mean..."
[1] "Calculating y_test_rep_mean..."
[1] "Generating plots..."
[1] "exposure_2HRX9P6HKXA8V_1"             
[2] "exposure_L69HYJ4Y3TR91_1"             
[3] "exposure_ED5J990H5VAZT_1"             
[4] "exposure_2HRX9P6HKXA8V_1_gendermale"  
[5] "exposure_2HRX9P6HKXA8V_1_genderfemale"
[6] "exposure_L69HYJ4Y3TR91_1_gendermale"  
[7] "exposure_L69HYJ4Y3TR91_1_genderfemale"
[8] "exposure_ED5J990H5VAZT_1_gendermale"  
[9] "exposure_ED5J990H5VAZT_1_genderfemale"
Adding missing grouping variables: `location_id_num`
[1] "Done."
          used  (Mb) gc trigger   (Mb)  max used   (Mb)
Ncells 3792598 202.6    6138772  327.9   6138772  327.9
Vcells 7543327  57.6  456118225 3480.0 890855907 6796.7
