- The project is out-of-sync -- use `renv::status()` for details.
── Attaching core tidyverse packages ──────────────────────── tidyverse 2.0.0 ──
✔ dplyr     1.1.4     ✔ readr     2.1.5
✔ forcats   1.0.0     ✔ stringr   1.5.1
✔ ggplot2   3.5.1     ✔ tibble    3.2.1
✔ lubridate 1.9.4     ✔ tidyr     1.3.1
✔ purrr     1.0.4     
[conflicted] Will prefer dplyr::select over any other package.
[conflicted] Will prefer dplyr::filter over any other package.
[conflicted] Will prefer lubridate::year over any other package.
[conflicted] Will prefer lubridate::month over any other package.
[conflicted] Will prefer purrr::map over any other package.
[conflicted] Will prefer stats::sd over any other package.
[conflicted] Will prefer base::match over any other package.
This is cmdstanr version 0.9.0
- CmdStanR documentation and vignettes: mc-stan.org/cmdstanr
- CmdStan path: /home/nuttidalab/.cmdstan/cmdstan-2.36.0
- CmdStan version: 2.36.0

A newer version of CmdStan is available. See ?install_cmdstan() to install it.
To disable this check set option or environment variable cmdstanr_no_ver_check=TRUE.
=== STEP 1: Setting True Parameter Values ===

True parameters:
  mu_gamma (global exposure effect, log scale): 0.150  [rate ratio = 1.162]
  sigma_gamma_between: 0.080
  sigma_gamma_within: 0.040
  mu_beta_intercept: 3.500 (baseline count ~ 33.1)
  sigma_beta_intercept: 0.300
  mu_phi_log: 1.609 (phi ~ 5.0)
  sigma_phi_log: 0.200
  mu_pi_logit: -2.944 (pi ~ 0.050)
  sigma_pi_logit: 0.200

True random predictor effects (mu_beta_random):
  k=1 (price): mu=0.0500, sigma=0.0300
  k=2 (weekend): mu=0.1000, sigma=0.0500
  k=3 (season): mu=0.0200, sigma=0.0100

True fixed predictor effects (mu_beta_fixed):
  k=1 (temp): mu=-0.0200
  k=2 (precip): mu=-0.0100

True INGARCH alpha (raw scale):
  mu_alpha_random_raw: 0.200, 0.100
  sigma_alpha_random: 0.080, 0.050
  mu_alpha_fixed_raw: all 0.000 (10 values)

True INGARCH delta (raw scale):
  mu_delta_random_raw: 0.150, 0.080
  sigma_delta_random: 0.060, 0.040
  mu_delta_fixed_raw: all 0.000 (10 values)

INGARCH stability check:
  alpha_1 = tanh(0.200/2) = 0.0997
  alpha_7 = tanh(0.100/2) = 0.0500
  delta_1 = tanh(0.150/2) = 0.0749
  delta_7 = tanh(0.080/2) = 0.0400
  Sum of active INGARCH coefficients: 0.2645 (must be << 1 for stability)

Restaurant configuration:
  R1 (R1): 400 train, 20 test, 1 exposure(s)
  R2 (R2): 400 train, 20 test, 2 exposure(s)
  R3 (R3): 400 train, 20 test, 1 exposure(s)
  R4 (R4): 400 train, 20 test, 2 exposure(s)
  R5 (R5): 400 train, 20 test, 1 exposure(s)
  R6 (R6): 400 train, 20 test, 1 exposure(s)
  R7 (R7): 400 train, 20 test, 1 exposure(s)
  R8 (R8): 400 train, 20 test, 2 exposure(s)
  R9 (R9): 400 train, 20 test, 1 exposure(s)
  R10 (R10): 400 train, 20 test, 2 exposure(s)
  R11 (R11): 400 train, 20 test, 1 exposure(s)
  R12 (R12): 400 train, 20 test, 1 exposure(s)

Total exposures: K_exposure = 16

=== STEP 2: Generating Hierarchical Parameters ===

Restaurant-level intercepts:
  Restaurant 1: beta_intercept = 3.402
  Restaurant 2: beta_intercept = 3.666
  Restaurant 3: beta_intercept = 3.298
  Restaurant 4: beta_intercept = 3.564
  Restaurant 5: beta_intercept = 3.593
  Restaurant 6: beta_intercept = 3.852
  Restaurant 7: beta_intercept = 3.686
  Restaurant 8: beta_intercept = 3.466
  Restaurant 9: beta_intercept = 3.775
  Restaurant 10: beta_intercept = 3.433
  Restaurant 11: beta_intercept = 3.658
  Restaurant 12: beta_intercept = 3.262

Restaurant-level dispersion and zero-inflation:
  Restaurant 1: phi = 4.718, pi = 0.0476
  Restaurant 2: phi = 3.716, pi = 0.0382
  Restaurant 3: phi = 3.972, pi = 0.0442
  Restaurant 4: phi = 4.733, pi = 0.0511
  Restaurant 5: phi = 5.613, pi = 0.0542
  Restaurant 6: phi = 3.781, pi = 0.0538
  Restaurant 7: phi = 5.808, pi = 0.0439
  Restaurant 8: phi = 4.052, pi = 0.0514
  Restaurant 9: phi = 5.168, pi = 0.0495
  Restaurant 10: phi = 6.268, pi = 0.0493
  Restaurant 11: phi = 6.323, pi = 0.0665
  Restaurant 12: phi = 4.590, pi = 0.0678

Alpha (transformed) for each restaurant (first 4 lags shown):
  Restaurant 1: 0.1103, 0.0000, 0.0000, 0.0000 ...
  Restaurant 2: 0.1832, 0.0000, 0.0000, 0.0000 ...
  Restaurant 3: 0.1291, 0.0000, 0.0000, 0.0000 ...
  Restaurant 4: 0.1031, 0.0000, 0.0000, 0.0000 ...
  Restaurant 5: 0.0812, 0.0000, 0.0000, 0.0000 ...
  Restaurant 6: 0.0771, 0.0000, 0.0000, 0.0000 ...
  Restaurant 7: 0.0934, 0.0000, 0.0000, 0.0000 ...
  Restaurant 8: 0.1300, 0.0000, 0.0000, 0.0000 ...
  Restaurant 9: 0.0746, 0.0000, 0.0000, 0.0000 ...
  Restaurant 10: 0.0762, 0.0000, 0.0000, 0.0000 ...
  Restaurant 11: 0.0734, 0.0000, 0.0000, 0.0000 ...
  Restaurant 12: 0.0193, 0.0000, 0.0000, 0.0000 ...

Delta (transformed) for each restaurant (first 4 lags shown):
  Restaurant 1: 0.0878, 0.0000, 0.0000, 0.0000 ...
  Restaurant 2: 0.0523, 0.0000, 0.0000, 0.0000 ...
  Restaurant 3: 0.1243, 0.0000, 0.0000, 0.0000 ...
  Restaurant 4: 0.0515, 0.0000, 0.0000, 0.0000 ...
  Restaurant 5: 0.0706, 0.0000, 0.0000, 0.0000 ...
  Restaurant 6: 0.1032, 0.0000, 0.0000, 0.0000 ...
  Restaurant 7: 0.1278, 0.0000, 0.0000, 0.0000 ...
  Restaurant 8: 0.1192, 0.0000, 0.0000, 0.0000 ...
  Restaurant 9: 0.0477, 0.0000, 0.0000, 0.0000 ...
  Restaurant 10: 0.0326, 0.0000, 0.0000, 0.0000 ...
  Restaurant 11: 0.0948, 0.0000, 0.0000, 0.0000 ...
  Restaurant 12: 0.0888, 0.0000, 0.0000, 0.0000 ...

Exposure-to-restaurant mapping and gamma values:
  Exposure 1 -> Restaurant 1 (R1), param 1: gamma = 0.2423
  Exposure 2 -> Restaurant 2 (R2), param 1: gamma = 0.1626
  Exposure 3 -> Restaurant 2 (R2), param 1: gamma = 0.1440
  Exposure 4 -> Restaurant 3 (R3), param 1: gamma = 0.0045
  Exposure 5 -> Restaurant 4 (R4), param 1: gamma = 0.0960
  Exposure 6 -> Restaurant 4 (R4), param 1: gamma = 0.1291
  Exposure 7 -> Restaurant 5 (R5), param 1: gamma = 0.1742
  Exposure 8 -> Restaurant 6 (R6), param 1: gamma = 0.0478
  Exposure 9 -> Restaurant 7 (R7), param 1: gamma = 0.1611
  Exposure 10 -> Restaurant 8 (R8), param 1: gamma = 0.1171
  Exposure 11 -> Restaurant 8 (R8), param 1: gamma = 0.1572
  Exposure 12 -> Restaurant 9 (R9), param 1: gamma = 0.2982
  Exposure 13 -> Restaurant 10 (R10), param 1: gamma = 0.2211
  Exposure 14 -> Restaurant 10 (R10), param 1: gamma = 0.2935
  Exposure 15 -> Restaurant 11 (R11), param 1: gamma = 0.1091
  Exposure 16 -> Restaurant 12 (R12), param 1: gamma = 0.1065

Eta (restaurant-level exposure means):
  Restaurant 1: eta = 0.2423
  Restaurant 2: eta = 0.1438
  Restaurant 3: eta = 0.0045
  Restaurant 4: eta = 0.0670
  Restaurant 5: eta = 0.1742
  Restaurant 6: eta = 0.0478
  Restaurant 7: eta = 0.1611
  Restaurant 8: eta = 0.1459
  Restaurant 9: eta = 0.2982
  Restaurant 10: eta = 0.2389
  Restaurant 11: eta = 0.1091
  Restaurant 12: eta = 0.1065

=== STEP 3: Generating Design Matrix ===

Design matrix column layout (J = 22):
  idx_intercept: 1
  idx_beta_random: 2, 3, 4 (price, weekend, season)
  idx_beta_fixed: 5, 6 (temp, precip)
  idx_exposure: 7, 8, 9, 10, 11, 12, 13, 14, 15, 16, 17, 18, 19, 20, 21, 22

Intervention times (randomly generated):
  Exposure 1 (Restaurant 1): t = 283 (71% of 400 training obs)
  Exposure 2 (Restaurant 2): t = 85 (21% of 400 training obs)
  Exposure 3 (Restaurant 2): t = 280 (70% of 400 training obs)
  Exposure 4 (Restaurant 3): t = 209 (52% of 400 training obs)
  Exposure 5 (Restaurant 4): t = 236 (59% of 400 training obs)
  Exposure 6 (Restaurant 4): t = 237 (59% of 400 training obs)
  Exposure 7 (Restaurant 5): t = 223 (56% of 400 training obs)
  Exposure 8 (Restaurant 6): t = 224 (56% of 400 training obs)
  Exposure 9 (Restaurant 7): t = 273 (68% of 400 training obs)
  Exposure 10 (Restaurant 8): t = 268 (67% of 400 training obs)
  Exposure 11 (Restaurant 8): t = 235 (59% of 400 training obs)
  Exposure 12 (Restaurant 9): t = 119 (30% of 400 training obs)
  Exposure 13 (Restaurant 10): t = 315 (79% of 400 training obs)
  Exposure 14 (Restaurant 10): t = 235 (59% of 400 training obs)
  Exposure 15 (Restaurant 11): t = 182 (46% of 400 training obs)
  Exposure 16 (Restaurant 12): t = 245 (61% of 400 training obs)

Design matrix dimensions:
  J (total predictors): 22 (1 intercept + 3 random + 2 fixed + 16 exposures)
  N_train: 4800
  N_test: 240

=== STEP 4: Simulating Outcomes (INGARCH Process) ===

Beta matrix [J, R] constructed.
  Restaurant 1: intercept=3.402, price=0.0928, weekend=0.0267, season=0.0176, temp=-0.0200, precip=-0.0100
  Restaurant 2: intercept=3.666, price=0.0442, weekend=0.0575, season=0.0206, temp=-0.0200, precip=-0.0100
  Restaurant 3: intercept=3.298, price=0.0255, weekend=-0.0025, season=0.0184, temp=-0.0200, precip=-0.0100
  Restaurant 4: intercept=3.564, price=0.0713, weekend=0.0866, season=0.0054, temp=-0.0200, precip=-0.0100
  Restaurant 5: intercept=3.593, price=0.0723, weekend=0.0295, season=0.0247, temp=-0.0200, precip=-0.0100
  Restaurant 6: intercept=3.852, price=0.0464, weekend=0.1234, season=0.0250, temp=-0.0200, precip=-0.0100
  Restaurant 7: intercept=3.686, price=0.0768, weekend=0.1140, season=0.0301, temp=-0.0200, precip=-0.0100
  Restaurant 8: intercept=3.466, price=-0.0122, weekend=0.1595, season=0.0128, temp=-0.0200, precip=-0.0100
  Restaurant 9: intercept=3.775, price=0.0550, weekend=0.1460, season=0.0033, temp=-0.0200, precip=-0.0100
  Restaurant 10: intercept=3.433, price=0.0635, weekend=0.1241, season=0.0276, temp=-0.0200, precip=-0.0100
  Restaurant 11: intercept=3.658, price=-0.0196, weekend=0.0770, season=0.0089, temp=-0.0200, precip=-0.0100
  Restaurant 12: intercept=3.262, price=0.0621, weekend=0.1284, season=0.0129, temp=-0.0200, precip=-0.0100

Simulating training data (sequential INGARCH)...
  Restaurant 1: 400 obs simulated, mean=93.09, zeros=5.5%, max=301
  Restaurant 2: 400 obs simulated, mean=321.13, zeros=3.2%, max=1532
  Restaurant 3: 400 obs simulated, mean=105.99, zeros=4.0%, max=331
  Restaurant 4: 400 obs simulated, mean=94.25, zeros=2.2%, max=284
  Restaurant 5: 400 obs simulated, mean=115.42, zeros=8.0%, max=329
  Restaurant 6: 400 obs simulated, mean=137.24, zeros=6.8%, max=540
  Restaurant 7: 400 obs simulated, mean=403.45, zeros=3.8%, max=1449
  Restaurant 8: 400 obs simulated, mean=172.97, zeros=3.5%, max=622
  Restaurant 9: 400 obs simulated, mean=135.22, zeros=3.8%, max=425
  Restaurant 10: 400 obs simulated, mean=110.62, zeros=4.5%, max=421
  Restaurant 11: 400 obs simulated, mean=115.55, zeros=7.0%, max=323
  Restaurant 12: 400 obs simulated, mean=50.02, zeros=7.8%, max=218

Simulating test data (sequential INGARCH with training data for early lags)...
  Restaurant 1: 20 test obs simulated, mean=93.20, zeros=10.0%
  Restaurant 2: 20 test obs simulated, mean=447.95, zeros=0.0%
  Restaurant 3: 20 test obs simulated, mean=86.85, zeros=10.0%
  Restaurant 4: 20 test obs simulated, mean=122.25, zeros=5.0%
  Restaurant 5: 20 test obs simulated, mean=128.90, zeros=5.0%
  Restaurant 6: 20 test obs simulated, mean=156.95, zeros=5.0%
  Restaurant 7: 20 test obs simulated, mean=609.30, zeros=0.0%
  Restaurant 8: 20 test obs simulated, mean=173.00, zeros=5.0%
  Restaurant 9: 20 test obs simulated, mean=148.05, zeros=0.0%
  Restaurant 10: 20 test obs simulated, mean=134.55, zeros=0.0%
  Restaurant 11: 20 test obs simulated, mean=151.25, zeros=10.0%
  Restaurant 12: 20 test obs simulated, mean=66.45, zeros=10.0%

Overall simulated outcome summary (training data):
  Total observations: 4800
  Zeros: 240 (5.0%)
  Mean: 154.58, Median: 115, Max: 1532

Overall simulated outcome summary (test data):
  Total observations: 240
  Zeros: 12 (5.0%)
  Mean: 193.22, Median: 136, Max: 1087

=== STEP 5: Preparing Stan Data List ===

Stan data list created successfully.
  R: 12, J: 22, M: 1
  K_exposure: 16, K_beta_random: 3, K_beta_fixed: 2
  p_effective: 12, q_effective: 12
  K_alpha_random: 2, K_alpha_fixed: 10
  K_delta_random: 2, K_delta_fixed: 10
  N_train: 4800, N_test: 240
  N_zeros (simulated): 240 (5.0%)

Exposure-to-restaurant mapping:
  Exposure 1 -> Restaurant 1 (R1), param 1
  Exposure 2 -> Restaurant 2 (R2), param 1
  Exposure 3 -> Restaurant 2 (R2), param 1
  Exposure 4 -> Restaurant 3 (R3), param 1
  Exposure 5 -> Restaurant 4 (R4), param 1
  Exposure 6 -> Restaurant 4 (R4), param 1
  Exposure 7 -> Restaurant 5 (R5), param 1
  Exposure 8 -> Restaurant 6 (R6), param 1
  Exposure 9 -> Restaurant 7 (R7), param 1
  Exposure 10 -> Restaurant 8 (R8), param 1
  Exposure 11 -> Restaurant 8 (R8), param 1
  Exposure 12 -> Restaurant 9 (R9), param 1
  Exposure 13 -> Restaurant 10 (R10), param 1
  Exposure 14 -> Restaurant 10 (R10), param 1
  Exposure 15 -> Restaurant 11 (R11), param 1
  Exposure 16 -> Restaurant 12 (R12), param 1

=== STEP 6: Fitting the Stan Model ===

Compiling model from: /home/nuttidalab/Documents/Jared/Other/testing/models/model_multilevel_transfer_zi.stan
Starting MCMC sampling...
Using synthetic data with INGARCH lags + simple covariates...

Running MCMC with 2 parallel chains...

Chain 1 Informational Message: The current Metropolis proposal is about to be rejected because of the following issue:
Chain 1 Exception: neg_binomial_2_lpmf: Location parameter[1] is -nan, but must be positive finite! (in '/tmp/RtmptGIqA8/model-2b0edd2d36776a.stan', line 478, column 2 to column 59)
Chain 1 If this warning occurs sporadically, such as for highly constrained variable types like covariance matrices, then the sampler is fine,
Chain 1 but if this warning occurs often then your model may be either severely ill-conditioned or misspecified.
Chain 1 
Chain 1 Informational Message: The current Metropolis proposal is about to be rejected because of the following issue:
Chain 1 Exception: neg_binomial_2_lpmf: Location parameter[1] is -nan, but must be positive finite! (in '/tmp/RtmptGIqA8/model-2b0edd2d36776a.stan', line 478, column 2 to column 59)
Chain 1 If this warning occurs sporadically, such as for highly constrained variable types like covariance matrices, then the sampler is fine,
Chain 1 but if this warning occurs often then your model may be either severely ill-conditioned or misspecified.
Chain 1 
Chain 2 Iteration:    1 / 1500 [  0%]  (Warmup) 
Chain 2 Informational Message: The current Metropolis proposal is about to be rejected because of the following issue:
Chain 2 Exception: neg_binomial_2_lpmf: Location parameter[1] is inf, but must be positive finite! (in '/tmp/RtmptGIqA8/model-2b0edd2d36776a.stan', line 478, column 2 to column 59)
Chain 2 If this warning occurs sporadically, such as for highly constrained variable types like covariance matrices, then the sampler is fine,
Chain 2 but if this warning occurs often then your model may be either severely ill-conditioned or misspecified.
Chain 2 
Chain 2 Informational Message: The current Metropolis proposal is about to be rejected because of the following issue:
Chain 2 Exception: neg_binomial_2_lpmf: Location parameter[1] is inf, but must be positive finite! (in '/tmp/RtmptGIqA8/model-2b0edd2d36776a.stan', line 478, column 2 to column 59)
Chain 2 If this warning occurs sporadically, such as for highly constrained variable types like covariance matrices, then the sampler is fine,
Chain 2 but if this warning occurs often then your model may be either severely ill-conditioned or misspecified.
Chain 2 
Chain 2 Informational Message: The current Metropolis proposal is about to be rejected because of the following issue:
Chain 2 Exception: neg_binomial_2_lpmf: Location parameter[1] is inf, but must be positive finite! (in '/tmp/RtmptGIqA8/model-2b0edd2d36776a.stan', line 478, column 2 to column 59)
Chain 2 If this warning occurs sporadically, such as for highly constrained variable types like covariance matrices, then the sampler is fine,
Chain 2 but if this warning occurs often then your model may be either severely ill-conditioned or misspecified.
Chain 2 
Chain 2 Informational Message: The current Metropolis proposal is about to be rejected because of the following issue:
Chain 2 Exception: neg_binomial_2_lpmf: Location parameter[1] is inf, but must be positive finite! (in '/tmp/RtmptGIqA8/model-2b0edd2d36776a.stan', line 478, column 2 to column 59)
Chain 2 If this warning occurs sporadically, such as for highly constrained variable types like covariance matrices, then the sampler is fine,
Chain 2 but if this warning occurs often then your model may be either severely ill-conditioned or misspecified.
Chain 2 
Chain 2 Informational Message: The current Metropolis proposal is about to be rejected because of the following issue:
Chain 2 Exception: neg_binomial_2_lpmf: Location parameter[1] is inf, but must be positive finite! (in '/tmp/RtmptGIqA8/model-2b0edd2d36776a.stan', line 478, column 2 to column 59)
Chain 2 If this warning occurs sporadically, such as for highly constrained variable types like covariance matrices, then the sampler is fine,
Chain 2 but if this warning occurs often then your model may be either severely ill-conditioned or misspecified.
Chain 2 
Chain 2 Informational Message: The current Metropolis proposal is about to be rejected because of the following issue:
Chain 2 Exception: neg_binomial_2_lpmf: Location parameter[1] is inf, but must be positive finite! (in '/tmp/RtmptGIqA8/model-2b0edd2d36776a.stan', line 478, column 2 to column 59)
Chain 2 If this warning occurs sporadically, such as for highly constrained variable types like covariance matrices, then the sampler is fine,
Chain 2 but if this warning occurs often then your model may be either severely ill-conditioned or misspecified.
Chain 2 
Chain 2 Informational Message: The current Metropolis proposal is about to be rejected because of the following issue:
Chain 2 Exception: neg_binomial_2_lpmf: Location parameter[1] is inf, but must be positive finite! (in '/tmp/RtmptGIqA8/model-2b0edd2d36776a.stan', line 478, column 2 to column 59)
Chain 2 If this warning occurs sporadically, such as for highly constrained variable types like covariance matrices, then the sampler is fine,
Chain 2 but if this warning occurs often then your model may be either severely ill-conditioned or misspecified.
Chain 2 
Chain 2 Informational Message: The current Metropolis proposal is about to be rejected because of the following issue:
Chain 2 Exception: neg_binomial_2_lpmf: Location parameter[1] is inf, but must be positive finite! (in '/tmp/RtmptGIqA8/model-2b0edd2d36776a.stan', line 478, column 2 to column 59)
Chain 2 If this warning occurs sporadically, such as for highly constrained variable types like covariance matrices, then the sampler is fine,
Chain 2 but if this warning occurs often then your model may be either severely ill-conditioned or misspecified.
Chain 2 
Chain 2 Informational Message: The current Metropolis proposal is about to be rejected because of the following issue:
Chain 2 Exception: neg_binomial_2_lpmf: Location parameter[7] is inf, but must be positive finite! (in '/tmp/RtmptGIqA8/model-2b0edd2d36776a.stan', line 478, column 2 to column 59)
Chain 2 If this warning occurs sporadically, such as for highly constrained variable types like covariance matrices, then the sampler is fine,
Chain 2 but if this warning occurs often then your model may be either severely ill-conditioned or misspecified.
Chain 2 
Chain 2 Informational Message: The current Metropolis proposal is about to be rejected because of the following issue:
Chain 2 Exception: neg_binomial_2_lpmf: Location parameter[10] is inf, but must be positive finite! (in '/tmp/RtmptGIqA8/model-2b0edd2d36776a.stan', line 478, column 2 to column 59)
Chain 2 If this warning occurs sporadically, such as for highly constrained variable types like covariance matrices, then the sampler is fine,
Chain 2 but if this warning occurs often then your model may be either severely ill-conditioned or misspecified.
Chain 2 
Chain 2 Informational Message: The current Metropolis proposal is about to be rejected because of the following issue:
Chain 2 Exception: neg_binomial_2_lpmf: Location parameter[36] is inf, but must be positive finite! (in '/tmp/RtmptGIqA8/model-2b0edd2d36776a.stan', line 478, column 2 to column 59)
Chain 2 If this warning occurs sporadically, such as for highly constrained variable types like covariance matrices, then the sampler is fine,
Chain 2 but if this warning occurs often then your model may be either severely ill-conditioned or misspecified.
Chain 2 
Chain 2 Informational Message: The current Metropolis proposal is about to be rejected because of the following issue:
Chain 2 Exception: neg_binomial_2_lpmf: Location parameter[1] is inf, but must be positive finite! (in '/tmp/RtmptGIqA8/model-2b0edd2d36776a.stan', line 478, column 2 to column 59)
Chain 2 If this warning occurs sporadically, such as for highly constrained variable types like covariance matrices, then the sampler is fine,
Chain 2 but if this warning occurs often then your model may be either severely ill-conditioned or misspecified.
Chain 2 
Chain 2 Informational Message: The current Metropolis proposal is about to be rejected because of the following issue:
Chain 2 Exception: neg_binomial_2_lpmf: Location parameter[1] is inf, but must be positive finite! (in '/tmp/RtmptGIqA8/model-2b0edd2d36776a.stan', line 478, column 2 to column 59)
Chain 2 If this warning occurs sporadically, such as for highly constrained variable types like covariance matrices, then the sampler is fine,
Chain 2 but if this warning occurs often then your model may be either severely ill-conditioned or misspecified.
Chain 2 
Chain 2 Informational Message: The current Metropolis proposal is about to be rejected because of the following issue:
Chain 2 Exception: neg_binomial_2_lpmf: Location parameter[24] is inf, but must be positive finite! (in '/tmp/RtmptGIqA8/model-2b0edd2d36776a.stan', line 478, column 2 to column 59)
Chain 2 If this warning occurs sporadically, such as for highly constrained variable types like covariance matrices, then the sampler is fine,
Chain 2 but if this warning occurs often then your model may be either severely ill-conditioned or misspecified.
Chain 2 
Chain 2 Informational Message: The current Metropolis proposal is about to be rejected because of the following issue:
Chain 2 Exception: neg_binomial_2_lpmf: Location parameter[137] is 0, but must be positive finite! (in '/tmp/RtmptGIqA8/model-2b0edd2d36776a.stan', line 478, column 2 to column 59)
Chain 2 If this warning occurs sporadically, such as for highly constrained variable types like covariance matrices, then the sampler is fine,
Chain 2 but if this warning occurs often then your model may be either severely ill-conditioned or misspecified.
Chain 2 
Chain 1 Iteration:    1 / 1500 [  0%]  (Warmup) 
Chain 1 Informational Message: The current Metropolis proposal is about to be rejected because of the following issue:
Chain 1 Exception: neg_binomial_2_lpmf: Location parameter[1] is inf, but must be positive finite! (in '/tmp/RtmptGIqA8/model-2b0edd2d36776a.stan', line 478, column 2 to column 59)
Chain 1 If this warning occurs sporadically, such as for highly constrained variable types like covariance matrices, then the sampler is fine,
Chain 1 but if this warning occurs often then your model may be either severely ill-conditioned or misspecified.
Chain 1 
Chain 1 Informational Message: The current Metropolis proposal is about to be rejected because of the following issue:
Chain 1 Exception: neg_binomial_2_lpmf: Location parameter[1] is inf, but must be positive finite! (in '/tmp/RtmptGIqA8/model-2b0edd2d36776a.stan', line 478, column 2 to column 59)
Chain 1 If this warning occurs sporadically, such as for highly constrained variable types like covariance matrices, then the sampler is fine,
Chain 1 but if this warning occurs often then your model may be either severely ill-conditioned or misspecified.
Chain 1 
Chain 1 Informational Message: The current Metropolis proposal is about to be rejected because of the following issue:
Chain 1 Exception: neg_binomial_2_lpmf: Location parameter[1] is inf, but must be positive finite! (in '/tmp/RtmptGIqA8/model-2b0edd2d36776a.stan', line 478, column 2 to column 59)
Chain 1 If this warning occurs sporadically, such as for highly constrained variable types like covariance matrices, then the sampler is fine,
Chain 1 but if this warning occurs often then your model may be either severely ill-conditioned or misspecified.
Chain 1 
Chain 1 Informational Message: The current Metropolis proposal is about to be rejected because of the following issue:
Chain 1 Exception: neg_binomial_2_lpmf: Location parameter[1] is inf, but must be positive finite! (in '/tmp/RtmptGIqA8/model-2b0edd2d36776a.stan', line 478, column 2 to column 59)
Chain 1 If this warning occurs sporadically, such as for highly constrained variable types like covariance matrices, then the sampler is fine,
Chain 1 but if this warning occurs often then your model may be either severely ill-conditioned or misspecified.
Chain 1 
Chain 1 Informational Message: The current Metropolis proposal is about to be rejected because of the following issue:
Chain 1 Exception: neg_binomial_2_lpmf: Location parameter[5] is 0, but must be positive finite! (in '/tmp/RtmptGIqA8/model-2b0edd2d36776a.stan', line 478, column 2 to column 59)
Chain 1 If this warning occurs sporadically, such as for highly constrained variable types like covariance matrices, then the sampler is fine,
Chain 1 but if this warning occurs often then your model may be either severely ill-conditioned or misspecified.
Chain 1 
Chain 1 Informational Message: The current Metropolis proposal is about to be rejected because of the following issue:
Chain 1 Exception: neg_binomial_2_lpmf: Location parameter[53] is 0, but must be positive finite! (in '/tmp/RtmptGIqA8/model-2b0edd2d36776a.stan', line 478, column 2 to column 59)
Chain 1 If this warning occurs sporadically, such as for highly constrained variable types like covariance matrices, then the sampler is fine,
Chain 1 but if this warning occurs often then your model may be either severely ill-conditioned or misspecified.
Chain 1 
Chain 1 Informational Message: The current Metropolis proposal is about to be rejected because of the following issue:
Chain 1 Exception: neg_binomial_2_lpmf: Location parameter[76] is 0, but must be positive finite! (in '/tmp/RtmptGIqA8/model-2b0edd2d36776a.stan', line 478, column 2 to column 59)
Chain 1 If this warning occurs sporadically, such as for highly constrained variable types like covariance matrices, then the sampler is fine,
Chain 1 but if this warning occurs often then your model may be either severely ill-conditioned or misspecified.
Chain 1 
Chain 1 Informational Message: The current Metropolis proposal is about to be rejected because of the following issue:
Chain 1 Exception: neg_binomial_2_lpmf: Location parameter[144] is inf, but must be positive finite! (in '/tmp/RtmptGIqA8/model-2b0edd2d36776a.stan', line 478, column 2 to column 59)
Chain 1 If this warning occurs sporadically, such as for highly constrained variable types like covariance matrices, then the sampler is fine,
Chain 1 but if this warning occurs often then your model may be either severely ill-conditioned or misspecified.
Chain 1 
Chain 1 Informational Message: The current Metropolis proposal is about to be rejected because of the following issue:
Chain 1 Exception: neg_binomial_2_lpmf: Location parameter[1] is -nan, but must be positive finite! (in '/tmp/RtmptGIqA8/model-2b0edd2d36776a.stan', line 478, column 2 to column 59)
Chain 1 If this warning occurs sporadically, such as for highly constrained variable types like covariance matrices, then the sampler is fine,
Chain 1 but if this warning occurs often then your model may be either severely ill-conditioned or misspecified.
Chain 1 
Chain 1 Informational Message: The current Metropolis proposal is about to be rejected because of the following issue:
Chain 1 Exception: neg_binomial_2_lpmf: Location parameter[1] is -nan, but must be positive finite! (in '/tmp/RtmptGIqA8/model-2b0edd2d36776a.stan', line 478, column 2 to column 59)
Chain 1 If this warning occurs sporadically, such as for highly constrained variable types like covariance matrices, then the sampler is fine,
Chain 1 but if this warning occurs often then your model may be either severely ill-conditioned or misspecified.
Chain 1 
Chain 1 Informational Message: The current Metropolis proposal is about to be rejected because of the following issue:
Chain 1 Exception: neg_binomial_2_lpmf: Location parameter[1] is inf, but must be positive finite! (in '/tmp/RtmptGIqA8/model-2b0edd2d36776a.stan', line 478, column 2 to column 59)
Chain 1 If this warning occurs sporadically, such as for highly constrained variable types like covariance matrices, then the sampler is fine,
Chain 1 but if this warning occurs often then your model may be either severely ill-conditioned or misspecified.
Chain 1 
Chain 1 Informational Message: The current Metropolis proposal is about to be rejected because of the following issue:
Chain 1 Exception: neg_binomial_2_lpmf: Location parameter[7] is inf, but must be positive finite! (in '/tmp/RtmptGIqA8/model-2b0edd2d36776a.stan', line 478, column 2 to column 59)
Chain 1 If this warning occurs sporadically, such as for highly constrained variable types like covariance matrices, then the sampler is fine,
Chain 1 but if this warning occurs often then your model may be either severely ill-conditioned or misspecified.
Chain 1 
