- The project is out-of-sync -- use `renv::status()` for details.
Warning message:
renv took longer than expected (24 seconds) to activate the sandbox.

The sandbox can be disabled by setting:

    RENV_CONFIG_SANDBOX_ENABLED = FALSE

within an appropriate start-up .Renviron file.

See `?renv::config` for more details. 
── Attaching core tidyverse packages ──────────────────────── tidyverse 2.0.0 ──
✔ dplyr     1.1.4     ✔ readr     2.1.5
✔ forcats   1.0.0     ✔ stringr   1.5.1
✔ ggplot2   3.5.1     ✔ tibble    3.2.1
✔ lubridate 1.9.4     ✔ tidyr     1.3.1
✔ purrr     1.0.4     
[conflicted] Will prefer dplyr::select over any other package.
[conflicted] Will prefer dplyr::filter over any other package.
[conflicted] Will prefer lubridate::year over any other package.
[conflicted] Will prefer lubridate::month over any other package.
[conflicted] Will prefer purrr::map over any other package.
[conflicted] Will prefer stats::sd over any other package.
[conflicted] Will prefer base::match over any other package.
This is cmdstanr version 0.9.0
- CmdStanR documentation and vignettes: mc-stan.org/cmdstanr
- CmdStan path: /home/nuttidalab/.cmdstan/cmdstan-2.36.0
- CmdStan version: 2.36.0

A newer version of CmdStan is available. See ?install_cmdstan() to install it.
To disable this check set option or environment variable cmdstanr_no_ver_check=TRUE.
This is posterior version 1.6.0
Registered S3 method overwritten by 'tsibble':
  method               from 
  as_tibble.grouped_df dplyr
── Attaching packages ──────────────────────────────────────────── fpp3 1.0.1 ──
✔ tsibble     1.1.6     ✔ feasts      0.4.1
✔ tsibbledata 0.4.1     ✔ fable       0.4.1
Loading required package: R.oo
Loading required package: R.methodsS3
R.methodsS3 v1.8.2 (2022-06-13 22:00:14 UTC) successfully loaded. See ?R.methodsS3 for help.
R.oo v1.27.0 (2024-11-01 18:00:02 UTC) successfully loaded. See ?R.oo for help.

Attaching package: ‘R.oo’

The following object is masked from ‘package:R.methodsS3’:

    throw

The following object is masked from ‘package:shiny’:

    printStackTrace

The following object is masked from ‘package:renv’:

    load

The following objects are masked from ‘package:methods’:

    getClasses, getMethods

The following objects are masked from ‘package:base’:

    attach, detach, load, save

R.utils v2.13.0 (2025-02-24 21:20:02 UTC) successfully loaded. See ?R.utils for help.
Registered S3 method overwritten by 'quantmod':
  method            from
  as.zoo.data.frame zoo 
Registered S3 methods overwritten by 'bayesforecast':
  method      from    
  autoplot.ts forecast
  forecast.ts forecast
  fortify.ts  forecast
  print.garch tseries 
[1] "# of rows: 34628"
[1] "# of rows: 7197"
[1] "Found 5 exposure columns in the data: exposure_2HRX9P6HKXA8V_1, exposure_ED5J990H5VAZT_1, exposure_JHDN7CF1C03X5_1, exposure_L69HYJ4Y3TR91_1, exposure_W8T41JZK0ZMEP_1"
Numeric columns considered for scaling:
vegan_window_sum_item_quantity,
vegetarian_window_sum_item_quantity,
meat_window_sum_item_quantity,
vegan_window_avg_item_price,
vegetarian_window_avg_item_price,
meat_window_avg_item_price,
breakfast_p_window_avg_item_price,
textured_p_window_avg_item_price,
untextured_p_window_avg_item_price,
chicken_p_window_avg_item_price,
dairy_p_window_avg_item_price,
egg_p_window_avg_item_price,
breakfast_window_avg_item_price,
textured_window_avg_item_price,
untextured_window_avg_item_price,
breakfast_t2_window_avg_item_price,
textured_t2_window_avg_item_price,
untextured_t2_window_avg_item_price,
chicken_t2_window_avg_item_price,
dairy_t2_window_avg_item_price,
day_of_month,
Value,
vegan_price_real,
vegetarian_price_real,
meat_price_real,
breakfast_p_price_real,
textured_p_price_real,
untextured_p_price_real,
chicken_p_price_real,
dairy_p_price_real,
egg_p_price_real,
breakfast_price_real,
textured_price_real,
untextured_price_real,
breakfast_t2_price_real,
textured_t2_price_real,
untextured_t2_price_real,
chicken_t2_price_real,
dairy_t2_price_real,
inflation,
temp,
precip[1] "Successfully created `expo_to_rest` mapping."
[1] "Successfully created `expo_to_param` mapping."
Identified 5 exposure columns in the design matrix: 
exposure_2HRX9P6HKXA8V_1, 
exposure_ED5J990H5VAZT_1, 
exposure_JHDN7CF1C03X5_1, 
exposure_L69HYJ4Y3TR91_1, 
exposure_W8T41JZK0ZMEP_1
Identified 30 random beta columns: 
vegan_price_real, 
vegetarian_price_real, 
meat_price_real, 
weekend, 
holiday_window, 
month_cat2, 
month_cat3, 
month_cat4, 
month_cat5, 
month_cat6, 
month_cat7, 
month_cat8, 
month_cat9, 
month_cat10, 
month_cat11, 
month_cat12, 
seasonspring, 
seasonsummer, 
seasonwinter, 
year_cat2014, 
year_cat2015, 
year_cat2016, 
year_cat2017, 
year_cat2018, 
year_cat2019, 
year_cat2020, 
year_cat2021, 
year_cat2022, 
year_cat2023, 
date_num
Identified 9 fixed beta columns: 
day_of_week_cat1, 
day_of_week_cat2, 
day_of_week_cat3, 
day_of_week_cat4, 
day_of_week_cat5, 
day_of_week_cat6, 
inflation, 
temp, 
precip
Identified 2 random alpha indices (positions): 
1, 7
Identified 2 random delta indices (positions): 
1, 7
[1] "Loading known ZI probabilities from: model_fits/finalized_redone_zi/proportion/total/vegetarian_dishes_count"
[1] "Per-restaurant pi_known: 0.0341, 0.1972, 0.011, 0.0927, 0.0873"
$R
[1] 5

$J
[1] 45

$p_effective
[1] 12

$q_effective
[1] 12

$M
[1] 2

$idx_intercept
[1] 1

$K_beta_random
[1] 30

$idx_beta_random
[1] 2 3 4 5 6 7

$K_beta_fixed
[1] 9

$idx_beta_fixed
[1] 32 33 34 35 36 37

$K_exposure
[1] 5

$idx_exposure
[1] 41 42 43 44 45

$expo_to_rest
[1] 1 4 2 3 5

$expo_to_param
[1] 1 1 1 1 1

$effective_lags_alpha
[1] 1 2 3 4 5 6

$K_alpha_random
[1] 2

$idx_alpha_random
[1] 1 7

$K_alpha_fixed
[1] 10

$idx_alpha_fixed
[1] 2 3 4 5 6 8

$effective_lags_delta
[1] 1 2 3 4 5 6

$K_delta_random
[1] 2

$idx_delta_random
[1] 1 7

$K_delta_fixed
[1] 10

$idx_delta_fixed
[1] 2 3 4 5 6 8

$N_train
[1] 6834

$X_train
  (Intercept) vegan_price_real vegetarian_price_real meat_price_real weekend
1           1       -0.9751439            -0.6231729      -1.0385991       0
2           1       -0.3967741            -0.5118701      -1.2993172       0
3           1       -1.2422909            -0.7866129      -0.9553291       0
4           1       -0.9460238            -0.7780717      -1.2664759       1
5           1       -0.8773595            -0.7320021      -1.0631467       1
6           1       -1.0499877            -0.6975952      -0.9205429       0
  holiday_window month_cat2 month_cat3 month_cat4 month_cat5 month_cat6
1              0          0          0          0          0          0
2              0          0          0          0          0          0
3              0          0          0          0          0          0
4              0          0          0          0          0          0
5              0          0          0          0          0          0
6              0          0          0          0          0          0
  month_cat7 month_cat8 month_cat9 month_cat10 month_cat11 month_cat12
1          0          0          0           0           0           0
2          0          0          0           0           0           0
3          0          0          0           0           0           0
4          0          0          0           0           0           0
5          0          0          0           0           0           0
6          0          0          0           0           0           0
  seasonspring seasonsummer seasonwinter year_cat2014 year_cat2015 year_cat2016
1            0            0            1            0            0            0
2            0            0            1            0            0            0
3            0            0            1            0            0            0
4            0            0            1            0            0            0
5            0            0            1            0            0            0
6            0            0            1            0            0            0
  year_cat2017 year_cat2018 year_cat2019 year_cat2020 year_cat2021 year_cat2022
1            0            0            1            0            0            0
2            0            0            1            0            0            0
3            0            0            1            0            0            0
4            0            0            1            0            0            0
5            0            0            1            0            0            0
6            0            0            1            0            0            0
  year_cat2023 date_num day_of_week_cat1 day_of_week_cat2 day_of_week_cat3
1            0 49.00205                0                1                0
2            0 49.00479                0                0                1
3            0 49.00753                0                0                0
4            0 49.01027                0                0                0
5            0 49.01300                0                0                0
6            0 49.01574                0                0                0
  day_of_week_cat4 day_of_week_cat5 day_of_week_cat6 inflation       temp
1                0                0                0 -1.282151 -1.2225669
2                0                0                0 -1.282151 -1.0336314
3                1                0                0 -1.282151 -0.8446958
4                0                1                0 -1.282151 -0.7962508
5                0                0                1 -1.282151 -0.5830928
6                0                0                0 -1.282151 -0.8204733
      precip exposure_2HRX9P6HKXA8V_1 exposure_ED5J990H5VAZT_1
1 -0.2818423                        4                        0
2 -0.2818423                        4                        0
3 -0.2818423                        4                        0
4 -0.2818423                        4                        0
5 -0.2818423                        4                        0
6 -0.2818423                        4                        0
  exposure_JHDN7CF1C03X5_1 exposure_L69HYJ4Y3TR91_1 exposure_W8T41JZK0ZMEP_1
1                        0                        0                        0
2                        0                        0                        0
3                        0                        0                        0
4                        0                        0                        0
5                        0                        0                        0
6                        0                        0                        0

$y_train
[1] 46 18  2 10 10  3

$idx_to_rest_train
[1] 1 1 1 1 1 1

$train_start_idx
[1]    1 1582 2877 3150 5641

$train_end_idx
[1] 1581 2876 3149 5640 6834

$N_test
[1] 363

$X_test
  (Intercept) vegan_price_real vegetarian_price_real meat_price_real weekend
1           1       0.38103677             0.6130176       0.5051827       0
2           1      -2.10023052            -1.6383049      -0.9805834       0
3           1      -1.68385722            -1.5443505      -2.1441971       0
4           1       0.41407445             0.7868065       0.1720278       0
5           1      -0.08430122             0.5415055       0.0760158       1
6           1       0.35720230             0.7139883       0.2297473       1
  holiday_window month_cat2 month_cat3 month_cat4 month_cat5 month_cat6
1              0          0          0          0          1          0
2              0          0          0          0          1          0
3              0          0          0          0          1          0
4              0          0          0          0          1          0
5              0          0          0          0          1          0
6              0          0          0          0          1          0
  month_cat7 month_cat8 month_cat9 month_cat10 month_cat11 month_cat12
1          0          0          0           0           0           0
2          0          0          0           0           0           0
3          0          0          0           0           0           0
4          0          0          0           0           0           0
5          0          0          0           0           0           0
6          0          0          0           0           0           0
  seasonspring seasonsummer seasonwinter year_cat2014 year_cat2015 year_cat2016
1            1            0            0            0            0            0
2            1            0            0            0            0            0
3            1            0            0            0            0            0
4            1            0            0            0            0            0
5            1            0            0            0            0            0
6            1            0            0            0            0            0
  year_cat2017 year_cat2018 year_cat2019 year_cat2020 year_cat2021 year_cat2022
1            0            0            0            0            0            0
2            0            0            0            0            0            0
3            0            0            0            0            0            0
4            0            0            0            0            0            0
5            0            0            0            0            0            0
6            0            0            0            0            0            0
  year_cat2023 date_num day_of_week_cat1 day_of_week_cat2 day_of_week_cat3
1            1 53.33060                1                0                0
2            1 53.33333                0                1                0
3            1 53.33607                0                0                1
4            1 53.33881                0                0                0
5            1 53.34155                0                0                0
6            1 53.34428                0                0                0
  day_of_week_cat4 day_of_week_cat5 day_of_week_cat6 inflation      temp
1                0                0                0   2.13719 0.8993244
2                0                0                0   2.13719 1.1367049
3                0                0                0   2.13719 1.0059034
4                1                0                0   2.13719 0.2840728
5                0                1                0   2.13719 0.3858073
6                0                0                1   2.13719 0.3373623
      precip exposure_2HRX9P6HKXA8V_1 exposure_ED5J990H5VAZT_1
1 -0.2818423                        5                        0
2 -0.2818423                        5                        0
3 -0.1155143                        5                        0
4  0.1616990                        5                        0
5 -0.2818423                        5                        0
6 -0.2818423                        5                        0
  exposure_JHDN7CF1C03X5_1 exposure_L69HYJ4Y3TR91_1 exposure_W8T41JZK0ZMEP_1
1                        0                        0                        0
2                        0                        0                        0
3                        0                        0                        0
4                        0                        0                        0
5                        0                        0                        0
6                        0                        0                        0

$y_test
[1]  6  0  6 15 46 39

$idx_to_rest_test
[1] 1 1 1 1 1 1

$test_start_idx
[1]   1  85 154 169 301

$test_end_idx
[1]  84 153 168 300 363

$N_zeros
[1] 2830

$idx_zeros
[1] 24 49 50 51 52 78

$mu_gamma_scale
[1] 1

$sigma_gamma_between_scale
[1] 1

$sigma_gamma_within_scale
[1] 1

$mu_beta_scale
[1] 1

$sigma_beta_scale
[1] 1

$mu_alpha_scale
[1] 1

$sigma_alpha_scale
[1] 1

$mu_delta_scale
[1] 1

$sigma_delta_scale
[1] 1

$mu_phi_log_scale
[1] 1

$sigma_phi_log_scale
[1] 1

$z_eta_scale
[1] 3

$z_gamma_scale
[1] 3

$z_beta_scale
[1] 3

$z_ingarch_scale
[1] 3

$pi_known
[1] 0.03408339 0.19723396 0.01101400 0.09269881 0.08725451

[1] "Using Stan model: model_multilevel_transfer_zi_data.stan"
[1] "Fitting the multilevel model..."
Running MCMC with 2 parallel chains...

Chain 1 Informational Message: The current Metropolis proposal is about to be rejected because of the following issue:
Chain 1 Exception: neg_binomial_2_lpmf: Location parameter[1] is -nan, but must be positive finite! (in '/tmp/RtmpJqfHmu/model-2cbf9617ca6050.stan', line 451, column 2 to column 59)
Chain 1 If this warning occurs sporadically, such as for highly constrained variable types like covariance matrices, then the sampler is fine,
Chain 1 but if this warning occurs often then your model may be either severely ill-conditioned or misspecified.
Chain 1 
Chain 1 Informational Message: The current Metropolis proposal is about to be rejected because of the following issue:
Chain 1 Exception: neg_binomial_2_lpmf: Location parameter[1] is -nan, but must be positive finite! (in '/tmp/RtmpJqfHmu/model-2cbf9617ca6050.stan', line 451, column 2 to column 59)
Chain 1 If this warning occurs sporadically, such as for highly constrained variable types like covariance matrices, then the sampler is fine,
Chain 1 but if this warning occurs often then your model may be either severely ill-conditioned or misspecified.
Chain 1 
Chain 1 Informational Message: The current Metropolis proposal is about to be rejected because of the following issue:
Chain 1 Exception: neg_binomial_2_lpmf: Location parameter[1] is 0, but must be positive finite! (in '/tmp/RtmpJqfHmu/model-2cbf9617ca6050.stan', line 451, column 2 to column 59)
Chain 1 If this warning occurs sporadically, such as for highly constrained variable types like covariance matrices, then the sampler is fine,
Chain 1 but if this warning occurs often then your model may be either severely ill-conditioned or misspecified.
Chain 1 
Chain 2 Informational Message: The current Metropolis proposal is about to be rejected because of the following issue:
Chain 2 Exception: neg_binomial_2_lpmf: Location parameter[1] is -nan, but must be positive finite! (in '/tmp/RtmpJqfHmu/model-2cbf9617ca6050.stan', line 451, column 2 to column 59)
Chain 2 If this warning occurs sporadically, such as for highly constrained variable types like covariance matrices, then the sampler is fine,
Chain 2 but if this warning occurs often then your model may be either severely ill-conditioned or misspecified.
Chain 2 
Chain 1 Informational Message: The current Metropolis proposal is about to be rejected because of the following issue:
Chain 1 Exception: neg_binomial_2_lpmf: Location parameter[1] is 0, but must be positive finite! (in '/tmp/RtmpJqfHmu/model-2cbf9617ca6050.stan', line 451, column 2 to column 59)
Chain 1 If this warning occurs sporadically, such as for highly constrained variable types like covariance matrices, then the sampler is fine,
Chain 1 but if this warning occurs often then your model may be either severely ill-conditioned or misspecified.
Chain 1 
Chain 2 Informational Message: The current Metropolis proposal is about to be rejected because of the following issue:
Chain 2 Exception: neg_binomial_2_lpmf: Location parameter[1] is -nan, but must be positive finite! (in '/tmp/RtmpJqfHmu/model-2cbf9617ca6050.stan', line 451, column 2 to column 59)
Chain 2 If this warning occurs sporadically, such as for highly constrained variable types like covariance matrices, then the sampler is fine,
Chain 2 but if this warning occurs often then your model may be either severely ill-conditioned or misspecified.
Chain 2 
Chain 1 Informational Message: The current Metropolis proposal is about to be rejected because of the following issue:
Chain 1 Exception: neg_binomial_2_lpmf: Location parameter[1] is inf, but must be positive finite! (in '/tmp/RtmpJqfHmu/model-2cbf9617ca6050.stan', line 451, column 2 to column 59)
Chain 1 If this warning occurs sporadically, such as for highly constrained variable types like covariance matrices, then the sampler is fine,
Chain 1 but if this warning occurs often then your model may be either severely ill-conditioned or misspecified.
Chain 1 
Chain 2 Informational Message: The current Metropolis proposal is about to be rejected because of the following issue:
Chain 2 Exception: neg_binomial_2_lpmf: Location parameter[1] is -nan, but must be positive finite! (in '/tmp/RtmpJqfHmu/model-2cbf9617ca6050.stan', line 451, column 2 to column 59)
Chain 2 If this warning occurs sporadically, such as for highly constrained variable types like covariance matrices, then the sampler is fine,
Chain 2 but if this warning occurs often then your model may be either severely ill-conditioned or misspecified.
Chain 2 
Chain 1 Informational Message: The current Metropolis proposal is about to be rejected because of the following issue:
Chain 1 Exception: neg_binomial_2_lpmf: Location parameter[1] is inf, but must be positive finite! (in '/tmp/RtmpJqfHmu/model-2cbf9617ca6050.stan', line 451, column 2 to column 59)
Chain 1 If this warning occurs sporadically, such as for highly constrained variable types like covariance matrices, then the sampler is fine,
Chain 1 but if this warning occurs often then your model may be either severely ill-conditioned or misspecified.
Chain 1 
Chain 2 Informational Message: The current Metropolis proposal is about to be rejected because of the following issue:
Chain 2 Exception: neg_binomial_2_lpmf: Location parameter[1] is inf, but must be positive finite! (in '/tmp/RtmpJqfHmu/model-2cbf9617ca6050.stan', line 451, column 2 to column 59)
Chain 2 If this warning occurs sporadically, such as for highly constrained variable types like covariance matrices, then the sampler is fine,
Chain 2 but if this warning occurs often then your model may be either severely ill-conditioned or misspecified.
Chain 2 
Chain 1 Informational Message: The current Metropolis proposal is about to be rejected because of the following issue:
Chain 1 Exception: neg_binomial_2_lpmf: Location parameter[1] is inf, but must be positive finite! (in '/tmp/RtmpJqfHmu/model-2cbf9617ca6050.stan', line 451, column 2 to column 59)
Chain 1 If this warning occurs sporadically, such as for highly constrained variable types like covariance matrices, then the sampler is fine,
Chain 1 but if this warning occurs often then your model may be either severely ill-conditioned or misspecified.
Chain 1 
Chain 2 Informational Message: The current Metropolis proposal is about to be rejected because of the following issue:
Chain 2 Exception: neg_binomial_2_lpmf: Location parameter[1] is inf, but must be positive finite! (in '/tmp/RtmpJqfHmu/model-2cbf9617ca6050.stan', line 451, column 2 to column 59)
Chain 2 If this warning occurs sporadically, such as for highly constrained variable types like covariance matrices, then the sampler is fine,
Chain 2 but if this warning occurs often then your model may be either severely ill-conditioned or misspecified.
Chain 2 
Chain 1 Informational Message: The current Metropolis proposal is about to be rejected because of the following issue:
Chain 1 Exception: neg_binomial_2_lpmf: Location parameter[1] is inf, but must be positive finite! (in '/tmp/RtmpJqfHmu/model-2cbf9617ca6050.stan', line 451, column 2 to column 59)
Chain 1 If this warning occurs sporadically, such as for highly constrained variable types like covariance matrices, then the sampler is fine,
Chain 1 but if this warning occurs often then your model may be either severely ill-conditioned or misspecified.
Chain 1 
Chain 2 Informational Message: The current Metropolis proposal is about to be rejected because of the following issue:
Chain 2 Exception: neg_binomial_2_lpmf: Location parameter[1] is inf, but must be positive finite! (in '/tmp/RtmpJqfHmu/model-2cbf9617ca6050.stan', line 451, column 2 to column 59)
Chain 2 If this warning occurs sporadically, such as for highly constrained variable types like covariance matrices, then the sampler is fine,
Chain 2 but if this warning occurs often then your model may be either severely ill-conditioned or misspecified.
Chain 2 
Chain 1 Informational Message: The current Metropolis proposal is about to be rejected because of the following issue:
Chain 1 Exception: neg_binomial_2_lpmf: Location parameter[1] is inf, but must be positive finite! (in '/tmp/RtmpJqfHmu/model-2cbf9617ca6050.stan', line 451, column 2 to column 59)
Chain 1 If this warning occurs sporadically, such as for highly constrained variable types like covariance matrices, then the sampler is fine,
Chain 1 but if this warning occurs often then your model may be either severely ill-conditioned or misspecified.
Chain 1 
Chain 2 Informational Message: The current Metropolis proposal is about to be rejected because of the following issue:
Chain 2 Exception: neg_binomial_2_lpmf: Location parameter[1] is inf, but must be positive finite! (in '/tmp/RtmpJqfHmu/model-2cbf9617ca6050.stan', line 451, column 2 to column 59)
Chain 2 If this warning occurs sporadically, such as for highly constrained variable types like covariance matrices, then the sampler is fine,
Chain 2 but if this warning occurs often then your model may be either severely ill-conditioned or misspecified.
Chain 2 
Chain 1 Informational Message: The current Metropolis proposal is about to be rejected because of the following issue:
Chain 1 Exception: neg_binomial_2_lpmf: Location parameter[1] is inf, but must be positive finite! (in '/tmp/RtmpJqfHmu/model-2cbf9617ca6050.stan', line 451, column 2 to column 59)
Chain 1 If this warning occurs sporadically, such as for highly constrained variable types like covariance matrices, then the sampler is fine,
Chain 1 but if this warning occurs often then your model may be either severely ill-conditioned or misspecified.
Chain 1 
Chain 2 Informational Message: The current Metropolis proposal is about to be rejected because of the following issue:
Chain 2 Exception: neg_binomial_2_lpmf: Location parameter[1] is inf, but must be positive finite! (in '/tmp/RtmpJqfHmu/model-2cbf9617ca6050.stan', line 451, column 2 to column 59)
Chain 2 If this warning occurs sporadically, such as for highly constrained variable types like covariance matrices, then the sampler is fine,
Chain 2 but if this warning occurs often then your model may be either severely ill-conditioned or misspecified.
Chain 2 
Chain 1 Informational Message: The current Metropolis proposal is about to be rejected because of the following issue:
Chain 1 Exception: neg_binomial_2_lpmf: Location parameter[56] is 0, but must be positive finite! (in '/tmp/RtmpJqfHmu/model-2cbf9617ca6050.stan', line 451, column 2 to column 59)
Chain 1 If this warning occurs sporadically, such as for highly constrained variable types like covariance matrices, then the sampler is fine,
Chain 1 but if this warning occurs often then your model may be either severely ill-conditioned or misspecified.
Chain 1 
Chain 2 Informational Message: The current Metropolis proposal is about to be rejected because of the following issue:
Chain 2 Exception: neg_binomial_2_lpmf: Location parameter[1] is inf, but must be positive finite! (in '/tmp/RtmpJqfHmu/model-2cbf9617ca6050.stan', line 451, column 2 to column 59)
Chain 2 If this warning occurs sporadically, such as for highly constrained variable types like covariance matrices, then the sampler is fine,
Chain 2 but if this warning occurs often then your model may be either severely ill-conditioned or misspecified.
Chain 2 
Chain 2 Informational Message: The current Metropolis proposal is about to be rejected because of the following issue:
Chain 2 Exception: neg_binomial_2_lpmf: Location parameter[1] is inf, but must be positive finite! (in '/tmp/RtmpJqfHmu/model-2cbf9617ca6050.stan', line 451, column 2 to column 59)
Chain 2 If this warning occurs sporadically, such as for highly constrained variable types like covariance matrices, then the sampler is fine,
Chain 2 but if this warning occurs often then your model may be either severely ill-conditioned or misspecified.
Chain 2 
Chain 2 Informational Message: The current Metropolis proposal is about to be rejected because of the following issue:
Chain 2 Exception: neg_binomial_2_lpmf: Location parameter[24] is inf, but must be positive finite! (in '/tmp/RtmpJqfHmu/model-2cbf9617ca6050.stan', line 451, column 2 to column 59)
Chain 2 If this warning occurs sporadically, such as for highly constrained variable types like covariance matrices, then the sampler is fine,
Chain 2 but if this warning occurs often then your model may be either severely ill-conditioned or misspecified.
Chain 2 
Chain 1 Iteration:    1 / 2200 [  0%]  (Warmup) 
Chain 2 Informational Message: The current Metropolis proposal is about to be rejected because of the following issue:
Chain 2 Exception: neg_binomial_2_lpmf: Location parameter[46] is 0, but must be positive finite! (in '/tmp/RtmpJqfHmu/model-2cbf9617ca6050.stan', line 451, column 2 to column 59)
Chain 2 If this warning occurs sporadically, such as for highly constrained variable types like covariance matrices, then the sampler is fine,
Chain 2 but if this warning occurs often then your model may be either severely ill-conditioned or misspecified.
Chain 2 
Chain 2 Informational Message: The current Metropolis proposal is about to be rejected because of the following issue:
Chain 2 Exception: neg_binomial_2_lpmf: Location parameter[142] is inf, but must be positive finite! (in '/tmp/RtmpJqfHmu/model-2cbf9617ca6050.stan', line 451, column 2 to column 59)
Chain 2 If this warning occurs sporadically, such as for highly constrained variable types like covariance matrices, then the sampler is fine,
Chain 2 but if this warning occurs often then your model may be either severely ill-conditioned or misspecified.
Chain 2 
Chain 1 Informational Message: The current Metropolis proposal is about to be rejected because of the following issue:
Chain 1 Exception: neg_binomial_2_lpmf: Location parameter[1] is -nan, but must be positive finite! (in '/tmp/RtmpJqfHmu/model-2cbf9617ca6050.stan', line 451, column 2 to column 59)
Chain 1 If this warning occurs sporadically, such as for highly constrained variable types like covariance matrices, then the sampler is fine,
Chain 1 but if this warning occurs often then your model may be either severely ill-conditioned or misspecified.
Chain 1 
Chain 1 Informational Message: The current Metropolis proposal is about to be rejected because of the following issue:
Chain 1 Exception: neg_binomial_2_lpmf: Location parameter[1] is -nan, but must be positive finite! (in '/tmp/RtmpJqfHmu/model-2cbf9617ca6050.stan', line 451, column 2 to column 59)
Chain 1 If this warning occurs sporadically, such as for highly constrained variable types like covariance matrices, then the sampler is fine,
Chain 1 but if this warning occurs often then your model may be either severely ill-conditioned or misspecified.
Chain 1 
Chain 1 Informational Message: The current Metropolis proposal is about to be rejected because of the following issue:
Chain 1 Exception: neg_binomial_2_lpmf: Location parameter[1] is inf, but must be positive finite! (in '/tmp/RtmpJqfHmu/model-2cbf9617ca6050.stan', line 451, column 2 to column 59)
Chain 1 If this warning occurs sporadically, such as for highly constrained variable types like covariance matrices, then the sampler is fine,
Chain 1 but if this warning occurs often then your model may be either severely ill-conditioned or misspecified.
Chain 1 
Chain 2 Iteration:    1 / 2200 [  0%]  (Warmup) 
Chain 1 Informational Message: The current Metropolis proposal is about to be rejected because of the following issue:
Chain 1 Exception: neg_binomial_2_lpmf: Location parameter[1] is inf, but must be positive finite! (in '/tmp/RtmpJqfHmu/model-2cbf9617ca6050.stan', line 451, column 2 to column 59)
Chain 1 If this warning occurs sporadically, such as for highly constrained variable types like covariance matrices, then the sampler is fine,
Chain 1 but if this warning occurs often then your model may be either severely ill-conditioned or misspecified.
Chain 1 
Chain 2 Informational Message: The current Metropolis proposal is about to be rejected because of the following issue:
Chain 2 Exception: neg_binomial_2_lpmf: Location parameter[1] is -nan, but must be positive finite! (in '/tmp/RtmpJqfHmu/model-2cbf9617ca6050.stan', line 451, column 2 to column 59)
Chain 2 If this warning occurs sporadically, such as for highly constrained variable types like covariance matrices, then the sampler is fine,
Chain 2 but if this warning occurs often then your model may be either severely ill-conditioned or misspecified.
Chain 2 
Chain 2 Informational Message: The current Metropolis proposal is about to be rejected because of the following issue:
Chain 2 Exception: neg_binomial_2_lpmf: Location parameter[1] is -nan, but must be positive finite! (in '/tmp/RtmpJqfHmu/model-2cbf9617ca6050.stan', line 451, column 2 to column 59)
Chain 2 If this warning occurs sporadically, such as for highly constrained variable types like covariance matrices, then the sampler is fine,
Chain 2 but if this warning occurs often then your model may be either severely ill-conditioned or misspecified.
Chain 2 
Chain 2 Informational Message: The current Metropolis proposal is about to be rejected because of the following issue:
Chain 2 Exception: neg_binomial_2_lpmf: Location parameter[1] is inf, but must be positive finite! (in '/tmp/RtmpJqfHmu/model-2cbf9617ca6050.stan', line 451, column 2 to column 59)
Chain 2 If this warning occurs sporadically, such as for highly constrained variable types like covariance matrices, then the sampler is fine,
Chain 2 but if this warning occurs often then your model may be either severely ill-conditioned or misspecified.
Chain 2 
Chain 2 Informational Message: The current Metropolis proposal is about to be rejected because of the following issue:
Chain 2 Exception: neg_binomial_2_lpmf: Location parameter[1] is inf, but must be positive finite! (in '/tmp/RtmpJqfHmu/model-2cbf9617ca6050.stan', line 451, column 2 to column 59)
Chain 2 If this warning occurs sporadically, such as for highly constrained variable types like covariance matrices, then the sampler is fine,
Chain 2 but if this warning occurs often then your model may be either severely ill-conditioned or misspecified.
Chain 2 
Chain 2 Iteration:  100 / 2200 [  4%]  (Warmup) 
Chain 1 Iteration:  100 / 2200 [  4%]  (Warmup) 
Chain 2 Iteration:  200 / 2200 [  9%]  (Warmup) 
Chain 1 Iteration:  200 / 2200 [  9%]  (Warmup) 
Chain 2 Iteration:  300 / 2200 [ 13%]  (Warmup) 
Chain 1 Iteration:  300 / 2200 [ 13%]  (Warmup) 
Chain 2 Iteration:  400 / 2200 [ 18%]  (Warmup) 
Chain 1 Iteration:  400 / 2200 [ 18%]  (Warmup) 
Chain 1 Iteration:  500 / 2200 [ 22%]  (Warmup) 
Chain 2 Iteration:  500 / 2200 [ 22%]  (Warmup) 
Chain 2 Iteration:  600 / 2200 [ 27%]  (Warmup) 
Chain 1 Iteration:  600 / 2200 [ 27%]  (Warmup) 
Chain 2 Iteration:  700 / 2200 [ 31%]  (Warmup) 
Chain 2 Iteration:  701 / 2200 [ 31%]  (Sampling) 
Chain 1 Iteration:  700 / 2200 [ 31%]  (Warmup) 
Chain 1 Iteration:  701 / 2200 [ 31%]  (Sampling) 
Chain 2 Iteration:  800 / 2200 [ 36%]  (Sampling) 
Chain 1 Iteration:  800 / 2200 [ 36%]  (Sampling) 
Chain 2 Iteration:  900 / 2200 [ 40%]  (Sampling) 
Chain 1 Iteration:  900 / 2200 [ 40%]  (Sampling) 
Chain 2 Iteration: 1000 / 2200 [ 45%]  (Sampling) 
Chain 1 Iteration: 1000 / 2200 [ 45%]  (Sampling) 
Chain 2 Iteration: 1100 / 2200 [ 50%]  (Sampling) 
Chain 1 Iteration: 1100 / 2200 [ 50%]  (Sampling) 
Chain 2 Iteration: 1200 / 2200 [ 54%]  (Sampling) 
Chain 1 Iteration: 1200 / 2200 [ 54%]  (Sampling) 
Chain 2 Iteration: 1300 / 2200 [ 59%]  (Sampling) 
Chain 1 Iteration: 1300 / 2200 [ 59%]  (Sampling) 
Chain 2 Iteration: 1400 / 2200 [ 63%]  (Sampling) 
Chain 1 Iteration: 1400 / 2200 [ 63%]  (Sampling) 
Chain 2 Iteration: 1500 / 2200 [ 68%]  (Sampling) 
Chain 1 Iteration: 1500 / 2200 [ 68%]  (Sampling) 
Chain 2 Iteration: 1600 / 2200 [ 72%]  (Sampling) 
Chain 1 Iteration: 1600 / 2200 [ 72%]  (Sampling) 
Chain 2 Iteration: 1700 / 2200 [ 77%]  (Sampling) 
Chain 1 Iteration: 1700 / 2200 [ 77%]  (Sampling) 
Chain 2 Iteration: 1800 / 2200 [ 81%]  (Sampling) 
Chain 1 Iteration: 1800 / 2200 [ 81%]  (Sampling) 
Chain 2 Iteration: 1900 / 2200 [ 86%]  (Sampling) 
Chain 1 Iteration: 1900 / 2200 [ 86%]  (Sampling) 
Chain 2 Iteration: 2000 / 2200 [ 90%]  (Sampling) 
Chain 1 Iteration: 2000 / 2200 [ 90%]  (Sampling) 
Chain 2 Iteration: 2100 / 2200 [ 95%]  (Sampling) 
Chain 1 Iteration: 2100 / 2200 [ 95%]  (Sampling) 
Chain 2 Iteration: 2200 / 2200 [100%]  (Sampling) 
Chain 2 finished in 132211.0 seconds.
Chain 1 Iteration: 2200 / 2200 [100%]  (Sampling) 
Chain 1 finished in 133418.0 seconds.

Both chains finished successfully.
Mean chain execution time: 132814.5 seconds.
Total execution time: 133420.8 seconds.

Warning: 113 of 3000 (4.0%) transitions ended with a divergence.
See https://mc-stan.org/misc/warnings for details.

Warning: 2887 of 3000 (96.0%) transitions hit the maximum treedepth limit of 10.
See https://mc-stan.org/misc/warnings for details.

[1] "Saving fit object..."
[1] "Calculating summary..."
[1] "Calculating samples..."
[1] "Calculating metadata..."
[1] "Summary of Hyperpriors (mu_*, sigma_*):"
# A tibble: 107 × 10
    variable      mean   median      sd     mad       q5      q95  rhat ess_bulk
    <chr>        <dbl>    <dbl>   <dbl>   <dbl>    <dbl>    <dbl> <dbl>    <dbl>
  1 mu_beta_…  0.150    0.156   0.980   0.973   -1.48     1.73     1.00    1125.
  2 mu_beta_…  0.00347  0.00353 0.0786  0.0467  -0.134    0.121    1.00     474.
  3 mu_beta_…  0.0206   0.0278  0.214   0.159   -0.307    0.336    1.01     357.
  4 mu_beta_…  0.304    0.307   0.191   0.170   -0.0341   0.613    1.03     155.
  5 mu_beta_…  0.0200   0.0284  0.511   0.367   -0.866    0.821    1.01     221.
  6 mu_beta_… -0.00898 -0.00906 0.133   0.0959  -0.188    0.201    1.00     786.
  7 mu_beta_… -0.231   -0.211   0.285   0.236   -0.713    0.196    1.00     396.
  8 mu_beta_…  0.172    0.148   0.417   0.376   -0.485    0.892    1.00     474.
  9 mu_beta_…  0.0806   0.0622  0.408   0.355   -0.541    0.771    1.00     400.
 10 mu_beta_… -0.0244  -0.0313  0.408   0.359   -0.669    0.671    1.00     374.
 11 mu_beta_…  0.275    0.255   0.427   0.368   -0.391    1.01     1.00     452.
 12 mu_beta_…  0.0915   0.0755  0.434   0.371   -0.582    0.820    1.00     454.
 13 mu_beta_… -0.134   -0.136   0.429   0.371   -0.813    0.591    1.00     475.
 14 mu_beta_… -0.0435  -0.0372  0.380   0.363   -0.657    0.602    1.00     288.
 15 mu_beta_… -0.379   -0.367   0.385   0.387   -0.989    0.234    1.00     334.
 16 mu_beta_… -0.347   -0.335   0.399   0.393   -1.01     0.301    1.00     280.
 17 mu_beta_… -0.637   -0.680   0.388   0.330   -1.19     0.0632   1.01     472.
 18 mu_beta_…  0.220    0.191   0.495   0.452   -0.561    1.06     1.01     398.
 19 mu_beta_…  0.258    0.230   0.511   0.462   -0.502    1.13     1.00     463.
 20 mu_beta_…  0.597    0.591   0.452   0.449   -0.106    1.38     1.00     327.
 21 mu_beta_… -0.0230   0.00251 1.43    0.994   -2.44     2.26     1.00    1446.
 22 mu_beta_…  0.0294   0.0136  1.45    1.06    -2.29     2.57     1.00    1087.
 23 mu_beta_… -0.00333 -0.0169  1.06    0.790   -1.65     1.67     1.00     703.
 24 mu_beta_… -0.485   -0.279   1.61    1.09    -3.30     1.81     1.00     728.
 25 mu_beta_… -0.671   -0.284   2.01    1.22    -3.98     1.72     1.01     387.
 26 mu_beta_… -0.0370  -0.0225  1.18    0.915   -2.01     1.87     1.00     584.
 27 mu_beta_…  0.785    0.728   0.898   0.881   -0.589    2.30     1.00     248.
 28 mu_beta_…  0.734    0.711   0.695   0.683   -0.296    1.91     1.01     475.
 29 mu_beta_… -0.0567  -0.0455  0.679   0.609   -1.19     1.04     1.01     317.
 30 mu_beta_… -0.697   -0.654   0.811   0.778   -2.08     0.536    1.00     562.
 31 mu_beta_… -0.0455  -0.0444  0.0486  0.0447  -0.129    0.0292   1.00     570.
 32 mu_beta_… -0.0317  -0.0316  0.0124  0.0126  -0.0516  -0.0121   1.00     544.
 33 mu_beta_… -0.0367  -0.0366  0.0153  0.0152  -0.0616  -0.0117   1.00     438.
 34 mu_beta_… -0.0236  -0.0232  0.0166  0.0162  -0.0514   0.00394  1.00     421.
 35 mu_beta_… -0.0303  -0.0298  0.0168  0.0166  -0.0585  -0.00296  1.00     471.
 36 mu_beta_…  0.0319   0.0284  0.499   0.362   -0.747    0.885    1.01     220.
 37 mu_beta_… -0.0223  -0.0270  0.499   0.362   -0.798    0.826    1.01     220.
 38 mu_beta_…  0.862    0.862   0.141   0.142    0.628    1.09     1.00     725.
 39 mu_beta_…  0.0250   0.0249  0.0186  0.0185  -0.00553  0.0557   1.00    1591.
 40 mu_beta_… -0.00927 -0.00926 0.00665 0.00686 -0.0204   0.00164  1.00    1813.
 41 mu_gamma…  0.0971   0.0888  0.0937  0.0684  -0.0371   0.248    1.01     197.
 42 mu_gamma… -0.0107  -0.0338  1.01    1.01    -1.68     1.62     1.00    1112.
 43 mu_alpha…  0.643    0.665   0.259   0.208    0.170    1.02     1.00     292.
 44 mu_alpha…  0.341    0.349   0.140   0.106    0.0919   0.563    1.00     277.
 45 mu_alpha…  0.272    0.271   0.0250  0.0255   0.231    0.313    1.00     248.
 46 mu_alpha…  0.219    0.218   0.0243  0.0239   0.179    0.259    1.00     229.
 47 mu_alpha…  0.218    0.218   0.0244  0.0247   0.179    0.258    1.00     232.
 48 mu_alpha…  0.216    0.216   0.0240  0.0240   0.177    0.255    1.00     241.
 49 mu_alpha…  0.216    0.216   0.0248  0.0258   0.175    0.256    1.01     259.
 50 mu_alpha…  0.0435   0.0432  0.0272  0.0278  -0.00200  0.0873   1.01     943.
 51 mu_alpha…  0.0624   0.0625  0.0280  0.0282   0.0160   0.110    1.00     865.
 52 mu_alpha…  0.0113   0.0110  0.0268  0.0270  -0.0316   0.0551   1.00     810.
 53 mu_alpha…  0.0448   0.0447  0.0265  0.0255   0.00166  0.0890   1.00    1221.
 54 mu_alpha…  0.00229  0.00264 0.0250  0.0258  -0.0391   0.0421   1.00    1181.
 55 mu_delta… -0.632   -0.626   0.120   0.0951  -0.817   -0.466    1.01     264.
 56 mu_delta…  0.252    0.256   0.336   0.289   -0.283    0.803    1.00     234.
 57 mu_delta… -0.446   -0.445   0.0268  0.0262  -0.491   -0.402    1.00     221.
 58 mu_delta… -0.408   -0.408   0.0250  0.0258  -0.450   -0.369    1.00     199.
 59 mu_delta… -0.397   -0.397   0.0259  0.0256  -0.440   -0.355    1.00     196.
 60 mu_delta… -0.410   -0.410   0.0254  0.0254  -0.452   -0.368    1.00     205.
 61 mu_delta… -0.404   -0.404   0.0258  0.0260  -0.446   -0.363    1.01     210.
 62 mu_delta… -0.0140  -0.0145  0.0562  0.0560  -0.104    0.0779   1.00     841.
 63 mu_delta…  0.0461   0.0466  0.0499  0.0516  -0.0352   0.128    1.00     917.
 64 mu_delta…  0.143    0.142   0.0565  0.0562   0.0500   0.236    1.01     670.
 65 mu_delta…  0.0409   0.0403  0.0531  0.0558  -0.0453   0.129    1.01     682.
 66 mu_delta…  0.109    0.108   0.0456  0.0456   0.0322   0.186    1.00     759.
 67 mu_phi_l…  1.17     1.23    0.604   0.546    0.0597   2.07     1.01     327.
 68 sigma_be…  0.986    0.910   0.608   0.531    0.158    2.13     1.00     452.
 69 sigma_be…  0.0471   0.0357  0.0457  0.0293   0.00411  0.130    1.01     422.
 70 sigma_be…  0.155    0.132   0.0923  0.0559   0.0694   0.316    1.00     638.
 71 sigma_be…  0.145    0.123   0.0856  0.0480   0.0678   0.285    1.00     396.
 72 sigma_be…  0.0622   0.0523  0.0398  0.0241   0.0262   0.131    1.00     447.
 73 sigma_be…  0.0648   0.0454  0.0828  0.0432   0.00298  0.185    1.00     368.
 74 sigma_be…  0.196    0.166   0.118   0.0834   0.0756   0.422    1.00     496.
 75 sigma_be…  0.134    0.109   0.107   0.0708   0.0201   0.315    1.00     475.
 76 sigma_be…  0.101    0.0773  0.0932  0.0642   0.00914  0.263    1.00     587.
 77 sigma_be…  0.0700   0.0505  0.0723  0.0461   0.00531  0.202    1.00     518.
 78 sigma_be…  0.0663   0.0462  0.0689  0.0419   0.00539  0.191    1.00     734.
 79 sigma_be…  0.0913   0.0654  0.0940  0.0611   0.00543  0.259    1.00     520.
 80 sigma_be…  0.0951   0.0629  0.109   0.0612   0.00626  0.294    1.01     426.
 81 sigma_be…  0.0540   0.0341  0.0634  0.0342   0.00307  0.166    1.00     584.
 82 sigma_be…  0.0634   0.0399  0.0790  0.0385   0.00456  0.198    1.00     602.
 83 sigma_be…  0.0666   0.0422  0.0794  0.0429   0.00387  0.214    1.00     592.
 84 sigma_be…  0.211    0.174   0.155   0.115    0.0478   0.496    1.00     444.
 85 sigma_be…  0.0947   0.0724  0.0893  0.0591   0.00697  0.259    1.00     430.
 86 sigma_be…  0.105    0.0805  0.0922  0.0594   0.0145   0.284    1.00     433.
 87 sigma_be…  0.184    0.156   0.128   0.0976   0.0455   0.429    1.00     322.
 88 sigma_be…  1.22     0.805   2.95    0.747    0.0806   3.32     1.00    1227.
 89 sigma_be…  1.12     0.806   1.26    0.745    0.0750   3.23     1.00    1306.
 90 sigma_be…  0.693    0.466   0.771   0.469    0.0375   2.04     1.00     915.
 91 sigma_be…  3.07     2.60    1.98    1.36     1.07     6.58     1.00     717.
 92 sigma_be…  2.89     2.46    1.91    1.12     0.997    6.06     1.01     402.
 93 sigma_be…  1.69     1.52    0.727   0.515    0.893    2.94     1.01     522.
 94 sigma_be…  0.509    0.441   0.319   0.247    0.140    1.12     1.01     335.
 95 sigma_be…  0.247    0.189   0.226   0.139    0.0256   0.685    1.00     462.
 96 sigma_be…  0.193    0.150   0.170   0.128    0.0163   0.504    1.00     371.
 97 sigma_be…  0.397    0.328   0.295   0.208    0.0894   0.966    1.00     482.
 98 sigma_be…  0.0198   0.0163  0.0157  0.0139   0.00161  0.0508   1.01     404.
 99 sigma_ga…  0.0523   0.0431  0.0371  0.0239   0.0148   0.120    1.01     300.
100 sigma_ga…  1.15     0.844   1.32    0.748    0.0854   3.27     1.00    1409.
101 sigma_al…  0.185    0.159   0.109   0.0727   0.0737   0.389    1.00     434.
102 sigma_al…  0.0810   0.0676  0.0530  0.0362   0.0262   0.185    1.00     485.
103 sigma_de…  0.0627   0.0503  0.0503  0.0292   0.0139   0.155    1.02     250.
104 sigma_de…  0.271    0.236   0.132   0.0961   0.130    0.535    1.00     387.
105 sigma_ph…  0.504    0.430   0.274   0.190    0.227    1.04     1.00     369.
106 sigma_ga…  1.09     0.763   1.16    0.736    0.0707   3.28     1.00    1516.
107 sigma_ga…  1.11     0.777   1.30    0.726    0.0651   3.12     1.00    1090.
# ℹ 1 more variable: ess_tail <dbl>
[1] "Calculating lambda_mean..."
[1] "Calculating lambda_test_mean..."
[1] "Calculating y_rep_mean..."
[1] "Calculating y_test_rep_mean..."
[1] "Generating plots..."
[1] "exposure_2HRX9P6HKXA8V_1" "exposure_ED5J990H5VAZT_1"
[3] "exposure_JHDN7CF1C03X5_1" "exposure_L69HYJ4Y3TR91_1"
[5] "exposure_W8T41JZK0ZMEP_1"
[1] 5
Adding missing grouping variables: `location_id_num`
[1] "Skipping daily plot for 2HRX9P6HKXA8V due to missing daily data."
[1] "Skipping daily plot for JHDN7CF1C03X5 due to missing daily data."
[1] "Skipping daily plot for L69HYJ4Y3TR91 due to missing daily data."
[1] "Skipping daily plot for ED5J990H5VAZT due to missing daily data."
[1] "Skipping daily plot for W8T41JZK0ZMEP due to missing daily data."
[1] "Skipping MLflow logging as existing fit file was loaded."
[1] "Done."
           used  (Mb) gc trigger   (Mb)  max used   (Mb)
Ncells  5130277 274.0    9084060  485.2   9084060  485.2
Vcells 10443680  79.7  464623104 3544.8 580778880 4431.0
Warning messages:
1: Dropping 'draws_df' class as required metadata was removed. 
2: Dropping 'draws_df' class as required metadata was removed. 
3: Dropping 'draws_df' class as required metadata was removed. 
4: Dropping 'draws_df' class as required metadata was removed. 
5: There was 1 warning in `summarize()`.
ℹ In argument: `date = min(date)`.
Caused by warning in `min.default()`:
! no non-missing arguments to min; returning Inf 
