- The project is out-of-sync -- use `renv::status()` for details.
── Attaching core tidyverse packages ──────────────────────── tidyverse 2.0.0 ──
✔ dplyr     1.1.4     ✔ readr     2.1.5
✔ forcats   1.0.0     ✔ stringr   1.5.1
✔ ggplot2   3.5.1     ✔ tibble    3.2.1
✔ lubridate 1.9.4     ✔ tidyr     1.3.1
✔ purrr     1.0.4     
[conflicted] Will prefer dplyr::select over any other package.
[conflicted] Will prefer dplyr::filter over any other package.
[conflicted] Will prefer lubridate::year over any other package.
[conflicted] Will prefer lubridate::month over any other package.
[conflicted] Will prefer purrr::map over any other package.
[conflicted] Will prefer stats::sd over any other package.
[conflicted] Will prefer base::match over any other package.
This is cmdstanr version 0.9.0
- CmdStanR documentation and vignettes: mc-stan.org/cmdstanr
- CmdStan path: /home/nuttidalab/.cmdstan/cmdstan-2.36.0
- CmdStan version: 2.36.0
This is posterior version 1.6.0
Registered S3 method overwritten by 'tsibble':
  method               from 
  as_tibble.grouped_df dplyr
── Attaching packages ──────────────────────────────────────────── fpp3 1.0.1 ──
✔ tsibble     1.1.6     ✔ feasts      0.4.1
✔ tsibbledata 0.4.1     ✔ fable       0.4.1
Loading required package: R.oo
Loading required package: R.methodsS3
R.methodsS3 v1.8.2 (2022-06-13 22:00:14 UTC) successfully loaded. See ?R.methodsS3 for help.
R.oo v1.27.0 (2024-11-01 18:00:02 UTC) successfully loaded. See ?R.oo for help.

Attaching package: ‘R.oo’

The following object is masked from ‘package:R.methodsS3’:

    throw

The following object is masked from ‘package:shiny’:

    printStackTrace

The following object is masked from ‘package:renv’:

    load

The following objects are masked from ‘package:methods’:

    getClasses, getMethods

The following objects are masked from ‘package:base’:

    attach, detach, load, save

R.utils v2.13.0 (2025-02-24 21:20:02 UTC) successfully loaded. See ?R.utils for help.
Registered S3 method overwritten by 'quantmod':
  method            from
  as.zoo.data.frame zoo 
Registered S3 methods overwritten by 'bayesforecast':
  method      from    
  autoplot.ts forecast
  forecast.ts forecast
  fortify.ts  forecast
  print.garch tseries 
[1] "# of rows: 34628"
[1] "# of rows: 8741"
[1] "Found 6 exposure columns in the data: exposure_2HRX9P6HKXA8V_1, exposure_ED5J990H5VAZT_1, exposure_JHDN7CF1C03X5_1, exposure_L69HYJ4Y3TR91_1, exposure_SRQS8F7JWA9MZ_1, exposure_W8T41JZK0ZMEP_1"
Numeric columns considered for scaling:
vegan_window_sum_item_quantity,
vegetarian_window_sum_item_quantity,
meat_window_sum_item_quantity,
vegan_window_avg_item_price,
vegetarian_window_avg_item_price,
meat_window_avg_item_price,
breakfast_p_window_avg_item_price,
textured_p_window_avg_item_price,
untextured_p_window_avg_item_price,
chicken_p_window_avg_item_price,
dairy_p_window_avg_item_price,
egg_p_window_avg_item_price,
breakfast_window_avg_item_price,
textured_window_avg_item_price,
untextured_window_avg_item_price,
breakfast_t2_window_avg_item_price,
textured_t2_window_avg_item_price,
untextured_t2_window_avg_item_price,
chicken_t2_window_avg_item_price,
dairy_t2_window_avg_item_price,
day_of_month,
Value,
vegan_price_real,
vegetarian_price_real,
meat_price_real,
breakfast_p_price_real,
textured_p_price_real,
untextured_p_price_real,
chicken_p_price_real,
dairy_p_price_real,
egg_p_price_real,
breakfast_price_real,
textured_price_real,
untextured_price_real,
breakfast_t2_price_real,
textured_t2_price_real,
untextured_t2_price_real,
chicken_t2_price_real,
dairy_t2_price_real,
inflation,
temp,
precip[1] "Successfully created `expo_to_rest` mapping."
[1] "Successfully created `expo_to_param` mapping."
Identified 6 exposure columns in the design matrix: 
exposure_2HRX9P6HKXA8V_1, 
exposure_ED5J990H5VAZT_1, 
exposure_JHDN7CF1C03X5_1, 
exposure_L69HYJ4Y3TR91_1, 
exposure_SRQS8F7JWA9MZ_1, 
exposure_W8T41JZK0ZMEP_1
Identified 30 random beta columns: 
vegan_price_real, 
vegetarian_price_real, 
meat_price_real, 
weekend, 
holiday_window, 
month_cat2, 
month_cat3, 
month_cat4, 
month_cat5, 
month_cat6, 
month_cat7, 
month_cat8, 
month_cat9, 
month_cat10, 
month_cat11, 
month_cat12, 
seasonspring, 
seasonsummer, 
seasonwinter, 
year_cat2014, 
year_cat2015, 
year_cat2016, 
year_cat2017, 
year_cat2018, 
year_cat2019, 
year_cat2020, 
year_cat2021, 
year_cat2022, 
year_cat2023, 
date_num
Identified 9 fixed beta columns: 
day_of_week_cat1, 
day_of_week_cat2, 
day_of_week_cat3, 
day_of_week_cat4, 
day_of_week_cat5, 
day_of_week_cat6, 
inflation, 
temp, 
precip
Identified 2 random alpha indices (positions): 
1, 7
Identified 2 random delta indices (positions): 
1, 7
[1] "Loading known ZI probabilities from: model_fits/finalized_redone_zi/proportion/total/vegan_dishes_prop"
[1] "Per-restaurant pi_known: 0.0109, 0.0342, 0.1259, 0.0113, 0.094, 0.0875"
$R
[1] 6

$J
[1] 46

$p_effective
[1] 12

$q_effective
[1] 12

$M
[1] 2

$idx_intercept
[1] 1

$K_beta_random
[1] 30

$idx_beta_random
[1] 2 3 4 5 6 7

$K_beta_fixed
[1] 9

$idx_beta_fixed
[1] 32 33 34 35 36 37

$K_exposure
[1] 6

$idx_exposure
[1] 41 42 43 44 45 46

$expo_to_rest
[1] 2 5 3 4 1 6

$expo_to_param
[1] 1 1 1 1 1 1

$effective_lags_alpha
[1] 1 2 3 4 5 6

$K_alpha_random
[1] 2

$idx_alpha_random
[1] 1 7

$K_alpha_fixed
[1] 10

$idx_alpha_fixed
[1] 2 3 4 5 6 8

$effective_lags_delta
[1] 1 2 3 4 5 6

$K_delta_random
[1] 2

$idx_delta_random
[1] 1 7

$K_delta_fixed
[1] 10

$idx_delta_fixed
[1] 2 3 4 5 6 8

$N_train
[1] 8300

$X_train
  (Intercept) vegan_price_real vegetarian_price_real meat_price_real weekend
1           1         -5.14667              -1.48268       -1.478171       0
2           1         -5.14667              -1.48268       -1.347067       0
3           1         -5.14667              -1.48268       -1.609274       0
4           1         -5.14667              -1.48268       -1.609274       1
5           1         -5.14667              -1.48268       -1.609274       1
6           1         -5.14667              -1.48268       -1.425729       0
  holiday_window month_cat2 month_cat3 month_cat4 month_cat5 month_cat6
1              0          0          0          0          1          0
2              0          0          0          0          1          0
3              0          0          0          0          1          0
4              0          0          0          0          1          0
5              0          0          0          0          1          0
6              0          0          0          0          1          0
  month_cat7 month_cat8 month_cat9 month_cat10 month_cat11 month_cat12
1          0          0          0           0           0           0
2          0          0          0           0           0           0
3          0          0          0           0           0           0
4          0          0          0           0           0           0
5          0          0          0           0           0           0
6          0          0          0           0           0           0
  seasonspring seasonsummer seasonwinter year_cat2014 year_cat2015 year_cat2016
1            1            0            0            0            0            0
2            1            0            0            0            0            0
3            1            0            0            0            0            0
4            1            0            0            0            0            0
5            1            0            0            0            0            0
6            1            0            0            0            0            0
  year_cat2017 year_cat2018 year_cat2019 year_cat2020 year_cat2021 year_cat2022
1            0            0            1            0            0            0
2            0            0            1            0            0            0
3            0            0            1            0            0            0
4            0            0            1            0            0            0
5            0            0            1            0            0            0
6            0            0            1            0            0            0
  year_cat2023 date_num day_of_week_cat1 day_of_week_cat2 day_of_week_cat3
1            0 49.32786                0                1                0
2            0 49.33060                0                0                1
3            0 49.33333                0                0                0
4            0 49.33607                0                0                0
5            0 49.33881                0                0                0
6            0 49.34155                0                0                0
  day_of_week_cat4 day_of_week_cat5 day_of_week_cat6 inflation          temp
1                0                0                0 -1.272144 -3.242225e-01
2                0                0                0 -1.272144 -3.748844e-01
3                1                0                0 -1.272144 -1.621043e-01
4                0                1                0 -1.272144  1.382317e-05
5                0                0                1 -1.272144  1.722643e-01
6                0                0                0 -1.272144  5.167654e-01
       precip exposure_2HRX9P6HKXA8V_1 exposure_ED5J990H5VAZT_1
1  2.41288781                        0                        0
2  0.02723881                        0                        0
3  1.62378853                        0                        0
4 -0.33978411                        0                        0
5 -0.41318870                        0                        0
6 -0.41318870                        0                        0
  exposure_JHDN7CF1C03X5_1 exposure_L69HYJ4Y3TR91_1 exposure_SRQS8F7JWA9MZ_1
1                        0                        0                        0
2                        0                        0                        0
3                        0                        0                        0
4                        0                        0                        0
5                        0                        0                        0
6                        0                        0                        0
  exposure_W8T41JZK0ZMEP_1
1                        0
2                        0
3                        0
4                        0
5                        0
6                        0

$y_train
[1] 14  7 13  0  0 11

$idx_to_rest_train
[1] 1 1 1 1 1 1

$train_start_idx
[1]    1 1467 3048 4343 4616 7107

$train_end_idx
[1] 1466 3047 4342 4615 7106 8300

$N_test
[1] 441

$X_test
  (Intercept) vegan_price_real vegetarian_price_real meat_price_real weekend
1           1        1.1547975              2.057063        2.331697       1
2           1       -0.7727103              1.804772        2.260708       1
3           1        1.1547975              1.865474        2.539707       0
4           1        0.3516693              1.859693        2.905626       0
5           1       -2.4592797              1.003850        2.615725       0
6           1       -0.4514590              2.224164        2.612323       0
  holiday_window month_cat2 month_cat3 month_cat4 month_cat5 month_cat6
1              0          0          0          0          1          0
2              0          0          0          0          1          0
3              0          0          0          0          1          0
4              0          0          0          0          1          0
5              0          0          0          0          1          0
6              0          0          0          0          1          0
  month_cat7 month_cat8 month_cat9 month_cat10 month_cat11 month_cat12
1          0          0          0           0           0           0
2          0          0          0           0           0           0
3          0          0          0           0           0           0
4          0          0          0           0           0           0
5          0          0          0           0           0           0
6          0          0          0           0           0           0
  seasonspring seasonsummer seasonwinter year_cat2014 year_cat2015 year_cat2016
1            1            0            0            0            0            0
2            1            0            0            0            0            0
3            1            0            0            0            0            0
4            1            0            0            0            0            0
5            1            0            0            0            0            0
6            1            0            0            0            0            0
  year_cat2017 year_cat2018 year_cat2019 year_cat2020 year_cat2021 year_cat2022
1            0            0            0            0            0            0
2            0            0            0            0            0            0
3            0            0            0            0            0            0
4            0            0            0            0            0            0
5            0            0            0            0            0            0
6            0            0            0            0            0            0
  year_cat2023 date_num day_of_week_cat1 day_of_week_cat2 day_of_week_cat3
1            1 53.34155                0                0                0
2            1 53.34428                0                0                0
3            1 53.34702                0                0                0
4            1 53.34976                1                0                0
5            1 53.35250                0                1                0
6            1 53.35524                0                0                1
  day_of_week_cat4 day_of_week_cat5 day_of_week_cat6 inflation      temp
1                0                1                0   2.07598 0.2634558
2                0                0                1   2.07598 0.3343825
3                0                0                0   2.07598 0.4154416
4                0                0                0   2.07598 0.2330587
5                0                0                0   2.07598 0.3343825
6                0                0                0   2.07598 0.8916636
      precip exposure_2HRX9P6HKXA8V_1 exposure_ED5J990H5VAZT_1
1 -0.4131887                        0                        0
2  1.6237885                        0                        0
3 -0.4131887                        0                        0
4 -0.4131887                        0                        0
5 -0.4131887                        0                        0
6 -0.4131887                        0                        0
  exposure_JHDN7CF1C03X5_1 exposure_L69HYJ4Y3TR91_1 exposure_SRQS8F7JWA9MZ_1
1                        0                        0                      0.1
2                        0                        0                      0.1
3                        0                        0                      0.1
4                        0                        0                      0.1
5                        0                        0                      0.1
6                        0                        0                      0.1
  exposure_W8T41JZK0ZMEP_1
1                        0
2                        0
3                        0
4                        0
5                        0
6                        0

$y_test
[1] 228 136  65  77  92  89

$idx_to_rest_test
[1] 1 1 1 1 1 1

$test_start_idx
[1]   1  79 163 232 247 379

$test_end_idx
[1]  78 162 231 246 378 441

$N_zeros
[1] 1230

$idx_zeros
[1]   4   5  11  12 239 246

$mu_gamma_scale
[1] 1

$sigma_gamma_between_scale
[1] 1

$sigma_gamma_within_scale
[1] 1

$mu_beta_scale
[1] 1

$sigma_beta_scale
[1] 1

$mu_alpha_scale
[1] 1

$sigma_alpha_scale
[1] 1

$mu_delta_scale
[1] 1

$sigma_delta_scale
[1] 1

$mu_phi_log_scale
[1] 1

$sigma_phi_log_scale
[1] 1

$z_eta_scale
[1] 3

$z_gamma_scale
[1] 3

$z_beta_scale
[1] 3

$z_ingarch_scale
[1] 3

$pi_known
[1] 0.01089739 0.03416445 0.12586566 0.01125590 0.09400608 0.08749235

[1] "Using Stan model: model_multilevel_transfer_zi_data.stan"
[1] "Fitting the multilevel model..."
Running MCMC with 2 parallel chains...

Chain 1 Informational Message: The current Metropolis proposal is about to be rejected because of the following issue:
Chain 1 Exception: neg_binomial_2_lpmf: Location parameter[1] is -nan, but must be positive finite! (in '/tmp/RtmpJqfHmu/model-2cbf9617ca6050.stan', line 451, column 2 to column 59)
Chain 1 If this warning occurs sporadically, such as for highly constrained variable types like covariance matrices, then the sampler is fine,
Chain 1 but if this warning occurs often then your model may be either severely ill-conditioned or misspecified.
Chain 1 
Chain 2 Informational Message: The current Metropolis proposal is about to be rejected because of the following issue:
Chain 2 Exception: neg_binomial_2_lpmf: Location parameter[1] is -nan, but must be positive finite! (in '/tmp/RtmpJqfHmu/model-2cbf9617ca6050.stan', line 451, column 2 to column 59)
Chain 2 If this warning occurs sporadically, such as for highly constrained variable types like covariance matrices, then the sampler is fine,
Chain 2 but if this warning occurs often then your model may be either severely ill-conditioned or misspecified.
Chain 2 
Chain 2 Informational Message: The current Metropolis proposal is about to be rejected because of the following issue:
Chain 2 Exception: neg_binomial_2_lpmf: Location parameter[1] is -nan, but must be positive finite! (in '/tmp/RtmpJqfHmu/model-2cbf9617ca6050.stan', line 451, column 2 to column 59)
Chain 2 If this warning occurs sporadically, such as for highly constrained variable types like covariance matrices, then the sampler is fine,
Chain 2 but if this warning occurs often then your model may be either severely ill-conditioned or misspecified.
Chain 2 
Chain 1 Informational Message: The current Metropolis proposal is about to be rejected because of the following issue:
Chain 1 Exception: neg_binomial_2_lpmf: Location parameter[1] is -nan, but must be positive finite! (in '/tmp/RtmpJqfHmu/model-2cbf9617ca6050.stan', line 451, column 2 to column 59)
Chain 1 If this warning occurs sporadically, such as for highly constrained variable types like covariance matrices, then the sampler is fine,
Chain 1 but if this warning occurs often then your model may be either severely ill-conditioned or misspecified.
Chain 1 
Chain 1 Informational Message: The current Metropolis proposal is about to be rejected because of the following issue:
Chain 1 Exception: neg_binomial_2_lpmf: Location parameter[1] is -nan, but must be positive finite! (in '/tmp/RtmpJqfHmu/model-2cbf9617ca6050.stan', line 451, column 2 to column 59)
Chain 1 If this warning occurs sporadically, such as for highly constrained variable types like covariance matrices, then the sampler is fine,
Chain 1 but if this warning occurs often then your model may be either severely ill-conditioned or misspecified.
Chain 1 
Chain 1 Informational Message: The current Metropolis proposal is about to be rejected because of the following issue:
Chain 1 Exception: neg_binomial_2_lpmf: Location parameter[1] is 0, but must be positive finite! (in '/tmp/RtmpJqfHmu/model-2cbf9617ca6050.stan', line 451, column 2 to column 59)
Chain 1 If this warning occurs sporadically, such as for highly constrained variable types like covariance matrices, then the sampler is fine,
Chain 1 but if this warning occurs often then your model may be either severely ill-conditioned or misspecified.
Chain 1 
Chain 1 Informational Message: The current Metropolis proposal is about to be rejected because of the following issue:
Chain 1 Exception: neg_binomial_2_lpmf: Location parameter[1] is 0, but must be positive finite! (in '/tmp/RtmpJqfHmu/model-2cbf9617ca6050.stan', line 451, column 2 to column 59)
Chain 1 If this warning occurs sporadically, such as for highly constrained variable types like covariance matrices, then the sampler is fine,
Chain 1 but if this warning occurs often then your model may be either severely ill-conditioned or misspecified.
Chain 1 
Chain 1 Informational Message: The current Metropolis proposal is about to be rejected because of the following issue:
Chain 1 Exception: neg_binomial_2_lpmf: Location parameter[1] is 0, but must be positive finite! (in '/tmp/RtmpJqfHmu/model-2cbf9617ca6050.stan', line 451, column 2 to column 59)
Chain 1 If this warning occurs sporadically, such as for highly constrained variable types like covariance matrices, then the sampler is fine,
Chain 1 but if this warning occurs often then your model may be either severely ill-conditioned or misspecified.
Chain 1 
Chain 1 Informational Message: The current Metropolis proposal is about to be rejected because of the following issue:
Chain 1 Exception: neg_binomial_2_lpmf: Location parameter[1] is 0, but must be positive finite! (in '/tmp/RtmpJqfHmu/model-2cbf9617ca6050.stan', line 451, column 2 to column 59)
Chain 1 If this warning occurs sporadically, such as for highly constrained variable types like covariance matrices, then the sampler is fine,
Chain 1 but if this warning occurs often then your model may be either severely ill-conditioned or misspecified.
Chain 1 
Chain 2 Informational Message: The current Metropolis proposal is about to be rejected because of the following issue:
Chain 2 Exception: neg_binomial_2_lpmf: Location parameter[1] is -nan, but must be positive finite! (in '/tmp/RtmpJqfHmu/model-2cbf9617ca6050.stan', line 451, column 2 to column 59)
Chain 2 If this warning occurs sporadically, such as for highly constrained variable types like covariance matrices, then the sampler is fine,
Chain 2 but if this warning occurs often then your model may be either severely ill-conditioned or misspecified.
Chain 2 
Chain 2 Informational Message: The current Metropolis proposal is about to be rejected because of the following issue:
Chain 2 Exception: neg_binomial_2_lpmf: Location parameter[1] is -nan, but must be positive finite! (in '/tmp/RtmpJqfHmu/model-2cbf9617ca6050.stan', line 451, column 2 to column 59)
Chain 2 If this warning occurs sporadically, such as for highly constrained variable types like covariance matrices, then the sampler is fine,
Chain 2 but if this warning occurs often then your model may be either severely ill-conditioned or misspecified.
Chain 2 
Chain 1 Informational Message: The current Metropolis proposal is about to be rejected because of the following issue:
Chain 1 Exception: neg_binomial_2_lpmf: Location parameter[1] is 0, but must be positive finite! (in '/tmp/RtmpJqfHmu/model-2cbf9617ca6050.stan', line 451, column 2 to column 59)
Chain 1 If this warning occurs sporadically, such as for highly constrained variable types like covariance matrices, then the sampler is fine,
Chain 1 but if this warning occurs often then your model may be either severely ill-conditioned or misspecified.
Chain 1 
Chain 2 Informational Message: The current Metropolis proposal is about to be rejected because of the following issue:
Chain 2 Exception: neg_binomial_2_lpmf: Location parameter[1] is -nan, but must be positive finite! (in '/tmp/RtmpJqfHmu/model-2cbf9617ca6050.stan', line 451, column 2 to column 59)
Chain 2 If this warning occurs sporadically, such as for highly constrained variable types like covariance matrices, then the sampler is fine,
Chain 2 but if this warning occurs often then your model may be either severely ill-conditioned or misspecified.
Chain 2 
Chain 1 Informational Message: The current Metropolis proposal is about to be rejected because of the following issue:
Chain 1 Exception: neg_binomial_2_lpmf: Location parameter[1] is 0, but must be positive finite! (in '/tmp/RtmpJqfHmu/model-2cbf9617ca6050.stan', line 451, column 2 to column 59)
Chain 1 If this warning occurs sporadically, such as for highly constrained variable types like covariance matrices, then the sampler is fine,
Chain 1 but if this warning occurs often then your model may be either severely ill-conditioned or misspecified.
Chain 1 
Chain 2 Informational Message: The current Metropolis proposal is about to be rejected because of the following issue:
Chain 2 Exception: neg_binomial_2_lpmf: Location parameter[1] is 0, but must be positive finite! (in '/tmp/RtmpJqfHmu/model-2cbf9617ca6050.stan', line 451, column 2 to column 59)
Chain 2 If this warning occurs sporadically, such as for highly constrained variable types like covariance matrices, then the sampler is fine,
Chain 2 but if this warning occurs often then your model may be either severely ill-conditioned or misspecified.
Chain 2 
Chain 1 Informational Message: The current Metropolis proposal is about to be rejected because of the following issue:
Chain 1 Exception: neg_binomial_2_lpmf: Location parameter[15] is inf, but must be positive finite! (in '/tmp/RtmpJqfHmu/model-2cbf9617ca6050.stan', line 451, column 2 to column 59)
Chain 1 If this warning occurs sporadically, such as for highly constrained variable types like covariance matrices, then the sampler is fine,
Chain 1 but if this warning occurs often then your model may be either severely ill-conditioned or misspecified.
Chain 1 
Chain 2 Informational Message: The current Metropolis proposal is about to be rejected because of the following issue:
Chain 2 Exception: neg_binomial_2_lpmf: Location parameter[1] is inf, but must be positive finite! (in '/tmp/RtmpJqfHmu/model-2cbf9617ca6050.stan', line 451, column 2 to column 59)
Chain 2 If this warning occurs sporadically, such as for highly constrained variable types like covariance matrices, then the sampler is fine,
Chain 2 but if this warning occurs often then your model may be either severely ill-conditioned or misspecified.
Chain 2 
Chain 2 Informational Message: The current Metropolis proposal is about to be rejected because of the following issue:
Chain 2 Exception: neg_binomial_2_lpmf: Location parameter[1] is inf, but must be positive finite! (in '/tmp/RtmpJqfHmu/model-2cbf9617ca6050.stan', line 451, column 2 to column 59)
Chain 2 If this warning occurs sporadically, such as for highly constrained variable types like covariance matrices, then the sampler is fine,
Chain 2 but if this warning occurs often then your model may be either severely ill-conditioned or misspecified.
Chain 2 
Chain 1 Informational Message: The current Metropolis proposal is about to be rejected because of the following issue:
Chain 1 Exception: neg_binomial_2_lpmf: Location parameter[78] is inf, but must be positive finite! (in '/tmp/RtmpJqfHmu/model-2cbf9617ca6050.stan', line 451, column 2 to column 59)
Chain 1 If this warning occurs sporadically, such as for highly constrained variable types like covariance matrices, then the sampler is fine,
Chain 1 but if this warning occurs often then your model may be either severely ill-conditioned or misspecified.
Chain 1 
Chain 2 Informational Message: The current Metropolis proposal is about to be rejected because of the following issue:
Chain 2 Exception: neg_binomial_2_lpmf: Location parameter[1] is inf, but must be positive finite! (in '/tmp/RtmpJqfHmu/model-2cbf9617ca6050.stan', line 451, column 2 to column 59)
Chain 2 If this warning occurs sporadically, such as for highly constrained variable types like covariance matrices, then the sampler is fine,
Chain 2 but if this warning occurs often then your model may be either severely ill-conditioned or misspecified.
Chain 2 
Chain 2 Informational Message: The current Metropolis proposal is about to be rejected because of the following issue:
Chain 2 Exception: neg_binomial_2_lpmf: Location parameter[1] is inf, but must be positive finite! (in '/tmp/RtmpJqfHmu/model-2cbf9617ca6050.stan', line 451, column 2 to column 59)
Chain 2 If this warning occurs sporadically, such as for highly constrained variable types like covariance matrices, then the sampler is fine,
Chain 2 but if this warning occurs often then your model may be either severely ill-conditioned or misspecified.
Chain 2 
Chain 2 Informational Message: The current Metropolis proposal is about to be rejected because of the following issue:
Chain 2 Exception: neg_binomial_2_lpmf: Location parameter[1] is inf, but must be positive finite! (in '/tmp/RtmpJqfHmu/model-2cbf9617ca6050.stan', line 451, column 2 to column 59)
Chain 2 If this warning occurs sporadically, such as for highly constrained variable types like covariance matrices, then the sampler is fine,
Chain 2 but if this warning occurs often then your model may be either severely ill-conditioned or misspecified.
Chain 2 
Chain 2 Informational Message: The current Metropolis proposal is about to be rejected because of the following issue:
Chain 2 Exception: neg_binomial_2_lpmf: Location parameter[421] is inf, but must be positive finite! (in '/tmp/RtmpJqfHmu/model-2cbf9617ca6050.stan', line 451, column 2 to column 59)
Chain 2 If this warning occurs sporadically, such as for highly constrained variable types like covariance matrices, then the sampler is fine,
Chain 2 but if this warning occurs often then your model may be either severely ill-conditioned or misspecified.
Chain 2 
Chain 1 Iteration:    1 / 2200 [  0%]  (Warmup) 
Chain 2 Iteration:    1 / 2200 [  0%]  (Warmup) 
Chain 1 Informational Message: The current Metropolis proposal is about to be rejected because of the following issue:
Chain 1 Exception: neg_binomial_2_lpmf: Location parameter[1] is -nan, but must be positive finite! (in '/tmp/RtmpJqfHmu/model-2cbf9617ca6050.stan', line 451, column 2 to column 59)
Chain 1 If this warning occurs sporadically, such as for highly constrained variable types like covariance matrices, then the sampler is fine,
Chain 1 but if this warning occurs often then your model may be either severely ill-conditioned or misspecified.
Chain 1 
Chain 1 Informational Message: The current Metropolis proposal is about to be rejected because of the following issue:
Chain 1 Exception: neg_binomial_2_lpmf: Location parameter[1] is -nan, but must be positive finite! (in '/tmp/RtmpJqfHmu/model-2cbf9617ca6050.stan', line 451, column 2 to column 59)
Chain 1 If this warning occurs sporadically, such as for highly constrained variable types like covariance matrices, then the sampler is fine,
Chain 1 but if this warning occurs often then your model may be either severely ill-conditioned or misspecified.
Chain 1 
Chain 1 Informational Message: The current Metropolis proposal is about to be rejected because of the following issue:
Chain 1 Exception: neg_binomial_2_lpmf: Location parameter[1] is 0, but must be positive finite! (in '/tmp/RtmpJqfHmu/model-2cbf9617ca6050.stan', line 451, column 2 to column 59)
Chain 1 If this warning occurs sporadically, such as for highly constrained variable types like covariance matrices, then the sampler is fine,
Chain 1 but if this warning occurs often then your model may be either severely ill-conditioned or misspecified.
Chain 1 
Chain 2 Informational Message: The current Metropolis proposal is about to be rejected because of the following issue:
Chain 2 Exception: neg_binomial_2_lpmf: Location parameter[1] is -nan, but must be positive finite! (in '/tmp/RtmpJqfHmu/model-2cbf9617ca6050.stan', line 451, column 2 to column 59)
Chain 2 If this warning occurs sporadically, such as for highly constrained variable types like covariance matrices, then the sampler is fine,
Chain 2 but if this warning occurs often then your model may be either severely ill-conditioned or misspecified.
Chain 2 
Chain 2 Informational Message: The current Metropolis proposal is about to be rejected because of the following issue:
Chain 2 Exception: neg_binomial_2_lpmf: Location parameter[1] is -nan, but must be positive finite! (in '/tmp/RtmpJqfHmu/model-2cbf9617ca6050.stan', line 451, column 2 to column 59)
Chain 2 If this warning occurs sporadically, such as for highly constrained variable types like covariance matrices, then the sampler is fine,
Chain 2 but if this warning occurs often then your model may be either severely ill-conditioned or misspecified.
Chain 2 
Chain 1 Informational Message: The current Metropolis proposal is about to be rejected because of the following issue:
Chain 1 Exception: neg_binomial_2_lpmf: Location parameter[65] is 0, but must be positive finite! (in '/tmp/RtmpJqfHmu/model-2cbf9617ca6050.stan', line 451, column 2 to column 59)
Chain 1 If this warning occurs sporadically, such as for highly constrained variable types like covariance matrices, then the sampler is fine,
Chain 1 but if this warning occurs often then your model may be either severely ill-conditioned or misspecified.
Chain 1 
Chain 2 Informational Message: The current Metropolis proposal is about to be rejected because of the following issue:
Chain 2 Exception: neg_binomial_2_lpmf: Location parameter[1] is inf, but must be positive finite! (in '/tmp/RtmpJqfHmu/model-2cbf9617ca6050.stan', line 451, column 2 to column 59)
Chain 2 If this warning occurs sporadically, such as for highly constrained variable types like covariance matrices, then the sampler is fine,
Chain 2 but if this warning occurs often then your model may be either severely ill-conditioned or misspecified.
Chain 2 
Chain 2 Informational Message: The current Metropolis proposal is about to be rejected because of the following issue:
Chain 2 Exception: neg_binomial_2_lpmf: Location parameter[1] is inf, but must be positive finite! (in '/tmp/RtmpJqfHmu/model-2cbf9617ca6050.stan', line 451, column 2 to column 59)
Chain 2 If this warning occurs sporadically, such as for highly constrained variable types like covariance matrices, then the sampler is fine,
Chain 2 but if this warning occurs often then your model may be either severely ill-conditioned or misspecified.
Chain 2 
Chain 2 Iteration:  100 / 2200 [  4%]  (Warmup) 
Chain 1 Iteration:  100 / 2200 [  4%]  (Warmup) 
Chain 2 Iteration:  200 / 2200 [  9%]  (Warmup) 
Chain 1 Iteration:  200 / 2200 [  9%]  (Warmup) 
Chain 2 Iteration:  300 / 2200 [ 13%]  (Warmup) 
Chain 1 Iteration:  300 / 2200 [ 13%]  (Warmup) 
Chain 2 Iteration:  400 / 2200 [ 18%]  (Warmup) 
Chain 1 Iteration:  400 / 2200 [ 18%]  (Warmup) 
Chain 2 Iteration:  500 / 2200 [ 22%]  (Warmup) 
Chain 1 Iteration:  500 / 2200 [ 22%]  (Warmup) 
Chain 2 Iteration:  600 / 2200 [ 27%]  (Warmup) 
Chain 1 Iteration:  600 / 2200 [ 27%]  (Warmup) 
Chain 1 Iteration:  700 / 2200 [ 31%]  (Warmup) 
Chain 1 Iteration:  701 / 2200 [ 31%]  (Sampling) 
Chain 2 Iteration:  700 / 2200 [ 31%]  (Warmup) 
Chain 2 Iteration:  701 / 2200 [ 31%]  (Sampling) 
Chain 1 Iteration:  800 / 2200 [ 36%]  (Sampling) 
Chain 2 Iteration:  800 / 2200 [ 36%]  (Sampling) 
Chain 1 Iteration:  900 / 2200 [ 40%]  (Sampling) 
Chain 2 Iteration:  900 / 2200 [ 40%]  (Sampling) 
Chain 1 Iteration: 1000 / 2200 [ 45%]  (Sampling) 
Chain 2 Iteration: 1000 / 2200 [ 45%]  (Sampling) 
Chain 1 Iteration: 1100 / 2200 [ 50%]  (Sampling) 
Chain 2 Iteration: 1100 / 2200 [ 50%]  (Sampling) 
Chain 1 Iteration: 1200 / 2200 [ 54%]  (Sampling) 
Chain 2 Iteration: 1200 / 2200 [ 54%]  (Sampling) 
Chain 1 Iteration: 1300 / 2200 [ 59%]  (Sampling) 
Chain 2 Iteration: 1300 / 2200 [ 59%]  (Sampling) 
Chain 1 Iteration: 1400 / 2200 [ 63%]  (Sampling) 
Chain 2 Iteration: 1400 / 2200 [ 63%]  (Sampling) 
Chain 1 Iteration: 1500 / 2200 [ 68%]  (Sampling) 
Chain 2 Iteration: 1500 / 2200 [ 68%]  (Sampling) 
Chain 1 Iteration: 1600 / 2200 [ 72%]  (Sampling) 
Chain 2 Iteration: 1600 / 2200 [ 72%]  (Sampling) 
Chain 1 Iteration: 1700 / 2200 [ 77%]  (Sampling) 
Chain 2 Iteration: 1700 / 2200 [ 77%]  (Sampling) 
Chain 1 Iteration: 1800 / 2200 [ 81%]  (Sampling) 
Chain 2 Iteration: 1800 / 2200 [ 81%]  (Sampling) 
Chain 1 Iteration: 1900 / 2200 [ 86%]  (Sampling) 
Chain 2 Iteration: 1900 / 2200 [ 86%]  (Sampling) 
Chain 1 Iteration: 2000 / 2200 [ 90%]  (Sampling) 
Chain 2 Iteration: 2000 / 2200 [ 90%]  (Sampling) 
Chain 1 Iteration: 2100 / 2200 [ 95%]  (Sampling) 
Chain 2 Iteration: 2100 / 2200 [ 95%]  (Sampling) 
Chain 1 Iteration: 2200 / 2200 [100%]  (Sampling) 
Chain 1 finished in 145191.0 seconds.
Chain 2 Iteration: 2200 / 2200 [100%]  (Sampling) 
Chain 2 finished in 145340.0 seconds.

Both chains finished successfully.
Mean chain execution time: 145265.5 seconds.
Total execution time: 145342.3 seconds.

Warning: 76 of 3000 (3.0%) transitions ended with a divergence.
See https://mc-stan.org/misc/warnings for details.

Warning: 2924 of 3000 (97.0%) transitions hit the maximum treedepth limit of 10.
See https://mc-stan.org/misc/warnings for details.

[1] "Saving fit object..."
[1] "Calculating summary..."
[1] "Calculating samples..."
[1] "Calculating metadata..."
[1] "Summary of Hyperpriors (mu_*, sigma_*):"
# A tibble: 107 × 10
    variable      mean   median      sd     mad       q5      q95  rhat ess_bulk
    <chr>        <dbl>    <dbl>   <dbl>   <dbl>    <dbl>    <dbl> <dbl>    <dbl>
  1 mu_beta_…  0.0846   0.0711  0.986   0.985   -1.51e+0  1.70    1.00     1160.
  2 mu_beta_…  0.0137   0.0146  0.0360  0.0301  -4.89e-2  0.0705  1.01      572.
  3 mu_beta_…  0.0237   0.0237  0.110   0.0936  -1.49e-1  0.192   1.00      403.
  4 mu_beta_…  0.192    0.192   0.160   0.149   -5.74e-2  0.435   1.00      382.
  5 mu_beta_…  0.0645   0.0370  0.563   0.467   -8.07e-1  1.03    1.00      609.
  6 mu_beta_…  0.00737  0.00652 0.0805  0.0683  -1.21e-1  0.143   1.00      556.
  7 mu_beta_… -0.0798  -0.0802  0.0838  0.0727  -2.10e-1  0.0533  1.00      507.
  8 mu_beta_…  0.0389   0.0315  0.386   0.307   -5.71e-1  0.644   1.00      605.
  9 mu_beta_…  0.00690  0.00305 0.380   0.296   -6.09e-1  0.619   1.01      608.
 10 mu_beta_… -0.0162  -0.0212  0.380   0.293   -6.24e-1  0.600   1.01      619.
 11 mu_beta_…  0.0276   0.0313  0.356   0.292   -5.57e-1  0.621   1.00      540.
 12 mu_beta_… -0.0198  -0.0164  0.356   0.289   -6.08e-1  0.575   1.00      534.
 13 mu_beta_… -0.0538  -0.0468  0.354   0.286   -6.41e-1  0.550   1.00      537.
 14 mu_beta_… -0.0627  -0.0420  0.254   0.228   -5.14e-1  0.343   1.00      491.
 15 mu_beta_… -0.0148  -0.00288 0.247   0.225   -4.46e-1  0.368   1.00      491.
 16 mu_beta_… -0.0934  -0.0816  0.251   0.225   -5.37e-1  0.312   1.00      468.
 17 mu_beta_… -0.0612  -0.0581  0.115   0.104   -2.52e-1  0.123   1.00      633.
 18 mu_beta_… -0.0219  -0.0111  0.430   0.356   -7.22e-1  0.663   1.00      537.
 19 mu_beta_… -0.00129  0.00387 0.400   0.340   -7.04e-1  0.621   1.00      504.
 20 mu_beta_…  0.135    0.140   0.262   0.239   -3.12e-1  0.572   1.00      520.
 21 mu_beta_… -0.0421  -0.00647 1.33    0.971   -2.34e+0  2.14    1.00     2411.
 22 mu_beta_…  0.0291   0.0115  1.44    1.08    -2.33e+0  2.43    1.00     2415.
 23 mu_beta_… -0.273   -0.299   0.982   0.727   -1.77e+0  1.41    1.00     1030.
 24 mu_beta_… -0.172   -0.181   0.882   0.636   -1.58e+0  1.28    1.00      900.
 25 mu_beta_… -0.00759 -0.0277  0.851   0.599   -1.26e+0  1.38    1.00     1026.
 26 mu_beta_…  0.325    0.285   0.495   0.453   -4.22e-1  1.19    1.00      495.
 27 mu_beta_…  0.0817   0.0565  0.412   0.364   -5.54e-1  0.778   1.00      538.
 28 mu_beta_…  0.143    0.134   0.354   0.320   -4.22e-1  0.724   1.01      432.
 29 mu_beta_… -0.0374  -0.0379  0.339   0.301   -5.95e-1  0.511   1.00      440.
 30 mu_beta_… -0.156   -0.142   0.375   0.336   -7.78e-1  0.448   1.00      413.
 31 mu_beta_…  0.0609   0.0607  0.0253  0.0241   2.04e-2  0.102   1.00      692.
 32 mu_beta_… -0.0755  -0.0755  0.0259  0.0263  -1.17e-1 -0.0338  0.999     602.
 33 mu_beta_… -0.0628  -0.0626  0.0285  0.0286  -1.09e-1 -0.0164  1.00      585.
 34 mu_beta_… -0.0312  -0.0310  0.0296  0.0306  -7.95e-2  0.0166  1.00      534.
 35 mu_beta_…  0.107    0.107   0.0275  0.0272   6.12e-2  0.152   1.00      626.
 36 mu_beta_…  0.0396   0.0429  0.508   0.410   -8.00e-1  0.862   1.00      731.
 37 mu_beta_… -0.0426  -0.0403  0.509   0.404   -8.82e-1  0.782   1.00      728.
 38 mu_beta_…  0.0866   0.0861  0.0662  0.0660  -1.95e-2  0.198   1.00     1082.
 39 mu_beta_…  0.0677   0.0674  0.0117  0.0118   4.87e-2  0.0869  1.00     2244.
 40 mu_beta_… -0.0294  -0.0294  0.00484 0.00476 -3.73e-2 -0.0213  1.00     3596.
 41 mu_gamma… -0.0209  -0.0247  0.704   0.683   -1.15e+0  1.12    1.00      712.
 42 mu_gamma…  0.00147  0.0347  1.01    1.01    -1.66e+0  1.65    1.00     1818.
 43 mu_alpha…  0.294    0.298   0.153   0.129    4.64e-2  0.518   1.00      356.
 44 mu_alpha…  0.175    0.177   0.0889  0.0676   3.15e-2  0.309   1.00      457.
 45 mu_alpha…  0.0727   0.0724  0.0155  0.0153   4.75e-2  0.0987  1.00     1829.
 46 mu_alpha…  0.0278   0.0274  0.0152  0.0151   3.72e-3  0.0535  1.00     1786.
 47 mu_alpha…  0.0634   0.0633  0.0150  0.0151   3.89e-2  0.0880  1.00     1859.
 48 mu_alpha…  0.0528   0.0529  0.0154  0.0154   2.72e-2  0.0773  1.00     1940.
 49 mu_alpha…  0.0811   0.0812  0.0160  0.0160   5.44e-2  0.108   1.00     1912.
 50 mu_alpha…  0.0663   0.0661  0.0165  0.0169   3.98e-2  0.0936  1.00     1746.
 51 mu_alpha…  0.0998   0.0997  0.0159  0.0163   7.44e-2  0.126   1.00     1833.
 52 mu_alpha…  0.0774   0.0778  0.0154  0.0155   5.17e-2  0.102   1.00     1432.
 53 mu_alpha…  0.0804   0.0804  0.0156  0.0153   5.47e-2  0.106   1.00     1762.
 54 mu_alpha…  0.0608   0.0609  0.0148  0.0153   3.66e-2  0.0851  1.00     1829.
 55 mu_delta… -0.146   -0.146   0.143   0.114   -3.74e-1  0.0802  1.00      595.
 56 mu_delta…  0.0126   0.00424 0.145   0.108   -1.93e-1  0.230   1.01      286.
 57 mu_delta… -0.180   -0.180   0.0349  0.0364  -2.39e-1 -0.124   1.00      965.
 58 mu_delta… -0.0501  -0.0500  0.0352  0.0349  -1.09e-1  0.00808 1.00      965.
 59 mu_delta… -0.169   -0.168   0.0360  0.0361  -2.27e-1 -0.110   1.00      968.
 60 mu_delta… -0.0275  -0.0265  0.0382  0.0375  -9.03e-2  0.0357  1.00     1020.
 61 mu_delta… -0.0349  -0.0341  0.0423  0.0427  -1.05e-1  0.0354  1.00      893.
 62 mu_delta… -0.0570  -0.0570  0.0310  0.0307  -1.08e-1 -0.00550 1.00     1782.
 63 mu_delta… -0.0767  -0.0764  0.0307  0.0298  -1.28e-1 -0.0267  1.00     1830.
 64 mu_delta… -0.0314  -0.0307  0.0299  0.0299  -8.10e-2  0.0172  1.00     1306.
 65 mu_delta… -0.117   -0.117   0.0296  0.0295  -1.66e-1 -0.0685  1.00     1315.
 66 mu_delta… -0.0516  -0.0517  0.0268  0.0271  -9.48e-2 -0.00706 1.00     1723.
 67 mu_phi_l…  1.72     1.77    0.522   0.470    7.64e-1  2.46    1.01      346.
 68 sigma_be…  0.394    0.351   0.256   0.202    6.30e-2  0.891   1.01      675.
 69 sigma_be…  0.0266   0.0232  0.0145  0.0102   1.13e-2  0.0528  1.00      747.
 70 sigma_be…  0.0870   0.0772  0.0418  0.0296   4.44e-2  0.159   1.00      650.
 71 sigma_be…  0.137    0.119   0.0685  0.0426   7.10e-2  0.261   1.00      652.
 72 sigma_be…  0.247    0.222   0.108   0.0784   1.31e-1  0.446   1.00      593.
 73 sigma_be…  0.0587   0.0512  0.0331  0.0233   2.40e-2  0.120   1.00      492.
 74 sigma_be…  0.0583   0.0510  0.0368  0.0269   1.71e-2  0.125   1.00      512.
 75 sigma_be…  0.0757   0.0665  0.0399  0.0284   3.19e-2  0.152   1.00      653.
 76 sigma_be…  0.0259   0.0206  0.0224  0.0172   1.98e-3  0.0665  1.00      741.
 77 sigma_be…  0.0233   0.0176  0.0217  0.0157   1.75e-3  0.0629  1.00      682.
 78 sigma_be…  0.0169   0.0124  0.0164  0.0119   9.52e-4  0.0496  1.00      868.
 79 sigma_be…  0.0157   0.0108  0.0177  0.0108   6.84e-4  0.0453  1.00      903.
 80 sigma_be…  0.0185   0.0130  0.0218  0.0119   1.10e-3  0.0539  1.00      945.
 81 sigma_be…  0.0413   0.0326  0.0396  0.0243   4.59e-3  0.109   1.00      556.
 82 sigma_be…  0.0362   0.0293  0.0323  0.0239   2.00e-3  0.0913  1.01      310.
 83 sigma_be…  0.0385   0.0312  0.0340  0.0264   2.57e-3  0.0952  1.00      338.
 84 sigma_be…  0.0746   0.0654  0.0408  0.0285   3.31e-2  0.145   1.00      801.
 85 sigma_be…  0.0386   0.0330  0.0303  0.0220   4.29e-3  0.0890  1.01      419.
 86 sigma_be…  0.0562   0.0481  0.0376  0.0255   1.17e-2  0.125   1.01      279.
 87 sigma_be…  0.0722   0.0627  0.0394  0.0273   3.05e-2  0.143   1.00      578.
 88 sigma_be…  1.13     0.776   1.64    0.718    6.82e-2  3.31    1.00     3191.
 89 sigma_be…  1.10     0.763   1.33    0.718    6.69e-2  3.21    1.00     2095.
 90 sigma_be…  0.658    0.449   0.719   0.442    4.12e-2  1.94    1.00     1241.
 91 sigma_be…  0.631    0.403   0.731   0.411    3.61e-2  2.00    1.00     1456.
 92 sigma_be…  0.573    0.386   0.625   0.390    4.14e-2  1.71    1.00     1536.
 93 sigma_be…  0.286    0.239   0.163   0.112    1.19e-1  0.591   1.00      797.
 94 sigma_be…  0.230    0.199   0.126   0.0896   9.67e-2  0.474   1.00      476.
 95 sigma_be…  0.115    0.0959  0.0824  0.0495   3.19e-2  0.255   1.01      453.
 96 sigma_be…  0.0456   0.0303  0.0481  0.0297   3.02e-3  0.142   1.01      334.
 97 sigma_be…  0.0733   0.0496  0.0792  0.0503   3.65e-3  0.223   1.00      376.
 98 sigma_be…  0.00646  0.00537 0.00518 0.00411  5.95e-4  0.0164  1.00      826.
 99 sigma_ga…  0.760    0.709   0.282   0.229    4.11e-1  1.28    1.00      782.
100 sigma_ga…  1.08     0.746   1.16    0.703    7.29e-2  3.02    1.00     2137.
101 sigma_al…  0.114    0.0992  0.0613  0.0378   5.63e-2  0.222   1.00      548.
102 sigma_al…  0.0654   0.0569  0.0333  0.0222   3.23e-2  0.122   1.00      768.
103 sigma_de…  0.109    0.0944  0.0775  0.0557   1.77e-2  0.241   1.00      387.
104 sigma_de…  0.0975   0.0842  0.0537  0.0341   4.54e-2  0.188   1.01      438.
105 sigma_ph…  0.418    0.371   0.184   0.140    2.18e-1  0.809   1.00      426.
106 sigma_ga…  1.12     0.804   1.39    0.758    7.28e-2  3.14    1.00     1830.
107 sigma_ga…  1.08     0.768   1.20    0.669    7.72e-2  3.03    1.00     2148.
# ℹ 1 more variable: ess_tail <dbl>
[1] "Calculating lambda_mean..."
[1] "Calculating lambda_test_mean..."
[1] "Calculating y_rep_mean..."
[1] "Calculating y_test_rep_mean..."
[1] "Generating plots..."
[1] "exposure_2HRX9P6HKXA8V_1" "exposure_ED5J990H5VAZT_1"
[3] "exposure_JHDN7CF1C03X5_1" "exposure_L69HYJ4Y3TR91_1"
[5] "exposure_SRQS8F7JWA9MZ_1" "exposure_W8T41JZK0ZMEP_1"
[1] 6
Adding missing grouping variables: `location_id_num`
[1] "Skipping daily plot for SRQS8F7JWA9MZ due to missing daily data."
[1] "Skipping daily plot for 2HRX9P6HKXA8V due to missing daily data."
[1] "Skipping daily plot for JHDN7CF1C03X5 due to missing daily data."
[1] "Skipping daily plot for L69HYJ4Y3TR91 due to missing daily data."
[1] "Skipping daily plot for ED5J990H5VAZT due to missing daily data."
[1] "Skipping daily plot for W8T41JZK0ZMEP due to missing daily data."
[1] "Skipping MLflow logging as existing fit file was loaded."
[1] "Done."
           used  (Mb) gc trigger   (Mb)  max used   (Mb)
Ncells  5139168 274.5    7598582  405.9   7598582  405.9
Vcells 10762279  82.2  555340272 4237.0 682644155 5208.2
Warning messages:
1: Dropping 'draws_df' class as required metadata was removed. 
2: Dropping 'draws_df' class as required metadata was removed. 
3: Dropping 'draws_df' class as required metadata was removed. 
4: Dropping 'draws_df' class as required metadata was removed. 
5: There was 1 warning in `summarize()`.
ℹ In argument: `date = min(date)`.
Caused by warning in `min.default()`:
! no non-missing arguments to min; returning Inf 
