- The project is out-of-sync -- use `renv::status()` for details.
── Attaching core tidyverse packages ──────────────────────── tidyverse 2.0.0 ──
✔ dplyr     1.1.4     ✔ readr     2.1.5
✔ forcats   1.0.0     ✔ stringr   1.5.1
✔ ggplot2   3.5.1     ✔ tibble    3.2.1
✔ lubridate 1.9.4     ✔ tidyr     1.3.1
✔ purrr     1.0.4     
[conflicted] Will prefer dplyr::select over any other package.
[conflicted] Will prefer dplyr::filter over any other package.
[conflicted] Will prefer lubridate::year over any other package.
[conflicted] Will prefer lubridate::month over any other package.
[conflicted] Will prefer purrr::map over any other package.
[conflicted] Will prefer stats::sd over any other package.
[conflicted] Will prefer base::match over any other package.
This is cmdstanr version 0.9.0
- CmdStanR documentation and vignettes: mc-stan.org/cmdstanr
- CmdStan path: /home/nuttidalab/.cmdstan/cmdstan-2.36.0
- CmdStan version: 2.36.0

A newer version of CmdStan is available. See ?install_cmdstan() to install it.
To disable this check set option or environment variable cmdstanr_no_ver_check=TRUE.
This is posterior version 1.6.0
Registered S3 method overwritten by 'tsibble':
  method               from 
  as_tibble.grouped_df dplyr
── Attaching packages ──────────────────────────────────────────── fpp3 1.0.1 ──
✔ tsibble     1.1.6     ✔ feasts      0.4.1
✔ tsibbledata 0.4.1     ✔ fable       0.4.1
Loading required package: R.oo
Loading required package: R.methodsS3
R.methodsS3 v1.8.2 (2022-06-13 22:00:14 UTC) successfully loaded. See ?R.methodsS3 for help.
R.oo v1.27.0 (2024-11-01 18:00:02 UTC) successfully loaded. See ?R.oo for help.

Attaching package: ‘R.oo’

The following object is masked from ‘package:R.methodsS3’:

    throw

The following object is masked from ‘package:shiny’:

    printStackTrace

The following object is masked from ‘package:renv’:

    load

The following objects are masked from ‘package:methods’:

    getClasses, getMethods

The following objects are masked from ‘package:base’:

    attach, detach, load, save

R.utils v2.13.0 (2025-02-24 21:20:02 UTC) successfully loaded. See ?R.utils for help.
Registered S3 method overwritten by 'quantmod':
  method            from
  as.zoo.data.frame zoo 
Registered S3 methods overwritten by 'bayesforecast':
  method      from    
  autoplot.ts forecast
  forecast.ts forecast
  fortify.ts  forecast
  print.garch tseries 
[1] "# of rows: 34628"
[1] "# of rows: 8741"
[1] "Found 6 exposure columns in the data: exposure_2HRX9P6HKXA8V_1, exposure_ED5J990H5VAZT_1, exposure_JHDN7CF1C03X5_1, exposure_L69HYJ4Y3TR91_1, exposure_SRQS8F7JWA9MZ_1, exposure_W8T41JZK0ZMEP_1"
Numeric columns considered for scaling:
vegan_window_sum_item_quantity,
vegetarian_window_sum_item_quantity,
meat_window_sum_item_quantity,
vegan_window_avg_item_price,
vegetarian_window_avg_item_price,
meat_window_avg_item_price,
breakfast_p_window_avg_item_price,
textured_p_window_avg_item_price,
untextured_p_window_avg_item_price,
chicken_p_window_avg_item_price,
dairy_p_window_avg_item_price,
egg_p_window_avg_item_price,
breakfast_window_avg_item_price,
textured_window_avg_item_price,
untextured_window_avg_item_price,
breakfast_t2_window_avg_item_price,
textured_t2_window_avg_item_price,
untextured_t2_window_avg_item_price,
chicken_t2_window_avg_item_price,
dairy_t2_window_avg_item_price,
day_of_month,
Value,
vegan_price_real,
vegetarian_price_real,
meat_price_real,
breakfast_p_price_real,
textured_p_price_real,
untextured_p_price_real,
chicken_p_price_real,
dairy_p_price_real,
egg_p_price_real,
breakfast_price_real,
textured_price_real,
untextured_price_real,
breakfast_t2_price_real,
textured_t2_price_real,
untextured_t2_price_real,
chicken_t2_price_real,
dairy_t2_price_real,
inflation,
temp,
precip[1] "Successfully created `expo_to_rest` mapping."
[1] "Successfully created `expo_to_param` mapping."
Identified 6 exposure columns in the design matrix: 
exposure_2HRX9P6HKXA8V_1, 
exposure_ED5J990H5VAZT_1, 
exposure_JHDN7CF1C03X5_1, 
exposure_L69HYJ4Y3TR91_1, 
exposure_SRQS8F7JWA9MZ_1, 
exposure_W8T41JZK0ZMEP_1
Identified 30 random beta columns: 
vegan_price_real, 
vegetarian_price_real, 
meat_price_real, 
weekend, 
holiday_window, 
month_cat2, 
month_cat3, 
month_cat4, 
month_cat5, 
month_cat6, 
month_cat7, 
month_cat8, 
month_cat9, 
month_cat10, 
month_cat11, 
month_cat12, 
seasonspring, 
seasonsummer, 
seasonwinter, 
year_cat2014, 
year_cat2015, 
year_cat2016, 
year_cat2017, 
year_cat2018, 
year_cat2019, 
year_cat2020, 
year_cat2021, 
year_cat2022, 
year_cat2023, 
date_num
Identified 9 fixed beta columns: 
day_of_week_cat1, 
day_of_week_cat2, 
day_of_week_cat3, 
day_of_week_cat4, 
day_of_week_cat5, 
day_of_week_cat6, 
inflation, 
temp, 
precip
Identified 2 random alpha indices (positions): 
1, 7
Identified 2 random delta indices (positions): 
1, 7
$R
[1] 6

$J
[1] 46

$p_effective
[1] 12

$q_effective
[1] 12

$M
[1] 2

$idx_intercept
[1] 1

$K_beta_random
[1] 30

$idx_beta_random
[1] 2 3 4 5 6 7

$K_beta_fixed
[1] 9

$idx_beta_fixed
[1] 32 33 34 35 36 37

$K_exposure
[1] 6

$idx_exposure
[1] 41 42 43 44 45 46

$expo_to_rest
[1] 2 5 3 4 1 6

$expo_to_param
[1] 1 1 1 1 1 1

$effective_lags_alpha
[1] 1 2 3 4 5 6

$K_alpha_random
[1] 2

$idx_alpha_random
[1] 1 7

$K_alpha_fixed
[1] 10

$idx_alpha_fixed
[1] 2 3 4 5 6 8

$effective_lags_delta
[1] 1 2 3 4 5 6

$K_delta_random
[1] 2

$idx_delta_random
[1] 1 7

$K_delta_fixed
[1] 10

$idx_delta_fixed
[1] 2 3 4 5 6 8

$N_train
[1] 8300

$X_train
  (Intercept) vegan_price_real vegetarian_price_real meat_price_real weekend
1           1         -5.14667              -1.48268       -1.478171       0
2           1         -5.14667              -1.48268       -1.347067       0
3           1         -5.14667              -1.48268       -1.609274       0
4           1         -5.14667              -1.48268       -1.609274       1
5           1         -5.14667              -1.48268       -1.609274       1
6           1         -5.14667              -1.48268       -1.425729       0
  holiday_window month_cat2 month_cat3 month_cat4 month_cat5 month_cat6
1              0          0          0          0          1          0
2              0          0          0          0          1          0
3              0          0          0          0          1          0
4              0          0          0          0          1          0
5              0          0          0          0          1          0
6              0          0          0          0          1          0
  month_cat7 month_cat8 month_cat9 month_cat10 month_cat11 month_cat12
1          0          0          0           0           0           0
2          0          0          0           0           0           0
3          0          0          0           0           0           0
4          0          0          0           0           0           0
5          0          0          0           0           0           0
6          0          0          0           0           0           0
  seasonspring seasonsummer seasonwinter year_cat2014 year_cat2015 year_cat2016
1            1            0            0            0            0            0
2            1            0            0            0            0            0
3            1            0            0            0            0            0
4            1            0            0            0            0            0
5            1            0            0            0            0            0
6            1            0            0            0            0            0
  year_cat2017 year_cat2018 year_cat2019 year_cat2020 year_cat2021 year_cat2022
1            0            0            1            0            0            0
2            0            0            1            0            0            0
3            0            0            1            0            0            0
4            0            0            1            0            0            0
5            0            0            1            0            0            0
6            0            0            1            0            0            0
  year_cat2023 date_num day_of_week_cat1 day_of_week_cat2 day_of_week_cat3
1            0 49.32786                0                1                0
2            0 49.33060                0                0                1
3            0 49.33333                0                0                0
4            0 49.33607                0                0                0
5            0 49.33881                0                0                0
6            0 49.34155                0                0                0
  day_of_week_cat4 day_of_week_cat5 day_of_week_cat6 inflation          temp
1                0                0                0 -1.272144 -3.242225e-01
2                0                0                0 -1.272144 -3.748844e-01
3                1                0                0 -1.272144 -1.621043e-01
4                0                1                0 -1.272144  1.382317e-05
5                0                0                1 -1.272144  1.722643e-01
6                0                0                0 -1.272144  5.167654e-01
       precip exposure_2HRX9P6HKXA8V_1 exposure_ED5J990H5VAZT_1
1  2.41288781                        0                        0
2  0.02723881                        0                        0
3  1.62378853                        0                        0
4 -0.33978411                        0                        0
5 -0.41318870                        0                        0
6 -0.41318870                        0                        0
  exposure_JHDN7CF1C03X5_1 exposure_L69HYJ4Y3TR91_1 exposure_SRQS8F7JWA9MZ_1
1                        0                        0                        0
2                        0                        0                        0
3                        0                        0                        0
4                        0                        0                        0
5                        0                        0                        0
6                        0                        0                        0
  exposure_W8T41JZK0ZMEP_1
1                        0
2                        0
3                        0
4                        0
5                        0
6                        0

$y_train
[1] 14  7 13  0  0 11

$idx_to_rest_train
[1] 1 1 1 1 1 1

$train_start_idx
[1]    1 1467 3048 4343 4616 7107

$train_end_idx
[1] 1466 3047 4342 4615 7106 8300

$N_test
[1] 441

$X_test
  (Intercept) vegan_price_real vegetarian_price_real meat_price_real weekend
1           1        1.1547975              2.057063        2.331697       1
2           1       -0.7727103              1.804772        2.260708       1
3           1        1.1547975              1.865474        2.539707       0
4           1        0.3516693              1.859693        2.905626       0
5           1       -2.4592797              1.003850        2.615725       0
6           1       -0.4514590              2.224164        2.612323       0
  holiday_window month_cat2 month_cat3 month_cat4 month_cat5 month_cat6
1              0          0          0          0          1          0
2              0          0          0          0          1          0
3              0          0          0          0          1          0
4              0          0          0          0          1          0
5              0          0          0          0          1          0
6              0          0          0          0          1          0
  month_cat7 month_cat8 month_cat9 month_cat10 month_cat11 month_cat12
1          0          0          0           0           0           0
2          0          0          0           0           0           0
3          0          0          0           0           0           0
4          0          0          0           0           0           0
5          0          0          0           0           0           0
6          0          0          0           0           0           0
  seasonspring seasonsummer seasonwinter year_cat2014 year_cat2015 year_cat2016
1            1            0            0            0            0            0
2            1            0            0            0            0            0
3            1            0            0            0            0            0
4            1            0            0            0            0            0
5            1            0            0            0            0            0
6            1            0            0            0            0            0
  year_cat2017 year_cat2018 year_cat2019 year_cat2020 year_cat2021 year_cat2022
1            0            0            0            0            0            0
2            0            0            0            0            0            0
3            0            0            0            0            0            0
4            0            0            0            0            0            0
5            0            0            0            0            0            0
6            0            0            0            0            0            0
  year_cat2023 date_num day_of_week_cat1 day_of_week_cat2 day_of_week_cat3
1            1 53.34155                0                0                0
2            1 53.34428                0                0                0
3            1 53.34702                0                0                0
4            1 53.34976                1                0                0
5            1 53.35250                0                1                0
6            1 53.35524                0                0                1
  day_of_week_cat4 day_of_week_cat5 day_of_week_cat6 inflation      temp
1                0                1                0   2.07598 0.2634558
2                0                0                1   2.07598 0.3343825
3                0                0                0   2.07598 0.4154416
4                0                0                0   2.07598 0.2330587
5                0                0                0   2.07598 0.3343825
6                0                0                0   2.07598 0.8916636
      precip exposure_2HRX9P6HKXA8V_1 exposure_ED5J990H5VAZT_1
1 -0.4131887                        0                        0
2  1.6237885                        0                        0
3 -0.4131887                        0                        0
4 -0.4131887                        0                        0
5 -0.4131887                        0                        0
6 -0.4131887                        0                        0
  exposure_JHDN7CF1C03X5_1 exposure_L69HYJ4Y3TR91_1 exposure_SRQS8F7JWA9MZ_1
1                        0                        0                        1
2                        0                        0                        1
3                        0                        0                        1
4                        0                        0                        1
5                        0                        0                        1
6                        0                        0                        1
  exposure_W8T41JZK0ZMEP_1
1                        0
2                        0
3                        0
4                        0
5                        0
6                        0

$y_test
[1] 228 136  65  77  92  89

$idx_to_rest_test
[1] 1 1 1 1 1 1

$test_start_idx
[1]   1  79 163 232 247 379

$test_end_idx
[1]  78 162 231 246 378 441

$N_zeros
[1] 1230

$idx_zeros
[1]   4   5  11  12 239 246

$mu_gamma_scale
[1] 1

$sigma_gamma_between_scale
[1] 0.4

$sigma_gamma_within_scale
[1] 1

$mu_beta_scale
[1] 1

$sigma_beta_scale
[1] 1

$mu_alpha_scale
[1] 1

$sigma_alpha_scale
[1] 1

$mu_delta_scale
[1] 1

$sigma_delta_scale
[1] 1

$mu_phi_log_scale
[1] 1

$sigma_phi_log_scale
[1] 1

$mu_pi_logit_scale
[1] 2

$sigma_pi_logit_scale
[1] 1

[1] "Fitting the multilevel model..."
Running MCMC with 1 chain...

Chain 1 Informational Message: The current Metropolis proposal is about to be rejected because of the following issue:
Chain 1 Exception: neg_binomial_2_lpmf: Location parameter[1] is -nan, but must be positive finite! (in '/tmp/RtmpnrCV4X/model-13f1685dbadbc0.stan', line 470, column 2 to column 59)
Chain 1 If this warning occurs sporadically, such as for highly constrained variable types like covariance matrices, then the sampler is fine,
Chain 1 but if this warning occurs often then your model may be either severely ill-conditioned or misspecified.
Chain 1 
Chain 1 Informational Message: The current Metropolis proposal is about to be rejected because of the following issue:
Chain 1 Exception: neg_binomial_2_lpmf: Location parameter[1] is -nan, but must be positive finite! (in '/tmp/RtmpnrCV4X/model-13f1685dbadbc0.stan', line 470, column 2 to column 59)
Chain 1 If this warning occurs sporadically, such as for highly constrained variable types like covariance matrices, then the sampler is fine,
Chain 1 but if this warning occurs often then your model may be either severely ill-conditioned or misspecified.
Chain 1 
Chain 1 Iteration:    1 / 2200 [  0%]  (Warmup) 
Chain 1 Informational Message: The current Metropolis proposal is about to be rejected because of the following issue:
Chain 1 Exception: neg_binomial_2_lpmf: Location parameter[1] is -nan, but must be positive finite! (in '/tmp/RtmpnrCV4X/model-13f1685dbadbc0.stan', line 470, column 2 to column 59)
Chain 1 If this warning occurs sporadically, such as for highly constrained variable types like covariance matrices, then the sampler is fine,
Chain 1 but if this warning occurs often then your model may be either severely ill-conditioned or misspecified.
Chain 1 
Chain 1 Informational Message: The current Metropolis proposal is about to be rejected because of the following issue:
Chain 1 Exception: neg_binomial_2_lpmf: Location parameter[1] is 0, but must be positive finite! (in '/tmp/RtmpnrCV4X/model-13f1685dbadbc0.stan', line 470, column 2 to column 59)
Chain 1 If this warning occurs sporadically, such as for highly constrained variable types like covariance matrices, then the sampler is fine,
Chain 1 but if this warning occurs often then your model may be either severely ill-conditioned or misspecified.
Chain 1 
Chain 1 Informational Message: The current Metropolis proposal is about to be rejected because of the following issue:
Chain 1 Exception: neg_binomial_2_lpmf: Location parameter[1] is 0, but must be positive finite! (in '/tmp/RtmpnrCV4X/model-13f1685dbadbc0.stan', line 470, column 2 to column 59)
Chain 1 If this warning occurs sporadically, such as for highly constrained variable types like covariance matrices, then the sampler is fine,
Chain 1 but if this warning occurs often then your model may be either severely ill-conditioned or misspecified.
Chain 1 
Chain 1 Informational Message: The current Metropolis proposal is about to be rejected because of the following issue:
Chain 1 Exception: neg_binomial_2_lpmf: Location parameter[1] is 0, but must be positive finite! (in '/tmp/RtmpnrCV4X/model-13f1685dbadbc0.stan', line 470, column 2 to column 59)
Chain 1 If this warning occurs sporadically, such as for highly constrained variable types like covariance matrices, then the sampler is fine,
Chain 1 but if this warning occurs often then your model may be either severely ill-conditioned or misspecified.
Chain 1 
Chain 1 Informational Message: The current Metropolis proposal is about to be rejected because of the following issue:
Chain 1 Exception: neg_binomial_2_lpmf: Location parameter[1] is 0, but must be positive finite! (in '/tmp/RtmpnrCV4X/model-13f1685dbadbc0.stan', line 470, column 2 to column 59)
Chain 1 If this warning occurs sporadically, such as for highly constrained variable types like covariance matrices, then the sampler is fine,
Chain 1 but if this warning occurs often then your model may be either severely ill-conditioned or misspecified.
Chain 1 
Chain 1 Informational Message: The current Metropolis proposal is about to be rejected because of the following issue:
Chain 1 Exception: neg_binomial_2_lpmf: Location parameter[1] is 0, but must be positive finite! (in '/tmp/RtmpnrCV4X/model-13f1685dbadbc0.stan', line 470, column 2 to column 59)
Chain 1 If this warning occurs sporadically, such as for highly constrained variable types like covariance matrices, then the sampler is fine,
Chain 1 but if this warning occurs often then your model may be either severely ill-conditioned or misspecified.
Chain 1 
Chain 1 Informational Message: The current Metropolis proposal is about to be rejected because of the following issue:
Chain 1 Exception: neg_binomial_2_lpmf: Location parameter[1] is inf, but must be positive finite! (in '/tmp/RtmpnrCV4X/model-13f1685dbadbc0.stan', line 470, column 2 to column 59)
Chain 1 If this warning occurs sporadically, such as for highly constrained variable types like covariance matrices, then the sampler is fine,
Chain 1 but if this warning occurs often then your model may be either severely ill-conditioned or misspecified.
Chain 1 
Chain 1 Informational Message: The current Metropolis proposal is about to be rejected because of the following issue:
Chain 1 Exception: neg_binomial_2_lpmf: Location parameter[1] is inf, but must be positive finite! (in '/tmp/RtmpnrCV4X/model-13f1685dbadbc0.stan', line 470, column 2 to column 59)
Chain 1 If this warning occurs sporadically, such as for highly constrained variable types like covariance matrices, then the sampler is fine,
Chain 1 but if this warning occurs often then your model may be either severely ill-conditioned or misspecified.
Chain 1 
Chain 1 Informational Message: The current Metropolis proposal is about to be rejected because of the following issue:
Chain 1 Exception: neg_binomial_2_lpmf: Location parameter[38] is 0, but must be positive finite! (in '/tmp/RtmpnrCV4X/model-13f1685dbadbc0.stan', line 470, column 2 to column 59)
Chain 1 If this warning occurs sporadically, such as for highly constrained variable types like covariance matrices, then the sampler is fine,
Chain 1 but if this warning occurs often then your model may be either severely ill-conditioned or misspecified.
Chain 1 
Chain 1 Informational Message: The current Metropolis proposal is about to be rejected because of the following issue:
Chain 1 Exception: neg_binomial_2_lpmf: Location parameter[150] is 0, but must be positive finite! (in '/tmp/RtmpnrCV4X/model-13f1685dbadbc0.stan', line 470, column 2 to column 59)
Chain 1 If this warning occurs sporadically, such as for highly constrained variable types like covariance matrices, then the sampler is fine,
Chain 1 but if this warning occurs often then your model may be either severely ill-conditioned or misspecified.
Chain 1 
Chain 1 Informational Message: The current Metropolis proposal is about to be rejected because of the following issue:
Chain 1 Exception: neg_binomial_2_lpmf: Location parameter[1] is -nan, but must be positive finite! (in '/tmp/RtmpnrCV4X/model-13f1685dbadbc0.stan', line 470, column 2 to column 59)
Chain 1 If this warning occurs sporadically, such as for highly constrained variable types like covariance matrices, then the sampler is fine,
Chain 1 but if this warning occurs often then your model may be either severely ill-conditioned or misspecified.
Chain 1 
Chain 1 Informational Message: The current Metropolis proposal is about to be rejected because of the following issue:
Chain 1 Exception: neg_binomial_2_lpmf: Location parameter[1] is -nan, but must be positive finite! (in '/tmp/RtmpnrCV4X/model-13f1685dbadbc0.stan', line 470, column 2 to column 59)
Chain 1 If this warning occurs sporadically, such as for highly constrained variable types like covariance matrices, then the sampler is fine,
Chain 1 but if this warning occurs often then your model may be either severely ill-conditioned or misspecified.
Chain 1 
Chain 1 Informational Message: The current Metropolis proposal is about to be rejected because of the following issue:
Chain 1 Exception: neg_binomial_2_lpmf: Location parameter[1] is 0, but must be positive finite! (in '/tmp/RtmpnrCV4X/model-13f1685dbadbc0.stan', line 470, column 2 to column 59)
Chain 1 If this warning occurs sporadically, such as for highly constrained variable types like covariance matrices, then the sampler is fine,
Chain 1 but if this warning occurs often then your model may be either severely ill-conditioned or misspecified.
Chain 1 
Chain 1 Informational Message: The current Metropolis proposal is about to be rejected because of the following issue:
Chain 1 Exception: neg_binomial_2_lpmf: Location parameter[1] is inf, but must be positive finite! (in '/tmp/RtmpnrCV4X/model-13f1685dbadbc0.stan', line 470, column 2 to column 59)
Chain 1 If this warning occurs sporadically, such as for highly constrained variable types like covariance matrices, then the sampler is fine,
Chain 1 but if this warning occurs often then your model may be either severely ill-conditioned or misspecified.
Chain 1 
Chain 1 Iteration:  100 / 2200 [  4%]  (Warmup) 
Chain 1 Iteration:  200 / 2200 [  9%]  (Warmup) 
Chain 1 Iteration:  300 / 2200 [ 13%]  (Warmup) 
Chain 1 Iteration:  400 / 2200 [ 18%]  (Warmup) 
Chain 1 Iteration:  500 / 2200 [ 22%]  (Warmup) 
Chain 1 Iteration:  600 / 2200 [ 27%]  (Warmup) 
Chain 1 Iteration:  700 / 2200 [ 31%]  (Warmup) 
Chain 1 Iteration:  701 / 2200 [ 31%]  (Sampling) 
Chain 1 Iteration:  800 / 2200 [ 36%]  (Sampling) 
Chain 1 Iteration:  900 / 2200 [ 40%]  (Sampling) 
Chain 1 Iteration: 1000 / 2200 [ 45%]  (Sampling) 
Chain 1 Iteration: 1100 / 2200 [ 50%]  (Sampling) 
Chain 1 Iteration: 1200 / 2200 [ 54%]  (Sampling) 
Chain 1 Iteration: 1300 / 2200 [ 59%]  (Sampling) 
Chain 1 Iteration: 1400 / 2200 [ 63%]  (Sampling) 
Chain 1 Iteration: 1500 / 2200 [ 68%]  (Sampling) 
Chain 1 Iteration: 1600 / 2200 [ 72%]  (Sampling) 
Chain 1 Iteration: 1700 / 2200 [ 77%]  (Sampling) 
Chain 1 Iteration: 1800 / 2200 [ 81%]  (Sampling) 
Chain 1 Iteration: 1900 / 2200 [ 86%]  (Sampling) 
Chain 1 Iteration: 2000 / 2200 [ 90%]  (Sampling) 
Chain 1 Iteration: 2100 / 2200 [ 95%]  (Sampling) 
Chain 1 Iteration: 2200 / 2200 [100%]  (Sampling) 
Chain 1 finished in 76249.3 seconds.
Warning: 20 of 1500 (1.0%) transitions ended with a divergence.
See https://mc-stan.org/misc/warnings for details.

Warning: 1480 of 1500 (99.0%) transitions hit the maximum treedepth limit of 10.
See https://mc-stan.org/misc/warnings for details.

[1] "Saving fit object..."
[1] "Calculating summary..."
[1] "Calculating samples..."
[1] "Calculating metadata..."
[1] "Summary of Hyperpriors (mu_*, sigma_*):"
# A tibble: 109 × 10
    variable       mean   median      sd     mad       q5     q95  rhat ess_bulk
    <chr>         <dbl>    <dbl>   <dbl>   <dbl>    <dbl>   <dbl> <dbl>    <dbl>
  1 mu_beta_i…  1.20e-1  0.135   0.971   0.965   -1.46e+0  1.73   1.00      618.
  2 mu_beta_r… -1.14e-2 -0.0101  0.0364  0.0301  -7.19e-2  0.0450 1.00      160.
  3 mu_beta_r…  2.99e-2  0.0291  0.0729  0.0660  -8.31e-2  0.156  1.01      183.
  4 mu_beta_r…  1.74e-1  0.174   0.133   0.127   -3.53e-2  0.395  1.02      152.
  5 mu_beta_r…  1.16e-1  0.0937  0.472   0.346   -6.47e-1  0.907  1.01      393.
  6 mu_beta_r… -1.20e-2 -0.00642 0.0819  0.0693  -1.52e-1  0.114  1.00      399.
  7 mu_beta_r… -8.12e-2 -0.0785  0.122   0.110   -2.83e-1  0.106  1.00      268.
  8 mu_beta_r…  3.34e-2  0.0394  0.366   0.283   -5.64e-1  0.623  1.02      172.
  9 mu_beta_r…  3.51e-2  0.0279  0.356   0.284   -5.49e-1  0.611  1.01      181.
 10 mu_beta_r… -5.08e-4 -0.00824 0.360   0.278   -6.03e-1  0.581  1.01      176.
 11 mu_beta_r…  1.04e-1  0.0770  0.356   0.275   -4.59e-1  0.744  1.00      326.
 12 mu_beta_r…  5.67e-2  0.0339  0.357   0.270   -4.96e-1  0.693  1.00      330.
 13 mu_beta_r… -2.63e-2 -0.0511  0.357   0.271   -5.61e-1  0.631  1.00      337.
 14 mu_beta_r… -5.16e-2 -0.0457  0.307   0.249   -5.57e-1  0.460  1.00      187.
 15 mu_beta_r… -3.92e-2 -0.0367  0.316   0.260   -5.61e-1  0.485  1.00      178.
 16 mu_beta_r… -1.29e-1 -0.116   0.310   0.244   -6.50e-1  0.401  1.00      185.
 17 mu_beta_r… -1.47e-1 -0.135   0.173   0.159   -4.32e-1  0.117  1.00      194.
 18 mu_beta_r…  1.25e-2  0.0161  0.411   0.336   -6.97e-1  0.667  1.02      164.
 19 mu_beta_r… -7.47e-4  0.0157  0.424   0.375   -7.33e-1  0.704  1.00      256.
 20 mu_beta_r…  2.16e-1  0.215   0.337   0.294   -3.41e-1  0.813  1.00      177.
 21 mu_beta_r… -1.12e-2  0.0271  1.41    0.947   -2.29e+0  2.20   1.00     1066.
 22 mu_beta_r…  1.52e-2  0.00159 1.48    1.06    -2.42e+0  2.43   1.00      859.
 23 mu_beta_r… -6.93e-1 -0.747   0.786   0.711   -1.87e+0  0.641  1.00      312.
 24 mu_beta_r… -4.41e-1 -0.425   0.723   0.579   -1.64e+0  0.599  1.00      410.
 25 mu_beta_r…  1.16e-1  0.102   0.646   0.495   -8.57e-1  1.12   1.01      330.
 26 mu_beta_r…  6.50e-1  0.641   0.548   0.533   -2.37e-1  1.58   1.01      254.
 27 mu_beta_r…  2.43e-1  0.217   0.441   0.414   -4.32e-1  1.04   1.02      134.
 28 mu_beta_r…  2.60e-1  0.245   0.378   0.368   -3.46e-1  0.883  1.00      192.
 29 mu_beta_r…  1.28e-2  0.00730 0.389   0.363   -6.40e-1  0.647  1.01      183.
 30 mu_beta_r… -2.66e-1 -0.257   0.438   0.435   -1.02e+0  0.407  1.01      183.
 31 mu_beta_r…  5.49e-2  0.0544  0.0279  0.0260   1.18e-2  0.100  1.00      397.
 32 mu_beta_f… -4.87e-2 -0.0482  0.0115  0.0115  -6.79e-2 -0.0302 1.00      468.
 33 mu_beta_f… -3.73e-2 -0.0373  0.0132  0.0132  -5.87e-2 -0.0147 1.00      451.
 34 mu_beta_f… -4.74e-3 -0.00459 0.0143  0.0145  -2.85e-2  0.0193 1.00      410.
 35 mu_beta_f…  6.17e-2  0.0619  0.0136  0.0136   3.91e-2  0.0841 1.00      449.
 36 mu_beta_f…  5.82e-2  0.0729  0.484   0.356   -7.72e-1  0.832  1.01      294.
 37 mu_beta_f…  2.26e-3  0.0166  0.484   0.350   -8.18e-1  0.780  1.01      294.
 38 mu_beta_f…  1.46e-1  0.148   0.0780  0.0789   1.24e-2  0.272  1.00      461.
 39 mu_beta_f…  4.85e-2  0.0489  0.0129  0.0125   2.69e-2  0.0688 0.999     977.
 40 mu_beta_f… -2.62e-2 -0.0262  0.00457 0.00446 -3.37e-2 -0.0186 1.00     1312.
 41 mu_gamma[…  1.78e-1  0.183   0.174   0.152   -1.04e-1  0.462  1.00      194.
 42 mu_gamma[… -1.54e-2 -0.0243  0.967   0.975   -1.62e+0  1.57   1.00     1236.
 43 mu_alpha_…  3.47e-1  0.351   0.107   0.0934   1.73e-1  0.510  1.02      146.
 44 mu_alpha_…  2.67e-1  0.268   0.0997  0.0871   1.07e-1  0.421  1.00      168.
 45 mu_alpha_…  1.40e-1  0.140   0.0142  0.0142   1.16e-1  0.163  1.01      252.
 46 mu_alpha_…  7.12e-2  0.0716  0.0138  0.0142   4.93e-2  0.0933 1.01      245.
 47 mu_alpha_…  1.05e-1  0.105   0.0138  0.0131   8.23e-2  0.128  1.00      402.
 48 mu_alpha_…  1.35e-1  0.134   0.0134  0.0138   1.12e-1  0.157  1.00      407.
 49 mu_alpha_…  1.07e-1  0.107   0.0140  0.0138   8.30e-2  0.129  1.00      360.
 50 mu_alpha_… -2.37e-3 -0.00250 0.0161  0.0160  -2.82e-2  0.0247 0.999     697.
 51 mu_alpha_…  4.12e-2  0.0408  0.0159  0.0160   1.55e-2  0.0673 1.01      745.
 52 mu_alpha_…  3.03e-2  0.0309  0.0152  0.0155   4.85e-3  0.0551 1.00      874.
 53 mu_alpha_…  2.90e-2  0.0288  0.0160  0.0164   2.47e-3  0.0555 1.00      758.
 54 mu_alpha_…  4.82e-3  0.00505 0.0149  0.0151  -1.96e-2  0.0294 1.00      807.
 55 mu_delta_… -4.28e-1 -0.427   0.0779  0.0650  -5.52e-1 -0.314  1.01      238.
 56 mu_delta_…  4.41e-1  0.456   0.262   0.241   -1.34e-2  0.842  1.00      181.
 57 mu_delta_… -3.32e-1 -0.333   0.0167  0.0166  -3.59e-1 -0.304  1.01      220.
 58 mu_delta_… -2.37e-1 -0.237   0.0161  0.0162  -2.63e-1 -0.210  1.00      191.
 59 mu_delta_… -2.91e-1 -0.292   0.0165  0.0167  -3.18e-1 -0.264  1.00      262.
 60 mu_delta_… -2.73e-1 -0.273   0.0173  0.0177  -3.02e-1 -0.245  1.00      308.
 61 mu_delta_… -2.73e-1 -0.273   0.0168  0.0167  -3.00e-1 -0.244  1.00      262.
 62 mu_delta_…  3.87e-2  0.0371  0.0357  0.0372  -2.02e-2  0.0971 1.00      633.
 63 mu_delta_…  1.50e-2  0.0136  0.0336  0.0343  -3.72e-2  0.0743 1.00      716.
 64 mu_delta_…  5.76e-2  0.0574  0.0346  0.0337   1.43e-4  0.117  1.00      662.
 65 mu_delta_…  2.14e-3  0.00266 0.0351  0.0348  -5.79e-2  0.0598 1.00      709.
 66 mu_delta_…  1.06e-1  0.105   0.0307  0.0316   5.74e-2  0.157  1.00      672.
 67 mu_phi_log  1.77e+0  1.81    0.397   0.368    1.02e+0  2.35   1.00      125.
 68 mu_pi_log… -3.04e+0 -3.03    0.607   0.547   -3.99e+0 -2.06   1.02      178.
 69 sigma_bet…  7.83e-1  0.619   0.666   0.596    3.98e-2  2.01   1.01      330.
 70 sigma_bet…  7.26e-2  0.0628  0.0384  0.0266   3.17e-2  0.146  1.01      281.
 71 sigma_bet…  1.82e-1  0.169   0.0715  0.0568   1.03e-1  0.309  1.00      390.
 72 sigma_bet…  3.15e-1  0.284   0.123   0.0922   1.77e-1  0.553  1.00      387.
 73 sigma_bet…  2.09e-1  0.181   0.100   0.0616   1.09e-1  0.402  1.00      231.
 74 sigma_bet…  1.63e-1  0.142   0.0935  0.0714   5.39e-2  0.340  1.01      425.
 75 sigma_bet…  2.84e-1  0.262   0.134   0.105    1.30e-1  0.521  1.00      388.
 76 sigma_bet…  3.11e-1  0.280   0.140   0.110    1.51e-1  0.588  1.01      279.
 77 sigma_bet…  1.12e-1  0.0954  0.0859  0.0689   1.32e-2  0.265  1.02      177.
 78 sigma_bet…  7.42e-2  0.0579  0.0650  0.0534   6.02e-3  0.199  1.00      400.
 79 sigma_bet…  1.27e-1  0.110   0.0955  0.0812   1.24e-2  0.298  1.01      220.
 80 sigma_bet…  6.77e-2  0.0500  0.0622  0.0460   4.59e-3  0.198  1.01      345.
 81 sigma_bet…  8.80e-2  0.0670  0.0861  0.0600   6.66e-3  0.228  1.00      322.
 82 sigma_bet…  8.71e-2  0.0623  0.0933  0.0569   5.41e-3  0.253  1.01      245.
 83 sigma_bet…  1.18e-1  0.0951  0.104   0.0824   9.45e-3  0.308  1.00      231.
 84 sigma_bet…  1.09e-1  0.0881  0.0911  0.0778   8.05e-3  0.278  1.00      349.
 85 sigma_bet…  3.51e-1  0.309   0.167   0.119    1.74e-1  0.658  1.00      370.
 86 sigma_bet…  9.41e-2  0.0769  0.0786  0.0644   8.80e-3  0.227  1.00      267.
 87 sigma_bet…  1.68e-1  0.152   0.0959  0.0761   4.66e-2  0.340  1.00      353.
 88 sigma_bet…  4.11e-1  0.379   0.156   0.127    2.24e-1  0.713  1.00      456.
 89 sigma_bet…  1.02e+0  0.723   0.990   0.704    7.18e-2  2.99   1.00     1068.
 90 sigma_bet…  1.00e+0  0.728   0.957   0.698    5.51e-2  2.93   1.00      782.
 91 sigma_bet…  8.76e-1  0.630   0.846   0.621    4.39e-2  2.53   0.999     691.
 92 sigma_bet…  7.95e-1  0.556   0.754   0.560    4.50e-2  2.39   1.00      688.
 93 sigma_bet…  6.96e-1  0.474   0.719   0.449    3.68e-2  2.18   1.00      508.
 94 sigma_bet…  9.48e-1  0.858   0.424   0.366    4.43e-1  1.77   0.999     416.
 95 sigma_bet…  6.71e-1  0.605   0.351   0.247    3.00e-1  1.26   1.00      209.
 96 sigma_bet…  2.98e-1  0.262   0.199   0.162    4.03e-2  0.676  1.01      200.
 97 sigma_bet…  2.34e-1  0.190   0.197   0.164    1.77e-2  0.608  1.01      105.
 98 sigma_bet…  3.65e-1  0.300   0.277   0.217    5.62e-2  0.875  1.01      105.
 99 sigma_bet…  4.01e-2  0.0355  0.0214  0.0152   1.41e-2  0.0802 1.00      362.
100 sigma_gam…  4.03e-1  0.382   0.122   0.113    2.39e-1  0.631  1.00      357.
101 sigma_gam…  3.33e-1  0.284   0.250   0.253    3.09e-2  0.820  0.999    1299.
102 sigma_alp…  2.58e-1  0.231   0.129   0.0764   1.39e-1  0.458  1.00      370.
103 sigma_alp…  2.30e-1  0.209   0.0980  0.0748   1.18e-1  0.419  1.01      236.
104 sigma_del…  1.52e-1  0.132   0.0872  0.0663   5.67e-2  0.316  1.01      272.
105 sigma_del…  6.36e-1  0.590   0.236   0.193    3.68e-1  1.10   1.00      306.
106 sigma_phi…  9.03e-1  0.823   0.351   0.293    4.89e-1  1.57   1.00      269.
107 sigma_pi_…  1.48e+0  1.37    0.503   0.422    8.66e-1  2.43   1.01      235.
108 sigma_gam…  7.90e-1  0.696   0.592   0.612    3.33e-2  1.90   1.01      377.
109 sigma_gam…  8.08e-1  0.705   0.594   0.578    5.60e-2  1.94   1.00      899.
# ℹ 1 more variable: ess_tail <dbl>
[1] "Calculating lambda_mean..."
[1] "Calculating lambda_test_mean..."
[1] "Calculating y_rep_mean..."
[1] "Calculating y_test_rep_mean..."
[1] "Generating plots..."
[1] "exposure_2HRX9P6HKXA8V_1" "exposure_ED5J990H5VAZT_1"
[3] "exposure_JHDN7CF1C03X5_1" "exposure_L69HYJ4Y3TR91_1"
[5] "exposure_SRQS8F7JWA9MZ_1" "exposure_W8T41JZK0ZMEP_1"
[1] 6
Adding missing grouping variables: `location_id_num`
[1] "Skipping daily plot for SRQS8F7JWA9MZ due to missing daily data."
[1] "Skipping daily plot for 2HRX9P6HKXA8V due to missing daily data."
[1] "Skipping daily plot for JHDN7CF1C03X5 due to missing daily data."
[1] "Skipping daily plot for L69HYJ4Y3TR91 due to missing daily data."
[1] "Skipping daily plot for ED5J990H5VAZT due to missing daily data."
[1] "Skipping daily plot for W8T41JZK0ZMEP due to missing daily data."
[1] "Skipping MLflow logging as existing fit file was loaded."
[1] "Done."
           used  (Mb) gc trigger   (Mb)  max used   (Mb)
Ncells  5124958 273.8    7561145  403.9   7561145  403.9
Vcells 10797027  82.4  258515119 1972.4 323143826 2465.4
Warning messages:
1: Dropping 'draws_df' class as required metadata was removed. 
2: Dropping 'draws_df' class as required metadata was removed. 
3: Dropping 'draws_df' class as required metadata was removed. 
4: Dropping 'draws_df' class as required metadata was removed. 
