- The project is out-of-sync -- use `renv::status()` for details.
── Attaching core tidyverse packages ──────────────────────── tidyverse 2.0.0 ──
✔ dplyr     1.1.4     ✔ readr     2.1.5
✔ forcats   1.0.0     ✔ stringr   1.5.1
✔ ggplot2   3.5.1     ✔ tibble    3.2.1
✔ lubridate 1.9.4     ✔ tidyr     1.3.1
✔ purrr     1.0.4     
[conflicted] Will prefer dplyr::select over any other package.
[conflicted] Will prefer dplyr::filter over any other package.
[conflicted] Will prefer lubridate::year over any other package.
[conflicted] Will prefer lubridate::month over any other package.
[conflicted] Will prefer purrr::map over any other package.
[conflicted] Will prefer stats::sd over any other package.
[conflicted] Will prefer base::match over any other package.
This is cmdstanr version 0.9.0
- CmdStanR documentation and vignettes: mc-stan.org/cmdstanr
- CmdStan path: /home/nuttidalab/.cmdstan/cmdstan-2.36.0
- CmdStan version: 2.36.0

A newer version of CmdStan is available. See ?install_cmdstan() to install it.
To disable this check set option or environment variable cmdstanr_no_ver_check=TRUE.
This is posterior version 1.6.0
Registered S3 method overwritten by 'tsibble':
  method               from 
  as_tibble.grouped_df dplyr
── Attaching packages ──────────────────────────────────────────── fpp3 1.0.1 ──
✔ tsibble     1.1.6     ✔ feasts      0.4.1
✔ tsibbledata 0.4.1     ✔ fable       0.4.1
Loading required package: R.oo
Loading required package: R.methodsS3
R.methodsS3 v1.8.2 (2022-06-13 22:00:14 UTC) successfully loaded. See ?R.methodsS3 for help.
R.oo v1.27.0 (2024-11-01 18:00:02 UTC) successfully loaded. See ?R.oo for help.

Attaching package: ‘R.oo’

The following object is masked from ‘package:R.methodsS3’:

    throw

The following object is masked from ‘package:shiny’:

    printStackTrace

The following object is masked from ‘package:renv’:

    load

The following objects are masked from ‘package:methods’:

    getClasses, getMethods

The following objects are masked from ‘package:base’:

    attach, detach, load, save

R.utils v2.13.0 (2025-02-24 21:20:02 UTC) successfully loaded. See ?R.utils for help.
Registered S3 method overwritten by 'quantmod':
  method            from
  as.zoo.data.frame zoo 
Registered S3 methods overwritten by 'bayesforecast':
  method      from    
  autoplot.ts forecast
  forecast.ts forecast
  fortify.ts  forecast
  print.garch tseries 
[1] "# of rows: 34628"
[1] "# of rows: 8741"
[1] "Found 6 exposure columns in the data: exposure_2HRX9P6HKXA8V_1, exposure_ED5J990H5VAZT_1, exposure_JHDN7CF1C03X5_1, exposure_L69HYJ4Y3TR91_1, exposure_SRQS8F7JWA9MZ_1, exposure_W8T41JZK0ZMEP_1"
Numeric columns considered for scaling:
vegan_window_sum_item_quantity,
vegetarian_window_sum_item_quantity,
meat_window_sum_item_quantity,
vegan_window_avg_item_price,
vegetarian_window_avg_item_price,
meat_window_avg_item_price,
breakfast_p_window_avg_item_price,
textured_p_window_avg_item_price,
untextured_p_window_avg_item_price,
chicken_p_window_avg_item_price,
dairy_p_window_avg_item_price,
egg_p_window_avg_item_price,
breakfast_window_avg_item_price,
textured_window_avg_item_price,
untextured_window_avg_item_price,
breakfast_t2_window_avg_item_price,
textured_t2_window_avg_item_price,
untextured_t2_window_avg_item_price,
chicken_t2_window_avg_item_price,
dairy_t2_window_avg_item_price,
day_of_month,
Value,
vegan_price_real,
vegetarian_price_real,
meat_price_real,
breakfast_p_price_real,
textured_p_price_real,
untextured_p_price_real,
chicken_p_price_real,
dairy_p_price_real,
egg_p_price_real,
breakfast_price_real,
textured_price_real,
untextured_price_real,
breakfast_t2_price_real,
textured_t2_price_real,
untextured_t2_price_real,
chicken_t2_price_real,
dairy_t2_price_real,
inflation,
temp,
precip[1] "Successfully created `expo_to_rest` mapping."
[1] "Successfully created `expo_to_param` mapping."
Identified 6 exposure columns in the design matrix: 
exposure_2HRX9P6HKXA8V_1, 
exposure_ED5J990H5VAZT_1, 
exposure_JHDN7CF1C03X5_1, 
exposure_L69HYJ4Y3TR91_1, 
exposure_SRQS8F7JWA9MZ_1, 
exposure_W8T41JZK0ZMEP_1
Identified 30 random beta columns: 
vegan_price_real, 
vegetarian_price_real, 
meat_price_real, 
weekend, 
holiday_window, 
month_cat2, 
month_cat3, 
month_cat4, 
month_cat5, 
month_cat6, 
month_cat7, 
month_cat8, 
month_cat9, 
month_cat10, 
month_cat11, 
month_cat12, 
seasonspring, 
seasonsummer, 
seasonwinter, 
year_cat2014, 
year_cat2015, 
year_cat2016, 
year_cat2017, 
year_cat2018, 
year_cat2019, 
year_cat2020, 
year_cat2021, 
year_cat2022, 
year_cat2023, 
date_num
Identified 9 fixed beta columns: 
day_of_week_cat1, 
day_of_week_cat2, 
day_of_week_cat3, 
day_of_week_cat4, 
day_of_week_cat5, 
day_of_week_cat6, 
inflation, 
temp, 
precip
Identified 2 random alpha indices (positions): 
1, 7
Identified 2 random delta indices (positions): 
1, 7
$R
[1] 6

$J
[1] 46

$p_effective
[1] 12

$q_effective
[1] 12

$M
[1] 2

$idx_intercept
[1] 1

$K_beta_random
[1] 30

$idx_beta_random
[1] 2 3 4 5 6 7

$K_beta_fixed
[1] 9

$idx_beta_fixed
[1] 32 33 34 35 36 37

$K_exposure
[1] 6

$idx_exposure
[1] 41 42 43 44 45 46

$expo_to_rest
[1] 2 5 3 4 1 6

$expo_to_param
[1] 1 1 1 1 1 1

$effective_lags_alpha
[1] 1 2 3 4 5 6

$K_alpha_random
[1] 2

$idx_alpha_random
[1] 1 7

$K_alpha_fixed
[1] 10

$idx_alpha_fixed
[1] 2 3 4 5 6 8

$effective_lags_delta
[1] 1 2 3 4 5 6

$K_delta_random
[1] 2

$idx_delta_random
[1] 1 7

$K_delta_fixed
[1] 10

$idx_delta_fixed
[1] 2 3 4 5 6 8

$N_train
[1] 8300

$X_train
  (Intercept) vegan_price_real vegetarian_price_real meat_price_real weekend
1           1         -5.14667              -1.48268       -1.478171       0
2           1         -5.14667              -1.48268       -1.347067       0
3           1         -5.14667              -1.48268       -1.609274       0
4           1         -5.14667              -1.48268       -1.609274       1
5           1         -5.14667              -1.48268       -1.609274       1
6           1         -5.14667              -1.48268       -1.425729       0
  holiday_window month_cat2 month_cat3 month_cat4 month_cat5 month_cat6
1              0          0          0          0          1          0
2              0          0          0          0          1          0
3              0          0          0          0          1          0
4              0          0          0          0          1          0
5              0          0          0          0          1          0
6              0          0          0          0          1          0
  month_cat7 month_cat8 month_cat9 month_cat10 month_cat11 month_cat12
1          0          0          0           0           0           0
2          0          0          0           0           0           0
3          0          0          0           0           0           0
4          0          0          0           0           0           0
5          0          0          0           0           0           0
6          0          0          0           0           0           0
  seasonspring seasonsummer seasonwinter year_cat2014 year_cat2015 year_cat2016
1            1            0            0            0            0            0
2            1            0            0            0            0            0
3            1            0            0            0            0            0
4            1            0            0            0            0            0
5            1            0            0            0            0            0
6            1            0            0            0            0            0
  year_cat2017 year_cat2018 year_cat2019 year_cat2020 year_cat2021 year_cat2022
1            0            0            1            0            0            0
2            0            0            1            0            0            0
3            0            0            1            0            0            0
4            0            0            1            0            0            0
5            0            0            1            0            0            0
6            0            0            1            0            0            0
  year_cat2023 date_num day_of_week_cat1 day_of_week_cat2 day_of_week_cat3
1            0 49.32786                0                1                0
2            0 49.33060                0                0                1
3            0 49.33333                0                0                0
4            0 49.33607                0                0                0
5            0 49.33881                0                0                0
6            0 49.34155                0                0                0
  day_of_week_cat4 day_of_week_cat5 day_of_week_cat6 inflation          temp
1                0                0                0 -1.272144 -3.242225e-01
2                0                0                0 -1.272144 -3.748844e-01
3                1                0                0 -1.272144 -1.621043e-01
4                0                1                0 -1.272144  1.382317e-05
5                0                0                1 -1.272144  1.722643e-01
6                0                0                0 -1.272144  5.167654e-01
       precip exposure_2HRX9P6HKXA8V_1 exposure_ED5J990H5VAZT_1
1  2.41288781                        0                        0
2  0.02723881                        0                        0
3  1.62378853                        0                        0
4 -0.33978411                        0                        0
5 -0.41318870                        0                        0
6 -0.41318870                        0                        0
  exposure_JHDN7CF1C03X5_1 exposure_L69HYJ4Y3TR91_1 exposure_SRQS8F7JWA9MZ_1
1                        0                        0                        0
2                        0                        0                        0
3                        0                        0                        0
4                        0                        0                        0
5                        0                        0                        0
6                        0                        0                        0
  exposure_W8T41JZK0ZMEP_1
1                        0
2                        0
3                        0
4                        0
5                        0
6                        0

$y_train
[1] 14  7 13  0  0 11

$idx_to_rest_train
[1] 1 1 1 1 1 1

$train_start_idx
[1]    1 1467 3048 4343 4616 7107

$train_end_idx
[1] 1466 3047 4342 4615 7106 8300

$N_test
[1] 441

$X_test
  (Intercept) vegan_price_real vegetarian_price_real meat_price_real weekend
1           1        1.1547975              2.057063        2.331697       1
2           1       -0.7727103              1.804772        2.260708       1
3           1        1.1547975              1.865474        2.539707       0
4           1        0.3516693              1.859693        2.905626       0
5           1       -2.4592797              1.003850        2.615725       0
6           1       -0.4514590              2.224164        2.612323       0
  holiday_window month_cat2 month_cat3 month_cat4 month_cat5 month_cat6
1              0          0          0          0          1          0
2              0          0          0          0          1          0
3              0          0          0          0          1          0
4              0          0          0          0          1          0
5              0          0          0          0          1          0
6              0          0          0          0          1          0
  month_cat7 month_cat8 month_cat9 month_cat10 month_cat11 month_cat12
1          0          0          0           0           0           0
2          0          0          0           0           0           0
3          0          0          0           0           0           0
4          0          0          0           0           0           0
5          0          0          0           0           0           0
6          0          0          0           0           0           0
  seasonspring seasonsummer seasonwinter year_cat2014 year_cat2015 year_cat2016
1            1            0            0            0            0            0
2            1            0            0            0            0            0
3            1            0            0            0            0            0
4            1            0            0            0            0            0
5            1            0            0            0            0            0
6            1            0            0            0            0            0
  year_cat2017 year_cat2018 year_cat2019 year_cat2020 year_cat2021 year_cat2022
1            0            0            0            0            0            0
2            0            0            0            0            0            0
3            0            0            0            0            0            0
4            0            0            0            0            0            0
5            0            0            0            0            0            0
6            0            0            0            0            0            0
  year_cat2023 date_num day_of_week_cat1 day_of_week_cat2 day_of_week_cat3
1            1 53.34155                0                0                0
2            1 53.34428                0                0                0
3            1 53.34702                0                0                0
4            1 53.34976                1                0                0
5            1 53.35250                0                1                0
6            1 53.35524                0                0                1
  day_of_week_cat4 day_of_week_cat5 day_of_week_cat6 inflation      temp
1                0                1                0   2.07598 0.2634558
2                0                0                1   2.07598 0.3343825
3                0                0                0   2.07598 0.4154416
4                0                0                0   2.07598 0.2330587
5                0                0                0   2.07598 0.3343825
6                0                0                0   2.07598 0.8916636
      precip exposure_2HRX9P6HKXA8V_1 exposure_ED5J990H5VAZT_1
1 -0.4131887                        0                        0
2  1.6237885                        0                        0
3 -0.4131887                        0                        0
4 -0.4131887                        0                        0
5 -0.4131887                        0                        0
6 -0.4131887                        0                        0
  exposure_JHDN7CF1C03X5_1 exposure_L69HYJ4Y3TR91_1 exposure_SRQS8F7JWA9MZ_1
1                        0                        0                        2
2                        0                        0                        2
3                        0                        0                        2
4                        0                        0                        2
5                        0                        0                        2
6                        0                        0                        2
  exposure_W8T41JZK0ZMEP_1
1                        0
2                        0
3                        0
4                        0
5                        0
6                        0

$y_test
[1] 228 136  65  77  92  89

$idx_to_rest_test
[1] 1 1 1 1 1 1

$test_start_idx
[1]   1  79 163 232 247 379

$test_end_idx
[1]  78 162 231 246 378 441

$N_zeros
[1] 1230

$idx_zeros
[1]   4   5  11  12 239 246

$mu_gamma_scale
[1] 1

$sigma_gamma_between_scale
[1] 0.4

$sigma_gamma_within_scale
[1] 1

$mu_beta_scale
[1] 1

$sigma_beta_scale
[1] 1

$mu_alpha_scale
[1] 1

$sigma_alpha_scale
[1] 1

$mu_delta_scale
[1] 1

$sigma_delta_scale
[1] 1

$mu_phi_log_scale
[1] 1

$sigma_phi_log_scale
[1] 1

$mu_pi_logit_scale
[1] 2

$sigma_pi_logit_scale
[1] 1

[1] "Fitting the multilevel model..."
Running MCMC with 1 chain...

Chain 1 Informational Message: The current Metropolis proposal is about to be rejected because of the following issue:
Chain 1 Exception: neg_binomial_2_lpmf: Location parameter[1] is -nan, but must be positive finite! (in '/tmp/Rtmpyj4a8d/model-1288cd4407b082.stan', line 470, column 2 to column 59)
Chain 1 If this warning occurs sporadically, such as for highly constrained variable types like covariance matrices, then the sampler is fine,
Chain 1 but if this warning occurs often then your model may be either severely ill-conditioned or misspecified.
Chain 1 
Chain 1 Informational Message: The current Metropolis proposal is about to be rejected because of the following issue:
Chain 1 Exception: neg_binomial_2_lpmf: Location parameter[1] is -nan, but must be positive finite! (in '/tmp/Rtmpyj4a8d/model-1288cd4407b082.stan', line 470, column 2 to column 59)
Chain 1 If this warning occurs sporadically, such as for highly constrained variable types like covariance matrices, then the sampler is fine,
Chain 1 but if this warning occurs often then your model may be either severely ill-conditioned or misspecified.
Chain 1 
Chain 1 Informational Message: The current Metropolis proposal is about to be rejected because of the following issue:
Chain 1 Exception: neg_binomial_2_lpmf: Location parameter[1] is -nan, but must be positive finite! (in '/tmp/Rtmpyj4a8d/model-1288cd4407b082.stan', line 470, column 2 to column 59)
Chain 1 If this warning occurs sporadically, such as for highly constrained variable types like covariance matrices, then the sampler is fine,
Chain 1 but if this warning occurs often then your model may be either severely ill-conditioned or misspecified.
Chain 1 
Chain 1 Iteration:    1 / 2200 [  0%]  (Warmup) 
Chain 1 Informational Message: The current Metropolis proposal is about to be rejected because of the following issue:
Chain 1 Exception: neg_binomial_2_lpmf: Location parameter[1] is 0, but must be positive finite! (in '/tmp/Rtmpyj4a8d/model-1288cd4407b082.stan', line 470, column 2 to column 59)
Chain 1 If this warning occurs sporadically, such as for highly constrained variable types like covariance matrices, then the sampler is fine,
Chain 1 but if this warning occurs often then your model may be either severely ill-conditioned or misspecified.
Chain 1 
Chain 1 Informational Message: The current Metropolis proposal is about to be rejected because of the following issue:
Chain 1 Exception: neg_binomial_2_lpmf: Location parameter[1] is 0, but must be positive finite! (in '/tmp/Rtmpyj4a8d/model-1288cd4407b082.stan', line 470, column 2 to column 59)
Chain 1 If this warning occurs sporadically, such as for highly constrained variable types like covariance matrices, then the sampler is fine,
Chain 1 but if this warning occurs often then your model may be either severely ill-conditioned or misspecified.
Chain 1 
Chain 1 Informational Message: The current Metropolis proposal is about to be rejected because of the following issue:
Chain 1 Exception: neg_binomial_2_lpmf: Location parameter[1] is 0, but must be positive finite! (in '/tmp/Rtmpyj4a8d/model-1288cd4407b082.stan', line 470, column 2 to column 59)
Chain 1 If this warning occurs sporadically, such as for highly constrained variable types like covariance matrices, then the sampler is fine,
Chain 1 but if this warning occurs often then your model may be either severely ill-conditioned or misspecified.
Chain 1 
Chain 1 Informational Message: The current Metropolis proposal is about to be rejected because of the following issue:
Chain 1 Exception: neg_binomial_2_lpmf: Location parameter[1] is 0, but must be positive finite! (in '/tmp/Rtmpyj4a8d/model-1288cd4407b082.stan', line 470, column 2 to column 59)
Chain 1 If this warning occurs sporadically, such as for highly constrained variable types like covariance matrices, then the sampler is fine,
Chain 1 but if this warning occurs often then your model may be either severely ill-conditioned or misspecified.
Chain 1 
Chain 1 Informational Message: The current Metropolis proposal is about to be rejected because of the following issue:
Chain 1 Exception: neg_binomial_2_lpmf: Location parameter[1] is 0, but must be positive finite! (in '/tmp/Rtmpyj4a8d/model-1288cd4407b082.stan', line 470, column 2 to column 59)
Chain 1 If this warning occurs sporadically, such as for highly constrained variable types like covariance matrices, then the sampler is fine,
Chain 1 but if this warning occurs often then your model may be either severely ill-conditioned or misspecified.
Chain 1 
Chain 1 Informational Message: The current Metropolis proposal is about to be rejected because of the following issue:
Chain 1 Exception: neg_binomial_2_lpmf: Location parameter[1] is inf, but must be positive finite! (in '/tmp/Rtmpyj4a8d/model-1288cd4407b082.stan', line 470, column 2 to column 59)
Chain 1 If this warning occurs sporadically, such as for highly constrained variable types like covariance matrices, then the sampler is fine,
Chain 1 but if this warning occurs often then your model may be either severely ill-conditioned or misspecified.
Chain 1 
Chain 1 Informational Message: The current Metropolis proposal is about to be rejected because of the following issue:
Chain 1 Exception: neg_binomial_2_lpmf: Location parameter[1] is inf, but must be positive finite! (in '/tmp/Rtmpyj4a8d/model-1288cd4407b082.stan', line 470, column 2 to column 59)
Chain 1 If this warning occurs sporadically, such as for highly constrained variable types like covariance matrices, then the sampler is fine,
Chain 1 but if this warning occurs often then your model may be either severely ill-conditioned or misspecified.
Chain 1 
Chain 1 Informational Message: The current Metropolis proposal is about to be rejected because of the following issue:
Chain 1 Exception: neg_binomial_2_lpmf: Location parameter[38] is 0, but must be positive finite! (in '/tmp/Rtmpyj4a8d/model-1288cd4407b082.stan', line 470, column 2 to column 59)
Chain 1 If this warning occurs sporadically, such as for highly constrained variable types like covariance matrices, then the sampler is fine,
Chain 1 but if this warning occurs often then your model may be either severely ill-conditioned or misspecified.
Chain 1 
Chain 1 Informational Message: The current Metropolis proposal is about to be rejected because of the following issue:
Chain 1 Exception: neg_binomial_2_lpmf: Location parameter[190] is 0, but must be positive finite! (in '/tmp/Rtmpyj4a8d/model-1288cd4407b082.stan', line 470, column 2 to column 59)
Chain 1 If this warning occurs sporadically, such as for highly constrained variable types like covariance matrices, then the sampler is fine,
Chain 1 but if this warning occurs often then your model may be either severely ill-conditioned or misspecified.
Chain 1 
Chain 1 Informational Message: The current Metropolis proposal is about to be rejected because of the following issue:
Chain 1 Exception: neg_binomial_2_lpmf: Location parameter[1] is -nan, but must be positive finite! (in '/tmp/Rtmpyj4a8d/model-1288cd4407b082.stan', line 470, column 2 to column 59)
Chain 1 If this warning occurs sporadically, such as for highly constrained variable types like covariance matrices, then the sampler is fine,
Chain 1 but if this warning occurs often then your model may be either severely ill-conditioned or misspecified.
Chain 1 
Chain 1 Informational Message: The current Metropolis proposal is about to be rejected because of the following issue:
Chain 1 Exception: neg_binomial_2_lpmf: Location parameter[1] is -nan, but must be positive finite! (in '/tmp/Rtmpyj4a8d/model-1288cd4407b082.stan', line 470, column 2 to column 59)
Chain 1 If this warning occurs sporadically, such as for highly constrained variable types like covariance matrices, then the sampler is fine,
Chain 1 but if this warning occurs often then your model may be either severely ill-conditioned or misspecified.
Chain 1 
Chain 1 Informational Message: The current Metropolis proposal is about to be rejected because of the following issue:
Chain 1 Exception: neg_binomial_2_lpmf: Location parameter[1] is 0, but must be positive finite! (in '/tmp/Rtmpyj4a8d/model-1288cd4407b082.stan', line 470, column 2 to column 59)
Chain 1 If this warning occurs sporadically, such as for highly constrained variable types like covariance matrices, then the sampler is fine,
Chain 1 but if this warning occurs often then your model may be either severely ill-conditioned or misspecified.
Chain 1 
Chain 1 Informational Message: The current Metropolis proposal is about to be rejected because of the following issue:
Chain 1 Exception: neg_binomial_2_lpmf: Location parameter[1] is inf, but must be positive finite! (in '/tmp/Rtmpyj4a8d/model-1288cd4407b082.stan', line 470, column 2 to column 59)
Chain 1 If this warning occurs sporadically, such as for highly constrained variable types like covariance matrices, then the sampler is fine,
Chain 1 but if this warning occurs often then your model may be either severely ill-conditioned or misspecified.
Chain 1 
Chain 1 Iteration:  100 / 2200 [  4%]  (Warmup) 
Chain 1 Iteration:  200 / 2200 [  9%]  (Warmup) 
Chain 1 Iteration:  300 / 2200 [ 13%]  (Warmup) 
Chain 1 Iteration:  400 / 2200 [ 18%]  (Warmup) 
Chain 1 Iteration:  500 / 2200 [ 22%]  (Warmup) 
Chain 1 Iteration:  600 / 2200 [ 27%]  (Warmup) 
Chain 1 Iteration:  700 / 2200 [ 31%]  (Warmup) 
Chain 1 Iteration:  701 / 2200 [ 31%]  (Sampling) 
Chain 1 Iteration:  800 / 2200 [ 36%]  (Sampling) 
Chain 1 Iteration:  900 / 2200 [ 40%]  (Sampling) 
Chain 1 Iteration: 1000 / 2200 [ 45%]  (Sampling) 
Chain 1 Iteration: 1100 / 2200 [ 50%]  (Sampling) 
Chain 1 Iteration: 1200 / 2200 [ 54%]  (Sampling) 
Chain 1 Iteration: 1300 / 2200 [ 59%]  (Sampling) 
Chain 1 Iteration: 1400 / 2200 [ 63%]  (Sampling) 
Chain 1 Iteration: 1500 / 2200 [ 68%]  (Sampling) 
Chain 1 Iteration: 1600 / 2200 [ 72%]  (Sampling) 
Chain 1 Iteration: 1700 / 2200 [ 77%]  (Sampling) 
Chain 1 Iteration: 1800 / 2200 [ 81%]  (Sampling) 
Chain 1 Iteration: 1900 / 2200 [ 86%]  (Sampling) 
Chain 1 Iteration: 2000 / 2200 [ 90%]  (Sampling) 
Chain 1 Iteration: 2100 / 2200 [ 95%]  (Sampling) 
Chain 1 Iteration: 2200 / 2200 [100%]  (Sampling) 
Chain 1 finished in 77978.7 seconds.
Warning: 6 of 1500 (0.0%) transitions ended with a divergence.
See https://mc-stan.org/misc/warnings for details.

Warning: 1494 of 1500 (100.0%) transitions hit the maximum treedepth limit of 10.
See https://mc-stan.org/misc/warnings for details.

[1] "Saving fit object..."
[1] "Calculating summary..."
[1] "Calculating samples..."
[1] "Calculating metadata..."
[1] "Summary of Hyperpriors (mu_*, sigma_*):"
# A tibble: 109 × 10
    variable       mean   median      sd     mad       q5     q95  rhat ess_bulk
    <chr>         <dbl>    <dbl>   <dbl>   <dbl>    <dbl>   <dbl> <dbl>    <dbl>
  1 mu_beta_i…  0.0530   4.82e-2 0.967   0.946   -1.55     1.65   1.00     465. 
  2 mu_beta_r…  0.00613  5.89e-3 0.0365  0.0343  -0.0539   0.0675 1.05     115. 
  3 mu_beta_r…  0.0244   2.62e-2 0.0781  0.0608  -0.0925   0.144  1.03      93.5
  4 mu_beta_r…  0.173    1.72e-1 0.141   0.112   -0.0538   0.398  1.01      74.6
  5 mu_beta_r…  0.187    1.33e-1 0.526   0.436   -0.610    1.16   0.999    204. 
  6 mu_beta_r… -0.00260 -2.60e-3 0.0808  0.0667  -0.128    0.127  1.00     235. 
  7 mu_beta_r… -0.0532  -5.58e-2 0.141   0.120   -0.270    0.184  1.01     188. 
  8 mu_beta_r… -0.0118  -3.59e-3 0.373   0.323   -0.643    0.580  1.02      95.3
  9 mu_beta_r…  0.00114 -1.18e-3 0.363   0.309   -0.591    0.581  1.01      93.7
 10 mu_beta_r… -0.0287  -3.21e-2 0.362   0.294   -0.625    0.547  1.01      90.4
 11 mu_beta_r…  0.104    9.18e-2 0.459   0.356   -0.690    0.938  1.00      93.3
 12 mu_beta_r…  0.0598   4.10e-2 0.458   0.345   -0.753    0.897  1.00      91.1
 13 mu_beta_r… -0.0250  -3.75e-2 0.457   0.345   -0.796    0.821  1.00      92.2
 14 mu_beta_r… -0.0450  -2.70e-2 0.288   0.251   -0.570    0.409  1.01     251. 
 15 mu_beta_r… -0.0539  -3.55e-2 0.282   0.240   -0.569    0.402  1.01     238. 
 16 mu_beta_r… -0.157   -1.37e-1 0.290   0.250   -0.686    0.307  1.01     232. 
 17 mu_beta_r… -0.125   -1.28e-1 0.166   0.156   -0.386    0.146  1.00     218. 
 18 mu_beta_r…  0.0177   2.37e-2 0.424   0.373   -0.701    0.672  1.01     145. 
 19 mu_beta_r… -0.0110   6.69e-4 0.466   0.394   -0.808    0.743  1.01     125. 
 20 mu_beta_r…  0.180    1.80e-1 0.314   0.284   -0.328    0.671  1.01     241. 
 21 mu_beta_r…  0.0276   9.25e-3 1.38    1.05    -2.30     2.26   1.00     793. 
 22 mu_beta_r…  0.0388   8.80e-3 1.44    1.05    -2.30     2.42   1.01     386. 
 23 mu_beta_r… -0.770   -7.87e-1 0.787   0.752   -1.99     0.535  1.00     334. 
 24 mu_beta_r… -0.586   -5.93e-1 0.707   0.673   -1.68     0.551  1.00     289. 
 25 mu_beta_r… -0.0676  -5.65e-2 0.585   0.475   -0.976    0.870  1.00     455. 
 26 mu_beta_r…  0.631    5.78e-1 0.588   0.593   -0.222    1.68   1.00     114. 
 27 mu_beta_r…  0.287    2.37e-1 0.443   0.395   -0.336    1.11   1.01      90.3
 28 mu_beta_r…  0.339    3.20e-1 0.376   0.370   -0.192    1.03   1.01     106. 
 29 mu_beta_r…  0.0935   6.44e-2 0.361   0.347   -0.458    0.713  1.00     106. 
 30 mu_beta_r… -0.123   -1.42e-1 0.422   0.401   -0.808    0.606  1.00     140. 
 31 mu_beta_r…  0.0525   5.15e-2 0.0323  0.0287   0.00154  0.106  1.01     204. 
 32 mu_beta_f… -0.0418  -4.17e-2 0.0102  0.0100  -0.0589  -0.0257 1.00     265. 
 33 mu_beta_f… -0.0312  -3.09e-2 0.0118  0.0116  -0.0497  -0.0117 1.00     272. 
 34 mu_beta_f… -0.00445 -4.52e-3 0.0127  0.0130  -0.0249   0.0170 1.00     242. 
 35 mu_beta_f…  0.0512   5.12e-2 0.0124  0.0120   0.0301   0.0715 1.00     280. 
 36 mu_beta_f… -0.0312   1.57e-2 0.527   0.421   -1.01     0.764  0.999    207. 
 37 mu_beta_f… -0.0802  -3.24e-2 0.527   0.419   -1.05     0.711  0.999    208. 
 38 mu_beta_f…  0.141    1.43e-1 0.0789  0.0782   0.00968  0.268  1.00     287. 
 39 mu_beta_f…  0.0409   4.08e-2 0.0129  0.0133   0.0202   0.0623 1.00     518. 
 40 mu_beta_f… -0.0239  -2.38e-2 0.00437 0.00451 -0.0310  -0.0169 1.00    1245. 
 41 mu_gamma[…  0.00831  8.50e-3 0.00791 0.00812 -0.00502  0.0215 1.01     506. 
 42 mu_gamma[…  0.0120   1.74e-2 1.03    1.01    -1.67     1.68   1.00     466. 
 43 mu_alpha_…  0.364    3.65e-1 0.116   0.100    0.173    0.546  1.00      91.6
 44 mu_alpha_…  0.273    2.77e-1 0.0954  0.0852   0.118    0.426  1.03     149. 
 45 mu_alpha_…  0.165    1.65e-1 0.0141  0.0139   0.142    0.189  1.01     280. 
 46 mu_alpha_…  0.0974   9.79e-2 0.0123  0.0126   0.0761   0.117  1.02     339. 
 47 mu_alpha_…  0.128    1.27e-1 0.0131  0.0136   0.106    0.149  1.01     405. 
 48 mu_alpha_…  0.161    1.60e-1 0.0127  0.0125   0.140    0.182  1.01     470. 
 49 mu_alpha_…  0.130    1.31e-1 0.0134  0.0128   0.109    0.153  1.01     373. 
 50 mu_alpha_… -0.00418 -4.61e-3 0.0158  0.0158  -0.0297   0.0219 0.999    621. 
 51 mu_alpha_…  0.0438   4.32e-2 0.0155  0.0154   0.0195   0.0708 1.00     526. 
 52 mu_alpha_…  0.0282   2.81e-2 0.0159  0.0163   0.00252  0.0549 1.00     551. 
 53 mu_alpha_…  0.0276   2.77e-2 0.0151  0.0150   0.00308  0.0519 1.00     564. 
 54 mu_alpha_…  0.00406  4.37e-3 0.0152  0.0151  -0.0213   0.0288 0.999    600. 
 55 mu_delta_… -0.451   -4.49e-1 0.0648  0.0526  -0.550   -0.357  1.02     170. 
 56 mu_delta_…  0.448    4.63e-1 0.271   0.251   -0.00426  0.851  1.00     114. 
 57 mu_delta_… -0.350   -3.50e-1 0.0157  0.0150  -0.376   -0.323  1.02     230. 
 58 mu_delta_… -0.261   -2.61e-1 0.0141  0.0139  -0.283   -0.238  1.01     277. 
 59 mu_delta_… -0.309   -3.09e-1 0.0150  0.0157  -0.333   -0.284  1.01     323. 
 60 mu_delta_… -0.301   -3.01e-1 0.0150  0.0145  -0.326   -0.275  1.01     317. 
 61 mu_delta_… -0.295   -2.95e-1 0.0152  0.0150  -0.320   -0.271  1.01     286. 
 62 mu_delta_…  0.0360   3.71e-2 0.0355  0.0350  -0.0253   0.0935 1.00     443. 
 63 mu_delta_…  0.0163   1.64e-2 0.0330  0.0320  -0.0382   0.0715 1.00     490. 
 64 mu_delta_…  0.0690   6.96e-2 0.0373  0.0382   0.00735  0.130  1.00     483. 
 65 mu_delta_…  0.00890  7.68e-3 0.0326  0.0317  -0.0417   0.0648 1.00     436. 
 66 mu_delta_…  0.126    1.27e-1 0.0302  0.0305   0.0757   0.176  1.00     433. 
 67 mu_phi_log  1.79     1.83e+0 0.396   0.319    1.12     2.33   1.00      92.3
 68 mu_pi_log… -3.05    -3.05e+0 0.602   0.529   -4.02    -2.08   1.05      57.4
 69 sigma_bet…  0.796    5.88e-1 0.739   0.575    0.0340   2.30   1.00     240. 
 70 sigma_bet…  0.0833   7.23e-2 0.0444  0.0300   0.0384   0.161  1.00     278. 
 71 sigma_bet…  0.181    1.57e-1 0.0922  0.0546   0.0910   0.355  1.00     205. 
 72 sigma_bet…  0.308    2.76e-1 0.132   0.0936   0.169    0.548  1.00     162. 
 73 sigma_bet…  0.180    1.62e-1 0.0864  0.0582   0.0977   0.320  1.01     139. 
 74 sigma_bet…  0.159    1.39e-1 0.103   0.0807   0.0405   0.341  1.00     240. 
 75 sigma_bet…  0.300    2.71e-1 0.133   0.105    0.146    0.541  1.01     290. 
 76 sigma_bet…  0.350    3.05e-1 0.182   0.120    0.171    0.658  1.00     214. 
 77 sigma_bet…  0.120    1.03e-1 0.0909  0.0737   0.0112   0.293  1.01     214. 
 78 sigma_bet…  0.0905   7.21e-2 0.0787  0.0651   0.00676  0.237  1.02     240. 
 79 sigma_bet…  0.128    1.07e-1 0.0986  0.0867   0.0154   0.306  1.00     248. 
 80 sigma_bet…  0.0800   6.07e-2 0.0731  0.0550   0.00833  0.214  1.00     304. 
 81 sigma_bet…  0.0869   6.55e-2 0.0820  0.0614   0.00637  0.233  1.00     207. 
 82 sigma_bet…  0.0832   5.95e-2 0.0798  0.0539   0.00622  0.237  1.00     309. 
 83 sigma_bet…  0.125    1.05e-1 0.0986  0.0859   0.0120   0.312  1.01     157. 
 84 sigma_bet…  0.0941   7.29e-2 0.0877  0.0672   0.00516  0.245  1.01      99.9
 85 sigma_bet…  0.328    2.93e-1 0.143   0.115    0.163    0.592  1.01     255. 
 86 sigma_bet…  0.125    1.05e-1 0.0977  0.0807   0.00977  0.307  1.02     109. 
 87 sigma_bet…  0.249    2.18e-1 0.155   0.0985   0.103    0.462  1.01     212. 
 88 sigma_bet…  0.460    4.21e-1 0.194   0.151    0.238    0.816  1.00     255. 
 89 sigma_bet…  0.961    6.27e-1 1.01    0.659    0.0382   2.87   1.00     420. 
 90 sigma_bet…  0.963    6.71e-1 0.951   0.708    0.0605   2.84   1.00     497. 
 91 sigma_bet…  0.897    6.96e-1 0.785   0.627    0.0711   2.37   0.999    485. 
 92 sigma_bet…  0.803    5.76e-1 0.801   0.591    0.0462   2.28   1.00     401. 
 93 sigma_bet…  0.692    4.63e-1 0.704   0.476    0.0371   2.06   1.00     706. 
 94 sigma_bet…  1.01     9.33e-1 0.428   0.361    0.490    1.80   1.00     268. 
 95 sigma_bet…  0.733    6.75e-1 0.314   0.268    0.356    1.35   1.00     173. 
 96 sigma_bet…  0.265    2.20e-1 0.204   0.151    0.0330   0.656  1.01     119. 
 97 sigma_bet…  0.228    1.92e-1 0.193   0.164    0.0163   0.582  1.02     109. 
 98 sigma_bet…  0.427    3.60e-1 0.308   0.225    0.0866   0.986  1.01     103. 
 99 sigma_bet…  0.0528   4.49e-2 0.0323  0.0210   0.0212   0.115  1.00     235. 
100 sigma_gam…  0.303    2.43e-1 0.246   0.241    0.0177   0.785  1.00     419. 
101 sigma_gam…  0.315    2.70e-1 0.243   0.236    0.0185   0.772  1.00     659. 
102 sigma_alp…  0.262    2.35e-1 0.117   0.0871   0.137    0.485  1.00     196. 
103 sigma_alp…  0.226    2.08e-1 0.0910  0.0686   0.121    0.398  1.00     213. 
104 sigma_del…  0.126    1.09e-1 0.0785  0.0561   0.0395   0.259  1.00     244. 
105 sigma_del…  0.688    6.33e-1 0.258   0.231    0.382    1.16   1.00     201. 
106 sigma_phi…  0.871    7.75e-1 0.407   0.282    0.451    1.59   1.00     102. 
107 sigma_pi_…  1.46     1.34e+0 0.546   0.414    0.855    2.53   1.00     196. 
108 sigma_gam…  0.826    7.14e-1 0.573   0.569    0.0980   1.92   1.00     687. 
109 sigma_gam…  0.798    6.88e-1 0.620   0.605    0.0484   1.91   0.999    445. 
# ℹ 1 more variable: ess_tail <dbl>
[1] "Calculating lambda_mean..."
[1] "Calculating lambda_test_mean..."
[1] "Calculating y_rep_mean..."
[1] "Calculating y_test_rep_mean..."
[1] "Generating plots..."
[1] "exposure_2HRX9P6HKXA8V_1" "exposure_ED5J990H5VAZT_1"
[3] "exposure_JHDN7CF1C03X5_1" "exposure_L69HYJ4Y3TR91_1"
[5] "exposure_SRQS8F7JWA9MZ_1" "exposure_W8T41JZK0ZMEP_1"
[1] 6
Adding missing grouping variables: `location_id_num`
[1] "Skipping daily plot for SRQS8F7JWA9MZ due to missing daily data."
[1] "Skipping daily plot for 2HRX9P6HKXA8V due to missing daily data."
[1] "Skipping daily plot for JHDN7CF1C03X5 due to missing daily data."
[1] "Skipping daily plot for L69HYJ4Y3TR91 due to missing daily data."
[1] "Skipping daily plot for ED5J990H5VAZT due to missing daily data."
[1] "Skipping daily plot for W8T41JZK0ZMEP due to missing daily data."
[1] "Skipping MLflow logging as existing fit file was loaded."
[1] "Done."
           used  (Mb) gc trigger   (Mb)  max used   (Mb)
Ncells  5130696 274.1    8672466  463.2   8672466  463.2
Vcells 10837282  82.7  258518874 1972.4 323148301 2465.5
Warning messages:
1: Dropping 'draws_df' class as required metadata was removed. 
2: Dropping 'draws_df' class as required metadata was removed. 
3: Dropping 'draws_df' class as required metadata was removed. 
4: Dropping 'draws_df' class as required metadata was removed. 
