- The project is out-of-sync -- use `renv::status()` for details.
── Attaching core tidyverse packages ──────────────────────── tidyverse 2.0.0 ──
✔ dplyr     1.1.4     ✔ readr     2.1.5
✔ forcats   1.0.0     ✔ stringr   1.5.1
✔ ggplot2   3.5.1     ✔ tibble    3.2.1
✔ lubridate 1.9.4     ✔ tidyr     1.3.1
✔ purrr     1.0.4     
[conflicted] Will prefer dplyr::select over any other package.
[conflicted] Will prefer dplyr::filter over any other package.
[conflicted] Will prefer lubridate::year over any other package.
[conflicted] Will prefer lubridate::month over any other package.
[conflicted] Will prefer purrr::map over any other package.
[conflicted] Will prefer stats::sd over any other package.
[conflicted] Will prefer base::match over any other package.
This is cmdstanr version 0.9.0
- CmdStanR documentation and vignettes: mc-stan.org/cmdstanr
- CmdStan path: /home/nuttidalab/.cmdstan/cmdstan-2.36.0
- CmdStan version: 2.36.0

A newer version of CmdStan is available. See ?install_cmdstan() to install it.
To disable this check set option or environment variable cmdstanr_no_ver_check=TRUE.
This is posterior version 1.6.0
Registered S3 method overwritten by 'tsibble':
  method               from 
  as_tibble.grouped_df dplyr
── Attaching packages ──────────────────────────────────────────── fpp3 1.0.1 ──
✔ tsibble     1.1.6     ✔ feasts      0.4.1
✔ tsibbledata 0.4.1     ✔ fable       0.4.1
Loading required package: R.oo
Loading required package: R.methodsS3
R.methodsS3 v1.8.2 (2022-06-13 22:00:14 UTC) successfully loaded. See ?R.methodsS3 for help.
R.oo v1.27.0 (2024-11-01 18:00:02 UTC) successfully loaded. See ?R.oo for help.

Attaching package: ‘R.oo’

The following object is masked from ‘package:R.methodsS3’:

    throw

The following object is masked from ‘package:shiny’:

    printStackTrace

The following object is masked from ‘package:renv’:

    load

The following objects are masked from ‘package:methods’:

    getClasses, getMethods

The following objects are masked from ‘package:base’:

    attach, detach, load, save

R.utils v2.13.0 (2025-02-24 21:20:02 UTC) successfully loaded. See ?R.utils for help.
Registered S3 method overwritten by 'quantmod':
  method            from
  as.zoo.data.frame zoo 
Registered S3 methods overwritten by 'bayesforecast':
  method      from    
  autoplot.ts forecast
  forecast.ts forecast
  fortify.ts  forecast
  print.garch tseries 
[1] "# of rows: 34628"
[1] "# of rows: 8741"
[1] "Found 6 exposure columns in the data: exposure_2HRX9P6HKXA8V_1, exposure_ED5J990H5VAZT_1, exposure_JHDN7CF1C03X5_1, exposure_L69HYJ4Y3TR91_1, exposure_SRQS8F7JWA9MZ_1, exposure_W8T41JZK0ZMEP_1"
Numeric columns considered for scaling:
vegan_window_sum_item_quantity,
vegetarian_window_sum_item_quantity,
meat_window_sum_item_quantity,
vegan_window_avg_item_price,
vegetarian_window_avg_item_price,
meat_window_avg_item_price,
breakfast_p_window_avg_item_price,
textured_p_window_avg_item_price,
untextured_p_window_avg_item_price,
chicken_p_window_avg_item_price,
dairy_p_window_avg_item_price,
egg_p_window_avg_item_price,
breakfast_window_avg_item_price,
textured_window_avg_item_price,
untextured_window_avg_item_price,
breakfast_t2_window_avg_item_price,
textured_t2_window_avg_item_price,
untextured_t2_window_avg_item_price,
chicken_t2_window_avg_item_price,
dairy_t2_window_avg_item_price,
day_of_month,
Value,
vegan_price_real,
vegetarian_price_real,
meat_price_real,
breakfast_p_price_real,
textured_p_price_real,
untextured_p_price_real,
chicken_p_price_real,
dairy_p_price_real,
egg_p_price_real,
breakfast_price_real,
textured_price_real,
untextured_price_real,
breakfast_t2_price_real,
textured_t2_price_real,
untextured_t2_price_real,
chicken_t2_price_real,
dairy_t2_price_real,
inflation,
temp,
precip[1] "Successfully created `expo_to_rest` mapping."
[1] "Successfully created `expo_to_param` mapping."
Identified 6 exposure columns in the design matrix: 
exposure_2HRX9P6HKXA8V_1, 
exposure_ED5J990H5VAZT_1, 
exposure_JHDN7CF1C03X5_1, 
exposure_L69HYJ4Y3TR91_1, 
exposure_SRQS8F7JWA9MZ_1, 
exposure_W8T41JZK0ZMEP_1
Identified 30 random beta columns: 
vegan_price_real, 
vegetarian_price_real, 
meat_price_real, 
weekend, 
holiday_window, 
month_cat2, 
month_cat3, 
month_cat4, 
month_cat5, 
month_cat6, 
month_cat7, 
month_cat8, 
month_cat9, 
month_cat10, 
month_cat11, 
month_cat12, 
seasonspring, 
seasonsummer, 
seasonwinter, 
year_cat2014, 
year_cat2015, 
year_cat2016, 
year_cat2017, 
year_cat2018, 
year_cat2019, 
year_cat2020, 
year_cat2021, 
year_cat2022, 
year_cat2023, 
date_num
Identified 9 fixed beta columns: 
day_of_week_cat1, 
day_of_week_cat2, 
day_of_week_cat3, 
day_of_week_cat4, 
day_of_week_cat5, 
day_of_week_cat6, 
inflation, 
temp, 
precip
Identified 2 random alpha indices (positions): 
1, 7
Identified 2 random delta indices (positions): 
1, 7
$R
[1] 6

$J
[1] 46

$p_effective
[1] 12

$q_effective
[1] 12

$M
[1] 2

$idx_intercept
[1] 1

$K_beta_random
[1] 30

$idx_beta_random
[1] 2 3 4 5 6 7

$K_beta_fixed
[1] 9

$idx_beta_fixed
[1] 32 33 34 35 36 37

$K_exposure
[1] 6

$idx_exposure
[1] 41 42 43 44 45 46

$expo_to_rest
[1] 2 5 3 4 1 6

$expo_to_param
[1] 1 1 1 1 1 1

$effective_lags_alpha
[1] 1 2 3 4 5 6

$K_alpha_random
[1] 2

$idx_alpha_random
[1] 1 7

$K_alpha_fixed
[1] 10

$idx_alpha_fixed
[1] 2 3 4 5 6 8

$effective_lags_delta
[1] 1 2 3 4 5 6

$K_delta_random
[1] 2

$idx_delta_random
[1] 1 7

$K_delta_fixed
[1] 10

$idx_delta_fixed
[1] 2 3 4 5 6 8

$N_train
[1] 8300

$X_train
  (Intercept) vegan_price_real vegetarian_price_real meat_price_real weekend
1           1         -5.14667              -1.48268       -1.478171       0
2           1         -5.14667              -1.48268       -1.347067       0
3           1         -5.14667              -1.48268       -1.609274       0
4           1         -5.14667              -1.48268       -1.609274       1
5           1         -5.14667              -1.48268       -1.609274       1
6           1         -5.14667              -1.48268       -1.425729       0
  holiday_window month_cat2 month_cat3 month_cat4 month_cat5 month_cat6
1              0          0          0          0          1          0
2              0          0          0          0          1          0
3              0          0          0          0          1          0
4              0          0          0          0          1          0
5              0          0          0          0          1          0
6              0          0          0          0          1          0
  month_cat7 month_cat8 month_cat9 month_cat10 month_cat11 month_cat12
1          0          0          0           0           0           0
2          0          0          0           0           0           0
3          0          0          0           0           0           0
4          0          0          0           0           0           0
5          0          0          0           0           0           0
6          0          0          0           0           0           0
  seasonspring seasonsummer seasonwinter year_cat2014 year_cat2015 year_cat2016
1            1            0            0            0            0            0
2            1            0            0            0            0            0
3            1            0            0            0            0            0
4            1            0            0            0            0            0
5            1            0            0            0            0            0
6            1            0            0            0            0            0
  year_cat2017 year_cat2018 year_cat2019 year_cat2020 year_cat2021 year_cat2022
1            0            0            1            0            0            0
2            0            0            1            0            0            0
3            0            0            1            0            0            0
4            0            0            1            0            0            0
5            0            0            1            0            0            0
6            0            0            1            0            0            0
  year_cat2023 date_num day_of_week_cat1 day_of_week_cat2 day_of_week_cat3
1            0 49.32786                0                1                0
2            0 49.33060                0                0                1
3            0 49.33333                0                0                0
4            0 49.33607                0                0                0
5            0 49.33881                0                0                0
6            0 49.34155                0                0                0
  day_of_week_cat4 day_of_week_cat5 day_of_week_cat6 inflation          temp
1                0                0                0 -1.272144 -3.242225e-01
2                0                0                0 -1.272144 -3.748844e-01
3                1                0                0 -1.272144 -1.621043e-01
4                0                1                0 -1.272144  1.382317e-05
5                0                0                1 -1.272144  1.722643e-01
6                0                0                0 -1.272144  5.167654e-01
       precip exposure_2HRX9P6HKXA8V_1 exposure_ED5J990H5VAZT_1
1  2.41288781                        0                        0
2  0.02723881                        0                        0
3  1.62378853                        0                        0
4 -0.33978411                        0                        0
5 -0.41318870                        0                        0
6 -0.41318870                        0                        0
  exposure_JHDN7CF1C03X5_1 exposure_L69HYJ4Y3TR91_1 exposure_SRQS8F7JWA9MZ_1
1                        0                        0                        0
2                        0                        0                        0
3                        0                        0                        0
4                        0                        0                        0
5                        0                        0                        0
6                        0                        0                        0
  exposure_W8T41JZK0ZMEP_1
1                        0
2                        0
3                        0
4                        0
5                        0
6                        0

$y_train
[1] 14  7 13  0  0 11

$idx_to_rest_train
[1] 1 1 1 1 1 1

$train_start_idx
[1]    1 1467 3048 4343 4616 7107

$train_end_idx
[1] 1466 3047 4342 4615 7106 8300

$N_test
[1] 441

$X_test
  (Intercept) vegan_price_real vegetarian_price_real meat_price_real weekend
1           1        1.1547975              2.057063        2.331697       1
2           1       -0.7727103              1.804772        2.260708       1
3           1        1.1547975              1.865474        2.539707       0
4           1        0.3516693              1.859693        2.905626       0
5           1       -2.4592797              1.003850        2.615725       0
6           1       -0.4514590              2.224164        2.612323       0
  holiday_window month_cat2 month_cat3 month_cat4 month_cat5 month_cat6
1              0          0          0          0          1          0
2              0          0          0          0          1          0
3              0          0          0          0          1          0
4              0          0          0          0          1          0
5              0          0          0          0          1          0
6              0          0          0          0          1          0
  month_cat7 month_cat8 month_cat9 month_cat10 month_cat11 month_cat12
1          0          0          0           0           0           0
2          0          0          0           0           0           0
3          0          0          0           0           0           0
4          0          0          0           0           0           0
5          0          0          0           0           0           0
6          0          0          0           0           0           0
  seasonspring seasonsummer seasonwinter year_cat2014 year_cat2015 year_cat2016
1            1            0            0            0            0            0
2            1            0            0            0            0            0
3            1            0            0            0            0            0
4            1            0            0            0            0            0
5            1            0            0            0            0            0
6            1            0            0            0            0            0
  year_cat2017 year_cat2018 year_cat2019 year_cat2020 year_cat2021 year_cat2022
1            0            0            0            0            0            0
2            0            0            0            0            0            0
3            0            0            0            0            0            0
4            0            0            0            0            0            0
5            0            0            0            0            0            0
6            0            0            0            0            0            0
  year_cat2023 date_num day_of_week_cat1 day_of_week_cat2 day_of_week_cat3
1            1 53.34155                0                0                0
2            1 53.34428                0                0                0
3            1 53.34702                0                0                0
4            1 53.34976                1                0                0
5            1 53.35250                0                1                0
6            1 53.35524                0                0                1
  day_of_week_cat4 day_of_week_cat5 day_of_week_cat6 inflation      temp
1                0                1                0   2.07598 0.2634558
2                0                0                1   2.07598 0.3343825
3                0                0                0   2.07598 0.4154416
4                0                0                0   2.07598 0.2330587
5                0                0                0   2.07598 0.3343825
6                0                0                0   2.07598 0.8916636
      precip exposure_2HRX9P6HKXA8V_1 exposure_ED5J990H5VAZT_1
1 -0.4131887                        0                        0
2  1.6237885                        0                        0
3 -0.4131887                        0                        0
4 -0.4131887                        0                        0
5 -0.4131887                        0                        0
6 -0.4131887                        0                        0
  exposure_JHDN7CF1C03X5_1 exposure_L69HYJ4Y3TR91_1 exposure_SRQS8F7JWA9MZ_1
1                        0                        0                      0.2
2                        0                        0                      0.2
3                        0                        0                      0.2
4                        0                        0                      0.2
5                        0                        0                      0.2
6                        0                        0                      0.2
  exposure_W8T41JZK0ZMEP_1
1                        0
2                        0
3                        0
4                        0
5                        0
6                        0

$y_test
[1] 228 136  65  77  92  89

$idx_to_rest_test
[1] 1 1 1 1 1 1

$test_start_idx
[1]   1  79 163 232 247 379

$test_end_idx
[1]  78 162 231 246 378 441

$mu_gamma_scale
[1] 1

$sigma_gamma_between_scale
[1] 1

$sigma_gamma_within_scale
[1] 1

$mu_beta_scale
[1] 1

$sigma_beta_scale
[1] 1

$mu_alpha_scale
[1] 1

$sigma_alpha_scale
[1] 1

$mu_delta_scale
[1] 1

$sigma_delta_scale
[1] 1

$mu_phi_log_scale
[1] 1

$sigma_phi_log_scale
[1] 1

[1] "Fitting the multilevel model..."
Running MCMC with 2 parallel chains...

Chain 1 Informational Message: The current Metropolis proposal is about to be rejected because of the following issue:
Chain 1 Exception: neg_binomial_2_lpmf: Location parameter is -nan, but must be positive finite! (in '/tmp/RtmptxEwX8/model-23bd164caef6f.stan', line 413, column 4 to column 51)
Chain 1 If this warning occurs sporadically, such as for highly constrained variable types like covariance matrices, then the sampler is fine,
Chain 1 but if this warning occurs often then your model may be either severely ill-conditioned or misspecified.
Chain 1 
Chain 2 Informational Message: The current Metropolis proposal is about to be rejected because of the following issue:
Chain 2 Exception: neg_binomial_2_lpmf: Location parameter is -nan, but must be positive finite! (in '/tmp/RtmptxEwX8/model-23bd164caef6f.stan', line 413, column 4 to column 51)
Chain 2 If this warning occurs sporadically, such as for highly constrained variable types like covariance matrices, then the sampler is fine,
Chain 2 but if this warning occurs often then your model may be either severely ill-conditioned or misspecified.
Chain 2 
Chain 1 Informational Message: The current Metropolis proposal is about to be rejected because of the following issue:
Chain 1 Exception: neg_binomial_2_lpmf: Location parameter is -nan, but must be positive finite! (in '/tmp/RtmptxEwX8/model-23bd164caef6f.stan', line 413, column 4 to column 51)
Chain 1 If this warning occurs sporadically, such as for highly constrained variable types like covariance matrices, then the sampler is fine,
Chain 1 but if this warning occurs often then your model may be either severely ill-conditioned or misspecified.
Chain 1 
Chain 1 Informational Message: The current Metropolis proposal is about to be rejected because of the following issue:
Chain 1 Exception: neg_binomial_2_lpmf: Location parameter is -nan, but must be positive finite! (in '/tmp/RtmptxEwX8/model-23bd164caef6f.stan', line 413, column 4 to column 51)
Chain 1 If this warning occurs sporadically, such as for highly constrained variable types like covariance matrices, then the sampler is fine,
Chain 1 but if this warning occurs often then your model may be either severely ill-conditioned or misspecified.
Chain 1 
Chain 1 Informational Message: The current Metropolis proposal is about to be rejected because of the following issue:
Chain 1 Exception: neg_binomial_2_lpmf: Location parameter is 0, but must be positive finite! (in '/tmp/RtmptxEwX8/model-23bd164caef6f.stan', line 413, column 4 to column 51)
Chain 1 If this warning occurs sporadically, such as for highly constrained variable types like covariance matrices, then the sampler is fine,
Chain 1 but if this warning occurs often then your model may be either severely ill-conditioned or misspecified.
Chain 1 
Chain 2 Informational Message: The current Metropolis proposal is about to be rejected because of the following issue:
Chain 2 Exception: neg_binomial_2_lpmf: Location parameter is -nan, but must be positive finite! (in '/tmp/RtmptxEwX8/model-23bd164caef6f.stan', line 413, column 4 to column 51)
Chain 2 If this warning occurs sporadically, such as for highly constrained variable types like covariance matrices, then the sampler is fine,
Chain 2 but if this warning occurs often then your model may be either severely ill-conditioned or misspecified.
Chain 2 
Chain 1 Informational Message: The current Metropolis proposal is about to be rejected because of the following issue:
Chain 1 Exception: neg_binomial_2_lpmf: Location parameter is 0, but must be positive finite! (in '/tmp/RtmptxEwX8/model-23bd164caef6f.stan', line 413, column 4 to column 51)
Chain 1 If this warning occurs sporadically, such as for highly constrained variable types like covariance matrices, then the sampler is fine,
Chain 1 but if this warning occurs often then your model may be either severely ill-conditioned or misspecified.
Chain 1 
Chain 2 Informational Message: The current Metropolis proposal is about to be rejected because of the following issue:
Chain 2 Exception: neg_binomial_2_lpmf: Location parameter is -nan, but must be positive finite! (in '/tmp/RtmptxEwX8/model-23bd164caef6f.stan', line 413, column 4 to column 51)
Chain 2 If this warning occurs sporadically, such as for highly constrained variable types like covariance matrices, then the sampler is fine,
Chain 2 but if this warning occurs often then your model may be either severely ill-conditioned or misspecified.
Chain 2 
Chain 2 Informational Message: The current Metropolis proposal is about to be rejected because of the following issue:
Chain 2 Exception: neg_binomial_2_lpmf: Location parameter is -nan, but must be positive finite! (in '/tmp/RtmptxEwX8/model-23bd164caef6f.stan', line 413, column 4 to column 51)
Chain 2 If this warning occurs sporadically, such as for highly constrained variable types like covariance matrices, then the sampler is fine,
Chain 2 but if this warning occurs often then your model may be either severely ill-conditioned or misspecified.
Chain 2 
Chain 1 Informational Message: The current Metropolis proposal is about to be rejected because of the following issue:
Chain 1 Exception: neg_binomial_2_lpmf: Location parameter is 0, but must be positive finite! (in '/tmp/RtmptxEwX8/model-23bd164caef6f.stan', line 413, column 4 to column 51)
Chain 1 If this warning occurs sporadically, such as for highly constrained variable types like covariance matrices, then the sampler is fine,
Chain 1 but if this warning occurs often then your model may be either severely ill-conditioned or misspecified.
Chain 1 
Chain 1 Informational Message: The current Metropolis proposal is about to be rejected because of the following issue:
Chain 1 Exception: neg_binomial_2_lpmf: Location parameter is 0, but must be positive finite! (in '/tmp/RtmptxEwX8/model-23bd164caef6f.stan', line 413, column 4 to column 51)
Chain 1 If this warning occurs sporadically, such as for highly constrained variable types like covariance matrices, then the sampler is fine,
Chain 1 but if this warning occurs often then your model may be either severely ill-conditioned or misspecified.
Chain 1 
Chain 2 Informational Message: The current Metropolis proposal is about to be rejected because of the following issue:
Chain 2 Exception: neg_binomial_2_lpmf: Location parameter is -nan, but must be positive finite! (in '/tmp/RtmptxEwX8/model-23bd164caef6f.stan', line 413, column 4 to column 51)
Chain 2 If this warning occurs sporadically, such as for highly constrained variable types like covariance matrices, then the sampler is fine,
Chain 2 but if this warning occurs often then your model may be either severely ill-conditioned or misspecified.
Chain 2 
Chain 2 Informational Message: The current Metropolis proposal is about to be rejected because of the following issue:
Chain 2 Exception: neg_binomial_2_lpmf: Location parameter is 0, but must be positive finite! (in '/tmp/RtmptxEwX8/model-23bd164caef6f.stan', line 413, column 4 to column 51)
Chain 2 If this warning occurs sporadically, such as for highly constrained variable types like covariance matrices, then the sampler is fine,
Chain 2 but if this warning occurs often then your model may be either severely ill-conditioned or misspecified.
Chain 2 
Chain 1 Informational Message: The current Metropolis proposal is about to be rejected because of the following issue:
Chain 1 Exception: neg_binomial_2_lpmf: Location parameter is 0, but must be positive finite! (in '/tmp/RtmptxEwX8/model-23bd164caef6f.stan', line 413, column 4 to column 51)
Chain 1 If this warning occurs sporadically, such as for highly constrained variable types like covariance matrices, then the sampler is fine,
Chain 1 but if this warning occurs often then your model may be either severely ill-conditioned or misspecified.
Chain 1 
Chain 2 Informational Message: The current Metropolis proposal is about to be rejected because of the following issue:
Chain 2 Exception: neg_binomial_2_lpmf: Location parameter is inf, but must be positive finite! (in '/tmp/RtmptxEwX8/model-23bd164caef6f.stan', line 413, column 4 to column 51)
Chain 2 If this warning occurs sporadically, such as for highly constrained variable types like covariance matrices, then the sampler is fine,
Chain 2 but if this warning occurs often then your model may be either severely ill-conditioned or misspecified.
Chain 2 
Chain 1 Informational Message: The current Metropolis proposal is about to be rejected because of the following issue:
Chain 1 Exception: neg_binomial_2_lpmf: Location parameter is 0, but must be positive finite! (in '/tmp/RtmptxEwX8/model-23bd164caef6f.stan', line 413, column 4 to column 51)
Chain 1 If this warning occurs sporadically, such as for highly constrained variable types like covariance matrices, then the sampler is fine,
Chain 1 but if this warning occurs often then your model may be either severely ill-conditioned or misspecified.
Chain 1 
Chain 2 Informational Message: The current Metropolis proposal is about to be rejected because of the following issue:
Chain 2 Exception: neg_binomial_2_lpmf: Location parameter is inf, but must be positive finite! (in '/tmp/RtmptxEwX8/model-23bd164caef6f.stan', line 413, column 4 to column 51)
Chain 2 If this warning occurs sporadically, such as for highly constrained variable types like covariance matrices, then the sampler is fine,
Chain 2 but if this warning occurs often then your model may be either severely ill-conditioned or misspecified.
Chain 2 
Chain 2 Informational Message: The current Metropolis proposal is about to be rejected because of the following issue:
Chain 2 Exception: neg_binomial_2_lpmf: Location parameter is inf, but must be positive finite! (in '/tmp/RtmptxEwX8/model-23bd164caef6f.stan', line 413, column 4 to column 51)
Chain 2 If this warning occurs sporadically, such as for highly constrained variable types like covariance matrices, then the sampler is fine,
Chain 2 but if this warning occurs often then your model may be either severely ill-conditioned or misspecified.
Chain 2 
Chain 1 Informational Message: The current Metropolis proposal is about to be rejected because of the following issue:
Chain 1 Exception: neg_binomial_2_lpmf: Location parameter is 0, but must be positive finite! (in '/tmp/RtmptxEwX8/model-23bd164caef6f.stan', line 413, column 4 to column 51)
Chain 1 If this warning occurs sporadically, such as for highly constrained variable types like covariance matrices, then the sampler is fine,
Chain 1 but if this warning occurs often then your model may be either severely ill-conditioned or misspecified.
Chain 1 
Chain 1 Informational Message: The current Metropolis proposal is about to be rejected because of the following issue:
Chain 1 Exception: neg_binomial_2_lpmf: Location parameter is 0, but must be positive finite! (in '/tmp/RtmptxEwX8/model-23bd164caef6f.stan', line 413, column 4 to column 51)
Chain 1 If this warning occurs sporadically, such as for highly constrained variable types like covariance matrices, then the sampler is fine,
Chain 1 but if this warning occurs often then your model may be either severely ill-conditioned or misspecified.
Chain 1 
Chain 2 Informational Message: The current Metropolis proposal is about to be rejected because of the following issue:
Chain 2 Exception: neg_binomial_2_lpmf: Location parameter is inf, but must be positive finite! (in '/tmp/RtmptxEwX8/model-23bd164caef6f.stan', line 413, column 4 to column 51)
Chain 2 If this warning occurs sporadically, such as for highly constrained variable types like covariance matrices, then the sampler is fine,
Chain 2 but if this warning occurs often then your model may be either severely ill-conditioned or misspecified.
Chain 2 
Chain 2 Informational Message: The current Metropolis proposal is about to be rejected because of the following issue:
Chain 2 Exception: neg_binomial_2_lpmf: Location parameter is inf, but must be positive finite! (in '/tmp/RtmptxEwX8/model-23bd164caef6f.stan', line 413, column 4 to column 51)
Chain 2 If this warning occurs sporadically, such as for highly constrained variable types like covariance matrices, then the sampler is fine,
Chain 2 but if this warning occurs often then your model may be either severely ill-conditioned or misspecified.
Chain 2 
Chain 2 Informational Message: The current Metropolis proposal is about to be rejected because of the following issue:
Chain 2 Exception: neg_binomial_2_lpmf: Location parameter is inf, but must be positive finite! (in '/tmp/RtmptxEwX8/model-23bd164caef6f.stan', line 413, column 4 to column 51)
Chain 2 If this warning occurs sporadically, such as for highly constrained variable types like covariance matrices, then the sampler is fine,
Chain 2 but if this warning occurs often then your model may be either severely ill-conditioned or misspecified.
Chain 2 
Chain 1 Iteration:    1 / 2200 [  0%]  (Warmup) 
Chain 2 Iteration:    1 / 2200 [  0%]  (Warmup) 
Chain 1 Informational Message: The current Metropolis proposal is about to be rejected because of the following issue:
Chain 1 Exception: neg_binomial_2_lpmf: Location parameter is -nan, but must be positive finite! (in '/tmp/RtmptxEwX8/model-23bd164caef6f.stan', line 413, column 4 to column 51)
Chain 1 If this warning occurs sporadically, such as for highly constrained variable types like covariance matrices, then the sampler is fine,
Chain 1 but if this warning occurs often then your model may be either severely ill-conditioned or misspecified.
Chain 1 
Chain 2 Informational Message: The current Metropolis proposal is about to be rejected because of the following issue:
Chain 2 Exception: neg_binomial_2_lpmf: Location parameter is -nan, but must be positive finite! (in '/tmp/RtmptxEwX8/model-23bd164caef6f.stan', line 413, column 4 to column 51)
Chain 2 If this warning occurs sporadically, such as for highly constrained variable types like covariance matrices, then the sampler is fine,
Chain 2 but if this warning occurs often then your model may be either severely ill-conditioned or misspecified.
Chain 2 
Chain 1 Informational Message: The current Metropolis proposal is about to be rejected because of the following issue:
Chain 1 Exception: neg_binomial_2_lpmf: Location parameter is -nan, but must be positive finite! (in '/tmp/RtmptxEwX8/model-23bd164caef6f.stan', line 413, column 4 to column 51)
Chain 1 If this warning occurs sporadically, such as for highly constrained variable types like covariance matrices, then the sampler is fine,
Chain 1 but if this warning occurs often then your model may be either severely ill-conditioned or misspecified.
Chain 1 
Chain 2 Informational Message: The current Metropolis proposal is about to be rejected because of the following issue:
Chain 2 Exception: neg_binomial_2_lpmf: Location parameter is -nan, but must be positive finite! (in '/tmp/RtmptxEwX8/model-23bd164caef6f.stan', line 413, column 4 to column 51)
Chain 2 If this warning occurs sporadically, such as for highly constrained variable types like covariance matrices, then the sampler is fine,
Chain 2 but if this warning occurs often then your model may be either severely ill-conditioned or misspecified.
Chain 2 
Chain 1 Informational Message: The current Metropolis proposal is about to be rejected because of the following issue:
Chain 1 Exception: neg_binomial_2_lpmf: Location parameter is 0, but must be positive finite! (in '/tmp/RtmptxEwX8/model-23bd164caef6f.stan', line 413, column 4 to column 51)
Chain 1 If this warning occurs sporadically, such as for highly constrained variable types like covariance matrices, then the sampler is fine,
Chain 1 but if this warning occurs often then your model may be either severely ill-conditioned or misspecified.
Chain 1 
Chain 1 Informational Message: The current Metropolis proposal is about to be rejected because of the following issue:
Chain 1 Exception: neg_binomial_2_lpmf: Location parameter is 0, but must be positive finite! (in '/tmp/RtmptxEwX8/model-23bd164caef6f.stan', line 413, column 4 to column 51)
Chain 1 If this warning occurs sporadically, such as for highly constrained variable types like covariance matrices, then the sampler is fine,
Chain 1 but if this warning occurs often then your model may be either severely ill-conditioned or misspecified.
Chain 1 
Chain 2 Informational Message: The current Metropolis proposal is about to be rejected because of the following issue:
Chain 2 Exception: neg_binomial_2_lpmf: Location parameter is inf, but must be positive finite! (in '/tmp/RtmptxEwX8/model-23bd164caef6f.stan', line 413, column 4 to column 51)
Chain 2 If this warning occurs sporadically, such as for highly constrained variable types like covariance matrices, then the sampler is fine,
Chain 2 but if this warning occurs often then your model may be either severely ill-conditioned or misspecified.
Chain 2 
Chain 2 Informational Message: The current Metropolis proposal is about to be rejected because of the following issue:
Chain 2 Exception: neg_binomial_2_lpmf: Location parameter is inf, but must be positive finite! (in '/tmp/RtmptxEwX8/model-23bd164caef6f.stan', line 413, column 4 to column 51)
Chain 2 If this warning occurs sporadically, such as for highly constrained variable types like covariance matrices, then the sampler is fine,
Chain 2 but if this warning occurs often then your model may be either severely ill-conditioned or misspecified.
Chain 2 
Chain 1 Iteration:  100 / 2200 [  4%]  (Warmup) 
Chain 2 Iteration:  100 / 2200 [  4%]  (Warmup) 
Chain 1 Iteration:  200 / 2200 [  9%]  (Warmup) 
Chain 2 Iteration:  200 / 2200 [  9%]  (Warmup) 
Chain 1 Iteration:  300 / 2200 [ 13%]  (Warmup) 
Chain 2 Iteration:  300 / 2200 [ 13%]  (Warmup) 
Chain 1 Iteration:  400 / 2200 [ 18%]  (Warmup) 
Chain 2 Iteration:  400 / 2200 [ 18%]  (Warmup) 
Chain 1 Iteration:  500 / 2200 [ 22%]  (Warmup) 
Chain 2 Iteration:  500 / 2200 [ 22%]  (Warmup) 
Chain 1 Iteration:  600 / 2200 [ 27%]  (Warmup) 
Chain 2 Iteration:  600 / 2200 [ 27%]  (Warmup) 
Chain 1 Iteration:  700 / 2200 [ 31%]  (Warmup) 
Chain 1 Iteration:  701 / 2200 [ 31%]  (Sampling) 
Chain 2 Iteration:  700 / 2200 [ 31%]  (Warmup) 
Chain 2 Iteration:  701 / 2200 [ 31%]  (Sampling) 
Chain 1 Iteration:  800 / 2200 [ 36%]  (Sampling) 
Chain 2 Iteration:  800 / 2200 [ 36%]  (Sampling) 
Chain 1 Iteration:  900 / 2200 [ 40%]  (Sampling) 
Chain 2 Iteration:  900 / 2200 [ 40%]  (Sampling) 
Chain 1 Iteration: 1000 / 2200 [ 45%]  (Sampling) 
Chain 2 Iteration: 1000 / 2200 [ 45%]  (Sampling) 
Chain 1 Iteration: 1100 / 2200 [ 50%]  (Sampling) 
Chain 2 Iteration: 1100 / 2200 [ 50%]  (Sampling) 
Chain 1 Iteration: 1200 / 2200 [ 54%]  (Sampling) 
Chain 2 Iteration: 1200 / 2200 [ 54%]  (Sampling) 
Chain 1 Iteration: 1300 / 2200 [ 59%]  (Sampling) 
Chain 2 Iteration: 1300 / 2200 [ 59%]  (Sampling) 
Chain 1 Iteration: 1400 / 2200 [ 63%]  (Sampling) 
Chain 2 Iteration: 1400 / 2200 [ 63%]  (Sampling) 
Chain 1 Iteration: 1500 / 2200 [ 68%]  (Sampling) 
Chain 2 Iteration: 1500 / 2200 [ 68%]  (Sampling) 
Chain 1 Iteration: 1600 / 2200 [ 72%]  (Sampling) 
Chain 2 Iteration: 1600 / 2200 [ 72%]  (Sampling) 
Chain 1 Iteration: 1700 / 2200 [ 77%]  (Sampling) 
Chain 2 Iteration: 1700 / 2200 [ 77%]  (Sampling) 
Chain 1 Iteration: 1800 / 2200 [ 81%]  (Sampling) 
Chain 2 Iteration: 1800 / 2200 [ 81%]  (Sampling) 
Chain 1 Iteration: 1900 / 2200 [ 86%]  (Sampling) 
Chain 2 Iteration: 1900 / 2200 [ 86%]  (Sampling) 
Chain 1 Iteration: 2000 / 2200 [ 90%]  (Sampling) 
Chain 2 Iteration: 2000 / 2200 [ 90%]  (Sampling) 
Chain 1 Iteration: 2100 / 2200 [ 95%]  (Sampling) 
Chain 2 Iteration: 2100 / 2200 [ 95%]  (Sampling) 
Chain 1 Iteration: 2200 / 2200 [100%]  (Sampling) 
Chain 1 finished in 154298.0 seconds.
Chain 2 Iteration: 2200 / 2200 [100%]  (Sampling) 
Chain 2 finished in 156007.0 seconds.

Both chains finished successfully.
Mean chain execution time: 155152.5 seconds.
Total execution time: 156009.0 seconds.

Warning: 25 of 3000 (1.0%) transitions ended with a divergence.
See https://mc-stan.org/misc/warnings for details.

Warning: 2975 of 3000 (99.0%) transitions hit the maximum treedepth limit of 10.
See https://mc-stan.org/misc/warnings for details.

[1] "Saving fit object..."
[1] "Calculating summary..."
[1] "Calculating samples..."
[1] "Calculating metadata..."
[1] "Summary of Hyperpriors (mu_*, sigma_*):"
# A tibble: 107 × 10
    variable      mean   median      sd     mad       q5      q95  rhat ess_bulk
    <chr>        <dbl>    <dbl>   <dbl>   <dbl>    <dbl>    <dbl> <dbl>    <dbl>
  1 mu_beta_…  0.0824   0.0856  0.976   0.963   -1.52     1.72     1.00    1757.
  2 mu_beta_…  0.0127   0.0134  0.0412  0.0340  -0.0533   0.0746   1.00     835.
  3 mu_beta_…  0.0500   0.0481  0.141   0.128   -0.175    0.280    1.00     490.
  4 mu_beta_…  0.172    0.169   0.145   0.124   -0.0531   0.407    1.01     530.
  5 mu_beta_…  0.122    0.0996  0.557   0.402   -0.718    0.981    1.00     648.
  6 mu_beta_… -0.112   -0.105   0.146   0.122   -0.350    0.118    1.00     788.
  7 mu_beta_… -0.0853  -0.0884  0.136   0.118   -0.291    0.143    1.00    1016.
  8 mu_beta_…  0.0372   0.0445  0.405   0.329   -0.634    0.677    1.00     811.
  9 mu_beta_… -0.0292  -0.0162  0.396   0.311   -0.698    0.608    1.00     787.
 10 mu_beta_… -0.0288  -0.0276  0.397   0.321   -0.702    0.616    1.00     804.
 11 mu_beta_…  0.0665   0.0630  0.415   0.308   -0.593    0.730    1.01     564.
 12 mu_beta_…  0.0383   0.0420  0.416   0.318   -0.635    0.700    1.01     583.
 13 mu_beta_… -0.0956  -0.0919  0.420   0.316   -0.787    0.584    1.00     568.
 14 mu_beta_… -0.0199  -0.00571 0.312   0.264   -0.515    0.463    1.01     598.
 15 mu_beta_… -0.0207  -0.0107  0.313   0.271   -0.533    0.465    1.01     598.
 16 mu_beta_… -0.140   -0.129   0.315   0.266   -0.666    0.348    1.01     597.
 17 mu_beta_… -0.101   -0.101   0.150   0.135   -0.350    0.141    1.00    1267.
 18 mu_beta_… -0.0234  -0.0238  0.465   0.391   -0.776    0.753    1.01     595.
 19 mu_beta_…  0.0496   0.0497  0.462   0.390   -0.676    0.785    1.00     652.
 20 mu_beta_…  0.184    0.188   0.355   0.311   -0.375    0.731    1.01     555.
 21 mu_beta_… -0.0321  -0.0371  1.38    1.01    -2.27     2.33     1.00    3126.
 22 mu_beta_… -0.0304  -0.0179  1.40    0.966   -2.34     2.26     1.00    3440.
 23 mu_beta_… -0.309   -0.312   0.703   0.547   -1.38     0.807    1.00    1063.
 24 mu_beta_… -0.147   -0.126   0.648   0.491   -1.21     0.892    1.00    1376.
 25 mu_beta_…  0.179    0.175   0.617   0.459   -0.826    1.10     1.00    1458.
 26 mu_beta_…  0.464    0.455   0.463   0.437   -0.243    1.21     1.00    1020.
 27 mu_beta_…  0.0552   0.0396  0.365   0.328   -0.525    0.673    1.00    1055.
 28 mu_beta_…  0.120    0.107   0.335   0.305   -0.410    0.683    1.00     998.
 29 mu_beta_… -0.0377  -0.0409  0.335   0.314   -0.588    0.504    1.00    1077.
 30 mu_beta_… -0.229   -0.216   0.405   0.375   -0.924    0.396    1.00    1231.
 31 mu_beta_…  0.0507   0.0510  0.0281  0.0268   0.00527  0.0969   1.00    1030.
 32 mu_beta_… -0.0350  -0.0351  0.0124  0.0125  -0.0555  -0.0148   1.00    1340.
 33 mu_beta_… -0.0262  -0.0261  0.0144  0.0144  -0.0490  -0.00217  1.00    1244.
 34 mu_beta_…  0.00265  0.00271 0.0155  0.0158  -0.0219   0.0277   1.00    1207.
 35 mu_beta_…  0.0660   0.0660  0.0150  0.0151   0.0420   0.0911   1.00    1201.
 36 mu_beta_…  0.0356   0.0567  0.552   0.391   -0.820    0.858    1.00     642.
 37 mu_beta_… -0.0220  -0.00318 0.552   0.391   -0.882    0.793    1.00     640.
 38 mu_beta_…  0.103    0.103   0.0875  0.0881  -0.0393   0.246    1.00    1585.
 39 mu_beta_…  0.0449   0.0447  0.0156  0.0154   0.0188   0.0707   1.00    3298.
 40 mu_beta_… -0.0217  -0.0218  0.00522 0.00522 -0.0304  -0.0132   1.00    5544.
 41 mu_gamma… -0.502   -0.488   0.670   0.661   -1.64     0.578    1.00    1113.
 42 mu_gamma… -0.00947 -0.0237  1.01    0.995   -1.67     1.69     1.00    4008.
 43 mu_alpha…  0.504    0.511   0.193   0.154    0.186    0.799    1.00     427.
 44 mu_alpha…  0.355    0.359   0.124   0.105    0.157    0.551    1.00     667.
 45 mu_alpha…  0.243    0.243   0.0177  0.0174   0.214    0.273    1.00    1400.
 46 mu_alpha…  0.147    0.147   0.0165  0.0165   0.120    0.174    1.00    1203.
 47 mu_alpha…  0.182    0.182   0.0171  0.0168   0.154    0.209    1.00    1335.
 48 mu_alpha…  0.208    0.209   0.0169  0.0165   0.180    0.236    1.00    1435.
 49 mu_alpha…  0.184    0.184   0.0172  0.0172   0.156    0.213    1.00    1340.
 50 mu_alpha… -0.0122  -0.0121  0.0202  0.0208  -0.0455   0.0207   1.00    2622.
 51 mu_alpha…  0.0414   0.0412  0.0203  0.0203   0.00757  0.0747   1.00    2729.
 52 mu_alpha…  0.00614  0.00570 0.0195  0.0192  -0.0251   0.0389   1.00    2818.
 53 mu_alpha…  0.0521   0.0520  0.0196  0.0201   0.0199   0.0845   1.00    2170.
 54 mu_alpha… -0.00910 -0.00890 0.0184  0.0180  -0.0402   0.0205   1.00    2700.
 55 mu_delta… -0.496   -0.494   0.0803  0.0557  -0.614   -0.391    1.00     894.
 56 mu_delta…  0.424    0.425   0.266   0.252   -0.00467  0.847    1.01     602.
 57 mu_delta… -0.388   -0.388   0.0185  0.0187  -0.419   -0.358    1.00     977.
 58 mu_delta… -0.285   -0.285   0.0174  0.0170  -0.314   -0.256    1.00     961.
 59 mu_delta… -0.329   -0.329   0.0188  0.0184  -0.360   -0.298    1.00    1049.
 60 mu_delta… -0.315   -0.315   0.0187  0.0181  -0.345   -0.284    1.00    1088.
 61 mu_delta… -0.317   -0.317   0.0190  0.0184  -0.348   -0.285    1.00    1036.
 62 mu_delta…  0.0504   0.0511  0.0356  0.0358  -0.00773  0.108    1.00    3132.
 63 mu_delta…  0.0347   0.0348  0.0347  0.0337  -0.0221   0.0921   1.00    2846.
 64 mu_delta…  0.0866   0.0862  0.0364  0.0349   0.0270   0.147    1.00    2796.
 65 mu_delta… -0.0234  -0.0233  0.0342  0.0344  -0.0800   0.0331   1.00    1620.
 66 mu_delta…  0.0919   0.0922  0.0320  0.0321   0.0390   0.143    1.00    2000.
 67 mu_phi_l…  1.26     1.29    0.449   0.398    0.427    1.91     1.01     532.
 68 sigma_be…  0.820    0.673   0.675   0.631    0.0453   2.14     1.00     912.
 69 sigma_be…  0.0901   0.0791  0.0473  0.0334   0.0387   0.174    1.00    1130.
 70 sigma_be…  0.343    0.312   0.145   0.108    0.186    0.601    1.00    1106.
 71 sigma_be…  0.339    0.308   0.140   0.106    0.185    0.597    1.00     862.
 72 sigma_be…  0.187    0.165   0.0934  0.0600   0.0941   0.355    1.00    1016.
 73 sigma_be…  0.315    0.284   0.152   0.115    0.150    0.588    1.00     950.
 74 sigma_be…  0.293    0.265   0.163   0.119    0.109    0.566    1.00     605.
 75 sigma_be…  0.314    0.280   0.159   0.118    0.131    0.598    1.00     879.
 76 sigma_be…  0.165    0.142   0.119   0.0952   0.0207   0.387    1.00     702.
 77 sigma_be…  0.108    0.0820  0.101   0.0762   0.00624  0.296    1.00     801.
 78 sigma_be…  0.103    0.0780  0.0977  0.0719   0.00708  0.291    1.00    1049.
 79 sigma_be…  0.115    0.0932  0.0994  0.0785   0.00946  0.293    1.00    1292.
 80 sigma_be…  0.115    0.0880  0.106   0.0786   0.00826  0.323    1.00    1113.
 81 sigma_be…  0.0958   0.0687  0.0986  0.0679   0.00479  0.275    1.00    1098.
 82 sigma_be…  0.123    0.0974  0.115   0.0882   0.00826  0.332    1.00     804.
 83 sigma_be…  0.114    0.0906  0.103   0.0768   0.00879  0.285    1.00     956.
 84 sigma_be…  0.280    0.249   0.140   0.107    0.120    0.536    1.00    1209.
 85 sigma_be…  0.119    0.0946  0.107   0.0851   0.00829  0.309    1.00     738.
 86 sigma_be…  0.181    0.160   0.115   0.0938   0.0352   0.391    1.00     626.
 87 sigma_be…  0.434    0.391   0.195   0.136    0.224    0.787    1.00    1118.
 88 sigma_be…  1.01     0.703   1.02    0.705    0.0510   3.14     1.00    3124.
 89 sigma_be…  1.00     0.703   0.979   0.715    0.0610   2.96     1.00    3365.
 90 sigma_be…  0.791    0.552   0.799   0.563    0.0419   2.39     1.00    2024.
 91 sigma_be…  0.729    0.516   0.732   0.503    0.0448   2.19     1.00    1704.
 92 sigma_be…  0.716    0.519   0.701   0.526    0.0381   2.06     1.00    1451.
 93 sigma_be…  0.703    0.614   0.379   0.290    0.295    1.43     1.00    1615.
 94 sigma_be…  0.509    0.450   0.267   0.214    0.197    1.01     1.00    1003.
 95 sigma_be…  0.252    0.212   0.191   0.153    0.0255   0.602    1.00     599.
 96 sigma_be…  0.238    0.198   0.189   0.151    0.0238   0.584    1.00     681.
 97 sigma_be…  0.356    0.307   0.248   0.205    0.0570   0.796    1.00     553.
 98 sigma_be…  0.0359   0.0317  0.0214  0.0153   0.00764  0.0755   1.00     756.
 99 sigma_ga…  1.72     1.68    0.554   0.541    0.871    2.69     1.00    1294.
100 sigma_ga…  0.823    0.714   0.587   0.566    0.0910   1.95     1.00    2383.
101 sigma_al…  0.406    0.366   0.174   0.127    0.217    0.714    1.00     758.
102 sigma_al…  0.293    0.264   0.129   0.0948   0.157    0.518    1.00    1046.
103 sigma_de…  0.133    0.114   0.0915  0.0623   0.0348   0.294    1.00     992.
104 sigma_de…  0.634    0.586   0.233   0.194    0.363    1.08     1.00     910.
105 sigma_ph…  1.13     1.05    0.410   0.333    0.654    1.92     1.00     917.
106 sigma_ga…  0.788    0.659   0.615   0.592    0.0678   1.99     1.00    2287.
107 sigma_ga…  0.795    0.663   0.600   0.581    0.0615   1.96     1.00    2720.
# ℹ 1 more variable: ess_tail <dbl>
[1] "Calculating lambda_mean..."
[1] "Calculating lambda_test_mean..."
[1] "Calculating y_rep_mean..."
[1] "Calculating y_test_rep_mean..."
[1] "Generating plots..."
[1] "exposure_2HRX9P6HKXA8V_1" "exposure_ED5J990H5VAZT_1"
[3] "exposure_JHDN7CF1C03X5_1" "exposure_L69HYJ4Y3TR91_1"
[5] "exposure_SRQS8F7JWA9MZ_1" "exposure_W8T41JZK0ZMEP_1"
[1] 6
Adding missing grouping variables: `location_id_num`
[1] "Skipping daily plot for SRQS8F7JWA9MZ due to missing daily data."
[1] "Skipping daily plot for 2HRX9P6HKXA8V due to missing daily data."
[1] "Skipping daily plot for JHDN7CF1C03X5 due to missing daily data."
[1] "Skipping daily plot for L69HYJ4Y3TR91 due to missing daily data."
[1] "Skipping daily plot for ED5J990H5VAZT due to missing daily data."
[1] "Skipping daily plot for W8T41JZK0ZMEP due to missing daily data."
[1] "Skipping MLflow logging as existing fit file was loaded."
[1] "Done."
           used  (Mb) gc trigger   (Mb)  max used   (Mb)
Ncells  5138048 274.5    7666182  409.5   7666182  409.5
Vcells 10827966  82.7  562561313 4292.1 703201641 5365.1
Warning messages:
1: Dropping 'draws_df' class as required metadata was removed. 
2: Dropping 'draws_df' class as required metadata was removed. 
3: Dropping 'draws_df' class as required metadata was removed. 
4: Dropping 'draws_df' class as required metadata was removed. 
5: There was 1 warning in `summarize()`.
ℹ In argument: `date = min(date)`.
Caused by warning in `min.default()`:
! no non-missing arguments to min; returning Inf 
