- The project is out-of-sync -- use `renv::status()` for details.
── Attaching core tidyverse packages ──────────────────────── tidyverse 2.0.0 ──
✔ dplyr     1.1.4     ✔ readr     2.1.5
✔ forcats   1.0.0     ✔ stringr   1.5.1
✔ ggplot2   3.5.1     ✔ tibble    3.2.1
✔ lubridate 1.9.4     ✔ tidyr     1.3.1
✔ purrr     1.0.4     
[conflicted] Will prefer dplyr::select over any other package.
[conflicted] Will prefer dplyr::filter over any other package.
[conflicted] Will prefer lubridate::year over any other package.
[conflicted] Will prefer lubridate::month over any other package.
[conflicted] Will prefer purrr::map over any other package.
[conflicted] Will prefer stats::sd over any other package.
[conflicted] Will prefer base::match over any other package.
This is cmdstanr version 0.9.0
- CmdStanR documentation and vignettes: mc-stan.org/cmdstanr
- CmdStan path: /home/nuttidalab/.cmdstan/cmdstan-2.36.0
- CmdStan version: 2.36.0

A newer version of CmdStan is available. See ?install_cmdstan() to install it.
To disable this check set option or environment variable cmdstanr_no_ver_check=TRUE.
This is posterior version 1.6.0
Registered S3 method overwritten by 'tsibble':
  method               from 
  as_tibble.grouped_df dplyr
── Attaching packages ──────────────────────────────────────────── fpp3 1.0.1 ──
✔ tsibble     1.1.6     ✔ feasts      0.4.1
✔ tsibbledata 0.4.1     ✔ fable       0.4.1
Loading required package: R.oo
Loading required package: R.methodsS3
R.methodsS3 v1.8.2 (2022-06-13 22:00:14 UTC) successfully loaded. See ?R.methodsS3 for help.
R.oo v1.27.0 (2024-11-01 18:00:02 UTC) successfully loaded. See ?R.oo for help.

Attaching package: ‘R.oo’

The following object is masked from ‘package:R.methodsS3’:

    throw

The following object is masked from ‘package:shiny’:

    printStackTrace

The following object is masked from ‘package:renv’:

    load

The following objects are masked from ‘package:methods’:

    getClasses, getMethods

The following objects are masked from ‘package:base’:

    attach, detach, load, save

R.utils v2.13.0 (2025-02-24 21:20:02 UTC) successfully loaded. See ?R.utils for help.
Registered S3 method overwritten by 'quantmod':
  method            from
  as.zoo.data.frame zoo 
Registered S3 methods overwritten by 'bayesforecast':
  method      from    
  autoplot.ts forecast
  forecast.ts forecast
  fortify.ts  forecast
  print.garch tseries 
[1] "# of rows: 34628"
[1] "# of rows: 8741"
[1] "Found 6 exposure columns in the data: exposure_2HRX9P6HKXA8V_1, exposure_ED5J990H5VAZT_1, exposure_JHDN7CF1C03X5_1, exposure_L69HYJ4Y3TR91_1, exposure_SRQS8F7JWA9MZ_1, exposure_W8T41JZK0ZMEP_1"
Numeric columns considered for scaling:
vegan_window_sum_item_quantity,
vegetarian_window_sum_item_quantity,
meat_window_sum_item_quantity,
vegan_window_avg_item_price,
vegetarian_window_avg_item_price,
meat_window_avg_item_price,
breakfast_p_window_avg_item_price,
textured_p_window_avg_item_price,
untextured_p_window_avg_item_price,
chicken_p_window_avg_item_price,
dairy_p_window_avg_item_price,
egg_p_window_avg_item_price,
breakfast_window_avg_item_price,
textured_window_avg_item_price,
untextured_window_avg_item_price,
breakfast_t2_window_avg_item_price,
textured_t2_window_avg_item_price,
untextured_t2_window_avg_item_price,
chicken_t2_window_avg_item_price,
dairy_t2_window_avg_item_price,
day_of_month,
Value,
vegan_price_real,
vegetarian_price_real,
meat_price_real,
breakfast_p_price_real,
textured_p_price_real,
untextured_p_price_real,
chicken_p_price_real,
dairy_p_price_real,
egg_p_price_real,
breakfast_price_real,
textured_price_real,
untextured_price_real,
breakfast_t2_price_real,
textured_t2_price_real,
untextured_t2_price_real,
chicken_t2_price_real,
dairy_t2_price_real,
inflation,
temp,
precip[1] "Successfully created `expo_to_rest` mapping."
[1] "Successfully created `expo_to_param` mapping."
Identified 6 exposure columns in the design matrix: 
exposure_2HRX9P6HKXA8V_1, 
exposure_ED5J990H5VAZT_1, 
exposure_JHDN7CF1C03X5_1, 
exposure_L69HYJ4Y3TR91_1, 
exposure_SRQS8F7JWA9MZ_1, 
exposure_W8T41JZK0ZMEP_1
Identified 30 random beta columns: 
vegan_price_real, 
vegetarian_price_real, 
meat_price_real, 
weekend, 
holiday_window, 
month_cat2, 
month_cat3, 
month_cat4, 
month_cat5, 
month_cat6, 
month_cat7, 
month_cat8, 
month_cat9, 
month_cat10, 
month_cat11, 
month_cat12, 
seasonspring, 
seasonsummer, 
seasonwinter, 
year_cat2014, 
year_cat2015, 
year_cat2016, 
year_cat2017, 
year_cat2018, 
year_cat2019, 
year_cat2020, 
year_cat2021, 
year_cat2022, 
year_cat2023, 
date_num
Identified 9 fixed beta columns: 
day_of_week_cat1, 
day_of_week_cat2, 
day_of_week_cat3, 
day_of_week_cat4, 
day_of_week_cat5, 
day_of_week_cat6, 
inflation, 
temp, 
precip
Identified 2 random alpha indices (positions): 
1, 7
Identified 2 random delta indices (positions): 
1, 7
$R
[1] 6

$J
[1] 46

$p_effective
[1] 12

$q_effective
[1] 12

$M
[1] 2

$idx_intercept
[1] 1

$K_beta_random
[1] 30

$idx_beta_random
[1] 2 3 4 5 6 7

$K_beta_fixed
[1] 9

$idx_beta_fixed
[1] 32 33 34 35 36 37

$K_exposure
[1] 6

$idx_exposure
[1] 41 42 43 44 45 46

$expo_to_rest
[1] 2 5 3 4 1 6

$expo_to_param
[1] 1 1 1 1 1 1

$effective_lags_alpha
[1] 1 2 3 4 5 6

$K_alpha_random
[1] 2

$idx_alpha_random
[1] 1 7

$K_alpha_fixed
[1] 10

$idx_alpha_fixed
[1] 2 3 4 5 6 8

$effective_lags_delta
[1] 1 2 3 4 5 6

$K_delta_random
[1] 2

$idx_delta_random
[1] 1 7

$K_delta_fixed
[1] 10

$idx_delta_fixed
[1] 2 3 4 5 6 8

$N_train
[1] 8300

$X_train
  (Intercept) vegan_price_real vegetarian_price_real meat_price_real weekend
1           1         -5.14667              -1.48268       -1.478171       0
2           1         -5.14667              -1.48268       -1.347067       0
3           1         -5.14667              -1.48268       -1.609274       0
4           1         -5.14667              -1.48268       -1.609274       1
5           1         -5.14667              -1.48268       -1.609274       1
6           1         -5.14667              -1.48268       -1.425729       0
  holiday_window month_cat2 month_cat3 month_cat4 month_cat5 month_cat6
1              0          0          0          0          1          0
2              0          0          0          0          1          0
3              0          0          0          0          1          0
4              0          0          0          0          1          0
5              0          0          0          0          1          0
6              0          0          0          0          1          0
  month_cat7 month_cat8 month_cat9 month_cat10 month_cat11 month_cat12
1          0          0          0           0           0           0
2          0          0          0           0           0           0
3          0          0          0           0           0           0
4          0          0          0           0           0           0
5          0          0          0           0           0           0
6          0          0          0           0           0           0
  seasonspring seasonsummer seasonwinter year_cat2014 year_cat2015 year_cat2016
1            1            0            0            0            0            0
2            1            0            0            0            0            0
3            1            0            0            0            0            0
4            1            0            0            0            0            0
5            1            0            0            0            0            0
6            1            0            0            0            0            0
  year_cat2017 year_cat2018 year_cat2019 year_cat2020 year_cat2021 year_cat2022
1            0            0            1            0            0            0
2            0            0            1            0            0            0
3            0            0            1            0            0            0
4            0            0            1            0            0            0
5            0            0            1            0            0            0
6            0            0            1            0            0            0
  year_cat2023 date_num day_of_week_cat1 day_of_week_cat2 day_of_week_cat3
1            0 49.32786                0                1                0
2            0 49.33060                0                0                1
3            0 49.33333                0                0                0
4            0 49.33607                0                0                0
5            0 49.33881                0                0                0
6            0 49.34155                0                0                0
  day_of_week_cat4 day_of_week_cat5 day_of_week_cat6 inflation          temp
1                0                0                0 -1.272144 -3.242225e-01
2                0                0                0 -1.272144 -3.748844e-01
3                1                0                0 -1.272144 -1.621043e-01
4                0                1                0 -1.272144  1.382317e-05
5                0                0                1 -1.272144  1.722643e-01
6                0                0                0 -1.272144  5.167654e-01
       precip exposure_2HRX9P6HKXA8V_1 exposure_ED5J990H5VAZT_1
1  2.41288781                        0                        0
2  0.02723881                        0                        0
3  1.62378853                        0                        0
4 -0.33978411                        0                        0
5 -0.41318870                        0                        0
6 -0.41318870                        0                        0
  exposure_JHDN7CF1C03X5_1 exposure_L69HYJ4Y3TR91_1 exposure_SRQS8F7JWA9MZ_1
1                        0                        0                        3
2                        0                        0                        3
3                        0                        0                        3
4                        0                        0                        3
5                        0                        0                        3
6                        0                        0                        3
  exposure_W8T41JZK0ZMEP_1
1                        0
2                        0
3                        0
4                        0
5                        0
6                        0

$y_train
[1] 14  7 13  0  0 11

$idx_to_rest_train
[1] 1 1 1 1 1 1

$train_start_idx
[1]    1 1467 3048 4343 4616 7107

$train_end_idx
[1] 1466 3047 4342 4615 7106 8300

$N_test
[1] 441

$X_test
  (Intercept) vegan_price_real vegetarian_price_real meat_price_real weekend
1           1        1.1547975              2.057063        2.331697       1
2           1       -0.7727103              1.804772        2.260708       1
3           1        1.1547975              1.865474        2.539707       0
4           1        0.3516693              1.859693        2.905626       0
5           1       -2.4592797              1.003850        2.615725       0
6           1       -0.4514590              2.224164        2.612323       0
  holiday_window month_cat2 month_cat3 month_cat4 month_cat5 month_cat6
1              0          0          0          0          1          0
2              0          0          0          0          1          0
3              0          0          0          0          1          0
4              0          0          0          0          1          0
5              0          0          0          0          1          0
6              0          0          0          0          1          0
  month_cat7 month_cat8 month_cat9 month_cat10 month_cat11 month_cat12
1          0          0          0           0           0           0
2          0          0          0           0           0           0
3          0          0          0           0           0           0
4          0          0          0           0           0           0
5          0          0          0           0           0           0
6          0          0          0           0           0           0
  seasonspring seasonsummer seasonwinter year_cat2014 year_cat2015 year_cat2016
1            1            0            0            0            0            0
2            1            0            0            0            0            0
3            1            0            0            0            0            0
4            1            0            0            0            0            0
5            1            0            0            0            0            0
6            1            0            0            0            0            0
  year_cat2017 year_cat2018 year_cat2019 year_cat2020 year_cat2021 year_cat2022
1            0            0            0            0            0            0
2            0            0            0            0            0            0
3            0            0            0            0            0            0
4            0            0            0            0            0            0
5            0            0            0            0            0            0
6            0            0            0            0            0            0
  year_cat2023 date_num day_of_week_cat1 day_of_week_cat2 day_of_week_cat3
1            1 53.34155                0                0                0
2            1 53.34428                0                0                0
3            1 53.34702                0                0                0
4            1 53.34976                1                0                0
5            1 53.35250                0                1                0
6            1 53.35524                0                0                1
  day_of_week_cat4 day_of_week_cat5 day_of_week_cat6 inflation      temp
1                0                1                0   2.07598 0.2634558
2                0                0                1   2.07598 0.3343825
3                0                0                0   2.07598 0.4154416
4                0                0                0   2.07598 0.2330587
5                0                0                0   2.07598 0.3343825
6                0                0                0   2.07598 0.8916636
      precip exposure_2HRX9P6HKXA8V_1 exposure_ED5J990H5VAZT_1
1 -0.4131887                        0                        0
2  1.6237885                        0                        0
3 -0.4131887                        0                        0
4 -0.4131887                        0                        0
5 -0.4131887                        0                        0
6 -0.4131887                        0                        0
  exposure_JHDN7CF1C03X5_1 exposure_L69HYJ4Y3TR91_1 exposure_SRQS8F7JWA9MZ_1
1                        0                        0                        6
2                        0                        0                        6
3                        0                        0                        6
4                        0                        0                        6
5                        0                        0                        6
6                        0                        0                        6
  exposure_W8T41JZK0ZMEP_1
1                        0
2                        0
3                        0
4                        0
5                        0
6                        0

$y_test
[1] 228 136  65  77  92  89

$idx_to_rest_test
[1] 1 1 1 1 1 1

$test_start_idx
[1]   1  79 163 232 247 379

$test_end_idx
[1]  78 162 231 246 378 441

$N_zeros
[1] 1230

$idx_zeros
[1]   4   5  11  12 239 246

$mu_gamma_scale
[1] 1

$sigma_gamma_between_scale
[1] 0.4

$sigma_gamma_within_scale
[1] 1

$mu_beta_scale
[1] 1

$sigma_beta_scale
[1] 1

$mu_alpha_scale
[1] 1

$sigma_alpha_scale
[1] 1

$mu_delta_scale
[1] 1

$sigma_delta_scale
[1] 1

$mu_phi_log_scale
[1] 1

$sigma_phi_log_scale
[1] 1

$mu_pi_logit_scale
[1] 2

$sigma_pi_logit_scale
[1] 1

[1] "Fitting the multilevel model..."
Running MCMC with 1 chain...

Chain 1 Informational Message: The current Metropolis proposal is about to be rejected because of the following issue:
Chain 1 Exception: neg_binomial_2_lpmf: Location parameter[1] is -nan, but must be positive finite! (in '/tmp/Rtmpqf7fkc/model-128b9471c20d75.stan', line 470, column 2 to column 59)
Chain 1 If this warning occurs sporadically, such as for highly constrained variable types like covariance matrices, then the sampler is fine,
Chain 1 but if this warning occurs often then your model may be either severely ill-conditioned or misspecified.
Chain 1 
Chain 1 Iteration:    1 / 2200 [  0%]  (Warmup) 
Chain 1 Informational Message: The current Metropolis proposal is about to be rejected because of the following issue:
Chain 1 Exception: neg_binomial_2_lpmf: Location parameter[1] is -nan, but must be positive finite! (in '/tmp/Rtmpqf7fkc/model-128b9471c20d75.stan', line 470, column 2 to column 59)
Chain 1 If this warning occurs sporadically, such as for highly constrained variable types like covariance matrices, then the sampler is fine,
Chain 1 but if this warning occurs often then your model may be either severely ill-conditioned or misspecified.
Chain 1 
Chain 1 Informational Message: The current Metropolis proposal is about to be rejected because of the following issue:
Chain 1 Exception: neg_binomial_2_lpmf: Location parameter[1] is -nan, but must be positive finite! (in '/tmp/Rtmpqf7fkc/model-128b9471c20d75.stan', line 470, column 2 to column 59)
Chain 1 If this warning occurs sporadically, such as for highly constrained variable types like covariance matrices, then the sampler is fine,
Chain 1 but if this warning occurs often then your model may be either severely ill-conditioned or misspecified.
Chain 1 
Chain 1 Informational Message: The current Metropolis proposal is about to be rejected because of the following issue:
Chain 1 Exception: neg_binomial_2_lpmf: Location parameter[1] is 0, but must be positive finite! (in '/tmp/Rtmpqf7fkc/model-128b9471c20d75.stan', line 470, column 2 to column 59)
Chain 1 If this warning occurs sporadically, such as for highly constrained variable types like covariance matrices, then the sampler is fine,
Chain 1 but if this warning occurs often then your model may be either severely ill-conditioned or misspecified.
Chain 1 
Chain 1 Informational Message: The current Metropolis proposal is about to be rejected because of the following issue:
Chain 1 Exception: neg_binomial_2_lpmf: Location parameter[1] is 0, but must be positive finite! (in '/tmp/Rtmpqf7fkc/model-128b9471c20d75.stan', line 470, column 2 to column 59)
Chain 1 If this warning occurs sporadically, such as for highly constrained variable types like covariance matrices, then the sampler is fine,
Chain 1 but if this warning occurs often then your model may be either severely ill-conditioned or misspecified.
Chain 1 
Chain 1 Informational Message: The current Metropolis proposal is about to be rejected because of the following issue:
Chain 1 Exception: neg_binomial_2_lpmf: Location parameter[1] is 0, but must be positive finite! (in '/tmp/Rtmpqf7fkc/model-128b9471c20d75.stan', line 470, column 2 to column 59)
Chain 1 If this warning occurs sporadically, such as for highly constrained variable types like covariance matrices, then the sampler is fine,
Chain 1 but if this warning occurs often then your model may be either severely ill-conditioned or misspecified.
Chain 1 
Chain 1 Informational Message: The current Metropolis proposal is about to be rejected because of the following issue:
Chain 1 Exception: neg_binomial_2_lpmf: Location parameter[1] is 0, but must be positive finite! (in '/tmp/Rtmpqf7fkc/model-128b9471c20d75.stan', line 470, column 2 to column 59)
Chain 1 If this warning occurs sporadically, such as for highly constrained variable types like covariance matrices, then the sampler is fine,
Chain 1 but if this warning occurs often then your model may be either severely ill-conditioned or misspecified.
Chain 1 
Chain 1 Informational Message: The current Metropolis proposal is about to be rejected because of the following issue:
Chain 1 Exception: neg_binomial_2_lpmf: Location parameter[1] is 0, but must be positive finite! (in '/tmp/Rtmpqf7fkc/model-128b9471c20d75.stan', line 470, column 2 to column 59)
Chain 1 If this warning occurs sporadically, such as for highly constrained variable types like covariance matrices, then the sampler is fine,
Chain 1 but if this warning occurs often then your model may be either severely ill-conditioned or misspecified.
Chain 1 
Chain 1 Informational Message: The current Metropolis proposal is about to be rejected because of the following issue:
Chain 1 Exception: neg_binomial_2_lpmf: Location parameter[1] is inf, but must be positive finite! (in '/tmp/Rtmpqf7fkc/model-128b9471c20d75.stan', line 470, column 2 to column 59)
Chain 1 If this warning occurs sporadically, such as for highly constrained variable types like covariance matrices, then the sampler is fine,
Chain 1 but if this warning occurs often then your model may be either severely ill-conditioned or misspecified.
Chain 1 
Chain 1 Informational Message: The current Metropolis proposal is about to be rejected because of the following issue:
Chain 1 Exception: neg_binomial_2_lpmf: Location parameter[1] is inf, but must be positive finite! (in '/tmp/Rtmpqf7fkc/model-128b9471c20d75.stan', line 470, column 2 to column 59)
Chain 1 If this warning occurs sporadically, such as for highly constrained variable types like covariance matrices, then the sampler is fine,
Chain 1 but if this warning occurs often then your model may be either severely ill-conditioned or misspecified.
Chain 1 
Chain 1 Informational Message: The current Metropolis proposal is about to be rejected because of the following issue:
Chain 1 Exception: neg_binomial_2_lpmf: Location parameter[38] is 0, but must be positive finite! (in '/tmp/Rtmpqf7fkc/model-128b9471c20d75.stan', line 470, column 2 to column 59)
Chain 1 If this warning occurs sporadically, such as for highly constrained variable types like covariance matrices, then the sampler is fine,
Chain 1 but if this warning occurs often then your model may be either severely ill-conditioned or misspecified.
Chain 1 
Chain 1 Informational Message: The current Metropolis proposal is about to be rejected because of the following issue:
Chain 1 Exception: neg_binomial_2_lpmf: Location parameter[186] is inf, but must be positive finite! (in '/tmp/Rtmpqf7fkc/model-128b9471c20d75.stan', line 470, column 2 to column 59)
Chain 1 If this warning occurs sporadically, such as for highly constrained variable types like covariance matrices, then the sampler is fine,
Chain 1 but if this warning occurs often then your model may be either severely ill-conditioned or misspecified.
Chain 1 
Chain 1 Informational Message: The current Metropolis proposal is about to be rejected because of the following issue:
Chain 1 Exception: neg_binomial_2_lpmf: Location parameter[1] is -nan, but must be positive finite! (in '/tmp/Rtmpqf7fkc/model-128b9471c20d75.stan', line 470, column 2 to column 59)
Chain 1 If this warning occurs sporadically, such as for highly constrained variable types like covariance matrices, then the sampler is fine,
Chain 1 but if this warning occurs often then your model may be either severely ill-conditioned or misspecified.
Chain 1 
Chain 1 Informational Message: The current Metropolis proposal is about to be rejected because of the following issue:
Chain 1 Exception: neg_binomial_2_lpmf: Location parameter[1] is -nan, but must be positive finite! (in '/tmp/Rtmpqf7fkc/model-128b9471c20d75.stan', line 470, column 2 to column 59)
Chain 1 If this warning occurs sporadically, such as for highly constrained variable types like covariance matrices, then the sampler is fine,
Chain 1 but if this warning occurs often then your model may be either severely ill-conditioned or misspecified.
Chain 1 
Chain 1 Informational Message: The current Metropolis proposal is about to be rejected because of the following issue:
Chain 1 Exception: neg_binomial_2_lpmf: Location parameter[1] is 0, but must be positive finite! (in '/tmp/Rtmpqf7fkc/model-128b9471c20d75.stan', line 470, column 2 to column 59)
Chain 1 If this warning occurs sporadically, such as for highly constrained variable types like covariance matrices, then the sampler is fine,
Chain 1 but if this warning occurs often then your model may be either severely ill-conditioned or misspecified.
Chain 1 
Chain 1 Informational Message: The current Metropolis proposal is about to be rejected because of the following issue:
Chain 1 Exception: neg_binomial_2_lpmf: Location parameter[1] is inf, but must be positive finite! (in '/tmp/Rtmpqf7fkc/model-128b9471c20d75.stan', line 470, column 2 to column 59)
Chain 1 If this warning occurs sporadically, such as for highly constrained variable types like covariance matrices, then the sampler is fine,
Chain 1 but if this warning occurs often then your model may be either severely ill-conditioned or misspecified.
Chain 1 
Chain 1 Iteration:  100 / 2200 [  4%]  (Warmup) 
Chain 1 Iteration:  200 / 2200 [  9%]  (Warmup) 
Chain 1 Iteration:  300 / 2200 [ 13%]  (Warmup) 
Chain 1 Iteration:  400 / 2200 [ 18%]  (Warmup) 
Chain 1 Iteration:  500 / 2200 [ 22%]  (Warmup) 
Chain 1 Iteration:  600 / 2200 [ 27%]  (Warmup) 
Chain 1 Iteration:  700 / 2200 [ 31%]  (Warmup) 
Chain 1 Iteration:  701 / 2200 [ 31%]  (Sampling) 
Chain 1 Iteration:  800 / 2200 [ 36%]  (Sampling) 
Chain 1 Iteration:  900 / 2200 [ 40%]  (Sampling) 
Chain 1 Iteration: 1000 / 2200 [ 45%]  (Sampling) 
Chain 1 Iteration: 1100 / 2200 [ 50%]  (Sampling) 
Chain 1 Iteration: 1200 / 2200 [ 54%]  (Sampling) 
Chain 1 Iteration: 1300 / 2200 [ 59%]  (Sampling) 
Chain 1 Iteration: 1400 / 2200 [ 63%]  (Sampling) 
Chain 1 Iteration: 1500 / 2200 [ 68%]  (Sampling) 
Chain 1 Iteration: 1600 / 2200 [ 72%]  (Sampling) 
Chain 1 Iteration: 1700 / 2200 [ 77%]  (Sampling) 
Chain 1 Iteration: 1800 / 2200 [ 81%]  (Sampling) 
Chain 1 Iteration: 1900 / 2200 [ 86%]  (Sampling) 
Chain 1 Iteration: 2000 / 2200 [ 90%]  (Sampling) 
Chain 1 Iteration: 2100 / 2200 [ 95%]  (Sampling) 
Chain 1 Iteration: 2200 / 2200 [100%]  (Sampling) 
Chain 1 finished in 77885.0 seconds.
Warning: 35 of 1500 (2.0%) transitions ended with a divergence.
See https://mc-stan.org/misc/warnings for details.

Warning: 1465 of 1500 (98.0%) transitions hit the maximum treedepth limit of 10.
See https://mc-stan.org/misc/warnings for details.

[1] "Saving fit object..."
[1] "Calculating summary..."
[1] "Calculating samples..."
[1] "Calculating metadata..."
[1] "Summary of Hyperpriors (mu_*, sigma_*):"
# A tibble: 109 × 10
    variable       mean   median      sd     mad       q5     q95  rhat ess_bulk
    <chr>         <dbl>    <dbl>   <dbl>   <dbl>    <dbl>   <dbl> <dbl>    <dbl>
  1 mu_beta_i…  0.0671   0.0318  0.979   0.943   -1.48e+0  1.66   0.999    563. 
  2 mu_beta_r…  0.00453  0.00562 0.0399  0.0334  -5.91e-2  0.0679 1.00     289. 
  3 mu_beta_r…  0.0235   0.0274  0.0857  0.0707  -1.30e-1  0.151  0.999    172. 
  4 mu_beta_r…  0.158    0.156   0.129   0.116   -4.47e-2  0.374  1.02     160. 
  5 mu_beta_r…  0.0807   0.0809  0.472   0.345   -7.01e-1  0.825  1.01     178. 
  6 mu_beta_r… -0.00351 -0.00713 0.0833  0.0632  -1.31e-1  0.123  1.00     277. 
  7 mu_beta_r… -0.0685  -0.0665  0.124   0.105   -2.77e-1  0.121  1.01     309. 
  8 mu_beta_r…  0.0258   0.0165  0.386   0.339   -5.77e-1  0.638  1.00     215. 
  9 mu_beta_r…  0.0250   0.0102  0.368   0.297   -5.68e-1  0.644  1.00     209. 
 10 mu_beta_r… -0.00893 -0.0197  0.368   0.299   -6.13e-1  0.605  1.00     213. 
 11 mu_beta_r…  0.0656   0.0538  0.361   0.317   -5.06e-1  0.703  1.00     280. 
 12 mu_beta_r…  0.0131   0.00954 0.358   0.306   -5.69e-1  0.633  1.00     276. 
 13 mu_beta_r… -0.0719  -0.0750  0.362   0.307   -6.49e-1  0.533  1.00     267. 
 14 mu_beta_r… -0.0263  -0.0347  0.349   0.263   -5.67e-1  0.563  1.04      79.2
 15 mu_beta_r… -0.0393  -0.0493  0.345   0.261   -5.88e-1  0.544  1.04      68.2
 16 mu_beta_r… -0.145   -0.160   0.346   0.267   -6.87e-1  0.447  1.04      76.3
 17 mu_beta_r… -0.177   -0.149   0.234   0.155   -4.85e-1  0.0925 1.00     208. 
 18 mu_beta_r…  0.0267   0.0171  0.453   0.349   -7.08e-1  0.783  1.02     147. 
 19 mu_beta_r…  0.0642   0.0327  0.461   0.395   -6.84e-1  0.895  1.01     130. 
 20 mu_beta_r…  0.218    0.197   0.383   0.320   -3.74e-1  0.903  1.04      88.3
 21 mu_beta_r… -0.00649  0.0460  1.52    1.12    -2.30e+0  2.41   1.01     977. 
 22 mu_beta_r… -0.0598  -0.0176  1.45    1.09    -2.41e+0  2.28   1.00    1334. 
 23 mu_beta_r… -0.752   -0.773   0.812   0.781   -2.03e+0  0.540  1.00     410. 
 24 mu_beta_r… -0.620   -0.635   0.776   0.641   -1.76e+0  0.566  1.00     327. 
 25 mu_beta_r… -0.135   -0.0974  0.596   0.477   -1.05e+0  0.813  1.00     386. 
 26 mu_beta_r…  0.608    0.618   0.555   0.549   -2.25e-1  1.51   1.00     282. 
 27 mu_beta_r…  0.277    0.259   0.433   0.394   -4.11e-1  1.02   1.00     417. 
 28 mu_beta_r…  0.304    0.277   0.365   0.336   -2.52e-1  0.951  1.00     401. 
 29 mu_beta_r…  0.0487   0.0482  0.361   0.347   -5.31e-1  0.683  1.00     440. 
 30 mu_beta_r… -0.191   -0.188   0.418   0.385   -8.48e-1  0.493  1.00     424. 
 31 mu_beta_r…  0.0512   0.0510  0.0318  0.0303  -1.35e-3  0.104  1.00     250. 
 32 mu_beta_f… -0.0430  -0.0430  0.0104  0.0103  -6.05e-2 -0.0258 0.999    458. 
 33 mu_beta_f… -0.0330  -0.0328  0.0125  0.0126  -5.39e-2 -0.0130 1.00     426. 
 34 mu_beta_f… -0.00594 -0.00615 0.0130  0.0134  -2.75e-2  0.0149 1.00     375. 
 35 mu_beta_f…  0.0492   0.0495  0.0122  0.0124   2.86e-2  0.0691 1.00     385. 
 36 mu_beta_f…  0.0620   0.0576  0.466   0.337   -6.84e-1  0.806  1.01     176. 
 37 mu_beta_f…  0.0139   0.0125  0.467   0.338   -7.32e-1  0.750  1.01     176. 
 38 mu_beta_f…  0.168    0.168   0.0790  0.0792   3.81e-2  0.296  1.00     499. 
 39 mu_beta_f…  0.0396   0.0398  0.0132  0.0129   1.77e-2  0.0610 1.00    1383. 
 40 mu_beta_f… -0.0238  -0.0238  0.00467 0.00469 -3.15e-2 -0.0162 1.00    1960. 
 41 mu_gamma[…  0.00703  0.00696 0.00484 0.00494 -8.99e-4  0.0148 1.00    1053. 
 42 mu_gamma[… -0.0584  -0.0676  0.991   1.01    -1.68e+0  1.55   1.00    1050. 
 43 mu_alpha_…  0.351    0.361   0.116   0.0909   1.67e-1  0.512  1.00     227. 
 44 mu_alpha_…  0.260    0.263   0.103   0.0900   1.00e-1  0.419  1.00     149. 
 45 mu_alpha_…  0.166    0.166   0.0138  0.0141   1.43e-1  0.188  1.00     409. 
 46 mu_alpha_…  0.0976   0.0978  0.0128  0.0132   7.75e-2  0.119  1.00     387. 
 47 mu_alpha_…  0.129    0.129   0.0134  0.0132   1.07e-1  0.152  1.00     441. 
 48 mu_alpha_…  0.162    0.162   0.0135  0.0134   1.40e-1  0.184  1.00     499. 
 49 mu_alpha_…  0.130    0.131   0.0136  0.0134   1.08e-1  0.154  1.00     594. 
 50 mu_alpha_… -0.00455 -0.00488 0.0166  0.0172  -3.06e-2  0.0238 0.999    848. 
 51 mu_alpha_…  0.0423   0.0417  0.0165  0.0159   1.55e-2  0.0714 1.00     757. 
 52 mu_alpha_…  0.0276   0.0276  0.0162  0.0159   1.46e-3  0.0551 1.01     656. 
 53 mu_alpha_…  0.0283   0.0283  0.0167  0.0159  -3.06e-4  0.0559 1.00     649. 
 54 mu_alpha_…  0.00372  0.00381 0.0157  0.0155  -2.23e-2  0.0308 1.00     977. 
 55 mu_delta_… -0.450   -0.448   0.0681  0.0610  -5.63e-1 -0.338  1.00     262. 
 56 mu_delta_…  0.407    0.433   0.269   0.246   -9.33e-2  0.813  1.00     263. 
 57 mu_delta_… -0.351   -0.351   0.0158  0.0159  -3.77e-1 -0.325  1.00     303. 
 58 mu_delta_… -0.263   -0.263   0.0147  0.0149  -2.88e-1 -0.240  1.00     279. 
 59 mu_delta_… -0.312   -0.312   0.0159  0.0155  -3.37e-1 -0.285  1.00     323. 
 60 mu_delta_… -0.304   -0.305   0.0161  0.0165  -3.31e-1 -0.278  1.00     341. 
 61 mu_delta_… -0.297   -0.297   0.0159  0.0164  -3.22e-1 -0.270  1.00     396. 
 62 mu_delta_…  0.0373   0.0370  0.0371  0.0370  -2.33e-2  0.100  1.00     727. 
 63 mu_delta_…  0.0149   0.0155  0.0317  0.0317  -3.62e-2  0.0668 0.999    768. 
 64 mu_delta_…  0.0686   0.0685  0.0369  0.0368   8.46e-3  0.127  1.00     658. 
 65 mu_delta_…  0.00750  0.00820 0.0355  0.0368  -5.25e-2  0.0644 1.00     620. 
 66 mu_delta_…  0.127    0.127   0.0308  0.0319   7.71e-2  0.176  1.00     722. 
 67 mu_phi_log  1.78     1.82    0.398   0.321    1.09e+0  2.36   1.03     145. 
 68 mu_pi_log… -3.12    -3.11    0.523   0.464   -4.00e+0 -2.25   1.02     232. 
 69 sigma_bet…  0.839    0.626   0.786   0.626    4.12e-2  2.29   1.01     268. 
 70 sigma_bet…  0.0862   0.0753  0.0466  0.0308   4.03e-2  0.181  1.00     380. 
 71 sigma_bet…  0.190    0.168   0.0869  0.0615   9.91e-2  0.349  1.01     327. 
 72 sigma_bet…  0.308    0.280   0.133   0.0923   1.67e-1  0.545  1.00     332. 
 73 sigma_bet…  0.185    0.163   0.0870  0.0588   9.74e-2  0.351  1.00     309. 
 74 sigma_bet…  0.154    0.134   0.102   0.0728   3.52e-2  0.332  1.00     269. 
 75 sigma_bet…  0.292    0.262   0.141   0.103    1.40e-1  0.526  1.00     469. 
 76 sigma_bet…  0.341    0.302   0.173   0.122    1.60e-1  0.633  1.01     311. 
 77 sigma_bet…  0.104    0.0900  0.0790  0.0679   1.08e-2  0.242  1.01     287. 
 78 sigma_bet…  0.0925   0.0717  0.0819  0.0618   7.48e-3  0.245  1.00     439. 
 79 sigma_bet…  0.119    0.102   0.0918  0.0800   9.76e-3  0.297  1.00     302. 
 80 sigma_bet…  0.0792   0.0588  0.0756  0.0565   5.73e-3  0.225  1.00     514. 
 81 sigma_bet…  0.0781   0.0578  0.0750  0.0535   4.44e-3  0.222  1.00     350. 
 82 sigma_bet…  0.0835   0.0600  0.0914  0.0578   4.57e-3  0.247  1.01     365. 
 83 sigma_bet…  0.124    0.100   0.109   0.0860   1.18e-2  0.318  1.00     319. 
 84 sigma_bet…  0.0936   0.0730  0.0828  0.0654   6.24e-3  0.251  1.00     326. 
 85 sigma_bet…  0.353    0.309   0.206   0.117    1.73e-1  0.659  1.00     297. 
 86 sigma_bet…  0.140    0.119   0.110   0.0844   1.50e-2  0.340  1.00     339. 
 87 sigma_bet…  0.256    0.229   0.129   0.0997   1.08e-1  0.481  1.01     339. 
 88 sigma_bet…  0.431    0.390   0.187   0.133    2.21e-1  0.771  1.00     283. 
 89 sigma_bet…  0.978    0.711   0.935   0.707    5.18e-2  2.86   1.01    1099. 
 90 sigma_bet…  0.984    0.708   1.01    0.697    4.14e-2  3.06   1.00    1414. 
 91 sigma_bet…  0.942    0.711   0.874   0.666    5.19e-2  2.64   1.00     691. 
 92 sigma_bet…  0.833    0.574   0.805   0.595    4.25e-2  2.43   1.00     517. 
 93 sigma_bet…  0.727    0.498   0.729   0.508    4.55e-2  2.19   1.01     612. 
 94 sigma_bet…  1.03     0.931   0.450   0.361    5.06e-1  1.87   1.00     334. 
 95 sigma_bet…  0.738    0.678   0.343   0.271    3.39e-1  1.38   1.00     174. 
 96 sigma_bet…  0.280    0.240   0.207   0.173    2.74e-2  0.655  1.02     148. 
 97 sigma_bet…  0.252    0.212   0.207   0.175    1.97e-2  0.641  1.00     144. 
 98 sigma_bet…  0.448    0.388   0.326   0.264    5.93e-2  1.03   1.01     110. 
 99 sigma_bet…  0.0499   0.0436  0.0264  0.0193   2.21e-2  0.102  1.00     332. 
100 sigma_gam…  0.321    0.275   0.233   0.234    3.02e-2  0.755  1.00     818. 
101 sigma_gam…  0.312    0.261   0.244   0.249    2.67e-2  0.775  1.00     942. 
102 sigma_alp…  0.249    0.225   0.108   0.0812   1.33e-1  0.452  1.00     306. 
103 sigma_alp…  0.233    0.211   0.111   0.0783   1.17e-1  0.423  1.00     306. 
104 sigma_del…  0.134    0.117   0.0819  0.0631   4.17e-2  0.272  1.00     356. 
105 sigma_del…  0.674    0.620   0.259   0.212    3.80e-1  1.22   1.00     393. 
106 sigma_phi…  0.891    0.809   0.343   0.261    5.02e-1  1.51   1.02     260. 
107 sigma_pi_…  1.40     1.31    0.432   0.389    8.54e-1  2.23   0.999    394. 
108 sigma_gam…  0.800    0.709   0.563   0.557    6.52e-2  1.84   0.999    961. 
109 sigma_gam…  0.782    0.632   0.605   0.557    6.98e-2  1.93   1.00     769. 
# ℹ 1 more variable: ess_tail <dbl>
[1] "Calculating lambda_mean..."
[1] "Calculating lambda_test_mean..."
[1] "Calculating y_rep_mean..."
[1] "Calculating y_test_rep_mean..."
[1] "Generating plots..."
[1] "exposure_2HRX9P6HKXA8V_1" "exposure_ED5J990H5VAZT_1"
[3] "exposure_JHDN7CF1C03X5_1" "exposure_L69HYJ4Y3TR91_1"
[5] "exposure_SRQS8F7JWA9MZ_1" "exposure_W8T41JZK0ZMEP_1"
[1] 6
Adding missing grouping variables: `location_id_num`
[1] "Skipping daily plot for SRQS8F7JWA9MZ due to missing daily data."
[1] "Skipping daily plot for 2HRX9P6HKXA8V due to missing daily data."
[1] "Skipping daily plot for JHDN7CF1C03X5 due to missing daily data."
[1] "Skipping daily plot for L69HYJ4Y3TR91 due to missing daily data."
[1] "Skipping daily plot for ED5J990H5VAZT due to missing daily data."
[1] "Skipping daily plot for W8T41JZK0ZMEP due to missing daily data."
[1] "Skipping MLflow logging as existing fit file was loaded."
[1] "Done."
           used  (Mb) gc trigger   (Mb)  max used   (Mb)
Ncells  5141562 274.6    8450822  451.4   8450822  451.4
Vcells 10861107  82.9  258552778 1972.7 323190683 2465.8
Warning messages:
1: Dropping 'draws_df' class as required metadata was removed. 
2: Dropping 'draws_df' class as required metadata was removed. 
3: Dropping 'draws_df' class as required metadata was removed. 
4: Dropping 'draws_df' class as required metadata was removed. 
5: There was 1 warning in `summarize()`.
ℹ In argument: `date = min(date)`.
Caused by warning in `min.default()`:
! no non-missing arguments to min; returning Inf 
