- The project is out-of-sync -- use `renv::status()` for details.
Warning message:
renv took longer than expected (12 seconds) to activate the sandbox.

The sandbox can be disabled by setting:

    RENV_CONFIG_SANDBOX_ENABLED = FALSE

within an appropriate start-up .Renviron file.

See `?renv::config` for more details. 
── Attaching core tidyverse packages ──────────────────────── tidyverse 2.0.0 ──
✔ dplyr     1.1.4     ✔ readr     2.1.5
✔ forcats   1.0.0     ✔ stringr   1.5.1
✔ ggplot2   3.5.1     ✔ tibble    3.2.1
✔ lubridate 1.9.4     ✔ tidyr     1.3.1
✔ purrr     1.0.4     
[conflicted] Will prefer dplyr::select over any other package.
[conflicted] Will prefer dplyr::filter over any other package.
[conflicted] Will prefer lubridate::year over any other package.
[conflicted] Will prefer lubridate::month over any other package.
[conflicted] Will prefer purrr::map over any other package.
[conflicted] Will prefer stats::sd over any other package.
[conflicted] Will prefer base::match over any other package.
This is cmdstanr version 0.9.0
- CmdStanR documentation and vignettes: mc-stan.org/cmdstanr
- CmdStan path: /home/nuttidalab/.cmdstan/cmdstan-2.36.0
- CmdStan version: 2.36.0

A newer version of CmdStan is available. See ?install_cmdstan() to install it.
To disable this check set option or environment variable cmdstanr_no_ver_check=TRUE.
This is posterior version 1.6.0
Registered S3 method overwritten by 'tsibble':
  method               from 
  as_tibble.grouped_df dplyr
── Attaching packages ──────────────────────────────────────────── fpp3 1.0.1 ──
✔ tsibble     1.1.6     ✔ feasts      0.4.1
✔ tsibbledata 0.4.1     ✔ fable       0.4.1
Loading required package: R.oo
Loading required package: R.methodsS3
R.methodsS3 v1.8.2 (2022-06-13 22:00:14 UTC) successfully loaded. See ?R.methodsS3 for help.
R.oo v1.27.0 (2024-11-01 18:00:02 UTC) successfully loaded. See ?R.oo for help.

Attaching package: ‘R.oo’

The following object is masked from ‘package:R.methodsS3’:

    throw

The following object is masked from ‘package:shiny’:

    printStackTrace

The following object is masked from ‘package:renv’:

    load

The following objects are masked from ‘package:methods’:

    getClasses, getMethods

The following objects are masked from ‘package:base’:

    attach, detach, load, save

R.utils v2.13.0 (2025-02-24 21:20:02 UTC) successfully loaded. See ?R.utils for help.
Registered S3 method overwritten by 'quantmod':
  method            from
  as.zoo.data.frame zoo 
Registered S3 methods overwritten by 'bayesforecast':
  method      from    
  autoplot.ts forecast
  forecast.ts forecast
  fortify.ts  forecast
  print.garch tseries 
[1] "# of rows: 34628"
[1] "# of rows: 8741"
[1] "Found 6 exposure columns in the data: exposure_2HRX9P6HKXA8V_1, exposure_ED5J990H5VAZT_1, exposure_JHDN7CF1C03X5_1, exposure_L69HYJ4Y3TR91_1, exposure_SRQS8F7JWA9MZ_1, exposure_W8T41JZK0ZMEP_1"
Numeric columns considered for scaling:
vegan_window_sum_item_quantity,
vegetarian_window_sum_item_quantity,
meat_window_sum_item_quantity,
vegan_window_avg_item_price,
vegetarian_window_avg_item_price,
meat_window_avg_item_price,
breakfast_p_window_avg_item_price,
textured_p_window_avg_item_price,
untextured_p_window_avg_item_price,
chicken_p_window_avg_item_price,
dairy_p_window_avg_item_price,
egg_p_window_avg_item_price,
breakfast_window_avg_item_price,
textured_window_avg_item_price,
untextured_window_avg_item_price,
breakfast_t2_window_avg_item_price,
textured_t2_window_avg_item_price,
untextured_t2_window_avg_item_price,
chicken_t2_window_avg_item_price,
dairy_t2_window_avg_item_price,
day_of_month,
Value,
vegan_price_real,
vegetarian_price_real,
meat_price_real,
breakfast_p_price_real,
textured_p_price_real,
untextured_p_price_real,
chicken_p_price_real,
dairy_p_price_real,
egg_p_price_real,
breakfast_price_real,
textured_price_real,
untextured_price_real,
breakfast_t2_price_real,
textured_t2_price_real,
untextured_t2_price_real,
chicken_t2_price_real,
dairy_t2_price_real,
inflation,
temp,
precip[1] "Successfully created `expo_to_rest` mapping."
[1] "Successfully created `expo_to_param` mapping."
Identified 6 exposure columns in the design matrix: 
exposure_2HRX9P6HKXA8V_1, 
exposure_ED5J990H5VAZT_1, 
exposure_JHDN7CF1C03X5_1, 
exposure_L69HYJ4Y3TR91_1, 
exposure_SRQS8F7JWA9MZ_1, 
exposure_W8T41JZK0ZMEP_1
Identified 30 random beta columns: 
vegan_price_real, 
vegetarian_price_real, 
meat_price_real, 
weekend, 
holiday_window, 
month_cat2, 
month_cat3, 
month_cat4, 
month_cat5, 
month_cat6, 
month_cat7, 
month_cat8, 
month_cat9, 
month_cat10, 
month_cat11, 
month_cat12, 
seasonspring, 
seasonsummer, 
seasonwinter, 
year_cat2014, 
year_cat2015, 
year_cat2016, 
year_cat2017, 
year_cat2018, 
year_cat2019, 
year_cat2020, 
year_cat2021, 
year_cat2022, 
year_cat2023, 
date_num
Identified 9 fixed beta columns: 
day_of_week_cat1, 
day_of_week_cat2, 
day_of_week_cat3, 
day_of_week_cat4, 
day_of_week_cat5, 
day_of_week_cat6, 
inflation, 
temp, 
precip
Identified 2 random alpha indices (positions): 
1, 7
Identified 2 random delta indices (positions): 
1, 7
[1] "Loading known ZI probabilities from: model_fits/finalized_redone_zi/proportion/total/mpbamod_dishes_count"
[1] "Per-restaurant pi_known: 0.011, 0.0342, 0.1252, 0.0114, 0.0935, 0.0872"
$R
[1] 6

$J
[1] 46

$p_effective
[1] 12

$q_effective
[1] 12

$M
[1] 2

$idx_intercept
[1] 1

$K_beta_random
[1] 30

$idx_beta_random
[1] 2 3 4 5 6 7

$K_beta_fixed
[1] 9

$idx_beta_fixed
[1] 32 33 34 35 36 37

$K_exposure
[1] 6

$idx_exposure
[1] 41 42 43 44 45 46

$expo_to_rest
[1] 2 5 3 4 1 6

$expo_to_param
[1] 1 1 1 1 1 1

$effective_lags_alpha
[1] 1 2 3 4 5 6

$K_alpha_random
[1] 2

$idx_alpha_random
[1] 1 7

$K_alpha_fixed
[1] 10

$idx_alpha_fixed
[1] 2 3 4 5 6 8

$effective_lags_delta
[1] 1 2 3 4 5 6

$K_delta_random
[1] 2

$idx_delta_random
[1] 1 7

$K_delta_fixed
[1] 10

$idx_delta_fixed
[1] 2 3 4 5 6 8

$N_train
[1] 8300

$X_train
  (Intercept) vegan_price_real vegetarian_price_real meat_price_real weekend
1           1         -5.14667              -1.48268       -1.478171       0
2           1         -5.14667              -1.48268       -1.347067       0
3           1         -5.14667              -1.48268       -1.609274       0
4           1         -5.14667              -1.48268       -1.609274       1
5           1         -5.14667              -1.48268       -1.609274       1
6           1         -5.14667              -1.48268       -1.425729       0
  holiday_window month_cat2 month_cat3 month_cat4 month_cat5 month_cat6
1              0          0          0          0          1          0
2              0          0          0          0          1          0
3              0          0          0          0          1          0
4              0          0          0          0          1          0
5              0          0          0          0          1          0
6              0          0          0          0          1          0
  month_cat7 month_cat8 month_cat9 month_cat10 month_cat11 month_cat12
1          0          0          0           0           0           0
2          0          0          0           0           0           0
3          0          0          0           0           0           0
4          0          0          0           0           0           0
5          0          0          0           0           0           0
6          0          0          0           0           0           0
  seasonspring seasonsummer seasonwinter year_cat2014 year_cat2015 year_cat2016
1            1            0            0            0            0            0
2            1            0            0            0            0            0
3            1            0            0            0            0            0
4            1            0            0            0            0            0
5            1            0            0            0            0            0
6            1            0            0            0            0            0
  year_cat2017 year_cat2018 year_cat2019 year_cat2020 year_cat2021 year_cat2022
1            0            0            1            0            0            0
2            0            0            1            0            0            0
3            0            0            1            0            0            0
4            0            0            1            0            0            0
5            0            0            1            0            0            0
6            0            0            1            0            0            0
  year_cat2023 date_num day_of_week_cat1 day_of_week_cat2 day_of_week_cat3
1            0 49.32786                0                1                0
2            0 49.33060                0                0                1
3            0 49.33333                0                0                0
4            0 49.33607                0                0                0
5            0 49.33881                0                0                0
6            0 49.34155                0                0                0
  day_of_week_cat4 day_of_week_cat5 day_of_week_cat6 inflation          temp
1                0                0                0 -1.272144 -3.242225e-01
2                0                0                0 -1.272144 -3.748844e-01
3                1                0                0 -1.272144 -1.621043e-01
4                0                1                0 -1.272144  1.382317e-05
5                0                0                1 -1.272144  1.722643e-01
6                0                0                0 -1.272144  5.167654e-01
       precip exposure_2HRX9P6HKXA8V_1 exposure_ED5J990H5VAZT_1
1  2.41288781                        0                        0
2  0.02723881                        0                        0
3  1.62378853                        0                        0
4 -0.33978411                        0                        0
5 -0.41318870                        0                        0
6 -0.41318870                        0                        0
  exposure_JHDN7CF1C03X5_1 exposure_L69HYJ4Y3TR91_1 exposure_SRQS8F7JWA9MZ_1
1                        0                        0                        0
2                        0                        0                        0
3                        0                        0                        0
4                        0                        0                        0
5                        0                        0                        0
6                        0                        0                        0
  exposure_W8T41JZK0ZMEP_1
1                        0
2                        0
3                        0
4                        0
5                        0
6                        0

$y_train
[1] 21 12 18  0  0 15

$idx_to_rest_train
[1] 1 1 1 1 1 1

$train_start_idx
[1]    1 1467 3048 4343 4616 7107

$train_end_idx
[1] 1466 3047 4342 4615 7106 8300

$N_test
[1] 441

$X_test
  (Intercept) vegan_price_real vegetarian_price_real meat_price_real weekend
1           1        1.1547975              2.057063        2.331697       1
2           1       -0.7727103              1.804772        2.260708       1
3           1        1.1547975              1.865474        2.539707       0
4           1        0.3516693              1.859693        2.905626       0
5           1       -2.4592797              1.003850        2.615725       0
6           1       -0.4514590              2.224164        2.612323       0
  holiday_window month_cat2 month_cat3 month_cat4 month_cat5 month_cat6
1              0          0          0          0          1          0
2              0          0          0          0          1          0
3              0          0          0          0          1          0
4              0          0          0          0          1          0
5              0          0          0          0          1          0
6              0          0          0          0          1          0
  month_cat7 month_cat8 month_cat9 month_cat10 month_cat11 month_cat12
1          0          0          0           0           0           0
2          0          0          0           0           0           0
3          0          0          0           0           0           0
4          0          0          0           0           0           0
5          0          0          0           0           0           0
6          0          0          0           0           0           0
  seasonspring seasonsummer seasonwinter year_cat2014 year_cat2015 year_cat2016
1            1            0            0            0            0            0
2            1            0            0            0            0            0
3            1            0            0            0            0            0
4            1            0            0            0            0            0
5            1            0            0            0            0            0
6            1            0            0            0            0            0
  year_cat2017 year_cat2018 year_cat2019 year_cat2020 year_cat2021 year_cat2022
1            0            0            0            0            0            0
2            0            0            0            0            0            0
3            0            0            0            0            0            0
4            0            0            0            0            0            0
5            0            0            0            0            0            0
6            0            0            0            0            0            0
  year_cat2023 date_num day_of_week_cat1 day_of_week_cat2 day_of_week_cat3
1            1 53.34155                0                0                0
2            1 53.34428                0                0                0
3            1 53.34702                0                0                0
4            1 53.34976                1                0                0
5            1 53.35250                0                1                0
6            1 53.35524                0                0                1
  day_of_week_cat4 day_of_week_cat5 day_of_week_cat6 inflation      temp
1                0                1                0   2.07598 0.2634558
2                0                0                1   2.07598 0.3343825
3                0                0                0   2.07598 0.4154416
4                0                0                0   2.07598 0.2330587
5                0                0                0   2.07598 0.3343825
6                0                0                0   2.07598 0.8916636
      precip exposure_2HRX9P6HKXA8V_1 exposure_ED5J990H5VAZT_1
1 -0.4131887                        0                        0
2  1.6237885                        0                        0
3 -0.4131887                        0                        0
4 -0.4131887                        0                        0
5 -0.4131887                        0                        0
6 -0.4131887                        0                        0
  exposure_JHDN7CF1C03X5_1 exposure_L69HYJ4Y3TR91_1 exposure_SRQS8F7JWA9MZ_1
1                        0                        0                        2
2                        0                        0                        2
3                        0                        0                        2
4                        0                        0                        2
5                        0                        0                        2
6                        0                        0                        2
  exposure_W8T41JZK0ZMEP_1
1                        0
2                        0
3                        0
4                        0
5                        0
6                        0

$y_test
[1] 310 164  83  99 111 108

$idx_to_rest_test
[1] 1 1 1 1 1 1

$test_start_idx
[1]   1  79 163 232 247 379

$test_end_idx
[1]  78 162 231 246 378 441

$N_zeros
[1] 750

$idx_zeros
[1]   4   5  11  12 239 246

$mu_gamma_scale
[1] 1

$sigma_gamma_between_scale
[1] 1

$sigma_gamma_within_scale
[1] 1

$mu_beta_scale
[1] 1

$sigma_beta_scale
[1] 1

$mu_alpha_scale
[1] 1

$sigma_alpha_scale
[1] 1

$mu_delta_scale
[1] 1

$sigma_delta_scale
[1] 1

$mu_phi_log_scale
[1] 1

$sigma_phi_log_scale
[1] 1

$z_eta_scale
[1] 3

$z_gamma_scale
[1] 3

$z_beta_scale
[1] 3

$z_ingarch_scale
[1] 3

$pi_known
[1] 0.01099876 0.03417401 0.12522279 0.01138960 0.09345907 0.08715679

[1] "Using Stan model: model_multilevel_transfer_zi_data.stan"
[1] "Fitting the multilevel model..."
Running MCMC with 2 parallel chains...

Chain 2 Informational Message: The current Metropolis proposal is about to be rejected because of the following issue:
Chain 2 Exception: neg_binomial_2_lpmf: Location parameter[1] is -nan, but must be positive finite! (in '/tmp/RtmpJqfHmu/model-2cbf9617ca6050.stan', line 451, column 2 to column 59)
Chain 2 If this warning occurs sporadically, such as for highly constrained variable types like covariance matrices, then the sampler is fine,
Chain 2 but if this warning occurs often then your model may be either severely ill-conditioned or misspecified.
Chain 2 
Chain 1 Informational Message: The current Metropolis proposal is about to be rejected because of the following issue:
Chain 1 Exception: neg_binomial_2_lpmf: Location parameter[1] is -nan, but must be positive finite! (in '/tmp/RtmpJqfHmu/model-2cbf9617ca6050.stan', line 451, column 2 to column 59)
Chain 1 If this warning occurs sporadically, such as for highly constrained variable types like covariance matrices, then the sampler is fine,
Chain 1 but if this warning occurs often then your model may be either severely ill-conditioned or misspecified.
Chain 1 
Chain 1 Informational Message: The current Metropolis proposal is about to be rejected because of the following issue:
Chain 1 Exception: neg_binomial_2_lpmf: Location parameter[1] is -nan, but must be positive finite! (in '/tmp/RtmpJqfHmu/model-2cbf9617ca6050.stan', line 451, column 2 to column 59)
Chain 1 If this warning occurs sporadically, such as for highly constrained variable types like covariance matrices, then the sampler is fine,
Chain 1 but if this warning occurs often then your model may be either severely ill-conditioned or misspecified.
Chain 1 
Chain 1 Informational Message: The current Metropolis proposal is about to be rejected because of the following issue:
Chain 1 Exception: neg_binomial_2_lpmf: Location parameter[1] is -nan, but must be positive finite! (in '/tmp/RtmpJqfHmu/model-2cbf9617ca6050.stan', line 451, column 2 to column 59)
Chain 1 If this warning occurs sporadically, such as for highly constrained variable types like covariance matrices, then the sampler is fine,
Chain 1 but if this warning occurs often then your model may be either severely ill-conditioned or misspecified.
Chain 1 
Chain 1 Informational Message: The current Metropolis proposal is about to be rejected because of the following issue:
Chain 1 Exception: neg_binomial_2_lpmf: Location parameter[1] is -nan, but must be positive finite! (in '/tmp/RtmpJqfHmu/model-2cbf9617ca6050.stan', line 451, column 2 to column 59)
Chain 1 If this warning occurs sporadically, such as for highly constrained variable types like covariance matrices, then the sampler is fine,
Chain 1 but if this warning occurs often then your model may be either severely ill-conditioned or misspecified.
Chain 1 
Chain 2 Informational Message: The current Metropolis proposal is about to be rejected because of the following issue:
Chain 2 Exception: neg_binomial_2_lpmf: Location parameter[1] is -nan, but must be positive finite! (in '/tmp/RtmpJqfHmu/model-2cbf9617ca6050.stan', line 451, column 2 to column 59)
Chain 2 If this warning occurs sporadically, such as for highly constrained variable types like covariance matrices, then the sampler is fine,
Chain 2 but if this warning occurs often then your model may be either severely ill-conditioned or misspecified.
Chain 2 
Chain 1 Informational Message: The current Metropolis proposal is about to be rejected because of the following issue:
Chain 1 Exception: neg_binomial_2_lpmf: Location parameter[1] is 0, but must be positive finite! (in '/tmp/RtmpJqfHmu/model-2cbf9617ca6050.stan', line 451, column 2 to column 59)
Chain 1 If this warning occurs sporadically, such as for highly constrained variable types like covariance matrices, then the sampler is fine,
Chain 1 but if this warning occurs often then your model may be either severely ill-conditioned or misspecified.
Chain 1 
Chain 2 Informational Message: The current Metropolis proposal is about to be rejected because of the following issue:
Chain 2 Exception: neg_binomial_2_lpmf: Location parameter[1] is -nan, but must be positive finite! (in '/tmp/RtmpJqfHmu/model-2cbf9617ca6050.stan', line 451, column 2 to column 59)
Chain 2 If this warning occurs sporadically, such as for highly constrained variable types like covariance matrices, then the sampler is fine,
Chain 2 but if this warning occurs often then your model may be either severely ill-conditioned or misspecified.
Chain 2 
Chain 1 Informational Message: The current Metropolis proposal is about to be rejected because of the following issue:
Chain 1 Exception: neg_binomial_2_lpmf: Location parameter[1] is 0, but must be positive finite! (in '/tmp/RtmpJqfHmu/model-2cbf9617ca6050.stan', line 451, column 2 to column 59)
Chain 1 If this warning occurs sporadically, such as for highly constrained variable types like covariance matrices, then the sampler is fine,
Chain 1 but if this warning occurs often then your model may be either severely ill-conditioned or misspecified.
Chain 1 
Chain 2 Informational Message: The current Metropolis proposal is about to be rejected because of the following issue:
Chain 2 Exception: neg_binomial_2_lpmf: Location parameter[1] is -nan, but must be positive finite! (in '/tmp/RtmpJqfHmu/model-2cbf9617ca6050.stan', line 451, column 2 to column 59)
Chain 2 If this warning occurs sporadically, such as for highly constrained variable types like covariance matrices, then the sampler is fine,
Chain 2 but if this warning occurs often then your model may be either severely ill-conditioned or misspecified.
Chain 2 
Chain 1 Informational Message: The current Metropolis proposal is about to be rejected because of the following issue:
Chain 1 Exception: neg_binomial_2_lpmf: Location parameter[1] is inf, but must be positive finite! (in '/tmp/RtmpJqfHmu/model-2cbf9617ca6050.stan', line 451, column 2 to column 59)
Chain 1 If this warning occurs sporadically, such as for highly constrained variable types like covariance matrices, then the sampler is fine,
Chain 1 but if this warning occurs often then your model may be either severely ill-conditioned or misspecified.
Chain 1 
Chain 2 Informational Message: The current Metropolis proposal is about to be rejected because of the following issue:
Chain 2 Exception: neg_binomial_2_lpmf: Location parameter[1] is -nan, but must be positive finite! (in '/tmp/RtmpJqfHmu/model-2cbf9617ca6050.stan', line 451, column 2 to column 59)
Chain 2 If this warning occurs sporadically, such as for highly constrained variable types like covariance matrices, then the sampler is fine,
Chain 2 but if this warning occurs often then your model may be either severely ill-conditioned or misspecified.
Chain 2 
Chain 1 Informational Message: The current Metropolis proposal is about to be rejected because of the following issue:
Chain 1 Exception: neg_binomial_2_lpmf: Location parameter[1] is inf, but must be positive finite! (in '/tmp/RtmpJqfHmu/model-2cbf9617ca6050.stan', line 451, column 2 to column 59)
Chain 1 If this warning occurs sporadically, such as for highly constrained variable types like covariance matrices, then the sampler is fine,
Chain 1 but if this warning occurs often then your model may be either severely ill-conditioned or misspecified.
Chain 1 
Chain 2 Informational Message: The current Metropolis proposal is about to be rejected because of the following issue:
Chain 2 Exception: neg_binomial_2_lpmf: Location parameter[1] is inf, but must be positive finite! (in '/tmp/RtmpJqfHmu/model-2cbf9617ca6050.stan', line 451, column 2 to column 59)
Chain 2 If this warning occurs sporadically, such as for highly constrained variable types like covariance matrices, then the sampler is fine,
Chain 2 but if this warning occurs often then your model may be either severely ill-conditioned or misspecified.
Chain 2 
Chain 1 Informational Message: The current Metropolis proposal is about to be rejected because of the following issue:
Chain 1 Exception: neg_binomial_2_lpmf: Location parameter[1] is inf, but must be positive finite! (in '/tmp/RtmpJqfHmu/model-2cbf9617ca6050.stan', line 451, column 2 to column 59)
Chain 1 If this warning occurs sporadically, such as for highly constrained variable types like covariance matrices, then the sampler is fine,
Chain 1 but if this warning occurs often then your model may be either severely ill-conditioned or misspecified.
Chain 1 
Chain 2 Informational Message: The current Metropolis proposal is about to be rejected because of the following issue:
Chain 2 Exception: neg_binomial_2_lpmf: Location parameter[1] is inf, but must be positive finite! (in '/tmp/RtmpJqfHmu/model-2cbf9617ca6050.stan', line 451, column 2 to column 59)
Chain 2 If this warning occurs sporadically, such as for highly constrained variable types like covariance matrices, then the sampler is fine,
Chain 2 but if this warning occurs often then your model may be either severely ill-conditioned or misspecified.
Chain 2 
Chain 1 Informational Message: The current Metropolis proposal is about to be rejected because of the following issue:
Chain 1 Exception: neg_binomial_2_lpmf: Location parameter[1] is inf, but must be positive finite! (in '/tmp/RtmpJqfHmu/model-2cbf9617ca6050.stan', line 451, column 2 to column 59)
Chain 1 If this warning occurs sporadically, such as for highly constrained variable types like covariance matrices, then the sampler is fine,
Chain 1 but if this warning occurs often then your model may be either severely ill-conditioned or misspecified.
Chain 1 
Chain 2 Informational Message: The current Metropolis proposal is about to be rejected because of the following issue:
Chain 2 Exception: neg_binomial_2_lpmf: Location parameter[1] is inf, but must be positive finite! (in '/tmp/RtmpJqfHmu/model-2cbf9617ca6050.stan', line 451, column 2 to column 59)
Chain 2 If this warning occurs sporadically, such as for highly constrained variable types like covariance matrices, then the sampler is fine,
Chain 2 but if this warning occurs often then your model may be either severely ill-conditioned or misspecified.
Chain 2 
Chain 2 Informational Message: The current Metropolis proposal is about to be rejected because of the following issue:
Chain 2 Exception: neg_binomial_2_lpmf: Location parameter[1] is inf, but must be positive finite! (in '/tmp/RtmpJqfHmu/model-2cbf9617ca6050.stan', line 451, column 2 to column 59)
Chain 2 If this warning occurs sporadically, such as for highly constrained variable types like covariance matrices, then the sampler is fine,
Chain 2 but if this warning occurs often then your model may be either severely ill-conditioned or misspecified.
Chain 2 
Chain 1 Informational Message: The current Metropolis proposal is about to be rejected because of the following issue:
Chain 1 Exception: neg_binomial_2_lpmf: Location parameter[89] is inf, but must be positive finite! (in '/tmp/RtmpJqfHmu/model-2cbf9617ca6050.stan', line 451, column 2 to column 59)
Chain 1 If this warning occurs sporadically, such as for highly constrained variable types like covariance matrices, then the sampler is fine,
Chain 1 but if this warning occurs often then your model may be either severely ill-conditioned or misspecified.
Chain 1 
Chain 2 Informational Message: The current Metropolis proposal is about to be rejected because of the following issue:
Chain 2 Exception: neg_binomial_2_lpmf: Location parameter[1] is inf, but must be positive finite! (in '/tmp/RtmpJqfHmu/model-2cbf9617ca6050.stan', line 451, column 2 to column 59)
Chain 2 If this warning occurs sporadically, such as for highly constrained variable types like covariance matrices, then the sampler is fine,
Chain 2 but if this warning occurs often then your model may be either severely ill-conditioned or misspecified.
Chain 2 
Chain 2 Informational Message: The current Metropolis proposal is about to be rejected because of the following issue:
Chain 2 Exception: neg_binomial_2_lpmf: Location parameter[1] is inf, but must be positive finite! (in '/tmp/RtmpJqfHmu/model-2cbf9617ca6050.stan', line 451, column 2 to column 59)
Chain 2 If this warning occurs sporadically, such as for highly constrained variable types like covariance matrices, then the sampler is fine,
Chain 2 but if this warning occurs often then your model may be either severely ill-conditioned or misspecified.
Chain 2 
Chain 2 Informational Message: The current Metropolis proposal is about to be rejected because of the following issue:
Chain 2 Exception: neg_binomial_2_lpmf: Location parameter[172] is inf, but must be positive finite! (in '/tmp/RtmpJqfHmu/model-2cbf9617ca6050.stan', line 451, column 2 to column 59)
Chain 2 If this warning occurs sporadically, such as for highly constrained variable types like covariance matrices, then the sampler is fine,
Chain 2 but if this warning occurs often then your model may be either severely ill-conditioned or misspecified.
Chain 2 
Chain 1 Iteration:    1 / 2200 [  0%]  (Warmup) 
Chain 2 Iteration:    1 / 2200 [  0%]  (Warmup) 
Chain 2 Informational Message: The current Metropolis proposal is about to be rejected because of the following issue:
Chain 2 Exception: neg_binomial_2_lpmf: Location parameter[1] is -nan, but must be positive finite! (in '/tmp/RtmpJqfHmu/model-2cbf9617ca6050.stan', line 451, column 2 to column 59)
Chain 2 If this warning occurs sporadically, such as for highly constrained variable types like covariance matrices, then the sampler is fine,
Chain 2 but if this warning occurs often then your model may be either severely ill-conditioned or misspecified.
Chain 2 
Chain 2 Informational Message: The current Metropolis proposal is about to be rejected because of the following issue:
Chain 2 Exception: neg_binomial_2_lpmf: Location parameter[1] is -nan, but must be positive finite! (in '/tmp/RtmpJqfHmu/model-2cbf9617ca6050.stan', line 451, column 2 to column 59)
Chain 2 If this warning occurs sporadically, such as for highly constrained variable types like covariance matrices, then the sampler is fine,
Chain 2 but if this warning occurs often then your model may be either severely ill-conditioned or misspecified.
Chain 2 
Chain 2 Informational Message: The current Metropolis proposal is about to be rejected because of the following issue:
Chain 2 Exception: neg_binomial_2_lpmf: Location parameter[1] is -nan, but must be positive finite! (in '/tmp/RtmpJqfHmu/model-2cbf9617ca6050.stan', line 451, column 2 to column 59)
Chain 2 If this warning occurs sporadically, such as for highly constrained variable types like covariance matrices, then the sampler is fine,
Chain 2 but if this warning occurs often then your model may be either severely ill-conditioned or misspecified.
Chain 2 
Chain 2 Informational Message: The current Metropolis proposal is about to be rejected because of the following issue:
Chain 2 Exception: neg_binomial_2_lpmf: Location parameter[1] is inf, but must be positive finite! (in '/tmp/RtmpJqfHmu/model-2cbf9617ca6050.stan', line 451, column 2 to column 59)
Chain 2 If this warning occurs sporadically, such as for highly constrained variable types like covariance matrices, then the sampler is fine,
Chain 2 but if this warning occurs often then your model may be either severely ill-conditioned or misspecified.
Chain 2 
Chain 1 Informational Message: The current Metropolis proposal is about to be rejected because of the following issue:
Chain 1 Exception: neg_binomial_2_lpmf: Location parameter[1] is -nan, but must be positive finite! (in '/tmp/RtmpJqfHmu/model-2cbf9617ca6050.stan', line 451, column 2 to column 59)
Chain 1 If this warning occurs sporadically, such as for highly constrained variable types like covariance matrices, then the sampler is fine,
Chain 1 but if this warning occurs often then your model may be either severely ill-conditioned or misspecified.
Chain 1 
Chain 1 Informational Message: The current Metropolis proposal is about to be rejected because of the following issue:
Chain 1 Exception: neg_binomial_2_lpmf: Location parameter[1] is -nan, but must be positive finite! (in '/tmp/RtmpJqfHmu/model-2cbf9617ca6050.stan', line 451, column 2 to column 59)
Chain 1 If this warning occurs sporadically, such as for highly constrained variable types like covariance matrices, then the sampler is fine,
Chain 1 but if this warning occurs often then your model may be either severely ill-conditioned or misspecified.
Chain 1 
Chain 1 Informational Message: The current Metropolis proposal is about to be rejected because of the following issue:
Chain 1 Exception: neg_binomial_2_lpmf: Location parameter[1] is -nan, but must be positive finite! (in '/tmp/RtmpJqfHmu/model-2cbf9617ca6050.stan', line 451, column 2 to column 59)
Chain 1 If this warning occurs sporadically, such as for highly constrained variable types like covariance matrices, then the sampler is fine,
Chain 1 but if this warning occurs often then your model may be either severely ill-conditioned or misspecified.
Chain 1 
Chain 1 Informational Message: The current Metropolis proposal is about to be rejected because of the following issue:
Chain 1 Exception: neg_binomial_2_lpmf: Location parameter[1] is inf, but must be positive finite! (in '/tmp/RtmpJqfHmu/model-2cbf9617ca6050.stan', line 451, column 2 to column 59)
Chain 1 If this warning occurs sporadically, such as for highly constrained variable types like covariance matrices, then the sampler is fine,
Chain 1 but if this warning occurs often then your model may be either severely ill-conditioned or misspecified.
Chain 1 
Chain 1 Iteration:  100 / 2200 [  4%]  (Warmup) 
Chain 2 Iteration:  100 / 2200 [  4%]  (Warmup) 
Chain 1 Iteration:  200 / 2200 [  9%]  (Warmup) 
Chain 2 Iteration:  200 / 2200 [  9%]  (Warmup) 
Chain 1 Iteration:  300 / 2200 [ 13%]  (Warmup) 
Chain 2 Iteration:  300 / 2200 [ 13%]  (Warmup) 
Chain 1 Iteration:  400 / 2200 [ 18%]  (Warmup) 
Chain 2 Iteration:  400 / 2200 [ 18%]  (Warmup) 
Chain 1 Iteration:  500 / 2200 [ 22%]  (Warmup) 
Chain 2 Iteration:  500 / 2200 [ 22%]  (Warmup) 
Chain 1 Iteration:  600 / 2200 [ 27%]  (Warmup) 
Chain 2 Iteration:  600 / 2200 [ 27%]  (Warmup) 
Chain 1 Iteration:  700 / 2200 [ 31%]  (Warmup) 
Chain 1 Iteration:  701 / 2200 [ 31%]  (Sampling) 
Chain 2 Iteration:  700 / 2200 [ 31%]  (Warmup) 
Chain 2 Iteration:  701 / 2200 [ 31%]  (Sampling) 
Chain 1 Iteration:  800 / 2200 [ 36%]  (Sampling) 
Chain 2 Iteration:  800 / 2200 [ 36%]  (Sampling) 
Chain 1 Iteration:  900 / 2200 [ 40%]  (Sampling) 
Chain 2 Iteration:  900 / 2200 [ 40%]  (Sampling) 
Chain 1 Iteration: 1000 / 2200 [ 45%]  (Sampling) 
Chain 2 Iteration: 1000 / 2200 [ 45%]  (Sampling) 
Chain 1 Iteration: 1100 / 2200 [ 50%]  (Sampling) 
Chain 2 Iteration: 1100 / 2200 [ 50%]  (Sampling) 
Chain 1 Iteration: 1200 / 2200 [ 54%]  (Sampling) 
Chain 2 Iteration: 1200 / 2200 [ 54%]  (Sampling) 
Chain 1 Iteration: 1300 / 2200 [ 59%]  (Sampling) 
Chain 2 Iteration: 1300 / 2200 [ 59%]  (Sampling) 
Chain 1 Iteration: 1400 / 2200 [ 63%]  (Sampling) 
Chain 2 Iteration: 1400 / 2200 [ 63%]  (Sampling) 
Chain 1 Iteration: 1500 / 2200 [ 68%]  (Sampling) 
Chain 2 Iteration: 1500 / 2200 [ 68%]  (Sampling) 
Chain 1 Iteration: 1600 / 2200 [ 72%]  (Sampling) 
Chain 2 Iteration: 1600 / 2200 [ 72%]  (Sampling) 
Chain 1 Iteration: 1700 / 2200 [ 77%]  (Sampling) 
Chain 2 Iteration: 1700 / 2200 [ 77%]  (Sampling) 
Chain 1 Iteration: 1800 / 2200 [ 81%]  (Sampling) 
Chain 2 Iteration: 1800 / 2200 [ 81%]  (Sampling) 
Chain 1 Iteration: 1900 / 2200 [ 86%]  (Sampling) 
Chain 2 Iteration: 1900 / 2200 [ 86%]  (Sampling) 
Chain 1 Iteration: 2000 / 2200 [ 90%]  (Sampling) 
Chain 2 Iteration: 2000 / 2200 [ 90%]  (Sampling) 
Chain 1 Iteration: 2100 / 2200 [ 95%]  (Sampling) 
Chain 2 Iteration: 2100 / 2200 [ 95%]  (Sampling) 
Chain 1 Iteration: 2200 / 2200 [100%]  (Sampling) 
Chain 1 finished in 144937.0 seconds.
Chain 2 Iteration: 2200 / 2200 [100%]  (Sampling) 
Chain 2 finished in 145146.0 seconds.

Both chains finished successfully.
Mean chain execution time: 145041.5 seconds.
Total execution time: 145148.4 seconds.

Warning: 32 of 3000 (1.0%) transitions ended with a divergence.
See https://mc-stan.org/misc/warnings for details.

Warning: 2968 of 3000 (99.0%) transitions hit the maximum treedepth limit of 10.
See https://mc-stan.org/misc/warnings for details.

[1] "Saving fit object..."
[1] "Calculating summary..."
[1] "Calculating samples..."
[1] "Calculating metadata..."
[1] "Summary of Hyperpriors (mu_*, sigma_*):"
# A tibble: 107 × 10
    variable      mean   median      sd     mad       q5      q95  rhat ess_bulk
    <chr>        <dbl>    <dbl>   <dbl>   <dbl>    <dbl>    <dbl> <dbl>    <dbl>
  1 mu_beta_…  0.176    0.173   0.984   0.989   -1.46e+0  1.78     1.00    1306.
  2 mu_beta_…  0.0107   0.0119  0.0515  0.0408  -7.32e-2  0.0877   1.00     494.
  3 mu_beta_…  0.00477  0.00649 0.0639  0.0527  -9.91e-2  0.107    1.01     478.
  4 mu_beta_…  0.0711   0.0761  0.103   0.0822  -8.46e-2  0.217    1.00     428.
  5 mu_beta_…  0.0158   0.0279  0.529   0.427   -8.71e-1  0.848    1.01     700.
  6 mu_beta_…  0.0180   0.0186  0.0714  0.0571  -8.91e-2  0.127    1.00     679.
  7 mu_beta_… -0.0738  -0.0747  0.0889  0.0740  -2.07e-1  0.0657   1.00     668.
  8 mu_beta_…  0.0491   0.0321  0.395   0.319   -5.61e-1  0.699    1.00     586.
  9 mu_beta_…  0.0301   0.0212  0.388   0.308   -5.68e-1  0.655    1.00     598.
 10 mu_beta_…  0.0377   0.0312  0.391   0.310   -5.83e-1  0.670    1.00     610.
 11 mu_beta_…  0.0587   0.0560  0.331   0.279   -4.85e-1  0.620    1.00     598.
 12 mu_beta_… -0.00324 -0.00727 0.331   0.272   -5.57e-1  0.556    1.00     600.
 13 mu_beta_… -0.0370  -0.0388  0.331   0.270   -5.98e-1  0.534    1.00     606.
 14 mu_beta_… -0.0300  -0.0142  0.297   0.262   -5.38e-1  0.441    1.00     290.
 15 mu_beta_… -0.0308  -0.0178  0.294   0.256   -5.35e-1  0.432    1.00     286.
 16 mu_beta_… -0.112   -0.0975  0.297   0.260   -6.26e-1  0.350    1.00     285.
 17 mu_beta_… -0.0929  -0.0887  0.102   0.0935  -2.64e-1  0.0673   1.00     710.
 18 mu_beta_… -0.00683  0.00457 0.426   0.369   -6.95e-1  0.673    1.00     531.
 19 mu_beta_…  0.0200   0.0202  0.400   0.352   -6.70e-1  0.688    1.01     516.
 20 mu_beta_…  0.139    0.145   0.304   0.271   -3.68e-1  0.619    1.00     312.
 21 mu_beta_…  0.00139  0.0127  1.45    1.07    -2.31e+0  2.39     1.00    2796.
 22 mu_beta_…  0.0149  -0.0242  1.48    1.05    -2.28e+0  2.46     1.01    1769.
 23 mu_beta_… -0.0704  -0.0784  0.884   0.595   -1.45e+0  1.36     1.00    1073.
 24 mu_beta_…  0.00105  0.00225 0.845   0.585   -1.38e+0  1.35     1.00    1403.
 25 mu_beta_…  0.0442   0.0331  0.853   0.575   -1.28e+0  1.43     1.00    1190.
 26 mu_beta_…  0.439    0.425   0.386   0.340   -1.61e-1  1.06     1.01     639.
 27 mu_beta_…  0.0224   0.0278  0.389   0.339   -6.41e-1  0.666    1.00     494.
 28 mu_beta_…  0.103    0.105   0.318   0.298   -4.13e-1  0.623    1.00     561.
 29 mu_beta_… -0.0956  -0.0832  0.326   0.290   -6.45e-1  0.418    1.00     517.
 30 mu_beta_… -0.282   -0.272   0.357   0.330   -8.93e-1  0.267    1.00     539.
 31 mu_beta_…  0.0672   0.0676  0.0241  0.0241   2.59e-2  0.105    1.00     944.
 32 mu_beta_… -0.0386  -0.0386  0.0219  0.0222  -7.46e-2 -0.00387  1.00     926.
 33 mu_beta_… -0.0198  -0.0196  0.0230  0.0235  -5.80e-2  0.0179   1.00     862.
 34 mu_beta_…  0.0101   0.00987 0.0235  0.0240  -2.83e-2  0.0482   1.00     859.
 35 mu_beta_…  0.132    0.132   0.0230  0.0234   9.49e-2  0.170    1.00     918.
 36 mu_beta_…  0.126    0.0947  0.509   0.398   -6.60e-1  1.01     1.00     736.
 37 mu_beta_… -0.00469 -0.0330  0.509   0.396   -7.95e-1  0.885    1.00     735.
 38 mu_beta_…  0.0869   0.0864  0.0569  0.0577  -5.12e-3  0.178    1.00    1386.
 39 mu_beta_…  0.0547   0.0547  0.0109  0.0106   3.72e-2  0.0724   1.00    3091.
 40 mu_beta_… -0.0258  -0.0258  0.00431 0.00428 -3.28e-2 -0.0185   1.00    4788.
 41 mu_gamma…  0.0315   0.0325  0.0650  0.0506  -7.53e-2  0.132    1.01     562.
 42 mu_gamma… -0.0216  -0.0290  1.00    1.02    -1.64e+0  1.65     1.00    2607.
 43 mu_alpha…  0.313    0.319   0.154   0.125    6.18e-2  0.549    1.01     369.
 44 mu_alpha…  0.166    0.165   0.0513  0.0399   8.44e-2  0.248    1.01     496.
 45 mu_alpha…  0.0723   0.0723  0.0145  0.0143   4.81e-2  0.0959   1.00    1983.
 46 mu_alpha…  0.0398   0.0397  0.0130  0.0130   1.85e-2  0.0614   1.00    1899.
 47 mu_alpha…  0.0698   0.0703  0.0128  0.0125   4.86e-2  0.0909   1.00    1977.
 48 mu_alpha…  0.0508   0.0511  0.0130  0.0135   2.91e-2  0.0723   1.00    1946.
 49 mu_alpha…  0.0893   0.0893  0.0134  0.0134   6.72e-2  0.112    1.00    1733.
 50 mu_alpha…  0.0856   0.0859  0.0138  0.0138   6.30e-2  0.108    1.00    1656.
 51 mu_alpha…  0.0867   0.0867  0.0145  0.0148   6.30e-2  0.110    1.00    1665.
 52 mu_alpha…  0.0815   0.0815  0.0130  0.0129   6.02e-2  0.103    1.00    1859.
 53 mu_alpha…  0.0825   0.0823  0.0131  0.0133   6.10e-2  0.104    1.00    2483.
 54 mu_alpha…  0.0616   0.0616  0.0130  0.0133   4.02e-2  0.0829   1.00    1813.
 55 mu_delta… -0.182   -0.180   0.100   0.0804  -3.37e-1 -0.0254   1.00     707.
 56 mu_delta… -0.0300  -0.0320  0.127   0.106   -2.17e-1  0.173    1.00     487.
 57 mu_delta… -0.162   -0.161   0.0373  0.0378  -2.24e-1 -0.103    1.00    1537.
 58 mu_delta… -0.100   -0.100   0.0367  0.0366  -1.58e-1 -0.0406   1.00    1268.
 59 mu_delta… -0.156   -0.155   0.0356  0.0348  -2.17e-1 -0.0988   1.00    1147.
 60 mu_delta… -0.0782  -0.0786  0.0379  0.0370  -1.41e-1 -0.0145   1.00    1365.
 61 mu_delta… -0.00802 -0.00627 0.0392  0.0385  -7.33e-2  0.0556   1.00    1280.
 62 mu_delta… -0.0685  -0.0688  0.0321  0.0314  -1.24e-1 -0.0157   1.00    1494.
 63 mu_delta… -0.0904  -0.0904  0.0316  0.0309  -1.43e-1 -0.0389   1.00    1874.
 64 mu_delta… -0.0546  -0.0549  0.0305  0.0309  -1.05e-1 -0.00519  1.00    1608.
 65 mu_delta… -0.0918  -0.0915  0.0291  0.0288  -1.39e-1 -0.0445   1.00    1993.
 66 mu_delta… -0.0358  -0.0358  0.0271  0.0268  -7.99e-2  0.00889  1.00    1768.
 67 mu_phi_l…  1.80     1.90    0.546   0.441    7.77e-1  2.49     1.01     220.
 68 sigma_be…  0.342    0.299   0.233   0.182    4.91e-2  0.793    1.00     662.
 69 sigma_be…  0.0370   0.0324  0.0197  0.0131   1.76e-2  0.0696   1.00     769.
 70 sigma_be…  0.0497   0.0433  0.0263  0.0163   2.54e-2  0.0958   1.01     709.
 71 sigma_be…  0.0763   0.0663  0.0406  0.0259   3.82e-2  0.145    1.00     590.
 72 sigma_be…  0.223    0.197   0.104   0.0728   1.16e-1  0.407    1.01     840.
 73 sigma_be…  0.0489   0.0425  0.0284  0.0194   1.91e-2  0.102    1.01     733.
 74 sigma_be…  0.0620   0.0533  0.0365  0.0241   2.33e-2  0.131    1.01     644.
 75 sigma_be…  0.0859   0.0734  0.0531  0.0305   3.67e-2  0.178    1.00     733.
 76 sigma_be…  0.0251   0.0204  0.0218  0.0160   2.25e-3  0.0641   1.00     853.
 77 sigma_be…  0.0266   0.0197  0.0276  0.0182   1.83e-3  0.0751   1.00     624.
 78 sigma_be…  0.0178   0.0136  0.0169  0.0119   1.31e-3  0.0494   1.00     924.
 79 sigma_be…  0.0260   0.0204  0.0241  0.0166   2.34e-3  0.0678   1.00     700.
 80 sigma_be…  0.0220   0.0156  0.0247  0.0147   1.53e-3  0.0608   1.00     869.
 81 sigma_be…  0.0250   0.0187  0.0256  0.0167   1.64e-3  0.0691   1.00     754.
 82 sigma_be…  0.0196   0.0149  0.0184  0.0130   1.61e-3  0.0530   1.00     754.
 83 sigma_be…  0.0246   0.0192  0.0230  0.0166   1.81e-3  0.0654   1.00     524.
 84 sigma_be…  0.0592   0.0512  0.0343  0.0231   2.28e-2  0.122    1.00     815.
 85 sigma_be…  0.0235   0.0186  0.0230  0.0154   2.43e-3  0.0589   1.00     892.
 86 sigma_be…  0.0664   0.0576  0.0379  0.0245   2.79e-2  0.131    1.00     784.
 87 sigma_be…  0.0673   0.0581  0.0390  0.0240   2.86e-2  0.135    1.00     802.
 88 sigma_be…  1.11     0.748   1.39    0.732    6.39e-2  3.19     1.00    2815.
 89 sigma_be…  1.10     0.737   1.33    0.726    5.52e-2  3.22     1.00    2102.
 90 sigma_be…  0.591    0.417   0.640   0.420    3.24e-2  1.74     1.00    1610.
 91 sigma_be…  0.588    0.411   0.627   0.397    3.41e-2  1.69     1.00    1782.
 92 sigma_be…  0.581    0.393   0.634   0.384    2.94e-2  1.75     1.00    1709.
 93 sigma_be…  0.156    0.118   0.139   0.0695   4.58e-2  0.376    1.00     656.
 94 sigma_be…  0.205    0.178   0.121   0.0759   9.43e-2  0.405    1.00     882.
 95 sigma_be…  0.0754   0.0615  0.0604  0.0315   2.32e-2  0.171    1.00     536.
 96 sigma_be…  0.0334   0.0241  0.0338  0.0230   2.02e-3  0.0941   1.00     601.
 97 sigma_be…  0.0360   0.0253  0.0395  0.0251   1.84e-3  0.106    1.00     611.
 98 sigma_be…  0.00548  0.00464 0.00416 0.00358  5.27e-4  0.0135   1.00     823.
 99 sigma_ga…  0.0459   0.0388  0.0276  0.0169   1.93e-2  0.0949   1.00     817.
100 sigma_ga…  1.10     0.784   1.24    0.739    7.38e-2  3.19     1.00    1826.
101 sigma_al…  0.119    0.104   0.0615  0.0376   6.08e-2  0.222    1.00     665.
102 sigma_al…  0.0369   0.0323  0.0191  0.0132   1.75e-2  0.0721   1.01     598.
103 sigma_de…  0.0590   0.0510  0.0376  0.0254   1.95e-2  0.123    1.00     658.
104 sigma_de…  0.0891   0.0789  0.0437  0.0317   4.19e-2  0.171    1.00     797.
105 sigma_ph…  0.403    0.355   0.191   0.138    2.03e-1  0.777    1.01     412.
106 sigma_ga…  1.07     0.770   1.24    0.733    5.96e-2  3.02     1.00    2021.
107 sigma_ga…  1.12     0.745   1.75    0.725    5.53e-2  3.28     1.00    2026.
# ℹ 1 more variable: ess_tail <dbl>
[1] "Calculating lambda_mean..."
[1] "Calculating lambda_test_mean..."
[1] "Calculating y_rep_mean..."
[1] "Calculating y_test_rep_mean..."
[1] "Generating plots..."
[1] "exposure_2HRX9P6HKXA8V_1" "exposure_ED5J990H5VAZT_1"
[3] "exposure_JHDN7CF1C03X5_1" "exposure_L69HYJ4Y3TR91_1"
[5] "exposure_SRQS8F7JWA9MZ_1" "exposure_W8T41JZK0ZMEP_1"
[1] 6
Adding missing grouping variables: `location_id_num`
[1] "Skipping daily plot for SRQS8F7JWA9MZ due to missing daily data."
[1] "Skipping daily plot for 2HRX9P6HKXA8V due to missing daily data."
[1] "Skipping daily plot for JHDN7CF1C03X5 due to missing daily data."
[1] "Skipping daily plot for L69HYJ4Y3TR91 due to missing daily data."
[1] "Skipping daily plot for ED5J990H5VAZT due to missing daily data."
[1] "Skipping daily plot for W8T41JZK0ZMEP due to missing daily data."
[1] "Skipping MLflow logging as existing fit file was loaded."
[1] "Done."
           used  (Mb) gc trigger   (Mb)  max used   (Mb)
Ncells  5128514 273.9    7663661  409.3   7663661  409.3
Vcells 10740453  82.0  562491255 4291.5 703114068 5364.4
Warning messages:
1: Dropping 'draws_df' class as required metadata was removed. 
2: Dropping 'draws_df' class as required metadata was removed. 
3: Dropping 'draws_df' class as required metadata was removed. 
4: Dropping 'draws_df' class as required metadata was removed. 
