- The project is out-of-sync -- use `renv::status()` for details.
── Attaching core tidyverse packages ──────────────────────── tidyverse 2.0.0 ──
✔ dplyr     1.1.4     ✔ readr     2.1.5
✔ forcats   1.0.0     ✔ stringr   1.5.1
✔ ggplot2   3.5.1     ✔ tibble    3.2.1
✔ lubridate 1.9.4     ✔ tidyr     1.3.1
✔ purrr     1.0.4     
[conflicted] Will prefer dplyr::select over any other package.
[conflicted] Will prefer dplyr::filter over any other package.
[conflicted] Will prefer lubridate::year over any other package.
[conflicted] Will prefer lubridate::month over any other package.
[conflicted] Will prefer purrr::map over any other package.
[conflicted] Will prefer stats::sd over any other package.
[conflicted] Will prefer base::match over any other package.
This is cmdstanr version 0.9.0
- CmdStanR documentation and vignettes: mc-stan.org/cmdstanr
- CmdStan path: /home/nuttidalab/.cmdstan/cmdstan-2.36.0
- CmdStan version: 2.36.0

A newer version of CmdStan is available. See ?install_cmdstan() to install it.
To disable this check set option or environment variable cmdstanr_no_ver_check=TRUE.
This is posterior version 1.6.0
Registered S3 method overwritten by 'tsibble':
  method               from 
  as_tibble.grouped_df dplyr
── Attaching packages ──────────────────────────────────────────── fpp3 1.0.1 ──
✔ tsibble     1.1.6     ✔ feasts      0.4.1
✔ tsibbledata 0.4.1     ✔ fable       0.4.1
Loading required package: R.oo
Loading required package: R.methodsS3
R.methodsS3 v1.8.2 (2022-06-13 22:00:14 UTC) successfully loaded. See ?R.methodsS3 for help.
R.oo v1.27.0 (2024-11-01 18:00:02 UTC) successfully loaded. See ?R.oo for help.

Attaching package: ‘R.oo’

The following object is masked from ‘package:R.methodsS3’:

    throw

The following object is masked from ‘package:shiny’:

    printStackTrace

The following object is masked from ‘package:renv’:

    load

The following objects are masked from ‘package:methods’:

    getClasses, getMethods

The following objects are masked from ‘package:base’:

    attach, detach, load, save

R.utils v2.13.0 (2025-02-24 21:20:02 UTC) successfully loaded. See ?R.utils for help.
Registered S3 method overwritten by 'quantmod':
  method            from
  as.zoo.data.frame zoo 
Registered S3 methods overwritten by 'bayesforecast':
  method      from    
  autoplot.ts forecast
  forecast.ts forecast
  fortify.ts  forecast
  print.garch tseries 
[1] "# of rows: 34628"
[1] "# of rows: 8741"
[1] "Found 6 exposure columns in the data: exposure_2HRX9P6HKXA8V_1, exposure_ED5J990H5VAZT_1, exposure_JHDN7CF1C03X5_1, exposure_L69HYJ4Y3TR91_1, exposure_SRQS8F7JWA9MZ_1, exposure_W8T41JZK0ZMEP_1"
Numeric columns considered for scaling:
vegan_window_sum_item_quantity,
vegetarian_window_sum_item_quantity,
meat_window_sum_item_quantity,
vegan_window_avg_item_price,
vegetarian_window_avg_item_price,
meat_window_avg_item_price,
breakfast_p_window_avg_item_price,
textured_p_window_avg_item_price,
untextured_p_window_avg_item_price,
chicken_p_window_avg_item_price,
dairy_p_window_avg_item_price,
egg_p_window_avg_item_price,
breakfast_window_avg_item_price,
textured_window_avg_item_price,
untextured_window_avg_item_price,
breakfast_t2_window_avg_item_price,
textured_t2_window_avg_item_price,
untextured_t2_window_avg_item_price,
chicken_t2_window_avg_item_price,
dairy_t2_window_avg_item_price,
day_of_month,
Value,
vegan_price_real,
vegetarian_price_real,
meat_price_real,
breakfast_p_price_real,
textured_p_price_real,
untextured_p_price_real,
chicken_p_price_real,
dairy_p_price_real,
egg_p_price_real,
breakfast_price_real,
textured_price_real,
untextured_price_real,
breakfast_t2_price_real,
textured_t2_price_real,
untextured_t2_price_real,
chicken_t2_price_real,
dairy_t2_price_real,
inflation,
temp,
precip[1] "Successfully created `expo_to_rest` mapping."
[1] "Successfully created `expo_to_param` mapping."
Identified 6 exposure columns in the design matrix: 
exposure_2HRX9P6HKXA8V_1, 
exposure_ED5J990H5VAZT_1, 
exposure_JHDN7CF1C03X5_1, 
exposure_L69HYJ4Y3TR91_1, 
exposure_SRQS8F7JWA9MZ_1, 
exposure_W8T41JZK0ZMEP_1
Identified 30 random beta columns: 
vegan_price_real, 
vegetarian_price_real, 
meat_price_real, 
weekend, 
holiday_window, 
month_cat2, 
month_cat3, 
month_cat4, 
month_cat5, 
month_cat6, 
month_cat7, 
month_cat8, 
month_cat9, 
month_cat10, 
month_cat11, 
month_cat12, 
seasonspring, 
seasonsummer, 
seasonwinter, 
year_cat2014, 
year_cat2015, 
year_cat2016, 
year_cat2017, 
year_cat2018, 
year_cat2019, 
year_cat2020, 
year_cat2021, 
year_cat2022, 
year_cat2023, 
date_num
Identified 9 fixed beta columns: 
day_of_week_cat1, 
day_of_week_cat2, 
day_of_week_cat3, 
day_of_week_cat4, 
day_of_week_cat5, 
day_of_week_cat6, 
inflation, 
temp, 
precip
Identified 2 random alpha indices (positions): 
1, 7
Identified 2 random delta indices (positions): 
1, 7
$R
[1] 6

$J
[1] 46

$p_effective
[1] 12

$q_effective
[1] 12

$M
[1] 2

$idx_intercept
[1] 1

$K_beta_random
[1] 30

$idx_beta_random
[1] 2 3 4 5 6 7

$K_beta_fixed
[1] 9

$idx_beta_fixed
[1] 32 33 34 35 36 37

$K_exposure
[1] 6

$idx_exposure
[1] 41 42 43 44 45 46

$expo_to_rest
[1] 2 5 3 4 1 6

$expo_to_param
[1] 1 1 1 1 1 1

$effective_lags_alpha
[1] 1 2 3 4 5 6

$K_alpha_random
[1] 2

$idx_alpha_random
[1] 1 7

$K_alpha_fixed
[1] 10

$idx_alpha_fixed
[1] 2 3 4 5 6 8

$effective_lags_delta
[1] 1 2 3 4 5 6

$K_delta_random
[1] 2

$idx_delta_random
[1] 1 7

$K_delta_fixed
[1] 10

$idx_delta_fixed
[1] 2 3 4 5 6 8

$N_train
[1] 8300

$X_train
  (Intercept) vegan_price_real vegetarian_price_real meat_price_real weekend
1           1         -5.14667              -1.48268       -1.478171       0
2           1         -5.14667              -1.48268       -1.347067       0
3           1         -5.14667              -1.48268       -1.609274       0
4           1         -5.14667              -1.48268       -1.609274       1
5           1         -5.14667              -1.48268       -1.609274       1
6           1         -5.14667              -1.48268       -1.425729       0
  holiday_window month_cat2 month_cat3 month_cat4 month_cat5 month_cat6
1              0          0          0          0          1          0
2              0          0          0          0          1          0
3              0          0          0          0          1          0
4              0          0          0          0          1          0
5              0          0          0          0          1          0
6              0          0          0          0          1          0
  month_cat7 month_cat8 month_cat9 month_cat10 month_cat11 month_cat12
1          0          0          0           0           0           0
2          0          0          0           0           0           0
3          0          0          0           0           0           0
4          0          0          0           0           0           0
5          0          0          0           0           0           0
6          0          0          0           0           0           0
  seasonspring seasonsummer seasonwinter year_cat2014 year_cat2015 year_cat2016
1            1            0            0            0            0            0
2            1            0            0            0            0            0
3            1            0            0            0            0            0
4            1            0            0            0            0            0
5            1            0            0            0            0            0
6            1            0            0            0            0            0
  year_cat2017 year_cat2018 year_cat2019 year_cat2020 year_cat2021 year_cat2022
1            0            0            1            0            0            0
2            0            0            1            0            0            0
3            0            0            1            0            0            0
4            0            0            1            0            0            0
5            0            0            1            0            0            0
6            0            0            1            0            0            0
  year_cat2023 date_num day_of_week_cat1 day_of_week_cat2 day_of_week_cat3
1            0 49.32786                0                1                0
2            0 49.33060                0                0                1
3            0 49.33333                0                0                0
4            0 49.33607                0                0                0
5            0 49.33881                0                0                0
6            0 49.34155                0                0                0
  day_of_week_cat4 day_of_week_cat5 day_of_week_cat6 inflation          temp
1                0                0                0 -1.272144 -3.242225e-01
2                0                0                0 -1.272144 -3.748844e-01
3                1                0                0 -1.272144 -1.621043e-01
4                0                1                0 -1.272144  1.382317e-05
5                0                0                1 -1.272144  1.722643e-01
6                0                0                0 -1.272144  5.167654e-01
       precip exposure_2HRX9P6HKXA8V_1 exposure_ED5J990H5VAZT_1
1  2.41288781                        0                        0
2  0.02723881                        0                        0
3  1.62378853                        0                        0
4 -0.33978411                        0                        0
5 -0.41318870                        0                        0
6 -0.41318870                        0                        0
  exposure_JHDN7CF1C03X5_1 exposure_L69HYJ4Y3TR91_1 exposure_SRQS8F7JWA9MZ_1
1                        0                        0                        3
2                        0                        0                        3
3                        0                        0                        3
4                        0                        0                        3
5                        0                        0                        3
6                        0                        0                        3
  exposure_W8T41JZK0ZMEP_1
1                        0
2                        0
3                        0
4                        0
5                        0
6                        0

$y_train
[1] 21 12 18  0  0 15

$idx_to_rest_train
[1] 1 1 1 1 1 1

$train_start_idx
[1]    1 1467 3048 4343 4616 7107

$train_end_idx
[1] 1466 3047 4342 4615 7106 8300

$N_test
[1] 441

$X_test
  (Intercept) vegan_price_real vegetarian_price_real meat_price_real weekend
1           1        1.1547975              2.057063        2.331697       1
2           1       -0.7727103              1.804772        2.260708       1
3           1        1.1547975              1.865474        2.539707       0
4           1        0.3516693              1.859693        2.905626       0
5           1       -2.4592797              1.003850        2.615725       0
6           1       -0.4514590              2.224164        2.612323       0
  holiday_window month_cat2 month_cat3 month_cat4 month_cat5 month_cat6
1              0          0          0          0          1          0
2              0          0          0          0          1          0
3              0          0          0          0          1          0
4              0          0          0          0          1          0
5              0          0          0          0          1          0
6              0          0          0          0          1          0
  month_cat7 month_cat8 month_cat9 month_cat10 month_cat11 month_cat12
1          0          0          0           0           0           0
2          0          0          0           0           0           0
3          0          0          0           0           0           0
4          0          0          0           0           0           0
5          0          0          0           0           0           0
6          0          0          0           0           0           0
  seasonspring seasonsummer seasonwinter year_cat2014 year_cat2015 year_cat2016
1            1            0            0            0            0            0
2            1            0            0            0            0            0
3            1            0            0            0            0            0
4            1            0            0            0            0            0
5            1            0            0            0            0            0
6            1            0            0            0            0            0
  year_cat2017 year_cat2018 year_cat2019 year_cat2020 year_cat2021 year_cat2022
1            0            0            0            0            0            0
2            0            0            0            0            0            0
3            0            0            0            0            0            0
4            0            0            0            0            0            0
5            0            0            0            0            0            0
6            0            0            0            0            0            0
  year_cat2023 date_num day_of_week_cat1 day_of_week_cat2 day_of_week_cat3
1            1 53.34155                0                0                0
2            1 53.34428                0                0                0
3            1 53.34702                0                0                0
4            1 53.34976                1                0                0
5            1 53.35250                0                1                0
6            1 53.35524                0                0                1
  day_of_week_cat4 day_of_week_cat5 day_of_week_cat6 inflation      temp
1                0                1                0   2.07598 0.2634558
2                0                0                1   2.07598 0.3343825
3                0                0                0   2.07598 0.4154416
4                0                0                0   2.07598 0.2330587
5                0                0                0   2.07598 0.3343825
6                0                0                0   2.07598 0.8916636
      precip exposure_2HRX9P6HKXA8V_1 exposure_ED5J990H5VAZT_1
1 -0.4131887                        0                        0
2  1.6237885                        0                        0
3 -0.4131887                        0                        0
4 -0.4131887                        0                        0
5 -0.4131887                        0                        0
6 -0.4131887                        0                        0
  exposure_JHDN7CF1C03X5_1 exposure_L69HYJ4Y3TR91_1 exposure_SRQS8F7JWA9MZ_1
1                        0                        0                        6
2                        0                        0                        6
3                        0                        0                        6
4                        0                        0                        6
5                        0                        0                        6
6                        0                        0                        6
  exposure_W8T41JZK0ZMEP_1
1                        0
2                        0
3                        0
4                        0
5                        0
6                        0

$y_test
[1] 310 164  83  99 111 108

$idx_to_rest_test
[1] 1 1 1 1 1 1

$test_start_idx
[1]   1  79 163 232 247 379

$test_end_idx
[1]  78 162 231 246 378 441

$N_zeros
[1] 750

$idx_zeros
[1]   4   5  11  12 239 246

$mu_gamma_scale
[1] 1

$sigma_gamma_between_scale
[1] 0.4

$sigma_gamma_within_scale
[1] 1

$mu_beta_scale
[1] 1

$sigma_beta_scale
[1] 1

$mu_alpha_scale
[1] 1

$sigma_alpha_scale
[1] 1

$mu_delta_scale
[1] 1

$sigma_delta_scale
[1] 1

$mu_phi_log_scale
[1] 1

$sigma_phi_log_scale
[1] 1

$mu_pi_logit_scale
[1] 2

$sigma_pi_logit_scale
[1] 1

[1] "Fitting the multilevel model..."
Running MCMC with 1 chain...

Chain 1 Informational Message: The current Metropolis proposal is about to be rejected because of the following issue:
Chain 1 Exception: neg_binomial_2_lpmf: Location parameter[1] is -nan, but must be positive finite! (in '/tmp/RtmpIhypoB/model-128c5668b67f98.stan', line 470, column 2 to column 59)
Chain 1 If this warning occurs sporadically, such as for highly constrained variable types like covariance matrices, then the sampler is fine,
Chain 1 but if this warning occurs often then your model may be either severely ill-conditioned or misspecified.
Chain 1 
Chain 1 Informational Message: The current Metropolis proposal is about to be rejected because of the following issue:
Chain 1 Exception: neg_binomial_2_lpmf: Location parameter[1] is -nan, but must be positive finite! (in '/tmp/RtmpIhypoB/model-128c5668b67f98.stan', line 470, column 2 to column 59)
Chain 1 If this warning occurs sporadically, such as for highly constrained variable types like covariance matrices, then the sampler is fine,
Chain 1 but if this warning occurs often then your model may be either severely ill-conditioned or misspecified.
Chain 1 
Chain 1 Informational Message: The current Metropolis proposal is about to be rejected because of the following issue:
Chain 1 Exception: neg_binomial_2_lpmf: Location parameter[1] is -nan, but must be positive finite! (in '/tmp/RtmpIhypoB/model-128c5668b67f98.stan', line 470, column 2 to column 59)
Chain 1 If this warning occurs sporadically, such as for highly constrained variable types like covariance matrices, then the sampler is fine,
Chain 1 but if this warning occurs often then your model may be either severely ill-conditioned or misspecified.
Chain 1 
Chain 1 Informational Message: The current Metropolis proposal is about to be rejected because of the following issue:
Chain 1 Exception: neg_binomial_2_lpmf: Location parameter[1] is -nan, but must be positive finite! (in '/tmp/RtmpIhypoB/model-128c5668b67f98.stan', line 470, column 2 to column 59)
Chain 1 If this warning occurs sporadically, such as for highly constrained variable types like covariance matrices, then the sampler is fine,
Chain 1 but if this warning occurs often then your model may be either severely ill-conditioned or misspecified.
Chain 1 
Chain 1 Informational Message: The current Metropolis proposal is about to be rejected because of the following issue:
Chain 1 Exception: neg_binomial_2_lpmf: Location parameter[1] is 0, but must be positive finite! (in '/tmp/RtmpIhypoB/model-128c5668b67f98.stan', line 470, column 2 to column 59)
Chain 1 If this warning occurs sporadically, such as for highly constrained variable types like covariance matrices, then the sampler is fine,
Chain 1 but if this warning occurs often then your model may be either severely ill-conditioned or misspecified.
Chain 1 
Chain 1 Informational Message: The current Metropolis proposal is about to be rejected because of the following issue:
Chain 1 Exception: neg_binomial_2_lpmf: Location parameter[1] is 0, but must be positive finite! (in '/tmp/RtmpIhypoB/model-128c5668b67f98.stan', line 470, column 2 to column 59)
Chain 1 If this warning occurs sporadically, such as for highly constrained variable types like covariance matrices, then the sampler is fine,
Chain 1 but if this warning occurs often then your model may be either severely ill-conditioned or misspecified.
Chain 1 
Chain 1 Informational Message: The current Metropolis proposal is about to be rejected because of the following issue:
Chain 1 Exception: neg_binomial_2_lpmf: Location parameter[1] is 0, but must be positive finite! (in '/tmp/RtmpIhypoB/model-128c5668b67f98.stan', line 470, column 2 to column 59)
Chain 1 If this warning occurs sporadically, such as for highly constrained variable types like covariance matrices, then the sampler is fine,
Chain 1 but if this warning occurs often then your model may be either severely ill-conditioned or misspecified.
Chain 1 
Chain 1 Informational Message: The current Metropolis proposal is about to be rejected because of the following issue:
Chain 1 Exception: neg_binomial_2_lpmf: Location parameter[1] is 0, but must be positive finite! (in '/tmp/RtmpIhypoB/model-128c5668b67f98.stan', line 470, column 2 to column 59)
Chain 1 If this warning occurs sporadically, such as for highly constrained variable types like covariance matrices, then the sampler is fine,
Chain 1 but if this warning occurs often then your model may be either severely ill-conditioned or misspecified.
Chain 1 
Chain 1 Informational Message: The current Metropolis proposal is about to be rejected because of the following issue:
Chain 1 Exception: neg_binomial_2_lpmf: Location parameter[1] is inf, but must be positive finite! (in '/tmp/RtmpIhypoB/model-128c5668b67f98.stan', line 470, column 2 to column 59)
Chain 1 If this warning occurs sporadically, such as for highly constrained variable types like covariance matrices, then the sampler is fine,
Chain 1 but if this warning occurs often then your model may be either severely ill-conditioned or misspecified.
Chain 1 
Chain 1 Informational Message: The current Metropolis proposal is about to be rejected because of the following issue:
Chain 1 Exception: neg_binomial_2_lpmf: Location parameter[1] is inf, but must be positive finite! (in '/tmp/RtmpIhypoB/model-128c5668b67f98.stan', line 470, column 2 to column 59)
Chain 1 If this warning occurs sporadically, such as for highly constrained variable types like covariance matrices, then the sampler is fine,
Chain 1 but if this warning occurs often then your model may be either severely ill-conditioned or misspecified.
Chain 1 
Chain 1 Iteration:    1 / 2200 [  0%]  (Warmup) 
Chain 1 Informational Message: The current Metropolis proposal is about to be rejected because of the following issue:
Chain 1 Exception: neg_binomial_2_lpmf: Location parameter[24] is inf, but must be positive finite! (in '/tmp/RtmpIhypoB/model-128c5668b67f98.stan', line 470, column 2 to column 59)
Chain 1 If this warning occurs sporadically, such as for highly constrained variable types like covariance matrices, then the sampler is fine,
Chain 1 but if this warning occurs often then your model may be either severely ill-conditioned or misspecified.
Chain 1 
Chain 1 Informational Message: The current Metropolis proposal is about to be rejected because of the following issue:
Chain 1 Exception: neg_binomial_2_lpmf: Location parameter[102] is 0, but must be positive finite! (in '/tmp/RtmpIhypoB/model-128c5668b67f98.stan', line 470, column 2 to column 59)
Chain 1 If this warning occurs sporadically, such as for highly constrained variable types like covariance matrices, then the sampler is fine,
Chain 1 but if this warning occurs often then your model may be either severely ill-conditioned or misspecified.
Chain 1 
Chain 1 Informational Message: The current Metropolis proposal is about to be rejected because of the following issue:
Chain 1 Exception: neg_binomial_2_lpmf: Location parameter[1] is -nan, but must be positive finite! (in '/tmp/RtmpIhypoB/model-128c5668b67f98.stan', line 470, column 2 to column 59)
Chain 1 If this warning occurs sporadically, such as for highly constrained variable types like covariance matrices, then the sampler is fine,
Chain 1 but if this warning occurs often then your model may be either severely ill-conditioned or misspecified.
Chain 1 
Chain 1 Informational Message: The current Metropolis proposal is about to be rejected because of the following issue:
Chain 1 Exception: neg_binomial_2_lpmf: Location parameter[1] is -nan, but must be positive finite! (in '/tmp/RtmpIhypoB/model-128c5668b67f98.stan', line 470, column 2 to column 59)
Chain 1 If this warning occurs sporadically, such as for highly constrained variable types like covariance matrices, then the sampler is fine,
Chain 1 but if this warning occurs often then your model may be either severely ill-conditioned or misspecified.
Chain 1 
Chain 1 Informational Message: The current Metropolis proposal is about to be rejected because of the following issue:
Chain 1 Exception: neg_binomial_2_lpmf: Location parameter[1] is 0, but must be positive finite! (in '/tmp/RtmpIhypoB/model-128c5668b67f98.stan', line 470, column 2 to column 59)
Chain 1 If this warning occurs sporadically, such as for highly constrained variable types like covariance matrices, then the sampler is fine,
Chain 1 but if this warning occurs often then your model may be either severely ill-conditioned or misspecified.
Chain 1 
Chain 1 Informational Message: The current Metropolis proposal is about to be rejected because of the following issue:
Chain 1 Exception: neg_binomial_2_lpmf: Location parameter[1] is inf, but must be positive finite! (in '/tmp/RtmpIhypoB/model-128c5668b67f98.stan', line 470, column 2 to column 59)
Chain 1 If this warning occurs sporadically, such as for highly constrained variable types like covariance matrices, then the sampler is fine,
Chain 1 but if this warning occurs often then your model may be either severely ill-conditioned or misspecified.
Chain 1 
Chain 1 Iteration:  100 / 2200 [  4%]  (Warmup) 
Chain 1 Iteration:  200 / 2200 [  9%]  (Warmup) 
Chain 1 Iteration:  300 / 2200 [ 13%]  (Warmup) 
Chain 1 Iteration:  400 / 2200 [ 18%]  (Warmup) 
Chain 1 Iteration:  500 / 2200 [ 22%]  (Warmup) 
Chain 1 Iteration:  600 / 2200 [ 27%]  (Warmup) 
Chain 1 Iteration:  700 / 2200 [ 31%]  (Warmup) 
Chain 1 Iteration:  701 / 2200 [ 31%]  (Sampling) 
Chain 1 Iteration:  800 / 2200 [ 36%]  (Sampling) 
Chain 1 Iteration:  900 / 2200 [ 40%]  (Sampling) 
Chain 1 Iteration: 1000 / 2200 [ 45%]  (Sampling) 
Chain 1 Iteration: 1100 / 2200 [ 50%]  (Sampling) 
Chain 1 Iteration: 1200 / 2200 [ 54%]  (Sampling) 
Chain 1 Iteration: 1300 / 2200 [ 59%]  (Sampling) 
Chain 1 Iteration: 1400 / 2200 [ 63%]  (Sampling) 
Chain 1 Iteration: 1500 / 2200 [ 68%]  (Sampling) 
Chain 1 Iteration: 1600 / 2200 [ 72%]  (Sampling) 
Chain 1 Iteration: 1700 / 2200 [ 77%]  (Sampling) 
Chain 1 Iteration: 1800 / 2200 [ 81%]  (Sampling) 
Chain 1 Iteration: 1900 / 2200 [ 86%]  (Sampling) 
Chain 1 Iteration: 2000 / 2200 [ 90%]  (Sampling) 
Chain 1 Iteration: 2100 / 2200 [ 95%]  (Sampling) 
Chain 1 Iteration: 2200 / 2200 [100%]  (Sampling) 
Chain 1 finished in 77822.5 seconds.
Warning: 5 of 1500 (0.0%) transitions ended with a divergence.
See https://mc-stan.org/misc/warnings for details.

Warning: 1495 of 1500 (100.0%) transitions hit the maximum treedepth limit of 10.
See https://mc-stan.org/misc/warnings for details.

[1] "Saving fit object..."
[1] "Calculating summary..."
[1] "Calculating samples..."
[1] "Calculating metadata..."
[1] "Summary of Hyperpriors (mu_*, sigma_*):"
# A tibble: 109 × 10
    variable      mean   median      sd     mad       q5      q95  rhat ess_bulk
    <chr>        <dbl>    <dbl>   <dbl>   <dbl>    <dbl>    <dbl> <dbl>    <dbl>
  1 mu_beta_…  0.141    0.150   0.975   0.991   -1.38e+0  1.78    1.00      702.
  2 mu_beta_… -0.00500 -0.00635 0.0444  0.0334  -7.26e-2  0.0650  1.01      232.
  3 mu_beta_…  0.0130   0.0127  0.0489  0.0421  -6.53e-2  0.0926  1.00      164.
  4 mu_beta_…  0.0700   0.0710  0.0769  0.0694  -5.62e-2  0.194   1.01      107.
  5 mu_beta_…  0.114    0.107   0.451   0.360   -6.06e-1  0.874   1.01      328.
  6 mu_beta_…  0.0157   0.0152  0.0691  0.0589  -9.94e-2  0.131   1.00      361.
  7 mu_beta_… -0.0453  -0.0458  0.120   0.110   -2.37e-1  0.151   1.01      260.
  8 mu_beta_… -0.0693  -0.0442  0.368   0.343   -7.21e-1  0.487   1.00      207.
  9 mu_beta_… -0.0766  -0.0497  0.363   0.323   -7.32e-1  0.469   1.00      196.
 10 mu_beta_… -0.0915  -0.0659  0.361   0.322   -7.64e-1  0.447   1.00      200.
 11 mu_beta_…  0.0529   0.0569  0.369   0.284   -5.29e-1  0.638   1.00      232.
 12 mu_beta_… -0.00912 -0.0104  0.371   0.288   -5.94e-1  0.564   1.00      223.
 13 mu_beta_… -0.0538  -0.0438  0.375   0.294   -6.64e-1  0.549   1.00      229.
 14 mu_beta_…  0.0135   0.0155  0.299   0.269   -4.78e-1  0.489   1.03      119.
 15 mu_beta_… -0.0124  -0.00973 0.300   0.265   -5.15e-1  0.466   1.03      117.
 16 mu_beta_… -0.131   -0.129   0.301   0.268   -6.16e-1  0.351   1.03      125.
 17 mu_beta_… -0.169   -0.164   0.157   0.148   -4.49e-1  0.0729  1.02      158.
 18 mu_beta_…  0.139    0.108   0.442   0.397   -5.57e-1  0.902   1.01      206.
 19 mu_beta_…  0.0955   0.0830  0.408   0.354   -5.31e-1  0.762   1.01      267.
 20 mu_beta_…  0.212    0.209   0.347   0.321   -3.52e-1  0.777   1.01      127.
 21 mu_beta_…  0.0233   0.0374  1.39    1.01    -2.17e+0  2.48    1.01     1004.
 22 mu_beta_… -0.0121   0.0211  1.46    1.13    -2.46e+0  2.38    1.00      692.
 23 mu_beta_… -0.315   -0.334   0.805   0.580   -1.46e+0  0.837   1.01      195.
 24 mu_beta_… -0.216   -0.192   0.622   0.498   -1.23e+0  0.844   1.00      516.
 25 mu_beta_… -0.0463  -0.0462  0.567   0.408   -9.03e-1  0.840   1.01      426.
 26 mu_beta_…  0.632    0.593   0.472   0.429   -6.97e-2  1.46    1.01      268.
 27 mu_beta_…  0.169    0.146   0.387   0.353   -4.43e-1  0.834   1.00      298.
 28 mu_beta_…  0.214    0.197   0.335   0.322   -3.30e-1  0.764   1.00      273.
 29 mu_beta_…  0.00790  0.00308 0.335   0.318   -5.73e-1  0.547   1.00      278.
 30 mu_beta_… -0.251   -0.225   0.373   0.351   -8.85e-1  0.333   1.00      302.
 31 mu_beta_…  0.0589   0.0587  0.0297  0.0292   1.06e-2  0.105   1.01      246.
 32 mu_beta_… -0.0307  -0.0312  0.0102  0.00999 -4.73e-2 -0.0134  1.00      357.
 33 mu_beta_… -0.0139  -0.0138  0.0118  0.0115  -3.30e-2  0.00647 1.00      315.
 34 mu_beta_…  0.0204   0.0197  0.0124  0.0121   3.95e-4  0.0428  1.00      326.
 35 mu_beta_…  0.0706   0.0696  0.0128  0.0126   5.07e-2  0.0924  1.00      321.
 36 mu_beta_…  0.0479   0.0609  0.448   0.358   -7.16e-1  0.759   1.01      348.
 37 mu_beta_… -0.0381  -0.0263  0.448   0.357   -7.97e-1  0.666   1.01      350.
 38 mu_beta_…  0.125    0.123   0.0699  0.0713   1.35e-2  0.247   1.00      488.
 39 mu_beta_…  0.0318   0.0315  0.0120  0.0119   1.29e-2  0.0518  1.00     1027.
 40 mu_beta_… -0.0236  -0.0235  0.00418 0.00398 -3.04e-2 -0.0168  1.00     1700.
 41 mu_gamma…  0.0339   0.0338  0.00477 0.00477  2.64e-2  0.0421  1.00      844.
 42 mu_gamma… -0.0288  -0.0462  1.02    1.00    -1.69e+0  1.64    1.00      927.
 43 mu_alpha…  0.394    0.394   0.125   0.107    1.81e-1  0.590   1.00      184.
 44 mu_alpha…  0.241    0.239   0.0528  0.0434   1.63e-1  0.324   1.00      236.
 45 mu_alpha…  0.156    0.156   0.0124  0.0124   1.35e-1  0.176   1.00      352.
 46 mu_alpha…  0.102    0.102   0.0109  0.0108   8.32e-2  0.119   1.00      452.
 47 mu_alpha…  0.127    0.127   0.0120  0.0125   1.07e-1  0.146   1.00      382.
 48 mu_alpha…  0.138    0.138   0.0117  0.0117   1.19e-1  0.157   1.00      331.
 49 mu_alpha…  0.131    0.131   0.0120  0.0120   1.11e-1  0.150   0.999     447.
 50 mu_alpha…  0.0236   0.0236  0.0151  0.0153  -2.39e-3  0.0480  1.00      823.
 51 mu_alpha…  0.0279   0.0282  0.0144  0.0154   5.36e-3  0.0510  1.00      668.
 52 mu_alpha…  0.0323   0.0329  0.0143  0.0144   8.56e-3  0.0547  1.00      649.
 53 mu_alpha…  0.0352   0.0345  0.0149  0.0159   1.08e-2  0.0592  1.00      580.
 54 mu_alpha…  0.0135   0.0132  0.0135  0.0140  -8.75e-3  0.0359  1.00      660.
 55 mu_delta… -0.427   -0.429   0.105   0.0869  -5.82e-1 -0.243   1.00      209.
 56 mu_delta…  0.384    0.389   0.241   0.207   -2.53e-2  0.788   1.00      213.
 57 mu_delta… -0.357   -0.357   0.0146  0.0146  -3.81e-1 -0.333   1.00      264.
 58 mu_delta… -0.287   -0.288   0.0133  0.0131  -3.08e-1 -0.265   1.00      298.
 59 mu_delta… -0.317   -0.317   0.0151  0.0153  -3.41e-1 -0.292   1.00      283.
 60 mu_delta… -0.306   -0.306   0.0147  0.0149  -3.29e-1 -0.281   0.999     254.
 61 mu_delta… -0.304   -0.305   0.0150  0.0156  -3.28e-1 -0.280   1.00      332.
 62 mu_delta…  0.0358   0.0353  0.0353  0.0359  -2.19e-2  0.0929  1.00      741.
 63 mu_delta… -0.00926 -0.00913 0.0327  0.0310  -6.31e-2  0.0448  1.00      607.
 64 mu_delta…  0.0330   0.0330  0.0357  0.0344  -2.65e-2  0.0923  1.00      751.
 65 mu_delta…  0.0143   0.0146  0.0327  0.0318  -3.87e-2  0.0658  1.00      522.
 66 mu_delta…  0.141    0.141   0.0297  0.0290   9.32e-2  0.190   1.00      535.
 67 mu_phi_l…  1.83     1.88    0.400   0.336    1.10e+0  2.41    1.00      171.
 68 mu_pi_lo… -3.31    -3.32    0.472   0.444   -4.08e+0 -2.57    1.00      158.
 69 sigma_be…  0.712    0.535   0.636   0.505    5.74e-2  1.92    1.01      233.
 70 sigma_be…  0.0995   0.0876  0.0483  0.0334   4.86e-2  0.188   1.00      337.
 71 sigma_be…  0.118    0.108   0.0480  0.0374   6.58e-2  0.205   1.00      378.
 72 sigma_be…  0.197    0.177   0.0821  0.0640   1.07e-1  0.354   1.01      280.
 73 sigma_be…  0.188    0.166   0.0847  0.0604   9.77e-2  0.347   1.00      278.
 74 sigma_be…  0.144    0.130   0.0794  0.0667   3.95e-2  0.295   1.01      168.
 75 sigma_be…  0.290    0.265   0.125   0.104    1.40e-1  0.524   1.00      342.
 76 sigma_be…  0.326    0.282   0.152   0.108    1.68e-1  0.619   1.00      288.
 77 sigma_be…  0.0829   0.0691  0.0684  0.0585   7.64e-3  0.202   1.00      348.
 78 sigma_be…  0.0783   0.0608  0.0725  0.0535   3.13e-3  0.210   1.01      318.
 79 sigma_be…  0.0673   0.0509  0.0630  0.0442   4.94e-3  0.186   1.00      389.
 80 sigma_be…  0.0755   0.0574  0.0705  0.0511   5.37e-3  0.205   1.00      420.
 81 sigma_be…  0.106    0.0836  0.0944  0.0750   6.14e-3  0.288   1.00      259.
 82 sigma_be…  0.0648   0.0497  0.0622  0.0435   4.77e-3  0.181   1.00      594.
 83 sigma_be…  0.0822   0.0645  0.0708  0.0535   7.75e-3  0.225   1.00      263.
 84 sigma_be…  0.133    0.114   0.0994  0.0791   1.53e-2  0.321   1.00      315.
 85 sigma_be…  0.312    0.277   0.141   0.107    1.57e-1  0.576   1.00      318.
 86 sigma_be…  0.0950   0.0779  0.0801  0.0664   9.35e-3  0.238   1.00      241.
 87 sigma_be…  0.274    0.241   0.144   0.0975   1.27e-1  0.516   1.00      269.
 88 sigma_be…  0.449    0.408   0.196   0.137    2.48e-1  0.796   1.00      343.
 89 sigma_be…  1.00     0.651   1.04    0.687    4.59e-2  3.11    1.00      684.
 90 sigma_be…  1.03     0.750   1.00    0.712    5.85e-2  3.01    1.00      825.
 91 sigma_be…  0.835    0.576   0.857   0.546    6.33e-2  2.39    1.00      423.
 92 sigma_be…  0.716    0.487   0.740   0.504    3.93e-2  2.18    1.00      555.
 93 sigma_be…  0.709    0.467   0.768   0.463    2.96e-2  2.14    1.01      354.
 94 sigma_be…  0.748    0.639   0.403   0.265    3.60e-1  1.56    1.00      331.
 95 sigma_be…  0.694    0.630   0.308   0.226    3.62e-1  1.23    1.00      290.
 96 sigma_be…  0.260    0.227   0.168   0.122    5.19e-2  0.576   1.00      168.
 97 sigma_be…  0.180    0.146   0.150   0.128    1.45e-2  0.449   1.00      173.
 98 sigma_be…  0.137    0.0956  0.141   0.0970   8.66e-3  0.402   1.00      251.
 99 sigma_be…  0.0453   0.0408  0.0234  0.0169   1.89e-2  0.0884  1.01      166.
100 sigma_ga…  0.337    0.287   0.245   0.244    3.87e-2  0.812   1.00     1159.
101 sigma_ga…  0.308    0.252   0.249   0.242    1.80e-2  0.785   1.00      547.
102 sigma_al…  0.286    0.258   0.130   0.0923   1.56e-1  0.511   1.00      260.
103 sigma_al…  0.117    0.106   0.0540  0.0403   5.80e-2  0.215   1.00      328.
104 sigma_de…  0.221    0.198   0.110   0.0796   1.03e-1  0.405   1.01      275.
105 sigma_de…  0.623    0.574   0.243   0.177    3.47e-1  1.06    1.00      382.
106 sigma_ph…  0.886    0.807   0.365   0.277    4.86e-1  1.54    1.03      244.
107 sigma_pi…  1.18     1.10    0.410   0.348    6.71e-1  1.95    1.00      297.
108 sigma_ga…  0.784    0.642   0.607   0.565    7.01e-2  1.99    1.00      730.
109 sigma_ga…  0.786    0.676   0.583   0.563    7.43e-2  1.91    1.00      658.
# ℹ 1 more variable: ess_tail <dbl>
[1] "Calculating lambda_mean..."
[1] "Calculating lambda_test_mean..."
[1] "Calculating y_rep_mean..."
[1] "Calculating y_test_rep_mean..."
[1] "Generating plots..."
[1] "exposure_2HRX9P6HKXA8V_1" "exposure_ED5J990H5VAZT_1"
[3] "exposure_JHDN7CF1C03X5_1" "exposure_L69HYJ4Y3TR91_1"
[5] "exposure_SRQS8F7JWA9MZ_1" "exposure_W8T41JZK0ZMEP_1"
[1] 6
Adding missing grouping variables: `location_id_num`
[1] "Skipping daily plot for SRQS8F7JWA9MZ due to missing daily data."
[1] "Skipping daily plot for 2HRX9P6HKXA8V due to missing daily data."
[1] "Skipping daily plot for JHDN7CF1C03X5 due to missing daily data."
[1] "Skipping daily plot for L69HYJ4Y3TR91 due to missing daily data."
[1] "Skipping daily plot for ED5J990H5VAZT due to missing daily data."
[1] "Skipping daily plot for W8T41JZK0ZMEP due to missing daily data."
[1] "Skipping MLflow logging as existing fit file was loaded."
[1] "Done."
           used  (Mb) gc trigger   (Mb)  max used   (Mb)
Ncells  5141568 274.6    8082308  431.7   8082308  431.7
Vcells 10860866  82.9  258552547 1972.6 323190442 2465.8
Warning messages:
1: Dropping 'draws_df' class as required metadata was removed. 
2: Dropping 'draws_df' class as required metadata was removed. 
3: Dropping 'draws_df' class as required metadata was removed. 
4: Dropping 'draws_df' class as required metadata was removed. 
5: There was 1 warning in `summarize()`.
ℹ In argument: `date = min(date)`.
Caused by warning in `min.default()`:
! no non-missing arguments to min; returning Inf 
