- The project is out-of-sync -- use `renv::status()` for details.
Warning message:
renv took longer than expected (13 seconds) to activate the sandbox.

The sandbox can be disabled by setting:

    RENV_CONFIG_SANDBOX_ENABLED = FALSE

within an appropriate start-up .Renviron file.

See `?renv::config` for more details. 
── Attaching core tidyverse packages ──────────────────────── tidyverse 2.0.0 ──
✔ dplyr     1.1.4     ✔ readr     2.1.5
✔ forcats   1.0.0     ✔ stringr   1.5.1
✔ ggplot2   3.5.1     ✔ tibble    3.2.1
✔ lubridate 1.9.4     ✔ tidyr     1.3.1
✔ purrr     1.0.4     
[conflicted] Will prefer dplyr::select over any other package.
[conflicted] Will prefer dplyr::filter over any other package.
[conflicted] Will prefer lubridate::year over any other package.
[conflicted] Will prefer lubridate::month over any other package.
[conflicted] Will prefer purrr::map over any other package.
[conflicted] Will prefer stats::sd over any other package.
[conflicted] Will prefer base::match over any other package.
This is cmdstanr version 0.9.0
- CmdStanR documentation and vignettes: mc-stan.org/cmdstanr
- CmdStan path: /home/nuttidalab/.cmdstan/cmdstan-2.36.0
- CmdStan version: 2.36.0

A newer version of CmdStan is available. See ?install_cmdstan() to install it.
To disable this check set option or environment variable cmdstanr_no_ver_check=TRUE.
This is posterior version 1.6.0
Registered S3 method overwritten by 'tsibble':
  method               from 
  as_tibble.grouped_df dplyr
── Attaching packages ──────────────────────────────────────────── fpp3 1.0.1 ──
✔ tsibble     1.1.6     ✔ feasts      0.4.1
✔ tsibbledata 0.4.1     ✔ fable       0.4.1
Loading required package: R.oo
Loading required package: R.methodsS3
R.methodsS3 v1.8.2 (2022-06-13 22:00:14 UTC) successfully loaded. See ?R.methodsS3 for help.
R.oo v1.27.0 (2024-11-01 18:00:02 UTC) successfully loaded. See ?R.oo for help.

Attaching package: ‘R.oo’

The following object is masked from ‘package:R.methodsS3’:

    throw

The following object is masked from ‘package:shiny’:

    printStackTrace

The following object is masked from ‘package:renv’:

    load

The following objects are masked from ‘package:methods’:

    getClasses, getMethods

The following objects are masked from ‘package:base’:

    attach, detach, load, save

R.utils v2.13.0 (2025-02-24 21:20:02 UTC) successfully loaded. See ?R.utils for help.
Registered S3 method overwritten by 'quantmod':
  method            from
  as.zoo.data.frame zoo 
Registered S3 methods overwritten by 'bayesforecast':
  method      from    
  autoplot.ts forecast
  forecast.ts forecast
  fortify.ts  forecast
  print.garch tseries 
[1] "# of rows: 34628"
[1] "# of rows: 8401"
[1] "Found 6 exposure columns in the data: exposure_2HRX9P6HKXA8V_1, exposure_ED5J990H5VAZT_1, exposure_JHDN7CF1C03X5_1, exposure_L69HYJ4Y3TR91_1, exposure_SRQS8F7JWA9MZ_1, exposure_W8T41JZK0ZMEP_1"
Numeric columns considered for scaling:
vegan_window_sum_item_quantity,
vegetarian_window_sum_item_quantity,
meat_window_sum_item_quantity,
vegan_window_avg_item_price,
vegetarian_window_avg_item_price,
meat_window_avg_item_price,
breakfast_p_window_avg_item_price,
textured_p_window_avg_item_price,
untextured_p_window_avg_item_price,
chicken_p_window_avg_item_price,
dairy_p_window_avg_item_price,
egg_p_window_avg_item_price,
breakfast_window_avg_item_price,
textured_window_avg_item_price,
untextured_window_avg_item_price,
breakfast_t2_window_avg_item_price,
textured_t2_window_avg_item_price,
untextured_t2_window_avg_item_price,
chicken_t2_window_avg_item_price,
dairy_t2_window_avg_item_price,
day_of_month,
exposure_JHDN7CF1C03X5_1,
exposure_W8T41JZK0ZMEP_1,
Value,
vegan_price_real,
vegetarian_price_real,
meat_price_real,
breakfast_p_price_real,
textured_p_price_real,
untextured_p_price_real,
chicken_p_price_real,
dairy_p_price_real,
egg_p_price_real,
breakfast_price_real,
textured_price_real,
untextured_price_real,
breakfast_t2_price_real,
textured_t2_price_real,
untextured_t2_price_real,
chicken_t2_price_real,
dairy_t2_price_real,
inflation,
temp,
precip[1] "Successfully created `expo_to_rest` mapping."
[1] "Successfully created `expo_to_param` mapping."
Identified 6 exposure columns in the design matrix: 
exposure_2HRX9P6HKXA8V_1, 
exposure_ED5J990H5VAZT_1, 
exposure_JHDN7CF1C03X5_1, 
exposure_L69HYJ4Y3TR91_1, 
exposure_SRQS8F7JWA9MZ_1, 
exposure_W8T41JZK0ZMEP_1
Identified 30 random beta columns: 
vegan_price_real, 
vegetarian_price_real, 
meat_price_real, 
weekend, 
holiday_window, 
month_cat2, 
month_cat3, 
month_cat4, 
month_cat5, 
month_cat6, 
month_cat7, 
month_cat8, 
month_cat9, 
month_cat10, 
month_cat11, 
month_cat12, 
seasonspring, 
seasonsummer, 
seasonwinter, 
year_cat2014, 
year_cat2015, 
year_cat2016, 
year_cat2017, 
year_cat2018, 
year_cat2019, 
year_cat2020, 
year_cat2021, 
year_cat2022, 
year_cat2023, 
date_num
Identified 9 fixed beta columns: 
day_of_week_cat1, 
day_of_week_cat2, 
day_of_week_cat3, 
day_of_week_cat4, 
day_of_week_cat5, 
day_of_week_cat6, 
inflation, 
temp, 
precip
Identified 2 random alpha indices (positions): 
1, 7
Identified 2 random delta indices (positions): 
1, 7
$R
[1] 6

$J
[1] 46

$p_effective
[1] 12

$q_effective
[1] 12

$M
[1] 2

$idx_intercept
[1] 1

$K_beta_random
[1] 30

$idx_beta_random
[1] 2 3 4 5 6 7

$K_beta_fixed
[1] 9

$idx_beta_fixed
[1] 32 33 34 35 36 37

$K_exposure
[1] 6

$idx_exposure
[1] 41 42 43 44 45 46

$expo_to_rest
[1] 2 5 3 4 1 6

$expo_to_param
[1] 1 1 1 1 1 1

$effective_lags_alpha
[1] 1 2 3 4 5 6

$K_alpha_random
[1] 2

$idx_alpha_random
[1] 1 7

$K_alpha_fixed
[1] 10

$idx_alpha_fixed
[1] 2 3 4 5 6 8

$effective_lags_delta
[1] 1 2 3 4 5 6

$K_delta_random
[1] 2

$idx_delta_random
[1] 1 7

$K_delta_fixed
[1] 10

$idx_delta_fixed
[1] 2 3 4 5 6 8

$N_train
[1] 7978

$X_train
  (Intercept) vegan_price_real vegetarian_price_real meat_price_real weekend
1           1        -3.998442             -5.643433       -5.746021       0
2           1        -3.998442             -5.643433       -5.746021       0
3           1        -3.998442             -5.643433       -5.746021       0
4           1        -3.998442             -5.643433       -5.746021       1
5           1        -3.998442             -5.643433       -5.746021       1
6           1        -3.998442             -5.643433       -5.746021       0
  holiday_window month_cat2 month_cat3 month_cat4 month_cat5 month_cat6
1              0          0          1          0          0          0
2              0          0          1          0          0          0
3              0          0          1          0          0          0
4              0          0          1          0          0          0
5              0          0          1          0          0          0
6              0          0          0          1          0          0
  month_cat7 month_cat8 month_cat9 month_cat10 month_cat11 month_cat12
1          0          0          0           0           0           0
2          0          0          0           0           0           0
3          0          0          0           0           0           0
4          0          0          0           0           0           0
5          0          0          0           0           0           0
6          0          0          0           0           0           0
  seasonspring seasonsummer seasonwinter year_cat2014 year_cat2015 year_cat2016
1            1            0            0            0            0            0
2            1            0            0            0            0            0
3            1            0            0            0            0            0
4            1            0            0            0            0            0
5            1            0            0            0            0            0
6            1            0            0            0            0            0
  year_cat2017 year_cat2018 year_cat2019 year_cat2020 year_cat2021 year_cat2022
1            0            0            1            0            0            0
2            0            0            1            0            0            0
3            0            0            1            0            0            0
4            0            0            1            0            0            0
5            0            0            1            0            0            0
6            0            0            1            0            0            0
  year_cat2023 date_num day_of_week_cat1 day_of_week_cat2 day_of_week_cat3
1            0 49.23203                0                1                0
2            0 49.23477                0                0                1
3            0 49.23751                0                0                0
4            0 49.24025                0                0                0
5            0 49.24298                0                0                0
6            0 49.24572                0                0                0
  day_of_week_cat4 day_of_week_cat5 day_of_week_cat6 inflation       temp
1                0                0                0 -1.303773 -0.6379573
2                0                0                0 -1.303773 -0.3820039
3                1                0                0 -1.303773 -0.2079557
4                0                1                0 -1.303773 -0.6993861
5                0                0                1 -1.303773 -1.0986732
6                0                0                0 -1.260512 -1.0884351
      precip exposure_2HRX9P6HKXA8V_1 exposure_ED5J990H5VAZT_1
1 -0.4143682                        0                        0
2 -0.3782466                        0                        0
3 -0.4143682                        0                        0
4  5.2928512                        0                        0
5  0.9401934                        0                        0
6 -0.3601857                        0                        0
  exposure_JHDN7CF1C03X5_1 exposure_L69HYJ4Y3TR91_1 exposure_SRQS8F7JWA9MZ_1
1                        0                        0                        0
2                        0                        0                        0
3                        0                        0                        0
4                        0                        0                        0
5                        0                        0                        0
6                        0                        0                        0
  exposure_W8T41JZK0ZMEP_1
1                        0
2                        0
3                        0
4                        0
5                        0
6                        0

$y_train
[1] 0 0 0 0 0 0

$idx_to_rest_train
[1] 1 1 1 1 1 1

$train_start_idx
[1]    1 1508 2315 3842 4160 6778

$train_end_idx
[1] 1507 2314 3841 4159 6777 7978

$N_test
[1] 423

$X_test
  (Intercept) vegan_price_real vegetarian_price_real meat_price_real weekend
1           1        0.4245134             0.6681675        1.064788       0
2           1        0.3753694             1.1096485        1.349447       1
3           1        1.0142408             1.3813657        1.033742       1
4           1       -0.2635019             1.0769320        1.502165       0
5           1        2.1936956             1.3194194        1.092904       0
6           1        1.0142408             0.9810029        1.292952       0
  holiday_window month_cat2 month_cat3 month_cat4 month_cat5 month_cat6
1              0          0          0          0          1          0
2              0          0          0          0          1          0
3              0          0          0          0          1          0
4              0          0          0          0          1          0
5              0          0          0          0          1          0
6              0          0          0          0          1          0
  month_cat7 month_cat8 month_cat9 month_cat10 month_cat11 month_cat12
1          0          0          0           0           0           0
2          0          0          0           0           0           0
3          0          0          0           0           0           0
4          0          0          0           0           0           0
5          0          0          0           0           0           0
6          0          0          0           0           0           0
  seasonspring seasonsummer seasonwinter year_cat2014 year_cat2015 year_cat2016
1            1            0            0            0            0            0
2            1            0            0            0            0            0
3            1            0            0            0            0            0
4            1            0            0            0            0            0
5            1            0            0            0            0            0
6            1            0            0            0            0            0
  year_cat2017 year_cat2018 year_cat2019 year_cat2020 year_cat2021 year_cat2022
1            0            0            0            0            0            0
2            0            0            0            0            0            0
3            0            0            0            0            0            0
4            0            0            0            0            0            0
5            0            0            0            0            0            0
6            0            0            0            0            0            0
  year_cat2023 date_num day_of_week_cat1 day_of_week_cat2 day_of_week_cat3
1            1 53.35797                0                0                0
2            1 53.36071                0                0                0
3            1 53.36345                0                0                0
4            1 53.36619                0                0                0
5            1 53.36893                1                0                0
6            1 53.37166                0                1                0
  day_of_week_cat4 day_of_week_cat5 day_of_week_cat6 inflation       temp
1                1                0                0  2.068125  1.1230015
2                0                1                0  2.068125  0.8363338
3                0                0                1  2.068125  0.3039509
4                0                0                0  2.068125  0.6418093
5                0                0                0  2.068125  0.5701424
6                0                0                0  2.068125 -0.3820039
      precip exposure_2HRX9P6HKXA8V_1 exposure_ED5J990H5VAZT_1
1 -0.4143682                        0                        0
2 -0.4143682                        0                        0
3 -0.4143682                        0                        0
4 -0.4143682                        0                        0
5 -0.4143682                        0                        0
6 -0.4143682                        0                        0
  exposure_JHDN7CF1C03X5_1 exposure_L69HYJ4Y3TR91_1 exposure_SRQS8F7JWA9MZ_1
1                        0                        0                        2
2                        0                        0                        2
3                        0                        0                        2
4                        0                        0                        2
5                        0                        0                        2
6                        0                        0                        2
  exposure_W8T41JZK0ZMEP_1
1                        0
2                        0
3                        0
4                        0
5                        0
6                        0

$y_test
[1] 13  6 10  3  1  4

$idx_to_rest_test
[1] 1 1 1 1 1 1

$test_start_idx
[1]   1  81 124 205 222 360

$test_end_idx
[1]  80 123 204 221 359 423

$mu_gamma_scale
[1] 1

$sigma_gamma_between_scale
[1] 1

$sigma_gamma_within_scale
[1] 1

$mu_beta_scale
[1] 1

$sigma_beta_scale
[1] 1

$mu_alpha_scale
[1] 1

$sigma_alpha_scale
[1] 1

$mu_delta_scale
[1] 1

$sigma_delta_scale
[1] 1

$mu_phi_log_scale
[1] 1

$sigma_phi_log_scale
[1] 1

[1] "Loading existing fit file..."
[1] "Loading existing summary file..."
[1] "Loading existing samples file..."
[1] "Loading existing metadata file..."
[1] "Summary of Hyperpriors (mu_*, sigma_*):"
# A tibble: 107 × 10
    variable      mean   median      sd     mad       q5      q95  rhat ess_bulk
    <chr>        <dbl>    <dbl>   <dbl>   <dbl>    <dbl>    <dbl> <dbl>    <dbl>
  1 mu_beta_…  0.182    1.83e-1 1.01    1.02    -1.47     1.82    1.00     3608.
  2 mu_beta_…  0.0582   5.77e-2 0.129   0.111   -0.138    0.260   1.00     1035.
  3 mu_beta_… -0.0667  -6.32e-2 0.136   0.113   -0.292    0.145   1.00     1137.
  4 mu_beta_…  0.0729   7.04e-2 0.0482  0.0386   0.00189  0.154   1.00     1381.
  5 mu_beta_…  0.0849   6.66e-2 0.483   0.338   -0.694    0.935   1.00     1462.
  6 mu_beta_… -0.0418  -4.08e-2 0.116   0.102   -0.225    0.137   1.00     1726.
  7 mu_beta_…  0.00704  3.41e-3 0.140   0.118   -0.215    0.227   1.00     1716.
  8 mu_beta_…  0.111    1.06e-1 0.389   0.321   -0.506    0.749   1.00     1580.
  9 mu_beta_… -0.0555  -5.50e-2 0.389   0.309   -0.664    0.590   1.00     1635.
 10 mu_beta_… -0.0378  -3.61e-2 0.401   0.324   -0.659    0.608   1.00     1763.
 11 mu_beta_…  0.121    1.23e-1 0.371   0.299   -0.503    0.718   1.00     1503.
 12 mu_beta_… -0.00863 -2.62e-3 0.370   0.292   -0.643    0.589   1.00     1464.
 13 mu_beta_… -0.105   -9.77e-2 0.371   0.290   -0.752    0.501   1.00     1476.
 14 mu_beta_…  0.0246   2.32e-2 0.296   0.255   -0.465    0.506   1.00     1441.
 15 mu_beta_… -0.103   -1.01e-1 0.295   0.259   -0.579    0.381   1.00     1431.
 16 mu_beta_… -0.0512  -5.04e-2 0.294   0.250   -0.535    0.448   1.00     1389.
 17 mu_beta_… -0.190   -1.90e-1 0.162   0.148   -0.461    0.0663  1.00     1932.
 18 mu_beta_…  0.0257   2.41e-2 0.433   0.366   -0.683    0.742   1.00     1809.
 19 mu_beta_…  0.0134   7.26e-3 0.429   0.379   -0.675    0.726   1.00     1502.
 20 mu_beta_…  0.234    2.28e-1 0.324   0.302   -0.295    0.756   1.00     1446.
 21 mu_beta_…  0.00897  2.82e-3 1.46    1.05    -2.43     2.38    1.00     3995.
 22 mu_beta_…  0.0119   9.28e-3 1.47    1.03    -2.38     2.47    1.00     4735.
 23 mu_beta_…  0.0529   6.11e-2 0.606   0.458   -0.940    0.973   1.00     2819.
 24 mu_beta_… -0.0283  -2.54e-2 0.578   0.435   -0.921    0.840   1.00     2402.
 25 mu_beta_…  0.0237   3.27e-2 0.597   0.425   -0.932    0.925   1.00     2214.
 26 mu_beta_…  0.497    4.94e-1 0.394   0.380   -0.139    1.15    1.00     1459.
 27 mu_beta_… -0.0714  -6.07e-2 0.422   0.377   -0.776    0.629   1.00     1684.
 28 mu_beta_…  0.0792   8.32e-2 0.313   0.300   -0.444    0.590   1.00     1385.
 29 mu_beta_… -0.158   -1.45e-1 0.336   0.319   -0.743    0.372   1.00     1457.
 30 mu_beta_… -0.311   -2.83e-1 0.403   0.389   -0.988    0.307   1.00     1637.
 31 mu_beta_…  0.00967  9.46e-3 0.0250  0.0249  -0.0320   0.0504  1.00     2335.
 32 mu_beta_… -0.0161  -1.59e-2 0.0143  0.0142  -0.0398   0.00726 1.00     2124.
 33 mu_beta_…  0.00603  6.15e-3 0.0155  0.0152  -0.0193   0.0316  1.00     1640.
 34 mu_beta_…  0.0142   1.37e-2 0.0169  0.0166  -0.0132   0.0431  1.00     1785.
 35 mu_beta_…  0.0341   3.38e-2 0.0163  0.0162   0.00783  0.0608  1.00     1686.
 36 mu_beta_…  0.0305   4.67e-2 0.480   0.338   -0.815    0.796   1.00     1486.
 37 mu_beta_… -0.0130   4.39e-3 0.480   0.339   -0.860    0.762   1.00     1482.
 38 mu_beta_…  0.0569   5.36e-2 0.0822  0.0799  -0.0743   0.196   1.00     2390.
 39 mu_beta_…  0.0591   5.92e-2 0.0187  0.0185   0.0277   0.0901  1.00     5380.
 40 mu_beta_… -0.0203  -2.03e-2 0.00691 0.00693 -0.0320  -0.00883 1.00     5589.
 41 mu_gamma…  0.0516   4.77e-2 0.0522  0.0314  -0.00966  0.137   1.00     1407.
 42 mu_gamma…  0.00387  8.85e-4 0.979   0.979   -1.61     1.60    1.00     5542.
 43 mu_alpha…  0.437    4.43e-1 0.159   0.132    0.168    0.688   1.00     1148.
 44 mu_alpha…  0.363    3.68e-1 0.0873  0.0684   0.226    0.482   1.00     1154.
 45 mu_alpha…  0.188    1.88e-1 0.0217  0.0222   0.153    0.224   1.00     2085.
 46 mu_alpha…  0.130    1.30e-1 0.0218  0.0218   0.0937   0.166   0.999    1908.
 47 mu_alpha…  0.139    1.39e-1 0.0212  0.0216   0.105    0.174   1.00     1841.
 48 mu_alpha…  0.147    1.47e-1 0.0217  0.0224   0.111    0.182   1.00     1896.
 49 mu_alpha…  0.158    1.58e-1 0.0225  0.0225   0.120    0.195   1.00     1672.
 50 mu_alpha…  0.0767   7.64e-2 0.0282  0.0283   0.0312   0.122   1.00     4812.
 51 mu_alpha…  0.0720   7.18e-2 0.0268  0.0265   0.0281   0.116   1.00     5335.
 52 mu_alpha…  0.0376   3.76e-2 0.0263  0.0265  -0.00553  0.0810  1.00     5355.
 53 mu_alpha…  0.0571   5.72e-2 0.0279  0.0280   0.0117   0.102   1.00     5330.
 54 mu_alpha… -0.0311  -3.09e-2 0.0266  0.0265  -0.0761   0.0118  1.00     4087.
 55 mu_delta… -0.308   -3.10e-1 0.0861  0.0665  -0.437   -0.171   1.00     1587.
 56 mu_delta…  0.308    3.13e-1 0.260   0.237   -0.111    0.719   1.00     1291.
 57 mu_delta… -0.279   -2.79e-1 0.0224  0.0224  -0.316   -0.243   1.00     1472.
 58 mu_delta… -0.213   -2.13e-1 0.0225  0.0226  -0.250   -0.175   1.00     1314.
 59 mu_delta… -0.228   -2.28e-1 0.0229  0.0227  -0.265   -0.190   1.00     1299.
 60 mu_delta… -0.225   -2.24e-1 0.0238  0.0235  -0.264   -0.186   1.00     1394.
 61 mu_delta… -0.245   -2.45e-1 0.0239  0.0240  -0.285   -0.205   1.00     1342.
 62 mu_delta…  0.100    9.95e-2 0.0715  0.0728  -0.0151   0.220   1.00     4182.
 63 mu_delta…  0.0356   3.55e-2 0.0694  0.0696  -0.0801   0.150   1.00     4527.
 64 mu_delta…  0.0949   9.68e-2 0.0717  0.0743  -0.0214   0.210   1.00     4071.
 65 mu_delta…  0.0552   5.56e-2 0.0695  0.0699  -0.0571   0.167   1.00     3821.
 66 mu_delta…  0.159    1.58e-1 0.0563  0.0580   0.0681   0.251   1.00     3531.
 67 mu_phi_l…  1.26     1.28e+0 0.377   0.340    0.595    1.85    1.00     1024.
 68 sigma_be…  0.699    5.90e-1 0.544   0.515    0.0509   1.73    1.00     1348.
 69 sigma_be…  0.306    2.74e-1 0.139   0.100    0.160    0.564   1.00     2201.
 70 sigma_be…  0.307    2.77e-1 0.135   0.0959   0.163    0.560   1.00     1885.
 71 sigma_be…  0.0987   8.62e-2 0.0573  0.0421   0.0358   0.206   1.00     1240.
 72 sigma_be…  0.133    1.16e-1 0.0659  0.0448   0.0658   0.251   1.00     1717.
 73 sigma_be…  0.248    2.20e-1 0.133   0.0989   0.0958   0.488   1.01     1151.
 74 sigma_be…  0.302    2.72e-1 0.154   0.121    0.120    0.590   1.00     1351.
 75 sigma_be…  0.197    1.73e-1 0.141   0.125    0.0205   0.454   1.00      679.
 76 sigma_be…  0.115    8.92e-2 0.103   0.0785   0.00835  0.315   1.00     1024.
 77 sigma_be…  0.311    2.79e-1 0.179   0.145    0.0850   0.638   1.00     1108.
 78 sigma_be…  0.102    7.94e-2 0.0933  0.0713   0.00874  0.274   1.00     1359.
 79 sigma_be…  0.0762   5.74e-2 0.0709  0.0519   0.00549  0.211   1.00     2008.
 80 sigma_be…  0.0785   5.67e-2 0.0813  0.0541   0.00502  0.219   1.00     1736.
 81 sigma_be…  0.138    1.17e-1 0.109   0.0956   0.0120   0.338   1.00      842.
 82 sigma_be…  0.122    9.74e-2 0.104   0.0855   0.00950  0.323   1.00     1195.
 83 sigma_be…  0.0915   7.07e-2 0.0875  0.0638   0.00596  0.246   1.00     1432.
 84 sigma_be…  0.288    2.56e-1 0.151   0.116    0.111    0.565   1.00     1457.
 85 sigma_be…  0.162    1.40e-1 0.119   0.100    0.0148   0.386   1.00     1087.
 86 sigma_be…  0.212    1.88e-1 0.139   0.103    0.0491   0.455   1.00     1024.
 87 sigma_be…  0.380    3.41e-1 0.173   0.126    0.185    0.702   1.00     1638.
 88 sigma_be…  1.00     6.80e-1 1.01    0.720    0.0566   3.08    1.00     4151.
 89 sigma_be…  0.969    6.74e-1 0.957   0.679    0.0636   2.87    1.00     3379.
 90 sigma_be…  0.712    4.91e-1 0.753   0.487    0.0426   2.14    1.00     3264.
 91 sigma_be…  0.693    4.60e-1 0.723   0.494    0.0328   2.07    1.00     3401.
 92 sigma_be…  0.740    5.12e-1 0.749   0.517    0.0401   2.22    1.00     2916.
 93 sigma_be…  0.474    3.94e-1 0.313   0.216    0.146    1.07    1.00     1565.
 94 sigma_be…  0.833    7.58e-1 0.357   0.280    0.429    1.48    1.00     2631.
 95 sigma_be…  0.148    1.03e-1 0.157   0.101    0.00854  0.436   1.00     1224.
 96 sigma_be…  0.159    1.21e-1 0.148   0.105    0.0131   0.430   1.00     1281.
 97 sigma_be…  0.270    2.27e-1 0.193   0.141    0.0493   0.636   1.00     1238.
 98 sigma_be…  0.0233   2.09e-2 0.0150  0.0119   0.00356  0.0512  1.00     1307.
 99 sigma_ga…  0.0757   5.03e-2 0.0795  0.0517   0.00421  0.231   1.00     1296.
100 sigma_ga…  0.801    6.72e-1 0.604   0.608    0.0782   1.96    1.00     2946.
101 sigma_al…  0.367    3.32e-1 0.162   0.119    0.191    0.657   1.00     1580.
102 sigma_al…  0.169    1.47e-1 0.0955  0.0607   0.0761   0.326   1.00     1269.
103 sigma_de…  0.156    1.37e-1 0.0981  0.0774   0.0349   0.343   1.00     1041.
104 sigma_de…  0.597    5.45e-1 0.241   0.195    0.314    1.04    1.00     1830.
105 sigma_ph…  0.952    8.75e-1 0.346   0.282    0.546    1.65    1.00     1418.
106 sigma_ga…  0.799    6.97e-1 0.578   0.577    0.0736   1.89    1.00     2337.
107 sigma_ga…  0.803    6.72e-1 0.596   0.559    0.0629   1.95    1.00     2502.
# ℹ 1 more variable: ess_tail <dbl>
[1] "Loading existing lambda_mean file..."
[1] "Loading existing lambda_test_mean file..."
[1] "Loading existing y_rep_mean file..."
[1] "Loading existing y_test_rep_mean file..."
[1] "Generating plots..."
[1] "exposure_2HRX9P6HKXA8V_1" "exposure_ED5J990H5VAZT_1"
[3] "exposure_JHDN7CF1C03X5_1" "exposure_L69HYJ4Y3TR91_1"
[5] "exposure_SRQS8F7JWA9MZ_1" "exposure_W8T41JZK0ZMEP_1"
[1] 6
Adding missing grouping variables: `location_id_num`
[1] "Skipping daily plot for SRQS8F7JWA9MZ due to missing daily data."
[1] "Skipping daily plot for 2HRX9P6HKXA8V due to missing daily data."
[1] "Skipping daily plot for JHDN7CF1C03X5 due to missing daily data."
[1] "Skipping daily plot for L69HYJ4Y3TR91 due to missing daily data."
[1] "Skipping daily plot for ED5J990H5VAZT due to missing daily data."
[1] "Skipping daily plot for W8T41JZK0ZMEP due to missing daily data."
[1] "Skipping MLflow logging as existing fit file was loaded."
[1] "Done."
           used  (Mb) gc trigger   (Mb)  max used   (Mb)
Ncells  4816993 257.3    8901412  475.4   8901412  475.4
Vcells 10141994  77.4  234714329 1790.8 220223625 1680.2
