- The project is out-of-sync -- use `renv::status()` for details.
── Attaching core tidyverse packages ──────────────────────── tidyverse 2.0.0 ──
✔ dplyr     1.1.4     ✔ readr     2.1.5
✔ forcats   1.0.0     ✔ stringr   1.5.1
✔ ggplot2   3.5.1     ✔ tibble    3.2.1
✔ lubridate 1.9.4     ✔ tidyr     1.3.1
✔ purrr     1.0.4     
[conflicted] Will prefer dplyr::select over any other package.
[conflicted] Will prefer dplyr::filter over any other package.
[conflicted] Will prefer lubridate::year over any other package.
[conflicted] Will prefer lubridate::month over any other package.
[conflicted] Will prefer purrr::map over any other package.
[conflicted] Will prefer stats::sd over any other package.
[conflicted] Will prefer base::match over any other package.
This is cmdstanr version 0.9.0
- CmdStanR documentation and vignettes: mc-stan.org/cmdstanr
- CmdStan path: /home/nuttidalab/.cmdstan/cmdstan-2.36.0
- CmdStan version: 2.36.0

A newer version of CmdStan is available. See ?install_cmdstan() to install it.
To disable this check set option or environment variable cmdstanr_no_ver_check=TRUE.
This is posterior version 1.6.0
Registered S3 method overwritten by 'tsibble':
  method               from 
  as_tibble.grouped_df dplyr
── Attaching packages ──────────────────────────────────────────── fpp3 1.0.1 ──
✔ tsibble     1.1.6     ✔ feasts      0.4.1
✔ tsibbledata 0.4.1     ✔ fable       0.4.1
Loading required package: R.oo
Loading required package: R.methodsS3
R.methodsS3 v1.8.2 (2022-06-13 22:00:14 UTC) successfully loaded. See ?R.methodsS3 for help.
R.oo v1.27.0 (2024-11-01 18:00:02 UTC) successfully loaded. See ?R.oo for help.

Attaching package: ‘R.oo’

The following object is masked from ‘package:R.methodsS3’:

    throw

The following object is masked from ‘package:shiny’:

    printStackTrace

The following object is masked from ‘package:renv’:

    load

The following objects are masked from ‘package:methods’:

    getClasses, getMethods

The following objects are masked from ‘package:base’:

    attach, detach, load, save

R.utils v2.13.0 (2025-02-24 21:20:02 UTC) successfully loaded. See ?R.utils for help.
Registered S3 method overwritten by 'quantmod':
  method            from
  as.zoo.data.frame zoo 
Registered S3 methods overwritten by 'bayesforecast':
  method      from    
  autoplot.ts forecast
  forecast.ts forecast
  fortify.ts  forecast
  print.garch tseries 
[1] "# of rows: 34628"
[1] "# of rows: 7197"
[1] "Found 5 exposure columns in the data: exposure_2HRX9P6HKXA8V_1, exposure_ED5J990H5VAZT_1, exposure_JHDN7CF1C03X5_1, exposure_L69HYJ4Y3TR91_1, exposure_W8T41JZK0ZMEP_1"
Numeric columns considered for scaling:
vegan_window_sum_item_quantity,
vegetarian_window_sum_item_quantity,
meat_window_sum_item_quantity,
vegan_window_avg_item_price,
vegetarian_window_avg_item_price,
meat_window_avg_item_price,
breakfast_p_window_avg_item_price,
textured_p_window_avg_item_price,
untextured_p_window_avg_item_price,
chicken_p_window_avg_item_price,
dairy_p_window_avg_item_price,
egg_p_window_avg_item_price,
breakfast_window_avg_item_price,
textured_window_avg_item_price,
untextured_window_avg_item_price,
breakfast_t2_window_avg_item_price,
textured_t2_window_avg_item_price,
untextured_t2_window_avg_item_price,
chicken_t2_window_avg_item_price,
dairy_t2_window_avg_item_price,
day_of_month,
Value,
vegan_price_real,
vegetarian_price_real,
meat_price_real,
breakfast_p_price_real,
textured_p_price_real,
untextured_p_price_real,
chicken_p_price_real,
dairy_p_price_real,
egg_p_price_real,
breakfast_price_real,
textured_price_real,
untextured_price_real,
breakfast_t2_price_real,
textured_t2_price_real,
untextured_t2_price_real,
chicken_t2_price_real,
dairy_t2_price_real,
inflation,
temp,
precip[1] "Successfully created `expo_to_rest` mapping."
[1] "Successfully created `expo_to_param` mapping."
Identified 5 exposure columns in the design matrix: 
exposure_2HRX9P6HKXA8V_1, 
exposure_ED5J990H5VAZT_1, 
exposure_JHDN7CF1C03X5_1, 
exposure_L69HYJ4Y3TR91_1, 
exposure_W8T41JZK0ZMEP_1
Identified 30 random beta columns: 
vegan_price_real, 
vegetarian_price_real, 
meat_price_real, 
weekend, 
holiday_window, 
month_cat2, 
month_cat3, 
month_cat4, 
month_cat5, 
month_cat6, 
month_cat7, 
month_cat8, 
month_cat9, 
month_cat10, 
month_cat11, 
month_cat12, 
seasonspring, 
seasonsummer, 
seasonwinter, 
year_cat2014, 
year_cat2015, 
year_cat2016, 
year_cat2017, 
year_cat2018, 
year_cat2019, 
year_cat2020, 
year_cat2021, 
year_cat2022, 
year_cat2023, 
date_num
Identified 9 fixed beta columns: 
day_of_week_cat1, 
day_of_week_cat2, 
day_of_week_cat3, 
day_of_week_cat4, 
day_of_week_cat5, 
day_of_week_cat6, 
inflation, 
temp, 
precip
Identified 2 random alpha indices (positions): 
1, 7
Identified 2 random delta indices (positions): 
1, 7
$R
[1] 5

$J
[1] 45

$p_effective
[1] 12

$q_effective
[1] 12

$M
[1] 2

$idx_intercept
[1] 1

$K_beta_random
[1] 30

$idx_beta_random
[1] 2 3 4 5 6 7

$K_beta_fixed
[1] 9

$idx_beta_fixed
[1] 32 33 34 35 36 37

$K_exposure
[1] 5

$idx_exposure
[1] 41 42 43 44 45

$expo_to_rest
[1] 1 4 2 3 5

$expo_to_param
[1] 1 1 1 1 1

$effective_lags_alpha
[1] 1 2 3 4 5 6

$K_alpha_random
[1] 2

$idx_alpha_random
[1] 1 7

$K_alpha_fixed
[1] 10

$idx_alpha_fixed
[1] 2 3 4 5 6 8

$effective_lags_delta
[1] 1 2 3 4 5 6

$K_delta_random
[1] 2

$idx_delta_random
[1] 1 7

$K_delta_fixed
[1] 10

$idx_delta_fixed
[1] 2 3 4 5 6 8

$N_train
[1] 6834

$X_train
  (Intercept) vegan_price_real vegetarian_price_real meat_price_real weekend
1           1       -0.9751439            -0.6231729      -1.0385991       0
2           1       -0.3967741            -0.5118701      -1.2993172       0
3           1       -1.2422909            -0.7866129      -0.9553291       0
4           1       -0.9460238            -0.7780717      -1.2664759       1
5           1       -0.8773595            -0.7320021      -1.0631467       1
6           1       -1.0499877            -0.6975952      -0.9205429       0
  holiday_window month_cat2 month_cat3 month_cat4 month_cat5 month_cat6
1              0          0          0          0          0          0
2              0          0          0          0          0          0
3              0          0          0          0          0          0
4              0          0          0          0          0          0
5              0          0          0          0          0          0
6              0          0          0          0          0          0
  month_cat7 month_cat8 month_cat9 month_cat10 month_cat11 month_cat12
1          0          0          0           0           0           0
2          0          0          0           0           0           0
3          0          0          0           0           0           0
4          0          0          0           0           0           0
5          0          0          0           0           0           0
6          0          0          0           0           0           0
  seasonspring seasonsummer seasonwinter year_cat2014 year_cat2015 year_cat2016
1            0            0            1            0            0            0
2            0            0            1            0            0            0
3            0            0            1            0            0            0
4            0            0            1            0            0            0
5            0            0            1            0            0            0
6            0            0            1            0            0            0
  year_cat2017 year_cat2018 year_cat2019 year_cat2020 year_cat2021 year_cat2022
1            0            0            1            0            0            0
2            0            0            1            0            0            0
3            0            0            1            0            0            0
4            0            0            1            0            0            0
5            0            0            1            0            0            0
6            0            0            1            0            0            0
  year_cat2023 date_num day_of_week_cat1 day_of_week_cat2 day_of_week_cat3
1            0 49.00205                0                1                0
2            0 49.00479                0                0                1
3            0 49.00753                0                0                0
4            0 49.01027                0                0                0
5            0 49.01300                0                0                0
6            0 49.01574                0                0                0
  day_of_week_cat4 day_of_week_cat5 day_of_week_cat6 inflation       temp
1                0                0                0 -1.282151 -1.2225669
2                0                0                0 -1.282151 -1.0336314
3                1                0                0 -1.282151 -0.8446958
4                0                1                0 -1.282151 -0.7962508
5                0                0                1 -1.282151 -0.5830928
6                0                0                0 -1.282151 -0.8204733
      precip exposure_2HRX9P6HKXA8V_1 exposure_ED5J990H5VAZT_1
1 -0.2818423                   0.0625                        0
2 -0.2818423                   0.0625                        0
3 -0.2818423                   0.0625                        0
4 -0.2818423                   0.0625                        0
5 -0.2818423                   0.0625                        0
6 -0.2818423                   0.0625                        0
  exposure_JHDN7CF1C03X5_1 exposure_L69HYJ4Y3TR91_1 exposure_W8T41JZK0ZMEP_1
1                        0                        0                        0
2                        0                        0                        0
3                        0                        0                        0
4                        0                        0                        0
5                        0                        0                        0
6                        0                        0                        0

$y_train
[1] 32 30 20 43 45 12

$idx_to_rest_train
[1] 1 1 1 1 1 1

$train_start_idx
[1]    1 1582 2877 3150 5641

$train_end_idx
[1] 1581 2876 3149 5640 6834

$N_test
[1] 363

$X_test
  (Intercept) vegan_price_real vegetarian_price_real meat_price_real weekend
1           1       0.38103677             0.6130176       0.5051827       0
2           1      -2.10023052            -1.6383049      -0.9805834       0
3           1      -1.68385722            -1.5443505      -2.1441971       0
4           1       0.41407445             0.7868065       0.1720278       0
5           1      -0.08430122             0.5415055       0.0760158       1
6           1       0.35720230             0.7139883       0.2297473       1
  holiday_window month_cat2 month_cat3 month_cat4 month_cat5 month_cat6
1              0          0          0          0          1          0
2              0          0          0          0          1          0
3              0          0          0          0          1          0
4              0          0          0          0          1          0
5              0          0          0          0          1          0
6              0          0          0          0          1          0
  month_cat7 month_cat8 month_cat9 month_cat10 month_cat11 month_cat12
1          0          0          0           0           0           0
2          0          0          0           0           0           0
3          0          0          0           0           0           0
4          0          0          0           0           0           0
5          0          0          0           0           0           0
6          0          0          0           0           0           0
  seasonspring seasonsummer seasonwinter year_cat2014 year_cat2015 year_cat2016
1            1            0            0            0            0            0
2            1            0            0            0            0            0
3            1            0            0            0            0            0
4            1            0            0            0            0            0
5            1            0            0            0            0            0
6            1            0            0            0            0            0
  year_cat2017 year_cat2018 year_cat2019 year_cat2020 year_cat2021 year_cat2022
1            0            0            0            0            0            0
2            0            0            0            0            0            0
3            0            0            0            0            0            0
4            0            0            0            0            0            0
5            0            0            0            0            0            0
6            0            0            0            0            0            0
  year_cat2023 date_num day_of_week_cat1 day_of_week_cat2 day_of_week_cat3
1            1 53.33060                1                0                0
2            1 53.33333                0                1                0
3            1 53.33607                0                0                1
4            1 53.33881                0                0                0
5            1 53.34155                0                0                0
6            1 53.34428                0                0                0
  day_of_week_cat4 day_of_week_cat5 day_of_week_cat6 inflation      temp
1                0                0                0   2.13719 0.8993244
2                0                0                0   2.13719 1.1367049
3                0                0                0   2.13719 1.0059034
4                1                0                0   2.13719 0.2840728
5                0                1                0   2.13719 0.3858073
6                0                0                1   2.13719 0.3373623
      precip exposure_2HRX9P6HKXA8V_1 exposure_ED5J990H5VAZT_1
1 -0.2818423                0.1428571                        0
2 -0.2818423                0.1428571                        0
3 -0.1155143                0.1428571                        0
4  0.1616990                0.1428571                        0
5 -0.2818423                0.1428571                        0
6 -0.2818423                0.1428571                        0
  exposure_JHDN7CF1C03X5_1 exposure_L69HYJ4Y3TR91_1 exposure_W8T41JZK0ZMEP_1
1                        0                        0                        0
2                        0                        0                        0
3                        0                        0                        0
4                        0                        0                        0
5                        0                        0                        0
6                        0                        0                        0

$y_test
[1] 13  1 22 33 65 55

$idx_to_rest_test
[1] 1 1 1 1 1 1

$test_start_idx
[1]   1  85 154 169 301

$test_end_idx
[1]  84 153 168 300 363

$mu_gamma_scale
[1] 1

$sigma_gamma_between_scale
[1] 1

$sigma_gamma_within_scale
[1] 1

$mu_beta_scale
[1] 1

$sigma_beta_scale
[1] 1

$mu_alpha_scale
[1] 1

$sigma_alpha_scale
[1] 1

$mu_delta_scale
[1] 1

$sigma_delta_scale
[1] 1

$mu_phi_log_scale
[1] 1

$sigma_phi_log_scale
[1] 1

[1] "Fitting the multilevel model..."
Running MCMC with 2 parallel chains...

Chain 1 Informational Message: The current Metropolis proposal is about to be rejected because of the following issue:
Chain 1 Exception: neg_binomial_2_lpmf: Location parameter is -nan, but must be positive finite! (in '/tmp/RtmptxEwX8/model-23bd164caef6f.stan', line 413, column 4 to column 51)
Chain 1 If this warning occurs sporadically, such as for highly constrained variable types like covariance matrices, then the sampler is fine,
Chain 1 but if this warning occurs often then your model may be either severely ill-conditioned or misspecified.
Chain 1 
Chain 1 Informational Message: The current Metropolis proposal is about to be rejected because of the following issue:
Chain 1 Exception: neg_binomial_2_lpmf: Location parameter is -nan, but must be positive finite! (in '/tmp/RtmptxEwX8/model-23bd164caef6f.stan', line 413, column 4 to column 51)
Chain 1 If this warning occurs sporadically, such as for highly constrained variable types like covariance matrices, then the sampler is fine,
Chain 1 but if this warning occurs often then your model may be either severely ill-conditioned or misspecified.
Chain 1 
Chain 2 Informational Message: The current Metropolis proposal is about to be rejected because of the following issue:
Chain 2 Exception: neg_binomial_2_lpmf: Location parameter is -nan, but must be positive finite! (in '/tmp/RtmptxEwX8/model-23bd164caef6f.stan', line 413, column 4 to column 51)
Chain 2 If this warning occurs sporadically, such as for highly constrained variable types like covariance matrices, then the sampler is fine,
Chain 2 but if this warning occurs often then your model may be either severely ill-conditioned or misspecified.
Chain 2 
Chain 2 Informational Message: The current Metropolis proposal is about to be rejected because of the following issue:
Chain 2 Exception: neg_binomial_2_lpmf: Location parameter is -nan, but must be positive finite! (in '/tmp/RtmptxEwX8/model-23bd164caef6f.stan', line 413, column 4 to column 51)
Chain 2 If this warning occurs sporadically, such as for highly constrained variable types like covariance matrices, then the sampler is fine,
Chain 2 but if this warning occurs often then your model may be either severely ill-conditioned or misspecified.
Chain 2 
Chain 1 Informational Message: The current Metropolis proposal is about to be rejected because of the following issue:
Chain 1 Exception: neg_binomial_2_lpmf: Location parameter is inf, but must be positive finite! (in '/tmp/RtmptxEwX8/model-23bd164caef6f.stan', line 413, column 4 to column 51)
Chain 1 If this warning occurs sporadically, such as for highly constrained variable types like covariance matrices, then the sampler is fine,
Chain 1 but if this warning occurs often then your model may be either severely ill-conditioned or misspecified.
Chain 1 
Chain 1 Informational Message: The current Metropolis proposal is about to be rejected because of the following issue:
Chain 1 Exception: neg_binomial_2_lpmf: Location parameter is inf, but must be positive finite! (in '/tmp/RtmptxEwX8/model-23bd164caef6f.stan', line 413, column 4 to column 51)
Chain 1 If this warning occurs sporadically, such as for highly constrained variable types like covariance matrices, then the sampler is fine,
Chain 1 but if this warning occurs often then your model may be either severely ill-conditioned or misspecified.
Chain 1 
Chain 1 Informational Message: The current Metropolis proposal is about to be rejected because of the following issue:
Chain 1 Exception: neg_binomial_2_lpmf: Location parameter is inf, but must be positive finite! (in '/tmp/RtmptxEwX8/model-23bd164caef6f.stan', line 413, column 4 to column 51)
Chain 1 If this warning occurs sporadically, such as for highly constrained variable types like covariance matrices, then the sampler is fine,
Chain 1 but if this warning occurs often then your model may be either severely ill-conditioned or misspecified.
Chain 1 
Chain 1 Informational Message: The current Metropolis proposal is about to be rejected because of the following issue:
Chain 1 Exception: neg_binomial_2_lpmf: Location parameter is inf, but must be positive finite! (in '/tmp/RtmptxEwX8/model-23bd164caef6f.stan', line 413, column 4 to column 51)
Chain 1 If this warning occurs sporadically, such as for highly constrained variable types like covariance matrices, then the sampler is fine,
Chain 1 but if this warning occurs often then your model may be either severely ill-conditioned or misspecified.
Chain 1 
Chain 1 Informational Message: The current Metropolis proposal is about to be rejected because of the following issue:
Chain 1 Exception: neg_binomial_2_lpmf: Location parameter is inf, but must be positive finite! (in '/tmp/RtmptxEwX8/model-23bd164caef6f.stan', line 413, column 4 to column 51)
Chain 1 If this warning occurs sporadically, such as for highly constrained variable types like covariance matrices, then the sampler is fine,
Chain 1 but if this warning occurs often then your model may be either severely ill-conditioned or misspecified.
Chain 1 
Chain 2 Informational Message: The current Metropolis proposal is about to be rejected because of the following issue:
Chain 2 Exception: neg_binomial_2_lpmf: Location parameter is -nan, but must be positive finite! (in '/tmp/RtmptxEwX8/model-23bd164caef6f.stan', line 413, column 4 to column 51)
Chain 2 If this warning occurs sporadically, such as for highly constrained variable types like covariance matrices, then the sampler is fine,
Chain 2 but if this warning occurs often then your model may be either severely ill-conditioned or misspecified.
Chain 2 
Chain 2 Informational Message: The current Metropolis proposal is about to be rejected because of the following issue:
Chain 2 Exception: neg_binomial_2_lpmf: Location parameter is inf, but must be positive finite! (in '/tmp/RtmptxEwX8/model-23bd164caef6f.stan', line 413, column 4 to column 51)
Chain 2 If this warning occurs sporadically, such as for highly constrained variable types like covariance matrices, then the sampler is fine,
Chain 2 but if this warning occurs often then your model may be either severely ill-conditioned or misspecified.
Chain 2 
Chain 1 Informational Message: The current Metropolis proposal is about to be rejected because of the following issue:
Chain 1 Exception: neg_binomial_2_lpmf: Location parameter is inf, but must be positive finite! (in '/tmp/RtmptxEwX8/model-23bd164caef6f.stan', line 413, column 4 to column 51)
Chain 1 If this warning occurs sporadically, such as for highly constrained variable types like covariance matrices, then the sampler is fine,
Chain 1 but if this warning occurs often then your model may be either severely ill-conditioned or misspecified.
Chain 1 
Chain 1 Informational Message: The current Metropolis proposal is about to be rejected because of the following issue:
Chain 1 Exception: neg_binomial_2_lpmf: Location parameter is inf, but must be positive finite! (in '/tmp/RtmptxEwX8/model-23bd164caef6f.stan', line 413, column 4 to column 51)
Chain 1 If this warning occurs sporadically, such as for highly constrained variable types like covariance matrices, then the sampler is fine,
Chain 1 but if this warning occurs often then your model may be either severely ill-conditioned or misspecified.
Chain 1 
Chain 2 Informational Message: The current Metropolis proposal is about to be rejected because of the following issue:
Chain 2 Exception: neg_binomial_2_lpmf: Location parameter is inf, but must be positive finite! (in '/tmp/RtmptxEwX8/model-23bd164caef6f.stan', line 413, column 4 to column 51)
Chain 2 If this warning occurs sporadically, such as for highly constrained variable types like covariance matrices, then the sampler is fine,
Chain 2 but if this warning occurs often then your model may be either severely ill-conditioned or misspecified.
Chain 2 
Chain 1 Informational Message: The current Metropolis proposal is about to be rejected because of the following issue:
Chain 1 Exception: neg_binomial_2_lpmf: Location parameter is inf, but must be positive finite! (in '/tmp/RtmptxEwX8/model-23bd164caef6f.stan', line 413, column 4 to column 51)
Chain 1 If this warning occurs sporadically, such as for highly constrained variable types like covariance matrices, then the sampler is fine,
Chain 1 but if this warning occurs often then your model may be either severely ill-conditioned or misspecified.
Chain 1 
Chain 2 Informational Message: The current Metropolis proposal is about to be rejected because of the following issue:
Chain 2 Exception: neg_binomial_2_lpmf: Location parameter is inf, but must be positive finite! (in '/tmp/RtmptxEwX8/model-23bd164caef6f.stan', line 413, column 4 to column 51)
Chain 2 If this warning occurs sporadically, such as for highly constrained variable types like covariance matrices, then the sampler is fine,
Chain 2 but if this warning occurs often then your model may be either severely ill-conditioned or misspecified.
Chain 2 
Chain 2 Informational Message: The current Metropolis proposal is about to be rejected because of the following issue:
Chain 2 Exception: neg_binomial_2_lpmf: Location parameter is inf, but must be positive finite! (in '/tmp/RtmptxEwX8/model-23bd164caef6f.stan', line 413, column 4 to column 51)
Chain 2 If this warning occurs sporadically, such as for highly constrained variable types like covariance matrices, then the sampler is fine,
Chain 2 but if this warning occurs often then your model may be either severely ill-conditioned or misspecified.
Chain 2 
Chain 1 Informational Message: The current Metropolis proposal is about to be rejected because of the following issue:
Chain 1 Exception: neg_binomial_2_lpmf: Location parameter is 0, but must be positive finite! (in '/tmp/RtmptxEwX8/model-23bd164caef6f.stan', line 413, column 4 to column 51)
Chain 1 If this warning occurs sporadically, such as for highly constrained variable types like covariance matrices, then the sampler is fine,
Chain 1 but if this warning occurs often then your model may be either severely ill-conditioned or misspecified.
Chain 1 
Chain 2 Informational Message: The current Metropolis proposal is about to be rejected because of the following issue:
Chain 2 Exception: neg_binomial_2_lpmf: Location parameter is inf, but must be positive finite! (in '/tmp/RtmptxEwX8/model-23bd164caef6f.stan', line 413, column 4 to column 51)
Chain 2 If this warning occurs sporadically, such as for highly constrained variable types like covariance matrices, then the sampler is fine,
Chain 2 but if this warning occurs often then your model may be either severely ill-conditioned or misspecified.
Chain 2 
Chain 2 Informational Message: The current Metropolis proposal is about to be rejected because of the following issue:
Chain 2 Exception: neg_binomial_2_lpmf: Location parameter is inf, but must be positive finite! (in '/tmp/RtmptxEwX8/model-23bd164caef6f.stan', line 413, column 4 to column 51)
Chain 2 If this warning occurs sporadically, such as for highly constrained variable types like covariance matrices, then the sampler is fine,
Chain 2 but if this warning occurs often then your model may be either severely ill-conditioned or misspecified.
Chain 2 
Chain 1 Iteration:    1 / 2200 [  0%]  (Warmup) 
Chain 2 Informational Message: The current Metropolis proposal is about to be rejected because of the following issue:
Chain 2 Exception: neg_binomial_2_lpmf: Location parameter is inf, but must be positive finite! (in '/tmp/RtmptxEwX8/model-23bd164caef6f.stan', line 413, column 4 to column 51)
Chain 2 If this warning occurs sporadically, such as for highly constrained variable types like covariance matrices, then the sampler is fine,
Chain 2 but if this warning occurs often then your model may be either severely ill-conditioned or misspecified.
Chain 2 
Chain 2 Informational Message: The current Metropolis proposal is about to be rejected because of the following issue:
Chain 2 Exception: neg_binomial_2_lpmf: Location parameter is inf, but must be positive finite! (in '/tmp/RtmptxEwX8/model-23bd164caef6f.stan', line 413, column 4 to column 51)
Chain 2 If this warning occurs sporadically, such as for highly constrained variable types like covariance matrices, then the sampler is fine,
Chain 2 but if this warning occurs often then your model may be either severely ill-conditioned or misspecified.
Chain 2 
Chain 1 Informational Message: The current Metropolis proposal is about to be rejected because of the following issue:
Chain 1 Exception: neg_binomial_2_lpmf: Location parameter is -nan, but must be positive finite! (in '/tmp/RtmptxEwX8/model-23bd164caef6f.stan', line 413, column 4 to column 51)
Chain 1 If this warning occurs sporadically, such as for highly constrained variable types like covariance matrices, then the sampler is fine,
Chain 1 but if this warning occurs often then your model may be either severely ill-conditioned or misspecified.
Chain 1 
Chain 2 Informational Message: The current Metropolis proposal is about to be rejected because of the following issue:
Chain 2 Exception: neg_binomial_2_lpmf: Location parameter is inf, but must be positive finite! (in '/tmp/RtmptxEwX8/model-23bd164caef6f.stan', line 413, column 4 to column 51)
Chain 2 If this warning occurs sporadically, such as for highly constrained variable types like covariance matrices, then the sampler is fine,
Chain 2 but if this warning occurs often then your model may be either severely ill-conditioned or misspecified.
Chain 2 
Chain 1 Informational Message: The current Metropolis proposal is about to be rejected because of the following issue:
Chain 1 Exception: neg_binomial_2_lpmf: Location parameter is -nan, but must be positive finite! (in '/tmp/RtmptxEwX8/model-23bd164caef6f.stan', line 413, column 4 to column 51)
Chain 1 If this warning occurs sporadically, such as for highly constrained variable types like covariance matrices, then the sampler is fine,
Chain 1 but if this warning occurs often then your model may be either severely ill-conditioned or misspecified.
Chain 1 
Chain 2 Informational Message: The current Metropolis proposal is about to be rejected because of the following issue:
Chain 2 Exception: neg_binomial_2_lpmf: Location parameter is 0, but must be positive finite! (in '/tmp/RtmptxEwX8/model-23bd164caef6f.stan', line 413, column 4 to column 51)
Chain 2 If this warning occurs sporadically, such as for highly constrained variable types like covariance matrices, then the sampler is fine,
Chain 2 but if this warning occurs often then your model may be either severely ill-conditioned or misspecified.
Chain 2 
Chain 2 Informational Message: The current Metropolis proposal is about to be rejected because of the following issue:
Chain 2 Exception: neg_binomial_2_lpmf: Location parameter is 0, but must be positive finite! (in '/tmp/RtmptxEwX8/model-23bd164caef6f.stan', line 413, column 4 to column 51)
Chain 2 If this warning occurs sporadically, such as for highly constrained variable types like covariance matrices, then the sampler is fine,
Chain 2 but if this warning occurs often then your model may be either severely ill-conditioned or misspecified.
Chain 2 
Chain 1 Informational Message: The current Metropolis proposal is about to be rejected because of the following issue:
Chain 1 Exception: neg_binomial_2_lpmf: Location parameter is inf, but must be positive finite! (in '/tmp/RtmptxEwX8/model-23bd164caef6f.stan', line 413, column 4 to column 51)
Chain 1 If this warning occurs sporadically, such as for highly constrained variable types like covariance matrices, then the sampler is fine,
Chain 1 but if this warning occurs often then your model may be either severely ill-conditioned or misspecified.
Chain 1 
Chain 1 Informational Message: The current Metropolis proposal is about to be rejected because of the following issue:
Chain 1 Exception: neg_binomial_2_lpmf: Location parameter is inf, but must be positive finite! (in '/tmp/RtmptxEwX8/model-23bd164caef6f.stan', line 413, column 4 to column 51)
Chain 1 If this warning occurs sporadically, such as for highly constrained variable types like covariance matrices, then the sampler is fine,
Chain 1 but if this warning occurs often then your model may be either severely ill-conditioned or misspecified.
Chain 1 
Chain 2 Iteration:    1 / 2200 [  0%]  (Warmup) 
Chain 2 Informational Message: The current Metropolis proposal is about to be rejected because of the following issue:
Chain 2 Exception: neg_binomial_2_lpmf: Location parameter is -nan, but must be positive finite! (in '/tmp/RtmptxEwX8/model-23bd164caef6f.stan', line 413, column 4 to column 51)
Chain 2 If this warning occurs sporadically, such as for highly constrained variable types like covariance matrices, then the sampler is fine,
Chain 2 but if this warning occurs often then your model may be either severely ill-conditioned or misspecified.
Chain 2 
Chain 2 Informational Message: The current Metropolis proposal is about to be rejected because of the following issue:
Chain 2 Exception: neg_binomial_2_lpmf: Location parameter is -nan, but must be positive finite! (in '/tmp/RtmptxEwX8/model-23bd164caef6f.stan', line 413, column 4 to column 51)
Chain 2 If this warning occurs sporadically, such as for highly constrained variable types like covariance matrices, then the sampler is fine,
Chain 2 but if this warning occurs often then your model may be either severely ill-conditioned or misspecified.
Chain 2 
Chain 2 Informational Message: The current Metropolis proposal is about to be rejected because of the following issue:
Chain 2 Exception: neg_binomial_2_lpmf: Location parameter is inf, but must be positive finite! (in '/tmp/RtmptxEwX8/model-23bd164caef6f.stan', line 413, column 4 to column 51)
Chain 2 If this warning occurs sporadically, such as for highly constrained variable types like covariance matrices, then the sampler is fine,
Chain 2 but if this warning occurs often then your model may be either severely ill-conditioned or misspecified.
Chain 2 
Chain 2 Informational Message: The current Metropolis proposal is about to be rejected because of the following issue:
Chain 2 Exception: neg_binomial_2_lpmf: Location parameter is inf, but must be positive finite! (in '/tmp/RtmptxEwX8/model-23bd164caef6f.stan', line 413, column 4 to column 51)
Chain 2 If this warning occurs sporadically, such as for highly constrained variable types like covariance matrices, then the sampler is fine,
Chain 2 but if this warning occurs often then your model may be either severely ill-conditioned or misspecified.
Chain 2 
Chain 2 Informational Message: The current Metropolis proposal is about to be rejected because of the following issue:
Chain 2 Exception: neg_binomial_2_lpmf: Location parameter is 0, but must be positive finite! (in '/tmp/RtmptxEwX8/model-23bd164caef6f.stan', line 413, column 4 to column 51)
Chain 2 If this warning occurs sporadically, such as for highly constrained variable types like covariance matrices, then the sampler is fine,
Chain 2 but if this warning occurs often then your model may be either severely ill-conditioned or misspecified.
Chain 2 
Chain 1 Iteration:  100 / 2200 [  4%]  (Warmup) 
Chain 2 Iteration:  100 / 2200 [  4%]  (Warmup) 
Chain 1 Iteration:  200 / 2200 [  9%]  (Warmup) 
Chain 2 Iteration:  200 / 2200 [  9%]  (Warmup) 
Chain 1 Iteration:  300 / 2200 [ 13%]  (Warmup) 
Chain 2 Iteration:  300 / 2200 [ 13%]  (Warmup) 
Chain 1 Iteration:  400 / 2200 [ 18%]  (Warmup) 
Chain 2 Iteration:  400 / 2200 [ 18%]  (Warmup) 
Chain 1 Iteration:  500 / 2200 [ 22%]  (Warmup) 
Chain 2 Iteration:  500 / 2200 [ 22%]  (Warmup) 
Chain 1 Iteration:  600 / 2200 [ 27%]  (Warmup) 
Chain 2 Iteration:  600 / 2200 [ 27%]  (Warmup) 
Chain 1 Iteration:  700 / 2200 [ 31%]  (Warmup) 
Chain 1 Iteration:  701 / 2200 [ 31%]  (Sampling) 
Chain 2 Iteration:  700 / 2200 [ 31%]  (Warmup) 
Chain 2 Iteration:  701 / 2200 [ 31%]  (Sampling) 
Chain 1 Iteration:  800 / 2200 [ 36%]  (Sampling) 
Chain 2 Iteration:  800 / 2200 [ 36%]  (Sampling) 
Chain 1 Iteration:  900 / 2200 [ 40%]  (Sampling) 
Chain 2 Iteration:  900 / 2200 [ 40%]  (Sampling) 
Chain 1 Iteration: 1000 / 2200 [ 45%]  (Sampling) 
Chain 2 Iteration: 1000 / 2200 [ 45%]  (Sampling) 
Chain 1 Iteration: 1100 / 2200 [ 50%]  (Sampling) 
Chain 2 Iteration: 1100 / 2200 [ 50%]  (Sampling) 
Chain 1 Iteration: 1200 / 2200 [ 54%]  (Sampling) 
Chain 2 Iteration: 1200 / 2200 [ 54%]  (Sampling) 
Chain 1 Iteration: 1300 / 2200 [ 59%]  (Sampling) 
Chain 2 Iteration: 1300 / 2200 [ 59%]  (Sampling) 
Chain 1 Iteration: 1400 / 2200 [ 63%]  (Sampling) 
Chain 2 Iteration: 1400 / 2200 [ 63%]  (Sampling) 
Chain 1 Iteration: 1500 / 2200 [ 68%]  (Sampling) 
Chain 2 Iteration: 1500 / 2200 [ 68%]  (Sampling) 
Chain 1 Iteration: 1600 / 2200 [ 72%]  (Sampling) 
Chain 2 Iteration: 1600 / 2200 [ 72%]  (Sampling) 
Chain 1 Iteration: 1700 / 2200 [ 77%]  (Sampling) 
Chain 2 Iteration: 1700 / 2200 [ 77%]  (Sampling) 
Chain 1 Iteration: 1800 / 2200 [ 81%]  (Sampling) 
Chain 2 Iteration: 1800 / 2200 [ 81%]  (Sampling) 
Chain 1 Iteration: 1900 / 2200 [ 86%]  (Sampling) 
Chain 2 Iteration: 1900 / 2200 [ 86%]  (Sampling) 
Chain 1 Iteration: 2000 / 2200 [ 90%]  (Sampling) 
Chain 2 Iteration: 2000 / 2200 [ 90%]  (Sampling) 
Chain 1 Iteration: 2100 / 2200 [ 95%]  (Sampling) 
Chain 2 Iteration: 2100 / 2200 [ 95%]  (Sampling) 
Chain 1 Iteration: 2200 / 2200 [100%]  (Sampling) 
Chain 1 finished in 144570.0 seconds.
Chain 2 Iteration: 2200 / 2200 [100%]  (Sampling) 
Chain 2 finished in 145472.0 seconds.

Both chains finished successfully.
Mean chain execution time: 145021.0 seconds.
Total execution time: 145473.6 seconds.

Warning: 48 of 3000 (2.0%) transitions ended with a divergence.
See https://mc-stan.org/misc/warnings for details.

Warning: 2952 of 3000 (98.0%) transitions hit the maximum treedepth limit of 10.
See https://mc-stan.org/misc/warnings for details.

[1] "Saving fit object..."
[1] "Calculating summary..."
[1] "Calculating samples..."
[1] "Calculating metadata..."
[1] "Summary of Hyperpriors (mu_*, sigma_*):"
# A tibble: 107 × 10
    variable      mean   median      sd     mad       q5      q95  rhat ess_bulk
    <chr>        <dbl>    <dbl>   <dbl>   <dbl>    <dbl>    <dbl> <dbl>    <dbl>
  1 mu_beta_…  0.227    0.195   0.967   0.946   -1.35     1.85     1.00    3313.
  2 mu_beta_… -0.0719  -0.0721  0.0719  0.0568  -0.182    0.0387   1.00    1035.
  3 mu_beta_…  0.0257   0.0241  0.0830  0.0685  -0.0996   0.153    1.00     914.
  4 mu_beta_…  0.0621   0.0629  0.0590  0.0465  -0.0273   0.150    1.00     883.
  5 mu_beta_…  0.0316   0.0461  0.517   0.381   -0.841    0.859    1.00     440.
  6 mu_beta_… -0.0297  -0.0231  0.147   0.125   -0.280    0.188    1.00    1232.
  7 mu_beta_… -0.00808 -0.0115  0.117   0.0989  -0.194    0.176    1.00    1292.
  8 mu_beta_…  0.0830   0.0776  0.427   0.361   -0.620    0.808    1.01     973.
  9 mu_beta_…  0.0130   0.0120  0.410   0.340   -0.669    0.676    1.00     857.
 10 mu_beta_… -0.0613  -0.0546  0.429   0.362   -0.773    0.636    1.01     875.
 11 mu_beta_…  0.136    0.128   0.383   0.329   -0.491    0.770    1.00     784.
 12 mu_beta_… -0.0310  -0.0234  0.386   0.312   -0.667    0.621    1.00     737.
 13 mu_beta_… -0.133   -0.130   0.386   0.327   -0.784    0.503    1.00     717.
 14 mu_beta_… -0.0272  -0.0114  0.354   0.310   -0.621    0.499    1.00     800.
 15 mu_beta_… -0.137   -0.131   0.362   0.310   -0.708    0.442    1.00     841.
 16 mu_beta_… -0.167   -0.153   0.350   0.293   -0.745    0.358    1.00     789.
 17 mu_beta_… -0.395   -0.394   0.265   0.249   -0.824    0.0226   1.00    1056.
 18 mu_beta_…  0.0901   0.0777  0.483   0.418   -0.698    0.869    1.01     831.
 19 mu_beta_…  0.0652   0.0536  0.466   0.407   -0.698    0.848    1.00     619.
 20 mu_beta_…  0.367    0.359   0.382   0.349   -0.230    1.01     1.01     811.
 21 mu_beta_…  0.0621   0.0250  1.35    0.980   -2.12     2.28     1.00    3244.
 22 mu_beta_…  0.0309   0.0184  1.38    0.977   -2.17     2.40     1.00    3539.
 23 mu_beta_…  0.152    0.127   0.637   0.504   -0.831    1.18     1.00    1732.
 24 mu_beta_…  0.209    0.176   0.667   0.535   -0.840    1.27     1.00    1317.
 25 mu_beta_…  0.280    0.278   0.740   0.562   -0.899    1.37     1.00    1448.
 26 mu_beta_…  0.784    0.787   0.556   0.533   -0.103    1.68     1.00    1502.
 27 mu_beta_… -0.226   -0.189   0.585   0.517   -1.24     0.663    1.01    1144.
 28 mu_beta_…  0.00247  0.00715 0.443   0.397   -0.732    0.701    1.00    1087.
 29 mu_beta_… -0.207   -0.175   0.479   0.441   -1.01     0.511    1.00    1162.
 30 mu_beta_… -0.801   -0.780   0.589   0.566   -1.79     0.0692   1.00    1245.
 31 mu_beta_…  0.0130   0.0131  0.0319  0.0284  -0.0382   0.0627   1.00    1304.
 32 mu_beta_… -0.0187  -0.0184  0.0135  0.0134  -0.0417   0.00300  1.00    1819.
 33 mu_beta_… -0.00459 -0.00453 0.0147  0.0146  -0.0292   0.0197   1.00    1538.
 34 mu_beta_…  0.0151   0.0150  0.0157  0.0154  -0.00995  0.0414   1.00    1473.
 35 mu_beta_…  0.0166   0.0165  0.0161  0.0160  -0.00928  0.0434   1.00    1608.
 36 mu_beta_…  0.0610   0.0439  0.519   0.372   -0.774    0.931    1.00     438.
 37 mu_beta_…  0.0355   0.0180  0.518   0.374   -0.801    0.913    1.00     438.
 38 mu_beta_…  0.393    0.387   0.113   0.110    0.207    0.583    1.00    1558.
 39 mu_beta_…  0.0392   0.0392  0.0200  0.0206   0.00633  0.0721   1.00    3386.
 40 mu_beta_… -0.0147  -0.0145  0.00690 0.00709 -0.0259  -0.00334  1.00    4843.
 41 mu_gamma…  1.64     1.64    0.567   0.548    0.683    2.55     1.00    2138.
 42 mu_gamma… -0.0167  -0.0252  0.979   1.00    -1.60     1.60     1.00    3698.
 43 mu_alpha…  0.460    0.469   0.199   0.158    0.114    0.766    1.00     652.
 44 mu_alpha…  0.410    0.415   0.0979  0.0728   0.255    0.547    1.00     698.
 45 mu_alpha…  0.189    0.188   0.0223  0.0221   0.153    0.226    1.00    1052.
 46 mu_alpha…  0.149    0.148   0.0213  0.0216   0.114    0.184    1.00    1095.
 47 mu_alpha…  0.156    0.156   0.0214  0.0216   0.120    0.190    1.00     996.
 48 mu_alpha…  0.171    0.171   0.0214  0.0220   0.136    0.206    1.00    1122.
 49 mu_alpha…  0.171    0.171   0.0223  0.0226   0.135    0.207    1.00    1244.
 50 mu_alpha…  0.0530   0.0529  0.0260  0.0263   0.00890  0.0964   1.00    3209.
 51 mu_alpha…  0.0624   0.0625  0.0256  0.0261   0.0211   0.104    1.00    3436.
 52 mu_alpha…  0.0392   0.0385  0.0268  0.0277  -0.00555  0.0822   1.00    3014.
 53 mu_alpha…  0.0501   0.0505  0.0275  0.0276   0.00382  0.0955   1.00    3369.
 54 mu_alpha… -0.0321  -0.0318  0.0263  0.0267  -0.0753   0.0112   1.00    3184.
 55 mu_delta… -0.349   -0.358   0.125   0.0982  -0.531   -0.147    1.00    1126.
 56 mu_delta…  0.217    0.205   0.326   0.302   -0.301    0.755    1.00     954.
 57 mu_delta… -0.332   -0.332   0.0235  0.0230  -0.371   -0.295    1.00     874.
 58 mu_delta… -0.297   -0.297   0.0223  0.0229  -0.334   -0.262    1.00     828.
 59 mu_delta… -0.292   -0.292   0.0225  0.0220  -0.329   -0.256    1.00     766.
 60 mu_delta… -0.312   -0.312   0.0225  0.0221  -0.348   -0.275    1.00     835.
 61 mu_delta… -0.313   -0.313   0.0224  0.0220  -0.350   -0.277    1.00     850.
 62 mu_delta…  0.0993   0.100   0.0615  0.0602  -0.00492  0.201    1.00    3519.
 63 mu_delta… -0.0202  -0.0197  0.0588  0.0589  -0.117    0.0745   1.00    2971.
 64 mu_delta…  0.0750   0.0747  0.0650  0.0636  -0.0315   0.183    1.00    3152.
 65 mu_delta…  0.0514   0.0511  0.0536  0.0532  -0.0362   0.140    1.00    3073.
 66 mu_delta…  0.172    0.173   0.0510  0.0504   0.0867   0.254    1.00    2677.
 67 mu_phi_l…  1.18     1.22    0.475   0.405    0.313    1.89     1.00     640.
 68 sigma_be…  0.837    0.668   0.697   0.664    0.0469   2.19     1.00    1257.
 69 sigma_be…  0.147    0.123   0.0901  0.0544   0.0652   0.301    1.00    1486.
 70 sigma_be…  0.179    0.152   0.115   0.0655   0.0777   0.367    1.00    1097.
 71 sigma_be…  0.120    0.102   0.0696  0.0441   0.0533   0.241    1.00     972.
 72 sigma_be…  0.149    0.125   0.0901  0.0545   0.0669   0.304    1.00    1259.
 73 sigma_be…  0.299    0.263   0.165   0.117    0.124    0.604    1.00    1207.
 74 sigma_be…  0.207    0.178   0.155   0.117    0.0286   0.479    1.00     867.
 75 sigma_be…  0.301    0.263   0.185   0.143    0.0851   0.628    1.00     884.
 76 sigma_be…  0.130    0.0961  0.128   0.0905   0.00679  0.374    1.00    1028.
 77 sigma_be…  0.348    0.302   0.227   0.172    0.0782   0.766    1.00     977.
 78 sigma_be…  0.113    0.0801  0.127   0.0761   0.00743  0.331    1.00    1479.
 79 sigma_be…  0.102    0.0741  0.112   0.0710   0.00469  0.287    1.00    1504.
 80 sigma_be…  0.112    0.0736  0.128   0.0730   0.00571  0.334    1.00    1583.
 81 sigma_be…  0.179    0.131   0.178   0.118    0.0112   0.522    1.00    1162.
 82 sigma_be…  0.313    0.270   0.221   0.169    0.0471   0.719    1.00     721.
 83 sigma_be…  0.162    0.118   0.155   0.111    0.0116   0.445    1.00     920.
 84 sigma_be…  0.508    0.445   0.262   0.184    0.231    0.985    1.00    1291.
 85 sigma_be…  0.197    0.158   0.164   0.124    0.0211   0.502    1.00    1045.
 86 sigma_be…  0.221    0.184   0.179   0.126    0.0274   0.528    1.00     695.
 87 sigma_be…  0.375    0.323   0.209   0.144    0.153    0.773    1.00    1063.
 88 sigma_be…  0.991    0.702   0.959   0.696    0.0671   2.90     1.00    3764.
 89 sigma_be…  1.00     0.738   0.982   0.731    0.0548   2.88     1.00    2887.
 90 sigma_be…  0.732    0.499   0.744   0.522    0.0448   2.19     1.00    2014.
 91 sigma_be…  0.758    0.543   0.764   0.549    0.0369   2.27     1.00    2040.
 92 sigma_be…  0.781    0.537   0.814   0.538    0.0432   2.33     1.00    2155.
 93 sigma_be…  0.718    0.588   0.546   0.410    0.105    1.78     1.00     714.
 94 sigma_be…  1.14     1.04    0.497   0.389    0.562    2.10     1.00    1338.
 95 sigma_be…  0.426    0.364   0.338   0.276    0.0304   1.06     1.00     693.
 96 sigma_be…  0.534    0.468   0.349   0.294    0.0894   1.16     1.00     556.
 97 sigma_be…  0.491    0.426   0.378   0.302    0.0548   1.17     1.00     799.
 98 sigma_be…  0.0420   0.0353  0.0281  0.0196   0.0104   0.100    1.00     988.
 99 sigma_ga…  0.774    0.663   0.567   0.569    0.0603   1.87     1.00    1246.
100 sigma_ga…  0.802    0.680   0.598   0.588    0.0711   1.92     1.00    2653.
101 sigma_al…  0.413    0.364   0.206   0.148    0.202    0.810    1.00    1175.
102 sigma_al…  0.171    0.139   0.123   0.0645   0.0664   0.371    1.00     999.
103 sigma_de…  0.209    0.174   0.148   0.0971   0.0568   0.478    1.00    1134.
104 sigma_de…  0.767    0.692   0.320   0.254    0.402    1.36     1.00    1364.
105 sigma_ph…  1.12     1.01    0.463   0.361    0.605    2.02     1.00     933.
106 sigma_ga…  0.781    0.675   0.583   0.581    0.0588   1.90     1.00    1987.
107 sigma_ga…  0.786    0.658   0.598   0.588    0.0588   1.92     1.00    2271.
# ℹ 1 more variable: ess_tail <dbl>
[1] "Calculating lambda_mean..."
[1] "Calculating lambda_test_mean..."
[1] "Calculating y_rep_mean..."
[1] "Calculating y_test_rep_mean..."
[1] "Generating plots..."
[1] "exposure_2HRX9P6HKXA8V_1" "exposure_ED5J990H5VAZT_1"
[3] "exposure_JHDN7CF1C03X5_1" "exposure_L69HYJ4Y3TR91_1"
[5] "exposure_W8T41JZK0ZMEP_1"
[1] 5
Adding missing grouping variables: `location_id_num`
[1] "Skipping daily plot for 2HRX9P6HKXA8V due to missing daily data."
[1] "Skipping daily plot for JHDN7CF1C03X5 due to missing daily data."
[1] "Skipping daily plot for L69HYJ4Y3TR91 due to missing daily data."
[1] "Skipping daily plot for ED5J990H5VAZT due to missing daily data."
[1] "Skipping daily plot for W8T41JZK0ZMEP due to missing daily data."
[1] "Skipping MLflow logging as existing fit file was loaded."
[1] "Done."
           used  (Mb) gc trigger   (Mb)  max used   (Mb)
Ncells  5128747 274.0    7691917  410.8   7691917  410.8
Vcells 10507618  80.2  464783100 3546.1 580978874 4432.6
Warning messages:
1: Dropping 'draws_df' class as required metadata was removed. 
2: Dropping 'draws_df' class as required metadata was removed. 
3: Dropping 'draws_df' class as required metadata was removed. 
4: Dropping 'draws_df' class as required metadata was removed. 
5: There was 1 warning in `summarize()`.
ℹ In argument: `date = min(date)`.
Caused by warning in `min.default()`:
! no non-missing arguments to min; returning Inf 
