- The project is out-of-sync -- use `renv::status()` for details.
── Attaching core tidyverse packages ──────────────────────── tidyverse 2.0.0 ──
✔ dplyr     1.1.4     ✔ readr     2.1.5
✔ forcats   1.0.0     ✔ stringr   1.5.1
✔ ggplot2   3.5.1     ✔ tibble    3.2.1
✔ lubridate 1.9.4     ✔ tidyr     1.3.1
✔ purrr     1.0.4     
[conflicted] Will prefer dplyr::select over any other package.
[conflicted] Will prefer dplyr::filter over any other package.
[conflicted] Will prefer lubridate::year over any other package.
[conflicted] Will prefer lubridate::month over any other package.
[conflicted] Will prefer purrr::map over any other package.
[conflicted] Will prefer stats::sd over any other package.
[conflicted] Will prefer base::match over any other package.
This is cmdstanr version 0.9.0
- CmdStanR documentation and vignettes: mc-stan.org/cmdstanr
- CmdStan path: /home/nuttidalab/.cmdstan/cmdstan-2.36.0
- CmdStan version: 2.36.0

A newer version of CmdStan is available. See ?install_cmdstan() to install it.
To disable this check set option or environment variable cmdstanr_no_ver_check=TRUE.
This is posterior version 1.6.0
Registered S3 method overwritten by 'tsibble':
  method               from 
  as_tibble.grouped_df dplyr
── Attaching packages ──────────────────────────────────────────── fpp3 1.0.1 ──
✔ tsibble     1.1.6     ✔ feasts      0.4.1
✔ tsibbledata 0.4.1     ✔ fable       0.4.1
Loading required package: R.oo
Loading required package: R.methodsS3
R.methodsS3 v1.8.2 (2022-06-13 22:00:14 UTC) successfully loaded. See ?R.methodsS3 for help.
R.oo v1.27.0 (2024-11-01 18:00:02 UTC) successfully loaded. See ?R.oo for help.

Attaching package: ‘R.oo’

The following object is masked from ‘package:R.methodsS3’:

    throw

The following object is masked from ‘package:shiny’:

    printStackTrace

The following object is masked from ‘package:renv’:

    load

The following objects are masked from ‘package:methods’:

    getClasses, getMethods

The following objects are masked from ‘package:base’:

    attach, detach, load, save

R.utils v2.13.0 (2025-02-24 21:20:02 UTC) successfully loaded. See ?R.utils for help.
Registered S3 method overwritten by 'quantmod':
  method            from
  as.zoo.data.frame zoo 
Registered S3 methods overwritten by 'bayesforecast':
  method      from    
  autoplot.ts forecast
  forecast.ts forecast
  fortify.ts  forecast
  print.garch tseries 
[1] "# of rows: 34628"
[1] "# of rows: 28082"
[1] "Found 18 exposure columns in the data: exposure_1SQPTEGYPH0GA_1, exposure_2HRX9P6HKXA8V_1, exposure_78AY09MVJVTYE_1, exposure_9XKJD8DQTH559_1, exposure_C0BE4NDSW26QN_1, exposure_CB2KHY1C2G9PT_1, exposure_ED5J990H5VAZT_1, exposure_EMBVNVD207CC6_1, exposure_JHDN7CF1C03X5_1, exposure_L69HYJ4Y3TR91_1, exposure_LBZEEFSBJNB3Z_1, exposure_LFZFT3VASXPED_1, exposure_LQ5EH4BKGV61T_1, exposure_S8MT0YGD2KTN9_1, exposure_SAFK7ND1HR6XS_1, exposure_SRQS8F7JWA9MZ_1, exposure_V3Q26BHF3SE2H_1, exposure_W8T41JZK0ZMEP_1"
Numeric columns considered for scaling:
vegan_window_sum_item_quantity,
vegetarian_window_sum_item_quantity,
meat_window_sum_item_quantity,
vegan_window_avg_item_price,
vegetarian_window_avg_item_price,
meat_window_avg_item_price,
breakfast_p_window_avg_item_price,
textured_p_window_avg_item_price,
untextured_p_window_avg_item_price,
chicken_p_window_avg_item_price,
dairy_p_window_avg_item_price,
egg_p_window_avg_item_price,
breakfast_window_avg_item_price,
textured_window_avg_item_price,
untextured_window_avg_item_price,
breakfast_t2_window_avg_item_price,
textured_t2_window_avg_item_price,
untextured_t2_window_avg_item_price,
chicken_t2_window_avg_item_price,
dairy_t2_window_avg_item_price,
day_of_month,
Value,
vegan_price_real,
vegetarian_price_real,
meat_price_real,
breakfast_p_price_real,
textured_p_price_real,
untextured_p_price_real,
chicken_p_price_real,
dairy_p_price_real,
egg_p_price_real,
breakfast_price_real,
textured_price_real,
untextured_price_real,
breakfast_t2_price_real,
textured_t2_price_real,
untextured_t2_price_real,
chicken_t2_price_real,
dairy_t2_price_real,
inflation,
temp,
precip[1] "Successfully created `expo_to_rest` mapping."
[1] "Successfully created `expo_to_param` mapping."
Identified 18 exposure columns in the design matrix: 
exposure_1SQPTEGYPH0GA_1, 
exposure_2HRX9P6HKXA8V_1, 
exposure_78AY09MVJVTYE_1, 
exposure_9XKJD8DQTH559_1, 
exposure_C0BE4NDSW26QN_1, 
exposure_CB2KHY1C2G9PT_1, 
exposure_ED5J990H5VAZT_1, 
exposure_EMBVNVD207CC6_1, 
exposure_JHDN7CF1C03X5_1, 
exposure_L69HYJ4Y3TR91_1, 
exposure_LBZEEFSBJNB3Z_1, 
exposure_LFZFT3VASXPED_1, 
exposure_LQ5EH4BKGV61T_1, 
exposure_S8MT0YGD2KTN9_1, 
exposure_SAFK7ND1HR6XS_1, 
exposure_SRQS8F7JWA9MZ_1, 
exposure_V3Q26BHF3SE2H_1, 
exposure_W8T41JZK0ZMEP_1
Identified 30 random beta columns: 
vegan_price_real, 
vegetarian_price_real, 
meat_price_real, 
weekend, 
holiday_window, 
month_cat2, 
month_cat3, 
month_cat4, 
month_cat5, 
month_cat6, 
month_cat7, 
month_cat8, 
month_cat9, 
month_cat10, 
month_cat11, 
month_cat12, 
seasonspring, 
seasonsummer, 
seasonwinter, 
year_cat2014, 
year_cat2015, 
year_cat2016, 
year_cat2017, 
year_cat2018, 
year_cat2019, 
year_cat2020, 
year_cat2021, 
year_cat2022, 
year_cat2023, 
date_num
Identified 9 fixed beta columns: 
day_of_week_cat1, 
day_of_week_cat2, 
day_of_week_cat3, 
day_of_week_cat4, 
day_of_week_cat5, 
day_of_week_cat6, 
inflation, 
temp, 
precip
Identified 2 random alpha indices (positions): 
1, 7
Identified 2 random delta indices (positions): 
1, 7
$R
[1] 18

$J
[1] 58

$p_effective
[1] 12

$q_effective
[1] 12

$M
[1] 2

$idx_intercept
[1] 1

$K_beta_random
[1] 30

$idx_beta_random
[1] 2 3 4 5 6 7

$K_beta_fixed
[1] 9

$idx_beta_fixed
[1] 32 33 34 35 36 37

$K_exposure
[1] 18

$idx_exposure
[1] 41 42 43 44 45 46

$expo_to_rest
[1] 15  2 18 16  8 12

$expo_to_param
[1] 1 1 1 1 1 1

$effective_lags_alpha
[1] 1 2 3 4 5 6

$K_alpha_random
[1] 2

$idx_alpha_random
[1] 1 7

$K_alpha_fixed
[1] 10

$idx_alpha_fixed
[1] 2 3 4 5 6 8

$effective_lags_delta
[1] 1 2 3 4 5 6

$K_delta_random
[1] 2

$idx_delta_random
[1] 1 7

$K_delta_fixed
[1] 10

$idx_delta_fixed
[1] 2 3 4 5 6 8

$N_train
[1] 26667

$X_train
  (Intercept) vegan_price_real vegetarian_price_real meat_price_real weekend
1           1        -3.998442             -5.643433       -5.746021       0
2           1        -3.998442             -5.643433       -5.746021       0
3           1        -3.998442             -5.643433       -5.746021       0
4           1        -3.998442             -5.643433       -5.746021       1
5           1        -3.998442             -5.643433       -5.746021       1
6           1        -3.998442             -5.643433       -5.746021       0
  holiday_window month_cat2 month_cat3 month_cat4 month_cat5 month_cat6
1              0          0          1          0          0          0
2              0          0          1          0          0          0
3              0          0          1          0          0          0
4              0          0          1          0          0          0
5              0          0          1          0          0          0
6              0          0          0          1          0          0
  month_cat7 month_cat8 month_cat9 month_cat10 month_cat11 month_cat12
1          0          0          0           0           0           0
2          0          0          0           0           0           0
3          0          0          0           0           0           0
4          0          0          0           0           0           0
5          0          0          0           0           0           0
6          0          0          0           0           0           0
  seasonspring seasonsummer seasonwinter year_cat2014 year_cat2015 year_cat2016
1            1            0            0            0            0            0
2            1            0            0            0            0            0
3            1            0            0            0            0            0
4            1            0            0            0            0            0
5            1            0            0            0            0            0
6            1            0            0            0            0            0
  year_cat2017 year_cat2018 year_cat2019 year_cat2020 year_cat2021 year_cat2022
1            0            0            1            0            0            0
2            0            0            1            0            0            0
3            0            0            1            0            0            0
4            0            0            1            0            0            0
5            0            0            1            0            0            0
6            0            0            1            0            0            0
  year_cat2023 date_num day_of_week_cat1 day_of_week_cat2 day_of_week_cat3
1            0 49.23203                0                1                0
2            0 49.23477                0                0                1
3            0 49.23751                0                0                0
4            0 49.24025                0                0                0
5            0 49.24298                0                0                0
6            0 49.24572                0                0                0
  day_of_week_cat4 day_of_week_cat5 day_of_week_cat6 inflation       temp
1                0                0                0 -1.303773 -0.6379573
2                0                0                0 -1.303773 -0.3820039
3                1                0                0 -1.303773 -0.2079557
4                0                1                0 -1.303773 -0.6993861
5                0                0                1 -1.303773 -1.0986732
6                0                0                0 -1.260512 -1.0884351
      precip exposure_1SQPTEGYPH0GA_1 exposure_2HRX9P6HKXA8V_1
1 -0.4143682                        0                        0
2 -0.3782466                        0                        0
3 -0.4143682                        0                        0
4  5.2928512                        0                        0
5  0.9401934                        0                        0
6 -0.3601857                        0                        0
  exposure_78AY09MVJVTYE_1 exposure_9XKJD8DQTH559_1 exposure_C0BE4NDSW26QN_1
1                        0                        0                        0
2                        0                        0                        0
3                        0                        0                        0
4                        0                        0                        0
5                        0                        0                        0
6                        0                        0                        0
  exposure_CB2KHY1C2G9PT_1 exposure_ED5J990H5VAZT_1 exposure_EMBVNVD207CC6_1
1                        0                        0                        0
2                        0                        0                        0
3                        0                        0                        0
4                        0                        0                        0
5                        0                        0                        0
6                        0                        0                        0
  exposure_JHDN7CF1C03X5_1 exposure_L69HYJ4Y3TR91_1 exposure_LBZEEFSBJNB3Z_1
1                        0                        0                        0
2                        0                        0                        0
3                        0                        0                        0
4                        0                        0                        0
5                        0                        0                        0
6                        0                        0                        0
  exposure_LFZFT3VASXPED_1 exposure_LQ5EH4BKGV61T_1 exposure_S8MT0YGD2KTN9_1
1                        0                        0                        0
2                        0                        0                        0
3                        0                        0                        0
4                        0                        0                        0
5                        0                        0                        0
6                        0                        0                        0
  exposure_SAFK7ND1HR6XS_1 exposure_SRQS8F7JWA9MZ_1 exposure_V3Q26BHF3SE2H_1
1                        0                        0                        0
2                        0                        0                        0
3                        0                        0                        0
4                        0                        0                        0
5                        0                        0                        0
6                        0                        0                        0
  exposure_W8T41JZK0ZMEP_1
1                        0
2                        0
3                        0
4                        0
5                        0
6                        0

$y_train
[1] 1 0 0 0 0 0

$idx_to_rest_train
[1] 1 1 1 1 1 1

$train_start_idx
[1]    1 1508 2315 3842 4160 6778

$train_end_idx
[1] 1507 2314 3841 4159 6777 7978

$N_test
[1] 1415

$X_test
  (Intercept) vegan_price_real vegetarian_price_real meat_price_real weekend
1           1        0.4245134             0.6681675        1.064788       0
2           1        0.3753694             1.1096485        1.349447       1
3           1        1.0142408             1.3813657        1.033742       1
4           1       -0.2635019             1.0769320        1.502165       0
5           1        2.1936956             1.3194194        1.092904       0
6           1        1.0142408             0.9810029        1.292952       0
  holiday_window month_cat2 month_cat3 month_cat4 month_cat5 month_cat6
1              0          0          0          0          1          0
2              0          0          0          0          1          0
3              0          0          0          0          1          0
4              0          0          0          0          1          0
5              0          0          0          0          1          0
6              0          0          0          0          1          0
  month_cat7 month_cat8 month_cat9 month_cat10 month_cat11 month_cat12
1          0          0          0           0           0           0
2          0          0          0           0           0           0
3          0          0          0           0           0           0
4          0          0          0           0           0           0
5          0          0          0           0           0           0
6          0          0          0           0           0           0
  seasonspring seasonsummer seasonwinter year_cat2014 year_cat2015 year_cat2016
1            1            0            0            0            0            0
2            1            0            0            0            0            0
3            1            0            0            0            0            0
4            1            0            0            0            0            0
5            1            0            0            0            0            0
6            1            0            0            0            0            0
  year_cat2017 year_cat2018 year_cat2019 year_cat2020 year_cat2021 year_cat2022
1            0            0            0            0            0            0
2            0            0            0            0            0            0
3            0            0            0            0            0            0
4            0            0            0            0            0            0
5            0            0            0            0            0            0
6            0            0            0            0            0            0
  year_cat2023 date_num day_of_week_cat1 day_of_week_cat2 day_of_week_cat3
1            1 53.35797                0                0                0
2            1 53.36071                0                0                0
3            1 53.36345                0                0                0
4            1 53.36619                0                0                0
5            1 53.36893                1                0                0
6            1 53.37166                0                1                0
  day_of_week_cat4 day_of_week_cat5 day_of_week_cat6 inflation       temp
1                1                0                0  2.068125  1.1230015
2                0                1                0  2.068125  0.8363338
3                0                0                1  2.068125  0.3039509
4                0                0                0  2.068125  0.6418093
5                0                0                0  2.068125  0.5701424
6                0                0                0  2.068125 -0.3820039
      precip exposure_1SQPTEGYPH0GA_1 exposure_2HRX9P6HKXA8V_1
1 -0.4143682                        0                        0
2 -0.4143682                        0                        0
3 -0.4143682                        0                        0
4 -0.4143682                        0                        0
5 -0.4143682                        0                        0
6 -0.4143682                        0                        0
  exposure_78AY09MVJVTYE_1 exposure_9XKJD8DQTH559_1 exposure_C0BE4NDSW26QN_1
1                        0                        0                        0
2                        0                        0                        0
3                        0                        0                        0
4                        0                        0                        0
5                        0                        0                        0
6                        0                        0                        0
  exposure_CB2KHY1C2G9PT_1 exposure_ED5J990H5VAZT_1 exposure_EMBVNVD207CC6_1
1                        0                        0                        0
2                        0                        0                        0
3                        0                        0                        0
4                        0                        0                        0
5                        0                        0                        0
6                        0                        0                        0
  exposure_JHDN7CF1C03X5_1 exposure_L69HYJ4Y3TR91_1 exposure_LBZEEFSBJNB3Z_1
1                        0                        0                        0
2                        0                        0                        0
3                        0                        0                        0
4                        0                        0                        0
5                        0                        0                        0
6                        0                        0                        0
  exposure_LFZFT3VASXPED_1 exposure_LQ5EH4BKGV61T_1 exposure_S8MT0YGD2KTN9_1
1                        0                        0                        0
2                        0                        0                        0
3                        0                        0                        0
4                        0                        0                        0
5                        0                        0                        0
6                        0                        0                        0
  exposure_SAFK7ND1HR6XS_1 exposure_SRQS8F7JWA9MZ_1 exposure_V3Q26BHF3SE2H_1
1                        0                0.1818182                        0
2                        0                0.1818182                        0
3                        0                0.1818182                        0
4                        0                0.1818182                        0
5                        0                0.1818182                        0
6                        0                0.1818182                        0
  exposure_W8T41JZK0ZMEP_1
1                        0
2                        0
3                        0
4                        0
5                        0
6                        0

$y_test
[1] 141 192 201  72  49  60

$idx_to_rest_test
[1] 1 1 1 1 1 1

$test_start_idx
[1]   1  81 124 205 222 360

$test_end_idx
[1]  80 123 204 221 359 423

$mu_gamma_scale
[1] 1

$sigma_gamma_between_scale
[1] 1

$sigma_gamma_within_scale
[1] 1

$mu_beta_scale
[1] 1

$sigma_beta_scale
[1] 1

$mu_alpha_scale
[1] 1

$sigma_alpha_scale
[1] 1

$mu_delta_scale
[1] 1

$sigma_delta_scale
[1] 1

$mu_phi_log_scale
[1] 1

$sigma_phi_log_scale
[1] 1

[1] "Fitting the multilevel model..."
Running MCMC with 3 parallel chains...

Chain 2 Rejecting initial value:
Chain 2   Error evaluating the log probability at the initial value.
Chain 2 Exception: neg_binomial_2_lpmf: Location parameter is inf, but must be positive finite! (in '/tmp/RtmptxEwX8/model-23bd164caef6f.stan', line 413, column 4 to column 51)
Chain 2 Exception: neg_binomial_2_lpmf: Location parameter is inf, but must be positive finite! (in '/tmp/RtmptxEwX8/model-23bd164caef6f.stan', line 413, column 4 to column 51)
Chain 2 User-specified initialization failed.
Chain 2  Try specifying new initial values, using partially specialized initialization, reducing the range of constrained values, or reparameterizing the model.
Chain 2 Initialization failed.
Warning: Chain 2 finished unexpectedly!

Chain 1 Informational Message: The current Metropolis proposal is about to be rejected because of the following issue:
Chain 1 Exception: neg_binomial_2_lpmf: Location parameter is -nan, but must be positive finite! (in '/tmp/RtmptxEwX8/model-23bd164caef6f.stan', line 413, column 4 to column 51)
Chain 1 If this warning occurs sporadically, such as for highly constrained variable types like covariance matrices, then the sampler is fine,
Chain 1 but if this warning occurs often then your model may be either severely ill-conditioned or misspecified.
Chain 1 
Chain 1 Informational Message: The current Metropolis proposal is about to be rejected because of the following issue:
Chain 1 Exception: neg_binomial_2_lpmf: Location parameter is -nan, but must be positive finite! (in '/tmp/RtmptxEwX8/model-23bd164caef6f.stan', line 413, column 4 to column 51)
Chain 1 If this warning occurs sporadically, such as for highly constrained variable types like covariance matrices, then the sampler is fine,
Chain 1 but if this warning occurs often then your model may be either severely ill-conditioned or misspecified.
Chain 1 
Chain 3 Informational Message: The current Metropolis proposal is about to be rejected because of the following issue:
Chain 3 Exception: neg_binomial_2_lpmf: Location parameter is -nan, but must be positive finite! (in '/tmp/RtmptxEwX8/model-23bd164caef6f.stan', line 413, column 4 to column 51)
Chain 3 If this warning occurs sporadically, such as for highly constrained variable types like covariance matrices, then the sampler is fine,
Chain 3 but if this warning occurs often then your model may be either severely ill-conditioned or misspecified.
Chain 3 
Chain 1 Informational Message: The current Metropolis proposal is about to be rejected because of the following issue:
Chain 1 Exception: neg_binomial_2_lpmf: Location parameter is -nan, but must be positive finite! (in '/tmp/RtmptxEwX8/model-23bd164caef6f.stan', line 413, column 4 to column 51)
Chain 1 If this warning occurs sporadically, such as for highly constrained variable types like covariance matrices, then the sampler is fine,
Chain 1 but if this warning occurs often then your model may be either severely ill-conditioned or misspecified.
Chain 1 
Chain 3 Informational Message: The current Metropolis proposal is about to be rejected because of the following issue:
Chain 3 Exception: neg_binomial_2_lpmf: Location parameter is -nan, but must be positive finite! (in '/tmp/RtmptxEwX8/model-23bd164caef6f.stan', line 413, column 4 to column 51)
Chain 3 If this warning occurs sporadically, such as for highly constrained variable types like covariance matrices, then the sampler is fine,
Chain 3 but if this warning occurs often then your model may be either severely ill-conditioned or misspecified.
Chain 3 
Chain 1 Informational Message: The current Metropolis proposal is about to be rejected because of the following issue:
Chain 1 Exception: neg_binomial_2_lpmf: Location parameter is 0, but must be positive finite! (in '/tmp/RtmptxEwX8/model-23bd164caef6f.stan', line 413, column 4 to column 51)
Chain 1 If this warning occurs sporadically, such as for highly constrained variable types like covariance matrices, then the sampler is fine,
Chain 1 but if this warning occurs often then your model may be either severely ill-conditioned or misspecified.
Chain 1 
Chain 3 Informational Message: The current Metropolis proposal is about to be rejected because of the following issue:
Chain 3 Exception: neg_binomial_2_lpmf: Location parameter is -nan, but must be positive finite! (in '/tmp/RtmptxEwX8/model-23bd164caef6f.stan', line 413, column 4 to column 51)
Chain 3 If this warning occurs sporadically, such as for highly constrained variable types like covariance matrices, then the sampler is fine,
Chain 3 but if this warning occurs often then your model may be either severely ill-conditioned or misspecified.
Chain 3 
Chain 1 Informational Message: The current Metropolis proposal is about to be rejected because of the following issue:
Chain 1 Exception: neg_binomial_2_lpmf: Location parameter is 0, but must be positive finite! (in '/tmp/RtmptxEwX8/model-23bd164caef6f.stan', line 413, column 4 to column 51)
Chain 1 If this warning occurs sporadically, such as for highly constrained variable types like covariance matrices, then the sampler is fine,
Chain 1 but if this warning occurs often then your model may be either severely ill-conditioned or misspecified.
Chain 1 
Chain 3 Informational Message: The current Metropolis proposal is about to be rejected because of the following issue:
Chain 3 Exception: neg_binomial_2_lpmf: Location parameter is 0, but must be positive finite! (in '/tmp/RtmptxEwX8/model-23bd164caef6f.stan', line 413, column 4 to column 51)
Chain 3 If this warning occurs sporadically, such as for highly constrained variable types like covariance matrices, then the sampler is fine,
Chain 3 but if this warning occurs often then your model may be either severely ill-conditioned or misspecified.
Chain 3 
Chain 1 Informational Message: The current Metropolis proposal is about to be rejected because of the following issue:
Chain 1 Exception: neg_binomial_2_lpmf: Location parameter is 0, but must be positive finite! (in '/tmp/RtmptxEwX8/model-23bd164caef6f.stan', line 413, column 4 to column 51)
Chain 1 If this warning occurs sporadically, such as for highly constrained variable types like covariance matrices, then the sampler is fine,
Chain 1 but if this warning occurs often then your model may be either severely ill-conditioned or misspecified.
Chain 1 
Chain 3 Informational Message: The current Metropolis proposal is about to be rejected because of the following issue:
Chain 3 Exception: neg_binomial_2_lpmf: Location parameter is 0, but must be positive finite! (in '/tmp/RtmptxEwX8/model-23bd164caef6f.stan', line 413, column 4 to column 51)
Chain 3 If this warning occurs sporadically, such as for highly constrained variable types like covariance matrices, then the sampler is fine,
Chain 3 but if this warning occurs often then your model may be either severely ill-conditioned or misspecified.
Chain 3 
Chain 3 Informational Message: The current Metropolis proposal is about to be rejected because of the following issue:
Chain 3 Exception: neg_binomial_2_lpmf: Location parameter is inf, but must be positive finite! (in '/tmp/RtmptxEwX8/model-23bd164caef6f.stan', line 413, column 4 to column 51)
Chain 3 If this warning occurs sporadically, such as for highly constrained variable types like covariance matrices, then the sampler is fine,
Chain 3 but if this warning occurs often then your model may be either severely ill-conditioned or misspecified.
Chain 3 
Chain 1 Informational Message: The current Metropolis proposal is about to be rejected because of the following issue:
Chain 1 Exception: neg_binomial_2_lpmf: Location parameter is inf, but must be positive finite! (in '/tmp/RtmptxEwX8/model-23bd164caef6f.stan', line 413, column 4 to column 51)
Chain 1 If this warning occurs sporadically, such as for highly constrained variable types like covariance matrices, then the sampler is fine,
Chain 1 but if this warning occurs often then your model may be either severely ill-conditioned or misspecified.
Chain 1 
Chain 1 Informational Message: The current Metropolis proposal is about to be rejected because of the following issue:
Chain 1 Exception: neg_binomial_2_lpmf: Location parameter is inf, but must be positive finite! (in '/tmp/RtmptxEwX8/model-23bd164caef6f.stan', line 413, column 4 to column 51)
Chain 1 If this warning occurs sporadically, such as for highly constrained variable types like covariance matrices, then the sampler is fine,
Chain 1 but if this warning occurs often then your model may be either severely ill-conditioned or misspecified.
Chain 1 
Chain 3 Informational Message: The current Metropolis proposal is about to be rejected because of the following issue:
Chain 3 Exception: neg_binomial_2_lpmf: Location parameter is inf, but must be positive finite! (in '/tmp/RtmptxEwX8/model-23bd164caef6f.stan', line 413, column 4 to column 51)
Chain 3 If this warning occurs sporadically, such as for highly constrained variable types like covariance matrices, then the sampler is fine,
Chain 3 but if this warning occurs often then your model may be either severely ill-conditioned or misspecified.
Chain 3 
Chain 3 Informational Message: The current Metropolis proposal is about to be rejected because of the following issue:
Chain 3 Exception: neg_binomial_2_lpmf: Location parameter is inf, but must be positive finite! (in '/tmp/RtmptxEwX8/model-23bd164caef6f.stan', line 413, column 4 to column 51)
Chain 3 If this warning occurs sporadically, such as for highly constrained variable types like covariance matrices, then the sampler is fine,
Chain 3 but if this warning occurs often then your model may be either severely ill-conditioned or misspecified.
Chain 3 
Chain 1 Informational Message: The current Metropolis proposal is about to be rejected because of the following issue:
Chain 1 Exception: neg_binomial_2_lpmf: Location parameter is inf, but must be positive finite! (in '/tmp/RtmptxEwX8/model-23bd164caef6f.stan', line 413, column 4 to column 51)
Chain 1 If this warning occurs sporadically, such as for highly constrained variable types like covariance matrices, then the sampler is fine,
Chain 1 but if this warning occurs often then your model may be either severely ill-conditioned or misspecified.
Chain 1 
Chain 1 Informational Message: The current Metropolis proposal is about to be rejected because of the following issue:
Chain 1 Exception: neg_binomial_2_lpmf: Location parameter is inf, but must be positive finite! (in '/tmp/RtmptxEwX8/model-23bd164caef6f.stan', line 413, column 4 to column 51)
Chain 1 If this warning occurs sporadically, such as for highly constrained variable types like covariance matrices, then the sampler is fine,
Chain 1 but if this warning occurs often then your model may be either severely ill-conditioned or misspecified.
Chain 1 
Chain 3 Informational Message: The current Metropolis proposal is about to be rejected because of the following issue:
Chain 3 Exception: neg_binomial_2_lpmf: Location parameter is inf, but must be positive finite! (in '/tmp/RtmptxEwX8/model-23bd164caef6f.stan', line 413, column 4 to column 51)
Chain 3 If this warning occurs sporadically, such as for highly constrained variable types like covariance matrices, then the sampler is fine,
Chain 3 but if this warning occurs often then your model may be either severely ill-conditioned or misspecified.
Chain 3 
Chain 1 Informational Message: The current Metropolis proposal is about to be rejected because of the following issue:
Chain 1 Exception: neg_binomial_2_lpmf: Location parameter is inf, but must be positive finite! (in '/tmp/RtmptxEwX8/model-23bd164caef6f.stan', line 413, column 4 to column 51)
Chain 1 If this warning occurs sporadically, such as for highly constrained variable types like covariance matrices, then the sampler is fine,
Chain 1 but if this warning occurs often then your model may be either severely ill-conditioned or misspecified.
Chain 1 
Chain 3 Informational Message: The current Metropolis proposal is about to be rejected because of the following issue:
Chain 3 Exception: neg_binomial_2_lpmf: Location parameter is inf, but must be positive finite! (in '/tmp/RtmptxEwX8/model-23bd164caef6f.stan', line 413, column 4 to column 51)
Chain 3 If this warning occurs sporadically, such as for highly constrained variable types like covariance matrices, then the sampler is fine,
Chain 3 but if this warning occurs often then your model may be either severely ill-conditioned or misspecified.
Chain 3 
Chain 3 Informational Message: The current Metropolis proposal is about to be rejected because of the following issue:
Chain 3 Exception: neg_binomial_2_lpmf: Location parameter is inf, but must be positive finite! (in '/tmp/RtmptxEwX8/model-23bd164caef6f.stan', line 413, column 4 to column 51)
Chain 3 If this warning occurs sporadically, such as for highly constrained variable types like covariance matrices, then the sampler is fine,
Chain 3 but if this warning occurs often then your model may be either severely ill-conditioned or misspecified.
Chain 3 
Chain 1 Informational Message: The current Metropolis proposal is about to be rejected because of the following issue:
Chain 1 Exception: neg_binomial_2_lpmf: Location parameter is inf, but must be positive finite! (in '/tmp/RtmptxEwX8/model-23bd164caef6f.stan', line 413, column 4 to column 51)
Chain 1 If this warning occurs sporadically, such as for highly constrained variable types like covariance matrices, then the sampler is fine,
Chain 1 but if this warning occurs often then your model may be either severely ill-conditioned or misspecified.
Chain 1 
Chain 3 Informational Message: The current Metropolis proposal is about to be rejected because of the following issue:
Chain 3 Exception: neg_binomial_2_lpmf: Location parameter is inf, but must be positive finite! (in '/tmp/RtmptxEwX8/model-23bd164caef6f.stan', line 413, column 4 to column 51)
Chain 3 If this warning occurs sporadically, such as for highly constrained variable types like covariance matrices, then the sampler is fine,
Chain 3 but if this warning occurs often then your model may be either severely ill-conditioned or misspecified.
Chain 3 
Chain 1 Iteration:    1 / 2200 [  0%]  (Warmup) 
Chain 3 Iteration:    1 / 2200 [  0%]  (Warmup) 
Chain 3 Informational Message: The current Metropolis proposal is about to be rejected because of the following issue:
Chain 3 Exception: neg_binomial_2_lpmf: Location parameter is -nan, but must be positive finite! (in '/tmp/RtmptxEwX8/model-23bd164caef6f.stan', line 413, column 4 to column 51)
Chain 3 If this warning occurs sporadically, such as for highly constrained variable types like covariance matrices, then the sampler is fine,
Chain 3 but if this warning occurs often then your model may be either severely ill-conditioned or misspecified.
Chain 3 
Chain 1 Informational Message: The current Metropolis proposal is about to be rejected because of the following issue:
Chain 1 Exception: neg_binomial_2_lpmf: Location parameter is -nan, but must be positive finite! (in '/tmp/RtmptxEwX8/model-23bd164caef6f.stan', line 413, column 4 to column 51)
Chain 1 If this warning occurs sporadically, such as for highly constrained variable types like covariance matrices, then the sampler is fine,
Chain 1 but if this warning occurs often then your model may be either severely ill-conditioned or misspecified.
Chain 1 
Chain 3 Informational Message: The current Metropolis proposal is about to be rejected because of the following issue:
Chain 3 Exception: neg_binomial_2_lpmf: Location parameter is -nan, but must be positive finite! (in '/tmp/RtmptxEwX8/model-23bd164caef6f.stan', line 413, column 4 to column 51)
Chain 3 If this warning occurs sporadically, such as for highly constrained variable types like covariance matrices, then the sampler is fine,
Chain 3 but if this warning occurs often then your model may be either severely ill-conditioned or misspecified.
Chain 3 
Chain 1 Informational Message: The current Metropolis proposal is about to be rejected because of the following issue:
Chain 1 Exception: neg_binomial_2_lpmf: Location parameter is -nan, but must be positive finite! (in '/tmp/RtmptxEwX8/model-23bd164caef6f.stan', line 413, column 4 to column 51)
Chain 1 If this warning occurs sporadically, such as for highly constrained variable types like covariance matrices, then the sampler is fine,
Chain 1 but if this warning occurs often then your model may be either severely ill-conditioned or misspecified.
Chain 1 
Chain 3 Informational Message: The current Metropolis proposal is about to be rejected because of the following issue:
Chain 3 Exception: neg_binomial_2_lpmf: Location parameter is inf, but must be positive finite! (in '/tmp/RtmptxEwX8/model-23bd164caef6f.stan', line 413, column 4 to column 51)
Chain 3 If this warning occurs sporadically, such as for highly constrained variable types like covariance matrices, then the sampler is fine,
Chain 3 but if this warning occurs often then your model may be either severely ill-conditioned or misspecified.
Chain 3 
Chain 1 Informational Message: The current Metropolis proposal is about to be rejected because of the following issue:
Chain 1 Exception: neg_binomial_2_lpmf: Location parameter is 0, but must be positive finite! (in '/tmp/RtmptxEwX8/model-23bd164caef6f.stan', line 413, column 4 to column 51)
Chain 1 If this warning occurs sporadically, such as for highly constrained variable types like covariance matrices, then the sampler is fine,
Chain 1 but if this warning occurs often then your model may be either severely ill-conditioned or misspecified.
Chain 1 
Chain 3 Informational Message: The current Metropolis proposal is about to be rejected because of the following issue:
Chain 3 Exception: neg_binomial_2_lpmf: Location parameter is inf, but must be positive finite! (in '/tmp/RtmptxEwX8/model-23bd164caef6f.stan', line 413, column 4 to column 51)
Chain 3 If this warning occurs sporadically, such as for highly constrained variable types like covariance matrices, then the sampler is fine,
Chain 3 but if this warning occurs often then your model may be either severely ill-conditioned or misspecified.
Chain 3 
Chain 1 Informational Message: The current Metropolis proposal is about to be rejected because of the following issue:
Chain 1 Exception: neg_binomial_2_lpmf: Location parameter is inf, but must be positive finite! (in '/tmp/RtmptxEwX8/model-23bd164caef6f.stan', line 413, column 4 to column 51)
Chain 1 If this warning occurs sporadically, such as for highly constrained variable types like covariance matrices, then the sampler is fine,
Chain 1 but if this warning occurs often then your model may be either severely ill-conditioned or misspecified.
Chain 1 
Chain 3 Iteration:  100 / 2200 [  4%]  (Warmup) 
Chain 1 Iteration:  100 / 2200 [  4%]  (Warmup) 
Chain 1 Iteration:  200 / 2200 [  9%]  (Warmup) 
Chain 3 Iteration:  200 / 2200 [  9%]  (Warmup) 
Chain 1 Iteration:  300 / 2200 [ 13%]  (Warmup) 
Chain 3 Iteration:  300 / 2200 [ 13%]  (Warmup) 
Chain 3 Iteration:  400 / 2200 [ 18%]  (Warmup) 
Chain 1 Iteration:  400 / 2200 [ 18%]  (Warmup) 
Chain 1 Iteration:  500 / 2200 [ 22%]  (Warmup) 
Chain 3 Iteration:  500 / 2200 [ 22%]  (Warmup) 
Chain 1 Iteration:  600 / 2200 [ 27%]  (Warmup) 
Chain 3 Iteration:  600 / 2200 [ 27%]  (Warmup) 
Chain 1 Iteration:  700 / 2200 [ 31%]  (Warmup) 
Chain 1 Iteration:  701 / 2200 [ 31%]  (Sampling) 
Chain 3 Iteration:  700 / 2200 [ 31%]  (Warmup) 
Chain 3 Iteration:  701 / 2200 [ 31%]  (Sampling) 
Chain 1 Iteration:  800 / 2200 [ 36%]  (Sampling) 
Chain 3 Iteration:  800 / 2200 [ 36%]  (Sampling) 
Chain 1 Iteration:  900 / 2200 [ 40%]  (Sampling) 
Chain 3 Iteration:  900 / 2200 [ 40%]  (Sampling) 
Chain 1 Iteration: 1000 / 2200 [ 45%]  (Sampling) 
Chain 3 Iteration: 1000 / 2200 [ 45%]  (Sampling) 
Chain 1 Iteration: 1100 / 2200 [ 50%]  (Sampling) 
Chain 3 Iteration: 1100 / 2200 [ 50%]  (Sampling) 
Chain 1 Iteration: 1200 / 2200 [ 54%]  (Sampling) 
Chain 3 Iteration: 1200 / 2200 [ 54%]  (Sampling) 
Chain 1 Iteration: 1300 / 2200 [ 59%]  (Sampling) 
Chain 3 Iteration: 1300 / 2200 [ 59%]  (Sampling) 
Chain 1 Iteration: 1400 / 2200 [ 63%]  (Sampling) 
Chain 3 Iteration: 1400 / 2200 [ 63%]  (Sampling) 
Chain 1 Iteration: 1500 / 2200 [ 68%]  (Sampling) 
Chain 3 Iteration: 1500 / 2200 [ 68%]  (Sampling) 
Chain 1 Iteration: 1600 / 2200 [ 72%]  (Sampling) 
Chain 3 Iteration: 1600 / 2200 [ 72%]  (Sampling) 
Chain 1 Iteration: 1700 / 2200 [ 77%]  (Sampling) 
Chain 3 Iteration: 1700 / 2200 [ 77%]  (Sampling) 
Chain 1 Iteration: 1800 / 2200 [ 81%]  (Sampling) 
Chain 3 Iteration: 1800 / 2200 [ 81%]  (Sampling) 
Chain 1 Iteration: 1900 / 2200 [ 86%]  (Sampling) 
Chain 3 Iteration: 1900 / 2200 [ 86%]  (Sampling) 
Chain 1 Iteration: 2000 / 2200 [ 90%]  (Sampling) 
Chain 3 Iteration: 2000 / 2200 [ 90%]  (Sampling) 
Chain 1 Iteration: 2100 / 2200 [ 95%]  (Sampling) 
Chain 3 Iteration: 2100 / 2200 [ 95%]  (Sampling) 
Chain 1 Iteration: 2200 / 2200 [100%]  (Sampling) 
Chain 1 finished in 440461.0 seconds.
Chain 3 Iteration: 2200 / 2200 [100%]  (Sampling) 
Chain 3 finished in 441351.0 seconds.
Warning: 1 chain(s) finished unexpectedly!
The remaining chains had a mean execution time of 441353.6 seconds.
Warning: The returned fit object will only read in results of successful chains. Please use read_cmdstan_csv() to read the results of the failed chains separately.Use the $output(chain_id) method for more output of the failed chains.
Warning: 10 of 3000 (0.0%) transitions ended with a divergence.
See https://mc-stan.org/misc/warnings for details.

Warning: 2990 of 3000 (100.0%) transitions hit the maximum treedepth limit of 10.
See https://mc-stan.org/misc/warnings for details.

[1] "Saving fit object..."
[1] "Calculating summary..."
[1] "Calculating samples..."
[1] "Calculating metadata..."
[1] "Summary of Hyperpriors (mu_*, sigma_*):"
# A tibble: 107 × 10
    variable      mean   median      sd     mad       q5      q95  rhat ess_bulk
    <chr>        <dbl>    <dbl>   <dbl>   <dbl>    <dbl>    <dbl> <dbl>    <dbl>
  1 mu_beta_…  1.68     1.70e+0 0.965   0.972    0.0583   3.25     1.00     894.
  2 mu_beta_… -0.00451 -4.45e-3 0.0140  0.0131  -0.0270   0.0181   1.00     734.
  3 mu_beta_…  0.0431   4.42e-2 0.0546  0.0514  -0.0510   0.130    1.02     188.
  4 mu_beta_…  0.122    1.22e-1 0.0629  0.0603   0.0190   0.223    1.03     179.
  5 mu_beta_…  0.216    2.01e-1 0.486   0.380   -0.565    1.03     1.00     904.
  6 mu_beta_…  0.00273  2.90e-3 0.120   0.115   -0.192    0.198    1.01     294.
  7 mu_beta_… -0.0965  -9.75e-2 0.0679  0.0628  -0.205    0.0156   1.00     878.
  8 mu_beta_…  0.0316   3.30e-2 0.375   0.296   -0.576    0.650    1.00     368.
  9 mu_beta_…  0.0165   1.37e-2 0.378   0.301   -0.600    0.649    1.00     415.
 10 mu_beta_… -0.0140  -1.37e-2 0.377   0.294   -0.622    0.614    1.00     364.
 11 mu_beta_…  0.116    9.78e-2 0.413   0.310   -0.501    0.832    1.00     480.
 12 mu_beta_…  0.0738   5.36e-2 0.412   0.307   -0.534    0.788    1.00     477.
 13 mu_beta_… -0.0275  -4.81e-2 0.411   0.309   -0.634    0.684    1.00     477.
 14 mu_beta_…  0.172    1.34e-1 0.364   0.280   -0.333    0.845    1.00     324.
 15 mu_beta_…  0.119    7.81e-2 0.366   0.280   -0.381    0.762    1.00     322.
 16 mu_beta_…  0.00524 -3.27e-2 0.366   0.284   -0.507    0.663    1.00     322.
 17 mu_beta_… -0.203   -1.99e-1 0.127   0.121   -0.420   -0.00304  1.01     451.
 18 mu_beta_…  0.117    8.54e-2 0.459   0.394   -0.575    0.893    1.00     438.
 19 mu_beta_…  0.0732   6.49e-2 0.502   0.404   -0.718    0.874    1.00     367.
 20 mu_beta_…  0.298    2.63e-1 0.367   0.291   -0.234    0.938    1.00     348.
 21 mu_beta_… -0.0935  -9.31e-2 0.553   0.460   -0.979    0.829    1.00    1280.
 22 mu_beta_… -0.747   -7.40e-1 0.792   0.773   -2.09     0.454    1.00    1035.
 23 mu_beta_… -0.444   -4.27e-1 0.284   0.249   -0.932   -0.0302   1.00     560.
 24 mu_beta_… -0.185   -1.75e-1 0.211   0.192   -0.547    0.134    1.01     433.
 25 mu_beta_… -0.119   -1.02e-1 0.239   0.217   -0.514    0.241    1.00     461.
 26 mu_beta_… -0.281   -2.72e-1 0.236   0.218   -0.686    0.0796   1.01     392.
 27 mu_beta_… -0.634   -6.14e-1 0.298   0.293   -1.15    -0.181    1.01     365.
 28 mu_beta_… -0.537   -5.17e-1 0.328   0.311   -1.10    -0.0417   1.00     400.
 29 mu_beta_… -0.570   -5.44e-1 0.351   0.342   -1.19    -0.0422   1.01     371.
 30 mu_beta_… -0.537   -5.04e-1 0.407   0.400   -1.27     0.0656   1.00     382.
 31 mu_beta_…  0.00126  9.71e-4 0.0254  0.0255  -0.0395   0.0424   1.00     491.
 32 mu_beta_…  0.0432   4.31e-2 0.0155  0.0158   0.0180   0.0691   1.00     798.
 33 mu_beta_…  0.127    1.27e-1 0.0173  0.0175   0.0992   0.156    1.00     665.
 34 mu_beta_…  0.166    1.66e-1 0.0171  0.0174   0.138    0.194    1.00     646.
 35 mu_beta_…  0.231    2.32e-1 0.0177  0.0180   0.202    0.260    1.00     655.
 36 mu_beta_…  0.123    1.34e-1 0.482   0.376   -0.688    0.915    1.00     935.
 37 mu_beta_…  0.00920  2.30e-2 0.482   0.373   -0.800    0.800    1.00     937.
 38 mu_beta_…  0.0517   5.15e-2 0.0552  0.0550  -0.0367   0.144    1.00     821.
 39 mu_beta_…  0.00826  8.33e-3 0.00907 0.00903 -0.00708  0.0234   1.00    3240.
 40 mu_beta_… -0.0151  -1.51e-2 0.00393 0.00393 -0.0214  -0.00846  1.00    6294.
 41 mu_gamma…  0.660    7.05e-1 0.791   0.786   -0.704    1.92     1.00     363.
 42 mu_gamma… -0.0216  -3.08e-2 1.03    1.02    -1.70     1.65     1.00    3675.
 43 mu_alpha…  0.522    5.23e-1 0.0612  0.0581   0.421    0.618    1.01     305.
 44 mu_alpha…  0.417    4.18e-1 0.0567  0.0552   0.331    0.513    1.00     363.
 45 mu_alpha…  0.206    2.06e-1 0.0144  0.0144   0.182    0.230    1.00     876.
 46 mu_alpha…  0.148    1.47e-1 0.0132  0.0131   0.126    0.170    1.00     815.
 47 mu_alpha…  0.170    1.70e-1 0.0134  0.0136   0.149    0.192    1.00     902.
 48 mu_alpha…  0.133    1.33e-1 0.0128  0.0127   0.112    0.154    1.00     873.
 49 mu_alpha…  0.100    1.00e-1 0.0127  0.0132   0.0780   0.120    1.00    1170.
 50 mu_alpha…  0.109    1.09e-1 0.0130  0.0131   0.0874   0.130    1.00    2216.
 51 mu_alpha…  0.128    1.28e-1 0.0127  0.0124   0.108    0.150    1.00    2820.
 52 mu_alpha…  0.0899   9.01e-2 0.0121  0.0127   0.0701   0.109    1.00    2682.
 53 mu_alpha…  0.101    1.01e-1 0.0118  0.0119   0.0810   0.120    1.00    3112.
 54 mu_alpha…  0.0406   4.05e-2 0.0121  0.0121   0.0210   0.0607   1.00    3433.
 55 mu_delta… -0.355   -3.56e-1 0.110   0.105   -0.529   -0.179    1.02     206.
 56 mu_delta…  0.295    2.99e-1 0.125   0.124    0.0833   0.489    1.00     312.
 57 mu_delta… -0.325   -3.25e-1 0.0151  0.0151  -0.350   -0.300    1.00     756.
 58 mu_delta… -0.205   -2.05e-1 0.0153  0.0155  -0.230   -0.180    1.00     620.
 59 mu_delta… -0.247   -2.46e-1 0.0155  0.0156  -0.272   -0.222    1.00     716.
 60 mu_delta… -0.150   -1.49e-1 0.0169  0.0172  -0.178   -0.122    1.00     714.
 61 mu_delta… -0.220   -2.20e-1 0.0144  0.0142  -0.244   -0.196    1.00    1137.
 62 mu_delta… -0.00649 -6.30e-3 0.0243  0.0235  -0.0468   0.0342   1.00    2138.
 63 mu_delta… -0.0153  -1.45e-2 0.0240  0.0233  -0.0555   0.0232   1.00    2108.
 64 mu_delta…  0.0258   2.60e-2 0.0239  0.0245  -0.0138   0.0650   1.00    2282.
 65 mu_delta… -0.0540  -5.46e-2 0.0235  0.0236  -0.0924  -0.0150   1.00    2113.
 66 mu_delta…  0.117    1.17e-1 0.0222  0.0221   0.0816   0.153    1.00    1874.
 67 mu_phi_l…  0.666    6.71e-1 0.259   0.255    0.244    1.07     1.01     169.
 68 sigma_be…  0.813    7.13e-1 0.597   0.625    0.0619   1.94     1.00     290.
 69 sigma_be…  0.0423   4.03e-2 0.0135  0.0125   0.0236   0.0663   1.00     973.
 70 sigma_be…  0.214    2.09e-1 0.0413  0.0382   0.157    0.289    1.01     562.
 71 sigma_be…  0.266    2.60e-1 0.0532  0.0516   0.192    0.365    1.00     669.
 72 sigma_be…  0.270    2.63e-1 0.0563  0.0513   0.195    0.373    1.00     649.
 73 sigma_be…  0.494    4.79e-1 0.110   0.105    0.339    0.693    1.00     763.
 74 sigma_be…  0.227    2.19e-1 0.0640  0.0593   0.137    0.343    1.00     840.
 75 sigma_be…  0.101    9.60e-2 0.0584  0.0598   0.0151   0.203    1.00     409.
 76 sigma_be…  0.327    3.15e-1 0.0868  0.0811   0.204    0.485    1.00     844.
 77 sigma_be…  0.0875   8.09e-2 0.0568  0.0572   0.00893  0.192    1.00     526.
 78 sigma_be…  0.0838   7.61e-2 0.0540  0.0560   0.0106   0.183    1.00     603.
 79 sigma_be…  0.0381   3.17e-2 0.0303  0.0282   0.00283  0.0965   1.00     887.
 80 sigma_be…  0.0482   4.02e-2 0.0380  0.0365   0.00310  0.122    1.00    1035.
 81 sigma_be…  0.221    2.13e-1 0.0684  0.0651   0.122    0.346    1.00     847.
 82 sigma_be…  0.172    1.54e-1 0.0985  0.0857   0.0412   0.360    1.01     302.
 83 sigma_be…  0.0585   4.99e-2 0.0448  0.0433   0.00455  0.144    1.01     493.
 84 sigma_be…  0.410    3.92e-1 0.131   0.124    0.229    0.647    1.00     410.
 85 sigma_be…  0.162    1.57e-1 0.0738  0.0712   0.0489   0.294    1.00     424.
 86 sigma_be…  0.153    1.50e-1 0.0564  0.0530   0.0681   0.251    1.00     458.
 87 sigma_be…  0.307    3.00e-1 0.0702  0.0653   0.208    0.438    1.00     593.
 88 sigma_be…  1.11     9.60e-1 0.645   0.473    0.436    2.34     1.00    1735.
 89 sigma_be…  1.44     1.29e+0 0.707   0.583    0.632    2.82     1.00    1512.
 90 sigma_be…  0.386    3.23e-1 0.277   0.195    0.0878   0.903    1.01     660.
 91 sigma_be…  0.164    1.19e-1 0.163   0.112    0.0119   0.470    1.00     576.
 92 sigma_be…  0.322    2.89e-1 0.173   0.136    0.119    0.624    1.00     735.
 93 sigma_be…  0.197    1.80e-1 0.133   0.133    0.0205   0.432    1.01     242.
 94 sigma_be…  0.533    5.12e-1 0.138   0.123    0.345    0.792    1.00     626.
 95 sigma_be…  0.659    6.34e-1 0.160   0.144    0.440    0.954    1.00     666.
 96 sigma_be…  0.334    3.24e-1 0.114   0.105    0.170    0.540    1.01     318.
 97 sigma_be…  0.359    3.48e-1 0.143   0.130    0.148    0.605    1.00     367.
 98 sigma_be…  0.0380   3.65e-2 0.00983 0.00843  0.0249   0.0568   1.00     703.
 99 sigma_ga…  4.65     4.63e+0 0.499   0.494    3.88     5.52     1.00    1191.
100 sigma_ga…  0.796    6.74e-1 0.603   0.581    0.0543   1.94     1.00    1721.
101 sigma_al…  0.247    2.40e-1 0.0501  0.0456   0.179    0.338    1.00     689.
102 sigma_al…  0.227    2.21e-1 0.0496  0.0444   0.159    0.320    1.00     674.
103 sigma_de…  0.435    4.23e-1 0.0884  0.0796   0.314    0.597    1.01     527.
104 sigma_de…  0.519    5.05e-1 0.0997  0.0891   0.383    0.699    1.00     462.
105 sigma_ph…  1.07     1.05e+0 0.200   0.184    0.801    1.43     1.00     480.
106 sigma_ga…  0.800    6.60e-1 0.608   0.586    0.0746   1.96     1.00    2380.
107 sigma_ga…  0.786    6.69e-1 0.604   0.605    0.0538   1.96     1.00    1421.
# ℹ 1 more variable: ess_tail <dbl>
[1] "Calculating lambda_mean..."
[1] "Calculating lambda_test_mean..."
[1] "Calculating y_rep_mean..."
[1] "Calculating y_test_rep_mean..."
[1] "Generating plots..."
 [1] "exposure_1SQPTEGYPH0GA_1" "exposure_2HRX9P6HKXA8V_1"
 [3] "exposure_78AY09MVJVTYE_1" "exposure_9XKJD8DQTH559_1"
 [5] "exposure_C0BE4NDSW26QN_1" "exposure_CB2KHY1C2G9PT_1"
 [7] "exposure_ED5J990H5VAZT_1" "exposure_EMBVNVD207CC6_1"
 [9] "exposure_JHDN7CF1C03X5_1" "exposure_L69HYJ4Y3TR91_1"
[11] "exposure_LBZEEFSBJNB3Z_1" "exposure_LFZFT3VASXPED_1"
[13] "exposure_LQ5EH4BKGV61T_1" "exposure_S8MT0YGD2KTN9_1"
[15] "exposure_SAFK7ND1HR6XS_1" "exposure_SRQS8F7JWA9MZ_1"
[17] "exposure_V3Q26BHF3SE2H_1" "exposure_W8T41JZK0ZMEP_1"
[1] 18
Adding missing grouping variables: `location_id_num`
[1] "Skipping daily plot for SRQS8F7JWA9MZ due to missing daily data."
[1] "Skipping daily plot for 2HRX9P6HKXA8V due to missing daily data."
[1] "Skipping daily plot for JHDN7CF1C03X5 due to missing daily data."
[1] "Skipping daily plot for L69HYJ4Y3TR91 due to missing daily data."
[1] "Skipping daily plot for ED5J990H5VAZT due to missing daily data."
[1] "Skipping daily plot for W8T41JZK0ZMEP due to missing daily data."
[1] "Skipping daily plot for EMBVNVD207CC6 due to missing daily data."
[1] "Skipping daily plot for C0BE4NDSW26QN due to missing daily data."
[1] "Skipping daily plot for V3Q26BHF3SE2H due to missing daily data."
[1] "Skipping daily plot for LBZEEFSBJNB3Z due to missing daily data."
[1] "Skipping daily plot for SAFK7ND1HR6XS due to missing daily data."
[1] "Skipping daily plot for CB2KHY1C2G9PT due to missing daily data."
[1] "Skipping daily plot for S8MT0YGD2KTN9 due to missing daily data."
[1] "Skipping daily plot for LFZFT3VASXPED due to missing daily data."
[1] "Skipping daily plot for 1SQPTEGYPH0GA due to missing daily data."
[1] "Skipping daily plot for 9XKJD8DQTH559 due to missing daily data."
[1] "Skipping daily plot for LQ5EH4BKGV61T due to missing daily data."
[1] "Skipping daily plot for 78AY09MVJVTYE due to missing daily data."
[1] "Skipping MLflow logging as existing fit file was loaded."
[1] "Done."
           used  (Mb) gc trigger    (Mb)   max used    (Mb)
Ncells  5243613 280.1    8460121   451.9    8460121   451.9
Vcells 15716121 120.0 1760040040 13428.1 2171389746 16566.4
Warning messages:
1: Dropping 'draws_df' class as required metadata was removed. 
2: Dropping 'draws_df' class as required metadata was removed. 
3: Dropping 'draws_df' class as required metadata was removed. 
4: Dropping 'draws_df' class as required metadata was removed. 
