- The project is out-of-sync -- use `renv::status()` for details.
── Attaching core tidyverse packages ──────────────────────── tidyverse 2.0.0 ──
✔ dplyr     1.1.4     ✔ readr     2.1.5
✔ forcats   1.0.0     ✔ stringr   1.5.1
✔ ggplot2   3.5.1     ✔ tibble    3.2.1
✔ lubridate 1.9.4     ✔ tidyr     1.3.1
✔ purrr     1.0.4     
[conflicted] Will prefer dplyr::select over any other package.
[conflicted] Will prefer dplyr::filter over any other package.
[conflicted] Will prefer lubridate::year over any other package.
[conflicted] Will prefer lubridate::month over any other package.
[conflicted] Will prefer purrr::map over any other package.
[conflicted] Will prefer stats::sd over any other package.
[conflicted] Will prefer base::match over any other package.
This is cmdstanr version 0.9.0
- CmdStanR documentation and vignettes: mc-stan.org/cmdstanr
- CmdStan path: /home/nuttidalab/.cmdstan/cmdstan-2.36.0
- CmdStan version: 2.36.0

A newer version of CmdStan is available. See ?install_cmdstan() to install it.
To disable this check set option or environment variable cmdstanr_no_ver_check=TRUE.
This is posterior version 1.6.0
Registered S3 method overwritten by 'tsibble':
  method               from 
  as_tibble.grouped_df dplyr
── Attaching packages ──────────────────────────────────────────── fpp3 1.0.1 ──
✔ tsibble     1.1.6     ✔ feasts      0.4.1
✔ tsibbledata 0.4.1     ✔ fable       0.4.1
Loading required package: R.oo
Loading required package: R.methodsS3
R.methodsS3 v1.8.2 (2022-06-13 22:00:14 UTC) successfully loaded. See ?R.methodsS3 for help.
R.oo v1.27.0 (2024-11-01 18:00:02 UTC) successfully loaded. See ?R.oo for help.

Attaching package: ‘R.oo’

The following object is masked from ‘package:R.methodsS3’:

    throw

The following object is masked from ‘package:shiny’:

    printStackTrace

The following object is masked from ‘package:renv’:

    load

The following objects are masked from ‘package:methods’:

    getClasses, getMethods

The following objects are masked from ‘package:base’:

    attach, detach, load, save

R.utils v2.13.0 (2025-02-24 21:20:02 UTC) successfully loaded. See ?R.utils for help.
Registered S3 method overwritten by 'quantmod':
  method            from
  as.zoo.data.frame zoo 
Registered S3 methods overwritten by 'bayesforecast':
  method      from    
  autoplot.ts forecast
  forecast.ts forecast
  fortify.ts  forecast
  print.garch tseries 
[1] "# of rows: 34628"
[1] "# of rows: 26495"
[1] "Found 17 exposure columns in the data: exposure_1SQPTEGYPH0GA_1, exposure_2HRX9P6HKXA8V_1, exposure_78AY09MVJVTYE_1, exposure_9XKJD8DQTH559_1, exposure_C0BE4NDSW26QN_1, exposure_CB2KHY1C2G9PT_1, exposure_ED5J990H5VAZT_1, exposure_EMBVNVD207CC6_1, exposure_JHDN7CF1C03X5_1, exposure_L69HYJ4Y3TR91_1, exposure_LBZEEFSBJNB3Z_1, exposure_LFZFT3VASXPED_1, exposure_LQ5EH4BKGV61T_1, exposure_S8MT0YGD2KTN9_1, exposure_SAFK7ND1HR6XS_1, exposure_V3Q26BHF3SE2H_1, exposure_W8T41JZK0ZMEP_1"
Numeric columns considered for scaling:
vegan_window_sum_item_quantity,
vegetarian_window_sum_item_quantity,
meat_window_sum_item_quantity,
vegan_window_avg_item_price,
vegetarian_window_avg_item_price,
meat_window_avg_item_price,
breakfast_p_window_avg_item_price,
textured_p_window_avg_item_price,
untextured_p_window_avg_item_price,
chicken_p_window_avg_item_price,
dairy_p_window_avg_item_price,
egg_p_window_avg_item_price,
breakfast_window_avg_item_price,
textured_window_avg_item_price,
untextured_window_avg_item_price,
breakfast_t2_window_avg_item_price,
textured_t2_window_avg_item_price,
untextured_t2_window_avg_item_price,
chicken_t2_window_avg_item_price,
dairy_t2_window_avg_item_price,
day_of_month,
Value,
vegan_price_real,
vegetarian_price_real,
meat_price_real,
breakfast_p_price_real,
textured_p_price_real,
untextured_p_price_real,
chicken_p_price_real,
dairy_p_price_real,
egg_p_price_real,
breakfast_price_real,
textured_price_real,
untextured_price_real,
breakfast_t2_price_real,
textured_t2_price_real,
untextured_t2_price_real,
chicken_t2_price_real,
dairy_t2_price_real,
inflation,
temp,
precip[1] "Successfully created `expo_to_rest` mapping."
[1] "Successfully created `expo_to_param` mapping."
Identified 17 exposure columns in the design matrix: 
exposure_1SQPTEGYPH0GA_1, 
exposure_2HRX9P6HKXA8V_1, 
exposure_78AY09MVJVTYE_1, 
exposure_9XKJD8DQTH559_1, 
exposure_C0BE4NDSW26QN_1, 
exposure_CB2KHY1C2G9PT_1, 
exposure_ED5J990H5VAZT_1, 
exposure_EMBVNVD207CC6_1, 
exposure_JHDN7CF1C03X5_1, 
exposure_L69HYJ4Y3TR91_1, 
exposure_LBZEEFSBJNB3Z_1, 
exposure_LFZFT3VASXPED_1, 
exposure_LQ5EH4BKGV61T_1, 
exposure_S8MT0YGD2KTN9_1, 
exposure_SAFK7ND1HR6XS_1, 
exposure_V3Q26BHF3SE2H_1, 
exposure_W8T41JZK0ZMEP_1
Identified 30 random beta columns: 
vegan_price_real, 
vegetarian_price_real, 
meat_price_real, 
weekend, 
holiday_window, 
month_cat2, 
month_cat3, 
month_cat4, 
month_cat5, 
month_cat6, 
month_cat7, 
month_cat8, 
month_cat9, 
month_cat10, 
month_cat11, 
month_cat12, 
seasonspring, 
seasonsummer, 
seasonwinter, 
year_cat2014, 
year_cat2015, 
year_cat2016, 
year_cat2017, 
year_cat2018, 
year_cat2019, 
year_cat2020, 
year_cat2021, 
year_cat2022, 
year_cat2023, 
date_num
Identified 9 fixed beta columns: 
day_of_week_cat1, 
day_of_week_cat2, 
day_of_week_cat3, 
day_of_week_cat4, 
day_of_week_cat5, 
day_of_week_cat6, 
inflation, 
temp, 
precip
Identified 2 random alpha indices (positions): 
1, 7
Identified 2 random delta indices (positions): 
1, 7
$R
[1] 17

$J
[1] 57

$p_effective
[1] 12

$q_effective
[1] 12

$M
[1] 2

$idx_intercept
[1] 1

$K_beta_random
[1] 30

$idx_beta_random
[1] 2 3 4 5 6 7

$K_beta_fixed
[1] 9

$idx_beta_fixed
[1] 32 33 34 35 36 37

$K_exposure
[1] 17

$idx_exposure
[1] 41 42 43 44 45 46

$expo_to_rest
[1] 14  1 17 15  7 11

$expo_to_param
[1] 1 1 1 1 1 1

$effective_lags_alpha
[1] 1 2 3 4 5 6

$K_alpha_random
[1] 2

$idx_alpha_random
[1] 1 7

$K_alpha_fixed
[1] 10

$idx_alpha_fixed
[1] 2 3 4 5 6 8

$effective_lags_delta
[1] 1 2 3 4 5 6

$K_delta_random
[1] 2

$idx_delta_random
[1] 1 7

$K_delta_fixed
[1] 10

$idx_delta_fixed
[1] 2 3 4 5 6 8

$N_train
[1] 25160

$X_train
  (Intercept) vegan_price_real vegetarian_price_real meat_price_real weekend
1           1       -0.8456836            -0.5679960      -0.8879340       0
2           1       -0.2669690            -0.4591163      -1.1706015       0
3           1       -1.1129899            -0.7278780      -0.7976535       0
4           1       -0.8165461            -0.7195227      -1.1349953       1
5           1       -0.7478409            -0.6744561      -0.9145482       1
6           1       -0.9205721            -0.6407982      -0.7599388       0
  holiday_window month_cat2 month_cat3 month_cat4 month_cat5 month_cat6
1              0          0          0          0          0          0
2              0          0          0          0          0          0
3              0          0          0          0          0          0
4              0          0          0          0          0          0
5              0          0          0          0          0          0
6              0          0          0          0          0          0
  month_cat7 month_cat8 month_cat9 month_cat10 month_cat11 month_cat12
1          0          0          0           0           0           0
2          0          0          0           0           0           0
3          0          0          0           0           0           0
4          0          0          0           0           0           0
5          0          0          0           0           0           0
6          0          0          0           0           0           0
  seasonspring seasonsummer seasonwinter year_cat2014 year_cat2015 year_cat2016
1            0            0            1            0            0            0
2            0            0            1            0            0            0
3            0            0            1            0            0            0
4            0            0            1            0            0            0
5            0            0            1            0            0            0
6            0            0            1            0            0            0
  year_cat2017 year_cat2018 year_cat2019 year_cat2020 year_cat2021 year_cat2022
1            0            0            1            0            0            0
2            0            0            1            0            0            0
3            0            0            1            0            0            0
4            0            0            1            0            0            0
5            0            0            1            0            0            0
6            0            0            1            0            0            0
  year_cat2023 date_num day_of_week_cat1 day_of_week_cat2 day_of_week_cat3
1            0 49.00205                0                1                0
2            0 49.00479                0                0                1
3            0 49.00753                0                0                0
4            0 49.01027                0                0                0
5            0 49.01300                0                0                0
6            0 49.01574                0                0                0
  day_of_week_cat4 day_of_week_cat5 day_of_week_cat6 inflation       temp
1                0                0                0 -1.572673 -1.2441154
2                0                0                0 -1.572673 -1.0461867
3                1                0                0 -1.572673 -0.8482579
4                0                1                0 -1.572673 -0.7975070
5                0                0                1 -1.572673 -0.5742028
6                0                0                0 -1.572673 -0.8228825
      precip exposure_1SQPTEGYPH0GA_1 exposure_2HRX9P6HKXA8V_1
1 -0.3144374                        0                   0.0625
2 -0.3144374                        0                   0.0625
3 -0.3144374                        0                   0.0625
4 -0.3144374                        0                   0.0625
5 -0.3144374                        0                   0.0625
6 -0.3144374                        0                   0.0625
  exposure_78AY09MVJVTYE_1 exposure_9XKJD8DQTH559_1 exposure_C0BE4NDSW26QN_1
1                        0                        0                        0
2                        0                        0                        0
3                        0                        0                        0
4                        0                        0                        0
5                        0                        0                        0
6                        0                        0                        0
  exposure_CB2KHY1C2G9PT_1 exposure_ED5J990H5VAZT_1 exposure_EMBVNVD207CC6_1
1                        0                        0                        0
2                        0                        0                        0
3                        0                        0                        0
4                        0                        0                        0
5                        0                        0                        0
6                        0                        0                        0
  exposure_JHDN7CF1C03X5_1 exposure_L69HYJ4Y3TR91_1 exposure_LBZEEFSBJNB3Z_1
1                        0                        0                        0
2                        0                        0                        0
3                        0                        0                        0
4                        0                        0                        0
5                        0                        0                        0
6                        0                        0                        0
  exposure_LFZFT3VASXPED_1 exposure_LQ5EH4BKGV61T_1 exposure_S8MT0YGD2KTN9_1
1                        0                        0                        0
2                        0                        0                        0
3                        0                        0                        0
4                        0                        0                        0
5                        0                        0                        0
6                        0                        0                        0
  exposure_SAFK7ND1HR6XS_1 exposure_V3Q26BHF3SE2H_1 exposure_W8T41JZK0ZMEP_1
1                        0                        0                        0
2                        0                        0                        0
3                        0                        0                        0
4                        0                        0                        0
5                        0                        0                        0
6                        0                        0                        0

$y_train
[1] 46 18  2 10 10  3

$idx_to_rest_train
[1] 1 1 1 1 1 1

$train_start_idx
[1]    1  808 2335 2653 5271 6472

$train_end_idx
[1]  807 2334 2652 5270 6471 8638

$N_test
[1] 1335

$X_test
  (Intercept) vegan_price_real vegetarian_price_real meat_price_real weekend
1           1        1.4698388             0.6030841       1.5214843       0
2           1        2.0455956             2.6831371       1.5864065       1
3           1        1.4460191             0.5620757       1.3319961       1
4           1        1.6995290             0.5196815       1.3859060       0
5           1       -0.8500326            -1.5952819      -1.7432510       0
6           1       -1.1333172            -0.4766813      -0.5772869       0
  holiday_window month_cat2 month_cat3 month_cat4 month_cat5 month_cat6
1              0          0          1          0          0          0
2              0          0          1          0          0          0
3              0          0          1          0          0          0
4              0          0          1          0          0          0
5              0          0          1          0          0          0
6              0          0          1          0          0          0
  month_cat7 month_cat8 month_cat9 month_cat10 month_cat11 month_cat12
1          0          0          0           0           0           0
2          0          0          0           0           0           0
3          0          0          0           0           0           0
4          0          0          0           0           0           0
5          0          0          0           0           0           0
6          0          0          0           0           0           0
  seasonspring seasonsummer seasonwinter year_cat2014 year_cat2015 year_cat2016
1            1            0            0            0            0            0
2            1            0            0            0            0            0
3            1            0            0            0            0            0
4            1            0            0            0            0            0
5            1            0            0            0            0            0
6            1            0            0            0            0            0
  year_cat2017 year_cat2018 year_cat2019 year_cat2020 year_cat2021 year_cat2022
1            0            0            0            0            1            0
2            0            0            0            0            1            0
3            0            0            0            0            1            0
4            0            0            0            0            1            0
5            0            0            0            0            1            0
6            0            0            0            0            1            0
  year_cat2023 date_num day_of_week_cat1 day_of_week_cat2 day_of_week_cat3
1            0 51.21150                0                0                0
2            0 51.21424                0                0                0
3            0 51.21697                0                0                0
4            0 51.21971                0                0                0
5            0 51.22245                1                0                0
6            0 51.22519                0                1                0
  day_of_week_cat4 day_of_week_cat5 day_of_week_cat6 inflation        temp
1                1                0                0  1.682104 -0.25954682
2                0                1                0  1.682104 -0.28999740
3                0                0                1  1.682104 -0.40164951
4                0                0                0  1.682104 -0.45240046
5                0                0                0  1.682104 -0.17834528
6                0                0                0  1.682104 -0.09206865
      precip exposure_1SQPTEGYPH0GA_1 exposure_2HRX9P6HKXA8V_1
1 -0.3144374                        0                0.1764706
2 -0.3144374                        0                0.1764706
3 -0.3144374                        0                0.1764706
4 -0.3144374                        0                0.1764706
5 -0.3144374                        0                0.1764706
6 -0.3144374                        0                0.1764706
  exposure_78AY09MVJVTYE_1 exposure_9XKJD8DQTH559_1 exposure_C0BE4NDSW26QN_1
1                        0                        0                        0
2                        0                        0                        0
3                        0                        0                        0
4                        0                        0                        0
5                        0                        0                        0
6                        0                        0                        0
  exposure_CB2KHY1C2G9PT_1 exposure_ED5J990H5VAZT_1 exposure_EMBVNVD207CC6_1
1                        0                        0                        0
2                        0                        0                        0
3                        0                        0                        0
4                        0                        0                        0
5                        0                        0                        0
6                        0                        0                        0
  exposure_JHDN7CF1C03X5_1 exposure_L69HYJ4Y3TR91_1 exposure_LBZEEFSBJNB3Z_1
1                        0                        0                        0
2                        0                        0                        0
3                        0                        0                        0
4                        0                        0                        0
5                        0                        0                        0
6                        0                        0                        0
  exposure_LFZFT3VASXPED_1 exposure_LQ5EH4BKGV61T_1 exposure_S8MT0YGD2KTN9_1
1                        0                        0                        0
2                        0                        0                        0
3                        0                        0                        0
4                        0                        0                        0
5                        0                        0                        0
6                        0                        0                        0
  exposure_SAFK7ND1HR6XS_1 exposure_V3Q26BHF3SE2H_1 exposure_W8T41JZK0ZMEP_1
1                        0                        0                        0
2                        0                        0                        0
3                        0                        0                        0
4                        0                        0                        0
5                        0                        0                        0
6                        0                        0                        0

$y_test
[1]  5 10 16  2  0  1

$idx_to_rest_test
[1] 1 1 1 1 1 1

$test_start_idx
[1]   1  44 125 142 280 344

$test_end_idx
[1]  43 124 141 279 343 458

$mu_gamma_scale
[1] 1

$sigma_gamma_between_scale
[1] 1

$sigma_gamma_within_scale
[1] 1

$mu_beta_scale
[1] 1

$sigma_beta_scale
[1] 1

$mu_alpha_scale
[1] 1

$sigma_alpha_scale
[1] 1

$mu_delta_scale
[1] 1

$sigma_delta_scale
[1] 1

$mu_phi_log_scale
[1] 1

$sigma_phi_log_scale
[1] 1

[1] "Fitting the multilevel model..."
Running MCMC with 3 parallel chains...

Chain 3 Rejecting initial value:
Chain 3   Error evaluating the log probability at the initial value.
Chain 3 Exception: neg_binomial_2_lpmf: Location parameter is inf, but must be positive finite! (in '/tmp/RtmptxEwX8/model-23bd164caef6f.stan', line 413, column 4 to column 51)
Chain 3 Exception: neg_binomial_2_lpmf: Location parameter is inf, but must be positive finite! (in '/tmp/RtmptxEwX8/model-23bd164caef6f.stan', line 413, column 4 to column 51)
Chain 3 User-specified initialization failed.
Chain 3  Try specifying new initial values, using partially specialized initialization, reducing the range of constrained values, or reparameterizing the model.
Chain 3 Initialization failed.
Warning: Chain 3 finished unexpectedly!

Chain 1 Informational Message: The current Metropolis proposal is about to be rejected because of the following issue:
Chain 1 Exception: neg_binomial_2_lpmf: Location parameter is -nan, but must be positive finite! (in '/tmp/RtmptxEwX8/model-23bd164caef6f.stan', line 413, column 4 to column 51)
Chain 1 If this warning occurs sporadically, such as for highly constrained variable types like covariance matrices, then the sampler is fine,
Chain 1 but if this warning occurs often then your model may be either severely ill-conditioned or misspecified.
Chain 1 
Chain 1 Informational Message: The current Metropolis proposal is about to be rejected because of the following issue:
Chain 1 Exception: neg_binomial_2_lpmf: Location parameter is -nan, but must be positive finite! (in '/tmp/RtmptxEwX8/model-23bd164caef6f.stan', line 413, column 4 to column 51)
Chain 1 If this warning occurs sporadically, such as for highly constrained variable types like covariance matrices, then the sampler is fine,
Chain 1 but if this warning occurs often then your model may be either severely ill-conditioned or misspecified.
Chain 1 
Chain 2 Informational Message: The current Metropolis proposal is about to be rejected because of the following issue:
Chain 2 Exception: neg_binomial_2_lpmf: Location parameter is -nan, but must be positive finite! (in '/tmp/RtmptxEwX8/model-23bd164caef6f.stan', line 413, column 4 to column 51)
Chain 2 If this warning occurs sporadically, such as for highly constrained variable types like covariance matrices, then the sampler is fine,
Chain 2 but if this warning occurs often then your model may be either severely ill-conditioned or misspecified.
Chain 2 
Chain 1 Informational Message: The current Metropolis proposal is about to be rejected because of the following issue:
Chain 1 Exception: neg_binomial_2_lpmf: Location parameter is -nan, but must be positive finite! (in '/tmp/RtmptxEwX8/model-23bd164caef6f.stan', line 413, column 4 to column 51)
Chain 1 If this warning occurs sporadically, such as for highly constrained variable types like covariance matrices, then the sampler is fine,
Chain 1 but if this warning occurs often then your model may be either severely ill-conditioned or misspecified.
Chain 1 
Chain 2 Informational Message: The current Metropolis proposal is about to be rejected because of the following issue:
Chain 2 Exception: neg_binomial_2_lpmf: Location parameter is -nan, but must be positive finite! (in '/tmp/RtmptxEwX8/model-23bd164caef6f.stan', line 413, column 4 to column 51)
Chain 2 If this warning occurs sporadically, such as for highly constrained variable types like covariance matrices, then the sampler is fine,
Chain 2 but if this warning occurs often then your model may be either severely ill-conditioned or misspecified.
Chain 2 
Chain 2 Informational Message: The current Metropolis proposal is about to be rejected because of the following issue:
Chain 2 Exception: neg_binomial_2_lpmf: Location parameter is -nan, but must be positive finite! (in '/tmp/RtmptxEwX8/model-23bd164caef6f.stan', line 413, column 4 to column 51)
Chain 2 If this warning occurs sporadically, such as for highly constrained variable types like covariance matrices, then the sampler is fine,
Chain 2 but if this warning occurs often then your model may be either severely ill-conditioned or misspecified.
Chain 2 
Chain 1 Informational Message: The current Metropolis proposal is about to be rejected because of the following issue:
Chain 1 Exception: neg_binomial_2_lpmf: Location parameter is 0, but must be positive finite! (in '/tmp/RtmptxEwX8/model-23bd164caef6f.stan', line 413, column 4 to column 51)
Chain 1 If this warning occurs sporadically, such as for highly constrained variable types like covariance matrices, then the sampler is fine,
Chain 1 but if this warning occurs often then your model may be either severely ill-conditioned or misspecified.
Chain 1 
Chain 2 Informational Message: The current Metropolis proposal is about to be rejected because of the following issue:
Chain 2 Exception: neg_binomial_2_lpmf: Location parameter is 0, but must be positive finite! (in '/tmp/RtmptxEwX8/model-23bd164caef6f.stan', line 413, column 4 to column 51)
Chain 2 If this warning occurs sporadically, such as for highly constrained variable types like covariance matrices, then the sampler is fine,
Chain 2 but if this warning occurs often then your model may be either severely ill-conditioned or misspecified.
Chain 2 
Chain 1 Informational Message: The current Metropolis proposal is about to be rejected because of the following issue:
Chain 1 Exception: neg_binomial_2_lpmf: Location parameter is 0, but must be positive finite! (in '/tmp/RtmptxEwX8/model-23bd164caef6f.stan', line 413, column 4 to column 51)
Chain 1 If this warning occurs sporadically, such as for highly constrained variable types like covariance matrices, then the sampler is fine,
Chain 1 but if this warning occurs often then your model may be either severely ill-conditioned or misspecified.
Chain 1 
Chain 1 Informational Message: The current Metropolis proposal is about to be rejected because of the following issue:
Chain 1 Exception: neg_binomial_2_lpmf: Location parameter is inf, but must be positive finite! (in '/tmp/RtmptxEwX8/model-23bd164caef6f.stan', line 413, column 4 to column 51)
Chain 1 If this warning occurs sporadically, such as for highly constrained variable types like covariance matrices, then the sampler is fine,
Chain 1 but if this warning occurs often then your model may be either severely ill-conditioned or misspecified.
Chain 1 
Chain 2 Informational Message: The current Metropolis proposal is about to be rejected because of the following issue:
Chain 2 Exception: neg_binomial_2_lpmf: Location parameter is 0, but must be positive finite! (in '/tmp/RtmptxEwX8/model-23bd164caef6f.stan', line 413, column 4 to column 51)
Chain 2 If this warning occurs sporadically, such as for highly constrained variable types like covariance matrices, then the sampler is fine,
Chain 2 but if this warning occurs often then your model may be either severely ill-conditioned or misspecified.
Chain 2 
Chain 2 Informational Message: The current Metropolis proposal is about to be rejected because of the following issue:
Chain 2 Exception: neg_binomial_2_lpmf: Location parameter is inf, but must be positive finite! (in '/tmp/RtmptxEwX8/model-23bd164caef6f.stan', line 413, column 4 to column 51)
Chain 2 If this warning occurs sporadically, such as for highly constrained variable types like covariance matrices, then the sampler is fine,
Chain 2 but if this warning occurs often then your model may be either severely ill-conditioned or misspecified.
Chain 2 
Chain 1 Informational Message: The current Metropolis proposal is about to be rejected because of the following issue:
Chain 1 Exception: neg_binomial_2_lpmf: Location parameter is inf, but must be positive finite! (in '/tmp/RtmptxEwX8/model-23bd164caef6f.stan', line 413, column 4 to column 51)
Chain 1 If this warning occurs sporadically, such as for highly constrained variable types like covariance matrices, then the sampler is fine,
Chain 1 but if this warning occurs often then your model may be either severely ill-conditioned or misspecified.
Chain 1 
Chain 2 Informational Message: The current Metropolis proposal is about to be rejected because of the following issue:
Chain 2 Exception: neg_binomial_2_lpmf: Location parameter is inf, but must be positive finite! (in '/tmp/RtmptxEwX8/model-23bd164caef6f.stan', line 413, column 4 to column 51)
Chain 2 If this warning occurs sporadically, such as for highly constrained variable types like covariance matrices, then the sampler is fine,
Chain 2 but if this warning occurs often then your model may be either severely ill-conditioned or misspecified.
Chain 2 
Chain 1 Informational Message: The current Metropolis proposal is about to be rejected because of the following issue:
Chain 1 Exception: neg_binomial_2_lpmf: Location parameter is inf, but must be positive finite! (in '/tmp/RtmptxEwX8/model-23bd164caef6f.stan', line 413, column 4 to column 51)
Chain 1 If this warning occurs sporadically, such as for highly constrained variable types like covariance matrices, then the sampler is fine,
Chain 1 but if this warning occurs often then your model may be either severely ill-conditioned or misspecified.
Chain 1 
Chain 1 Informational Message: The current Metropolis proposal is about to be rejected because of the following issue:
Chain 1 Exception: neg_binomial_2_lpmf: Location parameter is inf, but must be positive finite! (in '/tmp/RtmptxEwX8/model-23bd164caef6f.stan', line 413, column 4 to column 51)
Chain 1 If this warning occurs sporadically, such as for highly constrained variable types like covariance matrices, then the sampler is fine,
Chain 1 but if this warning occurs often then your model may be either severely ill-conditioned or misspecified.
Chain 1 
Chain 2 Informational Message: The current Metropolis proposal is about to be rejected because of the following issue:
Chain 2 Exception: neg_binomial_2_lpmf: Location parameter is inf, but must be positive finite! (in '/tmp/RtmptxEwX8/model-23bd164caef6f.stan', line 413, column 4 to column 51)
Chain 2 If this warning occurs sporadically, such as for highly constrained variable types like covariance matrices, then the sampler is fine,
Chain 2 but if this warning occurs often then your model may be either severely ill-conditioned or misspecified.
Chain 2 
Chain 2 Informational Message: The current Metropolis proposal is about to be rejected because of the following issue:
Chain 2 Exception: neg_binomial_2_lpmf: Location parameter is inf, but must be positive finite! (in '/tmp/RtmptxEwX8/model-23bd164caef6f.stan', line 413, column 4 to column 51)
Chain 2 If this warning occurs sporadically, such as for highly constrained variable types like covariance matrices, then the sampler is fine,
Chain 2 but if this warning occurs often then your model may be either severely ill-conditioned or misspecified.
Chain 2 
Chain 1 Informational Message: The current Metropolis proposal is about to be rejected because of the following issue:
Chain 1 Exception: neg_binomial_2_lpmf: Location parameter is inf, but must be positive finite! (in '/tmp/RtmptxEwX8/model-23bd164caef6f.stan', line 413, column 4 to column 51)
Chain 1 If this warning occurs sporadically, such as for highly constrained variable types like covariance matrices, then the sampler is fine,
Chain 1 but if this warning occurs often then your model may be either severely ill-conditioned or misspecified.
Chain 1 
Chain 2 Informational Message: The current Metropolis proposal is about to be rejected because of the following issue:
Chain 2 Exception: neg_binomial_2_lpmf: Location parameter is inf, but must be positive finite! (in '/tmp/RtmptxEwX8/model-23bd164caef6f.stan', line 413, column 4 to column 51)
Chain 2 If this warning occurs sporadically, such as for highly constrained variable types like covariance matrices, then the sampler is fine,
Chain 2 but if this warning occurs often then your model may be either severely ill-conditioned or misspecified.
Chain 2 
Chain 1 Informational Message: The current Metropolis proposal is about to be rejected because of the following issue:
Chain 1 Exception: neg_binomial_2_lpmf: Location parameter is inf, but must be positive finite! (in '/tmp/RtmptxEwX8/model-23bd164caef6f.stan', line 413, column 4 to column 51)
Chain 1 If this warning occurs sporadically, such as for highly constrained variable types like covariance matrices, then the sampler is fine,
Chain 1 but if this warning occurs often then your model may be either severely ill-conditioned or misspecified.
Chain 1 
Chain 2 Informational Message: The current Metropolis proposal is about to be rejected because of the following issue:
Chain 2 Exception: neg_binomial_2_lpmf: Location parameter is 0, but must be positive finite! (in '/tmp/RtmptxEwX8/model-23bd164caef6f.stan', line 413, column 4 to column 51)
Chain 2 If this warning occurs sporadically, such as for highly constrained variable types like covariance matrices, then the sampler is fine,
Chain 2 but if this warning occurs often then your model may be either severely ill-conditioned or misspecified.
Chain 2 
Chain 1 Informational Message: The current Metropolis proposal is about to be rejected because of the following issue:
Chain 1 Exception: neg_binomial_2_lpmf: Location parameter is inf, but must be positive finite! (in '/tmp/RtmptxEwX8/model-23bd164caef6f.stan', line 413, column 4 to column 51)
Chain 1 If this warning occurs sporadically, such as for highly constrained variable types like covariance matrices, then the sampler is fine,
Chain 1 but if this warning occurs often then your model may be either severely ill-conditioned or misspecified.
Chain 1 
Chain 2 Informational Message: The current Metropolis proposal is about to be rejected because of the following issue:
Chain 2 Exception: neg_binomial_2_lpmf: Location parameter is inf, but must be positive finite! (in '/tmp/RtmptxEwX8/model-23bd164caef6f.stan', line 413, column 4 to column 51)
Chain 2 If this warning occurs sporadically, such as for highly constrained variable types like covariance matrices, then the sampler is fine,
Chain 2 but if this warning occurs often then your model may be either severely ill-conditioned or misspecified.
Chain 2 
Chain 1 Iteration:    1 / 2200 [  0%]  (Warmup) 
Chain 2 Iteration:    1 / 2200 [  0%]  (Warmup) 
Chain 1 Informational Message: The current Metropolis proposal is about to be rejected because of the following issue:
Chain 1 Exception: neg_binomial_2_lpmf: Location parameter is inf, but must be positive finite! (in '/tmp/RtmptxEwX8/model-23bd164caef6f.stan', line 413, column 4 to column 51)
Chain 1 If this warning occurs sporadically, such as for highly constrained variable types like covariance matrices, then the sampler is fine,
Chain 1 but if this warning occurs often then your model may be either severely ill-conditioned or misspecified.
Chain 1 
Chain 2 Informational Message: The current Metropolis proposal is about to be rejected because of the following issue:
Chain 2 Exception: neg_binomial_2_lpmf: Location parameter is inf, but must be positive finite! (in '/tmp/RtmptxEwX8/model-23bd164caef6f.stan', line 413, column 4 to column 51)
Chain 2 If this warning occurs sporadically, such as for highly constrained variable types like covariance matrices, then the sampler is fine,
Chain 2 but if this warning occurs often then your model may be either severely ill-conditioned or misspecified.
Chain 2 
Chain 1 Informational Message: The current Metropolis proposal is about to be rejected because of the following issue:
Chain 1 Exception: neg_binomial_2_lpmf: Location parameter is -nan, but must be positive finite! (in '/tmp/RtmptxEwX8/model-23bd164caef6f.stan', line 413, column 4 to column 51)
Chain 1 If this warning occurs sporadically, such as for highly constrained variable types like covariance matrices, then the sampler is fine,
Chain 1 but if this warning occurs often then your model may be either severely ill-conditioned or misspecified.
Chain 1 
Chain 1 Informational Message: The current Metropolis proposal is about to be rejected because of the following issue:
Chain 1 Exception: neg_binomial_2_lpmf: Location parameter is -nan, but must be positive finite! (in '/tmp/RtmptxEwX8/model-23bd164caef6f.stan', line 413, column 4 to column 51)
Chain 1 If this warning occurs sporadically, such as for highly constrained variable types like covariance matrices, then the sampler is fine,
Chain 1 but if this warning occurs often then your model may be either severely ill-conditioned or misspecified.
Chain 1 
Chain 2 Informational Message: The current Metropolis proposal is about to be rejected because of the following issue:
Chain 2 Exception: neg_binomial_2_lpmf: Location parameter is -nan, but must be positive finite! (in '/tmp/RtmptxEwX8/model-23bd164caef6f.stan', line 413, column 4 to column 51)
Chain 2 If this warning occurs sporadically, such as for highly constrained variable types like covariance matrices, then the sampler is fine,
Chain 2 but if this warning occurs often then your model may be either severely ill-conditioned or misspecified.
Chain 2 
Chain 2 Informational Message: The current Metropolis proposal is about to be rejected because of the following issue:
Chain 2 Exception: neg_binomial_2_lpmf: Location parameter is -nan, but must be positive finite! (in '/tmp/RtmptxEwX8/model-23bd164caef6f.stan', line 413, column 4 to column 51)
Chain 2 If this warning occurs sporadically, such as for highly constrained variable types like covariance matrices, then the sampler is fine,
Chain 2 but if this warning occurs often then your model may be either severely ill-conditioned or misspecified.
Chain 2 
Chain 1 Informational Message: The current Metropolis proposal is about to be rejected because of the following issue:
Chain 1 Exception: neg_binomial_2_lpmf: Location parameter is 0, but must be positive finite! (in '/tmp/RtmptxEwX8/model-23bd164caef6f.stan', line 413, column 4 to column 51)
Chain 1 If this warning occurs sporadically, such as for highly constrained variable types like covariance matrices, then the sampler is fine,
Chain 1 but if this warning occurs often then your model may be either severely ill-conditioned or misspecified.
Chain 1 
Chain 2 Informational Message: The current Metropolis proposal is about to be rejected because of the following issue:
Chain 2 Exception: neg_binomial_2_lpmf: Location parameter is 0, but must be positive finite! (in '/tmp/RtmptxEwX8/model-23bd164caef6f.stan', line 413, column 4 to column 51)
Chain 2 If this warning occurs sporadically, such as for highly constrained variable types like covariance matrices, then the sampler is fine,
Chain 2 but if this warning occurs often then your model may be either severely ill-conditioned or misspecified.
Chain 2 
Chain 1 Informational Message: The current Metropolis proposal is about to be rejected because of the following issue:
Chain 1 Exception: neg_binomial_2_lpmf: Location parameter is inf, but must be positive finite! (in '/tmp/RtmptxEwX8/model-23bd164caef6f.stan', line 413, column 4 to column 51)
Chain 1 If this warning occurs sporadically, such as for highly constrained variable types like covariance matrices, then the sampler is fine,
Chain 1 but if this warning occurs often then your model may be either severely ill-conditioned or misspecified.
Chain 1 
Chain 2 Informational Message: The current Metropolis proposal is about to be rejected because of the following issue:
Chain 2 Exception: neg_binomial_2_lpmf: Location parameter is 0, but must be positive finite! (in '/tmp/RtmptxEwX8/model-23bd164caef6f.stan', line 413, column 4 to column 51)
Chain 2 If this warning occurs sporadically, such as for highly constrained variable types like covariance matrices, then the sampler is fine,
Chain 2 but if this warning occurs often then your model may be either severely ill-conditioned or misspecified.
Chain 2 
Chain 2 Iteration:  100 / 2200 [  4%]  (Warmup) 
Chain Chain 1 Iteration:  100 / 2200 [  4%]  (WarChain 2 Iteration:  200 / 2200 [  9%]  (Warmup) 
Chain Chain 1 Iteration:  200 / 2200 [  9%]  (WarChain 2 Iteration:  300 / 2200 [ 13%]  (Warmup) 
Chain Chain 1 Iteration:  300 / 2200 [ 13%]  (WarChain 2 Iteration:  400 / 2200 [ 18%]  (Warmup) 
Chain Chain 1 Iteration:  400 / 2200 [ 18%]  (WarChain 2 Iteration:  500 / 2200 [ 22%]  (Warmup) 
Chain Chain 1 Iteration:  500 / 2200 [ 22%]  (WarChain Chain 2 Iteration:  600 / 2200 [ 27%]  (WarChain Chain 1 Iteration:  600 / 2200 [ 27%]  (WarChain Chain 2 Iteration:  700 / 2200 [ 31%]  (Warmup) 
Chain 2 Iteration:  701 / 2200 [ 31%]  (Sampling) 
Chain 1 Iteration:  700 / 2200 [ 31%]  (Warmup) 
Chain 1 Iteration:  701 / 2200 [ 31%]  (SamplChain Chain 2 Iteration:  800 / 2200 [ 36%]  (Sampling) 
Chain 1 Iteration:  800 / 2200 [ 36%]  (SamplChain Chain 2 Iteration:  900 / 2200 [ 40%]  (Sampling) 
Chain 1 Iteration:  900 / 2200 [ 40%]  (SamplChain Chain 2 Iteration: 1000 / 2200 [ 45%]  (Sampling) 
Chain 1 Iteration: 1000 / 2200 [ 45%]  (SamplChain Chain 2 Iteration: 1100 / 2200 [ 50%]  (Sampling) 
Chain 1 Iteration: 1100 / 2200 [ 50%]  (SamplChain Chain 2 Iteration: 1200 / 2200 [ 54%]  (Sampling) 
Chain 1 Iteration: 1200 / 2200 [ 54%]  (SamplChain Chain 2 Iteration: 1300 / 2200 [ 59%]  (SamplChain Chain 1 Iteration: 1300 / 2200 [ 59%]  (SamplChain Chain 2 Iteration: 1400 / 2200 [ 63%]  (SamplChain Chain 1 Iteration: 1400 / 2200 [ 63%]  (SamplChain Chain 2 Iteration: 1500 / 2200 [ 68%]  (SamplChain Chain 1 Iteration: 1500 / 2200 [ 68%]  (SamplChain Chain 2 Iteration: 1600 / 2200 [ 72%]  (SamplChain Chain 1 Iteration: 1600 / 2200 [ 72%]  (SamplChain Chain 2 Iteration: 1700 / 2200 [ 77%]  (SamplChain Chain 1 Iteration: 1700 / 2200 [ 77%]  (SamplChain 2 Iteration: 1800 / 2200 [ 81%]  (Sampling) 
Chain Chain 1 Iteration: 1800 / 2200 [ 81%]  (SamplChain 2 Iteration: 1900 / 2200 [ 86%]  (Sampling) 
Chain Chain 1 Iteration: 1900 / 2200 [ 86%]  (SamplChain 2 Iteration: 2000 / 2200 [ 90%]  (Sampling) 
Chain 1 Iteration: 2000 / 2200 [ 90%]  (Sampling) 
Chain 2 Iteration: 2100 / 2200 [ 95%]  (Sampling) 
Chain 1 Iteration: 2100 / 2200 [ 95%]  (Sampling) 
Chain 2 Iteration: 2200 / 2200 [100%]  (Sampling) 
Chain 2 finished in 355895.0 seconds.
Chain 1 Iteration: 2200 / 2200 [100%]  (Sampling) 
Chain 1 finished in 357346.0 seconds.
Warning: 1 chain(s) finished unexpectedly!
The remaining chains had a mean execution time of 357348.2 seconds.
Warning: The returned fit object will only read in results of successful chains. Please use read_cmdstan_csv() to read the results of the failed chains separately.Use the $output(chain_id) method for more output of the failed chains.
Warning: 4 of 3000 (0.0%) transitions ended with a divergence.
See https://mc-stan.org/misc/warnings for details.

Warning: 2996 of 3000 (100.0%) transitions hit the maximum treedepth limit of 10.
See https://mc-stan.org/misc/warnings for details.

[1] "Saving fit object..."
[1] "Calculating summary..."
[1] "Calculating samples..."
[1] "Calculating metadata..."
[1] "Summary of Hyperpriors (mu_*, sigma_*):"
# A tibble: 107 × 10
    variable      mean   median      sd     mad       q5      q95  rhat ess_bulk
    <chr>        <dbl>    <dbl>   <dbl>   <dbl>    <dbl>    <dbl> <dbl>    <dbl>
  1 mu_beta_…  1.14     1.13e+0 0.930   0.894   -3.87e-1  2.71     1.00   2525. 
  2 mu_beta_… -0.00585 -6.58e-3 0.0164  0.0152  -3.01e-2  0.0217   1.00    985. 
  3 mu_beta_…  0.0102   1.18e-2 0.0560  0.0543  -8.51e-2  0.0988   1.00    480. 
  4 mu_beta_…  0.232    2.33e-1 0.0919  0.0889   8.02e-2  0.380    1.00    422. 
  5 mu_beta_…  0.0731   7.09e-2 0.496   0.349   -7.33e-1  0.867    1.00   1281. 
  6 mu_beta_… -0.218   -2.20e-1 0.0799  0.0783  -3.44e-1 -0.0839   1.00   1404. 
  7 mu_beta_… -0.0459  -4.61e-2 0.0698  0.0658  -1.60e-1  0.0684   1.00   1815. 
  8 mu_beta_…  0.0599   6.09e-2 0.369   0.288   -5.49e-1  0.667    1.00   1235. 
  9 mu_beta_… -0.0285  -2.52e-2 0.368   0.284   -6.43e-1  0.575    1.00   1241. 
 10 mu_beta_… -0.0549  -5.21e-2 0.368   0.291   -6.64e-1  0.553    1.00   1234. 
 11 mu_beta_…  0.0634   5.57e-2 0.387   0.283   -5.88e-1  0.687    1.00   2223. 
 12 mu_beta_…  0.0288   2.49e-2 0.388   0.283   -6.02e-1  0.650    1.00   2268. 
 13 mu_beta_… -0.0495  -5.83e-2 0.385   0.283   -6.76e-1  0.566    1.00   2250. 
 14 mu_beta_…  0.142    1.18e-1 0.301   0.269   -3.16e-1  0.662    1.00   1392. 
 15 mu_beta_…  0.0465   3.02e-2 0.304   0.273   -4.16e-1  0.561    1.00   1386. 
 16 mu_beta_…  0.0157   3.53e-3 0.286   0.252   -4.26e-1  0.527    1.00   1395. 
 17 mu_beta_… -0.0374  -3.29e-2 0.110   0.100   -2.29e-1  0.133    1.00    750. 
 18 mu_beta_…  0.0128   5.43e-3 0.428   0.379   -6.66e-1  0.719    1.00   1367. 
 19 mu_beta_…  0.0644   4.79e-2 0.437   0.366   -6.41e-1  0.802    1.00   1743. 
 20 mu_beta_…  0.202    1.84e-1 0.296   0.270   -2.48e-1  0.703    1.00   1256. 
 21 mu_beta_… -0.326   -3.30e-1 0.531   0.414   -1.16e+0  0.514    1.00   1634. 
 22 mu_beta_… -0.861   -9.08e-1 0.790   0.797   -2.13e+0  0.412    1.00   1425. 
 23 mu_beta_… -1.09    -1.08e+0 0.740   0.661   -2.33e+0  0.0777   1.00   1415. 
 24 mu_beta_… -1.43    -1.35e+0 1.22    1.26    -3.51e+0  0.316    1.00   1152. 
 25 mu_beta_… -1.30    -1.24e+0 1.11    1.12    -3.19e+0  0.324    1.00    928. 
 26 mu_beta_… -0.819   -8.06e-1 0.613   0.616   -1.87e+0  0.146    1.00    633. 
 27 mu_beta_… -0.666   -6.66e-1 0.334   0.326   -1.22e+0 -0.128    1.00    673. 
 28 mu_beta_… -0.441   -4.31e-1 0.307   0.306   -9.62e-1  0.0256   1.00    861. 
 29 mu_beta_… -0.215   -1.96e-1 0.315   0.295   -7.56e-1  0.287    1.00    969. 
 30 mu_beta_…  0.0765   8.32e-2 0.368   0.346   -5.53e-1  0.652    1.00   1139. 
 31 mu_beta_… -0.0168  -1.67e-2 0.0221  0.0217  -5.34e-2  0.0191   1.00   1603. 
 32 mu_beta_…  0.0384   3.82e-2 0.0148  0.0146   1.42e-2  0.0631   1.00   1896. 
 33 mu_beta_…  0.102    1.02e-1 0.0169  0.0175   7.58e-2  0.130    1.00   1700. 
 34 mu_beta_…  0.118    1.18e-1 0.0158  0.0157   9.29e-2  0.145    1.00   1534. 
 35 mu_beta_…  0.167    1.66e-1 0.0176  0.0174   1.39e-1  0.196    1.00   1359. 
 36 mu_beta_…  0.0586   5.21e-2 0.494   0.347   -7.38e-1  0.878    1.00   1316. 
 37 mu_beta_… -0.00178 -7.95e-3 0.494   0.348   -7.98e-1  0.813    1.00   1314. 
 38 mu_beta_… -0.121   -1.22e-1 0.0634  0.0615  -2.22e-1 -0.0130   1.00    515. 
 39 mu_beta_…  0.00834  8.25e-3 0.0121  0.0119  -1.14e-2  0.0279   1.00   4988. 
 40 mu_beta_… -0.00462 -4.60e-3 0.00475 0.00479 -1.22e-2  0.00337  1.00   5452. 
 41 mu_gamma… -0.0140   5.72e-3 0.595   0.604   -9.78e-1  0.943    1.00   1134. 
 42 mu_gamma… -0.00372  3.95e-4 1.01    0.998   -1.70e+0  1.66     1.00   4847. 
 43 mu_alpha…  0.615    6.13e-1 0.0759  0.0719   4.90e-1  0.737    1.00    729. 
 44 mu_alpha…  0.452    4.52e-1 0.0582  0.0563   3.55e-1  0.544    1.00    856. 
 45 mu_alpha…  0.257    2.57e-1 0.0180  0.0178   2.28e-1  0.286    1.00   1173. 
 46 mu_alpha…  0.223    2.23e-1 0.0172  0.0171   1.95e-1  0.252    1.00    811. 
 47 mu_alpha…  0.200    2.00e-1 0.0167  0.0168   1.73e-1  0.228    1.00   1102. 
 48 mu_alpha…  0.162    1.62e-1 0.0165  0.0165   1.35e-1  0.189    1.00   1078. 
 49 mu_alpha…  0.178    1.78e-1 0.0169  0.0168   1.50e-1  0.206    1.00   1015. 
 50 mu_alpha…  0.131    1.31e-1 0.0166  0.0171   1.04e-1  0.158    1.00   4343. 
 51 mu_alpha…  0.142    1.42e-1 0.0173  0.0169   1.14e-1  0.170    1.00   5089. 
 52 mu_alpha…  0.0736   7.37e-2 0.0170  0.0170   4.66e-2  0.102    1.00   4014. 
 53 mu_alpha…  0.0885   8.85e-2 0.0166  0.0161   6.23e-2  0.115    1.00   3748. 
 54 mu_alpha…  0.0141   1.44e-2 0.0165  0.0166  -1.29e-2  0.0406   1.00   3413. 
 55 mu_delta… -0.229   -2.37e-1 0.164   0.159   -4.81e-1  0.0678   1.02    117. 
 56 mu_delta…  0.379    3.79e-1 0.101   0.0978   2.18e-1  0.543    1.00    580. 
 57 mu_delta… -0.354   -3.54e-1 0.0181  0.0179  -3.84e-1 -0.325    1.00    853. 
 58 mu_delta… -0.260   -2.60e-1 0.0188  0.0191  -2.91e-1 -0.229    1.00    506. 
 59 mu_delta… -0.276   -2.76e-1 0.0177  0.0177  -3.06e-1 -0.247    1.00    734. 
 60 mu_delta… -0.185   -1.85e-1 0.0208  0.0208  -2.19e-1 -0.151    1.00    727. 
 61 mu_delta… -0.282   -2.81e-1 0.0180  0.0178  -3.11e-1 -0.252    1.00    768. 
 62 mu_delta…  0.0846   8.50e-2 0.0338  0.0335   2.84e-2  0.141    1.00   1600. 
 63 mu_delta…  0.0147   1.49e-2 0.0309  0.0304  -3.57e-2  0.0646   1.00   1230. 
 64 mu_delta…  0.0978   9.73e-2 0.0338  0.0339   4.12e-2  0.155    1.00   2137. 
 65 mu_delta…  0.0464   4.67e-2 0.0308  0.0309  -3.12e-3  0.0980   1.00   1094. 
 66 mu_delta…  0.126    1.27e-1 0.0288  0.0295   7.90e-2  0.174    1.00    631. 
 67 mu_phi_l…  0.537    5.31e-1 0.272   0.263    8.43e-2  0.993    1.01    387. 
 68 sigma_be…  0.975    1.00e+0 0.404   0.345    1.78e-1  1.59     1.01    311. 
 69 sigma_be…  0.0459   4.19e-2 0.0233  0.0209   1.55e-2  0.0896   1.01    148. 
 70 sigma_be…  0.226    2.19e-1 0.0479  0.0434   1.63e-1  0.310    1.00   1168. 
 71 sigma_be…  0.370    3.62e-1 0.0707  0.0684   2.71e-1  0.503    1.00    943. 
 72 sigma_be…  0.237    2.28e-1 0.0603  0.0538   1.53e-1  0.347    1.00   1016. 
 73 sigma_be…  0.248    2.38e-1 0.0769  0.0729   1.38e-1  0.386    1.00   1058. 
 74 sigma_be…  0.196    1.88e-1 0.0826  0.0755   7.60e-2  0.348    1.00    603. 
 75 sigma_be…  0.0711   6.01e-2 0.0530  0.0508   6.58e-3  0.172    1.00   1313. 
 76 sigma_be…  0.176    1.61e-1 0.107   0.102    2.97e-2  0.373    1.00    541. 
 77 sigma_be…  0.0703   5.97e-2 0.0532  0.0493   6.17e-3  0.173    1.00   1237. 
 78 sigma_be…  0.200    1.94e-1 0.0873  0.0795   6.71e-2  0.351    1.00    848. 
 79 sigma_be…  0.0560   4.49e-2 0.0470  0.0410   3.81e-3  0.146    1.00   1328. 
 80 sigma_be…  0.0535   4.22e-2 0.0469  0.0394   3.30e-3  0.141    1.00   1192. 
 81 sigma_be…  0.392    3.70e-1 0.144   0.125    2.08e-1  0.652    1.00    796. 
 82 sigma_be…  0.468    4.59e-1 0.168   0.150    2.10e-1  0.759    1.01    281. 
 83 sigma_be…  0.117    9.77e-2 0.0936  0.0833   9.88e-3  0.286    1.03    246. 
 84 sigma_be…  0.295    2.81e-1 0.149   0.139    6.99e-2  0.560    1.01    271. 
 85 sigma_be…  0.311    2.98e-1 0.106   0.0999   1.58e-1  0.508    1.00    859. 
 86 sigma_be…  0.222    2.15e-1 0.0849  0.0771   9.68e-2  0.372    1.00    796. 
 87 sigma_be…  0.310    2.97e-1 0.0948  0.0862   1.81e-1  0.479    1.00    361. 
 88 sigma_be…  0.810    6.64e-1 0.575   0.421    2.05e-1  1.89     1.00   1354. 
 89 sigma_be…  1.29     1.11e+0 0.725   0.582    4.78e-1  2.68     1.00   2042. 
 90 sigma_be…  1.45     1.28e+0 0.801   0.656    4.94e-1  2.96     1.00   1047. 
 91 sigma_be…  3.30     3.06e+0 1.24    1.10     1.69e+0  5.56     1.00   1432. 
 92 sigma_be…  3.16     2.99e+0 1.07    0.979    1.73e+0  5.18     1.00   1573. 
 93 sigma_be…  2.07     2.00e+0 0.544   0.509    1.33e+0  3.10     1.00   1120. 
 94 sigma_be…  0.635    6.08e-1 0.197   0.172    3.70e-1  0.982    1.00    603. 
 95 sigma_be…  0.480    4.48e-1 0.260   0.264    1.25e-1  0.949    1.02     62.1
 96 sigma_be…  0.183    1.46e-1 0.154   0.128    1.21e-2  0.486    1.00    281. 
 97 sigma_be…  0.402    3.74e-1 0.156   0.122    2.10e-1  0.702    1.00    557. 
 98 sigma_be…  0.0119   1.09e-2 0.00817 0.00899  9.02e-4  0.0261   1.00    366. 
 99 sigma_ga…  2.58     2.54e+0 0.435   0.417    1.91e+0  3.36     1.00   1297. 
100 sigma_ga…  0.789    6.68e-1 0.602   0.594    5.82e-2  1.97     1.00   2625. 
101 sigma_al…  0.282    2.70e-1 0.0700  0.0630   1.88e-1  0.412    1.00   1147. 
102 sigma_al…  0.214    2.06e-1 0.0528  0.0481   1.42e-1  0.310    1.00   1424. 
103 sigma_de…  0.557    5.34e-1 0.156   0.145    3.47e-1  0.844    1.02     75.6
104 sigma_de…  0.382    3.73e-1 0.0766  0.0695   2.82e-1  0.525    1.00    971. 
105 sigma_ph…  1.18     1.15e+0 0.224   0.206    8.72e-1  1.59     1.00    864. 
106 sigma_ga…  0.793    6.98e-1 0.587   0.599    6.12e-2  1.91     1.00   2335. 
107 sigma_ga…  0.803    7.04e-1 0.575   0.579    6.69e-2  1.83     1.00   2349. 
# ℹ 1 more variable: ess_tail <dbl>
[1] "Calculating lambda_mean..."
[1] "Calculating lambda_test_mean..."
[1] "Calculating y_rep_mean..."
[1] "Calculating y_test_rep_mean..."
[1] "Generating plots..."
 [1] "exposure_1SQPTEGYPH0GA_1" "exposure_2HRX9P6HKXA8V_1"
 [3] "exposure_78AY09MVJVTYE_1" "exposure_9XKJD8DQTH559_1"
 [5] "exposure_C0BE4NDSW26QN_1" "exposure_CB2KHY1C2G9PT_1"
 [7] "exposure_ED5J990H5VAZT_1" "exposure_EMBVNVD207CC6_1"
 [9] "exposure_JHDN7CF1C03X5_1" "exposure_L69HYJ4Y3TR91_1"
[11] "exposure_LBZEEFSBJNB3Z_1" "exposure_LFZFT3VASXPED_1"
[13] "exposure_LQ5EH4BKGV61T_1" "exposure_S8MT0YGD2KTN9_1"
[15] "exposure_SAFK7ND1HR6XS_1" "exposure_V3Q26BHF3SE2H_1"
[17] "exposure_W8T41JZK0ZMEP_1"
[1] 17
Adding missing grouping variables: `location_id_num`
[1] "Skipping daily plot for 2HRX9P6HKXA8V due to missing daily data."
[1] "Skipping daily plot for JHDN7CF1C03X5 due to missing daily data."
[1] "Skipping daily plot for L69HYJ4Y3TR91 due to missing daily data."
[1] "Skipping daily plot for ED5J990H5VAZT due to missing daily data."
[1] "Skipping daily plot for W8T41JZK0ZMEP due to missing daily data."
[1] "Skipping daily plot for EMBVNVD207CC6 due to missing daily data."
[1] "Skipping daily plot for C0BE4NDSW26QN due to missing daily data."
[1] "Skipping daily plot for V3Q26BHF3SE2H due to missing daily data."
[1] "Skipping daily plot for LBZEEFSBJNB3Z due to missing daily data."
[1] "Skipping daily plot for SAFK7ND1HR6XS due to missing daily data."
[1] "Skipping daily plot for CB2KHY1C2G9PT due to missing daily data."
[1] "Skipping daily plot for S8MT0YGD2KTN9 due to missing daily data."
[1] "Skipping daily plot for LFZFT3VASXPED due to missing daily data."
[1] "Skipping daily plot for 1SQPTEGYPH0GA due to missing daily data."
[1] "Skipping daily plot for 9XKJD8DQTH559 due to missing daily data."
[1] "Skipping daily plot for LQ5EH4BKGV61T due to missing daily data."
[1] "Skipping daily plot for 78AY09MVJVTYE due to missing daily data."
[1] "Skipping MLflow logging as existing fit file was loaded."
[1] "Done."
           used  (Mb) gc trigger    (Mb)   max used    (Mb)
Ncells  5234129 279.6    8801215   470.1    8801215   470.1
Vcells 15310547 116.9 1682211844 12834.3 2102764805 16042.9
Warning messages:
1: Dropping 'draws_df' class as required metadata was removed. 
2: Dropping 'draws_df' class as required metadata was removed. 
3: Dropping 'draws_df' class as required metadata was removed. 
4: Dropping 'draws_df' class as required metadata was removed. 
