- The project is out-of-sync -- use `renv::status()` for details.
── Attaching core tidyverse packages ──────────────────────── tidyverse 2.0.0 ──
✔ dplyr     1.1.4     ✔ readr     2.1.5
✔ forcats   1.0.0     ✔ stringr   1.5.1
✔ ggplot2   3.5.1     ✔ tibble    3.2.1
✔ lubridate 1.9.4     ✔ tidyr     1.3.1
✔ purrr     1.0.4     
[conflicted] Will prefer dplyr::select over any other package.
[conflicted] Will prefer dplyr::filter over any other package.
[conflicted] Will prefer lubridate::year over any other package.
[conflicted] Will prefer lubridate::month over any other package.
[conflicted] Will prefer purrr::map over any other package.
[conflicted] Will prefer stats::sd over any other package.
[conflicted] Will prefer base::match over any other package.
This is cmdstanr version 0.9.0
- CmdStanR documentation and vignettes: mc-stan.org/cmdstanr
- CmdStan path: /home/nuttidalab/.cmdstan/cmdstan-2.36.0
- CmdStan version: 2.36.0

A newer version of CmdStan is available. See ?install_cmdstan() to install it.
To disable this check set option or environment variable cmdstanr_no_ver_check=TRUE.
This is posterior version 1.6.0
Registered S3 method overwritten by 'tsibble':
  method               from 
  as_tibble.grouped_df dplyr
── Attaching packages ──────────────────────────────────────────── fpp3 1.0.1 ──
✔ tsibble     1.1.6     ✔ feasts      0.4.1
✔ tsibbledata 0.4.1     ✔ fable       0.4.1
Loading required package: R.oo
Loading required package: R.methodsS3
R.methodsS3 v1.8.2 (2022-06-13 22:00:14 UTC) successfully loaded. See ?R.methodsS3 for help.
R.oo v1.27.0 (2024-11-01 18:00:02 UTC) successfully loaded. See ?R.oo for help.

Attaching package: ‘R.oo’

The following object is masked from ‘package:R.methodsS3’:

    throw

The following object is masked from ‘package:shiny’:

    printStackTrace

The following object is masked from ‘package:renv’:

    load

The following objects are masked from ‘package:methods’:

    getClasses, getMethods

The following objects are masked from ‘package:base’:

    attach, detach, load, save

R.utils v2.13.0 (2025-02-24 21:20:02 UTC) successfully loaded. See ?R.utils for help.
Registered S3 method overwritten by 'quantmod':
  method            from
  as.zoo.data.frame zoo 
Registered S3 methods overwritten by 'bayesforecast':
  method      from    
  autoplot.ts forecast
  forecast.ts forecast
  fortify.ts  forecast
  print.garch tseries 
[1] "# of rows: 34628"
[1] "# of rows: 28082"
[1] "Found 18 exposure columns in the data: exposure_1SQPTEGYPH0GA_1, exposure_2HRX9P6HKXA8V_1, exposure_78AY09MVJVTYE_1, exposure_9XKJD8DQTH559_1, exposure_C0BE4NDSW26QN_1, exposure_CB2KHY1C2G9PT_1, exposure_ED5J990H5VAZT_1, exposure_EMBVNVD207CC6_1, exposure_JHDN7CF1C03X5_1, exposure_L69HYJ4Y3TR91_1, exposure_LBZEEFSBJNB3Z_1, exposure_LFZFT3VASXPED_1, exposure_LQ5EH4BKGV61T_1, exposure_S8MT0YGD2KTN9_1, exposure_SAFK7ND1HR6XS_1, exposure_SRQS8F7JWA9MZ_1, exposure_V3Q26BHF3SE2H_1, exposure_W8T41JZK0ZMEP_1"
Numeric columns considered for scaling:
vegan_window_sum_item_quantity,
vegetarian_window_sum_item_quantity,
meat_window_sum_item_quantity,
vegan_window_avg_item_price,
vegetarian_window_avg_item_price,
meat_window_avg_item_price,
breakfast_p_window_avg_item_price,
textured_p_window_avg_item_price,
untextured_p_window_avg_item_price,
chicken_p_window_avg_item_price,
dairy_p_window_avg_item_price,
egg_p_window_avg_item_price,
breakfast_window_avg_item_price,
textured_window_avg_item_price,
untextured_window_avg_item_price,
breakfast_t2_window_avg_item_price,
textured_t2_window_avg_item_price,
untextured_t2_window_avg_item_price,
chicken_t2_window_avg_item_price,
dairy_t2_window_avg_item_price,
day_of_month,
Value,
vegan_price_real,
vegetarian_price_real,
meat_price_real,
breakfast_p_price_real,
textured_p_price_real,
untextured_p_price_real,
chicken_p_price_real,
dairy_p_price_real,
egg_p_price_real,
breakfast_price_real,
textured_price_real,
untextured_price_real,
breakfast_t2_price_real,
textured_t2_price_real,
untextured_t2_price_real,
chicken_t2_price_real,
dairy_t2_price_real,
inflation,
temp,
precip[1] "Successfully created `expo_to_rest` mapping."
[1] "Successfully created `expo_to_param` mapping."
Identified 18 exposure columns in the design matrix: 
exposure_1SQPTEGYPH0GA_1, 
exposure_2HRX9P6HKXA8V_1, 
exposure_78AY09MVJVTYE_1, 
exposure_9XKJD8DQTH559_1, 
exposure_C0BE4NDSW26QN_1, 
exposure_CB2KHY1C2G9PT_1, 
exposure_ED5J990H5VAZT_1, 
exposure_EMBVNVD207CC6_1, 
exposure_JHDN7CF1C03X5_1, 
exposure_L69HYJ4Y3TR91_1, 
exposure_LBZEEFSBJNB3Z_1, 
exposure_LFZFT3VASXPED_1, 
exposure_LQ5EH4BKGV61T_1, 
exposure_S8MT0YGD2KTN9_1, 
exposure_SAFK7ND1HR6XS_1, 
exposure_SRQS8F7JWA9MZ_1, 
exposure_V3Q26BHF3SE2H_1, 
exposure_W8T41JZK0ZMEP_1
Identified 30 random beta columns: 
vegan_price_real, 
vegetarian_price_real, 
meat_price_real, 
weekend, 
holiday_window, 
month_cat2, 
month_cat3, 
month_cat4, 
month_cat5, 
month_cat6, 
month_cat7, 
month_cat8, 
month_cat9, 
month_cat10, 
month_cat11, 
month_cat12, 
seasonspring, 
seasonsummer, 
seasonwinter, 
year_cat2014, 
year_cat2015, 
year_cat2016, 
year_cat2017, 
year_cat2018, 
year_cat2019, 
year_cat2020, 
year_cat2021, 
year_cat2022, 
year_cat2023, 
date_num
Identified 9 fixed beta columns: 
day_of_week_cat1, 
day_of_week_cat2, 
day_of_week_cat3, 
day_of_week_cat4, 
day_of_week_cat5, 
day_of_week_cat6, 
inflation, 
temp, 
precip
Identified 2 random alpha indices (positions): 
1, 7
Identified 2 random delta indices (positions): 
1, 7
$R
[1] 18

$J
[1] 58

$p_effective
[1] 12

$q_effective
[1] 12

$M
[1] 2

$idx_intercept
[1] 1

$K_beta_random
[1] 30

$idx_beta_random
[1] 2 3 4 5 6 7

$K_beta_fixed
[1] 9

$idx_beta_fixed
[1] 32 33 34 35 36 37

$K_exposure
[1] 18

$idx_exposure
[1] 41 42 43 44 45 46

$expo_to_rest
[1] 15  2 18 16  8 12

$expo_to_param
[1] 1 1 1 1 1 1

$effective_lags_alpha
[1] 1 2 3 4 5 6

$K_alpha_random
[1] 2

$idx_alpha_random
[1] 1 7

$K_alpha_fixed
[1] 10

$idx_alpha_fixed
[1] 2 3 4 5 6 8

$effective_lags_delta
[1] 1 2 3 4 5 6

$K_delta_random
[1] 2

$idx_delta_random
[1] 1 7

$K_delta_fixed
[1] 10

$idx_delta_fixed
[1] 2 3 4 5 6 8

$N_train
[1] 26667

$X_train
  (Intercept) vegan_price_real vegetarian_price_real meat_price_real weekend
1           1        -3.998442             -5.643433       -5.746021       0
2           1        -3.998442             -5.643433       -5.746021       0
3           1        -3.998442             -5.643433       -5.746021       0
4           1        -3.998442             -5.643433       -5.746021       1
5           1        -3.998442             -5.643433       -5.746021       1
6           1        -3.998442             -5.643433       -5.746021       0
  holiday_window month_cat2 month_cat3 month_cat4 month_cat5 month_cat6
1              0          0          1          0          0          0
2              0          0          1          0          0          0
3              0          0          1          0          0          0
4              0          0          1          0          0          0
5              0          0          1          0          0          0
6              0          0          0          1          0          0
  month_cat7 month_cat8 month_cat9 month_cat10 month_cat11 month_cat12
1          0          0          0           0           0           0
2          0          0          0           0           0           0
3          0          0          0           0           0           0
4          0          0          0           0           0           0
5          0          0          0           0           0           0
6          0          0          0           0           0           0
  seasonspring seasonsummer seasonwinter year_cat2014 year_cat2015 year_cat2016
1            1            0            0            0            0            0
2            1            0            0            0            0            0
3            1            0            0            0            0            0
4            1            0            0            0            0            0
5            1            0            0            0            0            0
6            1            0            0            0            0            0
  year_cat2017 year_cat2018 year_cat2019 year_cat2020 year_cat2021 year_cat2022
1            0            0            1            0            0            0
2            0            0            1            0            0            0
3            0            0            1            0            0            0
4            0            0            1            0            0            0
5            0            0            1            0            0            0
6            0            0            1            0            0            0
  year_cat2023 date_num day_of_week_cat1 day_of_week_cat2 day_of_week_cat3
1            0 49.23203                0                1                0
2            0 49.23477                0                0                1
3            0 49.23751                0                0                0
4            0 49.24025                0                0                0
5            0 49.24298                0                0                0
6            0 49.24572                0                0                0
  day_of_week_cat4 day_of_week_cat5 day_of_week_cat6 inflation       temp
1                0                0                0 -1.303773 -0.6379573
2                0                0                0 -1.303773 -0.3820039
3                1                0                0 -1.303773 -0.2079557
4                0                1                0 -1.303773 -0.6993861
5                0                0                1 -1.303773 -1.0986732
6                0                0                0 -1.260512 -1.0884351
      precip exposure_1SQPTEGYPH0GA_1 exposure_2HRX9P6HKXA8V_1
1 -0.4143682                        0                        0
2 -0.3782466                        0                        0
3 -0.4143682                        0                        0
4  5.2928512                        0                        0
5  0.9401934                        0                        0
6 -0.3601857                        0                        0
  exposure_78AY09MVJVTYE_1 exposure_9XKJD8DQTH559_1 exposure_C0BE4NDSW26QN_1
1                        0                        0                        0
2                        0                        0                        0
3                        0                        0                        0
4                        0                        0                        0
5                        0                        0                        0
6                        0                        0                        0
  exposure_CB2KHY1C2G9PT_1 exposure_ED5J990H5VAZT_1 exposure_EMBVNVD207CC6_1
1                        0                        0                        0
2                        0                        0                        0
3                        0                        0                        0
4                        0                        0                        0
5                        0                        0                        0
6                        0                        0                        0
  exposure_JHDN7CF1C03X5_1 exposure_L69HYJ4Y3TR91_1 exposure_LBZEEFSBJNB3Z_1
1                        0                        0                        0
2                        0                        0                        0
3                        0                        0                        0
4                        0                        0                        0
5                        0                        0                        0
6                        0                        0                        0
  exposure_LFZFT3VASXPED_1 exposure_LQ5EH4BKGV61T_1 exposure_S8MT0YGD2KTN9_1
1                        0                        0                        0
2                        0                        0                        0
3                        0                        0                        0
4                        0                        0                        0
5                        0                        0                        0
6                        0                        0                        0
  exposure_SAFK7ND1HR6XS_1 exposure_SRQS8F7JWA9MZ_1 exposure_V3Q26BHF3SE2H_1
1                        0                        0                        0
2                        0                        0                        0
3                        0                        0                        0
4                        0                        0                        0
5                        0                        0                        0
6                        0                        0                        0
  exposure_W8T41JZK0ZMEP_1
1                        0
2                        0
3                        0
4                        0
5                        0
6                        0

$y_train
[1] 1 0 0 0 0 0

$idx_to_rest_train
[1] 1 1 1 1 1 1

$train_start_idx
[1]    1 1508 2315 3842 4160 6778

$train_end_idx
[1] 1507 2314 3841 4159 6777 7978

$N_test
[1] 1415

$X_test
  (Intercept) vegan_price_real vegetarian_price_real meat_price_real weekend
1           1        0.4245134             0.6681675        1.064788       0
2           1        0.3753694             1.1096485        1.349447       1
3           1        1.0142408             1.3813657        1.033742       1
4           1       -0.2635019             1.0769320        1.502165       0
5           1        2.1936956             1.3194194        1.092904       0
6           1        1.0142408             0.9810029        1.292952       0
  holiday_window month_cat2 month_cat3 month_cat4 month_cat5 month_cat6
1              0          0          0          0          1          0
2              0          0          0          0          1          0
3              0          0          0          0          1          0
4              0          0          0          0          1          0
5              0          0          0          0          1          0
6              0          0          0          0          1          0
  month_cat7 month_cat8 month_cat9 month_cat10 month_cat11 month_cat12
1          0          0          0           0           0           0
2          0          0          0           0           0           0
3          0          0          0           0           0           0
4          0          0          0           0           0           0
5          0          0          0           0           0           0
6          0          0          0           0           0           0
  seasonspring seasonsummer seasonwinter year_cat2014 year_cat2015 year_cat2016
1            1            0            0            0            0            0
2            1            0            0            0            0            0
3            1            0            0            0            0            0
4            1            0            0            0            0            0
5            1            0            0            0            0            0
6            1            0            0            0            0            0
  year_cat2017 year_cat2018 year_cat2019 year_cat2020 year_cat2021 year_cat2022
1            0            0            0            0            0            0
2            0            0            0            0            0            0
3            0            0            0            0            0            0
4            0            0            0            0            0            0
5            0            0            0            0            0            0
6            0            0            0            0            0            0
  year_cat2023 date_num day_of_week_cat1 day_of_week_cat2 day_of_week_cat3
1            1 53.35797                0                0                0
2            1 53.36071                0                0                0
3            1 53.36345                0                0                0
4            1 53.36619                0                0                0
5            1 53.36893                1                0                0
6            1 53.37166                0                1                0
  day_of_week_cat4 day_of_week_cat5 day_of_week_cat6 inflation       temp
1                1                0                0  2.068125  1.1230015
2                0                1                0  2.068125  0.8363338
3                0                0                1  2.068125  0.3039509
4                0                0                0  2.068125  0.6418093
5                0                0                0  2.068125  0.5701424
6                0                0                0  2.068125 -0.3820039
      precip exposure_1SQPTEGYPH0GA_1 exposure_2HRX9P6HKXA8V_1
1 -0.4143682                        0                        0
2 -0.4143682                        0                        0
3 -0.4143682                        0                        0
4 -0.4143682                        0                        0
5 -0.4143682                        0                        0
6 -0.4143682                        0                        0
  exposure_78AY09MVJVTYE_1 exposure_9XKJD8DQTH559_1 exposure_C0BE4NDSW26QN_1
1                        0                        0                        0
2                        0                        0                        0
3                        0                        0                        0
4                        0                        0                        0
5                        0                        0                        0
6                        0                        0                        0
  exposure_CB2KHY1C2G9PT_1 exposure_ED5J990H5VAZT_1 exposure_EMBVNVD207CC6_1
1                        0                        0                        0
2                        0                        0                        0
3                        0                        0                        0
4                        0                        0                        0
5                        0                        0                        0
6                        0                        0                        0
  exposure_JHDN7CF1C03X5_1 exposure_L69HYJ4Y3TR91_1 exposure_LBZEEFSBJNB3Z_1
1                        0                        0                        0
2                        0                        0                        0
3                        0                        0                        0
4                        0                        0                        0
5                        0                        0                        0
6                        0                        0                        0
  exposure_LFZFT3VASXPED_1 exposure_LQ5EH4BKGV61T_1 exposure_S8MT0YGD2KTN9_1
1                        0                        0                        0
2                        0                        0                        0
3                        0                        0                        0
4                        0                        0                        0
5                        0                        0                        0
6                        0                        0                        0
  exposure_SAFK7ND1HR6XS_1 exposure_SRQS8F7JWA9MZ_1 exposure_V3Q26BHF3SE2H_1
1                        0                        2                        0
2                        0                        2                        0
3                        0                        2                        0
4                        0                        2                        0
5                        0                        2                        0
6                        0                        2                        0
  exposure_W8T41JZK0ZMEP_1
1                        0
2                        0
3                        0
4                        0
5                        0
6                        0

$y_test
[1] 141 192 201  72  49  60

$idx_to_rest_test
[1] 1 1 1 1 1 1

$test_start_idx
[1]   1  81 124 205 222 360

$test_end_idx
[1]  80 123 204 221 359 423

$mu_gamma_scale
[1] 1

$sigma_gamma_between_scale
[1] 1

$sigma_gamma_within_scale
[1] 1

$mu_beta_scale
[1] 1

$sigma_beta_scale
[1] 1

$mu_alpha_scale
[1] 1

$sigma_alpha_scale
[1] 1

$mu_delta_scale
[1] 1

$sigma_delta_scale
[1] 1

$mu_phi_log_scale
[1] 1

$sigma_phi_log_scale
[1] 1

[1] "Fitting the multilevel model..."
Running MCMC with 3 parallel chains...

Chain 2 Rejecting initial value:
Chain 2   Error evaluating the log probability at the initial value.
Chain 2 Exception: neg_binomial_2_lpmf: Location parameter is inf, but must be positive finite! (in '/tmp/RtmptxEwX8/model-23bd164caef6f.stan', line 413, column 4 to column 51)
Chain 2 Exception: neg_binomial_2_lpmf: Location parameter is inf, but must be positive finite! (in '/tmp/RtmptxEwX8/model-23bd164caef6f.stan', line 413, column 4 to column 51)
Chain 2 User-specified initialization failed.
Chain 2  Try specifying new initial values, using partially specialized initialization, reducing the range of constrained values, or reparameterizing the model.
Chain 2 Initialization failed.
Warning: Chain 2 finished unexpectedly!

Chain 1 Informational Message: The current Metropolis proposal is about to be rejected because of the following issue:
Chain 1 Exception: neg_binomial_2_lpmf: Location parameter is -nan, but must be positive finite! (in '/tmp/RtmptxEwX8/model-23bd164caef6f.stan', line 413, column 4 to column 51)
Chain 1 If this warning occurs sporadically, such as for highly constrained variable types like covariance matrices, then the sampler is fine,
Chain 1 but if this warning occurs often then your model may be either severely ill-conditioned or misspecified.
Chain 1 
Chain 1 Informational Message: The current Metropolis proposal is about to be rejected because of the following issue:
Chain 1 Exception: neg_binomial_2_lpmf: Location parameter is -nan, but must be positive finite! (in '/tmp/RtmptxEwX8/model-23bd164caef6f.stan', line 413, column 4 to column 51)
Chain 1 If this warning occurs sporadically, such as for highly constrained variable types like covariance matrices, then the sampler is fine,
Chain 1 but if this warning occurs often then your model may be either severely ill-conditioned or misspecified.
Chain 1 
Chain 3 Informational Message: The current Metropolis proposal is about to be rejected because of the following issue:
Chain 3 Exception: neg_binomial_2_lpmf: Location parameter is -nan, but must be positive finite! (in '/tmp/RtmptxEwX8/model-23bd164caef6f.stan', line 413, column 4 to column 51)
Chain 3 If this warning occurs sporadically, such as for highly constrained variable types like covariance matrices, then the sampler is fine,
Chain 3 but if this warning occurs often then your model may be either severely ill-conditioned or misspecified.
Chain 3 
Chain 1 Informational Message: The current Metropolis proposal is about to be rejected because of the following issue:
Chain 1 Exception: neg_binomial_2_lpmf: Location parameter is -nan, but must be positive finite! (in '/tmp/RtmptxEwX8/model-23bd164caef6f.stan', line 413, column 4 to column 51)
Chain 1 If this warning occurs sporadically, such as for highly constrained variable types like covariance matrices, then the sampler is fine,
Chain 1 but if this warning occurs often then your model may be either severely ill-conditioned or misspecified.
Chain 1 
Chain 3 Informational Message: The current Metropolis proposal is about to be rejected because of the following issue:
Chain 3 Exception: neg_binomial_2_lpmf: Location parameter is -nan, but must be positive finite! (in '/tmp/RtmptxEwX8/model-23bd164caef6f.stan', line 413, column 4 to column 51)
Chain 3 If this warning occurs sporadically, such as for highly constrained variable types like covariance matrices, then the sampler is fine,
Chain 3 but if this warning occurs often then your model may be either severely ill-conditioned or misspecified.
Chain 3 
Chain 1 Informational Message: The current Metropolis proposal is about to be rejected because of the following issue:
Chain 1 Exception: neg_binomial_2_lpmf: Location parameter is 0, but must be positive finite! (in '/tmp/RtmptxEwX8/model-23bd164caef6f.stan', line 413, column 4 to column 51)
Chain 1 If this warning occurs sporadically, such as for highly constrained variable types like covariance matrices, then the sampler is fine,
Chain 1 but if this warning occurs often then your model may be either severely ill-conditioned or misspecified.
Chain 1 
Chain 3 Informational Message: The current Metropolis proposal is about to be rejected because of the following issue:
Chain 3 Exception: neg_binomial_2_lpmf: Location parameter is -nan, but must be positive finite! (in '/tmp/RtmptxEwX8/model-23bd164caef6f.stan', line 413, column 4 to column 51)
Chain 3 If this warning occurs sporadically, such as for highly constrained variable types like covariance matrices, then the sampler is fine,
Chain 3 but if this warning occurs often then your model may be either severely ill-conditioned or misspecified.
Chain 3 
Chain 1 Informational Message: The current Metropolis proposal is about to be rejected because of the following issue:
Chain 1 Exception: neg_binomial_2_lpmf: Location parameter is 0, but must be positive finite! (in '/tmp/RtmptxEwX8/model-23bd164caef6f.stan', line 413, column 4 to column 51)
Chain 1 If this warning occurs sporadically, such as for highly constrained variable types like covariance matrices, then the sampler is fine,
Chain 1 but if this warning occurs often then your model may be either severely ill-conditioned or misspecified.
Chain 1 
Chain 3 Informational Message: The current Metropolis proposal is about to be rejected because of the following issue:
Chain 3 Exception: neg_binomial_2_lpmf: Location parameter is 0, but must be positive finite! (in '/tmp/RtmptxEwX8/model-23bd164caef6f.stan', line 413, column 4 to column 51)
Chain 3 If this warning occurs sporadically, such as for highly constrained variable types like covariance matrices, then the sampler is fine,
Chain 3 but if this warning occurs often then your model may be either severely ill-conditioned or misspecified.
Chain 3 
Chain 1 Informational Message: The current Metropolis proposal is about to be rejected because of the following issue:
Chain 1 Exception: neg_binomial_2_lpmf: Location parameter is 0, but must be positive finite! (in '/tmp/RtmptxEwX8/model-23bd164caef6f.stan', line 413, column 4 to column 51)
Chain 1 If this warning occurs sporadically, such as for highly constrained variable types like covariance matrices, then the sampler is fine,
Chain 1 but if this warning occurs often then your model may be either severely ill-conditioned or misspecified.
Chain 1 
Chain 3 Informational Message: The current Metropolis proposal is about to be rejected because of the following issue:
Chain 3 Exception: neg_binomial_2_lpmf: Location parameter is 0, but must be positive finite! (in '/tmp/RtmptxEwX8/model-23bd164caef6f.stan', line 413, column 4 to column 51)
Chain 3 If this warning occurs sporadically, such as for highly constrained variable types like covariance matrices, then the sampler is fine,
Chain 3 but if this warning occurs often then your model may be either severely ill-conditioned or misspecified.
Chain 3 
Chain 1 Informational Message: The current Metropolis proposal is about to be rejected because of the following issue:
Chain 1 Exception: neg_binomial_2_lpmf: Location parameter is inf, but must be positive finite! (in '/tmp/RtmptxEwX8/model-23bd164caef6f.stan', line 413, column 4 to column 51)
Chain 1 If this warning occurs sporadically, such as for highly constrained variable types like covariance matrices, then the sampler is fine,
Chain 1 but if this warning occurs often then your model may be either severely ill-conditioned or misspecified.
Chain 1 
Chain 3 Informational Message: The current Metropolis proposal is about to be rejected because of the following issue:
Chain 3 Exception: neg_binomial_2_lpmf: Location parameter is inf, but must be positive finite! (in '/tmp/RtmptxEwX8/model-23bd164caef6f.stan', line 413, column 4 to column 51)
Chain 3 If this warning occurs sporadically, such as for highly constrained variable types like covariance matrices, then the sampler is fine,
Chain 3 but if this warning occurs often then your model may be either severely ill-conditioned or misspecified.
Chain 3 
Chain 1 Informational Message: The current Metropolis proposal is about to be rejected because of the following issue:
Chain 1 Exception: neg_binomial_2_lpmf: Location parameter is inf, but must be positive finite! (in '/tmp/RtmptxEwX8/model-23bd164caef6f.stan', line 413, column 4 to column 51)
Chain 1 If this warning occurs sporadically, such as for highly constrained variable types like covariance matrices, then the sampler is fine,
Chain 1 but if this warning occurs often then your model may be either severely ill-conditioned or misspecified.
Chain 1 
Chain 3 Informational Message: The current Metropolis proposal is about to be rejected because of the following issue:
Chain 3 Exception: neg_binomial_2_lpmf: Location parameter is inf, but must be positive finite! (in '/tmp/RtmptxEwX8/model-23bd164caef6f.stan', line 413, column 4 to column 51)
Chain 3 If this warning occurs sporadically, such as for highly constrained variable types like covariance matrices, then the sampler is fine,
Chain 3 but if this warning occurs often then your model may be either severely ill-conditioned or misspecified.
Chain 3 
Chain 1 Informational Message: The current Metropolis proposal is about to be rejected because of the following issue:
Chain 1 Exception: neg_binomial_2_lpmf: Location parameter is inf, but must be positive finite! (in '/tmp/RtmptxEwX8/model-23bd164caef6f.stan', line 413, column 4 to column 51)
Chain 1 If this warning occurs sporadically, such as for highly constrained variable types like covariance matrices, then the sampler is fine,
Chain 1 but if this warning occurs often then your model may be either severely ill-conditioned or misspecified.
Chain 1 
Chain 3 Informational Message: The current Metropolis proposal is about to be rejected because of the following issue:
Chain 3 Exception: neg_binomial_2_lpmf: Location parameter is inf, but must be positive finite! (in '/tmp/RtmptxEwX8/model-23bd164caef6f.stan', line 413, column 4 to column 51)
Chain 3 If this warning occurs sporadically, such as for highly constrained variable types like covariance matrices, then the sampler is fine,
Chain 3 but if this warning occurs often then your model may be either severely ill-conditioned or misspecified.
Chain 3 
Chain 3 Informational Message: The current Metropolis proposal is about to be rejected because of the following issue:
Chain 3 Exception: neg_binomial_2_lpmf: Location parameter is inf, but must be positive finite! (in '/tmp/RtmptxEwX8/model-23bd164caef6f.stan', line 413, column 4 to column 51)
Chain 3 If this warning occurs sporadically, such as for highly constrained variable types like covariance matrices, then the sampler is fine,
Chain 3 but if this warning occurs often then your model may be either severely ill-conditioned or misspecified.
Chain 3 
Chain 1 Informational Message: The current Metropolis proposal is about to be rejected because of the following issue:
Chain 1 Exception: neg_binomial_2_lpmf: Location parameter is inf, but must be positive finite! (in '/tmp/RtmptxEwX8/model-23bd164caef6f.stan', line 413, column 4 to column 51)
Chain 1 If this warning occurs sporadically, such as for highly constrained variable types like covariance matrices, then the sampler is fine,
Chain 1 but if this warning occurs often then your model may be either severely ill-conditioned or misspecified.
Chain 1 
Chain 3 Informational Message: The current Metropolis proposal is about to be rejected because of the following issue:
Chain 3 Exception: neg_binomial_2_lpmf: Location parameter is inf, but must be positive finite! (in '/tmp/RtmptxEwX8/model-23bd164caef6f.stan', line 413, column 4 to column 51)
Chain 3 If this warning occurs sporadically, such as for highly constrained variable types like covariance matrices, then the sampler is fine,
Chain 3 but if this warning occurs often then your model may be either severely ill-conditioned or misspecified.
Chain 3 
Chain 3 Informational Message: The current Metropolis proposal is about to be rejected because of the following issue:
Chain 3 Exception: neg_binomial_2_lpmf: Location parameter is inf, but must be positive finite! (in '/tmp/RtmptxEwX8/model-23bd164caef6f.stan', line 413, column 4 to column 51)
Chain 3 If this warning occurs sporadically, such as for highly constrained variable types like covariance matrices, then the sampler is fine,
Chain 3 but if this warning occurs often then your model may be either severely ill-conditioned or misspecified.
Chain 3 
Chain 1 Informational Message: The current Metropolis proposal is about to be rejected because of the following issue:
Chain 1 Exception: neg_binomial_2_lpmf: Location parameter is inf, but must be positive finite! (in '/tmp/RtmptxEwX8/model-23bd164caef6f.stan', line 413, column 4 to column 51)
Chain 1 If this warning occurs sporadically, such as for highly constrained variable types like covariance matrices, then the sampler is fine,
Chain 1 but if this warning occurs often then your model may be either severely ill-conditioned or misspecified.
Chain 1 
Chain 3 Informational Message: The current Metropolis proposal is about to be rejected because of the following issue:
Chain 3 Exception: neg_binomial_2_lpmf: Location parameter is 0, but must be positive finite! (in '/tmp/RtmptxEwX8/model-23bd164caef6f.stan', line 413, column 4 to column 51)
Chain 3 If this warning occurs sporadically, such as for highly constrained variable types like covariance matrices, then the sampler is fine,
Chain 3 but if this warning occurs often then your model may be either severely ill-conditioned or misspecified.
Chain 3 
Chain 1 Informational Message: The current Metropolis proposal is about to be rejected because of the following issue:
Chain 1 Exception: neg_binomial_2_lpmf: Location parameter is inf, but must be positive finite! (in '/tmp/RtmptxEwX8/model-23bd164caef6f.stan', line 413, column 4 to column 51)
Chain 1 If this warning occurs sporadically, such as for highly constrained variable types like covariance matrices, then the sampler is fine,
Chain 1 but if this warning occurs often then your model may be either severely ill-conditioned or misspecified.
Chain 1 
Chain 3 Iteration:    1 / 2200 [  0%]  (Warmup) 
Chain 3 Informational Message: The current Metropolis proposal is about to be rejected because of the following issue:
Chain 3 Exception: neg_binomial_2_lpmf: Location parameter is -nan, but must be positive finite! (in '/tmp/RtmptxEwX8/model-23bd164caef6f.stan', line 413, column 4 to column 51)
Chain 3 If this warning occurs sporadically, such as for highly constrained variable types like covariance matrices, then the sampler is fine,
Chain 3 but if this warning occurs often then your model may be either severely ill-conditioned or misspecified.
Chain 3 
Chain 3 Informational Message: The current Metropolis proposal is about to be rejected because of the following issue:
Chain 3 Exception: neg_binomial_2_lpmf: Location parameter is -nan, but must be positive finite! (in '/tmp/RtmptxEwX8/model-23bd164caef6f.stan', line 413, column 4 to column 51)
Chain 3 If this warning occurs sporadically, such as for highly constrained variable types like covariance matrices, then the sampler is fine,
Chain 3 but if this warning occurs often then your model may be either severely ill-conditioned or misspecified.
Chain 3 
Chain 3 Informational Message: The current Metropolis proposal is about to be rejected because of the following issue:
Chain 3 Exception: neg_binomial_2_lpmf: Location parameter is -nan, but must be positive finite! (in '/tmp/RtmptxEwX8/model-23bd164caef6f.stan', line 413, column 4 to column 51)
Chain 3 If this warning occurs sporadically, such as for highly constrained variable types like covariance matrices, then the sampler is fine,
Chain 3 but if this warning occurs often then your model may be either severely ill-conditioned or misspecified.
Chain 3 
Chain 3 Informational Message: The current Metropolis proposal is about to be rejected because of the following issue:
Chain 3 Exception: neg_binomial_2_lpmf: Location parameter is inf, but must be positive finite! (in '/tmp/RtmptxEwX8/model-23bd164caef6f.stan', line 413, column 4 to column 51)
Chain 3 If this warning occurs sporadically, such as for highly constrained variable types like covariance matrices, then the sampler is fine,
Chain 3 but if this warning occurs often then your model may be either severely ill-conditioned or misspecified.
Chain 3 
Chain 1 Iteration:    1 / 2200 [  0%]  (Warmup) 
Chain 1 Informational Message: The current Metropolis proposal is about to be rejected because of the following issue:
Chain 1 Exception: neg_binomial_2_lpmf: Location parameter is -nan, but must be positive finite! (in '/tmp/RtmptxEwX8/model-23bd164caef6f.stan', line 413, column 4 to column 51)
Chain 1 If this warning occurs sporadically, such as for highly constrained variable types like covariance matrices, then the sampler is fine,
Chain 1 but if this warning occurs often then your model may be either severely ill-conditioned or misspecified.
Chain 1 
Chain 1 Informational Message: The current Metropolis proposal is about to be rejected because of the following issue:
Chain 1 Exception: neg_binomial_2_lpmf: Location parameter is -nan, but must be positive finite! (in '/tmp/RtmptxEwX8/model-23bd164caef6f.stan', line 413, column 4 to column 51)
Chain 1 If this warning occurs sporadically, such as for highly constrained variable types like covariance matrices, then the sampler is fine,
Chain 1 but if this warning occurs often then your model may be either severely ill-conditioned or misspecified.
Chain 1 
Chain 1 Informational Message: The current Metropolis proposal is about to be rejected because of the following issue:
Chain 1 Exception: neg_binomial_2_lpmf: Location parameter is 0, but must be positive finite! (in '/tmp/RtmptxEwX8/model-23bd164caef6f.stan', line 413, column 4 to column 51)
Chain 1 If this warning occurs sporadically, such as for highly constrained variable types like covariance matrices, then the sampler is fine,
Chain 1 but if this warning occurs often then your model may be either severely ill-conditioned or misspecified.
Chain 1 
Chain 1 Informational Message: The current Metropolis proposal is about to be rejected because of the following issue:
Chain 1 Exception: neg_binomial_2_lpmf: Location parameter is inf, but must be positive finite! (in '/tmp/RtmptxEwX8/model-23bd164caef6f.stan', line 413, column 4 to column 51)
Chain 1 If this warning occurs sporadically, such as for highly constrained variable types like covariance matrices, then the sampler is fine,
Chain 1 but if this warning occurs often then your model may be either severely ill-conditioned or misspecified.
Chain 1 
Chain 1 Iteration:  100 / 2200 [  4%]  (Warmup) 
Chain 3 Iteration:  100 / 2200 [  4%]  (Warmup) 
Chain 1 Iteration:  200 / 2200 [  9%]  (Warmup) 
Chain 3 Iteration:  200 / 2200 [  9%]  (Warmup) 
Chain 3 Iteration:  300 / 2200 [ 13%]  (Warmup) 
Chain 1 Iteration:  300 / 2200 [ 13%]  (Warmup) 
Chain 3 Iteration:  400 / 2200 [ 18%]  (Warmup) 
Chain 1 Iteration:  400 / 2200 [ 18%]  (Warmup) 
Chain 3 Iteration:  500 / 2200 [ 22%]  (Warmup) 
Chain 1 Iteration:  500 / 2200 [ 22%]  (Warmup) 
Chain 3 Iteration:  600 / 2200 [ 27%]  (Warmup) 
Chain 1 Iteration:  600 / 2200 [ 27%]  (Warmup) 
Chain 3 Iteration:  700 / 2200 [ 31%]  (Warmup) 
Chain 3 Iteration:  701 / 2200 [ 31%]  (Sampling) 
Chain 1 Iteration:  700 / 2200 [ 31%]  (Warmup) 
Chain 1 Iteration:  701 / 2200 [ 31%]  (Sampling) 
Chain 3 Iteration:  800 / 2200 [ 36%]  (Sampling) 
Chain 1 Iteration:  800 / 2200 [ 36%]  (Sampling) 
Chain 3 Iteration:  900 / 2200 [ 40%]  (Sampling) 
Chain 1 Iteration:  900 / 2200 [ 40%]  (Sampling) 
Chain 3 Iteration: 1000 / 2200 [ 45%]  (Sampling) 
Chain 1 Iteration: 1000 / 2200 [ 45%]  (Sampling) 
Chain 3 Iteration: 1100 / 2200 [ 50%]  (Sampling) 
Chain 1 Iteration: 1100 / 2200 [ 50%]  (Sampling) 
Chain 3 Iteration: 1200 / 2200 [ 54%]  (Sampling) 
Chain 1 Iteration: 1200 / 2200 [ 54%]  (Sampling) 
Chain 3 Iteration: 1300 / 2200 [ 59%]  (Sampling) 
Chain 1 Iteration: 1300 / 2200 [ 59%]  (Sampling) 
Chain 3 Iteration: 1400 / 2200 [ 63%]  (Sampling) 
Chain 1 Iteration: 1400 / 2200 [ 63%]  (Sampling) 
Chain 3 Iteration: 1500 / 2200 [ 68%]  (Sampling) 
Chain 1 Iteration: 1500 / 2200 [ 68%]  (Sampling) 
Chain 3 Iteration: 1600 / 2200 [ 72%]  (Sampling) 
Chain 3 Iteration: 1700 / 2200 [ 77%]  (Sampling) 
Chain 1 Iteration: 1600 / 2200 [ 72%]  (Sampling) 
Chain 3 Iteration: 1800 / 2200 [ 81%]  (Sampling) 
Chain 1 Iteration: 1700 / 2200 [ 77%]  (Sampling) 
Chain 3 Iteration: 1900 / 2200 [ 86%]  (Sampling) 
Chain 1 Iteration: 1800 / 2200 [ 81%]  (Sampling) 
Chain 3 Iteration: 2000 / 2200 [ 90%]  (Sampling) 
Chain 1 Iteration: 1900 / 2200 [ 86%]  (Sampling) 
Chain 3 Iteration: 2100 / 2200 [ 95%]  (Sampling) 
Chain 1 Iteration: 2000 / 2200 [ 90%]  (Sampling) 
Chain 3 Iteration: 2200 / 2200 [100%]  (Sampling) 
Chain 3 finished in 401954.0 seconds.
Chain 1 Iteration: 2100 / 2200 [ 95%]  (Sampling) 
Chain 1 Iteration: 2200 / 2200 [100%]  (Sampling) 
Chain 1 finished in 439753.0 seconds.
Warning: 1 chain(s) finished unexpectedly!
The remaining chains had a mean execution time of 439756.1 seconds.
Warning: The returned fit object will only read in results of successful chains. Please use read_cmdstan_csv() to read the results of the failed chains separately.Use the $output(chain_id) method for more output of the failed chains.
Warning: 236 of 3000 (8.0%) transitions ended with a divergence.
See https://mc-stan.org/misc/warnings for details.

Warning: 2764 of 3000 (92.0%) transitions hit the maximum treedepth limit of 10.
See https://mc-stan.org/misc/warnings for details.

[1] "Saving fit object..."
[1] "Calculating summary..."
[1] "Calculating samples..."
[1] "Calculating metadata..."
[1] "Summary of Hyperpriors (mu_*, sigma_*):"
# A tibble: 107 × 10
    variable      mean   median      sd     mad       q5      q95  rhat ess_bulk
    <chr>        <dbl>    <dbl>   <dbl>   <dbl>    <dbl>    <dbl> <dbl>    <dbl>
  1 mu_beta_…  1.51e+0  1.54e+0 1.01    0.993   -0.218    3.11     1.04    67.7 
  2 mu_beta_… -2.42e-3 -2.55e-3 0.0134  0.0126  -0.0236   0.0207   1.01   202.  
  3 mu_beta_…  4.02e-2  3.61e-2 0.0557  0.0505  -0.0431   0.144    1.11    15.2 
  4 mu_beta_…  1.32e-1  1.38e-1 0.0727  0.0743   0.00819  0.236    1.06    34.9 
  5 mu_beta_…  2.15e-1  2.25e-1 0.480   0.394   -0.623    1.03     1.02   140.  
  6 mu_beta_…  8.82e-3  6.02e-3 0.122   0.117   -0.191    0.207    1.01    62.1 
  7 mu_beta_… -1.01e-1 -1.02e-1 0.0628  0.0625  -0.203    0.00193  1.03   153.  
  8 mu_beta_…  7.03e-2  4.40e-2 0.401   0.303   -0.558    0.826    1.01    91.2 
  9 mu_beta_…  5.89e-2  3.83e-2 0.404   0.307   -0.578    0.817    1.01    84.8 
 10 mu_beta_…  1.57e-2 -1.53e-2 0.401   0.308   -0.641    0.759    1.01    88.3 
 11 mu_beta_…  1.26e-1  1.12e-1 0.393   0.322   -0.523    0.762    1.02    68.5 
 12 mu_beta_…  7.99e-2  6.31e-2 0.393   0.324   -0.583    0.716    1.03    67.1 
 13 mu_beta_… -2.38e-2 -3.84e-2 0.392   0.329   -0.681    0.614    1.02    67.0 
 14 mu_beta_…  1.41e-1  1.23e-1 0.293   0.249   -0.300    0.611    1.00   164.  
 15 mu_beta_…  8.00e-2  6.06e-2 0.295   0.265   -0.365    0.570    1.00   139.  
 16 mu_beta_… -3.36e-2 -5.25e-2 0.289   0.261   -0.464    0.446    1.00   153.  
 17 mu_beta_… -1.94e-1 -1.91e-1 0.132   0.124   -0.414    0.0176   1.03    83.9 
 18 mu_beta_…  6.34e-2  6.44e-2 0.466   0.395   -0.717    0.808    1.02    63.8 
 19 mu_beta_…  4.16e-2  3.62e-2 0.424   0.360   -0.646    0.763    1.04    67.8 
 20 mu_beta_…  2.78e-1  2.61e-1 0.294   0.258   -0.167    0.760    1.00   113.  
 21 mu_beta_… -2.25e-1 -2.29e-1 0.614   0.554   -1.18     0.730    1.02   143.  
 22 mu_beta_… -7.71e-1 -7.64e-1 0.807   0.849   -2.03     0.561    1.04    99.2 
 23 mu_beta_… -5.92e-1 -4.84e-1 0.439   0.374   -1.41    -0.0338   1.32     5.43
 24 mu_beta_… -3.45e-1 -2.33e-1 0.456   0.430   -1.19     0.249    1.40     4.36
 25 mu_beta_… -1.75e-1 -8.09e-2 0.510   0.557   -1.08     0.518    1.30     5.72
 26 mu_beta_… -4.41e-1 -3.48e-1 0.510   0.525   -1.36     0.266    1.35     4.97
 27 mu_beta_… -8.24e-1 -7.33e-1 0.567   0.606   -1.82     0.0124   1.39     4.69
 28 mu_beta_… -8.43e-1 -7.62e-1 0.575   0.582   -1.90    -0.00764  1.33     5.19
 29 mu_beta_… -8.88e-1 -8.41e-1 0.617   0.634   -2.00     0.0413   1.32     5.24
 30 mu_beta_… -8.81e-1 -8.68e-1 0.640   0.650   -1.98     0.120    1.27     6.15
 31 mu_beta_… -1.77e-2 -1.20e-2 0.0501  0.0440  -0.115    0.0544   1.11    16.5 
 32 mu_beta_…  3.61e-2  3.57e-2 0.0148  0.0146   0.0132   0.0612   1.02   126.  
 33 mu_beta_…  1.22e-1  1.21e-1 0.0173  0.0169   0.0953   0.153    1.03    85.5 
 34 mu_beta_…  1.60e-1  1.59e-1 0.0169  0.0162   0.134    0.191    1.03    77.6 
 35 mu_beta_…  2.24e-1  2.23e-1 0.0181  0.0167   0.196    0.257    1.03    71.9 
 36 mu_beta_…  1.36e-1  1.15e-1 0.477   0.393   -0.647    0.978    1.02   138.  
 37 mu_beta_…  2.77e-2  8.21e-3 0.477   0.390   -0.754    0.860    1.02   138.  
 38 mu_beta_…  6.92e-2  6.98e-2 0.0568  0.0553  -0.0241   0.163    1.02   136.  
 39 mu_beta_…  8.81e-3  8.97e-3 0.00898 0.00878 -0.00614  0.0235   1.00   638.  
 40 mu_beta_… -1.45e-2 -1.45e-2 0.00402 0.00407 -0.0213  -0.00791  1.01   620.  
 41 mu_gamma…  1.14e-1  1.12e-1 0.0891  0.0959  -0.0184   0.265    1.04    48.5 
 42 mu_gamma… -3.93e-2 -5.48e-2 0.972   0.969   -1.63     1.55     1.00   436.  
 43 mu_alpha…  5.30e-1  5.29e-1 0.0617  0.0599   0.430    0.633    1.03    55.6 
 44 mu_alpha…  4.29e-1  4.29e-1 0.0528  0.0519   0.343    0.515    1.01    89.0 
 45 mu_alpha…  2.21e-1  2.21e-1 0.0149  0.0154   0.197    0.246    1.03   122.  
 46 mu_alpha…  1.61e-1  1.62e-1 0.0139  0.0139   0.139    0.184    1.02   133.  
 47 mu_alpha…  1.84e-1  1.85e-1 0.0132  0.0133   0.163    0.206    1.02   161.  
 48 mu_alpha…  1.44e-1  1.43e-1 0.0136  0.0136   0.122    0.166    1.02   180.  
 49 mu_alpha…  1.05e-1  1.05e-1 0.0131  0.0130   0.0825   0.126    1.03   124.  
 50 mu_alpha…  1.05e-1  1.05e-1 0.0127  0.0124   0.0850   0.126    1.02   351.  
 51 mu_alpha…  1.26e-1  1.26e-1 0.0127  0.0127   0.105    0.146    1.00   399.  
 52 mu_alpha…  8.26e-2  8.26e-2 0.0124  0.0125   0.0619   0.102    1.01   421.  
 53 mu_alpha…  1.00e-1  1.00e-1 0.0122  0.0121   0.0811   0.121    1.01   294.  
 54 mu_alpha…  4.25e-2  4.24e-2 0.0122  0.0125   0.0225   0.0621   1.00   506.  
 55 mu_delta… -4.04e-1 -4.04e-1 0.113   0.115   -0.587   -0.225    1.07    60.2 
 56 mu_delta…  3.10e-1  3.13e-1 0.125   0.121    0.104    0.502    1.04    81.2 
 57 mu_delta… -3.50e-1 -3.50e-1 0.0162  0.0165  -0.376   -0.323    1.03   111.  
 58 mu_delta… -2.31e-1 -2.31e-1 0.0168  0.0156  -0.257   -0.202    1.03    81.4 
 59 mu_delta… -2.72e-1 -2.72e-1 0.0158  0.0158  -0.297   -0.246    1.02   111.  
 60 mu_delta… -1.74e-1 -1.74e-1 0.0181  0.0178  -0.204   -0.145    1.03   103.  
 61 mu_delta… -2.34e-1 -2.34e-1 0.0153  0.0147  -0.260   -0.207    1.02   135.  
 62 mu_delta…  8.33e-4  7.23e-4 0.0244  0.0247  -0.0390   0.0407   1.01   361.  
 63 mu_delta… -2.18e-2 -2.13e-2 0.0241  0.0237  -0.0614   0.0176   1.00   295.  
 64 mu_delta…  2.85e-2  2.78e-2 0.0234  0.0228  -0.00841  0.0679   1.00   450.  
 65 mu_delta… -6.36e-2 -6.46e-2 0.0237  0.0234  -0.102   -0.0225   1.02   320.  
 66 mu_delta…  1.15e-1  1.15e-1 0.0229  0.0230   0.0766   0.152    1.01   258.  
 67 mu_phi_l…  6.33e-1  6.40e-1 0.268   0.267    0.167    1.04     1.12    30.3 
 68 sigma_be…  3.98e+0  4.13e+0 2.56    2.57     0.212    8.34     1.61     3.40
 69 sigma_be…  4.24e-2  4.10e-2 0.0138  0.0131   0.0230   0.0654   1.01   185.  
 70 sigma_be…  2.08e-1  2.04e-1 0.0414  0.0382   0.151    0.284    1.01    98.1 
 71 sigma_be…  2.80e-1  2.70e-1 0.0592  0.0509   0.206    0.403    1.01   113.  
 72 sigma_be…  2.59e-1  2.52e-1 0.0514  0.0492   0.184    0.347    1.00   119.  
 73 sigma_be…  4.87e-1  4.73e-1 0.107   0.0973   0.339    0.678    1.01   138.  
 74 sigma_be…  2.04e-1  1.96e-1 0.0638  0.0616   0.114    0.319    1.02   126.  
 75 sigma_be…  1.07e-1  1.03e-1 0.0633  0.0644   0.0146   0.217    1.01   140.  
 76 sigma_be…  3.29e-1  3.21e-1 0.0810  0.0769   0.214    0.478    1.00   194.  
 77 sigma_be…  8.75e-2  8.03e-2 0.0601  0.0652   0.00817  0.198    1.01   116.  
 78 sigma_be…  8.60e-2  7.94e-2 0.0584  0.0590   0.00455  0.196    1.01   121.  
 79 sigma_be…  3.87e-2  3.27e-2 0.0310  0.0275   0.00289  0.0984   1.01   219.  
 80 sigma_be…  5.73e-2  4.96e-2 0.0443  0.0414   0.00283  0.141    1.01   147.  
 81 sigma_be…  2.32e-1  2.25e-1 0.0737  0.0711   0.127    0.368    1.02   118.  
 82 sigma_be…  2.36e-1  2.15e-1 0.121   0.112    0.0765   0.468    1.08    21.7 
 83 sigma_be…  5.19e-2  4.28e-2 0.0414  0.0380   0.00419  0.129    1.00   203.  
 84 sigma_be…  3.70e-1  3.55e-1 0.121   0.118    0.199    0.587    1.14    11.3 
 85 sigma_be…  2.33e-1  2.28e-1 0.0790  0.0766   0.111    0.369    1.01   124.  
 86 sigma_be…  1.52e-1  1.45e-1 0.0567  0.0518   0.0717   0.250    1.04   170.  
 87 sigma_be…  2.71e-1  2.59e-1 0.0777  0.0747   0.167    0.414    1.10    18.6 
 88 sigma_be…  1.04e+0  8.60e-1 0.687   0.465    0.316    2.32     1.02   130.  
 89 sigma_be…  1.40e+0  1.18e+0 0.815   0.616    0.510    2.97     1.02   263.  
 90 sigma_be…  2.94e-1  2.02e-1 0.320   0.212    0.0129   0.929    1.14    16.0 
 91 sigma_be…  2.32e-1  1.76e-1 0.219   0.163    0.0143   0.639    1.03   106.  
 92 sigma_be…  4.56e-1  4.04e-1 0.247   0.182    0.184    0.931    1.03    82.8 
 93 sigma_be…  2.31e-1  2.19e-1 0.114   0.0996   0.0655   0.430    1.04   115.  
 94 sigma_be…  4.36e-1  4.16e-1 0.134   0.127    0.258    0.680    1.15    11.3 
 95 sigma_be…  5.78e-1  5.57e-1 0.178   0.169    0.337    0.906    1.17     9.02
 96 sigma_be…  2.63e-1  2.24e-1 0.203   0.216    0.0189   0.657    1.36     4.83
 97 sigma_be…  2.63e-1  2.42e-1 0.144   0.136    0.0640   0.524    1.03   101.  
 98 sigma_be…  1.06e-1  1.02e-1 0.0578  0.0611   0.0322   0.217    1.54     3.67
 99 sigma_ga…  3.69e-1  3.57e-1 0.0826  0.0743   0.257    0.526    1.01   163.  
100 sigma_ga…  7.78e-1  6.57e-1 0.596   0.596    0.0691   1.90     1.00   273.  
101 sigma_al…  2.40e-1  2.34e-1 0.0447  0.0393   0.176    0.316    1.02   168.  
102 sigma_al…  2.12e-1  2.08e-1 0.0444  0.0416   0.148    0.293    1.03   118.  
103 sigma_de…  4.20e-1  4.09e-1 0.0918  0.0871   0.294    0.590    1.01    92.7 
104 sigma_de…  5.22e-1  5.11e-1 0.0984  0.0903   0.384    0.699    1.01   114.  
105 sigma_ph…  1.05e+0  1.02e+0 0.206   0.199    0.777    1.44     1.01    65.3 
106 sigma_ga…  7.92e-1  6.55e-1 0.614   0.565    0.0560   2.02     1.00   498.  
107 sigma_ga…  7.87e-1  6.42e-1 0.627   0.599    0.0440   2.03     1.00   183.  
# ℹ 1 more variable: ess_tail <dbl>
[1] "Calculating lambda_mean..."
[1] "Calculating lambda_test_mean..."
[1] "Calculating y_rep_mean..."
[1] "Calculating y_test_rep_mean..."
[1] "Generating plots..."
 [1] "exposure_1SQPTEGYPH0GA_1" "exposure_2HRX9P6HKXA8V_1"
 [3] "exposure_78AY09MVJVTYE_1" "exposure_9XKJD8DQTH559_1"
 [5] "exposure_C0BE4NDSW26QN_1" "exposure_CB2KHY1C2G9PT_1"
 [7] "exposure_ED5J990H5VAZT_1" "exposure_EMBVNVD207CC6_1"
 [9] "exposure_JHDN7CF1C03X5_1" "exposure_L69HYJ4Y3TR91_1"
[11] "exposure_LBZEEFSBJNB3Z_1" "exposure_LFZFT3VASXPED_1"
[13] "exposure_LQ5EH4BKGV61T_1" "exposure_S8MT0YGD2KTN9_1"
[15] "exposure_SAFK7ND1HR6XS_1" "exposure_SRQS8F7JWA9MZ_1"
[17] "exposure_V3Q26BHF3SE2H_1" "exposure_W8T41JZK0ZMEP_1"
[1] 18
Adding missing grouping variables: `location_id_num`
[1] "Skipping daily plot for SRQS8F7JWA9MZ due to missing daily data."
[1] "Skipping daily plot for 2HRX9P6HKXA8V due to missing daily data."
[1] "Skipping daily plot for JHDN7CF1C03X5 due to missing daily data."
[1] "Skipping daily plot for L69HYJ4Y3TR91 due to missing daily data."
[1] "Skipping daily plot for ED5J990H5VAZT due to missing daily data."
[1] "Skipping daily plot for W8T41JZK0ZMEP due to missing daily data."
[1] "Skipping daily plot for EMBVNVD207CC6 due to missing daily data."
[1] "Skipping daily plot for C0BE4NDSW26QN due to missing daily data."
[1] "Skipping daily plot for V3Q26BHF3SE2H due to missing daily data."
[1] "Skipping daily plot for LBZEEFSBJNB3Z due to missing daily data."
[1] "Skipping daily plot for SAFK7ND1HR6XS due to missing daily data."
[1] "Skipping daily plot for CB2KHY1C2G9PT due to missing daily data."
[1] "Skipping daily plot for S8MT0YGD2KTN9 due to missing daily data."
[1] "Skipping daily plot for LFZFT3VASXPED due to missing daily data."
[1] "Skipping daily plot for 1SQPTEGYPH0GA due to missing daily data."
[1] "Skipping daily plot for 9XKJD8DQTH559 due to missing daily data."
[1] "Skipping daily plot for LQ5EH4BKGV61T due to missing daily data."
[1] "Skipping daily plot for 78AY09MVJVTYE due to missing daily data."
[1] "Skipping MLflow logging as existing fit file was loaded."
[1] "Done."
           used  (Mb) gc trigger    (Mb)   max used    (Mb)
Ncells  5243653 280.1    8309113   443.8    8309113   443.8
Vcells 15716276 120.0 1782523204 13599.6 2228154005 16999.5
Warning messages:
1: Dropping 'draws_df' class as required metadata was removed. 
2: Dropping 'draws_df' class as required metadata was removed. 
3: Dropping 'draws_df' class as required metadata was removed. 
4: Dropping 'draws_df' class as required metadata was removed. 
