- The project is out-of-sync -- use `renv::status()` for details.
── Attaching core tidyverse packages ──────────────────────── tidyverse 2.0.0 ──
✔ dplyr     1.1.4     ✔ readr     2.1.5
✔ forcats   1.0.0     ✔ stringr   1.5.1
✔ ggplot2   3.5.1     ✔ tibble    3.2.1
✔ lubridate 1.9.4     ✔ tidyr     1.3.1
✔ purrr     1.0.4     
[conflicted] Will prefer dplyr::select over any other package.
[conflicted] Will prefer dplyr::filter over any other package.
[conflicted] Will prefer lubridate::year over any other package.
[conflicted] Will prefer lubridate::month over any other package.
[conflicted] Will prefer purrr::map over any other package.
[conflicted] Will prefer stats::sd over any other package.
[conflicted] Will prefer base::match over any other package.
This is cmdstanr version 0.9.0
- CmdStanR documentation and vignettes: mc-stan.org/cmdstanr
- CmdStan path: /home/nuttidalab/.cmdstan/cmdstan-2.36.0
- CmdStan version: 2.36.0

A newer version of CmdStan is available. See ?install_cmdstan() to install it.
To disable this check set option or environment variable cmdstanr_no_ver_check=TRUE.
This is posterior version 1.6.0
Registered S3 method overwritten by 'tsibble':
  method               from 
  as_tibble.grouped_df dplyr
── Attaching packages ──────────────────────────────────────────── fpp3 1.0.1 ──
✔ tsibble     1.1.6     ✔ feasts      0.4.1
✔ tsibbledata 0.4.1     ✔ fable       0.4.1
Loading required package: R.oo
Loading required package: R.methodsS3
R.methodsS3 v1.8.2 (2022-06-13 22:00:14 UTC) successfully loaded. See ?R.methodsS3 for help.
R.oo v1.27.0 (2024-11-01 18:00:02 UTC) successfully loaded. See ?R.oo for help.

Attaching package: ‘R.oo’

The following object is masked from ‘package:R.methodsS3’:

    throw

The following object is masked from ‘package:shiny’:

    printStackTrace

The following object is masked from ‘package:renv’:

    load

The following objects are masked from ‘package:methods’:

    getClasses, getMethods

The following objects are masked from ‘package:base’:

    attach, detach, load, save

R.utils v2.13.0 (2025-02-24 21:20:02 UTC) successfully loaded. See ?R.utils for help.
Registered S3 method overwritten by 'quantmod':
  method            from
  as.zoo.data.frame zoo 
Registered S3 methods overwritten by 'bayesforecast':
  method      from    
  autoplot.ts forecast
  forecast.ts forecast
  fortify.ts  forecast
  print.garch tseries 
[1] "# of rows: 34628"
[1] "# of rows: 28082"
[1] "Found 18 exposure columns in the data: exposure_1SQPTEGYPH0GA_1, exposure_2HRX9P6HKXA8V_1, exposure_78AY09MVJVTYE_1, exposure_9XKJD8DQTH559_1, exposure_C0BE4NDSW26QN_1, exposure_CB2KHY1C2G9PT_1, exposure_ED5J990H5VAZT_1, exposure_EMBVNVD207CC6_1, exposure_JHDN7CF1C03X5_1, exposure_L69HYJ4Y3TR91_1, exposure_LBZEEFSBJNB3Z_1, exposure_LFZFT3VASXPED_1, exposure_LQ5EH4BKGV61T_1, exposure_S8MT0YGD2KTN9_1, exposure_SAFK7ND1HR6XS_1, exposure_SRQS8F7JWA9MZ_1, exposure_V3Q26BHF3SE2H_1, exposure_W8T41JZK0ZMEP_1"
Numeric columns considered for scaling:
vegan_window_sum_item_quantity,
vegetarian_window_sum_item_quantity,
meat_window_sum_item_quantity,
vegan_window_avg_item_price,
vegetarian_window_avg_item_price,
meat_window_avg_item_price,
breakfast_p_window_avg_item_price,
textured_p_window_avg_item_price,
untextured_p_window_avg_item_price,
chicken_p_window_avg_item_price,
dairy_p_window_avg_item_price,
egg_p_window_avg_item_price,
breakfast_window_avg_item_price,
textured_window_avg_item_price,
untextured_window_avg_item_price,
breakfast_t2_window_avg_item_price,
textured_t2_window_avg_item_price,
untextured_t2_window_avg_item_price,
chicken_t2_window_avg_item_price,
dairy_t2_window_avg_item_price,
day_of_month,
exposure_1SQPTEGYPH0GA_1,
exposure_78AY09MVJVTYE_1,
exposure_9XKJD8DQTH559_1,
exposure_C0BE4NDSW26QN_1,
exposure_CB2KHY1C2G9PT_1,
exposure_ED5J990H5VAZT_1,
exposure_JHDN7CF1C03X5_1,
exposure_L69HYJ4Y3TR91_1,
exposure_LBZEEFSBJNB3Z_1,
exposure_W8T41JZK0ZMEP_1,
Value,
vegan_price_real,
vegetarian_price_real,
meat_price_real,
breakfast_p_price_real,
textured_p_price_real,
untextured_p_price_real,
chicken_p_price_real,
dairy_p_price_real,
egg_p_price_real,
breakfast_price_real,
textured_price_real,
untextured_price_real,
breakfast_t2_price_real,
textured_t2_price_real,
untextured_t2_price_real,
chicken_t2_price_real,
dairy_t2_price_real,
inflation,
temp,
precip[1] "Successfully created `expo_to_rest` mapping."
[1] "Successfully created `expo_to_param` mapping."
Identified 18 exposure columns in the design matrix: 
exposure_1SQPTEGYPH0GA_1, 
exposure_2HRX9P6HKXA8V_1, 
exposure_78AY09MVJVTYE_1, 
exposure_9XKJD8DQTH559_1, 
exposure_C0BE4NDSW26QN_1, 
exposure_CB2KHY1C2G9PT_1, 
exposure_ED5J990H5VAZT_1, 
exposure_EMBVNVD207CC6_1, 
exposure_JHDN7CF1C03X5_1, 
exposure_L69HYJ4Y3TR91_1, 
exposure_LBZEEFSBJNB3Z_1, 
exposure_LFZFT3VASXPED_1, 
exposure_LQ5EH4BKGV61T_1, 
exposure_S8MT0YGD2KTN9_1, 
exposure_SAFK7ND1HR6XS_1, 
exposure_SRQS8F7JWA9MZ_1, 
exposure_V3Q26BHF3SE2H_1, 
exposure_W8T41JZK0ZMEP_1
Identified 30 random beta columns: 
vegan_price_real, 
vegetarian_price_real, 
meat_price_real, 
weekend, 
holiday_window, 
month_cat2, 
month_cat3, 
month_cat4, 
month_cat5, 
month_cat6, 
month_cat7, 
month_cat8, 
month_cat9, 
month_cat10, 
month_cat11, 
month_cat12, 
seasonspring, 
seasonsummer, 
seasonwinter, 
year_cat2014, 
year_cat2015, 
year_cat2016, 
year_cat2017, 
year_cat2018, 
year_cat2019, 
year_cat2020, 
year_cat2021, 
year_cat2022, 
year_cat2023, 
date_num
Identified 9 fixed beta columns: 
day_of_week_cat1, 
day_of_week_cat2, 
day_of_week_cat3, 
day_of_week_cat4, 
day_of_week_cat5, 
day_of_week_cat6, 
inflation, 
temp, 
precip
Identified 2 random alpha indices (positions): 
1, 7
Identified 2 random delta indices (positions): 
1, 7
$R
[1] 18

$J
[1] 58

$p_effective
[1] 12

$q_effective
[1] 12

$M
[1] 2

$idx_intercept
[1] 1

$K_beta_random
[1] 30

$idx_beta_random
[1] 2 3 4 5 6 7

$K_beta_fixed
[1] 9

$idx_beta_fixed
[1] 32 33 34 35 36 37

$K_exposure
[1] 18

$idx_exposure
[1] 41 42 43 44 45 46

$expo_to_rest
[1] 15  2 18 16  8 12

$expo_to_param
[1] 1 1 1 1 1 1

$effective_lags_alpha
[1] 1 2 3 4 5 6

$K_alpha_random
[1] 2

$idx_alpha_random
[1] 1 7

$K_alpha_fixed
[1] 10

$idx_alpha_fixed
[1] 2 3 4 5 6 8

$effective_lags_delta
[1] 1 2 3 4 5 6

$K_delta_random
[1] 2

$idx_delta_random
[1] 1 7

$K_delta_fixed
[1] 10

$idx_delta_fixed
[1] 2 3 4 5 6 8

$N_train
[1] 26667

$X_train
  (Intercept) vegan_price_real vegetarian_price_real meat_price_real weekend
1           1        -3.998442             -5.643433       -5.746021       0
2           1        -3.998442             -5.643433       -5.746021       0
3           1        -3.998442             -5.643433       -5.746021       0
4           1        -3.998442             -5.643433       -5.746021       1
5           1        -3.998442             -5.643433       -5.746021       1
6           1        -3.998442             -5.643433       -5.746021       0
  holiday_window month_cat2 month_cat3 month_cat4 month_cat5 month_cat6
1              0          0          1          0          0          0
2              0          0          1          0          0          0
3              0          0          1          0          0          0
4              0          0          1          0          0          0
5              0          0          1          0          0          0
6              0          0          0          1          0          0
  month_cat7 month_cat8 month_cat9 month_cat10 month_cat11 month_cat12
1          0          0          0           0           0           0
2          0          0          0           0           0           0
3          0          0          0           0           0           0
4          0          0          0           0           0           0
5          0          0          0           0           0           0
6          0          0          0           0           0           0
  seasonspring seasonsummer seasonwinter year_cat2014 year_cat2015 year_cat2016
1            1            0            0            0            0            0
2            1            0            0            0            0            0
3            1            0            0            0            0            0
4            1            0            0            0            0            0
5            1            0            0            0            0            0
6            1            0            0            0            0            0
  year_cat2017 year_cat2018 year_cat2019 year_cat2020 year_cat2021 year_cat2022
1            0            0            1            0            0            0
2            0            0            1            0            0            0
3            0            0            1            0            0            0
4            0            0            1            0            0            0
5            0            0            1            0            0            0
6            0            0            1            0            0            0
  year_cat2023 date_num day_of_week_cat1 day_of_week_cat2 day_of_week_cat3
1            0 49.23203                0                1                0
2            0 49.23477                0                0                1
3            0 49.23751                0                0                0
4            0 49.24025                0                0                0
5            0 49.24298                0                0                0
6            0 49.24572                0                0                0
  day_of_week_cat4 day_of_week_cat5 day_of_week_cat6 inflation       temp
1                0                0                0 -1.303773 -0.6379573
2                0                0                0 -1.303773 -0.3820039
3                1                0                0 -1.303773 -0.2079557
4                0                1                0 -1.303773 -0.6993861
5                0                0                1 -1.303773 -1.0986732
6                0                0                0 -1.260512 -1.0884351
      precip exposure_1SQPTEGYPH0GA_1 exposure_2HRX9P6HKXA8V_1
1 -0.4143682                        0                        0
2 -0.3782466                        0                        0
3 -0.4143682                        0                        0
4  5.2928512                        0                        0
5  0.9401934                        0                        0
6 -0.3601857                        0                        0
  exposure_78AY09MVJVTYE_1 exposure_9XKJD8DQTH559_1 exposure_C0BE4NDSW26QN_1
1                        0                        0                        0
2                        0                        0                        0
3                        0                        0                        0
4                        0                        0                        0
5                        0                        0                        0
6                        0                        0                        0
  exposure_CB2KHY1C2G9PT_1 exposure_ED5J990H5VAZT_1 exposure_EMBVNVD207CC6_1
1                        0                        0                        0
2                        0                        0                        0
3                        0                        0                        0
4                        0                        0                        0
5                        0                        0                        0
6                        0                        0                        0
  exposure_JHDN7CF1C03X5_1 exposure_L69HYJ4Y3TR91_1 exposure_LBZEEFSBJNB3Z_1
1                        0                        0                        0
2                        0                        0                        0
3                        0                        0                        0
4                        0                        0                        0
5                        0                        0                        0
6                        0                        0                        0
  exposure_LFZFT3VASXPED_1 exposure_LQ5EH4BKGV61T_1 exposure_S8MT0YGD2KTN9_1
1                        0                        0                        0
2                        0                        0                        0
3                        0                        0                        0
4                        0                        0                        0
5                        0                        0                        0
6                        0                        0                        0
  exposure_SAFK7ND1HR6XS_1 exposure_SRQS8F7JWA9MZ_1 exposure_V3Q26BHF3SE2H_1
1                        0                        0                        0
2                        0                        0                        0
3                        0                        0                        0
4                        0                        0                        0
5                        0                        0                        0
6                        0                        0                        0
  exposure_W8T41JZK0ZMEP_1
1                        0
2                        0
3                        0
4                        0
5                        0
6                        0

$y_train
[1] 1 0 0 0 0 0

$idx_to_rest_train
[1] 1 1 1 1 1 1

$train_start_idx
[1]    1 1508 2315 3842 4160 6778

$train_end_idx
[1] 1507 2314 3841 4159 6777 7978

$N_test
[1] 1415

$X_test
  (Intercept) vegan_price_real vegetarian_price_real meat_price_real weekend
1           1        0.4245134             0.6681675        1.064788       0
2           1        0.3753694             1.1096485        1.349447       1
3           1        1.0142408             1.3813657        1.033742       1
4           1       -0.2635019             1.0769320        1.502165       0
5           1        2.1936956             1.3194194        1.092904       0
6           1        1.0142408             0.9810029        1.292952       0
  holiday_window month_cat2 month_cat3 month_cat4 month_cat5 month_cat6
1              0          0          0          0          1          0
2              0          0          0          0          1          0
3              0          0          0          0          1          0
4              0          0          0          0          1          0
5              0          0          0          0          1          0
6              0          0          0          0          1          0
  month_cat7 month_cat8 month_cat9 month_cat10 month_cat11 month_cat12
1          0          0          0           0           0           0
2          0          0          0           0           0           0
3          0          0          0           0           0           0
4          0          0          0           0           0           0
5          0          0          0           0           0           0
6          0          0          0           0           0           0
  seasonspring seasonsummer seasonwinter year_cat2014 year_cat2015 year_cat2016
1            1            0            0            0            0            0
2            1            0            0            0            0            0
3            1            0            0            0            0            0
4            1            0            0            0            0            0
5            1            0            0            0            0            0
6            1            0            0            0            0            0
  year_cat2017 year_cat2018 year_cat2019 year_cat2020 year_cat2021 year_cat2022
1            0            0            0            0            0            0
2            0            0            0            0            0            0
3            0            0            0            0            0            0
4            0            0            0            0            0            0
5            0            0            0            0            0            0
6            0            0            0            0            0            0
  year_cat2023 date_num day_of_week_cat1 day_of_week_cat2 day_of_week_cat3
1            1 53.35797                0                0                0
2            1 53.36071                0                0                0
3            1 53.36345                0                0                0
4            1 53.36619                0                0                0
5            1 53.36893                1                0                0
6            1 53.37166                0                1                0
  day_of_week_cat4 day_of_week_cat5 day_of_week_cat6 inflation       temp
1                1                0                0  2.068125  1.1230015
2                0                1                0  2.068125  0.8363338
3                0                0                1  2.068125  0.3039509
4                0                0                0  2.068125  0.6418093
5                0                0                0  2.068125  0.5701424
6                0                0                0  2.068125 -0.3820039
      precip exposure_1SQPTEGYPH0GA_1 exposure_2HRX9P6HKXA8V_1
1 -0.4143682                        0                        0
2 -0.4143682                        0                        0
3 -0.4143682                        0                        0
4 -0.4143682                        0                        0
5 -0.4143682                        0                        0
6 -0.4143682                        0                        0
  exposure_78AY09MVJVTYE_1 exposure_9XKJD8DQTH559_1 exposure_C0BE4NDSW26QN_1
1                        0                        0                        0
2                        0                        0                        0
3                        0                        0                        0
4                        0                        0                        0
5                        0                        0                        0
6                        0                        0                        0
  exposure_CB2KHY1C2G9PT_1 exposure_ED5J990H5VAZT_1 exposure_EMBVNVD207CC6_1
1                        0                        0                        0
2                        0                        0                        0
3                        0                        0                        0
4                        0                        0                        0
5                        0                        0                        0
6                        0                        0                        0
  exposure_JHDN7CF1C03X5_1 exposure_L69HYJ4Y3TR91_1 exposure_LBZEEFSBJNB3Z_1
1                        0                        0                        0
2                        0                        0                        0
3                        0                        0                        0
4                        0                        0                        0
5                        0                        0                        0
6                        0                        0                        0
  exposure_LFZFT3VASXPED_1 exposure_LQ5EH4BKGV61T_1 exposure_S8MT0YGD2KTN9_1
1                        0                        0                        0
2                        0                        0                        0
3                        0                        0                        0
4                        0                        0                        0
5                        0                        0                        0
6                        0                        0                        0
  exposure_SAFK7ND1HR6XS_1 exposure_SRQS8F7JWA9MZ_1 exposure_V3Q26BHF3SE2H_1
1                        0                        7                        0
2                        0                        7                        0
3                        0                        7                        0
4                        0                        7                        0
5                        0                        7                        0
6                        0                        7                        0
  exposure_W8T41JZK0ZMEP_1
1                        0
2                        0
3                        0
4                        0
5                        0
6                        0

$y_test
[1] 183 275 277  79  59  69

$idx_to_rest_test
[1] 1 1 1 1 1 1

$test_start_idx
[1]   1  81 124 205 222 360

$test_end_idx
[1]  80 123 204 221 359 423

$mu_gamma_scale
[1] 1

$sigma_gamma_between_scale
[1] 1

$sigma_gamma_within_scale
[1] 1

$mu_beta_scale
[1] 1

$sigma_beta_scale
[1] 1

$mu_alpha_scale
[1] 1

$sigma_alpha_scale
[1] 1

$mu_delta_scale
[1] 1

$sigma_delta_scale
[1] 1

$mu_phi_log_scale
[1] 1

$sigma_phi_log_scale
[1] 1

[1] "Fitting the multilevel model..."
Running MCMC with 3 parallel chains...

Chain 2 User-specified initialization failed.
Chain 2  Try specifying new initial values, using partially specialized initialization, reducing the range of constrained values, or reparameterizing the model.
Chain 2 Initialization failed.
Chain 2 Rejecting initial value:
Chain 2   Error evaluating the log probability at the initial value.
Chain 2 Exception: neg_binomial_2_lpmf: Location parameter is inf, but must be positive finite! (in '/tmp/RtmptxEwX8/model-23bd164caef6f.stan', line 413, column 4 to column 51)
Chain 2 Exception: neg_binomial_2_lpmf: Location parameter is inf, but must be positive finite! (in '/tmp/RtmptxEwX8/model-23bd164caef6f.stan', line 413, column 4 to column 51)
Warning: Chain 2 finished unexpectedly!

Chain 1 Informational Message: The current Metropolis proposal is about to be rejected because of the following issue:
Chain 1 Exception: neg_binomial_2_lpmf: Location parameter is -nan, but must be positive finite! (in '/tmp/RtmptxEwX8/model-23bd164caef6f.stan', line 413, column 4 to column 51)
Chain 1 If this warning occurs sporadically, such as for highly constrained variable types like covariance matrices, then the sampler is fine,
Chain 1 but if this warning occurs often then your model may be either severely ill-conditioned or misspecified.
Chain 1 
Chain 3 Informational Message: The current Metropolis proposal is about to be rejected because of the following issue:
Chain 3 Exception: neg_binomial_2_lpmf: Location parameter is -nan, but must be positive finite! (in '/tmp/RtmptxEwX8/model-23bd164caef6f.stan', line 413, column 4 to column 51)
Chain 3 If this warning occurs sporadically, such as for highly constrained variable types like covariance matrices, then the sampler is fine,
Chain 3 but if this warning occurs often then your model may be either severely ill-conditioned or misspecified.
Chain 3 
Chain 1 Informational Message: The current Metropolis proposal is about to be rejected because of the following issue:
Chain 1 Exception: neg_binomial_2_lpmf: Location parameter is -nan, but must be positive finite! (in '/tmp/RtmptxEwX8/model-23bd164caef6f.stan', line 413, column 4 to column 51)
Chain 1 If this warning occurs sporadically, such as for highly constrained variable types like covariance matrices, then the sampler is fine,
Chain 1 but if this warning occurs often then your model may be either severely ill-conditioned or misspecified.
Chain 1 
Chain 3 Informational Message: The current Metropolis proposal is about to be rejected because of the following issue:
Chain 3 Exception: neg_binomial_2_lpmf: Location parameter is -nan, but must be positive finite! (in '/tmp/RtmptxEwX8/model-23bd164caef6f.stan', line 413, column 4 to column 51)
Chain 3 If this warning occurs sporadically, such as for highly constrained variable types like covariance matrices, then the sampler is fine,
Chain 3 but if this warning occurs often then your model may be either severely ill-conditioned or misspecified.
Chain 3 
Chain 1 Informational Message: The current Metropolis proposal is about to be rejected because of the following issue:
Chain 1 Exception: neg_binomial_2_lpmf: Location parameter is -nan, but must be positive finite! (in '/tmp/RtmptxEwX8/model-23bd164caef6f.stan', line 413, column 4 to column 51)
Chain 1 If this warning occurs sporadically, such as for highly constrained variable types like covariance matrices, then the sampler is fine,
Chain 1 but if this warning occurs often then your model may be either severely ill-conditioned or misspecified.
Chain 1 
Chain 3 Informational Message: The current Metropolis proposal is about to be rejected because of the following issue:
Chain 3 Exception: neg_binomial_2_lpmf: Location parameter is -nan, but must be positive finite! (in '/tmp/RtmptxEwX8/model-23bd164caef6f.stan', line 413, column 4 to column 51)
Chain 3 If this warning occurs sporadically, such as for highly constrained variable types like covariance matrices, then the sampler is fine,
Chain 3 but if this warning occurs often then your model may be either severely ill-conditioned or misspecified.
Chain 3 
Chain 1 Informational Message: The current Metropolis proposal is about to be rejected because of the following issue:
Chain 1 Exception: neg_binomial_2_lpmf: Location parameter is 0, but must be positive finite! (in '/tmp/RtmptxEwX8/model-23bd164caef6f.stan', line 413, column 4 to column 51)
Chain 1 If this warning occurs sporadically, such as for highly constrained variable types like covariance matrices, then the sampler is fine,
Chain 1 but if this warning occurs often then your model may be either severely ill-conditioned or misspecified.
Chain 1 
Chain 3 Informational Message: The current Metropolis proposal is about to be rejected because of the following issue:
Chain 3 Exception: neg_binomial_2_lpmf: Location parameter is 0, but must be positive finite! (in '/tmp/RtmptxEwX8/model-23bd164caef6f.stan', line 413, column 4 to column 51)
Chain 3 If this warning occurs sporadically, such as for highly constrained variable types like covariance matrices, then the sampler is fine,
Chain 3 but if this warning occurs often then your model may be either severely ill-conditioned or misspecified.
Chain 3 
Chain 1 Informational Message: The current Metropolis proposal is about to be rejected because of the following issue:
Chain 1 Exception: neg_binomial_2_lpmf: Location parameter is 0, but must be positive finite! (in '/tmp/RtmptxEwX8/model-23bd164caef6f.stan', line 413, column 4 to column 51)
Chain 1 If this warning occurs sporadically, such as for highly constrained variable types like covariance matrices, then the sampler is fine,
Chain 1 but if this warning occurs often then your model may be either severely ill-conditioned or misspecified.
Chain 1 
Chain 3 Informational Message: The current Metropolis proposal is about to be rejected because of the following issue:
Chain 3 Exception: neg_binomial_2_lpmf: Location parameter is 0, but must be positive finite! (in '/tmp/RtmptxEwX8/model-23bd164caef6f.stan', line 413, column 4 to column 51)
Chain 3 If this warning occurs sporadically, such as for highly constrained variable types like covariance matrices, then the sampler is fine,
Chain 3 but if this warning occurs often then your model may be either severely ill-conditioned or misspecified.
Chain 3 
Chain 1 Informational Message: The current Metropolis proposal is about to be rejected because of the following issue:
Chain 1 Exception: neg_binomial_2_lpmf: Location parameter is 0, but must be positive finite! (in '/tmp/RtmptxEwX8/model-23bd164caef6f.stan', line 413, column 4 to column 51)
Chain 1 If this warning occurs sporadically, such as for highly constrained variable types like covariance matrices, then the sampler is fine,
Chain 1 but if this warning occurs often then your model may be either severely ill-conditioned or misspecified.
Chain 1 
Chain 3 Informational Message: The current Metropolis proposal is about to be rejected because of the following issue:
Chain 3 Exception: neg_binomial_2_lpmf: Location parameter is inf, but must be positive finite! (in '/tmp/RtmptxEwX8/model-23bd164caef6f.stan', line 413, column 4 to column 51)
Chain 3 If this warning occurs sporadically, such as for highly constrained variable types like covariance matrices, then the sampler is fine,
Chain 3 but if this warning occurs often then your model may be either severely ill-conditioned or misspecified.
Chain 3 
Chain 1 Informational Message: The current Metropolis proposal is about to be rejected because of the following issue:
Chain 1 Exception: neg_binomial_2_lpmf: Location parameter is inf, but must be positive finite! (in '/tmp/RtmptxEwX8/model-23bd164caef6f.stan', line 413, column 4 to column 51)
Chain 1 If this warning occurs sporadically, such as for highly constrained variable types like covariance matrices, then the sampler is fine,
Chain 1 but if this warning occurs often then your model may be either severely ill-conditioned or misspecified.
Chain 1 
Chain 3 Informational Message: The current Metropolis proposal is about to be rejected because of the following issue:
Chain 3 Exception: neg_binomial_2_lpmf: Location parameter is inf, but must be positive finite! (in '/tmp/RtmptxEwX8/model-23bd164caef6f.stan', line 413, column 4 to column 51)
Chain 3 If this warning occurs sporadically, such as for highly constrained variable types like covariance matrices, then the sampler is fine,
Chain 3 but if this warning occurs often then your model may be either severely ill-conditioned or misspecified.
Chain 3 
Chain 1 Informational Message: The current Metropolis proposal is about to be rejected because of the following issue:
Chain 1 Exception: neg_binomial_2_lpmf: Location parameter is inf, but must be positive finite! (in '/tmp/RtmptxEwX8/model-23bd164caef6f.stan', line 413, column 4 to column 51)
Chain 1 If this warning occurs sporadically, such as for highly constrained variable types like covariance matrices, then the sampler is fine,
Chain 1 but if this warning occurs often then your model may be either severely ill-conditioned or misspecified.
Chain 1 
Chain 3 Informational Message: The current Metropolis proposal is about to be rejected because of the following issue:
Chain 3 Exception: neg_binomial_2_lpmf: Location parameter is inf, but must be positive finite! (in '/tmp/RtmptxEwX8/model-23bd164caef6f.stan', line 413, column 4 to column 51)
Chain 3 If this warning occurs sporadically, such as for highly constrained variable types like covariance matrices, then the sampler is fine,
Chain 3 but if this warning occurs often then your model may be either severely ill-conditioned or misspecified.
Chain 3 
Chain 1 Informational Message: The current Metropolis proposal is about to be rejected because of the following issue:
Chain 1 Exception: neg_binomial_2_lpmf: Location parameter is inf, but must be positive finite! (in '/tmp/RtmptxEwX8/model-23bd164caef6f.stan', line 413, column 4 to column 51)
Chain 1 If this warning occurs sporadically, such as for highly constrained variable types like covariance matrices, then the sampler is fine,
Chain 1 but if this warning occurs often then your model may be either severely ill-conditioned or misspecified.
Chain 1 
Chain 3 Informational Message: The current Metropolis proposal is about to be rejected because of the following issue:
Chain 3 Exception: neg_binomial_2_lpmf: Location parameter is inf, but must be positive finite! (in '/tmp/RtmptxEwX8/model-23bd164caef6f.stan', line 413, column 4 to column 51)
Chain 3 If this warning occurs sporadically, such as for highly constrained variable types like covariance matrices, then the sampler is fine,
Chain 3 but if this warning occurs often then your model may be either severely ill-conditioned or misspecified.
Chain 3 
Chain 1 Informational Message: The current Metropolis proposal is about to be rejected because of the following issue:
Chain 1 Exception: neg_binomial_2_lpmf: Location parameter is inf, but must be positive finite! (in '/tmp/RtmptxEwX8/model-23bd164caef6f.stan', line 413, column 4 to column 51)
Chain 1 If this warning occurs sporadically, such as for highly constrained variable types like covariance matrices, then the sampler is fine,
Chain 1 but if this warning occurs often then your model may be either severely ill-conditioned or misspecified.
Chain 1 
Chain 3 Informational Message: The current Metropolis proposal is about to be rejected because of the following issue:
Chain 3 Exception: neg_binomial_2_lpmf: Location parameter is inf, but must be positive finite! (in '/tmp/RtmptxEwX8/model-23bd164caef6f.stan', line 413, column 4 to column 51)
Chain 3 If this warning occurs sporadically, such as for highly constrained variable types like covariance matrices, then the sampler is fine,
Chain 3 but if this warning occurs often then your model may be either severely ill-conditioned or misspecified.
Chain 3 
Chain 1 Informational Message: The current Metropolis proposal is about to be rejected because of the following issue:
Chain 1 Exception: neg_binomial_2_lpmf: Location parameter is inf, but must be positive finite! (in '/tmp/RtmptxEwX8/model-23bd164caef6f.stan', line 413, column 4 to column 51)
Chain 1 If this warning occurs sporadically, such as for highly constrained variable types like covariance matrices, then the sampler is fine,
Chain 1 but if this warning occurs often then your model may be either severely ill-conditioned or misspecified.
Chain 1 
Chain 3 Informational Message: The current Metropolis proposal is about to be rejected because of the following issue:
Chain 3 Exception: neg_binomial_2_lpmf: Location parameter is inf, but must be positive finite! (in '/tmp/RtmptxEwX8/model-23bd164caef6f.stan', line 413, column 4 to column 51)
Chain 3 If this warning occurs sporadically, such as for highly constrained variable types like covariance matrices, then the sampler is fine,
Chain 3 but if this warning occurs often then your model may be either severely ill-conditioned or misspecified.
Chain 3 
Chain 1 Informational Message: The current Metropolis proposal is about to be rejected because of the following issue:
Chain 1 Exception: neg_binomial_2_lpmf: Location parameter is inf, but must be positive finite! (in '/tmp/RtmptxEwX8/model-23bd164caef6f.stan', line 413, column 4 to column 51)
Chain 1 If this warning occurs sporadically, such as for highly constrained variable types like covariance matrices, then the sampler is fine,
Chain 1 but if this warning occurs often then your model may be either severely ill-conditioned or misspecified.
Chain 1 
Chain 3 Informational Message: The current Metropolis proposal is about to be rejected because of the following issue:
Chain 3 Exception: neg_binomial_2_lpmf: Location parameter is inf, but must be positive finite! (in '/tmp/RtmptxEwX8/model-23bd164caef6f.stan', line 413, column 4 to column 51)
Chain 3 If this warning occurs sporadically, such as for highly constrained variable types like covariance matrices, then the sampler is fine,
Chain 3 but if this warning occurs often then your model may be either severely ill-conditioned or misspecified.
Chain 3 
Chain 3 Iteration:    1 / 2200 [  0%]  (Warmup) 
Chain 1 Iteration:    1 / 2200 [  0%]  (Warmup) 
Chain 3 Informational Message: The current Metropolis proposal is about to be rejected because of the following issue:
Chain 3 Exception: neg_binomial_2_lpmf: Location parameter is -nan, but must be positive finite! (in '/tmp/RtmptxEwX8/model-23bd164caef6f.stan', line 413, column 4 to column 51)
Chain 3 If this warning occurs sporadically, such as for highly constrained variable types like covariance matrices, then the sampler is fine,
Chain 3 but if this warning occurs often then your model may be either severely ill-conditioned or misspecified.
Chain 3 
Chain 3 Informational Message: The current Metropolis proposal is about to be rejected because of the following issue:
Chain 3 Exception: neg_binomial_2_lpmf: Location parameter is -nan, but must be positive finite! (in '/tmp/RtmptxEwX8/model-23bd164caef6f.stan', line 413, column 4 to column 51)
Chain 3 If this warning occurs sporadically, such as for highly constrained variable types like covariance matrices, then the sampler is fine,
Chain 3 but if this warning occurs often then your model may be either severely ill-conditioned or misspecified.
Chain 3 
Chain 1 Informational Message: The current Metropolis proposal is about to be rejected because of the following issue:
Chain 1 Exception: neg_binomial_2_lpmf: Location parameter is -nan, but must be positive finite! (in '/tmp/RtmptxEwX8/model-23bd164caef6f.stan', line 413, column 4 to column 51)
Chain 1 If this warning occurs sporadically, such as for highly constrained variable types like covariance matrices, then the sampler is fine,
Chain 1 but if this warning occurs often then your model may be either severely ill-conditioned or misspecified.
Chain 1 
Chain 3 Informational Message: The current Metropolis proposal is about to be rejected because of the following issue:
Chain 3 Exception: neg_binomial_2_lpmf: Location parameter is 0, but must be positive finite! (in '/tmp/RtmptxEwX8/model-23bd164caef6f.stan', line 413, column 4 to column 51)
Chain 3 If this warning occurs sporadically, such as for highly constrained variable types like covariance matrices, then the sampler is fine,
Chain 3 but if this warning occurs often then your model may be either severely ill-conditioned or misspecified.
Chain 3 
Chain 1 Informational Message: The current Metropolis proposal is about to be rejected because of the following issue:
Chain 1 Exception: neg_binomial_2_lpmf: Location parameter is -nan, but must be positive finite! (in '/tmp/RtmptxEwX8/model-23bd164caef6f.stan', line 413, column 4 to column 51)
Chain 1 If this warning occurs sporadically, such as for highly constrained variable types like covariance matrices, then the sampler is fine,
Chain 1 but if this warning occurs often then your model may be either severely ill-conditioned or misspecified.
Chain 1 
Chain 3 Informational Message: The current Metropolis proposal is about to be rejected because of the following issue:
Chain 3 Exception: neg_binomial_2_lpmf: Location parameter is 0, but must be positive finite! (in '/tmp/RtmptxEwX8/model-23bd164caef6f.stan', line 413, column 4 to column 51)
Chain 3 If this warning occurs sporadically, such as for highly constrained variable types like covariance matrices, then the sampler is fine,
Chain 3 but if this warning occurs often then your model may be either severely ill-conditioned or misspecified.
Chain 3 
Chain 1 Informational Message: The current Metropolis proposal is about to be rejected because of the following issue:
Chain 1 Exception: neg_binomial_2_lpmf: Location parameter is 0, but must be positive finite! (in '/tmp/RtmptxEwX8/model-23bd164caef6f.stan', line 413, column 4 to column 51)
Chain 1 If this warning occurs sporadically, such as for highly constrained variable types like covariance matrices, then the sampler is fine,
Chain 1 but if this warning occurs often then your model may be either severely ill-conditioned or misspecified.
Chain 1 
Chain 1 Informational Message: The current Metropolis proposal is about to be rejected because of the following issue:
Chain 1 Exception: neg_binomial_2_lpmf: Location parameter is inf, but must be positive finite! (in '/tmp/RtmptxEwX8/model-23bd164caef6f.stan', line 413, column 4 to column 51)
Chain 1 If this warning occurs sporadically, such as for highly constrained variable types like covariance matrices, then the sampler is fine,
Chain 1 but if this warning occurs often then your model may be either severely ill-conditioned or misspecified.
Chain 1 
Chain 1 Informational Message: The current Metropolis proposal is about to be rejected because of the following issue:
Chain 1 Exception: neg_binomial_2_lpmf: LocatioChain 3 Iteration:  400 / 2200 [ 18%]  (Warmup) 
Chain 1 Iteration:  400 / 2200 [ 18%]  (Warmup) 
Chain 3 Iteration:  500 / 2200 [ 22%]  (Warmup) 
Chain 1 Iteration:  500 / 2200 [ 22%]  (Warmup) 
Chain 3 Iteration:  600 / 2200 [ 27%]  (Warmup) 
Chain 1 Iteration:  600 / 2200 [ 27%]  (Warmup) 
Chain 3 Iteration:  700 / 2200 [ 31%]  (Warmup) 
Chain 3 Iteration:  701 / 2200 [ 31%]  (Sampling) 
Chain 1 Iteration:  700 / 2200 [ 31%]  (Warmup) 
Chain 1 Iteration:  701 / 2200 [ 31%]  (Sampling) 
Chain 3 Iteration:  800 / 2200 [ 36%]  (Sampling) 
Chain 1 Iteration:  800 / 2200 [ 36%]  (Sampling) 
Chain 3 Iteration:  900 / 2200 [ 40%]  (Sampling) 
Chain 1 Iteration:  900 / 2200 [ 40%]  (Sampling) 
Chain 3 Iteration: 1000 / 2200 [ 45%]  (Sampling) 
Chain 1 Iteration: 1000 / 2200 [ 45%]  (Sampling) 
Chain 3 Iteration: 1100 / 2200 [ 50%]  (Sampling) 
Chain 1 Iteration: 1100 / 2200 [ 50%]  (Sampling) 
Chain 3 Iteration: 1200 / 2200 [ 54%]  (Sampling) 
Chain 1 Iteration: 1200 / 2200 [ 54%]  (Sampling) 
Chain 3 Iteration: 1300 / 2200 [ 59%]  (Sampling) 
Chain 1 Iteration: 1300 / 2200 [ 59%]  (Sampling) 
Chain 3 Iteration: 1400 / 2200 [ 63%]  (Sampling) 
Chain 1 Iteration: 1400 / 2200 [ 63%]  (Sampling) 
Chain 3 Iteration: 1500 / 2200 [ 68%]  (Sampling) 
Chain 1 Iteration: 1500 / 2200 [ 68%]  (Sampling) 
Chain 1 Iteration: 1600 / 2200 [ 72%]  (Sampling) 
Chain 3 Iteration: 1600 / 2200 [ 72%]  (Sampling) 
Chain 1 Iteration: 1700 / 2200 [ 77%]  (Sampling) 
Chain 3 Iteration: 1700 / 2200 [ 77%]  (Sampling) 
Chain 1 Iteration: 1800 / 2200 [ 81%]  (Sampling) 
Chain 3 Iteration: 1800 / 2200 [ 81%]  (Sampling) 
Chain 1 Iteration: 1900 / 2200 [ 86%]  (Sampling) 
Chain 3 Iteration: 1900 / 2200 [ 86%]  (Sampling) 
Chain 1 Iteration: 2000 / 2200 [ 90%]  (Sampling) 
Chain 3 Iteration: 2000 / 2200 [ 90%]  (Sampling) 
Chain 1 Iteration: 2100 / 2200 [ 95%]  (Sampling) 
Chain 3 Iteration: 2100 / 2200 [ 95%]  (Sampling) 
Chain 1 Iteration: 2200 / 2200 [100%]  (Sampling) 
Chain 1 finished in 422333.0 seconds.
Chain 3 Iteration: 2200 / 2200 [100%]  (Sampling) 
Chain 3 finished in 422569.0 seconds.
Warning: 1 chain(s) finished unexpectedly!
The remaining chains had a mean execution time of 422573.5 seconds.
Warning: The returned fit object will only read in results of successful chains. Please use read_cmdstan_csv() to read the results of the failed chains separately.Use the $output(chain_id) method Chain 3 Iteration: 2000 / 2200 [ 90%]  (Sampling) 
Chain 1 Iteration: 2000 / 2200 [ 90%]  (Sampling) 
Chain 3 Iteration: 2100 / 2200 [ 95%]  (Sampling) 
Warning: 2999 of 3000 (100.0%) transitions hit the maximum treedepth limit of 10.
See https://mc-stan.org/misc/warnings for details.

[1] "Saving fit object..."
[1] "Calculating summary..."
[1] "Calculating samples..."
[1] "Calculating metadata..."
[1] "Summary of Hyperpriors (mu_*, sigma_*):"
# A tibble: 107 × 10
    variable      mean   median      sd     mad       q5      q95  rhat ess_bulk
    <chr>        <dbl>    <dbl>   <dbl>   <dbl>    <dbl>    <dbl> <dbl>    <dbl>
  1 mu_beta_…  1.04e-1  9.90e-2 0.922   0.930   -1.42     1.65     1.00    1689.
  2 mu_beta_… -6.60e-3 -6.48e-3 0.00913 0.00866 -0.0213   0.00795  1.00    2995.
  3 mu_beta_…  2.39e-2  2.33e-2 0.0417  0.0381  -0.0431   0.0936   1.00     325.
  4 mu_beta_…  9.29e-2  9.25e-2 0.0441  0.0429   0.0200   0.168    1.01     332.
  5 mu_beta_…  1.82e-1  1.79e-1 0.482   0.371   -0.610    0.988    1.00    1154.
  6 mu_beta_…  7.91e-2  7.32e-2 0.171   0.163   -0.197    0.357    1.01     517.
  7 mu_beta_… -9.54e-2 -9.71e-2 0.0756  0.0725  -0.216    0.0323   1.00     819.
  8 mu_beta_…  1.81e-2  1.27e-2 0.381   0.283   -0.601    0.651    1.00     970.
  9 mu_beta_…  7.65e-5  8.00e-4 0.384   0.286   -0.637    0.639    1.00     996.
 10 mu_beta_… -7.37e-3 -1.16e-2 0.379   0.286   -0.626    0.617    1.01     942.
 11 mu_beta_…  6.58e-2  7.12e-2 0.354   0.289   -0.514    0.633    1.00    1152.
 12 mu_beta_… -2.14e-4  3.39e-3 0.354   0.287   -0.583    0.566    1.00    1172.
 13 mu_beta_… -1.13e-1 -1.07e-1 0.355   0.294   -0.685    0.449    1.00    1174.
 14 mu_beta_…  2.83e-2  2.20e-2 0.290   0.244   -0.449    0.493    1.00     799.
 15 mu_beta_… -1.85e-2 -2.10e-2 0.289   0.240   -0.501    0.443    1.00     803.
 16 mu_beta_… -1.02e-1 -9.65e-2 0.286   0.233   -0.582    0.362    1.00     801.
 17 mu_beta_… -1.76e-1 -1.71e-1 0.123   0.118   -0.382    0.0156   1.00     705.
 18 mu_beta_…  1.56e-2  1.50e-2 0.431   0.365   -0.689    0.722    1.01     886.
 19 mu_beta_…  1.13e-2  3.33e-3 0.404   0.365   -0.629    0.678    1.00     980.
 20 mu_beta_…  1.14e-1  1.08e-1 0.291   0.246   -0.367    0.604    1.00     834.
 21 mu_beta_…  2.75e-1  2.52e-1 0.632   0.524   -0.704    1.33     1.00    1633.
 22 mu_beta_… -1.43e-1 -1.26e-1 0.559   0.434   -1.05     0.776    1.00    1541.
 23 mu_beta_…  1.10e-1  9.98e-2 0.439   0.371   -0.596    0.835    1.00    1168.
 24 mu_beta_…  2.81e-1  2.98e-1 0.260   0.248   -0.160    0.684    1.00     693.
 25 mu_beta_…  3.78e-1  3.83e-1 0.256   0.245   -0.0395   0.789    1.00     651.
 26 mu_beta_…  3.23e-1  3.13e-1 0.240   0.233   -0.0463   0.730    1.00     643.
 27 mu_beta_…  8.84e-2  7.40e-2 0.221   0.220   -0.249    0.457    1.00     716.
 28 mu_beta_…  2.48e-1  2.33e-1 0.232   0.232   -0.101    0.650    1.00     677.
 29 mu_beta_…  1.30e-1  1.05e-1 0.245   0.228   -0.230    0.571    1.00     704.
 30 mu_beta_…  9.82e-2  7.34e-2 0.292   0.268   -0.338    0.632    1.00     814.
 31 mu_beta_…  4.00e-2  3.97e-2 0.0221  0.0217   0.00440  0.0768   1.00    1268.
 32 mu_beta_…  6.64e-3  6.49e-3 0.0125  0.0128  -0.0137   0.0274   1.00    1855.
 33 mu_beta_…  8.82e-2  8.82e-2 0.0143  0.0144   0.0649   0.111    1.00    1402.
 34 mu_beta_…  1.32e-1  1.32e-1 0.0141  0.0142   0.109    0.155    1.00    1400.
 35 mu_beta_…  1.87e-1  1.87e-1 0.0148  0.0145   0.164    0.212    1.00    1376.
 36 mu_beta_…  1.30e-1  1.25e-1 0.479   0.369   -0.669    0.905    1.00    1125.
 37 mu_beta_…  4.95e-2  4.43e-2 0.479   0.365   -0.748    0.827    1.00    1127.
 38 mu_beta_… -4.09e-2 -3.88e-2 0.0535  0.0526  -0.131    0.0443   1.00    1263.
 39 mu_beta_…  1.35e-2  1.35e-2 0.00895 0.00890 -0.00113  0.0281   1.00    6423.
 40 mu_beta_… -1.82e-2 -1.82e-2 0.00373 0.00369 -0.0246  -0.0119   1.00    5816.
 41 mu_gamma…  2.61e-1  2.61e-1 0.111   0.107    0.0823   0.441    1.01     373.
 42 mu_gamma…  7.65e-3 -6.70e-4 1.04    1.03    -1.70     1.75     1.00    5804.
 43 mu_alpha…  5.17e-1  5.18e-1 0.0596  0.0564   0.417    0.613    1.00     556.
 44 mu_alpha…  4.20e-1  4.21e-1 0.0479  0.0470   0.341    0.499    1.00     601.
 45 mu_alpha…  2.40e-1  2.40e-1 0.0139  0.0135   0.217    0.263    1.00    1103.
 46 mu_alpha…  1.72e-1  1.72e-1 0.0125  0.0122   0.152    0.194    1.00    1131.
 47 mu_alpha…  1.79e-1  1.79e-1 0.0123  0.0122   0.158    0.198    1.00    1190.
 48 mu_alpha…  1.51e-1  1.51e-1 0.0126  0.0127   0.131    0.172    1.00    1148.
 49 mu_alpha…  1.01e-1  1.01e-1 0.0123  0.0125   0.0815   0.121    1.00    1180.
 50 mu_alpha…  1.00e-1  1.01e-1 0.0116  0.0116   0.0812   0.120    1.00    5051.
 51 mu_alpha…  1.13e-1  1.13e-1 0.0119  0.0123   0.0938   0.133    1.00    5134.
 52 mu_alpha…  7.35e-2  7.36e-2 0.0117  0.0120   0.0538   0.0923   1.00    4736.
 53 mu_alpha…  8.86e-2  8.88e-2 0.0114  0.0112   0.0695   0.107    1.00    4251.
 54 mu_alpha…  3.26e-2  3.27e-2 0.0115  0.0113   0.0135   0.0515   1.00    4903.
 55 mu_delta… -5.26e-1 -5.24e-1 0.114   0.107   -0.716   -0.338    1.01     392.
 56 mu_delta…  2.87e-1  2.90e-1 0.124   0.121    0.0770   0.482    1.00     454.
 57 mu_delta… -3.97e-1 -3.97e-1 0.0164  0.0162  -0.424   -0.370    1.00     860.
 58 mu_delta… -2.77e-1 -2.77e-1 0.0158  0.0158  -0.304   -0.251    1.00     778.
 59 mu_delta… -3.02e-1 -3.03e-1 0.0157  0.0157  -0.328   -0.276    1.00     886.
 60 mu_delta… -2.16e-1 -2.17e-1 0.0172  0.0169  -0.244   -0.189    1.00     806.
 61 mu_delta… -2.62e-1 -2.62e-1 0.0155  0.0159  -0.288   -0.236    1.00     994.
 62 mu_delta…  4.09e-2  4.08e-2 0.0262  0.0263  -0.00214  0.0840   1.00    4184.
 63 mu_delta… -9.76e-4 -1.14e-3 0.0252  0.0253  -0.0425   0.0409   1.00    4078.
 64 mu_delta…  1.97e-2  1.98e-2 0.0271  0.0263  -0.0243   0.0653   1.00    3738.
 65 mu_delta… -6.64e-2 -6.62e-2 0.0250  0.0257  -0.106   -0.0257   1.00    3849.
 66 mu_delta…  1.30e-1  1.31e-1 0.0228  0.0227   0.0933   0.168    1.00    3581.
 67 mu_phi_l…  6.65e-1  6.71e-1 0.262   0.249    0.235    1.09     1.01     247.
 68 sigma_be…  6.97e-1  6.08e-1 0.503   0.553    0.0535   1.62     1.00     439.
 69 sigma_be…  1.72e-2  1.60e-2 0.0108  0.0108   0.00208  0.0367   1.00    1048.
 70 sigma_be…  1.64e-1  1.60e-1 0.0332  0.0299   0.118    0.224    1.00     940.
 71 sigma_be…  1.90e-1  1.85e-1 0.0386  0.0362   0.135    0.260    1.00     868.
 72 sigma_be…  2.43e-1  2.36e-1 0.0513  0.0470   0.173    0.337    1.00     749.
 73 sigma_be…  7.22e-1  7.01e-1 0.168   0.155    0.487    1.04     1.00     857.
 74 sigma_be…  2.55e-1  2.47e-1 0.0688  0.0633   0.157    0.378    1.00    1342.
 75 sigma_be…  1.42e-1  1.38e-1 0.0732  0.0719   0.0289   0.272    1.01     502.
 76 sigma_be…  2.73e-1  2.66e-1 0.0846  0.0796   0.150    0.420    1.01     877.
 77 sigma_be…  1.00e-1  9.32e-2 0.0656  0.0704   0.0103   0.217    1.00     579.
 78 sigma_be…  5.75e-2  4.85e-2 0.0445  0.0420   0.00525  0.146    1.00    1145.
 79 sigma_be…  3.71e-2  3.03e-2 0.0310  0.0272   0.00246  0.0955   1.00    1765.
 80 sigma_be…  6.53e-2  5.98e-2 0.0446  0.0451   0.00526  0.146    1.00    1044.
 81 sigma_be…  2.68e-1  2.61e-1 0.0775  0.0717   0.155    0.403    1.00     598.
 82 sigma_be…  2.34e-1  2.20e-1 0.117   0.115    0.0673   0.443    1.00     440.
 83 sigma_be…  8.53e-2  7.68e-2 0.0583  0.0584   0.00864  0.195    1.00     593.
 84 sigma_be…  4.36e-1  4.20e-1 0.121   0.114    0.266    0.654    1.00     766.
 85 sigma_be…  2.74e-1  2.63e-1 0.0862  0.0791   0.153    0.435    1.00     997.
 86 sigma_be…  1.75e-1  1.71e-1 0.0682  0.0622   0.0682   0.291    1.01     460.
 87 sigma_be…  3.24e-1  3.13e-1 0.0778  0.0716   0.214    0.467    1.00    1112.
 88 sigma_be…  1.13e+0  9.65e-1 0.663   0.505    0.425    2.44     1.00    1958.
 89 sigma_be…  9.58e-1  7.85e-1 0.627   0.445    0.317    2.16     1.00    1577.
 90 sigma_be…  9.22e-1  8.22e-1 0.430   0.335    0.435    1.75     1.01    1095.
 91 sigma_be…  3.67e-1  3.23e-1 0.236   0.191    0.0629   0.794    1.01     346.
 92 sigma_be…  4.11e-1  3.72e-1 0.200   0.162    0.169    0.777    1.01     543.
 93 sigma_be…  4.98e-1  4.79e-1 0.137   0.125    0.312    0.747    1.00    1006.
 94 sigma_be…  3.95e-1  3.80e-1 0.105   0.0955   0.254    0.591    1.00    1184.
 95 sigma_be…  3.82e-1  3.70e-1 0.141   0.131    0.170    0.628    1.00     372.
 96 sigma_be…  2.32e-1  2.17e-1 0.135   0.132    0.0336   0.465    1.01     225.
 97 sigma_be…  2.02e-1  1.89e-1 0.114   0.109    0.0312   0.413    1.00     411.
 98 sigma_be…  3.17e-2  3.15e-2 0.00922 0.00809  0.0168   0.0467   1.00     649.
 99 sigma_ga…  4.46e-1  4.34e-1 0.0858  0.0796   0.326    0.603    1.00     933.
100 sigma_ga…  8.07e-1  6.83e-1 0.608   0.594    0.0562   1.98     1.00    2543.
101 sigma_al…  2.43e-1  2.36e-1 0.0497  0.0451   0.176    0.332    1.00     665.
102 sigma_al…  1.99e-1  1.92e-1 0.0424  0.0391   0.140    0.278    1.00     981.
103 sigma_de…  4.51e-1  4.40e-1 0.0892  0.0809   0.326    0.611    1.00    1190.
104 sigma_de…  4.68e-1  4.56e-1 0.0929  0.0809   0.345    0.641    1.00     877.
105 sigma_ph…  1.07e+0  1.04e+0 0.191   0.174    0.810    1.42     1.00     717.
106 sigma_ga…  8.24e-1  7.00e-1 0.612   0.602    0.0661   1.99     1.00    2583.
107 sigma_ga…  7.89e-1  6.63e-1 0.607   0.592    0.0600   1.92     1.00    2861.
# ℹ 1 more variable: ess_tail <dbl>
[1] "Calculating lambda_mean..."
[1] "Calculating lambda_test_mean..."
[1] "Calculating y_rep_mean..."
[1] "Calculating y_test_rep_mean..."
[1] "Generating plots..."
 [1] "exposure_1SQPTEGYPH0GA_1" "exposure_2HRX9P6HKXA8V_1"
 [3] "exposure_78AY09MVJVTYE_1" "exposure_9XKJD8DQTH559_1"
 [5] "exposure_C0BE4NDSW26QN_1" "exposure_CB2KHY1C2G9PT_1"
 [7] "exposure_ED5J990H5VAZT_1" "exposure_EMBVNVD207CC6_1"
 [9] "exposure_JHDN7CF1C03X5_1" "exposure_L69HYJ4Y3TR91_1"
[11] "exposure_LBZEEFSBJNB3Z_1" "exposure_LFZFT3VASXPED_1"
[13] "exposure_LQ5EH4BKGV61T_1" "exposure_S8MT0YGD2KTN9_1"
[15] "exposure_SAFK7ND1HR6XS_1" "exposure_SRQS8F7JWA9MZ_1"
[17] "exposure_V3Q26BHF3SE2H_1" "exposure_W8T41JZK0ZMEP_1"
[1] 18
Adding missing grouping variables: `location_id_num`
[1] "Skipping daily plot for SRQS8F7JWA9MZ due to missing daily data."
[1] "Skipping daily plot for 2HRX9P6HKXA8V due to missing daily data."
[1] "Skipping daily plot for JHDN7CF1C03X5 due to missing daily data."
[1] "Skipping daily plot for L69HYJ4Y3TR91 due to missing daily data."
[1] "Skipping daily plot for ED5J990H5VAZT due to missing daily data."
[1] "Skipping daily plot for W8T41JZK0ZMEP due to missing daily data."
[1] "Skipping daily plot for EMBVNVD207CC6 due to missing daily data."
[1] "Skipping daily plot for C0BE4NDSW26QN due to missing daily data."
[1] "Skipping daily plot for V3Q26BHF3SE2H due to missing daily data."
[1] "Skipping daily plot for LBZEEFSBJNB3Z due to missing daily data."
[1] "Skipping daily plot for SAFK7ND1HR6XS due to missing daily data."
[1] "Skipping daily plot for CB2KHY1C2G9PT due to missing daily data."
[1] "Skipping daily plot for S8MT0YGD2KTN9 due to missing daily data."
[1] "Skipping daily plot for LFZFT3VASXPED due to missing daily data."
[1] "Skipping daily plot for 1SQPTEGYPH0GA due to missing daily data."
[1] "Skipping daily plot for 9XKJD8DQTH559 due to missing daily data."
[1] "Skipping daily plot for LQ5EH4BKGV61T due to missing daily data."
[1] "Skipping daily plot for 78AY09MVJVTYE due to missing daily data."
[1] "Skipping MLflow logging as existing fit file was loaded."
[1] "Done."
           used  (Mb) gc trigger    (Mb)   max used    (Mb)
Ncells  5242859 280.0    9932483   530.5    9932483   530.5
Vcells 15645898 119.4 1760100916 13428.6 2171453159 16566.9
Warning messages:
1: Dropping 'draws_df' class as required metadata was removed. 
2: Dropping 'draws_df' class as required metadata was removed. 
3: Dropping 'draws_df' class as required metadata was removed. 
4: Dropping 'draws_df' class as required metadata was removed. 
