- The project is out-of-sync -- use `renv::status()` for details.
── Attaching core tidyverse packages ──────────────────────── tidyverse 2.0.0 ──
✔ dplyr     1.1.4     ✔ readr     2.1.5
✔ forcats   1.0.0     ✔ stringr   1.5.1
✔ ggplot2   3.5.1     ✔ tibble    3.2.1
✔ lubridate 1.9.4     ✔ tidyr     1.3.1
✔ purrr     1.0.4     
[conflicted] Will prefer dplyr::select over any other package.
[conflicted] Will prefer dplyr::filter over any other package.
[conflicted] Will prefer lubridate::year over any other package.
[conflicted] Will prefer lubridate::month over any other package.
[conflicted] Will prefer purrr::map over any other package.
[conflicted] Will prefer stats::sd over any other package.
[conflicted] Will prefer base::match over any other package.
This is cmdstanr version 0.9.0
- CmdStanR documentation and vignettes: mc-stan.org/cmdstanr
- CmdStan path: /home/nuttidalab/.cmdstan/cmdstan-2.36.0
- CmdStan version: 2.36.0

A newer version of CmdStan is available. See ?install_cmdstan() to install it.
To disable this check set option or environment variable cmdstanr_no_ver_check=TRUE.
This is posterior version 1.6.0
Registered S3 method overwritten by 'tsibble':
  method               from 
  as_tibble.grouped_df dplyr
── Attaching packages ──────────────────────────────────────────── fpp3 1.0.1 ──
✔ tsibble     1.1.6     ✔ feasts      0.4.1
✔ tsibbledata 0.4.1     ✔ fable       0.4.1
Loading required package: R.oo
Loading required package: R.methodsS3
R.methodsS3 v1.8.2 (2022-06-13 22:00:14 UTC) successfully loaded. See ?R.methodsS3 for help.
R.oo v1.27.0 (2024-11-01 18:00:02 UTC) successfully loaded. See ?R.oo for help.

Attaching package: ‘R.oo’

The following object is masked from ‘package:R.methodsS3’:

    throw

The following object is masked from ‘package:shiny’:

    printStackTrace

The following object is masked from ‘package:renv’:

    load

The following objects are masked from ‘package:methods’:

    getClasses, getMethods

The following objects are masked from ‘package:base’:

    attach, detach, load, save

R.utils v2.13.0 (2025-02-24 21:20:02 UTC) successfully loaded. See ?R.utils for help.
Registered S3 method overwritten by 'quantmod':
  method            from
  as.zoo.data.frame zoo 
Registered S3 methods overwritten by 'bayesforecast':
  method      from    
  autoplot.ts forecast
  forecast.ts forecast
  fortify.ts  forecast
  print.garch tseries 
[1] "# of rows: 34628"
[1] "# of rows: 4329"
[1] "Found 3 exposure columns in the data: exposure_2HRX9P6HKXA8V_1, exposure_ED5J990H5VAZT_1, exposure_L69HYJ4Y3TR91_1"
Numeric columns considered for scaling:
vegan_window_sum_item_quantity,
vegetarian_window_sum_item_quantity,
meat_window_sum_item_quantity,
vegan_window_avg_item_price,
vegetarian_window_avg_item_price,
meat_window_avg_item_price,
breakfast_p_window_avg_item_price,
textured_p_window_avg_item_price,
untextured_p_window_avg_item_price,
chicken_p_window_avg_item_price,
dairy_p_window_avg_item_price,
egg_p_window_avg_item_price,
breakfast_window_avg_item_price,
textured_window_avg_item_price,
untextured_window_avg_item_price,
breakfast_t2_window_avg_item_price,
textured_t2_window_avg_item_price,
untextured_t2_window_avg_item_price,
chicken_t2_window_avg_item_price,
dairy_t2_window_avg_item_price,
day_of_month,
Value,
vegan_price_real,
vegetarian_price_real,
meat_price_real,
breakfast_p_price_real,
textured_p_price_real,
untextured_p_price_real,
chicken_p_price_real,
dairy_p_price_real,
egg_p_price_real,
breakfast_price_real,
textured_price_real,
untextured_price_real,
breakfast_t2_price_real,
textured_t2_price_real,
untextured_t2_price_real,
chicken_t2_price_real,
dairy_t2_price_real,
inflation,
temp,
precip[1] "Successfully created `expo_to_rest` mapping."
[1] "Successfully created `expo_to_param` mapping."
Identified 3 exposure columns in the design matrix: 
exposure_2HRX9P6HKXA8V_1, 
exposure_ED5J990H5VAZT_1, 
exposure_L69HYJ4Y3TR91_1
Identified 31 random beta columns: 
vegan_price_real, 
vegetarian_price_real, 
meat_price_real, 
breakfast_p_price_real, 
weekend, 
holiday_window, 
month_cat2, 
month_cat3, 
month_cat4, 
month_cat5, 
month_cat6, 
month_cat7, 
month_cat8, 
month_cat9, 
month_cat10, 
month_cat11, 
month_cat12, 
seasonspring, 
seasonsummer, 
seasonwinter, 
year_cat2014, 
year_cat2015, 
year_cat2016, 
year_cat2017, 
year_cat2018, 
year_cat2019, 
year_cat2020, 
year_cat2021, 
year_cat2022, 
year_cat2023, 
date_num
Identified 9 fixed beta columns: 
day_of_week_cat1, 
day_of_week_cat2, 
day_of_week_cat3, 
day_of_week_cat4, 
day_of_week_cat5, 
day_of_week_cat6, 
inflation, 
temp, 
precip
Identified 2 random alpha indices (positions): 
1, 7
Identified 2 random delta indices (positions): 
1, 7
$R
[1] 3

$J
[1] 44

$p_effective
[1] 12

$q_effective
[1] 12

$M
[1] 2

$idx_intercept
[1] 1

$K_beta_random
[1] 31

$idx_beta_random
[1] 2 3 4 5 6 7

$K_beta_fixed
[1] 9

$idx_beta_fixed
[1] 33 34 35 36 37 38

$K_exposure
[1] 3

$idx_exposure
[1] 42 43 44

$expo_to_rest
[1] 1 2 3

$expo_to_param
[1] 1 1 1

$effective_lags_alpha
[1] 1 2 3 4 5 6

$K_alpha_random
[1] 2

$idx_alpha_random
[1] 1 7

$K_alpha_fixed
[1] 10

$idx_alpha_fixed
[1] 2 3 4 5 6 8

$effective_lags_delta
[1] 1 2 3 4 5 6

$K_delta_random
[1] 2

$idx_delta_random
[1] 1 7

$K_delta_fixed
[1] 10

$idx_delta_fixed
[1] 2 3 4 5 6 8

$N_train
[1] 4111

$X_train
  (Intercept) vegan_price_real vegetarian_price_real meat_price_real
1           1       -0.9751439            -0.6231729      -1.0385991
2           1       -0.3967741            -0.5118701      -1.2993172
3           1       -1.2422909            -0.7866129      -0.9553291
4           1       -0.9460238            -0.7780717      -1.2664759
5           1       -0.8773595            -0.7320021      -1.0631467
6           1       -1.0499877            -0.6975952      -0.9205429
  breakfast_p_price_real weekend holiday_window month_cat2 month_cat3
1            0.077731721       0              0          0          0
2           -0.008358683       0              0          0          0
3            0.128001254       0              0          0          0
4            0.023859465       1              0          0          0
5            0.141207762       1              0          0          0
6            0.192015061       0              0          0          0
  month_cat4 month_cat5 month_cat6 month_cat7 month_cat8 month_cat9 month_cat10
1          0          0          0          0          0          0           0
2          0          0          0          0          0          0           0
3          0          0          0          0          0          0           0
4          0          0          0          0          0          0           0
5          0          0          0          0          0          0           0
6          0          0          0          0          0          0           0
  month_cat11 month_cat12 seasonspring seasonsummer seasonwinter year_cat2014
1           0           0            0            0            1            0
2           0           0            0            0            1            0
3           0           0            0            0            1            0
4           0           0            0            0            1            0
5           0           0            0            0            1            0
6           0           0            0            0            1            0
  year_cat2015 year_cat2016 year_cat2017 year_cat2018 year_cat2019 year_cat2020
1            0            0            0            0            1            0
2            0            0            0            0            1            0
3            0            0            0            0            1            0
4            0            0            0            0            1            0
5            0            0            0            0            1            0
6            0            0            0            0            1            0
  year_cat2021 year_cat2022 year_cat2023 date_num day_of_week_cat1
1            0            0            0 49.00205                0
2            0            0            0 49.00479                0
3            0            0            0 49.00753                0
4            0            0            0 49.01027                0
5            0            0            0 49.01300                0
6            0            0            0 49.01574                0
  day_of_week_cat2 day_of_week_cat3 day_of_week_cat4 day_of_week_cat5
1                1                0                0                0
2                0                1                0                0
3                0                0                1                0
4                0                0                0                1
5                0                0                0                0
6                0                0                0                0
  day_of_week_cat6 inflation       temp     precip exposure_2HRX9P6HKXA8V_1
1                0 -1.282151 -1.2225669 -0.2818423                        1
2                0 -1.282151 -1.0336314 -0.2818423                        1
3                0 -1.282151 -0.8446958 -0.2818423                        1
4                0 -1.282151 -0.7962508 -0.2818423                        1
5                1 -1.282151 -0.5830928 -0.2818423                        1
6                0 -1.282151 -0.8204733 -0.2818423                        1
  exposure_ED5J990H5VAZT_1 exposure_L69HYJ4Y3TR91_1
1                        0                        0
2                        0                        0
3                        0                        0
4                        0                        0
5                        0                        0
6                        0                        0

$y_train
[1] 599 391 199 269 349 179

$idx_to_rest_train
[1] 1 1 1 1 1 1

$train_start_idx
[1]    1 1582 3839

$train_end_idx
[1] 1581 3838 4111

$N_test
[1] 218

$X_test
  (Intercept) vegan_price_real vegetarian_price_real meat_price_real
1           1       0.38103677             0.6130176       0.5051827
2           1      -2.10023052            -1.6383049      -0.9805834
3           1      -1.68385722            -1.5443505      -2.1441971
4           1       0.41407445             0.7868065       0.1720278
5           1      -0.08430122             0.5415055       0.0760158
6           1       0.35720230             0.7139883       0.2297473
  breakfast_p_price_real weekend holiday_window month_cat2 month_cat3
1            -0.07597746       0              0          0          0
2            -0.11252156       0              0          0          0
3            -0.15075708       0              0          0          0
4            -0.04131308       0              0          0          0
5            -0.09361826       1              0          0          0
6            -0.09197267       1              0          0          0
  month_cat4 month_cat5 month_cat6 month_cat7 month_cat8 month_cat9 month_cat10
1          0          1          0          0          0          0           0
2          0          1          0          0          0          0           0
3          0          1          0          0          0          0           0
4          0          1          0          0          0          0           0
5          0          1          0          0          0          0           0
6          0          1          0          0          0          0           0
  month_cat11 month_cat12 seasonspring seasonsummer seasonwinter year_cat2014
1           0           0            1            0            0            0
2           0           0            1            0            0            0
3           0           0            1            0            0            0
4           0           0            1            0            0            0
5           0           0            1            0            0            0
6           0           0            1            0            0            0
  year_cat2015 year_cat2016 year_cat2017 year_cat2018 year_cat2019 year_cat2020
1            0            0            0            0            0            0
2            0            0            0            0            0            0
3            0            0            0            0            0            0
4            0            0            0            0            0            0
5            0            0            0            0            0            0
6            0            0            0            0            0            0
  year_cat2021 year_cat2022 year_cat2023 date_num day_of_week_cat1
1            0            0            1 53.33060                1
2            0            0            1 53.33333                0
3            0            0            1 53.33607                0
4            0            0            1 53.33881                0
5            0            0            1 53.34155                0
6            0            0            1 53.34428                0
  day_of_week_cat2 day_of_week_cat3 day_of_week_cat4 day_of_week_cat5
1                0                0                0                0
2                1                0                0                0
3                0                1                0                0
4                0                0                1                0
5                0                0                0                1
6                0                0                0                0
  day_of_week_cat6 inflation      temp     precip exposure_2HRX9P6HKXA8V_1
1                0   2.13719 0.8993244 -0.2818423                        1
2                0   2.13719 1.1367049 -0.2818423                        1
3                0   2.13719 1.0059034 -0.1155143                        1
4                0   2.13719 0.2840728  0.1616990                        1
5                0   2.13719 0.3858073 -0.2818423                        1
6                1   2.13719 0.3373623 -0.2818423                        1
  exposure_ED5J990H5VAZT_1 exposure_L69HYJ4Y3TR91_1
1                        0                        0
2                        0                        0
3                        0                        0
4                        0                        0
5                        0                        0
6                        0                        0

$y_test
[1] 205   4  49 256 373 385

$idx_to_rest_test
[1] 1 1 1 1 1 1

$test_start_idx
[1]   1  85 204

$test_end_idx
[1]  84 203 218

$N_zeros
[1] 880

$idx_zeros
[1] 450 451 452 453 454 455

$mu_gamma_scale
[1] 1

$sigma_gamma_between_scale
[1] 0.4

$sigma_gamma_within_scale
[1] 1

$mu_beta_scale
[1] 1

$sigma_beta_scale
[1] 1

$mu_alpha_scale
[1] 1

$sigma_alpha_scale
[1] 1

$mu_delta_scale
[1] 1

$sigma_delta_scale
[1] 1

$mu_phi_log_scale
[1] 1

$sigma_phi_log_scale
[1] 1

$mu_pi_logit_scale
[1] 2

$sigma_pi_logit_scale
[1] 1

[1] "Fitting the multilevel model..."
Running MCMC with 2 parallel chains...

Chain 1 Iteration:    1 / 2200 [  0%]  (Warmup) 
Chain 1 Informational Message: The current Metropolis proposal is about to be rejected because of the following issue:
Chain 1 Exception: neg_binomial_2_lpmf: Location parameter[1] is -nan, but must be positive finite! (in '/tmp/RtmphlNjsS/model-13ee334fcddc69.stan', line 470, column 2 to column 59)
Chain 1 If this warning occurs sporadically, such as for highly constrained variable types like covariance matrices, then the sampler is fine,
Chain 1 but if this warning occurs often then your model may be either severely ill-conditioned or misspecified.
Chain 1 
Chain 1 Informational Message: The current Metropolis proposal is about to be rejected because of the following issue:
Chain 1 Exception: neg_binomial_2_lpmf: Location parameter[1] is -nan, but must be positive finite! (in '/tmp/RtmphlNjsS/model-13ee334fcddc69.stan', line 470, column 2 to column 59)
Chain 1 If this warning occurs sporadically, such as for highly constrained variable types like covariance matrices, then the sampler is fine,
Chain 1 but if this warning occurs often then your model may be either severely ill-conditioned or misspecified.
Chain 1 
Chain 1 Informational Message: The current Metropolis proposal is about to be rejected because of the following issue:
Chain 1 Exception: neg_binomial_2_lpmf: Location parameter[1] is -nan, but must be positive finite! (in '/tmp/RtmphlNjsS/model-13ee334fcddc69.stan', line 470, column 2 to column 59)
Chain 1 If this warning occurs sporadically, such as for highly constrained variable types like covariance matrices, then the sampler is fine,
Chain 1 but if this warning occurs often then your model may be either severely ill-conditioned or misspecified.
Chain 1 
Chain 1 Informational Message: The current Metropolis proposal is about to be rejected because of the following issue:
Chain 1 Exception: neg_binomial_2_lpmf: Location parameter[1] is -nan, but must be positive finite! (in '/tmp/RtmphlNjsS/model-13ee334fcddc69.stan', line 470, column 2 to column 59)
Chain 1 If this warning occurs sporadically, such as for highly constrained variable types like covariance matrices, then the sampler is fine,
Chain 1 but if this warning occurs often then your model may be either severely ill-conditioned or misspecified.
Chain 1 
Chain 1 Informational Message: The current Metropolis proposal is about to be rejected because of the following issue:
Chain 1 Exception: neg_binomial_2_lpmf: Location parameter[1] is inf, but must be positive finite! (in '/tmp/RtmphlNjsS/model-13ee334fcddc69.stan', line 470, column 2 to column 59)
Chain 1 If this warning occurs sporadically, such as for highly constrained variable types like covariance matrices, then the sampler is fine,
Chain 1 but if this warning occurs often then your model may be either severely ill-conditioned or misspecified.
Chain 1 
Chain 1 Informational Message: The current Metropolis proposal is about to be rejected because of the following issue:
Chain 1 Exception: neg_binomial_2_lpmf: Location parameter[1] is inf, but must be positive finite! (in '/tmp/RtmphlNjsS/model-13ee334fcddc69.stan', line 470, column 2 to column 59)
Chain 1 If this warning occurs sporadically, such as for highly constrained variable types like covariance matrices, then the sampler is fine,
Chain 1 but if this warning occurs often then your model may be either severely ill-conditioned or misspecified.
Chain 1 
Chain 1 Informational Message: The current Metropolis proposal is about to be rejected because of the following issue:
Chain 1 Exception: neg_binomial_2_lpmf: Location parameter[1] is inf, but must be positive finite! (in '/tmp/RtmphlNjsS/model-13ee334fcddc69.stan', line 470, column 2 to column 59)
Chain 1 If this warning occurs sporadically, such as for highly constrained variable types like covariance matrices, then the sampler is fine,
Chain 1 but if this warning occurs often then your model may be either severely ill-conditioned or misspecified.
Chain 1 
Chain 1 Informational Message: The current Metropolis proposal is about to be rejected because of the following issue:
Chain 1 Exception: neg_binomial_2_lpmf: Location parameter[1] is inf, but must be positive finite! (in '/tmp/RtmphlNjsS/model-13ee334fcddc69.stan', line 470, column 2 to column 59)
Chain 1 If this warning occurs sporadically, such as for highly constrained variable types like covariance matrices, then the sampler is fine,
Chain 1 but if this warning occurs often then your model may be either severely ill-conditioned or misspecified.
Chain 1 
Chain 1 Informational Message: The current Metropolis proposal is about to be rejected because of the following issue:
Chain 1 Exception: neg_binomial_2_lpmf: Location parameter[1] is inf, but must be positive finite! (in '/tmp/RtmphlNjsS/model-13ee334fcddc69.stan', line 470, column 2 to column 59)
Chain 1 If this warning occurs sporadically, such as for highly constrained variable types like covariance matrices, then the sampler is fine,
Chain 1 but if this warning occurs often then your model may be either severely ill-conditioned or misspecified.
Chain 1 
Chain 1 Informational Message: The current Metropolis proposal is about to be rejected because of the following issue:
Chain 1 Exception: neg_binomial_2_lpmf: Location parameter[1] is inf, but must be positive finite! (in '/tmp/RtmphlNjsS/model-13ee334fcddc69.stan', line 470, column 2 to column 59)
Chain 1 If this warning occurs sporadically, such as for highly constrained variable types like covariance matrices, then the sampler is fine,
Chain 1 but if this warning occurs often then your model may be either severely ill-conditioned or misspecified.
Chain 1 
Chain 1 Informational Message: The current Metropolis proposal is about to be rejected because of the following issue:
Chain 1 Exception: neg_binomial_2_lpmf: Location parameter[1] is inf, but must be positive finite! (in '/tmp/RtmphlNjsS/model-13ee334fcddc69.stan', line 470, column 2 to column 59)
Chain 1 If this warning occurs sporadically, such as for highly constrained variable types like covariance matrices, then the sampler is fine,
Chain 1 but if this warning occurs often then your model may be either severely ill-conditioned or misspecified.
Chain 1 
Chain 1 Informational Message: The current Metropolis proposal is about to be rejected because of the following issue:
Chain 1 Exception: neg_binomial_2_lpmf: Location parameter[523] is inf, but must be positive finite! (in '/tmp/RtmphlNjsS/model-13ee334fcddc69.stan', line 470, column 2 to column 59)
Chain 1 If this warning occurs sporadically, such as for highly constrained variable types like covariance matrices, then the sampler is fine,
Chain 1 but if this warning occurs often then your model may be either severely ill-conditioned or misspecified.
Chain 1 
Chain 1 Informational Message: The current Metropolis proposal is about to be rejected because of the following issue:
Chain 1 Exception: neg_binomial_2_lpmf: Location parameter[1] is -nan, but must be positive finite! (in '/tmp/RtmphlNjsS/model-13ee334fcddc69.stan', line 470, column 2 to column 59)
Chain 1 If this warning occurs sporadically, such as for highly constrained variable types like covariance matrices, then the sampler is fine,
Chain 1 but if this warning occurs often then your model may be either severely ill-conditioned or misspecified.
Chain 1 
Chain 1 Informational Message: The current Metropolis proposal is about to be rejected because of the following issue:
Chain 1 Exception: neg_binomial_2_lpmf: Location parameter[1] is 0, but must be positive finite! (in '/tmp/RtmphlNjsS/model-13ee334fcddc69.stan', line 470, column 2 to column 59)
Chain 1 If this warning occurs sporadically, such as for highly constrained variable types like covariance matrices, then the sampler is fine,
Chain 1 but if this warning occurs often then your model may be either severely ill-conditioned or misspecified.
Chain 1 
Chain 1 Informational Message: The current Metropolis proposal is about to be rejected because of the following issue:
Chain 1 Exception: neg_binomial_2_lpmf: Location parameter[1] is 0, but must be positive finite! (in '/tmp/RtmphlNjsS/model-13ee334fcddc69.stan', line 470, column 2 to column 59)
Chain 1 If this warning occurs sporadically, such as for highly constrained variable types like covariance matrices, then the sampler is fine,
Chain 1 but if this warning occurs often then your model may be either severely ill-conditioned or misspecified.
Chain 1 
Chain 1 Informational Message: The current Metropolis proposal is about to be rejected because of the following issue:
Chain 1 Exception: neg_binomial_2_lpmf: Location parameter[1] is 0, but must be positive finite! (in '/tmp/RtmphlNjsS/model-13ee334fcddc69.stan', line 470, column 2 to column 59)
Chain 1 If this warning occurs sporadically, such as for highly constrained variable types like covariance matrices, then the sampler is fine,
Chain 1 but if this warning occurs often then your model may be either severely ill-conditioned or misspecified.
Chain 1 
Chain 2 Iteration:    1 / 2200 [  0%]  (Warmup) 
Chain 2 Informational Message: The current Metropolis proposal is about to be rejected because of the following issue:
Chain 2 Exception: neg_binomial_2_lpmf: Location parameter[1] is -nan, but must be positive finite! (in '/tmp/RtmphlNjsS/model-13ee334fcddc69.stan', line 470, column 2 to column 59)
Chain 2 If this warning occurs sporadically, such as for highly constrained variable types like covariance matrices, then the sampler is fine,
Chain 2 but if this warning occurs often then your model may be either severely ill-conditioned or misspecified.
Chain 2 
Chain 2 Informational Message: The current Metropolis proposal is about to be rejected because of the following issue:
Chain 2 Exception: neg_binomial_2_lpmf: Location parameter[1] is -nan, but must be positive finite! (in '/tmp/RtmphlNjsS/model-13ee334fcddc69.stan', line 470, column 2 to column 59)
Chain 2 If this warning occurs sporadically, such as for highly constrained variable types like covariance matrices, then the sampler is fine,
Chain 2 but if this warning occurs often then your model may be either severely ill-conditioned or misspecified.
Chain 2 
Chain 2 Informational Message: The current Metropolis proposal is about to be rejected because of the following issue:
Chain 2 Exception: neg_binomial_2_lpmf: Location parameter[1] is 0, but must be positive finite! (in '/tmp/RtmphlNjsS/model-13ee334fcddc69.stan', line 470, column 2 to column 59)
Chain 2 If this warning occurs sporadically, such as for highly constrained variable types like covariance matrices, then the sampler is fine,
Chain 2 but if this warning occurs often then your model may be either severely ill-conditioned or misspecified.
Chain 2 
Chain 2 Informational Message: The current Metropolis proposal is about to be rejected because of the following issue:
Chain 2 Exception: neg_binomial_2_lpmf: Location parameter[1] is 0, but must be positive finite! (in '/tmp/RtmphlNjsS/model-13ee334fcddc69.stan', line 470, column 2 to column 59)
Chain 2 If this warning occurs sporadically, such as for highly constrained variable types like covariance matrices, then the sampler is fine,
Chain 2 but if this warning occurs often then your model may be either severely ill-conditioned or misspecified.
Chain 2 
Chain 2 Informational Message: The current Metropolis proposal is about to be rejected because of the following issue:
Chain 2 Exception: neg_binomial_2_lpmf: Location parameter[1] is 0, but must be positive finite! (in '/tmp/RtmphlNjsS/model-13ee334fcddc69.stan', line 470, column 2 to column 59)
Chain 2 If this warning occurs sporadically, such as for highly constrained variable types like covariance matrices, then the sampler is fine,
Chain 2 but if this warning occurs often then your model may be either severely ill-conditioned or misspecified.
Chain 2 
Chain 2 Informational Message: The current Metropolis proposal is about to be rejected because of the following issue:
Chain 2 Exception: neg_binomial_2_lpmf: Location parameter[1] is 0, but must be positive finite! (in '/tmp/RtmphlNjsS/model-13ee334fcddc69.stan', line 470, column 2 to column 59)
Chain 2 If this warning occurs sporadically, such as for highly constrained variable types like covariance matrices, then the sampler is fine,
Chain 2 but if this warning occurs often then your model may be either severely ill-conditioned or misspecified.
Chain 2 
Chain 2 Informational Message: The current Metropolis proposal is about to be rejected because of the following issue:
Chain 2 Exception: neg_binomial_2_lpmf: Location parameter[1] is 0, but must be positive finite! (in '/tmp/RtmphlNjsS/model-13ee334fcddc69.stan', line 470, column 2 to column 59)
Chain 2 If this warning occurs sporadically, such as for highly constrained variable types like covariance matrices, then the sampler is fine,
Chain 2 but if this warning occurs often then your model may be either severely ill-conditioned or misspecified.
Chain 2 
Chain 2 Informational Message: The current Metropolis proposal is about to be rejected because of the following issue:
Chain 2 Exception: neg_binomial_2_lpmf: Location parameter[1] is 0, but must be positive finite! (in '/tmp/RtmphlNjsS/model-13ee334fcddc69.stan', line 470, column 2 to column 59)
Chain 2 If this warning occurs sporadically, such as for highly constrained variable types like covariance matrices, then the sampler is fine,
Chain 2 but if this warning occurs often then your model may be either severely ill-conditioned or misspecified.
Chain 2 
Chain 2 Informational Message: The current Metropolis proposal is about to be rejected because of the following issue:
Chain 2 Exception: neg_binomial_2_lpmf: Location parameter[30] is inf, but must be positive finite! (in '/tmp/RtmphlNjsS/model-13ee334fcddc69.stan', line 470, column 2 to column 59)
Chain 2 If this warning occurs sporadically, such as for highly constrained variable types like covariance matrices, then the sampler is fine,
Chain 2 but if this warning occurs often then your model may be either severely ill-conditioned or misspecified.
Chain 2 
Chain 2 Informational Message: The current Metropolis proposal is about to be rejected because of the following issue:
Chain 2 Exception: neg_binomial_2_lpmf: Location parameter[2290] is 0, but must be positive finite! (in '/tmp/RtmphlNjsS/model-13ee334fcddc69.stan', line 470, column 2 to column 59)
Chain 2 If this warning occurs sporadically, such as for highly constrained variable types like covariance matrices, then the sampler is fine,
Chain 2 but if this warning occurs often then your model may be either severely ill-conditioned or misspecified.
Chain 2 
Chain 2 Informational Message: The current Metropolis proposal is about to be rejected because of the following issue:
Chain 2 Exception: neg_binomial_2_lpmf: Location parameter[1] is -nan, but must be positive finite! (in '/tmp/RtmphlNjsS/model-13ee334fcddc69.stan', line 470, column 2 to column 59)
Chain 2 If this warning occurs sporadically, such as for highly constrained variable types like covariance matrices, then the sampler is fine,
Chain 2 but if this warning occurs often then your model may be either severely ill-conditioned or misspecified.
Chain 2 
Chain 2 Informational Message: The current Metropolis proposal is about to be rejected because of the following issue:
Chain 2 Exception: neg_binomial_2_lpmf: Location parameter[1] is -nan, but must be positive finite! (in '/tmp/RtmphlNjsS/model-13ee334fcddc69.stan', line 470, column 2 to column 59)
Chain 2 If this warning occurs sporadically, such as for highly constrained variable types like covariance matrices, then the sampler is fine,
Chain 2 but if this warning occurs often then your model may be either severely ill-conditioned or misspecified.
Chain 2 
Chain 2 Informational Message: The current Metropolis proposal is about to be rejected because of the following issue:
Chain 2 Exception: neg_binomial_2_lpmf: Location parameter[1] is 0, but must be positive finite! (in '/tmp/RtmphlNjsS/model-13ee334fcddc69.stan', line 470, column 2 to column 59)
Chain 2 If this warning occurs sporadically, such as for highly constrained variable types like covariance matrices, then the sampler is fine,
Chain 2 but if this warning occurs often then your model may be either severely ill-conditioned or misspecified.
Chain 2 
Chain 2 Informational Message: The current Metropolis proposal is about to be rejected because of the following issue:
Chain 2 Exception: neg_binomial_2_lpmf: Location parameter[122] is inf, but must be positive finite! (in '/tmp/RtmphlNjsS/model-13ee334fcddc69.stan', line 470, column 2 to column 59)
Chain 2 If this warning occurs sporadically, such as for highly constrained variable types like covariance matrices, then the sampler is fine,
Chain 2 but if this warning occurs often then your model may be either severely ill-conditioned or misspecified.
Chain 2 
Chain 2 Iteration:  100 / 2200 [  4%]  (Warmup) 
Chain 1 Iteration:  100 / 2200 [  4%]  (Warmup) 
Chain 2 Iteration:  200 / 2200 [  9%]  (Warmup) 
Chain 1 Iteration:  200 / 2200 [  9%]  (Warmup) 
Chain 2 Iteration:  300 / 2200 [ 13%]  (Warmup) 
Chain 1 Iteration:  300 / 2200 [ 13%]  (Warmup) 
Chain 2 Iteration:  400 / 2200 [ 18%]  (Warmup) 
Chain 1 Iteration:  400 / 2200 [ 18%]  (Warmup) 
Chain 2 Iteration:  500 / 2200 [ 22%]  (Warmup) 
Chain 1 Iteration:  500 / 2200 [ 22%]  (Warmup) 
Chain 2 Iteration:  600 / 2200 [ 27%]  (Warmup) 
Chain 1 Iteration:  600 / 2200 [ 27%]  (Warmup) 
Chain 2 Iteration:  700 / 2200 [ 31%]  (Warmup) 
Chain 2 Iteration:  701 / 2200 [ 31%]  (Sampling) 
Chain 1 Iteration:  700 / 2200 [ 31%]  (Warmup) 
Chain 1 Iteration:  701 / 2200 [ 31%]  (Sampling) 
Chain 2 Iteration:  800 / 2200 [ 36%]  (Sampling) 
Chain 1 Iteration:  800 / 2200 [ 36%]  (Sampling) 
Chain 2 Iteration:  900 / 2200 [ 40%]  (Sampling) 
Chain 1 Iteration:  900 / 2200 [ 40%]  (Sampling) 
Chain 2 Iteration: 1000 / 2200 [ 45%]  (Sampling) 
Chain 1 Iteration: 1000 / 2200 [ 45%]  (Sampling) 
Chain 2 Iteration: 1100 / 2200 [ 50%]  (Sampling) 
Chain 1 Iteration: 1100 / 2200 [ 50%]  (Sampling) 
Chain 2 Iteration: 1200 / 2200 [ 54%]  (Sampling) 
Chain 1 Iteration: 1200 / 2200 [ 54%]  (Sampling) 
Chain 2 Iteration: 1300 / 2200 [ 59%]  (Sampling) 
Chain 1 Iteration: 1300 / 2200 [ 59%]  (Sampling) 
Chain 2 Iteration: 1400 / 2200 [ 63%]  (Sampling) 
Chain 1 Iteration: 1400 / 2200 [ 63%]  (Sampling) 
Chain 2 Iteration: 1500 / 2200 [ 68%]  (Sampling) 
Chain 1 Iteration: 1500 / 2200 [ 68%]  (Sampling) 
Chain 2 Iteration: 1600 / 2200 [ 72%]  (Sampling) 
Chain 1 Iteration: 1600 / 2200 [ 72%]  (Sampling) 
Chain 2 Iteration: 1700 / 2200 [ 77%]  (Sampling) 
Chain 1 Iteration: 1700 / 2200 [ 77%]  (Sampling) 
Chain 2 Iteration: 1800 / 2200 [ 81%]  (Sampling) 
Chain 1 Iteration: 1800 / 2200 [ 81%]  (Sampling) 
Chain 2 Iteration: 1900 / 2200 [ 86%]  (Sampling) 
Chain 1 Iteration: 1900 / 2200 [ 86%]  (Sampling) 
Chain 2 Iteration: 2000 / 2200 [ 90%]  (Sampling) 
Chain 1 Iteration: 2000 / 2200 [ 90%]  (Sampling) 
Chain 2 Iteration: 2100 / 2200 [ 95%]  (Sampling) 
Chain 1 Iteration: 2100 / 2200 [ 95%]  (Sampling) 
Chain 2 Iteration: 2200 / 2200 [100%]  (Sampling) 
Chain 2 finished in 38203.4 seconds.
Chain 1 Iteration: 2200 / 2200 [100%]  (Sampling) 
Chain 1 finished in 39069.2 seconds.

Both chains finished successfully.
Mean chain execution time: 38636.3 seconds.
Total execution time: 39069.5 seconds.

Warning: 141 of 3000 (5.0%) transitions ended with a divergence.
See https://mc-stan.org/misc/warnings for details.

Warning: 2857 of 3000 (95.0%) transitions hit the maximum treedepth limit of 10.
See https://mc-stan.org/misc/warnings for details.

[1] "Saving fit object..."
[1] "Calculating summary..."
[1] "Calculating samples..."
[1] "Calculating metadata..."
[1] "Summary of Hyperpriors (mu_*, sigma_*):"
# A tibble: 111 × 10
    variable      mean   median      sd     mad       q5      q95  rhat ess_bulk
    <chr>        <dbl>    <dbl>   <dbl>   <dbl>    <dbl>    <dbl> <dbl>    <dbl>
  1 mu_beta_… -0.0386  -0.0513  1.05    1.01    -1.68     1.76     1.00    1286.
  2 mu_beta_… -0.00353  0.00198 0.155   0.0760  -0.204    0.190    1.01     307.
  3 mu_beta_…  0.110    0.102   0.285   0.212   -0.305    0.574    1.00     372.
  4 mu_beta_…  0.287    0.305   0.219   0.177   -0.0865   0.611    1.00     314.
  5 mu_beta_…  0.00224  0.00262 0.0439  0.0148  -0.0529   0.0370   1.02     168.
  6 mu_beta_…  0.176    0.187   0.473   0.407   -0.622    0.963    1.00     530.
  7 mu_beta_…  0.119    0.113   0.150   0.101   -0.101    0.349    1.01     557.
  8 mu_beta_… -0.123   -0.131   0.200   0.142   -0.401    0.169    1.01     281.
  9 mu_beta_… -0.0171  -0.00163 0.462   0.371   -0.787    0.728    1.01     430.
 10 mu_beta_…  0.0110   0.0263  0.435   0.356   -0.707    0.683    1.01     436.
 11 mu_beta_… -0.0352  -0.0223  0.445   0.362   -0.791    0.666    1.01     468.
 12 mu_beta_…  0.0240   0.00948 0.406   0.339   -0.580    0.718    1.00     614.
 13 mu_beta_… -0.0153  -0.0216  0.393   0.342   -0.618    0.638    1.00     599.
 14 mu_beta_… -0.0853  -0.0495  0.595   0.374   -0.756    0.628    1.00     423.
 15 mu_beta_… -0.0962  -0.0999  0.438   0.362   -0.747    0.612    1.00     386.
 16 mu_beta_…  0.0405   0.0410  0.373   0.335   -0.566    0.662    1.00     570.
 17 mu_beta_… -0.107   -0.0951  0.394   0.349   -0.726    0.516    1.00     528.
 18 mu_beta_… -0.117   -0.123   0.276   0.183   -0.512    0.264    1.00     345.
 19 mu_beta_… -0.0681  -0.0662  0.521   0.416   -0.904    0.775    1.01     338.
 20 mu_beta_… -0.0287  -0.00868 0.479   0.396   -0.884    0.733    1.00     666.
 21 mu_beta_…  0.174    0.169   0.346   0.317   -0.361    0.760    1.00     490.
 22 mu_beta_… -0.0278  -0.0160  1.31    0.917   -2.10     1.97     1.00    1390.
 23 mu_beta_…  0.0989   0.0480  1.51    1.06    -2.21     2.66     1.00    1120.
 24 mu_beta_… -0.978   -0.846   1.14    1.11    -2.92     0.681    1.01     740.
 25 mu_beta_… -1.20    -1.27    0.990   1.06    -2.69     0.449    1.00     705.
 26 mu_beta_… -0.183   -0.132   0.758   0.578   -1.50     0.924    1.02     379.
 27 mu_beta_…  0.685    0.648   0.805   0.736   -0.518    1.93     1.01     631.
 28 mu_beta_…  0.187    0.159   0.699   0.576   -0.897    1.33     1.02     508.
 29 mu_beta_…  0.237    0.214   0.558   0.491   -0.607    1.16     1.01     551.
 30 mu_beta_…  0.213    0.182   0.520   0.458   -0.575    1.10     1.00     621.
 31 mu_beta_… -0.106   -0.0862  0.559   0.489   -1.03     0.812    1.01     520.
 32 mu_beta_…  0.0685   0.0678  0.0491  0.0398  -0.00857  0.151    1.00     442.
 33 mu_beta_… -0.132   -0.133   0.0392  0.0386  -0.194   -0.0663   1.00     728.
 34 mu_beta_… -0.133   -0.135   0.0428  0.0439  -0.203   -0.0606   1.00     464.
 35 mu_beta_… -0.0772  -0.0779  0.0447  0.0435  -0.152   -0.00444  1.01     556.
 36 mu_beta_…  0.0282   0.0292  0.0438  0.0459  -0.0456   0.100    1.01     664.
 37 mu_beta_…  0.0749   0.0513  0.464   0.394   -0.691    0.844    1.00     541.
 38 mu_beta_…  0.129    0.108   0.465   0.393   -0.629    0.908    1.00     530.
 39 mu_beta_…  0.410    0.408   0.123   0.124    0.214    0.615    1.00     495.
 40 mu_beta_…  0.0550   0.0555  0.0247  0.0250   0.0140   0.0951   1.00     922.
 41 mu_beta_… -0.0170  -0.0171  0.00935 0.00924 -0.0321  -0.00151  1.00    1957.
 42 mu_gamma… -0.240   -0.252   0.258   0.208   -0.615    0.206    1.00     577.
 43 mu_gamma… -0.0291   0.00528 1.06    1.01    -1.87     1.66     1.00     693.
 44 mu_alpha…  0.453    0.484   0.258   0.156    0.0552   0.755    1.00     308.
 45 mu_alpha…  0.139    0.112   0.204   0.0984  -0.0937   0.421    1.01     265.
 46 mu_alpha…  0.154    0.154   0.0332  0.0338   0.0964   0.207    1.00     544.
 47 mu_alpha…  0.0387   0.0389  0.0307  0.0315  -0.0113   0.0911   1.00     701.
 48 mu_alpha…  0.0583   0.0580  0.0313  0.0299   0.00811  0.111    1.00     646.
 49 mu_alpha…  0.0490   0.0499  0.0299  0.0299  -0.00196  0.0968   1.00     902.
 50 mu_alpha…  0.0963   0.0959  0.0301  0.0309   0.0487   0.147    1.00    1081.
 51 mu_alpha…  0.0262   0.0260  0.0254  0.0259  -0.0157   0.0665   1.00    1053.
 52 mu_alpha…  0.0539   0.0535  0.0250  0.0250   0.0140   0.0961   1.00     897.
 53 mu_alpha…  0.0936   0.0946  0.0266  0.0257   0.0472   0.135    1.00     614.
 54 mu_alpha…  0.0646   0.0649  0.0252  0.0251   0.0227   0.106    1.00    1069.
 55 mu_alpha…  0.00707  0.00740 0.0249  0.0259  -0.0320   0.0491   1.00    1025.
 56 mu_delta… -0.456   -0.462   0.265   0.200   -0.879   -0.0221   1.00     467.
 57 mu_delta… -0.0152  -0.0245  0.228   0.144   -0.333    0.332    1.00     411.
 58 mu_delta… -0.267   -0.265   0.0591  0.0592  -0.366   -0.172    1.00     823.
 59 mu_delta… -0.0886  -0.0854  0.0563  0.0552  -0.186    0.00137  1.00     675.
 60 mu_delta… -0.127   -0.126   0.0555  0.0561  -0.223   -0.0391   1.00     745.
 61 mu_delta… -0.202   -0.199   0.0592  0.0594  -0.301   -0.107    1.00     734.
 62 mu_delta…  0.0182   0.0176  0.0540  0.0550  -0.0714   0.108    1.01     911.
 63 mu_delta… -0.0111  -0.0112  0.0439  0.0449  -0.0824   0.0623   1.00    1008.
 64 mu_delta… -0.0280  -0.0269  0.0421  0.0416  -0.0988   0.0425   1.00     741.
 65 mu_delta… -0.0432  -0.0430  0.0463  0.0440  -0.120    0.0321   1.01     937.
 66 mu_delta… -0.101   -0.101   0.0428  0.0436  -0.172   -0.0315   1.00     756.
 67 mu_delta… -0.0351  -0.0365  0.0404  0.0425  -0.0990   0.0321   1.00    1192.
 68 mu_phi_l…  1.22     1.33    0.641   0.530   -0.00663  2.07     1.00     452.
 69 mu_pi_lo… -3.07    -3.02    0.930   0.871   -4.58    -1.61     1.00     363.
 70 sigma_be…  1.04     0.820   0.896   0.778    0.0572   2.80     1.00     860.
 71 sigma_be…  0.200    0.131   0.229   0.0898   0.0438   0.579    1.01     407.
 72 sigma_be…  0.492    0.396   0.334   0.203    0.186    1.09     1.00     779.
 73 sigma_be…  0.375    0.309   0.258   0.163    0.137    0.865    1.00     678.
 74 sigma_be…  0.0395   0.0170  0.0724  0.0173   0.00166  0.160    1.03     223.
 75 sigma_be…  0.109    0.0650  0.145   0.0626   0.00752  0.381    1.00     748.
 76 sigma_be…  0.211    0.154   0.214   0.120    0.0212   0.594    1.01     382.
 77 sigma_be…  0.292    0.208   0.285   0.166    0.0311   0.808    1.01     364.
 78 sigma_be…  0.349    0.262   0.314   0.200    0.0380   0.934    1.00     658.
 79 sigma_be…  0.225    0.142   0.268   0.141    0.0105   0.747    1.00     494.
 80 sigma_be…  0.294    0.205   0.326   0.186    0.0232   0.869    1.00     702.
 81 sigma_be…  0.223    0.140   0.267   0.144    0.0127   0.719    1.00     663.
 82 sigma_be…  0.225    0.142   0.275   0.142    0.0123   0.692    1.00     666.
 83 sigma_be…  0.357    0.187   0.506   0.203    0.0161   1.22     1.00     441.
 84 sigma_be…  0.455    0.295   0.500   0.305    0.0234   1.49     1.01     386.
 85 sigma_be…  0.402    0.302   0.373   0.243    0.0398   1.16     1.00     475.
 86 sigma_be…  0.451    0.353   0.378   0.239    0.0661   1.09     1.00     340.
 87 sigma_be…  0.322    0.213   0.355   0.200    0.0245   1.04     1.00     363.
 88 sigma_be…  0.282    0.175   0.325   0.177    0.0180   0.856    1.00     576.
 89 sigma_be…  0.350    0.248   0.365   0.231    0.0162   1.02     1.00     176.
 90 sigma_be…  0.232    0.154   0.263   0.146    0.0144   0.717    1.00     442.
 91 sigma_be…  1.00     0.676   0.999   0.739    0.0479   2.93     1.00     878.
 92 sigma_be…  1.03     0.716   1.03    0.747    0.0560   3.05     1.00     797.
 93 sigma_be…  1.08     0.807   0.968   0.801    0.0673   3.11     1.00     631.
 94 sigma_be…  1.13     0.904   1.00    0.908    0.0448   3.03     1.00     449.
 95 sigma_be…  0.765    0.549   0.749   0.540    0.0413   2.24     1.00     818.
 96 sigma_be…  1.23     1.08    0.765   0.610    0.264    2.66     1.01     376.
 97 sigma_be…  1.03     0.856   0.790   0.562    0.0828   2.40     1.00     295.
 98 sigma_be…  0.662    0.519   0.559   0.413    0.0631   1.72     1.00     671.
 99 sigma_be…  0.527    0.388   0.517   0.393    0.0273   1.49     1.00     395.
100 sigma_be…  0.599    0.440   0.542   0.428    0.0395   1.69     1.01     308.
101 sigma_be…  0.0582   0.0365  0.0621  0.0349   0.00348  0.201    1.00     327.
102 sigma_ga…  0.304    0.264   0.205   0.186    0.0361   0.698    1.00     691.
103 sigma_ga…  0.311    0.256   0.244   0.240    0.0181   0.784    1.00     874.
104 sigma_al…  0.355    0.264   0.313   0.185    0.0752   1.02     1.00     313.
105 sigma_al…  0.250    0.166   0.293   0.122    0.0399   0.743    1.00     197.
106 sigma_de…  0.414    0.320   0.329   0.222    0.0925   1.01     1.00     638.
107 sigma_de…  0.329    0.240   0.301   0.177    0.0532   0.862    1.01     435.
108 sigma_ph…  1.17     1.03    0.614   0.487    0.486    2.35     1.01     502.
109 sigma_pi…  1.79     1.66    0.738   0.652    0.835    3.23     1.01     416.
110 sigma_ga…  0.777    0.651   0.586   0.563    0.0514   1.87     1.00    1134.
111 sigma_ga…  0.807    0.672   0.612   0.579    0.0636   1.97     1.00    1133.
# ℹ 1 more variable: ess_tail <dbl>
[1] "Calculating lambda_mean..."
[1] "Calculating lambda_test_mean..."
[1] "Calculating y_rep_mean..."
[1] "Calculating y_test_rep_mean..."
[1] "Generating plots..."
[1] "exposure_2HRX9P6HKXA8V_1" "exposure_ED5J990H5VAZT_1"
[3] "exposure_L69HYJ4Y3TR91_1"
[1] 3
Adding missing grouping variables: `location_id_num`
[1] "Skipping daily plot for 2HRX9P6HKXA8V due to missing daily data."
[1] "Skipping daily plot for ED5J990H5VAZT due to missing daily data."
[1] "Skipping daily plot for L69HYJ4Y3TR91 due to missing daily data."
[1] "Skipping MLflow logging as existing fit file was loaded."
[1] "Done."
          used  (Mb) gc trigger   (Mb)  max used   (Mb)
Ncells 5106693 272.8    7694538  411.0   7694538  411.0
Vcells 9945403  75.9  281212429 2145.5 343832318 2623.3
Warning messages:
1: Dropping 'draws_df' class as required metadata was removed. 
2: Dropping 'draws_df' class as required metadata was removed. 
3: Dropping 'draws_df' class as required metadata was removed. 
4: Dropping 'draws_df' class as required metadata was removed. 
