- The project is out-of-sync -- use `renv::status()` for details.
── Attaching core tidyverse packages ──────────────────────── tidyverse 2.0.0 ──
✔ dplyr     1.1.4     ✔ readr     2.1.5
✔ forcats   1.0.0     ✔ stringr   1.5.1
✔ ggplot2   3.5.1     ✔ tibble    3.2.1
✔ lubridate 1.9.4     ✔ tidyr     1.3.1
✔ purrr     1.0.4     
[conflicted] Will prefer dplyr::select over any other package.
[conflicted] Will prefer dplyr::filter over any other package.
[conflicted] Will prefer lubridate::year over any other package.
[conflicted] Will prefer lubridate::month over any other package.
[conflicted] Will prefer purrr::map over any other package.
[conflicted] Will prefer stats::sd over any other package.
[conflicted] Will prefer base::match over any other package.
This is cmdstanr version 0.9.0
- CmdStanR documentation and vignettes: mc-stan.org/cmdstanr
- CmdStan path: /home/nuttidalab/.cmdstan/cmdstan-2.36.0
- CmdStan version: 2.36.0

A newer version of CmdStan is available. See ?install_cmdstan() to install it.
To disable this check set option or environment variable cmdstanr_no_ver_check=TRUE.
This is posterior version 1.6.0
Registered S3 method overwritten by 'tsibble':
  method               from 
  as_tibble.grouped_df dplyr
── Attaching packages ──────────────────────────────────────────── fpp3 1.0.1 ──
✔ tsibble     1.1.6     ✔ feasts      0.4.1
✔ tsibbledata 0.4.1     ✔ fable       0.4.1
Loading required package: R.oo
Loading required package: R.methodsS3
R.methodsS3 v1.8.2 (2022-06-13 22:00:14 UTC) successfully loaded. See ?R.methodsS3 for help.
R.oo v1.27.0 (2024-11-01 18:00:02 UTC) successfully loaded. See ?R.oo for help.

Attaching package: ‘R.oo’

The following object is masked from ‘package:R.methodsS3’:

    throw

The following object is masked from ‘package:shiny’:

    printStackTrace

The following object is masked from ‘package:renv’:

    load

The following objects are masked from ‘package:methods’:

    getClasses, getMethods

The following objects are masked from ‘package:base’:

    attach, detach, load, save

R.utils v2.13.0 (2025-02-24 21:20:02 UTC) successfully loaded. See ?R.utils for help.
Registered S3 method overwritten by 'quantmod':
  method            from
  as.zoo.data.frame zoo 
Registered S3 methods overwritten by 'bayesforecast':
  method      from    
  autoplot.ts forecast
  forecast.ts forecast
  fortify.ts  forecast
  print.garch tseries 
[1] "# of rows: 34628"
[1] "# of rows: 2621"
[1] "Found 2 exposure columns in the data: exposure_JHDN7CF1C03X5_1, exposure_W8T41JZK0ZMEP_1"
Numeric columns considered for scaling:
vegan_window_sum_item_quantity,
vegetarian_window_sum_item_quantity,
meat_window_sum_item_quantity,
vegan_window_avg_item_price,
vegetarian_window_avg_item_price,
meat_window_avg_item_price,
breakfast_p_window_avg_item_price,
textured_p_window_avg_item_price,
untextured_p_window_avg_item_price,
chicken_p_window_avg_item_price,
dairy_p_window_avg_item_price,
egg_p_window_avg_item_price,
breakfast_window_avg_item_price,
textured_window_avg_item_price,
untextured_window_avg_item_price,
breakfast_t2_window_avg_item_price,
textured_t2_window_avg_item_price,
untextured_t2_window_avg_item_price,
chicken_t2_window_avg_item_price,
dairy_t2_window_avg_item_price,
day_of_month,
Value,
vegan_price_real,
vegetarian_price_real,
meat_price_real,
breakfast_p_price_real,
textured_p_price_real,
untextured_p_price_real,
chicken_p_price_real,
dairy_p_price_real,
egg_p_price_real,
breakfast_price_real,
textured_price_real,
untextured_price_real,
breakfast_t2_price_real,
textured_t2_price_real,
untextured_t2_price_real,
chicken_t2_price_real,
dairy_t2_price_real,
inflation,
temp,
precip[1] "Successfully created `expo_to_rest` mapping."
[1] "Successfully created `expo_to_param` mapping."
Identified 2 exposure columns in the design matrix: 
exposure_JHDN7CF1C03X5_1, 
exposure_W8T41JZK0ZMEP_1
Identified 31 random beta columns: 
vegan_price_real, 
vegetarian_price_real, 
meat_price_real, 
chicken_p_price_real, 
weekend, 
holiday_window, 
month_cat2, 
month_cat3, 
month_cat4, 
month_cat5, 
month_cat6, 
month_cat7, 
month_cat8, 
month_cat9, 
month_cat10, 
month_cat11, 
month_cat12, 
seasonspring, 
seasonsummer, 
seasonwinter, 
year_cat2014, 
year_cat2015, 
year_cat2016, 
year_cat2017, 
year_cat2018, 
year_cat2019, 
year_cat2020, 
year_cat2021, 
year_cat2022, 
year_cat2023, 
date_num
Identified 9 fixed beta columns: 
day_of_week_cat1, 
day_of_week_cat2, 
day_of_week_cat3, 
day_of_week_cat4, 
day_of_week_cat5, 
day_of_week_cat6, 
inflation, 
temp, 
precip
Identified 2 random alpha indices (positions): 
1, 7
Identified 2 random delta indices (positions): 
1, 7
$R
[1] 2

$J
[1] 43

$p_effective
[1] 12

$q_effective
[1] 12

$M
[1] 2

$idx_intercept
[1] 1

$K_beta_random
[1] 31

$idx_beta_random
[1] 2 3 4 5 6 7

$K_beta_fixed
[1] 9

$idx_beta_fixed
[1] 33 34 35 36 37 38

$K_exposure
[1] 2

$idx_exposure
[1] 42 43

$expo_to_rest
[1] 1 2

$expo_to_param
[1] 1 1

$effective_lags_alpha
[1] 1 2 3 4 5 6

$K_alpha_random
[1] 2

$idx_alpha_random
[1] 1 7

$K_alpha_fixed
[1] 10

$idx_alpha_fixed
[1] 2 3 4 5 6 8

$effective_lags_delta
[1] 1 2 3 4 5 6

$K_delta_random
[1] 2

$idx_delta_random
[1] 1 7

$K_delta_fixed
[1] 10

$idx_delta_fixed
[1] 2 3 4 5 6 8

$N_train
[1] 2489

$X_train
  (Intercept) vegan_price_real vegetarian_price_real meat_price_real
1           1        0.1741680            -0.4848552       -0.913200
2           1       -1.4521438            -1.7995457       -1.350147
3           1       -0.5146125            -1.2356612       -1.138103
4           1       -0.3819662            -1.2358628       -1.502691
5           1       -0.1636416            -1.0694664       -1.200223
6           1       -0.2008412            -1.1844334       -1.631782
  chicken_p_price_real weekend holiday_window month_cat2 month_cat3 month_cat4
1           -0.7661627       1              0          0          0          0
2           -0.9877312       0              0          0          0          0
3           -0.9666679       0              0          0          0          0
4           -0.8597720       0              0          0          0          0
5           -1.1054560       0              0          0          0          0
6           -0.9815359       0              0          1          0          0
  month_cat5 month_cat6 month_cat7 month_cat8 month_cat9 month_cat10
1          0          0          0          0          0           0
2          0          0          0          0          0           0
3          0          0          0          0          0           0
4          0          0          0          0          0           0
5          0          0          0          0          0           0
6          0          0          0          0          0           0
  month_cat11 month_cat12 seasonspring seasonsummer seasonwinter year_cat2014
1           0           0            0            0            1            0
2           0           0            0            0            1            0
3           0           0            0            0            1            0
4           0           0            0            0            1            0
5           0           0            0            0            1            0
6           0           0            0            0            1            0
  year_cat2015 year_cat2016 year_cat2017 year_cat2018 year_cat2019 year_cat2020
1            0            0            0            0            1            0
2            0            0            0            0            1            0
3            0            0            0            0            1            0
4            0            0            0            0            1            0
5            0            0            0            0            1            0
6            0            0            0            0            1            0
  year_cat2021 year_cat2022 year_cat2023 date_num day_of_week_cat1
1            0            0            0 49.07050                0
2            0            0            0 49.07324                0
3            0            0            0 49.07598                1
4            0            0            0 49.07871                0
5            0            0            0 49.08145                0
6            0            0            0 49.08419                0
  day_of_week_cat2 day_of_week_cat3 day_of_week_cat4 day_of_week_cat5
1                0                0                0                0
2                0                0                0                0
3                0                0                0                0
4                1                0                0                0
5                0                1                0                0
6                0                0                1                0
  day_of_week_cat6 inflation      temp     precip exposure_JHDN7CF1C03X5_1
1                1 -1.391755 -1.234689 -0.3860824                        7
2                0 -1.391755 -1.380171 -0.3860824                        7
3                0 -1.391755 -2.008860 -0.3860824                        7
4                0 -1.391755 -2.440109 -0.3860824                        7
5                0 -1.391755 -2.071209 -0.3860824                        7
6                0 -1.323861 -1.000879 -0.3022693                        7
  exposure_W8T41JZK0ZMEP_1
1                        0
2                        0
3                        0
4                        0
5                        0
6                        0

$y_train
[1] 29 51 61 75 62 56

$idx_to_rest_train
[1] 1 1 1 1 1 1

$train_start_idx
[1]    1 1296

$train_end_idx
[1] 1295 2489

$N_test
[1] 132

$X_test
  (Intercept) vegan_price_real vegetarian_price_real meat_price_real
1           1        0.4654917           -0.99931724       0.6367761
2           1       -0.6156537           -1.33755258       1.4154485
3           1        0.5437022           -1.28388916       1.2111087
4           1        0.3198055           -0.02880049       1.1870609
5           1        0.7053811            0.05298649       0.8965105
6           1        0.4056837           -0.18391876      -0.1699937
  chicken_p_price_real weekend holiday_window month_cat2 month_cat3 month_cat4
1          -0.07793563       1              0          0          0          0
2          -0.15184851       0              0          0          0          0
3          -0.65098255       0              0          0          0          0
4          -0.52806179       0              0          0          0          0
5          -0.11012708       0              0          0          0          0
6          -0.18906158       0              0          0          0          0
  month_cat5 month_cat6 month_cat7 month_cat8 month_cat9 month_cat10
1          0          0          0          1          0           0
2          0          0          0          1          0           0
3          0          0          0          1          0           0
4          0          0          0          1          0           0
5          0          0          0          1          0           0
6          0          0          0          1          0           0
  month_cat11 month_cat12 seasonspring seasonsummer seasonwinter year_cat2014
1           0           0            0            1            0            0
2           0           0            0            1            0            0
3           0           0            0            1            0            0
4           0           0            0            1            0            0
5           0           0            0            1            0            0
6           0           0            0            1            0            0
  year_cat2015 year_cat2016 year_cat2017 year_cat2018 year_cat2019 year_cat2020
1            0            0            0            0            0            0
2            0            0            0            0            0            0
3            0            0            0            0            0            0
4            0            0            0            0            0            0
5            0            0            0            0            0            0
6            0            0            0            0            0            0
  year_cat2021 year_cat2022 year_cat2023 date_num day_of_week_cat1
1            0            1            0 52.61602                0
2            0            1            0 52.61875                0
3            0            1            0 52.62149                1
4            0            1            0 52.62423                0
5            0            1            0 52.62697                0
6            0            1            0 52.62971                0
  day_of_week_cat2 day_of_week_cat3 day_of_week_cat4 day_of_week_cat5
1                0                0                0                0
2                0                0                0                0
3                0                0                0                0
4                1                0                0                0
5                0                1                0                0
6                0                0                1                0
  day_of_week_cat6 inflation      temp     precip exposure_JHDN7CF1C03X5_1
1                1  2.288916 0.9527328 -0.3860824                       14
2                0  2.288916 0.9839075 -0.3860824                       14
3                0  2.288916 0.5786370  2.3587974                       14
4                0  2.288916 0.8384258 -0.3860824                       14
5                0  2.288916 0.7812722 -0.3860824                       14
6                0  2.288916 0.8124469 -0.3860824                       14
  exposure_W8T41JZK0ZMEP_1
1                        0
2                        0
3                        0
4                        0
5                        0
6                        0

$y_test
[1]  0 49 43 37 35 25

$idx_to_rest_test
[1] 1 1 1 1 1 1

$test_start_idx
[1]  1 70

$test_end_idx
[1]  69 132

$N_zeros
[1] 462

$idx_zeros
[1]  85 121 219 306 333 344

$mu_gamma_scale
[1] 1

$sigma_gamma_between_scale
[1] 0.4

$sigma_gamma_within_scale
[1] 1

$mu_beta_scale
[1] 1

$sigma_beta_scale
[1] 1

$mu_alpha_scale
[1] 1

$sigma_alpha_scale
[1] 1

$mu_delta_scale
[1] 1

$sigma_delta_scale
[1] 1

$mu_phi_log_scale
[1] 1

$sigma_phi_log_scale
[1] 1

$mu_pi_logit_scale
[1] 2

$sigma_pi_logit_scale
[1] 1

[1] "Fitting the multilevel model..."
Running MCMC with 2 parallel chains...

Chain 1 Iteration:    1 / 2200 [  0%]  (Warmup) 
Chain 1 Informational Message: The current Metropolis proposal is about to be rejected because of the following issue:
Chain 1 Exception: neg_binomial_2_lpmf: Location parameter[1] is -nan, but must be positive finite! (in '/tmp/Rtmp3KSlYZ/model-128add766119f8.stan', line 470, column 2 to column 59)
Chain 1 If this warning occurs sporadically, such as for highly constrained variable types like covariance matrices, then the sampler is fine,
Chain 1 but if this warning occurs often then your model may be either severely ill-conditioned or misspecified.
Chain 1 
Chain 1 Informational Message: The current Metropolis proposal is about to be rejected because of the following issue:
Chain 1 Exception: neg_binomial_2_lpmf: Location parameter[1] is -nan, but must be positive finite! (in '/tmp/Rtmp3KSlYZ/model-128add766119f8.stan', line 470, column 2 to column 59)
Chain 1 If this warning occurs sporadically, such as for highly constrained variable types like covariance matrices, then the sampler is fine,
Chain 1 but if this warning occurs often then your model may be either severely ill-conditioned or misspecified.
Chain 1 
Chain 1 Informational Message: The current Metropolis proposal is about to be rejected because of the following issue:
Chain 1 Exception: neg_binomial_2_lpmf: Location parameter[1] is -nan, but must be positive finite! (in '/tmp/Rtmp3KSlYZ/model-128add766119f8.stan', line 470, column 2 to column 59)
Chain 1 If this warning occurs sporadically, such as for highly constrained variable types like covariance matrices, then the sampler is fine,
Chain 1 but if this warning occurs often then your model may be either severely ill-conditioned or misspecified.
Chain 1 
Chain 1 Informational Message: The current Metropolis proposal is about to be rejected because of the following issue:
Chain 1 Exception: neg_binomial_2_lpmf: Location parameter[1] is inf, but must be positive finite! (in '/tmp/Rtmp3KSlYZ/model-128add766119f8.stan', line 470, column 2 to column 59)
Chain 1 If this warning occurs sporadically, such as for highly constrained variable types like covariance matrices, then the sampler is fine,
Chain 1 but if this warning occurs often then your model may be either severely ill-conditioned or misspecified.
Chain 1 
Chain 1 Informational Message: The current Metropolis proposal is about to be rejected because of the following issue:
Chain 1 Exception: neg_binomial_2_lpmf: Location parameter[1] is inf, but must be positive finite! (in '/tmp/Rtmp3KSlYZ/model-128add766119f8.stan', line 470, column 2 to column 59)
Chain 1 If this warning occurs sporadically, such as for highly constrained variable types like covariance matrices, then the sampler is fine,
Chain 1 but if this warning occurs often then your model may be either severely ill-conditioned or misspecified.
Chain 1 
Chain 1 Informational Message: The current Metropolis proposal is about to be rejected because of the following issue:
Chain 1 Exception: neg_binomial_2_lpmf: Location parameter[1] is inf, but must be positive finite! (in '/tmp/Rtmp3KSlYZ/model-128add766119f8.stan', line 470, column 2 to column 59)
Chain 1 If this warning occurs sporadically, such as for highly constrained variable types like covariance matrices, then the sampler is fine,
Chain 1 but if this warning occurs often then your model may be either severely ill-conditioned or misspecified.
Chain 1 
Chain 1 Informational Message: The current Metropolis proposal is about to be rejected because of the following issue:
Chain 1 Exception: neg_binomial_2_lpmf: Location parameter[1] is inf, but must be positive finite! (in '/tmp/Rtmp3KSlYZ/model-128add766119f8.stan', line 470, column 2 to column 59)
Chain 1 If this warning occurs sporadically, such as for highly constrained variable types like covariance matrices, then the sampler is fine,
Chain 1 but if this warning occurs often then your model may be either severely ill-conditioned or misspecified.
Chain 1 
Chain 1 Informational Message: The current Metropolis proposal is about to be rejected because of the following issue:
Chain 1 Exception: neg_binomial_2_lpmf: Location parameter[1] is inf, but must be positive finite! (in '/tmp/Rtmp3KSlYZ/model-128add766119f8.stan', line 470, column 2 to column 59)
Chain 1 If this warning occurs sporadically, such as for highly constrained variable types like covariance matrices, then the sampler is fine,
Chain 1 but if this warning occurs often then your model may be either severely ill-conditioned or misspecified.
Chain 1 
Chain 1 Informational Message: The current Metropolis proposal is about to be rejected because of the following issue:
Chain 1 Exception: neg_binomial_2_lpmf: Location parameter[1] is inf, but must be positive finite! (in '/tmp/Rtmp3KSlYZ/model-128add766119f8.stan', line 470, column 2 to column 59)
Chain 1 If this warning occurs sporadically, such as for highly constrained variable types like covariance matrices, then the sampler is fine,
Chain 1 but if this warning occurs often then your model may be either severely ill-conditioned or misspecified.
Chain 1 
Chain 1 Informational Message: The current Metropolis proposal is about to be rejected because of the following issue:
Chain 1 Exception: neg_binomial_2_lpmf: Location parameter[1] is inf, but must be positive finite! (in '/tmp/Rtmp3KSlYZ/model-128add766119f8.stan', line 470, column 2 to column 59)
Chain 1 If this warning occurs sporadically, such as for highly constrained variable types like covariance matrices, then the sampler is fine,
Chain 1 but if this warning occurs often then your model may be either severely ill-conditioned or misspecified.
Chain 1 
Chain 1 Informational Message: The current Metropolis proposal is about to be rejected because of the following issue:
Chain 1 Exception: neg_binomial_2_lpmf: Location parameter[1] is -nan, but must be positive finite! (in '/tmp/Rtmp3KSlYZ/model-128add766119f8.stan', line 470, column 2 to column 59)
Chain 1 If this warning occurs sporadically, such as for highly constrained variable types like covariance matrices, then the sampler is fine,
Chain 1 but if this warning occurs often then your model may be either severely ill-conditioned or misspecified.
Chain 1 
Chain 1 Informational Message: The current Metropolis proposal is about to be rejected because of the following issue:
Chain 1 Exception: neg_binomial_2_lpmf: Location parameter[1] is -nan, but must be positive finite! (in '/tmp/Rtmp3KSlYZ/model-128add766119f8.stan', line 470, column 2 to column 59)
Chain 1 If this warning occurs sporadically, such as for highly constrained variable types like covariance matrices, then the sampler is fine,
Chain 1 but if this warning occurs often then your model may be either severely ill-conditioned or misspecified.
Chain 1 
Chain 1 Informational Message: The current Metropolis proposal is about to be rejected because of the following issue:
Chain 1 Exception: neg_binomial_2_lpmf: Location parameter[1] is inf, but must be positive finite! (in '/tmp/Rtmp3KSlYZ/model-128add766119f8.stan', line 470, column 2 to column 59)
Chain 1 If this warning occurs sporadically, such as for highly constrained variable types like covariance matrices, then the sampler is fine,
Chain 1 but if this warning occurs often then your model may be either severely ill-conditioned or misspecified.
Chain 1 
Chain 1 Informational Message: The current Metropolis proposal is about to be rejected because of the following issue:
Chain 1 Exception: neg_binomial_2_lpmf: Location parameter[1] is inf, but must be positive finite! (in '/tmp/Rtmp3KSlYZ/model-128add766119f8.stan', line 470, column 2 to column 59)
Chain 1 If this warning occurs sporadically, such as for highly constrained variable types like covariance matrices, then the sampler is fine,
Chain 1 but if this warning occurs often then your model may be either severely ill-conditioned or misspecified.
Chain 1 
Chain 2 Iteration:    1 / 2200 [  0%]  (Warmup) 
Chain 2 Informational Message: The current Metropolis proposal is about to be rejected because of the following issue:
Chain 2 Exception: neg_binomial_2_lpmf: Location parameter[1] is 0, but must be positive finite! (in '/tmp/Rtmp3KSlYZ/model-128add766119f8.stan', line 470, column 2 to column 59)
Chain 2 If this warning occurs sporadically, such as for highly constrained variable types like covariance matrices, then the sampler is fine,
Chain 2 but if this warning occurs often then your model may be either severely ill-conditioned or misspecified.
Chain 2 
Chain 2 Informational Message: The current Metropolis proposal is about to be rejected because of the following issue:
Chain 2 Exception: neg_binomial_2_lpmf: Location parameter[1] is 0, but must be positive finite! (in '/tmp/Rtmp3KSlYZ/model-128add766119f8.stan', line 470, column 2 to column 59)
Chain 2 If this warning occurs sporadically, such as for highly constrained variable types like covariance matrices, then the sampler is fine,
Chain 2 but if this warning occurs often then your model may be either severely ill-conditioned or misspecified.
Chain 2 
Chain 2 Informational Message: The current Metropolis proposal is about to be rejected because of the following issue:
Chain 2 Exception: neg_binomial_2_lpmf: Location parameter[1] is 0, but must be positive finite! (in '/tmp/Rtmp3KSlYZ/model-128add766119f8.stan', line 470, column 2 to column 59)
Chain 2 If this warning occurs sporadically, such as for highly constrained variable types like covariance matrices, then the sampler is fine,
Chain 2 but if this warning occurs often then your model may be either severely ill-conditioned or misspecified.
Chain 2 
Chain 2 Informational Message: The current Metropolis proposal is about to be rejected because of the following issue:
Chain 2 Exception: neg_binomial_2_lpmf: Location parameter[1] is 0, but must be positive finite! (in '/tmp/Rtmp3KSlYZ/model-128add766119f8.stan', line 470, column 2 to column 59)
Chain 2 If this warning occurs sporadically, such as for highly constrained variable types like covariance matrices, then the sampler is fine,
Chain 2 but if this warning occurs often then your model may be either severely ill-conditioned or misspecified.
Chain 2 
Chain 2 Informational Message: The current Metropolis proposal is about to be rejected because of the following issue:
Chain 2 Exception: neg_binomial_2_lpmf: Location parameter[1] is 0, but must be positive finite! (in '/tmp/Rtmp3KSlYZ/model-128add766119f8.stan', line 470, column 2 to column 59)
Chain 2 If this warning occurs sporadically, such as for highly constrained variable types like covariance matrices, then the sampler is fine,
Chain 2 but if this warning occurs often then your model may be either severely ill-conditioned or misspecified.
Chain 2 
Chain 2 Informational Message: The current Metropolis proposal is about to be rejected because of the following issue:
Chain 2 Exception: neg_binomial_2_lpmf: Location parameter[1] is 0, but must be positive finite! (in '/tmp/Rtmp3KSlYZ/model-128add766119f8.stan', line 470, column 2 to column 59)
Chain 2 If this warning occurs sporadically, such as for highly constrained variable types like covariance matrices, then the sampler is fine,
Chain 2 but if this warning occurs often then your model may be either severely ill-conditioned or misspecified.
Chain 2 
Chain 2 Informational Message: The current Metropolis proposal is about to be rejected because of the following issue:
Chain 2 Exception: neg_binomial_2_lpmf: Location parameter[1] is 0, but must be positive finite! (in '/tmp/Rtmp3KSlYZ/model-128add766119f8.stan', line 470, column 2 to column 59)
Chain 2 If this warning occurs sporadically, such as for highly constrained variable types like covariance matrices, then the sampler is fine,
Chain 2 but if this warning occurs often then your model may be either severely ill-conditioned or misspecified.
Chain 2 
Chain 2 Informational Message: The current Metropolis proposal is about to be rejected because of the following issue:
Chain 2 Exception: neg_binomial_2_lpmf: Location parameter[1] is 0, but must be positive finite! (in '/tmp/Rtmp3KSlYZ/model-128add766119f8.stan', line 470, column 2 to column 59)
Chain 2 If this warning occurs sporadically, such as for highly constrained variable types like covariance matrices, then the sampler is fine,
Chain 2 but if this warning occurs often then your model may be either severely ill-conditioned or misspecified.
Chain 2 
Chain 2 Informational Message: The current Metropolis proposal is about to be rejected because of the following issue:
Chain 2 Exception: neg_binomial_2_lpmf: Location parameter[24] is 0, but must be positive finite! (in '/tmp/Rtmp3KSlYZ/model-128add766119f8.stan', line 470, column 2 to column 59)
Chain 2 If this warning occurs sporadically, such as for highly constrained variable types like covariance matrices, then the sampler is fine,
Chain 2 but if this warning occurs often then your model may be either severely ill-conditioned or misspecified.
Chain 2 
Chain 2 Informational Message: The current Metropolis proposal is about to be rejected because of the following issue:
Chain 2 Exception: neg_binomial_2_lpmf: Location parameter[65] is 0, but must be positive finite! (in '/tmp/Rtmp3KSlYZ/model-128add766119f8.stan', line 470, column 2 to column 59)
Chain 2 If this warning occurs sporadically, such as for highly constrained variable types like covariance matrices, then the sampler is fine,
Chain 2 but if this warning occurs often then your model may be either severely ill-conditioned or misspecified.
Chain 2 
Chain 2 Informational Message: The current Metropolis proposal is about to be rejected because of the following issue:
Chain 2 Exception: neg_binomial_2_lpmf: Location parameter[1718] is inf, but must be positive finite! (in '/tmp/Rtmp3KSlYZ/model-128add766119f8.stan', line 470, column 2 to column 59)
Chain 2 If this warning occurs sporadically, such as for highly constrained variable types like covariance matrices, then the sampler is fine,
Chain 2 but if this warning occurs often then your model may be either severely ill-conditioned or misspecified.
Chain 2 
Chain 2 Informational Message: The current Metropolis proposal is about to be rejected because of the following issue:
Chain 2 Exception: neg_binomial_2_lpmf: Location parameter[1] is -nan, but must be positive finite! (in '/tmp/Rtmp3KSlYZ/model-128add766119f8.stan', line 470, column 2 to column 59)
Chain 2 If this warning occurs sporadically, such as for highly constrained variable types like covariance matrices, then the sampler is fine,
Chain 2 but if this warning occurs often then your model may be either severely ill-conditioned or misspecified.
Chain 2 
Chain 2 Informational Message: The current Metropolis proposal is about to be rejected because of the following issue:
Chain 2 Exception: neg_binomial_2_lpmf: Location parameter[1] is 0, but must be positive finite! (in '/tmp/Rtmp3KSlYZ/model-128add766119f8.stan', line 470, column 2 to column 59)
Chain 2 If this warning occurs sporadically, such as for highly constrained variable types like covariance matrices, then the sampler is fine,
Chain 2 but if this warning occurs often then your model may be either severely ill-conditioned or misspecified.
Chain 2 
Chain 2 Informational Message: The current Metropolis proposal is about to be rejected because of the following issue:
Chain 2 Exception: neg_binomial_2_lpmf: Location parameter[1] is inf, but must be positive finite! (in '/tmp/Rtmp3KSlYZ/model-128add766119f8.stan', line 470, column 2 to column 59)
Chain 2 If this warning occurs sporadically, such as for highly constrained variable types like covariance matrices, then the sampler is fine,
Chain 2 but if this warning occurs often then your model may be either severely ill-conditioned or misspecified.
Chain 2 
Chain 1 Iteration:  100 / 2200 [  4%]  (Warmup) 
Chain 2 Iteration:  100 / 2200 [  4%]  (Warmup) 
Chain 1 Iteration:  200 / 2200 [  9%]  (Warmup) 
Chain 2 Iteration:  200 / 2200 [  9%]  (Warmup) 
Chain 1 Iteration:  300 / 2200 [ 13%]  (Warmup) 
Chain 2 Iteration:  300 / 2200 [ 13%]  (Warmup) 
Chain 1 Iteration:  400 / 2200 [ 18%]  (Warmup) 
Chain 2 Iteration:  400 / 2200 [ 18%]  (Warmup) 
Chain 1 Iteration:  500 / 2200 [ 22%]  (Warmup) 
Chain 2 Iteration:  500 / 2200 [ 22%]  (Warmup) 
Chain 1 Iteration:  600 / 2200 [ 27%]  (Warmup) 
Chain 2 Iteration:  600 / 2200 [ 27%]  (Warmup) 
Chain 1 Iteration:  700 / 2200 [ 31%]  (Warmup) 
Chain 1 Iteration:  701 / 2200 [ 31%]  (Sampling) 
Chain 2 Iteration:  700 / 2200 [ 31%]  (Warmup) 
Chain 2 Iteration:  701 / 2200 [ 31%]  (Sampling) 
Chain 1 Iteration:  800 / 2200 [ 36%]  (Sampling) 
Chain 2 Iteration:  800 / 2200 [ 36%]  (Sampling) 
Chain 2 Iteration:  900 / 2200 [ 40%]  (Sampling) 
Chain 1 Iteration:  900 / 2200 [ 40%]  (Sampling) 
Chain 1 Iteration: 1000 / 2200 [ 45%]  (Sampling) 
Chain 2 Iteration: 1000 / 2200 [ 45%]  (Sampling) 
Chain 1 Iteration: 1100 / 2200 [ 50%]  (Sampling) 
Chain 2 Iteration: 1100 / 2200 [ 50%]  (Sampling) 
Chain 1 Iteration: 1200 / 2200 [ 54%]  (Sampling) 
Chain 2 Iteration: 1200 / 2200 [ 54%]  (Sampling) 
Chain 1 Iteration: 1300 / 2200 [ 59%]  (Sampling) 
Chain 2 Iteration: 1300 / 2200 [ 59%]  (Sampling) 
Chain 1 Iteration: 1400 / 2200 [ 63%]  (Sampling) 
Chain 2 Iteration: 1400 / 2200 [ 63%]  (Sampling) 
Chain 1 Iteration: 1500 / 2200 [ 68%]  (Sampling) 
Chain 2 Iteration: 1500 / 2200 [ 68%]  (Sampling) 
Chain 1 Iteration: 1600 / 2200 [ 72%]  (Sampling) 
Chain 2 Iteration: 1600 / 2200 [ 72%]  (Sampling) 
Chain 1 Iteration: 1700 / 2200 [ 77%]  (Sampling) 
Chain 2 Iteration: 1700 / 2200 [ 77%]  (Sampling) 
Chain 1 Iteration: 1800 / 2200 [ 81%]  (Sampling) 
Chain 1 Iteration: 1900 / 2200 [ 86%]  (Sampling) 
Chain 2 Iteration: 1800 / 2200 [ 81%]  (Sampling) 
Chain 1 Iteration: 2000 / 2200 [ 90%]  (Sampling) 
Chain 2 Iteration: 1900 / 2200 [ 86%]  (Sampling) 
Chain 1 Iteration: 2100 / 2200 [ 95%]  (Sampling) 
Chain 2 Iteration: 2000 / 2200 [ 90%]  (Sampling) 
Chain 1 Iteration: 2200 / 2200 [100%]  (Sampling) 
Chain 1 finished in 3786.7 seconds.
Chain 2 Iteration: 2100 / 2200 [ 95%]  (Sampling) 
Chain 2 Iteration: 2200 / 2200 [100%]  (Sampling) 
Chain 2 finished in 3953.3 seconds.

Both chains finished successfully.
Mean chain execution time: 3870.0 seconds.
Total execution time: 3953.7 seconds.

Warning: 235 of 3000 (8.0%) transitions ended with a divergence.
See https://mc-stan.org/misc/warnings for details.

Warning: 2765 of 3000 (92.0%) transitions hit the maximum treedepth limit of 10.
See https://mc-stan.org/misc/warnings for details.

[1] "Saving fit object..."
[1] "Calculating summary..."
[1] "Calculating samples..."
[1] "Calculating metadata..."
[1] "Summary of Hyperpriors (mu_*, sigma_*):"
# A tibble: 111 × 10
    variable      mean   median      sd     mad       q5      q95  rhat ess_bulk
    <chr>        <dbl>    <dbl>   <dbl>   <dbl>    <dbl>    <dbl> <dbl>    <dbl>
  1 mu_beta_…  0.257    2.57e-1 0.977   0.952   -1.40e+0  1.87e+0  1.01    570. 
  2 mu_beta_… -0.0613  -4.78e-2 0.266   0.0991  -4.28e-1  2.74e-1  1.01    290. 
  3 mu_beta_… -0.0172   1.55e-2 0.250   0.0827  -3.90e-1  2.54e-1  1.02    107. 
  4 mu_beta_…  0.0373   2.67e-2 0.210   0.0816  -2.67e-1  4.13e-1  1.03    103. 
  5 mu_beta_…  0.0110   2.56e-2 0.139   0.0365  -1.93e-1  1.78e-1  1.01    144. 
  6 mu_beta_… -0.0550  -4.73e-2 0.496   0.382   -8.68e-1  7.48e-1  1.01    258. 
  7 mu_beta_… -0.110   -9.09e-2 0.284   0.138   -6.14e-1  2.88e-1  1.02    149. 
  8 mu_beta_…  0.00673  3.32e-2 0.274   0.133   -4.29e-1  3.30e-1  1.01    155. 
  9 mu_beta_…  0.330    2.61e-1 0.563   0.503   -5.30e-1  1.33e+0  1.01    272. 
 10 mu_beta_…  0.117    7.28e-2 0.550   0.524   -7.24e-1  1.07e+0  1.01    291. 
 11 mu_beta_…  0.0257  -1.69e-2 0.610   0.503   -8.66e-1  1.02e+0  1.01    267. 
 12 mu_beta_…  0.253    2.54e-1 0.466   0.432   -5.07e-1  1.01e+0  1.00    293. 
 13 mu_beta_…  0.0390   4.29e-2 0.489   0.418   -7.32e-1  8.16e-1  1.01    247. 
 14 mu_beta_… -0.104   -9.82e-2 0.483   0.443   -8.83e-1  6.90e-1  1.01    211. 
 15 mu_beta_… -0.159   -1.07e-1 0.489   0.415   -1.06e+0  5.37e-1  1.02    251. 
 16 mu_beta_… -0.363   -3.28e-1 0.506   0.472   -1.26e+0  3.66e-1  1.01    239. 
 17 mu_beta_… -0.464   -4.35e-1 0.505   0.460   -1.34e+0  2.66e-1  1.03    269. 
 18 mu_beta_… -1.13    -1.19e+0 0.597   0.488   -1.94e+0 -3.18e-2  1.00    293. 
 19 mu_beta_…  0.384    3.88e-1 0.665   0.583   -7.38e-1  1.45e+0  1.00    204. 
 20 mu_beta_…  0.246    1.97e-1 0.622   0.568   -6.98e-1  1.25e+0  1.01    278. 
 21 mu_beta_…  0.784    7.79e-1 0.667   0.641   -3.07e-1  1.85e+0  1.01    243. 
 22 mu_beta_…  0.0531   4.22e-2 1.31    0.976   -2.08e+0  2.05e+0  1.00    442. 
 23 mu_beta_… -0.0380   1.23e-2 1.56    1.05    -2.75e+0  2.47e+0  1.02    222. 
 24 mu_beta_…  0.0127   1.06e-2 1.63    1.17    -2.80e+0  2.47e+0  1.01    310. 
 25 mu_beta_… -0.0453   1.21e-2 1.39    1.08    -2.37e+0  2.25e+0  1.00    637. 
 26 mu_beta_… -0.0616  -2.85e-2 1.48    1.14    -2.47e+0  2.28e+0  1.02    349. 
 27 mu_beta_…  2.03     2.05e+0 1.56    1.74    -4.30e-1  4.51e+0  1.00    318. 
 28 mu_beta_…  1.01     9.80e-1 0.900   0.918   -3.01e-1  2.58e+0  1.02    272. 
 29 mu_beta_…  0.246    1.91e-1 0.858   0.730   -1.13e+0  1.78e+0  1.01    284. 
 30 mu_beta_… -1.19    -1.16e+0 1.02    1.09    -2.88e+0  3.85e-1  1.00    249. 
 31 mu_beta_… -1.59    -1.48e+0 1.38    1.50    -3.90e+0  4.32e-1  1.01    296. 
 32 mu_beta_…  0.0109   1.52e-2 0.0881  0.0729  -1.39e-1  1.56e-1  1.01    198. 
 33 mu_beta_… -0.0248  -2.44e-2 0.0139  0.0139  -4.83e-2 -9.48e-4  1.02    158. 
 34 mu_beta_… -0.0167  -1.62e-2 0.0157  0.0144  -4.32e-2  9.01e-3  1.01    204. 
 35 mu_beta_… -0.00164 -9.45e-4 0.0167  0.0170  -3.02e-2  2.49e-2  1.01    166. 
 36 mu_beta_… -0.0119  -1.13e-2 0.0172  0.0165  -4.09e-2  1.54e-2  1.01    192. 
 37 mu_beta_…  0.0407   4.20e-2 0.473   0.379   -7.49e-1  7.89e-1  1.01    252. 
 38 mu_beta_… -0.0360  -3.41e-2 0.472   0.382   -8.24e-1  7.07e-1  1.01    252. 
 39 mu_beta_…  1.16     1.16e+0 0.175   0.174    8.74e-1  1.45e+0  1.00    418. 
 40 mu_beta_…  0.0156   1.48e-2 0.0196  0.0191  -1.56e-2  4.86e-2  1.00    591. 
 41 mu_beta_… -0.00803 -7.86e-3 0.00681 0.00671 -1.92e-2  3.15e-3  1.00    746. 
 42 mu_gamma…  0.0378   3.82e-2 0.0247  0.0257  -4.64e-3  7.84e-2  1.01    296. 
 43 mu_gamma… -0.0540  -8.16e-2 1.01    1.01    -1.66e+0  1.65e+0  1.01    597. 
 44 mu_alpha…  0.296    3.16e-1 0.157   0.0693   4.79e-4  4.76e-1  1.01    299. 
 45 mu_alpha…  0.302    3.73e-1 0.250   0.0976  -2.28e-1  5.64e-1  1.02     99.4
 46 mu_alpha…  0.223    2.23e-1 0.0249  0.0254   1.83e-1  2.64e-1  1.01    175. 
 47 mu_alpha…  0.177    1.76e-1 0.0249  0.0256   1.36e-1  2.18e-1  1.01    168. 
 48 mu_alpha…  0.175    1.75e-1 0.0255  0.0247   1.34e-1  2.15e-1  1.01    168. 
 49 mu_alpha…  0.196    1.96e-1 0.0245  0.0254   1.56e-1  2.37e-1  1.01    202. 
 50 mu_alpha…  0.166    1.67e-1 0.0239  0.0251   1.26e-1  2.04e-1  1.01    202. 
 51 mu_alpha…  0.0409   4.01e-2 0.0313  0.0297  -1.25e-2  9.39e-2  1.00    527. 
 52 mu_alpha…  0.0508   4.99e-2 0.0299  0.0297   1.37e-3  9.94e-2  1.00    386. 
 53 mu_alpha…  0.0200   2.10e-2 0.0303  0.0309  -3.12e-2  6.90e-2  1.00    405. 
 54 mu_alpha…  0.0433   4.41e-2 0.0325  0.0326  -1.17e-2  9.55e-2  1.00    585. 
 55 mu_alpha…  0.00270  3.99e-3 0.0285  0.0278  -4.39e-2  4.84e-2  1.01    489. 
 56 mu_delta… -0.517   -5.51e-1 0.225   0.0812  -7.82e-1 -8.00e-2  1.01    196. 
 57 mu_delta…  0.486    5.07e-1 0.428   0.387   -2.24e-1  1.15e+0  1.00    284. 
 58 mu_delta… -0.467   -4.68e-1 0.0250  0.0254  -5.08e-1 -4.25e-1  1.00    195. 
 59 mu_delta… -0.420   -4.21e-1 0.0239  0.0251  -4.58e-1 -3.80e-1  1.01    164. 
 60 mu_delta… -0.421   -4.21e-1 0.0250  0.0244  -4.60e-1 -3.80e-1  1.00    171. 
 61 mu_delta… -0.439   -4.39e-1 0.0236  0.0234  -4.78e-1 -4.00e-1  1.01    193. 
 62 mu_delta… -0.421   -4.21e-1 0.0245  0.0253  -4.60e-1 -3.82e-1  1.01    198. 
 63 mu_delta… -0.0935  -8.76e-2 0.112   0.116   -2.86e-1  7.99e-2  1.00    499. 
 64 mu_delta…  0.147    1.49e-1 0.0989  0.103   -9.04e-3  3.08e-1  1.01    311. 
 65 mu_delta…  0.0950   9.61e-2 0.105   0.107   -8.28e-2  2.65e-1  1.01    419. 
 66 mu_delta… -0.219   -2.18e-1 0.117   0.118   -4.02e-1 -2.44e-2  1.02    208. 
 67 mu_delta…  0.490    4.90e-1 0.0761  0.0797   3.66e-1  6.15e-1  1.01    372. 
 68 mu_phi_l…  2.03     2.36e+0 0.761   0.234    2.39e-1  2.61e+0  1.00    111. 
 69 mu_pi_lo… -2.48    -2.40e+0 0.734   0.567   -3.80e+0 -1.46e+0  1.00    277. 
 70 sigma_be…  0.986    6.69e-1 0.989   0.716    6.63e-2  3.03e+0  1.00    377. 
 71 sigma_be…  0.322    1.67e-1 0.433   0.156    3.67e-2  1.16e+0  1.01    289. 
 72 sigma_be…  0.263    1.33e-1 0.365   0.135    1.93e-2  9.86e-1  1.01    153. 
 73 sigma_be…  0.244    1.28e-1 0.319   0.127    1.89e-2  8.20e-1  1.02    152. 
 74 sigma_be…  0.166    6.24e-2 0.289   0.0762   4.53e-3  6.62e-1  1.01    179. 
 75 sigma_be…  0.299    1.57e-1 0.404   0.156    2.90e-2  1.11e+0  1.00    326. 
 76 sigma_be…  0.307    1.66e-1 0.395   0.180    1.42e-2  1.03e+0  1.01    314. 
 77 sigma_be…  0.308    1.70e-1 0.410   0.187    1.61e-2  1.08e+0  1.01    208. 
 78 sigma_be…  0.583    4.39e-1 0.533   0.353    6.85e-2  1.56e+0  1.00    410. 
 79 sigma_be…  0.446    3.15e-1 0.485   0.285    2.51e-2  1.38e+0  1.01    349. 
 80 sigma_be…  0.544    3.74e-1 0.572   0.348    3.45e-2  1.58e+0  1.01    234. 
 81 sigma_be…  0.350    2.09e-1 0.412   0.218    1.43e-2  1.20e+0  1.00    333. 
 82 sigma_be…  0.381    2.40e-1 0.443   0.260    2.05e-2  1.22e+0  1.01    256. 
 83 sigma_be…  0.360    2.32e-1 0.405   0.223    1.83e-2  1.17e+0  1.01    357. 
 84 sigma_be…  0.367    2.13e-1 0.432   0.225    1.82e-2  1.23e+0  1.00    759. 
 85 sigma_be…  0.381    2.36e-1 0.447   0.252    1.79e-2  1.23e+0  1.00    406. 
 86 sigma_be…  0.374    2.21e-1 0.449   0.242    2.26e-2  1.28e+0  1.00    408. 
 87 sigma_be…  0.757    5.61e-1 0.655   0.446    1.41e-1  2.06e+0  1.01    219. 
 88 sigma_be…  0.476    2.92e-1 0.545   0.303    2.42e-2  1.54e+0  1.02    288. 
 89 sigma_be…  0.566    4.27e-1 0.509   0.359    5.72e-2  1.54e+0  1.01    325. 
 90 sigma_be…  0.826    6.33e-1 0.647   0.462    1.79e-1  2.06e+0  1.00    262. 
 91 sigma_be…  0.968    6.75e-1 0.981   0.695    5.68e-2  2.87e+0  1.02    348. 
 92 sigma_be…  1.00     6.84e-1 0.962   0.711    3.99e-2  2.88e+0  1.01    368. 
 93 sigma_be…  0.945    6.65e-1 0.971   0.674    3.89e-2  2.86e+0  1.01    869. 
 94 sigma_be…  1.02     7.14e-1 1.01    0.725    4.66e-2  2.99e+0  1.00    522. 
 95 sigma_be…  0.971    6.59e-1 0.985   0.696    5.44e-2  2.92e+0  1.00    472. 
 96 sigma_be…  1.46     1.15e+0 1.21    1.12     8.07e-2  3.79e+0  1.01    237. 
 97 sigma_be…  0.749    5.49e-1 0.710   0.497    6.80e-2  2.12e+0  1.04    144. 
 98 sigma_be…  0.634    4.44e-1 0.630   0.404    5.07e-2  1.86e+0  1.01    258. 
 99 sigma_be…  0.941    7.18e-1 0.784   0.586    1.09e-1  2.43e+0  1.01    214. 
100 sigma_be…  1.39     1.14e+0 1.19    1.07     7.85e-2  3.68e+0  1.00    332. 
101 sigma_be…  0.147    1.00e-1 0.136   0.0929   1.63e-2  4.30e-1  1.01    170. 
102 sigma_ga…  0.322    2.75e-1 0.236   0.229    2.98e-2  7.83e-1  1.00    539. 
103 sigma_ga…  0.297    2.38e-1 0.241   0.232    2.49e-2  7.48e-1  1.00    608. 
104 sigma_al…  0.190    9.31e-2 0.264   0.106    6.17e-3  7.43e-1  1.00    365. 
105 sigma_al…  0.278    1.22e-1 0.394   0.150    6.65e-3  1.06e+0  1.01    171. 
106 sigma_de…  0.249    1.15e-1 0.346   0.135    7.18e-3  9.20e-1  1.02    214. 
107 sigma_de…  0.725    5.98e-1 0.474   0.350    2.25e-1  1.69e+0  1.00    341. 
108 sigma_ph…  0.593    2.68e-1 0.760   0.342    1.43e-2  2.22e+0  1.00    121. 
109 sigma_pi…  1.11     9.17e-1 0.734   0.542    3.69e-1  2.59e+0  1.01    159. 
110 sigma_ga…  0.783    6.50e-1 0.605   0.584    4.73e-2  1.96e+0  1.01    415. 
111 sigma_ga…  0.787    6.57e-1 0.607   0.571    6.97e-2  1.95e+0  1.00    772. 
# ℹ 1 more variable: ess_tail <dbl>
[1] "Calculating lambda_mean..."
[1] "Calculating lambda_test_mean..."
[1] "Calculating y_rep_mean..."
[1] "Calculating y_test_rep_mean..."
[1] "Generating plots..."
[1] "exposure_JHDN7CF1C03X5_1" "exposure_W8T41JZK0ZMEP_1"
[1] 2
Adding missing grouping variables: `location_id_num`
[1] "Skipping daily plot for JHDN7CF1C03X5 due to missing daily data."
[1] "Skipping daily plot for W8T41JZK0ZMEP due to missing daily data."
[1] "Skipping MLflow logging as existing fit file was loaded."
[1] "Done."
          used  (Mb) gc trigger   (Mb)  max used   (Mb)
Ncells 5089685 271.9    7560477  403.8   7560477  403.8
Vcells 9508871  72.6  175102212 1336.0 215622837 1645.1
Warning messages:
1: Dropping 'draws_df' class as required metadata was removed. 
2: Dropping 'draws_df' class as required metadata was removed. 
3: Dropping 'draws_df' class as required metadata was removed. 
4: Dropping 'draws_df' class as required metadata was removed. 
