- The project is out-of-sync -- use `renv::status()` for details.
── Attaching core tidyverse packages ──────────────────────── tidyverse 2.0.0 ──
✔ dplyr     1.1.4     ✔ readr     2.1.5
✔ forcats   1.0.0     ✔ stringr   1.5.1
✔ ggplot2   3.5.1     ✔ tibble    3.2.1
✔ lubridate 1.9.4     ✔ tidyr     1.3.1
✔ purrr     1.0.4     
[conflicted] Will prefer dplyr::select over any other package.
[conflicted] Will prefer dplyr::filter over any other package.
[conflicted] Will prefer lubridate::year over any other package.
[conflicted] Will prefer lubridate::month over any other package.
[conflicted] Will prefer purrr::map over any other package.
[conflicted] Will prefer stats::sd over any other package.
[conflicted] Will prefer base::match over any other package.
This is cmdstanr version 0.9.0
- CmdStanR documentation and vignettes: mc-stan.org/cmdstanr
- CmdStan path: /home/nuttidalab/.cmdstan/cmdstan-2.36.0
- CmdStan version: 2.36.0

A newer version of CmdStan is available. See ?install_cmdstan() to install it.
To disable this check set option or environment variable cmdstanr_no_ver_check=TRUE.
This is posterior version 1.6.0
Registered S3 method overwritten by 'tsibble':
  method               from 
  as_tibble.grouped_df dplyr
── Attaching packages ──────────────────────────────────────────── fpp3 1.0.1 ──
✔ tsibble     1.1.6     ✔ feasts      0.4.1
✔ tsibbledata 0.4.1     ✔ fable       0.4.1
Loading required package: R.oo
Loading required package: R.methodsS3
R.methodsS3 v1.8.2 (2022-06-13 22:00:14 UTC) successfully loaded. See ?R.methodsS3 for help.
R.oo v1.27.0 (2024-11-01 18:00:02 UTC) successfully loaded. See ?R.oo for help.

Attaching package: ‘R.oo’

The following object is masked from ‘package:R.methodsS3’:

    throw

The following object is masked from ‘package:shiny’:

    printStackTrace

The following object is masked from ‘package:renv’:

    load

The following objects are masked from ‘package:methods’:

    getClasses, getMethods

The following objects are masked from ‘package:base’:

    attach, detach, load, save

R.utils v2.13.0 (2025-02-24 21:20:02 UTC) successfully loaded. See ?R.utils for help.
Registered S3 method overwritten by 'quantmod':
  method            from
  as.zoo.data.frame zoo 
Registered S3 methods overwritten by 'bayesforecast':
  method      from    
  autoplot.ts forecast
  forecast.ts forecast
  fortify.ts  forecast
  print.garch tseries 
[1] "# of rows: 34628"
[1] "# of rows: 2621"
[1] "Found 2 exposure columns in the data: exposure_JHDN7CF1C03X5_1, exposure_W8T41JZK0ZMEP_1"
Numeric columns considered for scaling:
vegan_window_sum_item_quantity,
vegetarian_window_sum_item_quantity,
meat_window_sum_item_quantity,
vegan_window_avg_item_price,
vegetarian_window_avg_item_price,
meat_window_avg_item_price,
breakfast_p_window_avg_item_price,
textured_p_window_avg_item_price,
untextured_p_window_avg_item_price,
chicken_p_window_avg_item_price,
dairy_p_window_avg_item_price,
egg_p_window_avg_item_price,
breakfast_window_avg_item_price,
textured_window_avg_item_price,
untextured_window_avg_item_price,
breakfast_t2_window_avg_item_price,
textured_t2_window_avg_item_price,
untextured_t2_window_avg_item_price,
chicken_t2_window_avg_item_price,
dairy_t2_window_avg_item_price,
day_of_month,
Value,
vegan_price_real,
vegetarian_price_real,
meat_price_real,
breakfast_p_price_real,
textured_p_price_real,
untextured_p_price_real,
chicken_p_price_real,
dairy_p_price_real,
egg_p_price_real,
breakfast_price_real,
textured_price_real,
untextured_price_real,
breakfast_t2_price_real,
textured_t2_price_real,
untextured_t2_price_real,
chicken_t2_price_real,
dairy_t2_price_real,
inflation,
temp,
precip[1] "Successfully created `expo_to_rest` mapping."
[1] "Successfully created `expo_to_param` mapping."
Identified 2 exposure columns in the design matrix: 
exposure_JHDN7CF1C03X5_1, 
exposure_W8T41JZK0ZMEP_1
Identified 31 random beta columns: 
vegan_price_real, 
vegetarian_price_real, 
meat_price_real, 
chicken_p_price_real, 
weekend, 
holiday_window, 
month_cat2, 
month_cat3, 
month_cat4, 
month_cat5, 
month_cat6, 
month_cat7, 
month_cat8, 
month_cat9, 
month_cat10, 
month_cat11, 
month_cat12, 
seasonspring, 
seasonsummer, 
seasonwinter, 
year_cat2014, 
year_cat2015, 
year_cat2016, 
year_cat2017, 
year_cat2018, 
year_cat2019, 
year_cat2020, 
year_cat2021, 
year_cat2022, 
year_cat2023, 
date_num
Identified 9 fixed beta columns: 
day_of_week_cat1, 
day_of_week_cat2, 
day_of_week_cat3, 
day_of_week_cat4, 
day_of_week_cat5, 
day_of_week_cat6, 
inflation, 
temp, 
precip
Identified 2 random alpha indices (positions): 
1, 7
Identified 2 random delta indices (positions): 
1, 7
$R
[1] 2

$J
[1] 43

$p_effective
[1] 12

$q_effective
[1] 12

$M
[1] 2

$idx_intercept
[1] 1

$K_beta_random
[1] 31

$idx_beta_random
[1] 2 3 4 5 6 7

$K_beta_fixed
[1] 9

$idx_beta_fixed
[1] 33 34 35 36 37 38

$K_exposure
[1] 2

$idx_exposure
[1] 42 43

$expo_to_rest
[1] 1 2

$expo_to_param
[1] 1 1

$effective_lags_alpha
[1] 1 2 3 4 5 6

$K_alpha_random
[1] 2

$idx_alpha_random
[1] 1 7

$K_alpha_fixed
[1] 10

$idx_alpha_fixed
[1] 2 3 4 5 6 8

$effective_lags_delta
[1] 1 2 3 4 5 6

$K_delta_random
[1] 2

$idx_delta_random
[1] 1 7

$K_delta_fixed
[1] 10

$idx_delta_fixed
[1] 2 3 4 5 6 8

$N_train
[1] 2489

$X_train
  (Intercept) vegan_price_real vegetarian_price_real meat_price_real
1           1        0.1741680            -0.4848552       -0.913200
2           1       -1.4521438            -1.7995457       -1.350147
3           1       -0.5146125            -1.2356612       -1.138103
4           1       -0.3819662            -1.2358628       -1.502691
5           1       -0.1636416            -1.0694664       -1.200223
6           1       -0.2008412            -1.1844334       -1.631782
  chicken_p_price_real weekend holiday_window month_cat2 month_cat3 month_cat4
1           -0.7661627       1              0          0          0          0
2           -0.9877312       0              0          0          0          0
3           -0.9666679       0              0          0          0          0
4           -0.8597720       0              0          0          0          0
5           -1.1054560       0              0          0          0          0
6           -0.9815359       0              0          1          0          0
  month_cat5 month_cat6 month_cat7 month_cat8 month_cat9 month_cat10
1          0          0          0          0          0           0
2          0          0          0          0          0           0
3          0          0          0          0          0           0
4          0          0          0          0          0           0
5          0          0          0          0          0           0
6          0          0          0          0          0           0
  month_cat11 month_cat12 seasonspring seasonsummer seasonwinter year_cat2014
1           0           0            0            0            1            0
2           0           0            0            0            1            0
3           0           0            0            0            1            0
4           0           0            0            0            1            0
5           0           0            0            0            1            0
6           0           0            0            0            1            0
  year_cat2015 year_cat2016 year_cat2017 year_cat2018 year_cat2019 year_cat2020
1            0            0            0            0            1            0
2            0            0            0            0            1            0
3            0            0            0            0            1            0
4            0            0            0            0            1            0
5            0            0            0            0            1            0
6            0            0            0            0            1            0
  year_cat2021 year_cat2022 year_cat2023 date_num day_of_week_cat1
1            0            0            0 49.07050                0
2            0            0            0 49.07324                0
3            0            0            0 49.07598                1
4            0            0            0 49.07871                0
5            0            0            0 49.08145                0
6            0            0            0 49.08419                0
  day_of_week_cat2 day_of_week_cat3 day_of_week_cat4 day_of_week_cat5
1                0                0                0                0
2                0                0                0                0
3                0                0                0                0
4                1                0                0                0
5                0                1                0                0
6                0                0                1                0
  day_of_week_cat6 inflation      temp     precip exposure_JHDN7CF1C03X5_1
1                1 -1.391755 -1.234689 -0.3860824                        1
2                0 -1.391755 -1.380171 -0.3860824                        1
3                0 -1.391755 -2.008860 -0.3860824                        1
4                0 -1.391755 -2.440109 -0.3860824                        1
5                0 -1.391755 -2.071209 -0.3860824                        1
6                0 -1.323861 -1.000879 -0.3022693                        1
  exposure_W8T41JZK0ZMEP_1
1                        0
2                        0
3                        0
4                        0
5                        0
6                        0

$y_train
[1] 29 51 61 75 62 56

$idx_to_rest_train
[1] 1 1 1 1 1 1

$train_start_idx
[1]    1 1296

$train_end_idx
[1] 1295 2489

$N_test
[1] 132

$X_test
  (Intercept) vegan_price_real vegetarian_price_real meat_price_real
1           1        0.4654917           -0.99931724       0.6367761
2           1       -0.6156537           -1.33755258       1.4154485
3           1        0.5437022           -1.28388916       1.2111087
4           1        0.3198055           -0.02880049       1.1870609
5           1        0.7053811            0.05298649       0.8965105
6           1        0.4056837           -0.18391876      -0.1699937
  chicken_p_price_real weekend holiday_window month_cat2 month_cat3 month_cat4
1          -0.07793563       1              0          0          0          0
2          -0.15184851       0              0          0          0          0
3          -0.65098255       0              0          0          0          0
4          -0.52806179       0              0          0          0          0
5          -0.11012708       0              0          0          0          0
6          -0.18906158       0              0          0          0          0
  month_cat5 month_cat6 month_cat7 month_cat8 month_cat9 month_cat10
1          0          0          0          1          0           0
2          0          0          0          1          0           0
3          0          0          0          1          0           0
4          0          0          0          1          0           0
5          0          0          0          1          0           0
6          0          0          0          1          0           0
  month_cat11 month_cat12 seasonspring seasonsummer seasonwinter year_cat2014
1           0           0            0            1            0            0
2           0           0            0            1            0            0
3           0           0            0            1            0            0
4           0           0            0            1            0            0
5           0           0            0            1            0            0
6           0           0            0            1            0            0
  year_cat2015 year_cat2016 year_cat2017 year_cat2018 year_cat2019 year_cat2020
1            0            0            0            0            0            0
2            0            0            0            0            0            0
3            0            0            0            0            0            0
4            0            0            0            0            0            0
5            0            0            0            0            0            0
6            0            0            0            0            0            0
  year_cat2021 year_cat2022 year_cat2023 date_num day_of_week_cat1
1            0            1            0 52.61602                0
2            0            1            0 52.61875                0
3            0            1            0 52.62149                1
4            0            1            0 52.62423                0
5            0            1            0 52.62697                0
6            0            1            0 52.62971                0
  day_of_week_cat2 day_of_week_cat3 day_of_week_cat4 day_of_week_cat5
1                0                0                0                0
2                0                0                0                0
3                0                0                0                0
4                1                0                0                0
5                0                1                0                0
6                0                0                1                0
  day_of_week_cat6 inflation      temp     precip exposure_JHDN7CF1C03X5_1
1                1  2.288916 0.9527328 -0.3860824                        1
2                0  2.288916 0.9839075 -0.3860824                        1
3                0  2.288916 0.5786370  2.3587974                        1
4                0  2.288916 0.8384258 -0.3860824                        1
5                0  2.288916 0.7812722 -0.3860824                        1
6                0  2.288916 0.8124469 -0.3860824                        1
  exposure_W8T41JZK0ZMEP_1
1                        0
2                        0
3                        0
4                        0
5                        0
6                        0

$y_test
[1]  0 49 43 37 35 25

$idx_to_rest_test
[1] 1 1 1 1 1 1

$test_start_idx
[1]  1 70

$test_end_idx
[1]  69 132

$mu_gamma_scale
[1] 1

$sigma_gamma_between_scale
[1] 0.4

$sigma_gamma_within_scale
[1] 1

$mu_beta_scale
[1] 1

$sigma_beta_scale
[1] 1

$mu_alpha_scale
[1] 1

$sigma_alpha_scale
[1] 1

$mu_delta_scale
[1] 1

$sigma_delta_scale
[1] 1

$mu_phi_log_scale
[1] 1

$sigma_phi_log_scale
[1] 1

[1] "Fitting the multilevel model..."
Running MCMC with 2 parallel chains...

Chain 1 Iteration:    1 / 2200 [  0%]  (Warmup) 
Chain 1 Informational Message: The current Metropolis proposal is about to be rejected because of the following issue:
Chain 1 Exception: neg_binomial_2_lpmf: Location parameter is -nan, but must be positive finite! (in '/tmp/RtmptxEwX8/model-23bd164caef6f.stan', line 413, column 4 to column 51)
Chain 1 If this warning occurs sporadically, such as for highly constrained variable types like covariance matrices, then the sampler is fine,
Chain 1 but if this warning occurs often then your model may be either severely ill-conditioned or misspecified.
Chain 1 
Chain 1 Informational Message: The current Metropolis proposal is about to be rejected because of the following issue:
Chain 1 Exception: neg_binomial_2_lpmf: Location parameter is -nan, but must be positive finite! (in '/tmp/RtmptxEwX8/model-23bd164caef6f.stan', line 413, column 4 to column 51)
Chain 1 If this warning occurs sporadically, such as for highly constrained variable types like covariance matrices, then the sampler is fine,
Chain 1 but if this warning occurs often then your model may be either severely ill-conditioned or misspecified.
Chain 1 
Chain 1 Informational Message: The current Metropolis proposal is about to be rejected because of the following issue:
Chain 1 Exception: neg_binomial_2_lpmf: Location parameter is -nan, but must be positive finite! (in '/tmp/RtmptxEwX8/model-23bd164caef6f.stan', line 413, column 4 to column 51)
Chain 1 If this warning occurs sporadically, such as for highly constrained variable types like covariance matrices, then the sampler is fine,
Chain 1 but if this warning occurs often then your model may be either severely ill-conditioned or misspecified.
Chain 1 
Chain 1 Informational Message: The current Metropolis proposal is about to be rejected because of the following issue:
Chain 1 Exception: neg_binomial_2_lpmf: Location parameter is inf, but must be positive finite! (in '/tmp/RtmptxEwX8/model-23bd164caef6f.stan', line 413, column 4 to column 51)
Chain 1 If this warning occurs sporadically, such as for highly constrained variable types like covariance matrices, then the sampler is fine,
Chain 1 but if this warning occurs often then your model may be either severely ill-conditioned or misspecified.
Chain 1 
Chain 1 Informational Message: The current Metropolis proposal is about to be rejected because of the following issue:
Chain 1 Exception: neg_binomial_2_lpmf: Location parameter is inf, but must be positive finite! (in '/tmp/RtmptxEwX8/model-23bd164caef6f.stan', line 413, column 4 to column 51)
Chain 1 If this warning occurs sporadically, such as for highly constrained variable types like covariance matrices, then the sampler is fine,
Chain 1 but if this warning occurs often then your model may be either severely ill-conditioned or misspecified.
Chain 1 
Chain 1 Informational Message: The current Metropolis proposal is about to be rejected because of the following issue:
Chain 1 Exception: neg_binomial_2_lpmf: Location parameter is inf, but must be positive finite! (in '/tmp/RtmptxEwX8/model-23bd164caef6f.stan', line 413, column 4 to column 51)
Chain 1 If this warning occurs sporadically, such as for highly constrained variable types like covariance matrices, then the sampler is fine,
Chain 1 but if this warning occurs often then your model may be either severely ill-conditioned or misspecified.
Chain 1 
Chain 1 Informational Message: The current Metropolis proposal is about to be rejected because of the following issue:
Chain 1 Exception: neg_binomial_2_lpmf: Location parameter is inf, but must be positive finite! (in '/tmp/RtmptxEwX8/model-23bd164caef6f.stan', line 413, column 4 to column 51)
Chain 1 If this warning occurs sporadically, such as for highly constrained variable types like covariance matrices, then the sampler is fine,
Chain 1 but if this warning occurs often then your model may be either severely ill-conditioned or misspecified.
Chain 1 
Chain 1 Informational Message: The current Metropolis proposal is about to be rejected because of the following issue:
Chain 1 Exception: neg_binomial_2_lpmf: Location parameter is inf, but must be positive finite! (in '/tmp/RtmptxEwX8/model-23bd164caef6f.stan', line 413, column 4 to column 51)
Chain 1 If this warning occurs sporadically, such as for highly constrained variable types like covariance matrices, then the sampler is fine,
Chain 1 but if this warning occurs often then your model may be either severely ill-conditioned or misspecified.
Chain 1 
Chain 1 Informational Message: The current Metropolis proposal is about to be rejected because of the following issue:
Chain 1 Exception: neg_binomial_2_lpmf: Location parameter is inf, but must be positive finite! (in '/tmp/RtmptxEwX8/model-23bd164caef6f.stan', line 413, column 4 to column 51)
Chain 1 If this warning occurs sporadically, such as for highly constrained variable types like covariance matrices, then the sampler is fine,
Chain 1 but if this warning occurs often then your model may be either severely ill-conditioned or misspecified.
Chain 1 
Chain 1 Informational Message: The current Metropolis proposal is about to be rejected because of the following issue:
Chain 1 Exception: neg_binomial_2_lpmf: Location parameter is inf, but must be positive finite! (in '/tmp/RtmptxEwX8/model-23bd164caef6f.stan', line 413, column 4 to column 51)
Chain 1 If this warning occurs sporadically, such as for highly constrained variable types like covariance matrices, then the sampler is fine,
Chain 1 but if this warning occurs often then your model may be either severely ill-conditioned or misspecified.
Chain 1 
Chain 1 Informational Message: The current Metropolis proposal is about to be rejected because of the following issue:
Chain 1 Exception: neg_binomial_2_lpmf: Location parameter is -nan, but must be positive finite! (in '/tmp/RtmptxEwX8/model-23bd164caef6f.stan', line 413, column 4 to column 51)
Chain 1 If this warning occurs sporadically, such as for highly constrained variable types like covariance matrices, then the sampler is fine,
Chain 1 but if this warning occurs often then your model may be either severely ill-conditioned or misspecified.
Chain 1 
Chain 1 Informational Message: The current Metropolis proposal is about to be rejected because of the following issue:
Chain 1 Exception: neg_binomial_2_lpmf: Location parameter is -nan, but must be positive finite! (in '/tmp/RtmptxEwX8/model-23bd164caef6f.stan', line 413, column 4 to column 51)
Chain 1 If this warning occurs sporadically, such as for highly constrained variable types like covariance matrices, then the sampler is fine,
Chain 1 but if this warning occurs often then your model may be either severely ill-conditioned or misspecified.
Chain 1 
Chain 1 Informational Message: The current Metropolis proposal is about to be rejected because of the following issue:
Chain 1 Exception: neg_binomial_2_lpmf: Location parameter is inf, but must be positive finite! (in '/tmp/RtmptxEwX8/model-23bd164caef6f.stan', line 413, column 4 to column 51)
Chain 1 If this warning occurs sporadically, such as for highly constrained variable types like covariance matrices, then the sampler is fine,
Chain 1 but if this warning occurs often then your model may be either severely ill-conditioned or misspecified.
Chain 1 
Chain 2 Iteration:    1 / 2200 [  0%]  (Warmup) 
Chain 2 Informational Message: The current Metropolis proposal is about to be rejected because of the following issue:
Chain 2 Exception: neg_binomial_2_lpmf: Location parameter is 0, but must be positive finite! (in '/tmp/RtmptxEwX8/model-23bd164caef6f.stan', line 413, column 4 to column 51)
Chain 2 If this warning occurs sporadically, such as for highly constrained variable types like covariance matrices, then the sampler is fine,
Chain 2 but if this warning occurs often then your model may be either severely ill-conditioned or misspecified.
Chain 2 
Chain 2 Informational Message: The current Metropolis proposal is about to be rejected because of the following issue:
Chain 2 Exception: neg_binomial_2_lpmf: Location parameter is 0, but must be positive finite! (in '/tmp/RtmptxEwX8/model-23bd164caef6f.stan', line 413, column 4 to column 51)
Chain 2 If this warning occurs sporadically, such as for highly constrained variable types like covariance matrices, then the sampler is fine,
Chain 2 but if this warning occurs often then your model may be either severely ill-conditioned or misspecified.
Chain 2 
Chain 2 Informational Message: The current Metropolis proposal is about to be rejected because of the following issue:
Chain 2 Exception: neg_binomial_2_lpmf: Location parameter is 0, but must be positive finite! (in '/tmp/RtmptxEwX8/model-23bd164caef6f.stan', line 413, column 4 to column 51)
Chain 2 If this warning occurs sporadically, such as for highly constrained variable types like covariance matrices, then the sampler is fine,
Chain 2 but if this warning occurs often then your model may be either severely ill-conditioned or misspecified.
Chain 2 
Chain 2 Informational Message: The current Metropolis proposal is about to be rejected because of the following issue:
Chain 2 Exception: neg_binomial_2_lpmf: Location parameter is 0, but must be positive finite! (in '/tmp/RtmptxEwX8/model-23bd164caef6f.stan', line 413, column 4 to column 51)
Chain 2 If this warning occurs sporadically, such as for highly constrained variable types like covariance matrices, then the sampler is fine,
Chain 2 but if this warning occurs often then your model may be either severely ill-conditioned or misspecified.
Chain 2 
Chain 2 Informational Message: The current Metropolis proposal is about to be rejected because of the following issue:
Chain 2 Exception: neg_binomial_2_lpmf: Location parameter is 0, but must be positive finite! (in '/tmp/RtmptxEwX8/model-23bd164caef6f.stan', line 413, column 4 to column 51)
Chain 2 If this warning occurs sporadically, such as for highly constrained variable types like covariance matrices, then the sampler is fine,
Chain 2 but if this warning occurs often then your model may be either severely ill-conditioned or misspecified.
Chain 2 
Chain 2 Informational Message: The current Metropolis proposal is about to be rejected because of the following issue:
Chain 2 Exception: neg_binomial_2_lpmf: Location parameter is inf, but must be positive finite! (in '/tmp/RtmptxEwX8/model-23bd164caef6f.stan', line 413, column 4 to column 51)
Chain 2 If this warning occurs sporadically, such as for highly constrained variable types like covariance matrices, then the sampler is fine,
Chain 2 but if this warning occurs often then your model may be either severely ill-conditioned or misspecified.
Chain 2 
Chain 2 Informational Message: The current Metropolis proposal is about to be rejected because of the following issue:
Chain 2 Exception: neg_binomial_2_lpmf: Location parameter is inf, but must be positive finite! (in '/tmp/RtmptxEwX8/model-23bd164caef6f.stan', line 413, column 4 to column 51)
Chain 2 If this warning occurs sporadically, such as for highly constrained variable types like covariance matrices, then the sampler is fine,
Chain 2 but if this warning occurs often then your model may be either severely ill-conditioned or misspecified.
Chain 2 
Chain 2 Informational Message: The current Metropolis proposal is about to be rejected because of the following issue:
Chain 2 Exception: neg_binomial_2_lpmf: Location parameter is inf, but must be positive finite! (in '/tmp/RtmptxEwX8/model-23bd164caef6f.stan', line 413, column 4 to column 51)
Chain 2 If this warning occurs sporadically, such as for highly constrained variable types like covariance matrices, then the sampler is fine,
Chain 2 but if this warning occurs often then your model may be either severely ill-conditioned or misspecified.
Chain 2 
Chain 2 Informational Message: The current Metropolis proposal is about to be rejected because of the following issue:
Chain 2 Exception: neg_binomial_2_lpmf: Location parameter is inf, but must be positive finite! (in '/tmp/RtmptxEwX8/model-23bd164caef6f.stan', line 413, column 4 to column 51)
Chain 2 If this warning occurs sporadically, such as for highly constrained variable types like covariance matrices, then the sampler is fine,
Chain 2 but if this warning occurs often then your model may be either severely ill-conditioned or misspecified.
Chain 2 
Chain 2 Informational Message: The current Metropolis proposal is about to be rejected because of the following issue:
Chain 2 Exception: neg_binomial_2_lpmf: Location parameter is -nan, but must be positive finite! (in '/tmp/RtmptxEwX8/model-23bd164caef6f.stan', line 413, column 4 to column 51)
Chain 2 If this warning occurs sporadically, such as for highly constrained variable types like covariance matrices, then the sampler is fine,
Chain 2 but if this warning occurs often then your model may be either severely ill-conditioned or misspecified.
Chain 2 
Chain 2 Informational Message: The current Metropolis proposal is about to be rejected because of the following issue:
Chain 2 Exception: neg_binomial_2_lpmf: Location parameter is -nan, but must be positive finite! (in '/tmp/RtmptxEwX8/model-23bd164caef6f.stan', line 413, column 4 to column 51)
Chain 2 If this warning occurs sporadically, such as for highly constrained variable types like covariance matrices, then the sampler is fine,
Chain 2 but if this warning occurs often then your model may be either severely ill-conditioned or misspecified.
Chain 2 
Chain 2 Informational Message: The current Metropolis proposal is about to be rejected because of the following issue:
Chain 2 Exception: neg_binomial_2_lpmf: Location parameter is 0, but must be positive finite! (in '/tmp/RtmptxEwX8/model-23bd164caef6f.stan', line 413, column 4 to column 51)
Chain 2 If this warning occurs sporadically, such as for highly constrained variable types like covariance matrices, then the sampler is fine,
Chain 2 but if this warning occurs often then your model may be either severely ill-conditioned or misspecified.
Chain 2 
Chain 1 Iteration:  100 / 2200 [  4%]  (Warmup) 
Chain 2 Iteration:  100 / 2200 [  4%]  (Warmup) 
Chain 1 Iteration:  200 / 2200 [  9%]  (Warmup) 
Chain 2 Iteration:  200 / 2200 [  9%]  (Warmup) 
Chain 1 Iteration:  300 / 2200 [ 13%]  (Warmup) 
Chain 2 Iteration:  300 / 2200 [ 13%]  (Warmup) 
Chain 1 Iteration:  400 / 2200 [ 18%]  (Warmup) 
Chain 2 Iteration:  400 / 2200 [ 18%]  (Warmup) 
Chain 2 Iteration:  500 / 2200 [ 22%]  (Warmup) 
Chain 1 Iteration:  500 / 2200 [ 22%]  (Warmup) 
Chain 2 Iteration:  600 / 2200 [ 27%]  (Warmup) 
Chain 2 Iteration:  700 / 2200 [ 31%]  (Warmup) 
Chain 2 Iteration:  701 / 2200 [ 31%]  (Sampling) 
Chain 2 Iteration:  800 / 2200 [ 36%]  (Sampling) 
Chain 1 Iteration:  600 / 2200 [ 27%]  (Warmup) 
Chain 2 Iteration:  900 / 2200 [ 40%]  (Sampling) 
Chain 1 Iteration:  700 / 2200 [ 31%]  (Warmup) 
Chain 1 Iteration:  701 / 2200 [ 31%]  (Sampling) 
Chain 2 Iteration: 1000 / 2200 [ 45%]  (Sampling) 
Chain 2 Iteration: 1100 / 2200 [ 50%]  (Sampling) 
Chain 1 Iteration:  800 / 2200 [ 36%]  (Sampling) 
Chain 2 Iteration: 1200 / 2200 [ 54%]  (Sampling) 
Chain 1 Iteration:  900 / 2200 [ 40%]  (Sampling) 
Chain 2 Iteration: 1300 / 2200 [ 59%]  (Sampling) 
Chain 1 Iteration: 1000 / 2200 [ 45%]  (Sampling) 
Chain 1 Iteration: 1100 / 2200 [ 50%]  (Sampling) 
Chain 2 Iteration: 1400 / 2200 [ 63%]  (Sampling) 
Chain 2 Iteration: 1500 / 2200 [ 68%]  (Sampling) 
Chain 1 Iteration: 1200 / 2200 [ 54%]  (Sampling) 
Chain 1 Iteration: 1300 / 2200 [ 59%]  (Sampling) 
Chain 2 Iteration: 1600 / 2200 [ 72%]  (Sampling) 
Chain 1 Iteration: 1400 / 2200 [ 63%]  (Sampling) 
Chain 2 Iteration: 1700 / 2200 [ 77%]  (Sampling) 
Chain 2 Iteration: 1800 / 2200 [ 81%]  (Sampling) 
Chain 1 Iteration: 1500 / 2200 [ 68%]  (Sampling) 
Chain 1 Iteration: 1600 / 2200 [ 72%]  (Sampling) 
Chain 1 Iteration: 1700 / 2200 [ 77%]  (Sampling) 
Chain 2 Iteration: 1900 / 2200 [ 86%]  (Sampling) 
Chain 1 Iteration: 1800 / 2200 [ 81%]  (Sampling) 
Chain 2 Iteration: 2000 / 2200 [ 90%]  (Sampling) 
Chain 1 Iteration: 1900 / 2200 [ 86%]  (Sampling) 
Chain 2 Iteration: 2100 / 2200 [ 95%]  (Sampling) 
Chain 1 Iteration: 2000 / 2200 [ 90%]  (Sampling) 
Chain 2 Iteration: 2200 / 2200 [100%]  (Sampling) 
Chain 2 finished in 4688.3 seconds.
Chain 1 Iteration: 2100 / 2200 [ 95%]  (Sampling) 
Chain 1 Iteration: 2200 / 2200 [100%]  (Sampling) 
Chain 1 finished in 4969.5 seconds.

Both chains finished successfully.
Mean chain execution time: 4828.9 seconds.
Total execution time: 4969.7 seconds.

Warning: 82 of 3000 (3.0%) transitions ended with a divergence.
See https://mc-stan.org/misc/warnings for details.

Warning: 2918 of 3000 (97.0%) transitions hit the maximum treedepth limit of 10.
See https://mc-stan.org/misc/warnings for details.

[1] "Saving fit object..."
[1] "Calculating summary..."
[1] "Calculating samples..."
[1] "Calculating metadata..."
[1] "Summary of Hyperpriors (mu_*, sigma_*):"
# A tibble: 109 × 10
    variable      mean   median      sd     mad       q5      q95  rhat ess_bulk
    <chr>        <dbl>    <dbl>   <dbl>   <dbl>    <dbl>    <dbl> <dbl>    <dbl>
  1 mu_beta_…  0.0948   0.0750  0.983   0.980   -1.45     1.79     1.00     707.
  2 mu_beta_… -0.0497  -0.0358  0.311   0.115   -0.404    0.310    1.01     228.
  3 mu_beta_… -0.00194  0.00741 0.250   0.0958  -0.375    0.340    1.00     159.
  4 mu_beta_…  0.0444   0.0426  0.180   0.0916  -0.235    0.324    1.01     316.
  5 mu_beta_…  0.0204   0.0245  0.182   0.0483  -0.237    0.267    1.01     201.
  6 mu_beta_… -0.0318  -0.0313  0.446   0.376   -0.763    0.710    1.00     260.
  7 mu_beta_… -0.320   -0.347   0.311   0.184   -0.739    0.202    1.01     345.
  8 mu_beta_…  0.0365   0.0324  0.296   0.207   -0.420    0.512    1.00     384.
  9 mu_beta_…  0.243    0.257   0.558   0.491   -0.698    1.09     1.00     356.
 10 mu_beta_…  0.0126   0.0237  0.562   0.477   -0.961    0.856    1.00     290.
 11 mu_beta_… -0.172   -0.117   0.614   0.467   -1.21     0.682    1.03     134.
 12 mu_beta_…  0.219    0.193   0.547   0.485   -0.645    1.12     1.01     294.
 13 mu_beta_…  0.0796   0.0756  0.619   0.476   -0.887    1.04     1.01     217.
 14 mu_beta_… -0.136   -0.120   0.539   0.445   -1.01     0.712    1.01     339.
 15 mu_beta_… -0.0830  -0.0555  0.469   0.412   -0.903    0.622    1.01     356.
 16 mu_beta_… -0.332   -0.317   0.479   0.444   -1.13     0.413    1.01     387.
 17 mu_beta_… -0.241   -0.222   0.534   0.472   -1.10     0.607    1.01     270.
 18 mu_beta_… -0.535   -0.571   0.515   0.468   -1.34     0.323    1.02     305.
 19 mu_beta_…  0.195    0.171   0.601   0.538   -0.767    1.23     1.01     320.
 20 mu_beta_…  0.182    0.155   0.630   0.539   -0.818    1.25     1.00     342.
 21 mu_beta_…  0.508    0.503   0.652   0.594   -0.496    1.49     1.00     290.
 22 mu_beta_…  0.00574 -0.0303  1.54    1.05    -2.58     2.64     1.01     317.
 23 mu_beta_…  0.0540   0.00796 1.42    1.07    -2.15     2.50     1.00     847.
 24 mu_beta_… -0.0259  -0.00569 1.52    0.995   -2.29     2.33     1.00     700.
 25 mu_beta_…  0.0115  -0.0211  1.39    1.04    -2.19     2.20     1.00     645.
 26 mu_beta_…  0.0249   0.0156  1.32    0.995   -2.14     2.18     1.00     565.
 27 mu_beta_…  1.25     1.31    1.12    1.18    -0.513    2.99     1.00     427.
 28 mu_beta_…  0.332    0.286   0.674   0.579   -0.759    1.45     1.00     441.
 29 mu_beta_…  0.212    0.193   0.640   0.579   -0.875    1.28     1.00     315.
 30 mu_beta_… -0.484   -0.413   0.716   0.678   -1.73     0.563    1.01     401.
 31 mu_beta_… -0.666   -0.633   0.943   0.856   -2.20     0.690    1.01     435.
 32 mu_beta_…  0.0105   0.0107  0.0777  0.0499  -0.122    0.137    1.01     275.
 33 mu_beta_… -0.0114  -0.0111  0.0176  0.0172  -0.0402   0.0177   1.01     434.
 34 mu_beta_… -0.00405 -0.00437 0.0201  0.0200  -0.0374   0.0296   1.01     328.
 35 mu_beta_…  0.00453  0.00390 0.0213  0.0209  -0.0308   0.0404   1.01     342.
 36 mu_beta_… -0.00567 -0.00651 0.0216  0.0212  -0.0413   0.0307   1.01     351.
 37 mu_beta_… -0.00336  0.0170  0.435   0.369   -0.744    0.681    1.00     230.
 38 mu_beta_… -0.0431  -0.0249  0.435   0.364   -0.772    0.637    1.00     228.
 39 mu_beta_…  0.419    0.416   0.201   0.190    0.0987   0.764    1.00     458.
 40 mu_beta_…  0.00885  0.00840 0.0260  0.0253  -0.0338   0.0534   1.00     940.
 41 mu_beta_… -0.00543 -0.00556 0.00890 0.00894 -0.0200   0.00928  1.00     897.
 42 mu_gamma…  0.268    0.290   0.381   0.289   -0.404    0.833    1.01     308.
 43 mu_gamma…  0.0178   0.00534 1.02    0.986   -1.63     1.73     1.00     812.
 44 mu_alpha…  0.471    0.489   0.165   0.0772   0.154    0.696    1.01     309.
 45 mu_alpha…  0.606    0.640   0.281   0.149    0.121    0.953    1.00     453.
 46 mu_alpha…  0.374    0.373   0.0322  0.0322   0.323    0.426    1.00     262.
 47 mu_alpha…  0.305    0.305   0.0328  0.0326   0.250    0.357    1.01     237.
 48 mu_alpha…  0.285    0.286   0.0328  0.0327   0.231    0.338    1.01     246.
 49 mu_alpha…  0.317    0.317   0.0319  0.0317   0.265    0.369    1.01     270.
 50 mu_alpha…  0.238    0.239   0.0325  0.0317   0.185    0.292    1.00     274.
 51 mu_alpha…  0.0327   0.0317  0.0458  0.0458  -0.0409   0.110    1.00     685.
 52 mu_alpha…  0.0580   0.0584  0.0444  0.0441  -0.0148   0.130    1.00     638.
 53 mu_alpha… -0.00980 -0.00994 0.0447  0.0452  -0.0818   0.0653   1.00     565.
 54 mu_alpha…  0.115    0.115   0.0475  0.0467   0.0371   0.193    1.00     480.
 55 mu_alpha… -0.0213  -0.0211  0.0402  0.0401  -0.0864   0.0428   1.00     426.
 56 mu_delta… -0.626   -0.638   0.278   0.0872  -0.910   -0.178    1.00     229.
 57 mu_delta…  0.586    0.612   0.449   0.341   -0.172    1.26     1.00     216.
 58 mu_delta… -0.566   -0.565   0.0337  0.0334  -0.623   -0.512    1.00     245.
 59 mu_delta… -0.485   -0.485   0.0314  0.0302  -0.536   -0.433    1.01     226.
 60 mu_delta… -0.488   -0.489   0.0320  0.0321  -0.541   -0.435    1.01     229.
 61 mu_delta… -0.496   -0.496   0.0311  0.0291  -0.546   -0.444    1.01     248.
 62 mu_delta… -0.465   -0.465   0.0316  0.0315  -0.517   -0.412    1.00     251.
 63 mu_delta…  0.00347  0.00539 0.116   0.115   -0.191    0.187    1.01     498.
 64 mu_delta…  0.0519   0.0507  0.115   0.117   -0.134    0.244    1.00     354.
 65 mu_delta…  0.132    0.128   0.120   0.125   -0.0581   0.339    1.00     423.
 66 mu_delta… -0.243   -0.241   0.116   0.114   -0.439   -0.0522   1.00     449.
 67 mu_delta…  0.389    0.391   0.0876  0.0896   0.244    0.530    1.00     514.
 68 mu_phi_l…  1.24     1.39    0.520   0.305    0.130    1.79     1.02     226.
 69 sigma_be…  0.935    0.635   0.953   0.620    0.0658   2.87     1.00     817.
 70 sigma_be…  0.312    0.179   0.409   0.162    0.0340   1.02     1.01     217.
 71 sigma_be…  0.298    0.158   0.388   0.160    0.0223   1.08     1.01     353.
 72 sigma_be…  0.267    0.156   0.332   0.145    0.0311   0.865    1.01     357.
 73 sigma_be…  0.206    0.0767  0.342   0.0961   0.00436  0.855    1.00     333.
 74 sigma_be…  0.272    0.144   0.342   0.144    0.0240   0.954    1.01     361.
 75 sigma_be…  0.351    0.203   0.445   0.225    0.0117   1.16     1.00     404.
 76 sigma_be…  0.437    0.309   0.432   0.285    0.0247   1.30     1.00     303.
 77 sigma_be…  0.456    0.308   0.501   0.305    0.0209   1.43     1.01     402.
 78 sigma_be…  0.435    0.295   0.466   0.296    0.0232   1.34     1.00     375.
 79 sigma_be…  0.541    0.369   0.573   0.332    0.0420   1.69     1.00     448.
 80 sigma_be…  0.399    0.245   0.485   0.253    0.0225   1.30     1.00     649.
 81 sigma_be…  0.467    0.297   0.520   0.297    0.0268   1.48     1.00     433.
 82 sigma_be…  0.394    0.233   0.475   0.247    0.0189   1.38     1.00     474.
 83 sigma_be…  0.406    0.268   0.450   0.279    0.0170   1.29     1.00     336.
 84 sigma_be…  0.415    0.252   0.489   0.267    0.0157   1.41     1.01     408.
 85 sigma_be…  0.516    0.344   0.530   0.338    0.0322   1.61     1.00     379.
 86 sigma_be…  0.803    0.631   0.604   0.396    0.205    2.03     1.01     534.
 87 sigma_be…  0.536    0.352   0.584   0.339    0.0429   1.66     1.00     590.
 88 sigma_be…  0.534    0.378   0.528   0.352    0.0354   1.56     1.01     342.
 89 sigma_be…  0.769    0.596   0.605   0.419    0.135    1.94     1.00     343.
 90 sigma_be…  1.01     0.701   1.03    0.723    0.0503   3.11     1.00     627.
 91 sigma_be…  1.04     0.723   1.01    0.737    0.0463   3.11     1.00     604.
 92 sigma_be…  1.01     0.702   1.03    0.724    0.0424   2.96     1.00     687.
 93 sigma_be…  1.03     0.757   0.994   0.737    0.0522   3.04     1.00     945.
 94 sigma_be…  0.979    0.674   1.01    0.711    0.0417   2.93     1.00     734.
 95 sigma_be…  1.18     0.895   1.04    0.869    0.0871   3.18     1.00     474.
 96 sigma_be…  0.623    0.456   0.572   0.392    0.0513   1.78     1.01     446.
 97 sigma_be…  0.542    0.364   0.571   0.371    0.0261   1.69     1.02     292.
 98 sigma_be…  0.632    0.439   0.594   0.401    0.0494   1.83     1.00     385.
 99 sigma_be…  0.965    0.694   0.929   0.692    0.0585   2.82     1.00     341.
100 sigma_be…  0.105    0.0540  0.130   0.0602   0.00397  0.391    1.00     280.
101 sigma_ga…  0.311    0.267   0.231   0.224    0.0238   0.755    1.01     514.
102 sigma_ga…  0.332    0.289   0.241   0.238    0.0292   0.780    1.00     779.
103 sigma_al…  0.213    0.101   0.301   0.123    0.00567  0.802    1.00     460.
104 sigma_al…  0.345    0.194   0.427   0.192    0.0253   1.21     1.01     394.
105 sigma_de…  0.258    0.114   0.378   0.138    0.00643  1.02     1.01     309.
106 sigma_de…  0.565    0.414   0.473   0.295    0.133    1.46     1.00     397.
107 sigma_ph…  0.658    0.442   0.650   0.355    0.115    1.95     1.01     287.
108 sigma_ga…  0.809    0.681   0.609   0.608    0.0756   1.98     1.00    1318.
109 sigma_ga…  0.783    0.656   0.598   0.598    0.0557   1.91     1.00     468.
# ℹ 1 more variable: ess_tail <dbl>
[1] "Calculating lambda_mean..."
[1] "Calculating lambda_test_mean..."
[1] "Calculating y_rep_mean..."
[1] "Calculating y_test_rep_mean..."
[1] "Generating plots..."
[1] "exposure_JHDN7CF1C03X5_1" "exposure_W8T41JZK0ZMEP_1"
[1] 2
Adding missing grouping variables: `location_id_num`
[1] "Skipping daily plot for JHDN7CF1C03X5 due to missing daily data."
[1] "Skipping daily plot for W8T41JZK0ZMEP due to missing daily data."
[1] "Skipping MLflow logging as existing fit file was loaded."
[1] "Done."
          used  (Mb) gc trigger   (Mb)  max used   (Mb)
Ncells 5089611 271.9    8613090  460.0   8613090  460.0
Vcells 9509293  72.6  175015952 1335.3 218769712 1669.1
Warning messages:
1: Dropping 'draws_df' class as required metadata was removed. 
2: Dropping 'draws_df' class as required metadata was removed. 
3: Dropping 'draws_df' class as required metadata was removed. 
4: Dropping 'draws_df' class as required metadata was removed. 
