- The project is out-of-sync -- use `renv::status()` for details.
── Attaching core tidyverse packages ──────────────────────── tidyverse 2.0.0 ──
✔ dplyr     1.1.4     ✔ readr     2.1.5
✔ forcats   1.0.0     ✔ stringr   1.5.1
✔ ggplot2   3.5.1     ✔ tibble    3.2.1
✔ lubridate 1.9.4     ✔ tidyr     1.3.1
✔ purrr     1.0.4     
[conflicted] Will prefer dplyr::select over any other package.
[conflicted] Will prefer dplyr::filter over any other package.
[conflicted] Will prefer lubridate::year over any other package.
[conflicted] Will prefer lubridate::month over any other package.
[conflicted] Will prefer purrr::map over any other package.
[conflicted] Will prefer stats::sd over any other package.
[conflicted] Will prefer base::match over any other package.
This is cmdstanr version 0.9.0
- CmdStanR documentation and vignettes: mc-stan.org/cmdstanr
- CmdStan path: /home/nuttidalab/.cmdstan/cmdstan-2.36.0
- CmdStan version: 2.36.0

A newer version of CmdStan is available. See ?install_cmdstan() to install it.
To disable this check set option or environment variable cmdstanr_no_ver_check=TRUE.
This is posterior version 1.6.0
Registered S3 method overwritten by 'tsibble':
  method               from 
  as_tibble.grouped_df dplyr
── Attaching packages ──────────────────────────────────────────── fpp3 1.0.1 ──
✔ tsibble     1.1.6     ✔ feasts      0.4.1
✔ tsibbledata 0.4.1     ✔ fable       0.4.1
Loading required package: R.oo
Loading required package: R.methodsS3
R.methodsS3 v1.8.2 (2022-06-13 22:00:14 UTC) successfully loaded. See ?R.methodsS3 for help.
R.oo v1.27.0 (2024-11-01 18:00:02 UTC) successfully loaded. See ?R.oo for help.

Attaching package: ‘R.oo’

The following object is masked from ‘package:R.methodsS3’:

    throw

The following object is masked from ‘package:shiny’:

    printStackTrace

The following object is masked from ‘package:renv’:

    load

The following objects are masked from ‘package:methods’:

    getClasses, getMethods

The following objects are masked from ‘package:base’:

    attach, detach, load, save

R.utils v2.13.0 (2025-02-24 21:20:02 UTC) successfully loaded. See ?R.utils for help.
Registered S3 method overwritten by 'quantmod':
  method            from
  as.zoo.data.frame zoo 
Registered S3 methods overwritten by 'bayesforecast':
  method      from    
  autoplot.ts forecast
  forecast.ts forecast
  fortify.ts  forecast
  print.garch tseries 
[1] "# of rows: 34628"
[1] "# of rows: 14138"
[1] "Found 10 exposure columns in the data: exposure_9XKJD8DQTH559_1, exposure_C0BE4NDSW26QN_1, exposure_ED5J990H5VAZT_1, exposure_EMBVNVD207CC6_1, exposure_JHDN7CF1C03X5_1, exposure_LBZEEFSBJNB3Z_1, exposure_LFZFT3VASXPED_1, exposure_SAFK7ND1HR6XS_1, exposure_V3Q26BHF3SE2H_1, exposure_W8T41JZK0ZMEP_1"
Numeric columns considered for scaling:
vegan_window_sum_item_quantity,
vegetarian_window_sum_item_quantity,
meat_window_sum_item_quantity,
vegan_window_avg_item_price,
vegetarian_window_avg_item_price,
meat_window_avg_item_price,
breakfast_p_window_avg_item_price,
textured_p_window_avg_item_price,
untextured_p_window_avg_item_price,
chicken_p_window_avg_item_price,
dairy_p_window_avg_item_price,
egg_p_window_avg_item_price,
breakfast_window_avg_item_price,
textured_window_avg_item_price,
untextured_window_avg_item_price,
breakfast_t2_window_avg_item_price,
textured_t2_window_avg_item_price,
untextured_t2_window_avg_item_price,
chicken_t2_window_avg_item_price,
dairy_t2_window_avg_item_price,
day_of_month,
Value,
vegan_price_real,
vegetarian_price_real,
meat_price_real,
breakfast_p_price_real,
textured_p_price_real,
untextured_p_price_real,
chicken_p_price_real,
dairy_p_price_real,
egg_p_price_real,
breakfast_price_real,
textured_price_real,
untextured_price_real,
breakfast_t2_price_real,
textured_t2_price_real,
untextured_t2_price_real,
chicken_t2_price_real,
dairy_t2_price_real,
inflation,
temp,
precip[1] "Successfully created `expo_to_rest` mapping."
[1] "Successfully created `expo_to_param` mapping."
Identified 10 exposure columns in the design matrix: 
exposure_9XKJD8DQTH559_1, 
exposure_C0BE4NDSW26QN_1, 
exposure_ED5J990H5VAZT_1, 
exposure_EMBVNVD207CC6_1, 
exposure_JHDN7CF1C03X5_1, 
exposure_LBZEEFSBJNB3Z_1, 
exposure_LFZFT3VASXPED_1, 
exposure_SAFK7ND1HR6XS_1, 
exposure_V3Q26BHF3SE2H_1, 
exposure_W8T41JZK0ZMEP_1
Identified 31 random beta columns: 
vegan_price_real, 
vegetarian_price_real, 
meat_price_real, 
dairy_p_price_real, 
weekend, 
holiday_window, 
month_cat2, 
month_cat3, 
month_cat4, 
month_cat5, 
month_cat6, 
month_cat7, 
month_cat8, 
month_cat9, 
month_cat10, 
month_cat11, 
month_cat12, 
seasonspring, 
seasonsummer, 
seasonwinter, 
year_cat2014, 
year_cat2015, 
year_cat2016, 
year_cat2017, 
year_cat2018, 
year_cat2019, 
year_cat2020, 
year_cat2021, 
year_cat2022, 
year_cat2023, 
date_num
Identified 9 fixed beta columns: 
day_of_week_cat1, 
day_of_week_cat2, 
day_of_week_cat3, 
day_of_week_cat4, 
day_of_week_cat5, 
day_of_week_cat6, 
inflation, 
temp, 
precip
Identified 2 random alpha indices (positions): 
1, 7
Identified 2 random delta indices (positions): 
1, 7
[1] "Open-day filtering: using 10696 of 13425 train obs, 638 of 713 test obs"
$R
[1] 10

$J
[1] 51

$p_effective
[1] 12

$q_effective
[1] 12

$M
[1] 2

$idx_intercept
[1] 1

$K_beta_random
[1] 31

$idx_beta_random
[1] 2 3 4 5 6 7

$K_beta_fixed
[1] 9

$idx_beta_fixed
[1] 33 34 35 36 37 38

$K_exposure
[1] 10

$idx_exposure
[1] 42 43 44 45 46 47

$expo_to_rest
[1] 4 5 1 6 2 7

$expo_to_param
[1] 1 1 1 1 1 1

$effective_lags_alpha
[1] 1 2 3 4 5 6

$K_alpha_random
[1] 2

$idx_alpha_random
[1] 1 7

$K_alpha_fixed
[1] 10

$idx_alpha_fixed
[1] 2 3 4 5 6 8

$effective_lags_delta
[1] 1 2 3 4 5 6

$K_delta_random
[1] 2

$idx_delta_random
[1] 1 7

$K_delta_fixed
[1] 10

$idx_delta_fixed
[1] 2 3 4 5 6 8

$N_train
[1] 13425

$X_train
  (Intercept) vegan_price_real vegetarian_price_real meat_price_real
1           1       -0.9456066            -1.0571981       -3.088367
2           1       -0.9456066            -1.0426822       -3.088367
3           1       -0.9456066            -0.9309939       -3.088367
4           1       -0.7700422            -0.8055895       -3.088367
5           1       -0.7700422            -1.1073439       -3.088367
6           1       -0.7700422            -0.8610138       -3.088367
  dairy_p_price_real weekend holiday_window month_cat2 month_cat3 month_cat4
1        -0.21750495       0              0          0          1          0
2         8.60253881       0              0          0          1          0
3         0.31808727       0              0          0          1          0
4         0.68501580       1              0          0          1          0
5         0.20264135       1              0          0          1          0
6         0.02094278       0              0          0          1          0
  month_cat5 month_cat6 month_cat7 month_cat8 month_cat9 month_cat10
1          0          0          0          0          0           0
2          0          0          0          0          0           0
3          0          0          0          0          0           0
4          0          0          0          0          0           0
5          0          0          0          0          0           0
6          0          0          0          0          0           0
  month_cat11 month_cat12 seasonspring seasonsummer seasonwinter year_cat2014
1           0           0            1            0            0            0
2           0           0            1            0            0            0
3           0           0            1            0            0            0
4           0           0            1            0            0            0
5           0           0            1            0            0            0
6           0           0            1            0            0            0
  year_cat2015 year_cat2016 year_cat2017 year_cat2018 year_cat2019 year_cat2020
1            0            1            0            0            0            0
2            0            1            0            0            0            0
3            0            1            0            0            0            0
4            0            1            0            0            0            0
5            0            1            0            0            0            0
6            0            1            0            0            0            0
  year_cat2021 year_cat2022 year_cat2023 date_num day_of_week_cat1
1            0            0            0 46.22313                0
2            0            0            0 46.22587                0
3            0            0            0 46.22861                0
4            0            0            0 46.23135                0
5            0            0            0 46.23409                0
6            0            0            0 46.23682                0
  day_of_week_cat2 day_of_week_cat3 day_of_week_cat4 day_of_week_cat5
1                1                0                0                0
2                0                1                0                0
3                0                0                1                0
4                0                0                0                1
5                0                0                0                0
6                0                0                0                0
  day_of_week_cat6 inflation       temp      precip exposure_9XKJD8DQTH559_1
1                0 -1.300317 -0.4714784 -0.02064889                        0
2                0 -1.300317 -0.3918585 -0.28711691                        0
3                0 -1.300317 -0.5076692 -0.37593958                        0
4                0 -1.300317 -0.4714784 -0.19829424                        0
5                1 -1.300317 -0.6307182 -0.07394249                        0
6                0 -1.300317 -0.6379564 -0.42923318                        0
  exposure_C0BE4NDSW26QN_1 exposure_ED5J990H5VAZT_1 exposure_EMBVNVD207CC6_1
1                        0                        0                        0
2                        0                        0                        0
3                        0                        0                        0
4                        0                        0                        0
5                        0                        0                        0
6                        0                        0                        0
  exposure_JHDN7CF1C03X5_1 exposure_LBZEEFSBJNB3Z_1 exposure_LFZFT3VASXPED_1
1                        0                        0                        0
2                        0                        0                        0
3                        0                        0                        0
4                        0                        0                        0
5                        0                        0                        0
6                        0                        0                        0
  exposure_SAFK7ND1HR6XS_1 exposure_V3Q26BHF3SE2H_1 exposure_W8T41JZK0ZMEP_1
1                        0                        0                        0
2                        0                        0                        0
3                        0                        0                        0
4                        0                        0                        0
5                        0                        0                        0
6                        0                        0                        0

$y_train
[1]  6 14 14  6  7 11

$idx_to_rest_train
[1] 1 1 1 1 1 1

$train_start_idx
[1]    1 2520 3815 5009 6454 8605

$train_end_idx
[1]  2519  3814  5008  6453  8604 10771

$N_test
[1] 713

$X_test
  (Intercept) vegan_price_real vegetarian_price_real meat_price_real
1           1        1.1474472             0.6197769       0.7010198
2           1        1.1474472             0.4304243       0.9561478
3           1        1.3763626             1.1818970       0.8313326
4           1        1.1352640             1.0913927       0.8566142
5           1        0.7105627             0.8786936       0.6749344
6           1        1.3494314             0.9052754       1.1586451
  dairy_p_price_real weekend holiday_window month_cat2 month_cat3 month_cat4
1        -0.18331047       0              0          1          0          0
2        -0.16848893       0              0          1          0          0
3        -0.26849763       0              0          1          0          0
4        -0.26258466       0              0          1          0          0
5        -0.05871432       1              0          1          0          0
6        -0.07050744       1              0          1          0          0
  month_cat5 month_cat6 month_cat7 month_cat8 month_cat9 month_cat10
1          0          0          0          0          0           0
2          0          0          0          0          0           0
3          0          0          0          0          0           0
4          0          0          0          0          0           0
5          0          0          0          0          0           0
6          0          0          0          0          0           0
  month_cat11 month_cat12 seasonspring seasonsummer seasonwinter year_cat2014
1           0           0            0            0            1            0
2           0           0            0            0            1            0
3           0           0            0            0            1            0
4           0           0            0            0            1            0
5           0           0            0            0            1            0
6           0           0            0            0            1            0
  year_cat2015 year_cat2016 year_cat2017 year_cat2018 year_cat2019 year_cat2020
1            0            0            0            0            0            0
2            0            0            0            0            0            0
3            0            0            0            0            0            0
4            0            0            0            0            0            0
5            0            0            0            0            0            0
6            0            0            0            0            0            0
  year_cat2021 year_cat2022 year_cat2023 date_num day_of_week_cat1
1            0            0            1 53.11978                1
2            0            0            1 53.12252                0
3            0            0            1 53.12526                0
4            0            0            1 53.12799                0
5            0            0            1 53.13073                0
6            0            0            1 53.13347                0
  day_of_week_cat2 day_of_week_cat3 day_of_week_cat4 day_of_week_cat5
1                0                0                0                0
2                1                0                0                0
3                0                1                0                0
4                0                0                1                0
5                0                0                0                1
6                0                0                0                0
  day_of_week_cat6 inflation       temp     precip exposure_9XKJD8DQTH559_1
1                0  2.445625 -1.3979646 -0.2515878                        0
2                0  2.445625 -1.4703464 -0.4292332                        0
3                0  2.445625 -1.3111065 -0.4292332                        0
4                0  2.445625 -0.8695779 -0.4292332                        0
5                0  2.445625 -0.7537672 -0.4292332                        0
6                1  2.445625 -0.8695779 -0.4292332                        0
  exposure_C0BE4NDSW26QN_1 exposure_ED5J990H5VAZT_1 exposure_EMBVNVD207CC6_1
1                        0                        1                        0
2                        0                        1                        0
3                        0                        1                        0
4                        0                        1                        0
5                        0                        1                        0
6                        0                        1                        0
  exposure_JHDN7CF1C03X5_1 exposure_LBZEEFSBJNB3Z_1 exposure_LFZFT3VASXPED_1
1                        0                        0                        0
2                        0                        0                        0
3                        0                        0                        0
4                        0                        0                        0
5                        0                        0                        0
6                        0                        0                        0
  exposure_SAFK7ND1HR6XS_1 exposure_V3Q26BHF3SE2H_1 exposure_W8T41JZK0ZMEP_1
1                        0                        0                        0
2                        0                        0                        0
3                        0                        0                        0
4                        0                        0                        0
5                        0                        0                        0
6                        0                        0                        0

$y_test
[1]  0  8 45 81 78 50

$idx_to_rest_test
[1] 1 1 1 1 1 1

$test_start_idx
[1]   1 134 203 266 343 457

$test_end_idx
[1] 133 202 265 342 456 571

$mu_gamma_scale
[1] 1

$sigma_gamma_between_scale
[1] 1

$sigma_gamma_within_scale
[1] 1

$mu_beta_scale
[1] 1

$sigma_beta_scale
[1] 1

$mu_alpha_scale
[1] 1

$sigma_alpha_scale
[1] 1

$mu_delta_scale
[1] 1

$sigma_delta_scale
[1] 1

$mu_phi_log_scale
[1] 2

$sigma_phi_log_scale
[1] 1

$z_eta_scale
[1] 1

$z_gamma_scale
[1] 1

$z_beta_scale
[1] 1

$z_alpha_scale
[1] 1

$z_delta_scale
[1] 1

$z_phi_scale
[1] 1

$apply_truncation
[1] 0

$N_total_nonzero
[1] 10696

$idx_total_nonzero
[1] 1 2 3 4 5 6

$N_total_nonzero_test
[1] 638

$idx_total_nonzero_test
[1] 2 3 4 5 6 7

[1] "Using Stan model: model_multilevel_transfer_truncated.stan"
[1] "Fitting the multilevel model..."
Running MCMC with 3 parallel chains...

Chain 1 Informational Message: The current Metropolis proposal is about to be rejected because of the following issue:
Chain 1 Exception: neg_binomial_2_lpmf: Location parameter[1] is -nan, but must be positive finite! (in 'model_multilevel_transfer_truncated.stan', line 457, column 4 to column 67)
Chain 1 If this warning occurs sporadically, such as for highly constrained variable types like covariance matrices, then the sampler is fine,
Chain 1 but if this warning occurs often then your model may be either severely ill-conditioned or misspecified.
Chain 1 
Chain 1 Informational Message: The current Metropolis proposal is about to be rejected because of the following issue:
Chain 1 Exception: neg_binomial_2_lpmf: Location parameter[1] is -nan, but must be positive finite! (in 'model_multilevel_transfer_truncated.stan', line 457, column 4 to column 67)
Chain 1 If this warning occurs sporadically, such as for highly constrained variable types like covariance matrices, then the sampler is fine,
Chain 1 but if this warning occurs often then your model may be either severely ill-conditioned or misspecified.
Chain 1 
Chain 1 Informational Message: The current Metropolis proposal is about to be rejected because of the following issue:
Chain 1 Exception: neg_binomial_2_lpmf: Location parameter[1] is -nan, but must be positive finite! (in 'model_multilevel_transfer_truncated.stan', line 457, column 4 to column 67)
Chain 1 If this warning occurs sporadically, such as for highly constrained variable types like covariance matrices, then the sampler is fine,
Chain 1 but if this warning occurs often then your model may be either severely ill-conditioned or misspecified.
Chain 1 
Chain 1 Informational Message: The current Metropolis proposal is about to be rejected because of the following issue:
Chain 1 Exception: neg_binomial_2_lpmf: Location parameter[1] is 0, but must be positive finite! (in 'model_multilevel_transfer_truncated.stan', line 457, column 4 to column 67)
Chain 1 If this warning occurs sporadically, such as for highly constrained variable types like covariance matrices, then the sampler is fine,
Chain 1 but if this warning occurs often then your model may be either severely ill-conditioned or misspecified.
Chain 1 
Chain 2 Informational Message: The current Metropolis proposal is about to be rejected because of the following issue:
Chain 2 Exception: neg_binomial_2_lpmf: Location parameter[1] is -nan, but must be positive finite! (in 'model_multilevel_transfer_truncated.stan', line 457, column 4 to column 67)
Chain 2 If this warning occurs sporadically, such as for highly constrained variable types like covariance matrices, then the sampler is fine,
Chain 2 but if this warning occurs often then your model may be either severely ill-conditioned or misspecified.
Chain 2 
Chain 2 Informational Message: The current Metropolis proposal is about to be rejected because of the following issue:
Chain 2 Exception: neg_binomial_2_lpmf: Location parameter[1] is -nan, but must be positive finite! (in 'model_multilevel_transfer_truncated.stan', line 457, column 4 to column 67)
Chain 2 If this warning occurs sporadically, such as for highly constrained variable types like covariance matrices, then the sampler is fine,
Chain 2 but if this warning occurs often then your model may be either severely ill-conditioned or misspecified.
Chain 2 
Chain 2 Informational Message: The current Metropolis proposal is about to be rejected because of the following issue:
Chain 2 Exception: neg_binomial_2_lpmf: Location parameter[1] is -nan, but must be positive finite! (in 'model_multilevel_transfer_truncated.stan', line 457, column 4 to column 67)
Chain 2 If this warning occurs sporadically, such as for highly constrained variable types like covariance matrices, then the sampler is fine,
Chain 2 but if this warning occurs often then your model may be either severely ill-conditioned or misspecified.
Chain 2 
Chain 2 Informational Message: The current Metropolis proposal is about to be rejected because of the following issue:
Chain 2 Exception: neg_binomial_2_lpmf: Location parameter[1] is -nan, but must be positive finite! (in 'model_multilevel_transfer_truncated.stan', line 457, column 4 to column 67)
Chain 2 If this warning occurs sporadically, such as for highly constrained variable types like covariance matrices, then the sampler is fine,
Chain 2 but if this warning occurs often then your model may be either severely ill-conditioned or misspecified.
Chain 2 
Chain 3 Informational Message: The current Metropolis proposal is about to be rejected because of the following issue:
Chain 3 Exception: neg_binomial_2_lpmf: Location parameter[1] is -nan, but must be positive finite! (in 'model_multilevel_transfer_truncated.stan', line 457, column 4 to column 67)
Chain 3 If this warning occurs sporadically, such as for highly constrained variable types like covariance matrices, then the sampler is fine,
Chain 3 but if this warning occurs often then your model may be either severely ill-conditioned or misspecified.
Chain 3 
Chain 1 Informational Message: The current Metropolis proposal is about to be rejected because of the following issue:
Chain 1 Exception: neg_binomial_2_lpmf: Location parameter[1] is 0, but must be positive finite! (in 'model_multilevel_transfer_truncated.stan', line 457, column 4 to column 67)
Chain 1 If this warning occurs sporadically, such as for highly constrained variable types like covariance matrices, then the sampler is fine,
Chain 1 but if this warning occurs often then your model may be either severely ill-conditioned or misspecified.
Chain 1 
Chain 1 Informational Message: The current Metropolis proposal is about to be rejected because of the following issue:
Chain 1 Exception: neg_binomial_2_lpmf: Location parameter[1] is 0, but must be positive finite! (in 'model_multilevel_transfer_truncated.stan', line 457, column 4 to column 67)
Chain 1 If this warning occurs sporadically, such as for highly constrained variable types like covariance matrices, then the sampler is fine,
Chain 1 but if this warning occurs often then your model may be either severely ill-conditioned or misspecified.
Chain 1 
Chain 1 Informational Message: The current Metropolis proposal is about to be rejected because of the following issue:
Chain 1 Exception: neg_binomial_2_lpmf: Location parameter[1] is 0, but must be positive finite! (in 'model_multilevel_transfer_truncated.stan', line 457, column 4 to column 67)
Chain 1 If this warning occurs sporadically, such as for highly constrained variable types like covariance matrices, then the sampler is fine,
Chain 1 but if this warning occurs often then your model may be either severely ill-conditioned or misspecified.
Chain 1 
Chain 1 Informational Message: The current Metropolis proposal is about to be rejected because of the following issue:
Chain 1 Exception: neg_binomial_2_lpmf: Location parameter[1] is 0, but must be positive finite! (in 'model_multilevel_transfer_truncated.stan', line 457, column 4 to column 67)
Chain 1 If this warning occurs sporadically, such as for highly constrained variable types like covariance matrices, then the sampler is fine,
Chain 1 but if this warning occurs often then your model may be either severely ill-conditioned or misspecified.
Chain 1 
Chain 1 Informational Message: The current Metropolis proposal is about to be rejected because of the following issue:
Chain 1 Exception: neg_binomial_2_lpmf: Location parameter[1] is 0, but must be positive finite! (in 'model_multilevel_transfer_truncated.stan', line 457, column 4 to column 67)
Chain 1 If this warning occurs sporadically, such as for highly constrained variable types like covariance matrices, then the sampler is fine,
Chain 1 but if this warning occurs often then your model may be either severely ill-conditioned or misspecified.
Chain 1 
Chain 1 Informational Message: The current Metropolis proposal is about to be rejected because of the following issue:
Chain 1 Exception: neg_binomial_2_lpmf: Location parameter[20] is inf, but must be positive finite! (in 'model_multilevel_transfer_truncated.stan', line 457, column 4 to column 67)
Chain 1 If this warning occurs sporadically, such as for highly constrained variable types like covariance matrices, then the sampler is fine,
Chain 1 but if this warning occurs often then your model may be either severely ill-conditioned or misspecified.
Chain 1 
Chain 1 Informational Message: The current Metropolis proposal is about to be rejected because of the following issue:
Chain 1 Exception: neg_binomial_2_lpmf: Location parameter[46] is 0, but must be positive finite! (in 'model_multilevel_transfer_truncated.stan', line 457, column 4 to column 67)
Chain 1 If this warning occurs sporadically, such as for highly constrained variable types like covariance matrices, then the sampler is fine,
Chain 1 but if this warning occurs often then your model may be either severely ill-conditioned or misspecified.
Chain 1 
Chain 1 Informational Message: The current Metropolis proposal is about to be rejected because of the following issue:
Chain 1 Exception: neg_binomial_2_lpmf: Location parameter[6199] is inf, but must be positive finite! (in 'model_multilevel_transfer_truncated.stan', line 457, column 4 to column 67)
Chain 1 If this warning occurs sporadically, such as for highly constrained variable types like covariance matrices, then the sampler is fine,
Chain 1 but if this warning occurs often then your model may be either severely ill-conditioned or misspecified.
Chain 1 
Chain 2 Informational Message: The current Metropolis proposal is about to be rejected because of the following issue:
Chain 2 Exception: neg_binomial_2_lpmf: Location parameter[1] is -nan, but must be positive finite! (in 'model_multilevel_transfer_truncated.stan', line 457, column 4 to column 67)
Chain 2 If this warning occurs sporadically, such as for highly constrained variable types like covariance matrices, then the sampler is fine,
Chain 2 but if this warning occurs often then your model may be either severely ill-conditioned or misspecified.
Chain 2 
Chain 2 Informational Message: The current Metropolis proposal is about to be rejected because of the following issue:
Chain 2 Exception: neg_binomial_2_lpmf: Location parameter[1] is -nan, but must be positive finite! (in 'model_multilevel_transfer_truncated.stan', line 457, column 4 to column 67)
Chain 2 If this warning occurs sporadically, such as for highly constrained variable types like covariance matrices, then the sampler is fine,
Chain 2 but if this warning occurs often then your model may be either severely ill-conditioned or misspecified.
Chain 2 
Chain 2 Informational Message: The current Metropolis proposal is about to be rejected because of the following issue:
Chain 2 Exception: neg_binomial_2_lpmf: Location parameter[1] is inf, but must be positive finite! (in 'model_multilevel_transfer_truncated.stan', line 457, column 4 to column 67)
Chain 2 If this warning occurs sporadically, such as for highly constrained variable types like covariance matrices, then the sampler is fine,
Chain 2 but if this warning occurs often then your model may be either severely ill-conditioned or misspecified.
Chain 2 
Chain 2 Informational Message: The current Metropolis proposal is about to be rejected because of the following issue:
Chain 2 Exception: neg_binomial_2_lpmf: Location parameter[1] is inf, but must be positive finite! (in 'model_multilevel_transfer_truncated.stan', line 457, column 4 to column 67)
Chain 2 If this warning occurs sporadically, such as for highly constrained variable types like covariance matrices, then the sampler is fine,
Chain 2 but if this warning occurs often then your model may be either severely ill-conditioned or misspecified.
Chain 2 
Chain 2 Informational Message: The current Metropolis proposal is about to be rejected because of the following issue:
Chain 2 Exception: neg_binomial_2_lpmf: Location parameter[1] is inf, but must be positive finite! (in 'model_multilevel_transfer_truncated.stan', line 457, column 4 to column 67)
Chain 2 If this warning occurs sporadically, such as for highly constrained variable types like covariance matrices, then the sampler is fine,
Chain 2 but if this warning occurs often then your model may be either severely ill-conditioned or misspecified.
Chain 2 
Chain 2 Informational Message: The current Metropolis proposal is about to be rejected because of the following issue:
Chain 2 Exception: neg_binomial_2_lpmf: Location parameter[1] is inf, but must be positive finite! (in 'model_multilevel_transfer_truncated.stan', line 457, column 4 to column 67)
Chain 2 If this warning occurs sporadically, such as for highly constrained variable types like covariance matrices, then the sampler is fine,
Chain 2 but if this warning occurs often then your model may be either severely ill-conditioned or misspecified.
Chain 2 
Chain 3 Informational Message: The current Metropolis proposal is about to be rejected because of the following issue:
Chain 3 Exception: neg_binomial_2_lpmf: Location parameter[1] is -nan, but must be positive finite! (in 'model_multilevel_transfer_truncated.stan', line 457, column 4 to column 67)
Chain 3 If this warning occurs sporadically, such as for highly constrained variable types like covariance matrices, then the sampler is fine,
Chain 3 but if this warning occurs often then your model may be either severely ill-conditioned or misspecified.
Chain 3 
Chain 3 Informational Message: The current Metropolis proposal is about to be rejected because of the following issue:
Chain 3 Exception: neg_binomial_2_lpmf: Location parameter[1] is -nan, but must be positive finite! (in 'model_multilevel_transfer_truncated.stan', line 457, column 4 to column 67)
Chain 3 If this warning occurs sporadically, such as for highly constrained variable types like covariance matrices, then the sampler is fine,
Chain 3 but if this warning occurs often then your model may be either severely ill-conditioned or misspecified.
Chain 3 
Chain 3 Informational Message: The current Metropolis proposal is about to be rejected because of the following issue:
Chain 3 Exception: neg_binomial_2_lpmf: Location parameter[1] is inf, but must be positive finite! (in 'model_multilevel_transfer_truncated.stan', line 457, column 4 to column 67)
Chain 3 If this warning occurs sporadically, such as for highly constrained variable types like covariance matrices, then the sampler is fine,
Chain 3 but if this warning occurs often then your model may be either severely ill-conditioned or misspecified.
Chain 3 
Chain 3 Informational Message: The current Metropolis proposal is about to be rejected because of the following issue:
Chain 3 Exception: neg_binomial_2_lpmf: Location parameter[1] is inf, but must be positive finite! (in 'model_multilevel_transfer_truncated.stan', line 457, column 4 to column 67)
Chain 3 If this warning occurs sporadically, such as for highly constrained variable types like covariance matrices, then the sampler is fine,
Chain 3 but if this warning occurs often then your model may be either severely ill-conditioned or misspecified.
Chain 3 
Chain 3 Informational Message: The current Metropolis proposal is about to be rejected because of the following issue:
Chain 3 Exception: neg_binomial_2_lpmf: Location parameter[1] is inf, but must be positive finite! (in 'model_multilevel_transfer_truncated.stan', line 457, column 4 to column 67)
Chain 3 If this warning occurs sporadically, such as for highly constrained variable types like covariance matrices, then the sampler is fine,
Chain 3 but if this warning occurs often then your model may be either severely ill-conditioned or misspecified.
Chain 3 
Chain 1 Iteration:    1 / 3500 [  0%]  (Warmup) 
Chain 1 Informational Message: The current Metropolis proposal is about to be rejected because of the following issue:
Chain 1 Exception: neg_binomial_2_lpmf: Location parameter[1] is -nan, but must be positive finite! (in 'model_multilevel_transfer_truncated.stan', line 457, column 4 to column 67)
Chain 1 If this warning occurs sporadically, such as for highly constrained variable types like covariance matrices, then the sampler is fine,
Chain 1 but if this warning occurs often then your model may be either severely ill-conditioned or misspecified.
Chain 1 
Chain 2 Informational Message: The current Metropolis proposal is about to be rejected because of the following issue:
Chain 2 Exception: neg_binomial_2_lpmf: Location parameter[1] is inf, but must be positive finite! (in 'model_multilevel_transfer_truncated.stan', line 457, column 4 to column 67)
Chain 2 If this warning occurs sporadically, such as for highly constrained variable types like covariance matrices, then the sampler is fine,
Chain 2 but if this warning occurs often then your model may be either severely ill-conditioned or misspecified.
Chain 2 
Chain 2 Informational Message: The current Metropolis proposal is about to be rejected because of the following issue:
Chain 2 Exception: neg_binomial_2_lpmf: Location parameter[20] is 0, but must be positive finite! (in 'model_multilevel_transfer_truncated.stan', line 457, column 4 to column 67)
Chain 2 If this warning occurs sporadically, such as for highly constrained variable types like covariance matrices, then the sampler is fine,
Chain 2 but if this warning occurs often then your model may be either severely ill-conditioned or misspecified.
Chain 2 
Chain 2 Informational Message: The current Metropolis proposal is about to be rejected because of the following issue:
Chain 2 Exception: neg_binomial_2_lpmf: Location parameter[31] is inf, but must be positive finite! (in 'model_multilevel_transfer_truncated.stan', line 457, column 4 to column 67)
Chain 2 If this warning occurs sporadically, such as for highly constrained variable types like covariance matrices, then the sampler is fine,
Chain 2 but if this warning occurs often then your model may be either severely ill-conditioned or misspecified.
Chain 2 
Chain 2 Informational Message: The current Metropolis proposal is about to be rejected because of the following issue:
Chain 2 Exception: neg_binomial_2_lpmf: Location parameter[203] is 0, but must be positive finite! (in 'model_multilevel_transfer_truncated.stan', line 457, column 4 to column 67)
Chain 2 If this warning occurs sporadically, such as for highly constrained variable types like covariance matrices, then the sampler is fine,
Chain 2 but if this warning occurs often then your model may be either severely ill-conditioned or misspecified.
Chain 2 
Chain 3 Informational Message: The current Metropolis proposal is about to be rejected because of the following issue:
Chain 3 Exception: neg_binomial_2_lpmf: Location parameter[1] is inf, but must be positive finite! (in 'model_multilevel_transfer_truncated.stan', line 457, column 4 to column 67)
Chain 3 If this warning occurs sporadically, such as for highly constrained variable types like covariance matrices, then the sampler is fine,
Chain 3 but if this warning occurs often then your model may be either severely ill-conditioned or misspecified.
Chain 3 
Chain 3 Informational Message: The current Metropolis proposal is about to be rejected because of the following issue:
Chain 3 Exception: neg_binomial_2_lpmf: Location parameter[1] is inf, but must be positive finite! (in 'model_multilevel_transfer_truncated.stan', line 457, column 4 to column 67)
Chain 3 If this warning occurs sporadically, such as for highly constrained variable types like covariance matrices, then the sampler is fine,
Chain 3 but if this warning occurs often then your model may be either severely ill-conditioned or misspecified.
Chain 3 
Chain 3 Informational Message: The current Metropolis proposal is about to be rejected because of the following issue:
Chain 3 Exception: neg_binomial_2_lpmf: Location parameter[1] is inf, but must be positive finite! (in 'model_multilevel_transfer_truncated.stan', line 457, column 4 to column 67)
Chain 3 If this warning occurs sporadically, such as for highly constrained variable types like covariance matrices, then the sampler is fine,
Chain 3 but if this warning occurs often then your model may be either severely ill-conditioned or misspecified.
Chain 3 
Chain 3 Informational Message: The current Metropolis proposal is about to be rejected because of the following issue:
Chain 3 Exception: neg_binomial_2_lpmf: Location parameter[20] is 0, but must be positive finite! (in 'model_multilevel_transfer_truncated.stan', line 457, column 4 to column 67)
Chain 3 If this warning occurs sporadically, such as for highly constrained variable types like covariance matrices, then the sampler is fine,
Chain 3 but if this warning occurs often then your model may be either severely ill-conditioned or misspecified.
Chain 3 
Chain 1 Informational Message: The current Metropolis proposal is about to be rejected because of the following issue:
Chain 1 Exception: neg_binomial_2_lpmf: Location parameter[1] is -nan, but must be positive finite! (in 'model_multilevel_transfer_truncated.stan', line 457, column 4 to column 67)
Chain 1 If this warning occurs sporadically, such as for highly constrained variable types like covariance matrices, then the sampler is fine,
Chain 1 but if this warning occurs often then your model may be either severely ill-conditioned or misspecified.
Chain 1 
Chain 1 Informational Message: The current Metropolis proposal is about to be rejected because of the following issue:
Chain 1 Exception: neg_binomial_2_lpmf: Location parameter[1] is inf, but must be positive finite! (in 'model_multilevel_transfer_truncated.stan', line 457, column 4 to column 67)
Chain 1 If this warning occurs sporadically, such as for highly constrained variable types like covariance matrices, then the sampler is fine,
Chain 1 but if this warning occurs often then your model may be either severely ill-conditioned or misspecified.
Chain 1 
Chain 1 Informational Message: The current Metropolis proposal is about to be rejected because of the following issue:
Chain 1 Exception: neg_binomial_2_lpmf: Location parameter[55] is 0, but must be positive finite! (in 'model_multilevel_transfer_truncated.stan', line 457, column 4 to column 67)
Chain 1 If this warning occurs sporadically, such as for highly constrained variable types like covariance matrices, then the sampler is fine,
Chain 1 but if this warning occurs often then your model may be either severely ill-conditioned or misspecified.
Chain 1 
Chain 2 Iteration:    1 / 3500 [  0%]  (Warmup) 
Chain 2 Informational Message: The current Metropolis proposal is about to be rejected because of the following issue:
Chain 2 Exception: neg_binomial_2_lpmf: Location parameter[1] is -nan, but must be positive finite! (in 'model_multilevel_transfer_truncated.stan', line 457, column 4 to column 67)
Chain 2 If this warning occurs sporadically, such as for highly constrained variable types like covariance matrices, then the sampler is fine,
Chain 2 but if this warning occurs often then your model may be either severely ill-conditioned or misspecified.
Chain 2 
Chain 2 Informational Message: The current Metropolis proposal is about to be rejected because of the following issue:
Chain 2 Exception: neg_binomial_2_lpmf: Location parameter[1] is -nan, but must be positive finite! (in 'model_multilevel_transfer_truncated.stan', line 457, column 4 to column 67)
Chain 2 If this warning occurs sporadically, such as for highly constrained variable types like covariance matrices, then the sampler is fine,
Chain 2 but if this warning occurs often then your model may be either severely ill-conditioned or misspecified.
Chain 2 
Chain 2 Informational Message: The current Metropolis proposal is about to be rejected because of the following issue:
Chain 2 Exception: neg_binomial_2_lpmf: Location parameter[1] is -nan, but must be positive finite! (in 'model_multilevel_transfer_truncated.stan', line 457, column 4 to column 67)
Chain 2 If this warning occurs sporadically, such as for highly constrained variable types like covariance matrices, then the sampler is fine,
Chain 2 but if this warning occurs often then your model may be either severely ill-conditioned or misspecified.
Chain 2 
Chain 3 Iteration:    1 / 3500 [  0%]  (Warmup) 
Chain 3 Informational Message: The current Metropolis proposal is about to be rejected because of the following issue:
Chain 3 Exception: neg_binomial_2_lpmf: Location parameter[33] is 0, but must be positive finite! (in 'model_multilevel_transfer_truncated.stan', line 457, column 4 to column 67)
Chain 3 If this warning occurs sporadically, such as for highly constrained variable types like covariance matrices, then the sampler is fine,
Chain 3 but if this warning occurs often then your model may be either severely ill-conditioned or misspecified.
Chain 3 
Chain 3 Informational Message: The current Metropolis proposal is about to be rejected because of the following issue:
Chain 3 Exception: neg_binomial_2_lpmf: Location parameter[174] is inf, but must be positive finite! (in 'model_multilevel_transfer_truncated.stan', line 457, column 4 to column 67)
Chain 3 If this warning occurs sporadically, such as for highly constrained variable types like covariance matrices, then the sampler is fine,
Chain 3 but if this warning occurs often then your model may be either severely ill-conditioned or misspecified.
Chain 3 
Chain 2 Informational Message: The current Metropolis proposal is about to be rejected because of the following issue:
Chain 2 Exception: neg_binomial_2_lpmf: Location parameter[1] is inf, but must be positive finite! (in 'model_multilevel_transfer_truncated.stan', line 457, column 4 to column 67)
Chain 2 If this warning occurs sporadically, such as for highly constrained variable types like covariance matrices, then the sampler is fine,
Chain 2 but if this warning occurs often then your model may be either severely ill-conditioned or misspecified.
Chain 2 
Chain 2 Informational Message: The current Metropolis proposal is about to be rejected because of the following issue:
Chain 2 Exception: neg_binomial_2_lpmf: Location parameter[30] is inf, but must be positive finite! (in 'model_multilevel_transfer_truncated.stan', line 457, column 4 to column 67)
Chain 2 If this warning occurs sporadically, such as for highly constrained variable types like covariance matrices, then the sampler is fine,
Chain 2 but if this warning occurs often then your model may be either severely ill-conditioned or misspecified.
Chain 2 
Chain 3 Informational Message: The current Metropolis proposal is about to be rejected because of the following issue:
Chain 3 Exception: neg_binomial_2_lpmf: Location parameter[1] is -nan, but must be positive finite! (in 'model_multilevel_transfer_truncated.stan', line 457, column 4 to column 67)
Chain 3 If this warning occurs sporadically, such as for highly constrained variable types like covariance matrices, then the sampler is fine,
Chain 3 but if this warning occurs often then your model may be either severely ill-conditioned or misspecified.
Chain 3 
Chain 3 Informational Message: The current Metropolis proposal is about to be rejected because of the following issue:
Chain 3 Exception: neg_binomial_2_lpmf: Location parameter[1] is -nan, but must be positive finite! (in 'model_multilevel_transfer_truncated.stan', line 457, column 4 to column 67)
Chain 3 If this warning occurs sporadically, such as for highly constrained variable types like covariance matrices, then the sampler is fine,
Chain 3 but if this warning occurs often then your model may be either severely ill-conditioned or misspecified.
Chain 3 
Chain 3 Informational Message: The current Metropolis proposal is about to be rejected because of the following issue:
Chain 3 Exception: neg_binomial_2_lpmf: Location parameter[1] is inf, but must be positive finite! (in 'model_multilevel_transfer_truncated.stan', line 457, column 4 to column 67)
Chain 3 If this warning occurs sporadically, such as for highly constrained variable types like covariance matrices, then the sampler is fine,
Chain 3 but if this warning occurs often then your model may be either severely ill-conditioned or misspecified.
Chain 3 
Chain 3 Informational Message: The current Metropolis proposal is about to be rejected because of the following issue:
Chain 3 Exception: neg_binomial_2_lpmf: Location parameter[1] is inf, but must be positive finite! (in 'model_multilevel_transfer_truncated.stan', line 457, column 4 to column 67)
Chain 3 If this warning occurs sporadically, such as for highly constrained variable types like covariance matrices, then the sampler is fine,
Chain 3 but if this warning occurs often then your model may be either severely ill-conditioned or misspecified.
Chain 3 
Chain 2 Iteration:  100 / 3500 [  2%]  (Warmup) 
Chain 3 Iteration:  100 / 3500 [  2%]  (Warmup) 
Chain 1 Iteration:  100 / 3500 [  2%]  (Warmup) 
Chain 2 Iteration:  200 / 3500 [  5%]  (Warmup) 
Chain 1 Iteration:  200 / 3500 [  5%]  (Warmup) 
Chain 3 Iteration:  200 / 3500 [  5%]  (Warmup) 
Chain 2 Iteration:  300 / 3500 [  8%]  (Warmup) 
Chain 1 Iteration:  300 / 3500 [  8%]  (Warmup) 
Chain 3 Iteration:  300 / 3500 [  8%]  (Warmup) 
Chain 2 Iteration:  400 / 3500 [ 11%]  (Warmup) 
Chain 1 Iteration:  400 / 3500 [ 11%]  (Warmup) 
Chain 3 Iteration:  400 / 3500 [ 11%]  (Warmup) 
Chain 2 Iteration:  500 / 3500 [ 14%]  (Warmup) 
Chain 1 Iteration:  500 / 3500 [ 14%]  (Warmup) 
Chain 3 Iteration:  500 / 3500 [ 14%]  (Warmup) 
Chain 2 Iteration:  600 / 3500 [ 17%]  (Warmup) 
Chain 1 Iteration:  600 / 3500 [ 17%]  (Warmup) 
Chain 3 Iteration:  600 / 3500 [ 17%]  (Warmup) 
Chain 2 Iteration:  700 / 3500 [ 20%]  (Warmup) 
Chain 1 Iteration:  700 / 3500 [ 20%]  (Warmup) 
Chain 3 Iteration:  700 / 3500 [ 20%]  (Warmup) 
Chain 2 Iteration:  800 / 3500 [ 22%]  (Warmup) 
Chain 1 Iteration:  800 / 3500 [ 22%]  (Warmup) 
Chain 3 Iteration:  800 / 3500 [ 22%]  (Warmup) 
Chain 2 Iteration:  900 / 3500 [ 25%]  (Warmup) 
Chain 1 Iteration:  900 / 3500 [ 25%]  (Warmup) 
Chain 3 Iteration:  900 / 3500 [ 25%]  (Warmup) 
Chain 2 Iteration: 1000 / 3500 [ 28%]  (Warmup) 
Chain 1 Iteration: 1000 / 3500 [ 28%]  (Warmup) 
Chain 3 Iteration: 1000 / 3500 [ 28%]  (Warmup) 
Chain 2 Iteration: 1100 / 3500 [ 31%]  (Warmup) 
Chain 1 Iteration: 1100 / 3500 [ 31%]  (Warmup) 
Chain 3 Iteration: 1100 / 3500 [ 31%]  (Warmup) 
Chain 2 Iteration: 1200 / 3500 [ 34%]  (Warmup) 
Chain 1 Iteration: 1200 / 3500 [ 34%]  (Warmup) 
Chain 3 Iteration: 1200 / 3500 [ 34%]  (Warmup) 
Chain 2 Iteration: 1300 / 3500 [ 37%]  (Warmup) 
Chain 3 Iteration: 1300 / 3500 [ 37%]  (Warmup) 
Chain 1 Iteration: 1300 / 3500 [ 37%]  (Warmup) 
Chain 2 Iteration: 1400 / 3500 [ 40%]  (Warmup) 
Chain 3 Iteration: 1400 / 3500 [ 40%]  (Warmup) 
Chain 1 Iteration: 1400 / 3500 [ 40%]  (Warmup) 
Chain 2 Iteration: 1500 / 3500 [ 42%]  (Warmup) 
Chain 2 Iteration: 1501 / 3500 [ 42%]  (Sampling) 
Chain 3 Iteration: 1500 / 3500 [ 42%]  (Warmup) 
Chain 3 Iteration: 1501 / 3500 [ 42%]  (Sampling) 
Chain 1 Iteration: 1500 / 3500 [ 42%]  (Warmup) 
Chain 1 Iteration: 1501 / 3500 [ 42%]  (Sampling) 
Chain 2 Iteration: 1600 / 3500 [ 45%]  (Sampling) 
Chain 3 Iteration: 1600 / 3500 [ 45%]  (Sampling) 
Chain 1 Iteration: 1600 / 3500 [ 45%]  (Sampling) 
Chain 2 Iteration: 1700 / 3500 [ 48%]  (Sampling) 
Chain 3 Iteration: 1700 / 3500 [ 48%]  (Sampling) 
Chain 1 Iteration: 1700 / 3500 [ 48%]  (Sampling) 
Chain 2 Iteration: 1800 / 3500 [ 51%]  (Sampling) 
Chain 3 Iteration: 1800 / 3500 [ 51%]  (Sampling) 
Chain 1 Iteration: 1800 / 3500 [ 51%]  (Sampling) 
Chain 2 Iteration: 1900 / 3500 [ 54%]  (Sampling) 
Chain 3 Iteration: 1900 / 3500 [ 54%]  (Sampling) 
Chain 1 Iteration: 1900 / 3500 [ 54%]  (Sampling) 
Chain 2 Iteration: 2000 / 3500 [ 57%]  (Sampling) 
Chain 3 Iteration: 2000 / 3500 [ 57%]  (Sampling) 
Chain 1 Iteration: 2000 / 3500 [ 57%]  (Sampling) 
Chain 2 Iteration: 2100 / 3500 [ 60%]  (Sampling) 
Chain 3 Iteration: 2100 / 3500 [ 60%]  (Sampling) 
Chain 1 Iteration: 2100 / 3500 [ 60%]  (Sampling) 
Chain 1 Iteration: 2200 / 3500 [ 62%]  (Sampling) 
Chain 2 Iteration: 2200 / 3500 [ 62%]  (Sampling) 
Chain 1 Iteration: 2300 / 3500 [ 65%]  (Sampling) 
Chain 3 Iteration: 2200 / 3500 [ 62%]  (Sampling) 
Chain 2 Iteration: 2300 / 3500 [ 65%]  (Sampling) 
Chain 3 Iteration: 2300 / 3500 [ 65%]  (Sampling) 
Chain 1 Iteration: 2400 / 3500 [ 68%]  (Sampling) 
Chain 2 Iteration: 2400 / 3500 [ 68%]  (Sampling) 
Chain 1 Iteration: 2500 / 3500 [ 71%]  (Sampling) 
Chain 3 Iteration: 2400 / 3500 [ 68%]  (Sampling) 
Chain 2 Iteration: 2500 / 3500 [ 71%]  (Sampling) 
Chain 3 Iteration: 2500 / 3500 [ 71%]  (Sampling) 
Chain 1 Iteration: 2600 / 3500 [ 74%]  (Sampling) 
Chain 2 Iteration: 2600 / 3500 [ 74%]  (Sampling) 
Chain 3 Iteration: 2600 / 3500 [ 74%]  (Sampling) 
Chain 1 Iteration: 2700 / 3500 [ 77%]  (Sampling) 
Chain 2 Iteration: 2700 / 3500 [ 77%]  (Sampling) 
Chain 3 Iteration: 2700 / 3500 [ 77%]  (Sampling) 
Chain 1 Iteration: 2800 / 3500 [ 80%]  (Sampling) 
Chain 2 Iteration: 2800 / 3500 [ 80%]  (Sampling) 
Chain 1 Iteration: 2900 / 3500 [ 82%]  (Sampling) 
Chain 3 Iteration: 2800 / 3500 [ 80%]  (Sampling) 
Chain 2 Iteration: 2900 / 3500 [ 82%]  (Sampling) 
Chain 1 Iteration: 3000 / 3500 [ 85%]  (Sampling) 
Chain 3 Iteration: 2900 / 3500 [ 82%]  (Sampling) 
Chain 2 Iteration: 3000 / 3500 [ 85%]  (Sampling) 
Chain 1 Iteration: 3100 / 3500 [ 88%]  (Sampling) 
Chain 3 Iteration: 3000 / 3500 [ 85%]  (Sampling) 
Chain 2 Iteration: 3100 / 3500 [ 88%]  (Sampling) 
Chain 1 Iteration: 3200 / 3500 [ 91%]  (Sampling) 
Chain 3 Iteration: 3100 / 3500 [ 88%]  (Sampling) 
Chain 2 Iteration: 3200 / 3500 [ 91%]  (Sampling) 
Chain 3 Iteration: 3200 / 3500 [ 91%]  (Sampling) 
Chain 1 Iteration: 3300 / 3500 [ 94%]  (Sampling) 
Chain 2 Iteration: 3300 / 3500 [ 94%]  (Sampling) 
Chain 1 Iteration: 3400 / 3500 [ 97%]  (Sampling) 
Chain 3 Iteration: 3300 / 3500 [ 94%]  (Sampling) 
Chain 2 Iteration: 3400 / 3500 [ 97%]  (Sampling) 
Chain 1 Iteration: 3500 / 3500 [100%]  (Sampling) 
Chain 1 finished in 303907.0 seconds.
Chain 3 Iteration: 3400 / 3500 [ 97%]  (Sampling) 
Chain 2 Iteration: 3500 / 3500 [100%]  (Sampling) 
Chain 2 finished in 312773.0 seconds.
Chain 3 Iteration: 3500 / 3500 [100%]  (Sampling) 
Chain 3 finished in 314305.0 seconds.

All 3 chains finished successfully.
Mean chain execution time: 310328.3 seconds.
Total execution time: 314306.1 seconds.

Warning: 6000 of 6000 (100.0%) transitions hit the maximum treedepth limit of 10.
See https://mc-stan.org/misc/warnings for details.

[1] "Saving fit object..."
[1] "Calculating summary..."
[1] "Calculating samples..."
[1] "Calculating metadata..."
[1] "Summary of Hyperpriors (mu_*, sigma_*):"
# A tibble: 109 × 10
    variable      mean   median      sd     mad       q5      q95  rhat ess_bulk
    <chr>        <dbl>    <dbl>   <dbl>   <dbl>    <dbl>    <dbl> <dbl>    <dbl>
  1 mu_beta_…  0.773    8.15e-1 3.93    3.84    -5.86     7.23     1.01    287. 
  2 mu_beta_…  0.00877  9.10e-3 0.0118  0.0109  -0.0106   0.0272   1.01    307. 
  3 mu_beta_… -0.0217  -2.17e-2 0.0359  0.0326  -0.0813   0.0370   1.01    173. 
  4 mu_beta_…  0.0408   3.84e-2 0.0495  0.0481  -0.0377   0.124    1.02    112. 
  5 mu_beta_…  0.00258  2.93e-3 0.00730 0.00665 -0.00950  0.0138   1.01    483. 
  6 mu_beta_…  0.315    3.29e-1 0.567   0.463   -0.557    1.17     1.00    185. 
  7 mu_beta_… -0.0300  -2.86e-2 0.0940  0.0803  -0.189    0.121    1.01    150. 
  8 mu_beta_… -0.0144  -1.65e-2 0.0545  0.0454  -0.0987   0.0753   1.01    296. 
  9 mu_beta_…  0.0371   2.73e-2 0.353   0.288   -0.511    0.607    1.01    272. 
 10 mu_beta_…  0.0421   3.07e-2 0.355   0.285   -0.521    0.626    1.02    267. 
 11 mu_beta_…  0.0133   2.24e-3 0.354   0.280   -0.542    0.585    1.01    268. 
 12 mu_beta_…  0.0449   2.64e-2 0.359   0.292   -0.520    0.690    1.01    226. 
 13 mu_beta_…  0.0225   8.31e-3 0.361   0.291   -0.561    0.684    1.01    220. 
 14 mu_beta_… -0.0114  -2.50e-2 0.360   0.285   -0.591    0.635    1.01    224. 
 15 mu_beta_… -0.0127   2.63e-3 0.274   0.224   -0.482    0.402    1.01    211. 
 16 mu_beta_… -0.0663  -4.72e-2 0.277   0.226   -0.541    0.358    1.01    208. 
 17 mu_beta_… -0.147   -1.31e-1 0.287   0.243   -0.649    0.297    1.02    182. 
 18 mu_beta_… -0.255   -2.40e-1 0.211   0.197   -0.628    0.0627   1.01    158. 
 19 mu_beta_…  0.0539   5.53e-2 0.413   0.346   -0.627    0.700    1.02    209. 
 20 mu_beta_…  0.0518   6.27e-2 0.453   0.364   -0.728    0.806    1.01    220. 
 21 mu_beta_…  0.109    1.16e-1 0.292   0.259   -0.410    0.561    1.02    206. 
 22 mu_beta_… -0.0288  -1.47e-2 1.47    1.07    -2.58     2.48     1.01    540. 
 23 mu_beta_… -0.0433  -7.82e-4 1.35    1.03    -2.31     2.07     1.01    702. 
 24 mu_beta_… -0.542   -4.45e-1 0.794   0.704   -1.99     0.560    1.01    352. 
 25 mu_beta_… -0.548   -4.43e-1 1.16    1.01    -2.58     1.26     1.02    203. 
 26 mu_beta_… -0.705   -5.43e-1 1.32    1.09    -3.04     1.16     1.01    176. 
 27 mu_beta_… -0.203   -1.61e-1 0.701   0.614   -1.43     0.901    1.01    208. 
 28 mu_beta_…  0.0201  -2.32e-3 0.390   0.345   -0.575    0.718    1.02    171. 
 29 mu_beta_…  0.330    2.93e-1 0.388   0.349   -0.230    1.02     1.01    172. 
 30 mu_beta_…  0.191    1.58e-1 0.414   0.349   -0.433    0.945    1.01    243. 
 31 mu_beta_…  0.115    8.15e-2 0.462   0.402   -0.577    0.922    1.01    245. 
 32 mu_beta_…  0.0206   1.82e-2 0.0783  0.0765  -0.106    0.154    1.01    265. 
 33 mu_beta_…  0.103    1.03e-1 0.0288  0.0295   0.0563   0.151    1.01    253. 
 34 mu_beta_…  0.264    2.65e-1 0.0298  0.0308   0.216    0.313    1.01    231. 
 35 mu_beta_…  0.230    2.30e-1 0.0295  0.0305   0.182    0.278    1.01    227. 
 36 mu_beta_…  0.377    3.78e-1 0.0310  0.0318   0.327    0.428    1.01    231. 
 37 mu_beta_…  0.250    2.14e-1 0.565   0.456   -0.602    1.11     1.00    193. 
 38 mu_beta_…  0.0848   4.82e-2 0.565   0.453   -0.766    0.945    1.00    193. 
 39 mu_beta_…  0.0926   8.98e-2 0.0734  0.0739  -0.0220   0.217    1.01    239. 
 40 mu_beta_…  0.0209   2.08e-2 0.0104  0.0103   0.00358  0.0381   1.00    705. 
 41 mu_beta_… -0.0175  -1.75e-2 0.00465 0.00453 -0.0251  -0.00992  1.00    804. 
 42 mu_gamma…  0.905    8.92e-1 0.424   0.402    0.245    1.64     1.01    217. 
 43 mu_gamma…  0.0205   2.19e-2 1.01    1.00    -1.66     1.67     1.00    709. 
 44 mu_alpha…  0.266    2.73e-1 0.0890  0.0782   0.112    0.397    1.06     94.9
 45 mu_alpha…  0.187    1.88e-1 0.0423  0.0384   0.118    0.253    1.02    134. 
 46 mu_alpha…  0.0810   8.08e-2 0.0131  0.0130   0.0596   0.103    1.01    505. 
 47 mu_alpha…  0.0453   4.52e-2 0.0127  0.0127   0.0244   0.0666   1.00    478. 
 48 mu_alpha…  0.0452   4.51e-2 0.0113  0.0115   0.0268   0.0640   1.00    444. 
 49 mu_alpha…  0.0169   1.69e-2 0.0113  0.0111  -0.00168  0.0357   1.01    693. 
 50 mu_alpha…  0.0486   4.87e-2 0.0124  0.0121   0.0276   0.0690   1.01    534. 
 51 mu_alpha…  0.143    1.43e-1 0.0128  0.0127   0.122    0.164    1.00    540. 
 52 mu_alpha…  0.131    1.31e-1 0.0132  0.0130   0.109    0.152    1.00    360. 
 53 mu_alpha…  0.146    1.46e-1 0.0120  0.0119   0.127    0.166    1.00    685. 
 54 mu_alpha…  0.0982   9.81e-2 0.0127  0.0128   0.0771   0.119    1.00    464. 
 55 mu_alpha…  0.0821   8.23e-2 0.0120  0.0120   0.0619   0.102    1.00    669. 
 56 mu_delta… -0.142   -1.43e-1 0.131   0.126   -0.351    0.0698   1.02    127. 
 57 mu_delta… -0.0966  -9.81e-2 0.0985  0.0863  -0.252    0.0600   1.01    135. 
 58 mu_delta… -0.214   -2.14e-1 0.0339  0.0331  -0.270   -0.157    1.00    442. 
 59 mu_delta… -0.102   -1.02e-1 0.0322  0.0330  -0.155   -0.0490   1.00    370. 
 60 mu_delta… -0.0366  -3.67e-2 0.0301  0.0300  -0.0862   0.0131   1.00    451. 
 61 mu_delta… -0.0719  -7.25e-2 0.0334  0.0325  -0.128   -0.0164   1.01    449. 
 62 mu_delta…  0.0760   7.48e-2 0.0368  0.0360   0.0170   0.138    1.01    428. 
 63 mu_delta… -0.135   -1.35e-1 0.0327  0.0330  -0.188   -0.0810   1.00    486. 
 64 mu_delta… -0.0647  -6.41e-2 0.0325  0.0319  -0.119   -0.0119   1.00    491. 
 65 mu_delta… -0.127   -1.27e-1 0.0319  0.0320  -0.179   -0.0743   1.01    511. 
 66 mu_delta… -0.134   -1.35e-1 0.0306  0.0304  -0.184   -0.0817   1.00    525. 
 67 mu_delta…  0.00337  2.83e-3 0.0277  0.0275  -0.0410   0.0493   1.00    580. 
 68 mu_phi_l…  1.62     1.63e+0 0.272   0.253    1.16     2.05     1.02    136. 
 69 sigma_be…  0.894    8.62e-1 0.559   0.580    0.0809   1.85     1.03    157. 
 70 sigma_be…  0.0232   2.14e-2 0.0128  0.0117   0.00577  0.0462   1.01    401. 
 71 sigma_be…  0.117    1.10e-1 0.0360  0.0298   0.0728   0.186    1.03    285. 
 72 sigma_be…  0.178    1.69e-1 0.0530  0.0432   0.110    0.277    1.02    272. 
 73 sigma_be…  0.0133   1.19e-2 0.00889 0.00777  0.00180  0.0299   1.01    272. 
 74 sigma_be…  0.540    5.15e-1 0.139   0.124    0.357    0.799    1.01    204. 
 75 sigma_be…  0.260    2.45e-1 0.0865  0.0759   0.148    0.426    1.01    289. 
 76 sigma_be…  0.115    1.04e-1 0.0735  0.0679   0.0173   0.248    1.01    283. 
 77 sigma_be…  0.105    9.70e-2 0.0621  0.0514   0.0204   0.218    1.02    202. 
 78 sigma_be…  0.0900   8.21e-2 0.0562  0.0526   0.0147   0.191    1.01    271. 
 79 sigma_be…  0.0891   8.23e-2 0.0564  0.0530   0.00924  0.192    1.02    203. 
 80 sigma_be…  0.0830   7.14e-2 0.0614  0.0543   0.0109   0.199    1.01    244. 
 81 sigma_be…  0.0522   4.14e-2 0.0449  0.0387   0.00322  0.142    1.01    354. 
 82 sigma_be…  0.0964   8.68e-2 0.0632  0.0605   0.0125   0.212    1.01    302. 
 83 sigma_be…  0.0530   4.22e-2 0.0443  0.0374   0.00427  0.140    1.00    298. 
 84 sigma_be…  0.0728   6.02e-2 0.0577  0.0509   0.00700  0.185    1.01    263. 
 85 sigma_be…  0.211    1.96e-1 0.0797  0.0693   0.110    0.355    1.00    368. 
 86 sigma_be…  0.557    5.28e-1 0.183   0.167    0.313    0.897    1.01    205. 
 87 sigma_be…  0.216    1.99e-1 0.0914  0.0805   0.0970   0.384    1.01    259. 
 88 sigma_be…  0.194    1.81e-1 0.0758  0.0619   0.0983   0.336    1.01    184. 
 89 sigma_be…  0.387    3.65e-1 0.146   0.136    0.193    0.657    1.01    202. 
 90 sigma_be…  1.07     7.46e-1 1.22    0.710    0.0680   3.12     1.00    924. 
 91 sigma_be…  1.10     7.73e-1 1.26    0.733    0.0575   3.21     1.01    336. 
 92 sigma_be…  1.20     1.05e+0 0.783   0.610    0.257    2.67     1.00    299. 
 93 sigma_be…  4.19     3.74e+0 2.05    1.52     2.01     7.90     1.01    379. 
 94 sigma_be…  4.53     4.02e+0 2.21    1.69     2.11     8.70     1.01    289. 
 95 sigma_be…  2.51     2.34e+0 0.865   0.736    1.41     4.14     1.01    343. 
 96 sigma_be…  0.384    3.57e-1 0.192   0.162    0.114    0.746    1.01    124. 
 97 sigma_be…  0.348    3.35e-1 0.197   0.180    0.0370   0.687    1.02     74.0
 98 sigma_be…  0.301    2.75e-1 0.181   0.162    0.0524   0.625    1.02    164. 
 99 sigma_be…  0.422    3.80e-1 0.232   0.178    0.138    0.844    1.01    185. 
100 sigma_be…  0.0208   2.00e-2 0.0114  0.0112   0.00391  0.0406   1.01    254. 
101 sigma_ga…  1.01     9.49e-1 0.365   0.324    0.536    1.72     1.01    344. 
102 sigma_ga…  1.08     7.69e-1 1.16    0.720    0.0734   3.03     1.00    479. 
103 sigma_al…  0.260    2.45e-1 0.0737  0.0615   0.169    0.405    1.02    201. 
104 sigma_al…  0.113    1.05e-1 0.0379  0.0309   0.0661   0.186    1.00    309. 
105 sigma_de…  0.364    3.43e-1 0.113   0.0926   0.224    0.583    1.01    297. 
106 sigma_de…  0.279    2.63e-1 0.0971  0.0795   0.157    0.456    1.01    349. 
107 sigma_ph…  0.818    7.78e-1 0.218   0.190    0.542    1.22     1.02    173. 
108 sigma_ga…  1.08     7.60e-1 1.10    0.698    0.0625   3.12     1.00    579. 
109 sigma_ga…  1.13     7.99e-1 1.21    0.739    0.0752   3.32     1.00    631. 
# ℹ 1 more variable: ess_tail <dbl>
[1] "Calculating lambda_mean..."
[1] "Calculating lambda_test_mean..."
[1] "Calculating y_rep_mean..."
[1] "Calculating y_test_rep_mean..."
[1] "Generating plots..."
 [1] "exposure_9XKJD8DQTH559_1" "exposure_C0BE4NDSW26QN_1"
 [3] "exposure_ED5J990H5VAZT_1" "exposure_EMBVNVD207CC6_1"
 [5] "exposure_JHDN7CF1C03X5_1" "exposure_LBZEEFSBJNB3Z_1"
 [7] "exposure_LFZFT3VASXPED_1" "exposure_SAFK7ND1HR6XS_1"
 [9] "exposure_V3Q26BHF3SE2H_1" "exposure_W8T41JZK0ZMEP_1"
[1] 10
Adding missing grouping variables: `location_id_num`
[1] "Skipping daily plot for ED5J990H5VAZT due to missing daily data."
[1] "Skipping daily plot for JHDN7CF1C03X5 due to missing daily data."
[1] "Skipping daily plot for W8T41JZK0ZMEP due to missing daily data."
[1] "Skipping daily plot for 9XKJD8DQTH559 due to missing daily data."
[1] "Skipping daily plot for C0BE4NDSW26QN due to missing daily data."
[1] "Skipping daily plot for EMBVNVD207CC6 due to missing daily data."
[1] "Skipping daily plot for LBZEEFSBJNB3Z due to missing daily data."
[1] "Skipping daily plot for LFZFT3VASXPED due to missing daily data."
[1] "Skipping daily plot for SAFK7ND1HR6XS due to missing daily data."
[1] "Skipping daily plot for V3Q26BHF3SE2H due to missing daily data."
[1] "Skipping MLflow logging as existing fit file was loaded."
[1] "Done."
           used  (Mb) gc trigger    (Mb)   max used    (Mb)
Ncells  5167642 276.0    8232704   439.7    8232704   439.7
Vcells 12078706  92.2 1699974972 12969.8 2111836967 16112.1
Warning messages:
1: Dropping 'draws_df' class as required metadata was removed. 
2: Dropping 'draws_df' class as required metadata was removed. 
3: Dropping 'draws_df' class as required metadata was removed. 
4: Dropping 'draws_df' class as required metadata was removed. 
