- The project is out-of-sync -- use `renv::status()` for details.
── Attaching core tidyverse packages ──────────────────────── tidyverse 2.0.0 ──
✔ dplyr     1.1.4     ✔ readr     2.1.5
✔ forcats   1.0.0     ✔ stringr   1.5.1
✔ ggplot2   3.5.1     ✔ tibble    3.2.1
✔ lubridate 1.9.4     ✔ tidyr     1.3.1
✔ purrr     1.0.4     
[conflicted] Will prefer dplyr::select over any other package.
[conflicted] Will prefer dplyr::filter over any other package.
[conflicted] Will prefer lubridate::year over any other package.
[conflicted] Will prefer lubridate::month over any other package.
[conflicted] Will prefer purrr::map over any other package.
[conflicted] Will prefer stats::sd over any other package.
[conflicted] Will prefer base::match over any other package.
This is cmdstanr version 0.9.0
- CmdStanR documentation and vignettes: mc-stan.org/cmdstanr
- CmdStan path: /home/nuttidalab/.cmdstan/cmdstan-2.36.0
- CmdStan version: 2.36.0

A newer version of CmdStan is available. See ?install_cmdstan() to install it.
To disable this check set option or environment variable cmdstanr_no_ver_check=TRUE.
This is posterior version 1.6.0
Registered S3 method overwritten by 'tsibble':
  method               from 
  as_tibble.grouped_df dplyr
── Attaching packages ──────────────────────────────────────────── fpp3 1.0.1 ──
✔ tsibble     1.1.6     ✔ feasts      0.4.1
✔ tsibbledata 0.4.1     ✔ fable       0.4.1
Loading required package: R.oo
Loading required package: R.methodsS3
R.methodsS3 v1.8.2 (2022-06-13 22:00:14 UTC) successfully loaded. See ?R.methodsS3 for help.
R.oo v1.27.0 (2024-11-01 18:00:02 UTC) successfully loaded. See ?R.oo for help.

Attaching package: ‘R.oo’

The following object is masked from ‘package:R.methodsS3’:

    throw

The following object is masked from ‘package:shiny’:

    printStackTrace

The following object is masked from ‘package:renv’:

    load

The following objects are masked from ‘package:methods’:

    getClasses, getMethods

The following objects are masked from ‘package:base’:

    attach, detach, load, save

R.utils v2.13.0 (2025-02-24 21:20:02 UTC) successfully loaded. See ?R.utils for help.
Registered S3 method overwritten by 'quantmod':
  method            from
  as.zoo.data.frame zoo 
Registered S3 methods overwritten by 'bayesforecast':
  method      from    
  autoplot.ts forecast
  forecast.ts forecast
  fortify.ts  forecast
  print.garch tseries 
[1] "# of rows: 34628"
[1] "# of rows: 9289"
[1] "Found 5 exposure columns in the data: exposure_78AY09MVJVTYE_1, exposure_ED5J990H5VAZT_1, exposure_LBZEEFSBJNB3Z_1, exposure_V3Q26BHF3SE2H_1, exposure_W8T41JZK0ZMEP_1"
Numeric columns considered for scaling:
vegan_window_sum_item_quantity,
vegetarian_window_sum_item_quantity,
meat_window_sum_item_quantity,
vegan_window_avg_item_price,
vegetarian_window_avg_item_price,
meat_window_avg_item_price,
breakfast_p_window_avg_item_price,
textured_p_window_avg_item_price,
untextured_p_window_avg_item_price,
chicken_p_window_avg_item_price,
dairy_p_window_avg_item_price,
egg_p_window_avg_item_price,
breakfast_window_avg_item_price,
textured_window_avg_item_price,
untextured_window_avg_item_price,
breakfast_t2_window_avg_item_price,
textured_t2_window_avg_item_price,
untextured_t2_window_avg_item_price,
chicken_t2_window_avg_item_price,
dairy_t2_window_avg_item_price,
day_of_month,
Value,
vegan_price_real,
vegetarian_price_real,
meat_price_real,
breakfast_p_price_real,
textured_p_price_real,
untextured_p_price_real,
chicken_p_price_real,
dairy_p_price_real,
egg_p_price_real,
breakfast_price_real,
textured_price_real,
untextured_price_real,
breakfast_t2_price_real,
textured_t2_price_real,
untextured_t2_price_real,
chicken_t2_price_real,
dairy_t2_price_real,
inflation,
temp,
precip[1] "Successfully created `expo_to_rest` mapping."
[1] "Successfully created `expo_to_param` mapping."
Identified 5 exposure columns in the design matrix: 
exposure_78AY09MVJVTYE_1, 
exposure_ED5J990H5VAZT_1, 
exposure_LBZEEFSBJNB3Z_1, 
exposure_V3Q26BHF3SE2H_1, 
exposure_W8T41JZK0ZMEP_1
Identified 31 random beta columns: 
vegan_price_real, 
vegetarian_price_real, 
meat_price_real, 
egg_p_price_real, 
weekend, 
holiday_window, 
month_cat2, 
month_cat3, 
month_cat4, 
month_cat5, 
month_cat6, 
month_cat7, 
month_cat8, 
month_cat9, 
month_cat10, 
month_cat11, 
month_cat12, 
seasonspring, 
seasonsummer, 
seasonwinter, 
year_cat2014, 
year_cat2015, 
year_cat2016, 
year_cat2017, 
year_cat2018, 
year_cat2019, 
year_cat2020, 
year_cat2021, 
year_cat2022, 
year_cat2023, 
date_num
Identified 9 fixed beta columns: 
day_of_week_cat1, 
day_of_week_cat2, 
day_of_week_cat3, 
day_of_week_cat4, 
day_of_week_cat5, 
day_of_week_cat6, 
inflation, 
temp, 
precip
Identified 2 random alpha indices (positions): 
1, 7
Identified 2 random delta indices (positions): 
1, 7
$R
[1] 5

$J
[1] 46

$p_effective
[1] 12

$q_effective
[1] 12

$M
[1] 2

$idx_intercept
[1] 1

$K_beta_random
[1] 31

$idx_beta_random
[1] 2 3 4 5 6 7

$K_beta_fixed
[1] 9

$idx_beta_fixed
[1] 33 34 35 36 37 38

$K_exposure
[1] 5

$idx_exposure
[1] 42 43 44 45 46

$expo_to_rest
[1] 4 1 3 5 2

$expo_to_param
[1] 1 1 1 1 1

$effective_lags_alpha
[1] 1 2 3 4 5 6

$K_alpha_random
[1] 2

$idx_alpha_random
[1] 1 7

$K_alpha_fixed
[1] 10

$idx_alpha_fixed
[1] 2 3 4 5 6 8

$effective_lags_delta
[1] 1 2 3 4 5 6

$K_delta_random
[1] 2

$idx_delta_random
[1] 1 7

$K_delta_fixed
[1] 10

$idx_delta_fixed
[1] 2 3 4 5 6 8

$N_train
[1] 8822

$X_train
  (Intercept) vegan_price_real vegetarian_price_real meat_price_real
1           1        -2.344635             -3.095576       -2.801544
2           1        -1.146285             -1.252972       -2.801544
3           1        -1.146285             -1.252972       -2.801544
4           1        -1.146285             -1.252972       -2.801544
5           1        -1.147947             -1.255527       -2.801544
6           1        -1.147947             -1.255527       -2.801544
  egg_p_price_real weekend holiday_window month_cat2 month_cat3 month_cat4
1      0.593000202       0              0          0          0          0
2     -0.006294202       0              0          0          0          0
3     -0.061782515       1              0          0          0          0
4     -0.379588062       1              0          0          0          0
5     -0.380521627       0              0          1          0          0
6     -0.380521627       0              0          1          0          0
  month_cat5 month_cat6 month_cat7 month_cat8 month_cat9 month_cat10
1          0          0          0          0          0           0
2          0          0          0          0          0           0
3          0          0          0          0          0           0
4          0          0          0          0          0           0
5          0          0          0          0          0           0
6          0          0          0          0          0           0
  month_cat11 month_cat12 seasonspring seasonsummer seasonwinter year_cat2014
1           0           0            0            0            1            0
2           0           0            0            0            1            0
3           0           0            0            0            1            0
4           0           0            0            0            1            0
5           0           0            0            0            1            0
6           0           0            0            0            1            0
  year_cat2015 year_cat2016 year_cat2017 year_cat2018 year_cat2019 year_cat2020
1            0            1            0            0            0            0
2            0            1            0            0            0            0
3            0            1            0            0            0            0
4            0            1            0            0            0            0
5            0            1            0            0            0            0
6            0            1            0            0            0            0
  year_cat2021 year_cat2022 year_cat2023 date_num day_of_week_cat1
1            0            0            0 46.07255                0
2            0            0            0 46.07529                0
3            0            0            0 46.07803                0
4            0            0            0 46.08077                0
5            0            0            0 46.08350                0
6            0            0            0 46.08624                1
  day_of_week_cat2 day_of_week_cat3 day_of_week_cat4 day_of_week_cat5
1                0                1                0                0
2                0                0                1                0
3                0                0                0                1
4                0                0                0                0
5                0                0                0                0
6                0                0                0                0
  day_of_week_cat6 inflation       temp     precip exposure_78AY09MVJVTYE_1
1                0 -1.289298 -0.2848275  2.0889131                        0
2                0 -1.289298 -0.6847487  0.8239334                        0
3                0 -1.289298 -1.0119570  0.2359851                        0
4                1 -1.289298 -1.1282977  0.1469020                        0
5                0 -1.274502 -1.0555848 -0.2094303                        0
6                0 -1.274502 -1.2155532 -0.4410463                        0
  exposure_ED5J990H5VAZT_1 exposure_LBZEEFSBJNB3Z_1 exposure_V3Q26BHF3SE2H_1
1                        0                        0                        0
2                        0                        0                        0
3                        0                        0                        0
4                        0                        0                        0
5                        0                        0                        0
6                        0                        0                        0
  exposure_W8T41JZK0ZMEP_1
1                        0
2                        0
3                        0
4                        0
5                        0
6                        0

$y_train
[1] 0 0 0 0 0 0

$idx_to_rest_train
[1] 1 1 1 1 1 1

$train_start_idx
[1]    1 2619 3820 4453 7500

$train_end_idx
[1] 2618 3819 4452 7499 8822

$N_test
[1] 467

$X_test
  (Intercept) vegan_price_real vegetarian_price_real meat_price_real
1           1         1.033044             0.9656213       0.6405444
2           1         1.326233             1.7773132       0.8324294
3           1         1.456470             1.7453110       0.8681561
4           1         1.578796             1.6174048       0.9211841
5           1         1.433663             1.3511902       0.9983080
6           1         1.291755             1.4124367       0.8370123
  egg_p_price_real weekend holiday_window month_cat2 month_cat3 month_cat4
1      -0.08817587       0              0          0          1          0
2      -0.08311849       0              0          0          1          0
3       0.01039663       1              0          0          0          1
4      -0.01227434       1              0          0          0          1
5      -0.04423230       0              0          0          0          1
6      -0.14269538       0              0          0          0          1
  month_cat5 month_cat6 month_cat7 month_cat8 month_cat9 month_cat10
1          0          0          0          0          0           0
2          0          0          0          0          0           0
3          0          0          0          0          0           0
4          0          0          0          0          0           0
5          0          0          0          0          0           0
6          0          0          0          0          0           0
  month_cat11 month_cat12 seasonspring seasonsummer seasonwinter year_cat2014
1           0           0            1            0            0            0
2           0           0            1            0            0            0
3           0           0            1            0            0            0
4           0           0            1            0            0            0
5           0           0            1            0            0            0
6           0           0            1            0            0            0
  year_cat2015 year_cat2016 year_cat2017 year_cat2018 year_cat2019 year_cat2020
1            0            0            0            0            0            0
2            0            0            0            0            0            0
3            0            0            0            0            0            0
4            0            0            0            0            0            0
5            0            0            0            0            0            0
6            0            0            0            0            0            0
  year_cat2021 year_cat2022 year_cat2023 date_num day_of_week_cat1
1            0            0            1 53.24025                0
2            0            0            1 53.24298                0
3            0            0            1 53.24572                0
4            0            0            1 53.24846                0
5            0            0            1 53.25120                0
6            0            0            1 53.25394                1
  day_of_week_cat2 day_of_week_cat3 day_of_week_cat4 day_of_week_cat5
1                0                1                0                0
2                0                0                1                0
3                0                0                0                1
4                0                0                0                0
5                0                0                0                0
6                0                0                0                0
  day_of_week_cat6 inflation       temp      precip exposure_78AY09MVJVTYE_1
1                0  2.399036 -0.4011683 -0.26288015                        0
2                0  2.399036 -0.5611367  0.78830018                        0
3                0  2.452033 -0.7283765 -0.03126415                        0
4                1  2.452033 -1.0919412  0.59231741                        0
5                0  2.452033 -0.9319727 -0.38759646                        0
6                0  2.452033 -0.8083607  0.09345217                        0
  exposure_ED5J990H5VAZT_1 exposure_LBZEEFSBJNB3Z_1 exposure_V3Q26BHF3SE2H_1
1                        1                        0                        0
2                        1                        0                        0
3                        1                        0                        0
4                        1                        0                        0
5                        1                        0                        0
6                        1                        0                        0
  exposure_W8T41JZK0ZMEP_1
1                        0
2                        0
3                        0
4                        0
5                        0
6                        0

$y_test
[1] 34 63 67 47 28 22

$idx_to_rest_test
[1] 1 1 1 1 1 1

$test_start_idx
[1]   1 139 203 237 398

$test_end_idx
[1] 138 202 236 397 467

$mu_gamma_scale
[1] 1

$sigma_gamma_between_scale
[1] 1

$sigma_gamma_within_scale
[1] 1

$mu_beta_scale
[1] 1

$sigma_beta_scale
[1] 1

$mu_alpha_scale
[1] 1

$sigma_alpha_scale
[1] 1

$mu_delta_scale
[1] 1

$sigma_delta_scale
[1] 1

$mu_phi_log_scale
[1] 1

$sigma_phi_log_scale
[1] 1

[1] "Fitting the multilevel model..."
Running MCMC with 3 parallel chains...

Chain 1 Informational Message: The current Metropolis proposal is about to be rejected because of the following issue:
Chain 1 Exception: neg_binomial_2_lpmf: Location parameter is -nan, but must be positive finite! (in '/tmp/RtmptxEwX8/model-23bd164caef6f.stan', line 413, column 4 to column 51)
Chain 1 If this warning occurs sporadically, such as for highly constrained variable types like covariance matrices, then the sampler is fine,
Chain 1 but if this warning occurs often then your model may be either severely ill-conditioned or misspecified.
Chain 1 
Chain 1 Informational Message: The current Metropolis proposal is about to be rejected because of the following issue:
Chain 1 Exception: neg_binomial_2_lpmf: Location parameter is -nan, but must be positive finite! (in '/tmp/RtmptxEwX8/model-23bd164caef6f.stan', line 413, column 4 to column 51)
Chain 1 If this warning occurs sporadically, such as for highly constrained variable types like covariance matrices, then the sampler is fine,
Chain 1 but if this warning occurs often then your model may be either severely ill-conditioned or misspecified.
Chain 1 
Chain 2 Informational Message: The current Metropolis proposal is about to be rejected because of the following issue:
Chain 2 Exception: neg_binomial_2_lpmf: Location parameter is -nan, but must be positive finite! (in '/tmp/RtmptxEwX8/model-23bd164caef6f.stan', line 413, column 4 to column 51)
Chain 2 If this warning occurs sporadically, such as for highly constrained variable types like covariance matrices, then the sampler is fine,
Chain 2 but if this warning occurs often then your model may be either severely ill-conditioned or misspecified.
Chain 2 
Chain 1 Informational Message: The current Metropolis proposal is about to be rejected because of the following issue:
Chain 1 Exception: neg_binomial_2_lpmf: Location parameter is -nan, but must be positive finite! (in '/tmp/RtmptxEwX8/model-23bd164caef6f.stan', line 413, column 4 to column 51)
Chain 1 If this warning occurs sporadically, such as for highly constrained variable types like covariance matrices, then the sampler is fine,
Chain 1 but if this warning occurs often then your model may be either severely ill-conditioned or misspecified.
Chain 1 
Chain 1 Informational Message: The current Metropolis proposal is about to be rejected because of the following issue:
Chain 1 Exception: neg_binomial_2_lpmf: Location parameter is inf, but must be positive finite! (in '/tmp/RtmptxEwX8/model-23bd164caef6f.stan', line 413, column 4 to column 51)
Chain 1 If this warning occurs sporadically, such as for highly constrained variable types like covariance matrices, then the sampler is fine,
Chain 1 but if this warning occurs often then your model may be either severely ill-conditioned or misspecified.
Chain 1 
Chain 2 Informational Message: The current Metropolis proposal is about to be rejected because of the following issue:
Chain 2 Exception: neg_binomial_2_lpmf: Location parameter is -nan, but must be positive finite! (in '/tmp/RtmptxEwX8/model-23bd164caef6f.stan', line 413, column 4 to column 51)
Chain 2 If this warning occurs sporadically, such as for highly constrained variable types like covariance matrices, then the sampler is fine,
Chain 2 but if this warning occurs often then your model may be either severely ill-conditioned or misspecified.
Chain 2 
Chain 3 Informational Message: The current Metropolis proposal is about to be rejected because of the following issue:
Chain 3 Exception: neg_binomial_2_lpmf: Location parameter is -nan, but must be positive finite! (in '/tmp/RtmptxEwX8/model-23bd164caef6f.stan', line 413, column 4 to column 51)
Chain 3 If this warning occurs sporadically, such as for highly constrained variable types like covariance matrices, then the sampler is fine,
Chain 3 but if this warning occurs often then your model may be either severely ill-conditioned or misspecified.
Chain 3 
Chain 1 Informational Message: The current Metropolis proposal is about to be rejected because of the following issue:
Chain 1 Exception: neg_binomial_2_lpmf: Location parameter is inf, but must be positive finite! (in '/tmp/RtmptxEwX8/model-23bd164caef6f.stan', line 413, column 4 to column 51)
Chain 1 If this warning occurs sporadically, such as for highly constrained variable types like covariance matrices, then the sampler is fine,
Chain 1 but if this warning occurs often then your model may be either severely ill-conditioned or misspecified.
Chain 1 
Chain 2 Informational Message: The current Metropolis proposal is about to be rejected because of the following issue:
Chain 2 Exception: neg_binomial_2_lpmf: Location parameter is 0, but must be positive finite! (in '/tmp/RtmptxEwX8/model-23bd164caef6f.stan', line 413, column 4 to column 51)
Chain 2 If this warning occurs sporadically, such as for highly constrained variable types like covariance matrices, then the sampler is fine,
Chain 2 but if this warning occurs often then your model may be either severely ill-conditioned or misspecified.
Chain 2 
Chain 3 Informational Message: The current Metropolis proposal is about to be rejected because of the following issue:
Chain 3 Exception: neg_binomial_2_lpmf: Location parameter is -nan, but must be positive finite! (in '/tmp/RtmptxEwX8/model-23bd164caef6f.stan', line 413, column 4 to column 51)
Chain 3 If this warning occurs sporadically, such as for highly constrained variable types like covariance matrices, then the sampler is fine,
Chain 3 but if this warning occurs often then your model may be either severely ill-conditioned or misspecified.
Chain 3 
Chain 1 Informational Message: The current Metropolis proposal is about to be rejected because of the following issue:
Chain 1 Exception: neg_binomial_2_lpmf: Location parameter is inf, but must be positive finite! (in '/tmp/RtmptxEwX8/model-23bd164caef6f.stan', line 413, column 4 to column 51)
Chain 1 If this warning occurs sporadically, such as for highly constrained variable types like covariance matrices, then the sampler is fine,
Chain 1 but if this warning occurs often then your model may be either severely ill-conditioned or misspecified.
Chain 1 
Chain 2 Informational Message: The current Metropolis proposal is about to be rejected because of the following issue:
Chain 2 Exception: neg_binomial_2_lpmf: Location parameter is 0, but must be positive finite! (in '/tmp/RtmptxEwX8/model-23bd164caef6f.stan', line 413, column 4 to column 51)
Chain 2 If this warning occurs sporadically, such as for highly constrained variable types like covariance matrices, then the sampler is fine,
Chain 2 but if this warning occurs often then your model may be either severely ill-conditioned or misspecified.
Chain 2 
Chain 3 Informational Message: The current Metropolis proposal is about to be rejected because of the following issue:
Chain 3 Exception: neg_binomial_2_lpmf: Location parameter is -nan, but must be positive finite! (in '/tmp/RtmptxEwX8/model-23bd164caef6f.stan', line 413, column 4 to column 51)
Chain 3 If this warning occurs sporadically, such as for highly constrained variable types like covariance matrices, then the sampler is fine,
Chain 3 but if this warning occurs often then your model may be either severely ill-conditioned or misspecified.
Chain 3 
Chain 1 Informational Message: The current Metropolis proposal is about to be rejected because of the following issue:
Chain 1 Exception: neg_binomial_2_lpmf: Location parameter is inf, but must be positive finite! (in '/tmp/RtmptxEwX8/model-23bd164caef6f.stan', line 413, column 4 to column 51)
Chain 1 If this warning occurs sporadically, such as for highly constrained variable types like covariance matrices, then the sampler is fine,
Chain 1 but if this warning occurs often then your model may be either severely ill-conditioned or misspecified.
Chain 1 
Chain 2 Informational Message: The current Metropolis proposal is about to be rejected because of the following issue:
Chain 2 Exception: neg_binomial_2_lpmf: Location parameter is 0, but must be positive finite! (in '/tmp/RtmptxEwX8/model-23bd164caef6f.stan', line 413, column 4 to column 51)
Chain 2 If this warning occurs sporadically, such as for highly constrained variable types like covariance matrices, then the sampler is fine,
Chain 2 but if this warning occurs often then your model may be either severely ill-conditioned or misspecified.
Chain 2 
Chain 3 Informational Message: The current Metropolis proposal is about to be rejected because of the following issue:
Chain 3 Exception: neg_binomial_2_lpmf: Location parameter is -nan, but must be positive finite! (in '/tmp/RtmptxEwX8/model-23bd164caef6f.stan', line 413, column 4 to column 51)
Chain 3 If this warning occurs sporadically, such as for highly constrained variable types like covariance matrices, then the sampler is fine,
Chain 3 but if this warning occurs often then your model may be either severely ill-conditioned or misspecified.
Chain 3 
Chain 1 Informational Message: The current Metropolis proposal is about to be rejected because of the following issue:
Chain 1 Exception: neg_binomial_2_lpmf: Location parameter is inf, but must be positive finite! (in '/tmp/RtmptxEwX8/model-23bd164caef6f.stan', line 413, column 4 to column 51)
Chain 1 If this warning occurs sporadically, such as for highly constrained variable types like covariance matrices, then the sampler is fine,
Chain 1 but if this warning occurs often then your model may be either severely ill-conditioned or misspecified.
Chain 1 
Chain 3 Informational Message: The current Metropolis proposal is about to be rejected because of the following issue:
Chain 3 Exception: neg_binomial_2_lpmf: Location parameter is inf, but must be positive finite! (in '/tmp/RtmptxEwX8/model-23bd164caef6f.stan', line 413, column 4 to column 51)
Chain 3 If this warning occurs sporadically, such as for highly constrained variable types like covariance matrices, then the sampler is fine,
Chain 3 but if this warning occurs often then your model may be either severely ill-conditioned or misspecified.
Chain 3 
Chain 1 Informational Message: The current Metropolis proposal is about to be rejected because of the following issue:
Chain 1 Exception: neg_binomial_2_lpmf: Location parameter is inf, but must be positive finite! (in '/tmp/RtmptxEwX8/model-23bd164caef6f.stan', line 413, column 4 to column 51)
Chain 1 If this warning occurs sporadically, such as for highly constrained variable types like covariance matrices, then the sampler is fine,
Chain 1 but if this warning occurs often then your model may be either severely ill-conditioned or misspecified.
Chain 1 
Chain 2 Informational Message: The current Metropolis proposal is about to be rejected because of the following issue:
Chain 2 Exception: neg_binomial_2_lpmf: Location parameter is 0, but must be positive finite! (in '/tmp/RtmptxEwX8/model-23bd164caef6f.stan', line 413, column 4 to column 51)
Chain 2 If this warning occurs sporadically, such as for highly constrained variable types like covariance matrices, then the sampler is fine,
Chain 2 but if this warning occurs often then your model may be either severely ill-conditioned or misspecified.
Chain 2 
Chain 3 Informational Message: The current Metropolis proposal is about to be rejected because of the following issue:
Chain 3 Exception: neg_binomial_2_lpmf: Location parameter is inf, but must be positive finite! (in '/tmp/RtmptxEwX8/model-23bd164caef6f.stan', line 413, column 4 to column 51)
Chain 3 If this warning occurs sporadically, such as for highly constrained variable types like covariance matrices, then the sampler is fine,
Chain 3 but if this warning occurs often then your model may be either severely ill-conditioned or misspecified.
Chain 3 
Chain 2 Informational Message: The current Metropolis proposal is about to be rejected because of the following issue:
Chain 2 Exception: neg_binomial_2_lpmf: Location parameter is 0, but must be positive finite! (in '/tmp/RtmptxEwX8/model-23bd164caef6f.stan', line 413, column 4 to column 51)
Chain 2 If this warning occurs sporadically, such as for highly constrained variable types like covariance matrices, then the sampler is fine,
Chain 2 but if this warning occurs often then your model may be either severely ill-conditioned or misspecified.
Chain 2 
Chain 1 Informational Message: The current Metropolis proposal is about to be rejected because of the following issue:
Chain 1 Exception: neg_binomial_2_lpmf: Location parameter is inf, but must be positive finite! (in '/tmp/RtmptxEwX8/model-23bd164caef6f.stan', line 413, column 4 to column 51)
Chain 1 If this warning occurs sporadically, such as for highly constrained variable types like covariance matrices, then the sampler is fine,
Chain 1 but if this warning occurs often then your model may be either severely ill-conditioned or misspecified.
Chain 1 
Chain 2 Informational Message: The current Metropolis proposal is about to be rejected because of the following issue:
Chain 2 Exception: neg_binomial_2_lpmf: Location parameter is 0, but must be positive finite! (in '/tmp/RtmptxEwX8/model-23bd164caef6f.stan', line 413, column 4 to column 51)
Chain 2 If this warning occurs sporadically, such as for highly constrained variable types like covariance matrices, then the sampler is fine,
Chain 2 but if this warning occurs often then your model may be either severely ill-conditioned or misspecified.
Chain 2 
Chain 3 Informational Message: The current Metropolis proposal is about to be rejected because of the following issue:
Chain 3 Exception: neg_binomial_2_lpmf: Location parameter is inf, but must be positive finite! (in '/tmp/RtmptxEwX8/model-23bd164caef6f.stan', line 413, column 4 to column 51)
Chain 3 If this warning occurs sporadically, such as for highly constrained variable types like covariance matrices, then the sampler is fine,
Chain 3 but if this warning occurs often then your model may be either severely ill-conditioned or misspecified.
Chain 3 
Chain 1 Informational Message: The current Metropolis proposal is about to be rejected because of the following issue:
Chain 1 Exception: neg_binomial_2_lpmf: Location parameter is inf, but must be positive finite! (in '/tmp/RtmptxEwX8/model-23bd164caef6f.stan', line 413, column 4 to column 51)
Chain 1 If this warning occurs sporadically, such as for highly constrained variable types like covariance matrices, then the sampler is fine,
Chain 1 but if this warning occurs often then your model may be either severely ill-conditioned or misspecified.
Chain 1 
Chain 2 Informational Message: The current Metropolis proposal is about to be rejected because of the following issue:
Chain 2 Exception: neg_binomial_2_lpmf: Location parameter is 0, but must be positive finite! (in '/tmp/RtmptxEwX8/model-23bd164caef6f.stan', line 413, column 4 to column 51)
Chain 2 If this warning occurs sporadically, such as for highly constrained variable types like covariance matrices, then the sampler is fine,
Chain 2 but if this warning occurs often then your model may be either severely ill-conditioned or misspecified.
Chain 2 
Chain 3 Informational Message: The current Metropolis proposal is about to be rejected because of the following issue:
Chain 3 Exception: neg_binomial_2_lpmf: Location parameter is inf, but must be positive finite! (in '/tmp/RtmptxEwX8/model-23bd164caef6f.stan', line 413, column 4 to column 51)
Chain 3 If this warning occurs sporadically, such as for highly constrained variable types like covariance matrices, then the sampler is fine,
Chain 3 but if this warning occurs often then your model may be either severely ill-conditioned or misspecified.
Chain 3 
Chain 2 Informational Message: The current Metropolis proposal is about to be rejected because of the following issue:
Chain 2 Exception: neg_binomial_2_lpmf: Location parameter is 0, but must be positive finite! (in '/tmp/RtmptxEwX8/model-23bd164caef6f.stan', line 413, column 4 to column 51)
Chain 2 If this warning occurs sporadically, such as for highly constrained variable types like covariance matrices, then the sampler is fine,
Chain 2 but if this warning occurs often then your model may be either severely ill-conditioned or misspecified.
Chain 2 
Chain 3 Informational Message: The current Metropolis proposal is about to be rejected because of the following issue:
Chain 3 Exception: neg_binomial_2_lpmf: Location parameter is inf, but must be positive finite! (in '/tmp/RtmptxEwX8/model-23bd164caef6f.stan', line 413, column 4 to column 51)
Chain 3 If this warning occurs sporadically, such as for highly constrained variable types like covariance matrices, then the sampler is fine,
Chain 3 but if this warning occurs often then your model may be either severely ill-conditioned or misspecified.
Chain 3 
Chain 2 Informational Message: The current Metropolis proposal is about to be rejected because of the following issue:
Chain 2 Exception: neg_binomial_2_lpmf: Location parameter is inf, but must be positive finite! (in '/tmp/RtmptxEwX8/model-23bd164caef6f.stan', line 413, column 4 to column 51)
Chain 2 If this warning occurs sporadically, such as for highly constrained variable types like covariance matrices, then the sampler is fine,
Chain 2 but if this warning occurs often then your model may be either severely ill-conditioned or misspecified.
Chain 2 
Chain 1 Iteration:    1 / 2200 [  0%]  (Warmup) 
Chain 3 Informational Message: The current Metropolis proposal is about to be rejected because of the following issue:
Chain 3 Exception: neg_binomial_2_lpmf: Location parameter is inf, but must be positive finite! (in '/tmp/RtmptxEwX8/model-23bd164caef6f.stan', line 413, column 4 to column 51)
Chain 3 If this warning occurs sporadically, such as for highly constrained variable types like covariance matrices, then the sampler is fine,
Chain 3 but if this warning occurs often then your model may be either severely ill-conditioned or misspecified.
Chain 3 
Chain 2 Informational Message: The current Metropolis proposal is about to be rejected because of the following issue:
Chain 2 Exception: neg_binomial_2_lpmf: Location parameter is 0, but must be positive finite! (in '/tmp/RtmptxEwX8/model-23bd164caef6f.stan', line 413, column 4 to column 51)
Chain 2 If this warning occurs sporadically, such as for highly constrained variable types like covariance matrices, then the sampler is fine,
Chain 2 but if this warning occurs often then your model may be either severely ill-conditioned or misspecified.
Chain 2 
Chain 3 Informational Message: The current Metropolis proposal is about to be rejected because of the following issue:
Chain 3 Exception: neg_binomial_2_lpmf: Location parameter is inf, but must be positive finite! (in '/tmp/RtmptxEwX8/model-23bd164caef6f.stan', line 413, column 4 to column 51)
Chain 3 If this warning occurs sporadically, such as for highly constrained variable types like covariance matrices, then the sampler is fine,
Chain 3 but if this warning occurs often then your model may be either severely ill-conditioned or misspecified.
Chain 3 
Chain 2 Iteration:    1 / 2200 [  0%]  (Warmup) 
Chain 3 Informational Message: The current Metropolis proposal is about to be rejected because of the following issue:
Chain 3 Exception: neg_binomial_2_lpmf: Location parameter is inf, but must be positive finite! (in '/tmp/RtmptxEwX8/model-23bd164caef6f.stan', line 413, column 4 to column 51)
Chain 3 If this warning occurs sporadically, such as for highly constrained variable types like covariance matrices, then the sampler is fine,
Chain 3 but if this warning occurs often then your model may be either severely ill-conditioned or misspecified.
Chain 3 
Chain 1 Informational Message: The current Metropolis proposal is about to be rejected because of the following issue:
Chain 1 Exception: neg_binomial_2_lpmf: Location parameter is -nan, but must be positive finite! (in '/tmp/RtmptxEwX8/model-23bd164caef6f.stan', line 413, column 4 to column 51)
Chain 1 If this warning occurs sporadically, such as for highly constrained variable types like covariance matrices, then the sampler is fine,
Chain 1 but if this warning occurs often then your model may be either severely ill-conditioned or misspecified.
Chain 1 
Chain 1 Informational Message: The current Metropolis proposal is about to be rejected because of the following issue:
Chain 1 Exception: neg_binomial_2_lpmf: Location parameter is -nan, but must be positive finite! (in '/tmp/RtmptxEwX8/model-23bd164caef6f.stan', line 413, column 4 to column 51)
Chain 1 If this warning occurs sporadically, such as for highly constrained variable types like covariance matrices, then the sampler is fine,
Chain 1 but if this warning occurs often then your model may be either severely ill-conditioned or misspecified.
Chain 1 
Chain 2 Informational Message: The current Metropolis proposal is about to be rejected because of the following issue:
Chain 2 Exception: neg_binomial_2_lpmf: Location parameter is -nan, but must be positive finite! (in '/tmp/RtmptxEwX8/model-23bd164caef6f.stan', line 413, column 4 to column 51)
Chain 2 If this warning occurs sporadically, such as for highly constrained variable types like covariance matrices, then the sampler is fine,
Chain 2 but if this warning occurs often then your model may be either severely ill-conditioned or misspecified.
Chain 2 
Chain 2 Informational Message: The current Metropolis proposal is about to be rejected because of the following issue:
Chain 2 Exception: neg_binomial_2_lpmf: Location parameter is -nan, but must be positive finite! (in '/tmp/RtmptxEwX8/model-23bd164caef6f.stan', line 413, column 4 to column 51)
Chain 2 If this warning occurs sporadically, such as for highly constrained variable types like covariance matrices, then the sampler is fine,
Chain 2 but if this warning occurs often then your model may be either severely ill-conditioned or misspecified.
Chain 2 
Chain 1 Informational Message: The current Metropolis proposal is about to be rejected because of the following issue:
Chain 1 Exception: neg_binomial_2_lpmf: Location parameter is 0, but must be positive finite! (in '/tmp/RtmptxEwX8/model-23bd164caef6f.stan', line 413, column 4 to column 51)
Chain 1 If this warning occurs sporadically, such as for highly constrained variable types like covariance matrices, then the sampler is fine,
Chain 1 but if this warning occurs often then your model may be either severely ill-conditioned or misspecified.
Chain 1 
Chain 3 Iteration:    1 / 2200 [  0%]  (Warmup) 
Chain 1 Informational Message: The current Metropolis proposal is about to be rejected because of the following issue:
Chain 1 Exception: neg_binomial_2_lpmf: Location parameter is inf, but must be positive finite! (in '/tmp/RtmptxEwX8/model-23bd164caef6f.stan', line 413, column 4 to column 51)
Chain 1 If this warning occurs sporadically, such as for highly constrained variable types like covariance matrices, then the sampler is fine,
Chain 1 but if this warning occurs often then your model may be either severely ill-conditioned or misspecified.
Chain 1 
Chain 2 Informational Message: The current Metropolis proposal is about to be rejected because of the following issue:
Chain 2 Exception: neg_binomial_2_lpmf: Location parameter is 0, but must be positive finite! (in '/tmp/RtmptxEwX8/model-23bd164caef6f.stan', line 413, column 4 to column 51)
Chain 2 If this warning occurs sporadically, such as for highly constrained variable types like covariance matrices, then the sampler is fine,
Chain 2 but if this warning occurs often then your model may be either severely ill-conditioned or misspecified.
Chain 2 
Chain 2 Informational Message: The current Metropolis proposal is about to be rejected because of the following issue:
Chain 2 Exception: neg_binomial_2_lpmf: Location parameter is inf, but must be positive finite! (in '/tmp/RtmptxEwX8/model-23bd164caef6f.stan', line 413, column 4 to column 51)
Chain 2 If this warning occurs sporadically, such as for highly constrained variable types like covariance matrices, then the sampler is fine,
Chain 2 but if this warning occurs often then your model may be either severely ill-conditioned or misspecified.
Chain 2 
Chain 3 Informational Message: The current Metropolis proposal is about to be rejected because of the following issue:
Chain 3 Exception: neg_binomial_2_lpmf: Location parameter is -nan, but must be positive finite! (in '/tmp/RtmptxEwX8/model-23bd164caef6f.stan', line 413, column 4 to column 51)
Chain 3 If this warning occurs sporadically, such as for highly constrained variable types like covariance matrices, then the sampler is fine,
Chain 3 but if this warning occurs often then your model may be either severely ill-conditioned or misspecified.
Chain 3 
Chain 3 Informational Message: The current Metropolis proposal is about to be rejected because of the following issue:
Chain 3 Exception: neg_binomial_2_lpmf: Location parameter is -nan, but must be positive finite! (in '/tmp/RtmptxEwX8/model-23bd164caef6f.stan', line 413, column 4 to column 51)
Chain 3 If this warning occurs sporadically, such as for highly constrained variable types like covariance matrices, then the sampler is fine,
Chain 3 but if this warning occurs often then your model may be either severely ill-conditioned or misspecified.
Chain 3 
Chain 3 Informational Message: The current Metropolis proposal is about to be rejected because of the following issue:
Chain 3 Exception: neg_binomial_2_lpmf: Location parameter is 0, but must be positive finite! (in '/tmp/RtmptxEwX8/model-23bd164caef6f.stan', line 413, column 4 to column 51)
Chain 3 If this warning occurs sporadically, such as for highly constrained variable types like covariance matrices, then the sampler is fine,
Chain 3 but if this warning occurs often then your model may be either severely ill-conditioned or misspecified.
Chain 3 
Chain 3 Informational Message: The current Metropolis proposal is about to be rejected because of the following issue:
Chain 3 Exception: neg_binomial_2_lpmf: Location parameter is 0, but must be positive finite! (in '/tmp/RtmptxEwX8/model-23bd164caef6f.stan', line 413, column 4 to column 51)
Chain 3 If this warning occurs sporadically, such as for highly constrained variable types like covariance matrices, then the sampler is fine,
Chain 3 but if this warning occurs often then your model may be either severely ill-conditioned or misspecified.
Chain 3 
Chain 1 Iteration:  100 / 2200 [  4%]  (Warmup) 
Chain 3 Iteration:  100 / 2200 [  4%]  (Warmup) 
Chain 2 Iteration:  100 / 2200 [  4%]  (Warmup) 
Chain 1 Iteration:  200 / 2200 [  9%]  (Warmup) 
Chain 3 Iteration:  200 / 2200 [  9%]  (Warmup) 
Chain 2 Iteration:  200 / 2200 [  9%]  (Warmup) 
Chain 1 Iteration:  300 / 2200 [ 13%]  (Warmup) 
Chain 3 Iteration:  300 / 2200 [ 13%]  (Warmup) 
Chain 2 Iteration:  300 / 2200 [ 13%]  (Warmup) 
Chain 3 Iteration:  400 / 2200 [ 18%]  (Warmup) 
Chain 1 Iteration:  400 / 2200 [ 18%]  (Warmup) 
Chain 2 Iteration:  400 / 2200 [ 18%]  (Warmup) 
Chain 3 Iteration:  500 / 2200 [ 22%]  (Warmup) 
Chain 1 Iteration:  500 / 2200 [ 22%]  (Warmup) 
Chain 2 Iteration:  500 / 2200 [ 22%]  (Warmup) 
Chain 1 Iteration:  600 / 2200 [ 27%]  (Warmup) 
Chain 3 Iteration:  600 / 2200 [ 27%]  (Warmup) 
Chain 2 Iteration:  600 / 2200 [ 27%]  (Warmup) 
Chain 1 Iteration:  700 / 2200 [ 31%]  (Warmup) 
Chain 1 Iteration:  701 / 2200 [ 31%]  (Sampling) 
Chain 3 Iteration:  700 / 2200 [ 31%]  (Warmup) 
Chain 3 Iteration:  701 / 2200 [ 31%]  (Sampling) 
Chain 2 Iteration:  700 / 2200 [ 31%]  (Warmup) 
Chain 2 Iteration:  701 / 2200 [ 31%]  (Sampling) 
Chain 1 Iteration:  800 / 2200 [ 36%]  (Sampling) 
Chain 3 Iteration:  800 / 2200 [ 36%]  (Sampling) 
Chain 2 Iteration:  800 / 2200 [ 36%]  (Sampling) 
Chain 1 Iteration:  900 / 2200 [ 40%]  (Sampling) 
Chain 3 Iteration:  900 / 2200 [ 40%]  (Sampling) 
Chain 2 Iteration:  900 / 2200 [ 40%]  (Sampling) 
Chain 3 Iteration: 1000 / 2200 [ 45%]  (Sampling) 
Chain 1 Iteration: 1000 / 2200 [ 45%]  (Sampling) 
Chain 2 Iteration: 1000 / 2200 [ 45%]  (Sampling) 
Chain 3 Iteration: 1100 / 2200 [ 50%]  (Sampling) 
Chain 1 Iteration: 1100 / 2200 [ 50%]  (Sampling) 
Chain 2 Iteration: 1100 / 2200 [ 50%]  (Sampling) 
Chain 3 Iteration: 1200 / 2200 [ 54%]  (Sampling) 
Chain 1 Iteration: 1200 / 2200 [ 54%]  (Sampling) 
Chain 2 Iteration: 1200 / 2200 [ 54%]  (Sampling) 
Chain 3 Iteration: 1300 / 2200 [ 59%]  (Sampling) 
Chain 1 Iteration: 1300 / 2200 [ 59%]  (Sampling) 
Chain 2 Iteration: 1300 / 2200 [ 59%]  (Sampling) 
Chain 3 Iteration: 1400 / 2200 [ 63%]  (Sampling) 
Chain 1 Iteration: 1400 / 2200 [ 63%]  (Sampling) 
Chain 2 Iteration: 1400 / 2200 [ 63%]  (Sampling) 
Chain 3 Iteration: 1500 / 2200 [ 68%]  (Sampling) 
Chain 1 Iteration: 1500 / 2200 [ 68%]  (Sampling) 
Chain 2 Iteration: 1500 / 2200 [ 68%]  (Sampling) 
Chain 3 Iteration: 1600 / 2200 [ 72%]  (Sampling) 
Chain 1 Iteration: 1600 / 2200 [ 72%]  (Sampling) 
Chain 2 Iteration: 1600 / 2200 [ 72%]  (Sampling) 
Chain 3 Iteration: 1700 / 2200 [ 77%]  (Sampling) 
Chain 1 Iteration: 1700 / 2200 [ 77%]  (Sampling) 
Chain 2 Iteration: 1700 / 2200 [ 77%]  (Sampling) 
Chain 3 Iteration: 1800 / 2200 [ 81%]  (Sampling) 
Chain 1 Iteration: 1800 / 2200 [ 81%]  (Sampling) 
Chain 2 Iteration: 1800 / 2200 [ 81%]  (Sampling) 
Chain 1 Iteration: 1900 / 2200 [ 86%]  (Sampling) 
Chain 3 Iteration: 1900 / 2200 [ 86%]  (Sampling) 
Chain 2 Iteration: 1900 / 2200 [ 86%]  (Sampling) 
Chain 1 Iteration: 2000 / 2200 [ 90%]  (Sampling) 
Chain 3 Iteration: 2000 / 2200 [ 90%]  (Sampling) 
Chain 2 Iteration: 2000 / 2200 [ 90%]  (Sampling) 
Chain 3 Iteration: 2100 / 2200 [ 95%]  (Sampling) 
Chain 1 Iteration: 2100 / 2200 [ 95%]  (Sampling) 
Chain 2 Iteration: 2100 / 2200 [ 95%]  (Sampling) 
Chain 3 Iteration: 2200 / 2200 [100%]  (Sampling) 
Chain 3 finished in 120906.0 seconds.
Chain 1 Iteration: 2200 / 2200 [100%]  (Sampling) 
Chain 1 finished in 121323.0 seconds.
Chain 2 Iteration: 2200 / 2200 [100%]  (Sampling) 
Chain 2 finished in 121753.0 seconds.

All 3 chains finished successfully.
Mean chain execution time: 121327.3 seconds.
Total execution time: 121755.8 seconds.

Warning: 23 of 4500 (1.0%) transitions ended with a divergence.
See https://mc-stan.org/misc/warnings for details.

Warning: 4477 of 4500 (99.0%) transitions hit the maximum treedepth limit of 10.
See https://mc-stan.org/misc/warnings for details.

[1] "Saving fit object..."
[1] "Calculating summary..."
[1] "Calculating samples..."
[1] "Calculating metadata..."
[1] "Summary of Hyperpriors (mu_*, sigma_*):"
# A tibble: 109 × 10
    variable      mean   median      sd     mad       q5      q95  rhat ess_bulk
    <chr>        <dbl>    <dbl>   <dbl>   <dbl>    <dbl>    <dbl> <dbl>    <dbl>
  1 mu_beta_…  0.137    1.42e-1 0.962   0.944   -1.44     1.70     1.00    1542.
  2 mu_beta_…  0.00806  7.27e-3 0.0245  0.0188  -0.0283   0.0487   1.01     762.
  3 mu_beta_…  0.0434   3.88e-2 0.0694  0.0507  -0.0582   0.156    1.00     495.
  4 mu_beta_…  0.0216   2.23e-2 0.0715  0.0519  -0.0886   0.124    1.01     421.
  5 mu_beta_…  0.0137   1.36e-2 0.0113  0.00812 -0.00274  0.0286   1.00     934.
  6 mu_beta_…  0.163    1.63e-1 0.479   0.384   -0.626    0.987    1.00     540.
  7 mu_beta_…  0.141    1.39e-1 0.514   0.444   -0.665    0.968    1.01     333.
  8 mu_beta_… -0.0466  -5.11e-2 0.0976  0.0783  -0.187    0.115    1.00    1174.
  9 mu_beta_… -0.0167   1.19e-4 0.388   0.311   -0.689    0.569    1.01     365.
 10 mu_beta_… -0.0766  -5.52e-2 0.393   0.311   -0.763    0.528    1.01     358.
 11 mu_beta_… -0.0667  -4.65e-2 0.389   0.309   -0.733    0.524    1.01     385.
 12 mu_beta_…  0.0491   4.23e-2 0.404   0.326   -0.584    0.748    1.01     404.
 13 mu_beta_…  0.0907   7.28e-2 0.412   0.328   -0.548    0.803    1.01     409.
 14 mu_beta_… -0.0727  -7.62e-2 0.405   0.323   -0.700    0.629    1.01     429.
 15 mu_beta_…  0.140    1.12e-1 0.387   0.317   -0.449    0.783    1.01     476.
 16 mu_beta_… -0.0208  -2.65e-2 0.323   0.253   -0.515    0.467    1.02     422.
 17 mu_beta_…  0.00465  1.48e-3 0.324   0.255   -0.507    0.503    1.01     401.
 18 mu_beta_… -0.0372  -3.17e-2 0.140   0.111   -0.263    0.173    1.00     728.
 19 mu_beta_… -0.0397  -5.22e-2 0.443   0.382   -0.731    0.708    1.00     405.
 20 mu_beta_…  0.0408   3.28e-2 0.476   0.393   -0.734    0.820    1.01     321.
 21 mu_beta_…  0.0176   9.75e-3 0.321   0.256   -0.474    0.510    1.01     465.
 22 mu_beta_…  0.182    2.10e-1 0.667   0.480   -0.861    1.15     1.00     892.
 23 mu_beta_… -0.167   -1.47e-1 0.563   0.419   -1.03     0.689    1.00     781.
 24 mu_beta_… -0.339   -3.40e-1 0.428   0.385   -0.962    0.325    1.00     818.
 25 mu_beta_… -0.276   -2.70e-1 0.433   0.348   -0.917    0.367    1.00     707.
 26 mu_beta_… -0.0467  -4.17e-2 0.364   0.294   -0.604    0.534    1.00     624.
 27 mu_beta_…  0.0627   5.08e-2 0.281   0.249   -0.384    0.549    1.00     612.
 28 mu_beta_… -0.238   -2.38e-1 0.323   0.308   -0.763    0.306    1.00     526.
 29 mu_beta_…  0.171    1.53e-1 0.308   0.284   -0.308    0.715    1.01     565.
 30 mu_beta_…  0.268    2.33e-1 0.316   0.305   -0.195    0.823    1.01     513.
 31 mu_beta_…  0.407    3.73e-1 0.391   0.377   -0.177    1.10     1.01     499.
 32 mu_beta_… -0.0164  -1.60e-2 0.0318  0.0297  -0.0687   0.0331   1.00     821.
 33 mu_beta_…  0.0510   5.04e-2 0.0262  0.0264   0.00879  0.0953   1.00    1014.
 34 mu_beta_…  0.171    1.71e-1 0.0310  0.0310   0.120    0.223    1.00     747.
 35 mu_beta_…  0.183    1.83e-1 0.0283  0.0286   0.137    0.230    1.00     641.
 36 mu_beta_…  0.272    2.71e-1 0.0292  0.0294   0.225    0.320    1.00     615.
 37 mu_beta_…  0.130    1.19e-1 0.477   0.370   -0.694    0.917    1.00     551.
 38 mu_beta_…  0.0629   5.37e-2 0.476   0.373   -0.761    0.849    1.00     557.
 39 mu_beta_… -0.0784  -7.87e-2 0.0787  0.0799  -0.210    0.0477   1.00    1039.
 40 mu_beta_… -0.0212  -2.11e-2 0.0146  0.0145  -0.0459   0.00277  1.00    1866.
 41 mu_beta_… -0.00131 -1.25e-3 0.00617 0.00622 -0.0118   0.00864  1.00    3437.
 42 mu_gamma…  0.899    8.99e-1 0.681   0.675   -0.222    2.00     1.01     784.
 43 mu_gamma…  0.0234  -8.33e-4 0.998   1.00    -1.58     1.68     1.00    1984.
 44 mu_alpha…  0.488    4.99e-1 0.218   0.177    0.127    0.818    1.00     451.
 45 mu_alpha…  0.365    3.70e-1 0.153   0.125    0.111    0.596    1.01     466.
 46 mu_alpha…  0.168    1.68e-1 0.0243  0.0245   0.129    0.208    1.00     577.
 47 mu_alpha…  0.168    1.68e-1 0.0220  0.0216   0.132    0.205    1.00     585.
 48 mu_alpha…  0.197    1.98e-1 0.0218  0.0222   0.162    0.233    1.00     609.
 49 mu_alpha…  0.125    1.25e-1 0.0219  0.0217   0.0899   0.162    1.00     663.
 50 mu_alpha…  0.101    1.01e-1 0.0207  0.0208   0.0669   0.135    1.00     579.
 51 mu_alpha…  0.0817   8.18e-2 0.0216  0.0209   0.0460   0.117    1.00    2021.
 52 mu_alpha…  0.0748   7.45e-2 0.0216  0.0226   0.0396   0.110    1.00    1985.
 53 mu_alpha…  0.110    1.10e-1 0.0216  0.0218   0.0745   0.146    1.00    1837.
 54 mu_alpha…  0.0462   4.69e-2 0.0215  0.0212   0.0103   0.0814   1.00    1806.
 55 mu_alpha… -0.0216  -2.14e-2 0.0210  0.0209  -0.0556   0.0130   1.00    2065.
 56 mu_delta… -0.171   -1.71e-1 0.279   0.246   -0.618    0.285    1.00     461.
 57 mu_delta…  0.493    5.05e-1 0.313   0.286   -0.0153   0.971    1.01     534.
 58 mu_delta… -0.330   -3.29e-1 0.0282  0.0284  -0.375   -0.285    1.00     498.
 59 mu_delta… -0.224   -2.24e-1 0.0260  0.0257  -0.268   -0.181    1.00     483.
 60 mu_delta… -0.281   -2.81e-1 0.0261  0.0256  -0.324   -0.238    1.01     462.
 61 mu_delta… -0.122   -1.21e-1 0.0298  0.0297  -0.171   -0.0734   1.00     683.
 62 mu_delta… -0.238   -2.39e-1 0.0240  0.0244  -0.277   -0.199    1.00     498.
 63 mu_delta… -0.00992 -9.23e-3 0.0450  0.0467  -0.0849   0.0616   1.00    1975.
 64 mu_delta…  0.0885   8.82e-2 0.0455  0.0445   0.0147   0.164    1.00    1512.
 65 mu_delta…  0.0336   3.35e-2 0.0449  0.0445  -0.0404   0.108    1.00    1765.
 66 mu_delta… -0.0238  -2.29e-2 0.0439  0.0441  -0.0978   0.0473   1.00    1642.
 67 mu_delta…  0.0970   9.67e-2 0.0411  0.0412   0.0286   0.165    1.00    1669.
 68 mu_phi_l…  0.868    8.69e-1 0.329   0.290    0.340    1.38     1.01     442.
 69 sigma_be…  1.52     1.42e+0 0.885   0.793    0.225    3.11     1.01     454.
 70 sigma_be…  0.0387   3.13e-2 0.0334  0.0237   0.00368  0.0981   1.00     796.
 71 sigma_be…  0.137    1.18e-1 0.0750  0.0494   0.0615   0.275    1.00     785.
 72 sigma_be…  0.138    1.18e-1 0.0822  0.0522   0.0607   0.281    1.01     784.
 73 sigma_be…  0.0144   9.94e-3 0.0165  0.00907  0.00101  0.0424   1.00     972.
 74 sigma_be…  0.215    1.85e-1 0.119   0.0778   0.101    0.423    1.00    1009.
 75 sigma_be…  1.33     1.23e+0 0.491   0.409    0.735    2.27     1.00     920.
 76 sigma_be…  0.152    1.26e-1 0.131   0.0970   0.0125   0.379    1.00     466.
 77 sigma_be…  0.0836   6.02e-2 0.0850  0.0573   0.00563  0.236    1.00    1031.
 78 sigma_be…  0.0931   6.47e-2 0.103   0.0608   0.00545  0.280    1.01    1246.
 79 sigma_be…  0.0782   5.32e-2 0.0880  0.0507   0.00489  0.235    1.00    1322.
 80 sigma_be…  0.110    8.02e-2 0.110   0.0757   0.00712  0.314    1.00    1077.
 81 sigma_be…  0.161    1.13e-1 0.164   0.111    0.00870  0.480    1.00     604.
 82 sigma_be…  0.118    8.17e-2 0.121   0.0796   0.00755  0.353    1.00     823.
 83 sigma_be…  0.548    4.80e-1 0.300   0.233    0.207    1.12     1.01     587.
 84 sigma_be…  0.118    8.78e-2 0.114   0.0781   0.00805  0.334    1.00     888.
 85 sigma_be…  0.154    1.17e-1 0.146   0.101    0.0128   0.430    1.01     512.
 86 sigma_be…  0.229    1.91e-1 0.171   0.128    0.0384   0.558    1.00     736.
 87 sigma_be…  0.108    8.41e-2 0.0990  0.0746   0.00716  0.292    1.00     550.
 88 sigma_be…  0.219    1.84e-1 0.156   0.109    0.0435   0.521    1.00     516.
 89 sigma_be…  0.123    9.69e-2 0.118   0.0837   0.00882  0.323    1.00     673.
 90 sigma_be…  0.746    5.20e-1 0.735   0.526    0.0396   2.18     1.00    1361.
 91 sigma_be…  0.705    4.52e-1 0.759   0.476    0.0376   2.22     1.00    1711.
 92 sigma_be…  0.544    3.99e-1 0.499   0.326    0.0620   1.55     1.00     817.
 93 sigma_be…  0.512    3.62e-1 0.499   0.305    0.0477   1.46     1.00     872.
 94 sigma_be…  0.342    1.96e-1 0.420   0.210    0.0140   1.17     1.00     801.
 95 sigma_be…  0.182    1.10e-1 0.231   0.112    0.0102   0.588    1.00     963.
 96 sigma_be…  0.430    3.62e-1 0.272   0.180    0.158    0.917    1.01     781.
 97 sigma_be…  0.320    2.72e-1 0.231   0.181    0.0462   0.739    1.00     460.
 98 sigma_be…  0.171    1.34e-1 0.154   0.111    0.0144   0.457    1.00     464.
 99 sigma_be…  0.267    2.18e-1 0.213   0.155    0.0320   0.680    1.00     620.
100 sigma_be…  0.0279   2.10e-2 0.0265  0.0194   0.00194  0.0784   1.00     809.
101 sigma_ga…  1.75     1.70e+0 0.484   0.462    1.07     2.63     1.00    1205.
102 sigma_ga…  0.790    6.63e-1 0.605   0.598    0.0527   1.96     1.00    1890.
103 sigma_al…  0.441    3.87e-1 0.209   0.151    0.218    0.846    1.00     854.
104 sigma_al…  0.312    2.71e-1 0.159   0.111    0.148    0.606    1.00     858.
105 sigma_de…  0.656    5.95e-1 0.274   0.209    0.344    1.17     1.00     860.
106 sigma_de…  0.700    6.33e-1 0.303   0.231    0.361    1.26     1.00     834.
107 sigma_ph…  0.761    6.81e-1 0.331   0.243    0.409    1.39     1.01     670.
108 sigma_ga…  0.791    6.79e-1 0.602   0.601    0.0648   1.92     1.00    1764.
109 sigma_ga…  0.790    6.70e-1 0.605   0.586    0.0625   1.95     1.00    1555.
# ℹ 1 more variable: ess_tail <dbl>
[1] "Calculating lambda_mean..."
[1] "Calculating lambda_test_mean..."
[1] "Calculating y_rep_mean..."
[1] "Calculating y_test_rep_mean..."
[1] "Generating plots..."
[1] "exposure_78AY09MVJVTYE_1" "exposure_ED5J990H5VAZT_1"
[3] "exposure_LBZEEFSBJNB3Z_1" "exposure_V3Q26BHF3SE2H_1"
[5] "exposure_W8T41JZK0ZMEP_1"
[1] 5
Adding missing grouping variables: `location_id_num`
[1] "Skipping daily plot for ED5J990H5VAZT due to missing daily data."
[1] "Skipping daily plot for W8T41JZK0ZMEP due to missing daily data."
[1] "Skipping daily plot for LBZEEFSBJNB3Z due to missing daily data."
[1] "Skipping daily plot for 78AY09MVJVTYE due to missing daily data."
[1] "Skipping daily plot for V3Q26BHF3SE2H due to missing daily data."
[1] "Skipping MLflow logging as existing fit file was loaded."
[1] "Done."
           used  (Mb) gc trigger   (Mb)   max used   (Mb)
Ncells  5129198 274.0    7565285  404.1    7565285  404.1
Vcells 10832663  82.7  847577091 6466.6 1049286507 8005.5
Warning messages:
1: Dropping 'draws_df' class as required metadata was removed. 
2: Dropping 'draws_df' class as required metadata was removed. 
3: Dropping 'draws_df' class as required metadata was removed. 
4: Dropping 'draws_df' class as required metadata was removed. 
