- The project is out-of-sync -- use `renv::status()` for details.
── Attaching core tidyverse packages ──────────────────────── tidyverse 2.0.0 ──
✔ dplyr     1.1.4     ✔ readr     2.1.5
✔ forcats   1.0.0     ✔ stringr   1.5.1
✔ ggplot2   3.5.1     ✔ tibble    3.2.1
✔ lubridate 1.9.4     ✔ tidyr     1.3.1
✔ purrr     1.0.4     
[conflicted] Will prefer dplyr::select over any other package.
[conflicted] Will prefer dplyr::filter over any other package.
[conflicted] Will prefer lubridate::year over any other package.
[conflicted] Will prefer lubridate::month over any other package.
[conflicted] Will prefer purrr::map over any other package.
[conflicted] Will prefer stats::sd over any other package.
[conflicted] Will prefer base::match over any other package.
This is cmdstanr version 0.9.0
- CmdStanR documentation and vignettes: mc-stan.org/cmdstanr
- CmdStan path: /home/nuttidalab/.cmdstan/cmdstan-2.36.0
- CmdStan version: 2.36.0

A newer version of CmdStan is available. See ?install_cmdstan() to install it.
To disable this check set option or environment variable cmdstanr_no_ver_check=TRUE.
This is posterior version 1.6.0
Registered S3 method overwritten by 'tsibble':
  method               from 
  as_tibble.grouped_df dplyr
── Attaching packages ──────────────────────────────────────────── fpp3 1.0.1 ──
✔ tsibble     1.1.6     ✔ feasts      0.4.1
✔ tsibbledata 0.4.1     ✔ fable       0.4.1
Loading required package: R.oo
Loading required package: R.methodsS3
R.methodsS3 v1.8.2 (2022-06-13 22:00:14 UTC) successfully loaded. See ?R.methodsS3 for help.
R.oo v1.27.0 (2024-11-01 18:00:02 UTC) successfully loaded. See ?R.oo for help.

Attaching package: ‘R.oo’

The following object is masked from ‘package:R.methodsS3’:

    throw

The following object is masked from ‘package:shiny’:

    printStackTrace

The following object is masked from ‘package:renv’:

    load

The following objects are masked from ‘package:methods’:

    getClasses, getMethods

The following objects are masked from ‘package:base’:

    attach, detach, load, save

R.utils v2.13.0 (2025-02-24 21:20:02 UTC) successfully loaded. See ?R.utils for help.
Registered S3 method overwritten by 'quantmod':
  method            from
  as.zoo.data.frame zoo 
Registered S3 methods overwritten by 'bayesforecast':
  method      from    
  autoplot.ts forecast
  forecast.ts forecast
  fortify.ts  forecast
  print.garch tseries 
[1] "# of rows: 34628"
[1] "# of rows: 3120"
[1] "Found 3 exposure columns in the data: exposure_9XKJD8DQTH559_1, exposure_SAFK7ND1HR6XS_1, exposure_W8T41JZK0ZMEP_1"
Numeric columns considered for scaling:
vegan_window_sum_item_quantity,
vegetarian_window_sum_item_quantity,
meat_window_sum_item_quantity,
vegan_window_avg_item_price,
vegetarian_window_avg_item_price,
meat_window_avg_item_price,
breakfast_p_window_avg_item_price,
textured_p_window_avg_item_price,
untextured_p_window_avg_item_price,
chicken_p_window_avg_item_price,
dairy_p_window_avg_item_price,
egg_p_window_avg_item_price,
breakfast_window_avg_item_price,
textured_window_avg_item_price,
untextured_window_avg_item_price,
breakfast_t2_window_avg_item_price,
textured_t2_window_avg_item_price,
untextured_t2_window_avg_item_price,
chicken_t2_window_avg_item_price,
dairy_t2_window_avg_item_price,
day_of_month,
Value,
vegan_price_real,
vegetarian_price_real,
meat_price_real,
breakfast_p_price_real,
textured_p_price_real,
untextured_p_price_real,
chicken_p_price_real,
dairy_p_price_real,
egg_p_price_real,
breakfast_price_real,
textured_price_real,
untextured_price_real,
breakfast_t2_price_real,
textured_t2_price_real,
untextured_t2_price_real,
chicken_t2_price_real,
dairy_t2_price_real,
inflation,
temp,
precip[1] "Successfully created `expo_to_rest` mapping."
[1] "Successfully created `expo_to_param` mapping."
Identified 3 exposure columns in the design matrix: 
exposure_9XKJD8DQTH559_1, 
exposure_SAFK7ND1HR6XS_1, 
exposure_W8T41JZK0ZMEP_1
Identified 31 random beta columns: 
vegan_price_real, 
vegetarian_price_real, 
meat_price_real, 
textured_p_price_real, 
weekend, 
holiday_window, 
month_cat2, 
month_cat3, 
month_cat4, 
month_cat5, 
month_cat6, 
month_cat7, 
month_cat8, 
month_cat9, 
month_cat10, 
month_cat11, 
month_cat12, 
seasonspring, 
seasonsummer, 
seasonwinter, 
year_cat2014, 
year_cat2015, 
year_cat2016, 
year_cat2017, 
year_cat2018, 
year_cat2019, 
year_cat2020, 
year_cat2021, 
year_cat2022, 
year_cat2023, 
date_num
Identified 9 fixed beta columns: 
day_of_week_cat1, 
day_of_week_cat2, 
day_of_week_cat3, 
day_of_week_cat4, 
day_of_week_cat5, 
day_of_week_cat6, 
inflation, 
temp, 
precip
Identified 2 random alpha indices (positions): 
1, 7
Identified 2 random delta indices (positions): 
1, 7
[1] "Open-day filtering: using 2559 of 2962 train obs, 139 of 158 test obs"
$R
[1] 3

$J
[1] 44

$p_effective
[1] 12

$q_effective
[1] 12

$M
[1] 2

$idx_intercept
[1] 1

$K_beta_random
[1] 31

$idx_beta_random
[1] 2 3 4 5 6 7

$K_beta_fixed
[1] 9

$idx_beta_fixed
[1] 33 34 35 36 37 38

$K_exposure
[1] 3

$idx_exposure
[1] 42 43 44

$expo_to_rest
[1] 2 3 1

$expo_to_param
[1] 1 1 1

$effective_lags_alpha
[1] 1 2 3 4 5 6

$K_alpha_random
[1] 2

$idx_alpha_random
[1] 1 7

$K_alpha_fixed
[1] 10

$idx_alpha_fixed
[1] 2 3 4 5 6 8

$effective_lags_delta
[1] 1 2 3 4 5 6

$K_delta_random
[1] 2

$idx_delta_random
[1] 1 7

$K_delta_fixed
[1] 10

$idx_delta_fixed
[1] 2 3 4 5 6 8

$N_train
[1] 2962

$X_train
  (Intercept) vegan_price_real vegetarian_price_real meat_price_real
1           1       -1.5912182            -3.3556556       0.3073796
2           1       -0.4541976            -2.7080382       0.5000952
3           1       -1.2144498            -1.5729929      -0.2787948
4           1       -0.1688414            -0.5029126      -0.5591035
5           1       -1.7697284            -2.5178314      -0.1187068
6           1       -1.8591583            -2.7221796      -0.1077761
  textured_p_price_real weekend holiday_window month_cat2 month_cat3 month_cat4
1             -1.618804       0              0          1          0          0
2             -1.470063       0              0          1          0          0
3             -1.980996       1              0          1          0          0
4             -1.499534       1              0          1          0          0
5             -1.981496       0              0          1          0          0
6             -2.091191       0              0          1          0          0
  month_cat5 month_cat6 month_cat7 month_cat8 month_cat9 month_cat10
1          0          0          0          0          0           0
2          0          0          0          0          0           0
3          0          0          0          0          0           0
4          0          0          0          0          0           0
5          0          0          0          0          0           0
6          0          0          0          0          0           0
  month_cat11 month_cat12 seasonspring seasonsummer seasonwinter year_cat2014
1           0           0            0            0            1            0
2           0           0            0            0            1            0
3           0           0            0            0            1            0
4           0           0            0            0            1            0
5           0           0            0            0            1            0
6           0           0            0            0            1            0
  year_cat2015 year_cat2016 year_cat2017 year_cat2018 year_cat2019 year_cat2020
1            0            0            0            0            0            1
2            0            0            0            0            0            1
3            0            0            0            0            0            1
4            0            0            0            0            0            1
5            0            0            0            0            0            1
6            0            0            0            0            0            1
  year_cat2021 year_cat2022 year_cat2023 date_num day_of_week_cat1
1            0            0            0 50.11636                0
2            0            0            0 50.11910                0
3            0            0            0 50.12183                0
4            0            0            0 50.12457                0
5            0            0            0 50.12731                0
6            0            0            0 50.13005                1
  day_of_week_cat2 day_of_week_cat3 day_of_week_cat4 day_of_week_cat5
1                0                1                0                0
2                0                0                1                0
3                0                0                0                1
4                0                0                0                0
5                0                0                0                0
6                0                0                0                0
  day_of_week_cat6 inflation       temp     precip exposure_9XKJD8DQTH559_1
1                0 -1.344728 -1.4727130  0.1752811                        0
2                0 -1.344728 -2.1946394 -0.3702196                        0
3                0 -1.344728 -1.7342805 -0.4419960                        0
4                1 -1.344728 -1.1222125 -0.4419960                        0
5                0 -1.344728 -1.1797573 -0.4419960                        0
6                0 -1.344728 -0.6670849  0.2901234                        0
  exposure_SAFK7ND1HR6XS_1 exposure_W8T41JZK0ZMEP_1
1                        0                        0
2                        0                        0
3                        0                        0
4                        0                        0
5                        0                        0
6                        0                        0

$y_train
[1] 0 0 0 0 0 0

$idx_to_rest_train
[1] 1 1 1 1 1 1

$train_start_idx
[1]    1 1195 2640

$train_end_idx
[1] 1194 2639 2962

$N_test
[1] 158

$X_test
  (Intercept) vegan_price_real vegetarian_price_real meat_price_real
1           1       -0.1803748             0.6285094       1.3538739
2           1        0.7327271             0.9241401       1.3538739
3           1        0.6610226             1.0431256      -0.1722665
4           1       -1.0362449            -0.2616388       0.9605657
5           1       -0.4243284             0.2896106       1.1572198
6           1        0.1862665             0.4479132       1.3538739
  textured_p_price_real weekend holiday_window month_cat2 month_cat3 month_cat4
1            0.15184638       0              0          0          0          0
2           -0.26432826       0              0          0          0          0
3            0.07822796       0              0          0          0          0
4           -0.36535637       0              0          0          0          0
5           -0.61113641       0              0          0          0          0
6            0.69801170       1              0          0          0          0
  month_cat5 month_cat6 month_cat7 month_cat8 month_cat9 month_cat10
1          1          0          0          0          0           0
2          1          0          0          0          0           0
3          1          0          0          0          0           0
4          1          0          0          0          0           0
5          1          0          0          0          0           0
6          1          0          0          0          0           0
  month_cat11 month_cat12 seasonspring seasonsummer seasonwinter year_cat2014
1           0           0            1            0            0            0
2           0           0            1            0            0            0
3           0           0            1            0            0            0
4           0           0            1            0            0            0
5           0           0            1            0            0            0
6           0           0            1            0            0            0
  year_cat2015 year_cat2016 year_cat2017 year_cat2018 year_cat2019 year_cat2020
1            0            0            0            0            0            0
2            0            0            0            0            0            0
3            0            0            0            0            0            0
4            0            0            0            0            0            0
5            0            0            0            0            0            0
6            0            0            0            0            0            0
  year_cat2021 year_cat2022 year_cat2023 date_num day_of_week_cat1
1            0            0            1 53.38535                0
2            0            0            1 53.38809                1
3            0            0            1 53.39083                0
4            0            0            1 53.39357                0
5            0            0            1 53.39630                0
6            0            0            1 53.39904                0
  day_of_week_cat2 day_of_week_cat3 day_of_week_cat4 day_of_week_cat5
1                0                0                0                0
2                0                0                0                0
3                1                0                0                0
4                0                1                0                0
5                0                0                1                0
6                0                0                0                1
  day_of_week_cat6 inflation         temp    precip exposure_9XKJD8DQTH559_1
1                0  1.887394  0.175162637 -0.441996                        0
2                0  1.887394  0.640752891 -0.441996                        0
3                0  1.887394  0.499506409 -0.441996                        0
4                0  1.887394 -0.138718433 -0.441996                        0
5                0  1.887394  0.002528048 -0.441996                        0
6                0  1.887394  0.379185332 -0.441996                        0
  exposure_SAFK7ND1HR6XS_1 exposure_W8T41JZK0ZMEP_1
1                        0                        0
2                        0                        0
3                        0                        0
4                        0                        0
5                        0                        0
6                        0                        0

$y_test
[1] 0 0 2 2 5 0

$idx_to_rest_test
[1] 1 1 1 1 1 1

$test_start_idx
[1]   1  64 141

$test_end_idx
[1]  63 140 158

$mu_gamma_scale
[1] 1

$sigma_gamma_between_scale
[1] 1

$sigma_gamma_within_scale
[1] 1

$mu_beta_scale
[1] 1

$sigma_beta_scale
[1] 1

$mu_alpha_scale
[1] 1

$sigma_alpha_scale
[1] 1

$mu_delta_scale
[1] 1

$sigma_delta_scale
[1] 1

$mu_phi_log_scale
[1] 2

$sigma_phi_log_scale
[1] 1

$z_eta_scale
[1] 1

$z_gamma_scale
[1] 1

$z_beta_scale
[1] 1

$z_alpha_scale
[1] 1

$z_delta_scale
[1] 1

$z_phi_scale
[1] 1

$apply_truncation
[1] 0

$N_total_nonzero
[1] 2559

$idx_total_nonzero
[1] 1 2 3 4 5 6

$N_total_nonzero_test
[1] 139

$idx_total_nonzero_test
[1] 2 3 4 5 6 7

[1] "Using Stan model: model_multilevel_transfer_truncated.stan"
[1] "Fitting the multilevel model..."
Running MCMC with 3 parallel chains...

Chain 1 Iteration:    1 / 3500 [  0%]  (Warmup) 
Chain 1 Informational Message: The current Metropolis proposal is about to be rejected because of the following issue:
Chain 1 Exception: neg_binomial_2_lpmf: Location parameter[1] is -nan, but must be positive finite! (in 'model_multilevel_transfer_truncated.stan', line 457, column 4 to column 67)
Chain 1 If this warning occurs sporadically, such as for highly constrained variable types like covariance matrices, then the sampler is fine,
Chain 1 but if this warning occurs often then your model may be either severely ill-conditioned or misspecified.
Chain 1 
Chain 1 Informational Message: The current Metropolis proposal is about to be rejected because of the following issue:
Chain 1 Exception: neg_binomial_2_lpmf: Location parameter[1] is -nan, but must be positive finite! (in 'model_multilevel_transfer_truncated.stan', line 457, column 4 to column 67)
Chain 1 If this warning occurs sporadically, such as for highly constrained variable types like covariance matrices, then the sampler is fine,
Chain 1 but if this warning occurs often then your model may be either severely ill-conditioned or misspecified.
Chain 1 
Chain 1 Informational Message: The current Metropolis proposal is about to be rejected because of the following issue:
Chain 1 Exception: neg_binomial_2_lpmf: Location parameter[1] is -nan, but must be positive finite! (in 'model_multilevel_transfer_truncated.stan', line 457, column 4 to column 67)
Chain 1 If this warning occurs sporadically, such as for highly constrained variable types like covariance matrices, then the sampler is fine,
Chain 1 but if this warning occurs often then your model may be either severely ill-conditioned or misspecified.
Chain 1 
Chain 1 Informational Message: The current Metropolis proposal is about to be rejected because of the following issue:
Chain 1 Exception: neg_binomial_2_lpmf: Location parameter[1] is inf, but must be positive finite! (in 'model_multilevel_transfer_truncated.stan', line 457, column 4 to column 67)
Chain 1 If this warning occurs sporadically, such as for highly constrained variable types like covariance matrices, then the sampler is fine,
Chain 1 but if this warning occurs often then your model may be either severely ill-conditioned or misspecified.
Chain 1 
Chain 1 Informational Message: The current Metropolis proposal is about to be rejected because of the following issue:
Chain 1 Exception: neg_binomial_2_lpmf: Location parameter[1] is inf, but must be positive finite! (in 'model_multilevel_transfer_truncated.stan', line 457, column 4 to column 67)
Chain 1 If this warning occurs sporadically, such as for highly constrained variable types like covariance matrices, then the sampler is fine,
Chain 1 but if this warning occurs often then your model may be either severely ill-conditioned or misspecified.
Chain 1 
Chain 1 Informational Message: The current Metropolis proposal is about to be rejected because of the following issue:
Chain 1 Exception: neg_binomial_2_lpmf: Location parameter[1] is inf, but must be positive finite! (in 'model_multilevel_transfer_truncated.stan', line 457, column 4 to column 67)
Chain 1 If this warning occurs sporadically, such as for highly constrained variable types like covariance matrices, then the sampler is fine,
Chain 1 but if this warning occurs often then your model may be either severely ill-conditioned or misspecified.
Chain 1 
Chain 1 Informational Message: The current Metropolis proposal is about to be rejected because of the following issue:
Chain 1 Exception: neg_binomial_2_lpmf: Location parameter[1] is inf, but must be positive finite! (in 'model_multilevel_transfer_truncated.stan', line 457, column 4 to column 67)
Chain 1 If this warning occurs sporadically, such as for highly constrained variable types like covariance matrices, then the sampler is fine,
Chain 1 but if this warning occurs often then your model may be either severely ill-conditioned or misspecified.
Chain 1 
Chain 1 Informational Message: The current Metropolis proposal is about to be rejected because of the following issue:
Chain 1 Exception: neg_binomial_2_lpmf: Location parameter[1] is inf, but must be positive finite! (in 'model_multilevel_transfer_truncated.stan', line 457, column 4 to column 67)
Chain 1 If this warning occurs sporadically, such as for highly constrained variable types like covariance matrices, then the sampler is fine,
Chain 1 but if this warning occurs often then your model may be either severely ill-conditioned or misspecified.
Chain 1 
Chain 1 Informational Message: The current Metropolis proposal is about to be rejected because of the following issue:
Chain 1 Exception: neg_binomial_2_lpmf: Location parameter[1] is inf, but must be positive finite! (in 'model_multilevel_transfer_truncated.stan', line 457, column 4 to column 67)
Chain 1 If this warning occurs sporadically, such as for highly constrained variable types like covariance matrices, then the sampler is fine,
Chain 1 but if this warning occurs often then your model may be either severely ill-conditioned or misspecified.
Chain 1 
Chain 1 Informational Message: The current Metropolis proposal is about to be rejected because of the following issue:
Chain 1 Exception: neg_binomial_2_lpmf: Location parameter[1] is inf, but must be positive finite! (in 'model_multilevel_transfer_truncated.stan', line 457, column 4 to column 67)
Chain 1 If this warning occurs sporadically, such as for highly constrained variable types like covariance matrices, then the sampler is fine,
Chain 1 but if this warning occurs often then your model may be either severely ill-conditioned or misspecified.
Chain 1 
Chain 1 Informational Message: The current Metropolis proposal is about to be rejected because of the following issue:
Chain 1 Exception: neg_binomial_2_lpmf: Location parameter[24] is inf, but must be positive finite! (in 'model_multilevel_transfer_truncated.stan', line 457, column 4 to column 67)
Chain 1 If this warning occurs sporadically, such as for highly constrained variable types like covariance matrices, then the sampler is fine,
Chain 1 but if this warning occurs often then your model may be either severely ill-conditioned or misspecified.
Chain 1 
Chain 1 Informational Message: The current Metropolis proposal is about to be rejected because of the following issue:
Chain 1 Exception: neg_binomial_2_lpmf: Location parameter[102] is 0, but must be positive finite! (in 'model_multilevel_transfer_truncated.stan', line 457, column 4 to column 67)
Chain 1 If this warning occurs sporadically, such as for highly constrained variable types like covariance matrices, then the sampler is fine,
Chain 1 but if this warning occurs often then your model may be either severely ill-conditioned or misspecified.
Chain 1 
Chain 1 Informational Message: The current Metropolis proposal is about to be rejected because of the following issue:
Chain 1 Exception: neg_binomial_2_lpmf: Location parameter[1] is -nan, but must be positive finite! (in 'model_multilevel_transfer_truncated.stan', line 457, column 4 to column 67)
Chain 1 If this warning occurs sporadically, such as for highly constrained variable types like covariance matrices, then the sampler is fine,
Chain 1 but if this warning occurs often then your model may be either severely ill-conditioned or misspecified.
Chain 1 
Chain 1 Informational Message: The current Metropolis proposal is about to be rejected because of the following issue:
Chain 1 Exception: neg_binomial_2_lpmf: Location parameter[1] is -nan, but must be positive finite! (in 'model_multilevel_transfer_truncated.stan', line 457, column 4 to column 67)
Chain 1 If this warning occurs sporadically, such as for highly constrained variable types like covariance matrices, then the sampler is fine,
Chain 1 but if this warning occurs often then your model may be either severely ill-conditioned or misspecified.
Chain 1 
Chain 1 Informational Message: The current Metropolis proposal is about to be rejected because of the following issue:
Chain 1 Exception: neg_binomial_2_lpmf: Location parameter[1] is inf, but must be positive finite! (in 'model_multilevel_transfer_truncated.stan', line 457, column 4 to column 67)
Chain 1 If this warning occurs sporadically, such as for highly constrained variable types like covariance matrices, then the sampler is fine,
Chain 1 but if this warning occurs often then your model may be either severely ill-conditioned or misspecified.
Chain 1 
Chain 1 Informational Message: The current Metropolis proposal is about to be rejected because of the following issue:
Chain 1 Exception: neg_binomial_2_lpmf: Location parameter[1] is inf, but must be positive finite! (in 'model_multilevel_transfer_truncated.stan', line 457, column 4 to column 67)
Chain 1 If this warning occurs sporadically, such as for highly constrained variable types like covariance matrices, then the sampler is fine,
Chain 1 but if this warning occurs often then your model may be either severely ill-conditioned or misspecified.
Chain 1 
Chain 2 Iteration:    1 / 3500 [  0%]  (Warmup) 
Chain 2 Informational Message: The current Metropolis proposal is about to be rejected because of the following issue:
Chain 2 Exception: neg_binomial_2_lpmf: Location parameter[1] is inf, but must be positive finite! (in 'model_multilevel_transfer_truncated.stan', line 457, column 4 to column 67)
Chain 2 If this warning occurs sporadically, such as for highly constrained variable types like covariance matrices, then the sampler is fine,
Chain 2 but if this warning occurs often then your model may be either severely ill-conditioned or misspecified.
Chain 2 
Chain 2 Informational Message: The current Metropolis proposal is about to be rejected because of the following issue:
Chain 2 Exception: neg_binomial_2_lpmf: Location parameter[1] is inf, but must be positive finite! (in 'model_multilevel_transfer_truncated.stan', line 457, column 4 to column 67)
Chain 2 If this warning occurs sporadically, such as for highly constrained variable types like covariance matrices, then the sampler is fine,
Chain 2 but if this warning occurs often then your model may be either severely ill-conditioned or misspecified.
Chain 2 
Chain 2 Informational Message: The current Metropolis proposal is about to be rejected because of the following issue:
Chain 2 Exception: neg_binomial_2_lpmf: Location parameter[1] is inf, but must be positive finite! (in 'model_multilevel_transfer_truncated.stan', line 457, column 4 to column 67)
Chain 2 If this warning occurs sporadically, such as for highly constrained variable types like covariance matrices, then the sampler is fine,
Chain 2 but if this warning occurs often then your model may be either severely ill-conditioned or misspecified.
Chain 2 
Chain 2 Informational Message: The current Metropolis proposal is about to be rejected because of the following issue:
Chain 2 Exception: neg_binomial_2_lpmf: Location parameter[1] is inf, but must be positive finite! (in 'model_multilevel_transfer_truncated.stan', line 457, column 4 to column 67)
Chain 2 If this warning occurs sporadically, such as for highly constrained variable types like covariance matrices, then the sampler is fine,
Chain 2 but if this warning occurs often then your model may be either severely ill-conditioned or misspecified.
Chain 2 
Chain 2 Informational Message: The current Metropolis proposal is about to be rejected because of the following issue:
Chain 2 Exception: neg_binomial_2_lpmf: Location parameter[1] is inf, but must be positive finite! (in 'model_multilevel_transfer_truncated.stan', line 457, column 4 to column 67)
Chain 2 If this warning occurs sporadically, such as for highly constrained variable types like covariance matrices, then the sampler is fine,
Chain 2 but if this warning occurs often then your model may be either severely ill-conditioned or misspecified.
Chain 2 
Chain 2 Informational Message: The current Metropolis proposal is about to be rejected because of the following issue:
Chain 2 Exception: neg_binomial_2_lpmf: Location parameter[1] is 0, but must be positive finite! (in 'model_multilevel_transfer_truncated.stan', line 457, column 4 to column 67)
Chain 2 If this warning occurs sporadically, such as for highly constrained variable types like covariance matrices, then the sampler is fine,
Chain 2 but if this warning occurs often then your model may be either severely ill-conditioned or misspecified.
Chain 2 
Chain 2 Informational Message: The current Metropolis proposal is about to be rejected because of the following issue:
Chain 2 Exception: neg_binomial_2_lpmf: Location parameter[1] is 0, but must be positive finite! (in 'model_multilevel_transfer_truncated.stan', line 457, column 4 to column 67)
Chain 2 If this warning occurs sporadically, such as for highly constrained variable types like covariance matrices, then the sampler is fine,
Chain 2 but if this warning occurs often then your model may be either severely ill-conditioned or misspecified.
Chain 2 
Chain 2 Informational Message: The current Metropolis proposal is about to be rejected because of the following issue:
Chain 2 Exception: neg_binomial_2_lpmf: Location parameter[1] is 0, but must be positive finite! (in 'model_multilevel_transfer_truncated.stan', line 457, column 4 to column 67)
Chain 2 If this warning occurs sporadically, such as for highly constrained variable types like covariance matrices, then the sampler is fine,
Chain 2 but if this warning occurs often then your model may be either severely ill-conditioned or misspecified.
Chain 2 
Chain 2 Informational Message: The current Metropolis proposal is about to be rejected because of the following issue:
Chain 2 Exception: neg_binomial_2_lpmf: Location parameter[24] is 0, but must be positive finite! (in 'model_multilevel_transfer_truncated.stan', line 457, column 4 to column 67)
Chain 2 If this warning occurs sporadically, such as for highly constrained variable types like covariance matrices, then the sampler is fine,
Chain 2 but if this warning occurs often then your model may be either severely ill-conditioned or misspecified.
Chain 2 
Chain 2 Informational Message: The current Metropolis proposal is about to be rejected because of the following issue:
Chain 2 Exception: neg_binomial_2_lpmf: Location parameter[78] is 0, but must be positive finite! (in 'model_multilevel_transfer_truncated.stan', line 457, column 4 to column 67)
Chain 2 If this warning occurs sporadically, such as for highly constrained variable types like covariance matrices, then the sampler is fine,
Chain 2 but if this warning occurs often then your model may be either severely ill-conditioned or misspecified.
Chain 2 
Chain 2 Informational Message: The current Metropolis proposal is about to be rejected because of the following issue:
Chain 2 Exception: neg_binomial_2_lpmf: Location parameter[1] is -nan, but must be positive finite! (in 'model_multilevel_transfer_truncated.stan', line 457, column 4 to column 67)
Chain 2 If this warning occurs sporadically, such as for highly constrained variable types like covariance matrices, then the sampler is fine,
Chain 2 but if this warning occurs often then your model may be either severely ill-conditioned or misspecified.
Chain 2 
Chain 2 Informational Message: The current Metropolis proposal is about to be rejected because of the following issue:
Chain 2 Exception: neg_binomial_2_lpmf: Location parameter[1] is -nan, but must be positive finite! (in 'model_multilevel_transfer_truncated.stan', line 457, column 4 to column 67)
Chain 2 If this warning occurs sporadically, such as for highly constrained variable types like covariance matrices, then the sampler is fine,
Chain 2 but if this warning occurs often then your model may be either severely ill-conditioned or misspecified.
Chain 2 
Chain 2 Informational Message: The current Metropolis proposal is about to be rejected because of the following issue:
Chain 2 Exception: neg_binomial_2_lpmf: Location parameter[1] is inf, but must be positive finite! (in 'model_multilevel_transfer_truncated.stan', line 457, column 4 to column 67)
Chain 2 If this warning occurs sporadically, such as for highly constrained variable types like covariance matrices, then the sampler is fine,
Chain 2 but if this warning occurs often then your model may be either severely ill-conditioned or misspecified.
Chain 2 
Chain 2 Informational Message: The current Metropolis proposal is about to be rejected because of the following issue:
Chain 2 Exception: neg_binomial_2_lpmf: Location parameter[1] is 0, but must be positive finite! (in 'model_multilevel_transfer_truncated.stan', line 457, column 4 to column 67)
Chain 2 If this warning occurs sporadically, such as for highly constrained variable types like covariance matrices, then the sampler is fine,
Chain 2 but if this warning occurs often then your model may be either severely ill-conditioned or misspecified.
Chain 2 
Chain 3 Iteration:    1 / 3500 [  0%]  (Warmup) 
Chain 3 Informational Message: The current Metropolis proposal is about to be rejected because of the following issue:
Chain 3 Exception: neg_binomial_2_lpmf: Location parameter[1] is -nan, but must be positive finite! (in 'model_multilevel_transfer_truncated.stan', line 457, column 4 to column 67)
Chain 3 If this warning occurs sporadically, such as for highly constrained variable types like covariance matrices, then the sampler is fine,
Chain 3 but if this warning occurs often then your model may be either severely ill-conditioned or misspecified.
Chain 3 
Chain 3 Informational Message: The current Metropolis proposal is about to be rejected because of the following issue:
Chain 3 Exception: neg_binomial_2_lpmf: Location parameter[1] is -nan, but must be positive finite! (in 'model_multilevel_transfer_truncated.stan', line 457, column 4 to column 67)
Chain 3 If this warning occurs sporadically, such as for highly constrained variable types like covariance matrices, then the sampler is fine,
Chain 3 but if this warning occurs often then your model may be either severely ill-conditioned or misspecified.
Chain 3 
Chain 3 Informational Message: The current Metropolis proposal is about to be rejected because of the following issue:
Chain 3 Exception: neg_binomial_2_lpmf: Location parameter[1] is -nan, but must be positive finite! (in 'model_multilevel_transfer_truncated.stan', line 457, column 4 to column 67)
Chain 3 If this warning occurs sporadically, such as for highly constrained variable types like covariance matrices, then the sampler is fine,
Chain 3 but if this warning occurs often then your model may be either severely ill-conditioned or misspecified.
Chain 3 
Chain 3 Informational Message: The current Metropolis proposal is about to be rejected because of the following issue:
Chain 3 Exception: neg_binomial_2_lpmf: Location parameter[1] is inf, but must be positive finite! (in 'model_multilevel_transfer_truncated.stan', line 457, column 4 to column 67)
Chain 3 If this warning occurs sporadically, such as for highly constrained variable types like covariance matrices, then the sampler is fine,
Chain 3 but if this warning occurs often then your model may be either severely ill-conditioned or misspecified.
Chain 3 
Chain 3 Informational Message: The current Metropolis proposal is about to be rejected because of the following issue:
Chain 3 Exception: neg_binomial_2_lpmf: Location parameter[1] is 0, but must be positive finite! (in 'model_multilevel_transfer_truncated.stan', line 457, column 4 to column 67)
Chain 3 If this warning occurs sporadically, such as for highly constrained variable types like covariance matrices, then the sampler is fine,
Chain 3 but if this warning occurs often then your model may be either severely ill-conditioned or misspecified.
Chain 3 
Chain 3 Informational Message: The current Metropolis proposal is about to be rejected because of the following issue:
Chain 3 Exception: neg_binomial_2_lpmf: Location parameter[1] is inf, but must be positive finite! (in 'model_multilevel_transfer_truncated.stan', line 457, column 4 to column 67)
Chain 3 If this warning occurs sporadically, such as for highly constrained variable types like covariance matrices, then the sampler is fine,
Chain 3 but if this warning occurs often then your model may be either severely ill-conditioned or misspecified.
Chain 3 
Chain 3 Informational Message: The current Metropolis proposal is about to be rejected because of the following issue:
Chain 3 Exception: neg_binomial_2_lpmf: Location parameter[1] is inf, but must be positive finite! (in 'model_multilevel_transfer_truncated.stan', line 457, column 4 to column 67)
Chain 3 If this warning occurs sporadically, such as for highly constrained variable types like covariance matrices, then the sampler is fine,
Chain 3 but if this warning occurs often then your model may be either severely ill-conditioned or misspecified.
Chain 3 
Chain 3 Informational Message: The current Metropolis proposal is about to be rejected because of the following issue:
Chain 3 Exception: neg_binomial_2_lpmf: Location parameter[1] is inf, but must be positive finite! (in 'model_multilevel_transfer_truncated.stan', line 457, column 4 to column 67)
Chain 3 If this warning occurs sporadically, such as for highly constrained variable types like covariance matrices, then the sampler is fine,
Chain 3 but if this warning occurs often then your model may be either severely ill-conditioned or misspecified.
Chain 3 
Chain 3 Informational Message: The current Metropolis proposal is about to be rejected because of the following issue:
Chain 3 Exception: neg_binomial_2_lpmf: Location parameter[1] is inf, but must be positive finite! (in 'model_multilevel_transfer_truncated.stan', line 457, column 4 to column 67)
Chain 3 If this warning occurs sporadically, such as for highly constrained variable types like covariance matrices, then the sampler is fine,
Chain 3 but if this warning occurs often then your model may be either severely ill-conditioned or misspecified.
Chain 3 
Chain 3 Informational Message: The current Metropolis proposal is about to be rejected because of the following issue:
Chain 3 Exception: neg_binomial_2_lpmf: Location parameter[1] is inf, but must be positive finite! (in 'model_multilevel_transfer_truncated.stan', line 457, column 4 to column 67)
Chain 3 If this warning occurs sporadically, such as for highly constrained variable types like covariance matrices, then the sampler is fine,
Chain 3 but if this warning occurs often then your model may be either severely ill-conditioned or misspecified.
Chain 3 
Chain 3 Informational Message: The current Metropolis proposal is about to be rejected because of the following issue:
Chain 3 Exception: neg_binomial_2_lpmf: Location parameter[101] is 0, but must be positive finite! (in 'model_multilevel_transfer_truncated.stan', line 457, column 4 to column 67)
Chain 3 If this warning occurs sporadically, such as for highly constrained variable types like covariance matrices, then the sampler is fine,
Chain 3 but if this warning occurs often then your model may be either severely ill-conditioned or misspecified.
Chain 3 
Chain 3 Informational Message: The current Metropolis proposal is about to be rejected because of the following issue:
Chain 3 Exception: neg_binomial_2_lpmf: Location parameter[1] is -nan, but must be positive finite! (in 'model_multilevel_transfer_truncated.stan', line 457, column 4 to column 67)
Chain 3 If this warning occurs sporadically, such as for highly constrained variable types like covariance matrices, then the sampler is fine,
Chain 3 but if this warning occurs often then your model may be either severely ill-conditioned or misspecified.
Chain 3 
Chain 3 Informational Message: The current Metropolis proposal is about to be rejected because of the following issue:
Chain 3 Exception: neg_binomial_2_lpmf: Location parameter[1] is -nan, but must be positive finite! (in 'model_multilevel_transfer_truncated.stan', line 457, column 4 to column 67)
Chain 3 If this warning occurs sporadically, such as for highly constrained variable types like covariance matrices, then the sampler is fine,
Chain 3 but if this warning occurs often then your model may be either severely ill-conditioned or misspecified.
Chain 3 
Chain 3 Informational Message: The current Metropolis proposal is about to be rejected because of the following issue:
Chain 3 Exception: neg_binomial_2_lpmf: Location parameter[1] is inf, but must be positive finite! (in 'model_multilevel_transfer_truncated.stan', line 457, column 4 to column 67)
Chain 3 If this warning occurs sporadically, such as for highly constrained variable types like covariance matrices, then the sampler is fine,
Chain 3 but if this warning occurs often then your model may be either severely ill-conditioned or misspecified.
Chain 3 
Chain 3 Informational Message: The current Metropolis proposal is about to be rejected because of the following issue:
Chain 3 Exception: neg_binomial_2_lpmf: Location parameter[1] is inf, but must be positive finite! (in 'model_multilevel_transfer_truncated.stan', line 457, column 4 to column 67)
Chain 3 If this warning occurs sporadically, such as for highly constrained variable types like covariance matrices, then the sampler is fine,
Chain 3 but if this warning occurs often then your model may be either severely ill-conditioned or misspecified.
Chain 3 
Chain 3 Informational Message: The current Metropolis proposal is about to be rejected because of the following issue:
Chain 3 Exception: neg_binomial_2_lpmf: Location parameter[1073] is inf, but must be positive finite! (in 'model_multilevel_transfer_truncated.stan', line 457, column 4 to column 67)
Chain 3 If this warning occurs sporadically, such as for highly constrained variable types like covariance matrices, then the sampler is fine,
Chain 3 but if this warning occurs often then your model may be either severely ill-conditioned or misspecified.
Chain 3 
Chain 2 Iteration:  100 / 3500 [  2%]  (Warmup) 
Chain 3 Iteration:  100 / 3500 [  2%]  (Warmup) 
Chain 1 Iteration:  100 / 3500 [  2%]  (Warmup) 
Chain 3 Iteration:  200 / 3500 [  5%]  (Warmup) 
Chain 2 Iteration:  200 / 3500 [  5%]  (Warmup) 
Chain 1 Iteration:  200 / 3500 [  5%]  (Warmup) 
Chain 3 Iteration:  300 / 3500 [  8%]  (Warmup) 
Chain 2 Iteration:  300 / 3500 [  8%]  (Warmup) 
Chain 1 Iteration:  300 / 3500 [  8%]  (Warmup) 
Chain 2 Iteration:  400 / 3500 [ 11%]  (Warmup) 
Chain 1 Iteration:  400 / 3500 [ 11%]  (Warmup) 
Chain 3 Iteration:  400 / 3500 [ 11%]  (Warmup) 
Chain 2 Iteration:  500 / 3500 [ 14%]  (Warmup) 
Chain 1 Iteration:  500 / 3500 [ 14%]  (Warmup) 
Chain 2 Iteration:  600 / 3500 [ 17%]  (Warmup) 
Chain 1 Iteration:  600 / 3500 [ 17%]  (Warmup) 
Chain 3 Iteration:  500 / 3500 [ 14%]  (Warmup) 
Chain 2 Iteration:  700 / 3500 [ 20%]  (Warmup) 
Chain 1 Iteration:  700 / 3500 [ 20%]  (Warmup) 
Chain 3 Iteration:  600 / 3500 [ 17%]  (Warmup) 
Chain 2 Iteration:  800 / 3500 [ 22%]  (Warmup) 
Chain 1 Iteration:  800 / 3500 [ 22%]  (Warmup) 
Chain 3 Iteration:  700 / 3500 [ 20%]  (Warmup) 
Chain 2 Iteration:  900 / 3500 [ 25%]  (Warmup) 
Chain 1 Iteration:  900 / 3500 [ 25%]  (Warmup) 
Chain 2 Iteration: 1000 / 3500 [ 28%]  (Warmup) 
Chain 1 Iteration: 1000 / 3500 [ 28%]  (Warmup) 
Chain 3 Iteration:  800 / 3500 [ 22%]  (Warmup) 
Chain 2 Iteration: 1100 / 3500 [ 31%]  (Warmup) 
Chain 1 Iteration: 1100 / 3500 [ 31%]  (Warmup) 
Chain 3 Iteration:  900 / 3500 [ 25%]  (Warmup) 
Chain 2 Iteration: 1200 / 3500 [ 34%]  (Warmup) 
Chain 1 Iteration: 1200 / 3500 [ 34%]  (Warmup) 
Chain 2 Iteration: 1300 / 3500 [ 37%]  (Warmup) 
Chain 3 Iteration: 1000 / 3500 [ 28%]  (Warmup) 
Chain 1 Iteration: 1300 / 3500 [ 37%]  (Warmup) 
Chain 2 Iteration: 1400 / 3500 [ 40%]  (Warmup) 
Chain 3 Iteration: 1100 / 3500 [ 31%]  (Warmup) 
Chain 1 Iteration: 1400 / 3500 [ 40%]  (Warmup) 
Chain 2 Iteration: 1500 / 3500 [ 42%]  (Warmup) 
Chain 2 Iteration: 1501 / 3500 [ 42%]  (Sampling) 
Chain 3 Iteration: 1200 / 3500 [ 34%]  (Warmup) 
Chain 1 Iteration: 1500 / 3500 [ 42%]  (Warmup) 
Chain 1 Iteration: 1501 / 3500 [ 42%]  (Sampling) 
Chain 3 Iteration: 1300 / 3500 [ 37%]  (Warmup) 
Chain 2 Iteration: 1600 / 3500 [ 45%]  (Sampling) 
Chain 1 Iteration: 1600 / 3500 [ 45%]  (Sampling) 
Chain 2 Iteration: 1700 / 3500 [ 48%]  (Sampling) 
Chain 3 Iteration: 1400 / 3500 [ 40%]  (Warmup) 
Chain 1 Iteration: 1700 / 3500 [ 48%]  (Sampling) 
Chain 3 Iteration: 1500 / 3500 [ 42%]  (Warmup) 
Chain 3 Iteration: 1501 / 3500 [ 42%]  (Sampling) 
Chain 2 Iteration: 1800 / 3500 [ 51%]  (Sampling) 
Chain 2 Iteration: 1900 / 3500 [ 54%]  (Sampling) 
Chain 3 Iteration: 1600 / 3500 [ 45%]  (Sampling) 
Chain 1 Iteration: 1800 / 3500 [ 51%]  (Sampling) 
Chain 2 Iteration: 2000 / 3500 [ 57%]  (Sampling) 
Chain 1 Iteration: 1900 / 3500 [ 54%]  (Sampling) 
Chain 3 Iteration: 1700 / 3500 [ 48%]  (Sampling) 
Chain 2 Iteration: 2100 / 3500 [ 60%]  (Sampling) 
Chain 1 Iteration: 2000 / 3500 [ 57%]  (Sampling) 
Chain 3 Iteration: 1800 / 3500 [ 51%]  (Sampling) 
Chain 2 Iteration: 2200 / 3500 [ 62%]  (Sampling) 
Chain 1 Iteration: 2100 / 3500 [ 60%]  (Sampling) 
Chain 3 Iteration: 1900 / 3500 [ 54%]  (Sampling) 
Chain 1 Iteration: 2200 / 3500 [ 62%]  (Sampling) 
Chain 2 Iteration: 2300 / 3500 [ 65%]  (Sampling) 
Chain 3 Iteration: 2000 / 3500 [ 57%]  (Sampling) 
Chain 1 Iteration: 2300 / 3500 [ 65%]  (Sampling) 
Chain 2 Iteration: 2400 / 3500 [ 68%]  (Sampling) 
Chain 1 Iteration: 2400 / 3500 [ 68%]  (Sampling) 
Chain 3 Iteration: 2100 / 3500 [ 60%]  (Sampling) 
Chain 2 Iteration: 2500 / 3500 [ 71%]  (Sampling) 
Chain 3 Iteration: 2200 / 3500 [ 62%]  (Sampling) 
Chain 2 Iteration: 2600 / 3500 [ 74%]  (Sampling) 
Chain 1 Iteration: 2500 / 3500 [ 71%]  (Sampling) 
Chain 3 Iteration: 2300 / 3500 [ 65%]  (Sampling) 
Chain 2 Iteration: 2700 / 3500 [ 77%]  (Sampling) 
Chain 1 Iteration: 2600 / 3500 [ 74%]  (Sampling) 
Chain 2 Iteration: 2800 / 3500 [ 80%]  (Sampling) 
Chain 1 Iteration: 2700 / 3500 [ 77%]  (Sampling) 
Chain 3 Iteration: 2400 / 3500 [ 68%]  (Sampling) 
Chain 2 Iteration: 2900 / 3500 [ 82%]  (Sampling) 
Chain 3 Iteration: 2500 / 3500 [ 71%]  (Sampling) 
Chain 1 Iteration: 2800 / 3500 [ 80%]  (Sampling) 
Chain 2 Iteration: 3000 / 3500 [ 85%]  (Sampling) 
Chain 3 Iteration: 2600 / 3500 [ 74%]  (Sampling) 
Chain 2 Iteration: 3100 / 3500 [ 88%]  (Sampling) 
Chain 1 Iteration: 2900 / 3500 [ 82%]  (Sampling) 
Chain 3 Iteration: 2700 / 3500 [ 77%]  (Sampling) 
Chain 2 Iteration: 3200 / 3500 [ 91%]  (Sampling) 
Chain 1 Iteration: 3000 / 3500 [ 85%]  (Sampling) 
Chain 2 Iteration: 3300 / 3500 [ 94%]  (Sampling) 
Chain 3 Iteration: 2800 / 3500 [ 80%]  (Sampling) 
Chain 1 Iteration: 3100 / 3500 [ 88%]  (Sampling) 
Chain 2 Iteration: 3400 / 3500 [ 97%]  (Sampling) 
Chain 3 Iteration: 2900 / 3500 [ 82%]  (Sampling) 
Chain 1 Iteration: 3200 / 3500 [ 91%]  (Sampling) 
Chain 2 Iteration: 3500 / 3500 [100%]  (Sampling) 
Chain 2 finished in 6836.0 seconds.
Chain 3 Iteration: 3000 / 3500 [ 85%]  (Sampling) 
Chain 1 Iteration: 3300 / 3500 [ 94%]  (Sampling) 
Chain 1 Iteration: 3400 / 3500 [ 97%]  (Sampling) 
Chain 3 Iteration: 3100 / 3500 [ 88%]  (Sampling) 
Chain 1 Iteration: 3500 / 3500 [100%]  (Sampling) 
Chain 1 finished in 7513.1 seconds.
Chain 3 Iteration: 3200 / 3500 [ 91%]  (Sampling) 
Chain 3 Iteration: 3300 / 3500 [ 94%]  (Sampling) 
Chain 3 Iteration: 3400 / 3500 [ 97%]  (Sampling) 
Chain 3 Iteration: 3500 / 3500 [100%]  (Sampling) 
Chain 3 finished in 8085.2 seconds.

All 3 chains finished successfully.
Mean chain execution time: 7478.1 seconds.
Total execution time: 8085.6 seconds.

Warning: 94 of 6000 (2.0%) transitions ended with a divergence.
See https://mc-stan.org/misc/warnings for details.

Warning: 5905 of 6000 (98.0%) transitions hit the maximum treedepth limit of 10.
See https://mc-stan.org/misc/warnings for details.

[1] "Saving fit object..."
[1] "Calculating summary..."
[1] "Calculating samples..."
[1] "Calculating metadata..."
[1] "Summary of Hyperpriors (mu_*, sigma_*):"
# A tibble: 109 × 10
    variable        mean   median     sd    mad       q5      q95  rhat ess_bulk
    <chr>          <dbl>    <dbl>  <dbl>  <dbl>    <dbl>    <dbl> <dbl>    <dbl>
  1 mu_beta_in… -2.06e-1 -2.23e-1 4.62   4.53   -7.79     7.40     1.00     807.
  2 mu_beta_ra…  5.60e-3  4.72e-3 0.0783 0.0466 -0.112    0.118    1.01     434.
  3 mu_beta_ra… -3.32e-2 -4.05e-2 0.128  0.0849 -0.224    0.173    1.00     542.
  4 mu_beta_ra…  7.69e-3  1.16e-2 0.209  0.138  -0.305    0.314    1.00     443.
  5 mu_beta_ra… -2.77e-2 -2.31e-2 0.146  0.0917 -0.257    0.183    1.01     431.
  6 mu_beta_ra…  2.05e-1  1.80e-1 0.581  0.473  -0.737    1.20     1.01     402.
  7 mu_beta_ra… -1.63e-1 -1.72e-1 0.243  0.186  -0.535    0.213    1.00     526.
  8 mu_beta_ra…  1.33e-2  9.18e-3 0.225  0.144  -0.291    0.356    1.01     549.
  9 mu_beta_ra… -2.76e-1 -2.37e-1 0.592  0.544  -1.29     0.642    1.01     518.
 10 mu_beta_ra…  2.61e-1  2.36e-1 0.569  0.509  -0.643    1.22     1.00     639.
 11 mu_beta_ra…  1.78e-1  1.54e-1 0.584  0.514  -0.742    1.14     1.01     538.
 12 mu_beta_ra… -3.27e-2 -4.14e-2 0.434  0.371  -0.720    0.689    1.01     514.
 13 mu_beta_ra… -8.60e-2 -8.62e-2 0.433  0.369  -0.768    0.626    1.01     522.
 14 mu_beta_ra…  1.83e-1  1.57e-1 0.438  0.373  -0.507    0.917    1.01     523.
 15 mu_beta_ra…  1.28e-1  1.23e-1 0.402  0.358  -0.519    0.796    1.01     583.
 16 mu_beta_ra… -1.28e-1 -1.08e-1 0.379  0.338  -0.782    0.481    1.00     561.
 17 mu_beta_ra… -1.11e-1 -8.91e-2 0.400  0.350  -0.796    0.518    1.00     532.
 18 mu_beta_ra…  1.18e-1  1.02e-1 0.384  0.324  -0.479    0.752    1.00     514.
 19 mu_beta_ra…  2.93e-1  2.54e-1 0.638  0.578  -0.692    1.41     1.01     560.
 20 mu_beta_ra…  1.99e-2  3.08e-2 0.482  0.436  -0.787    0.797    1.01     396.
 21 mu_beta_ra… -8.70e-2 -6.92e-2 0.415  0.360  -0.796    0.561    1.00     514.
 22 mu_beta_ra… -1.08e-2  8.69e-5 1.53   1.03   -2.53     2.39     1.01     838.
 23 mu_beta_ra… -1.10e-1 -5.42e-3 1.63   1.04   -2.67     2.25     1.00     880.
 24 mu_beta_ra… -4.72e-3 -2.10e-2 1.43   1.02   -2.39     2.45     1.00    1080.
 25 mu_beta_ra… -6.19e-2 -2.85e-2 1.32   0.996  -2.35     2.11     1.01    1400.
 26 mu_beta_ra… -3.33e-2 -1.31e-2 1.41   1.01   -2.37     2.22     1.00    1260.
 27 mu_beta_ra… -3.31e-1 -2.64e-1 0.672  0.597  -1.51     0.658    1.01     625.
 28 mu_beta_ra… -3.27e-1 -2.91e-1 0.560  0.525  -1.32     0.532    1.00     660.
 29 mu_beta_ra… -5.03e-2 -2.37e-2 0.562  0.483  -1.03     0.849    1.01     497.
 30 mu_beta_ra…  6.20e-2  5.52e-2 0.653  0.563  -0.997    1.14     1.00     693.
 31 mu_beta_ra…  7.80e-1  7.34e-1 0.799  0.774  -0.397    2.13     1.01     476.
 32 mu_beta_ra…  1.43e-2  1.46e-2 0.116  0.112  -0.176    0.203    1.01     545.
 33 mu_beta_fi…  3.14e-3  1.93e-3 0.0814 0.0797 -0.129    0.136    1.00     480.
 34 mu_beta_fi…  1.70e-1  1.67e-1 0.0929 0.0915  0.0205   0.326    1.01     356.
 35 mu_beta_fi…  2.06e-1  2.02e-1 0.0943 0.0937  0.0538   0.365    1.01     359.
 36 mu_beta_fi…  2.68e-1  2.65e-1 0.0956 0.0950  0.116    0.431    1.01     417.
 37 mu_beta_fi…  2.26e-1  2.05e-1 0.525  0.435  -0.571    1.13     1.02     405.
 38 mu_beta_fi…  4.65e-2  3.06e-2 0.523  0.429  -0.754    0.945    1.02     408.
 39 mu_beta_fi… -1.68e-1 -1.56e-1 0.191  0.190  -0.494    0.132    1.01     495.
 40 mu_beta_fi…  1.09e-2  1.06e-2 0.0298 0.0299 -0.0385   0.0601   1.00    1336.
 41 mu_beta_fi… -2.82e-2 -2.81e-2 0.0137 0.0138 -0.0503  -0.00576  1.00    1343.
 42 mu_gamma[1]  6.23e-1  6.59e-1 0.705  0.687  -0.601    1.74     1.01     657.
 43 mu_gamma[2]  8.72e-4 -8.95e-3 1.01   0.999  -1.67     1.66     1.00    1217.
 44 mu_alpha_r…  2.64e-1  2.85e-1 0.169  0.0885 -0.0273   0.470    1.02     322.
 45 mu_alpha_r…  4.01e-1  4.10e-1 0.261  0.195  -0.0465   0.810    1.01     382.
 46 mu_alpha_f…  1.48e-1  1.48e-1 0.0405 0.0397  0.0817   0.216    1.00     665.
 47 mu_alpha_f…  1.08e-1  1.08e-1 0.0405 0.0414  0.0426   0.176    1.01     499.
 48 mu_alpha_f…  4.86e-2  4.77e-2 0.0377 0.0383 -0.0123   0.112    1.01     663.
 49 mu_alpha_f… -4.03e-2 -4.11e-2 0.0373 0.0372 -0.102    0.0218   1.00     953.
 50 mu_alpha_f… -2.35e-2 -2.38e-2 0.0401 0.0402 -0.0898   0.0435   1.00     928.
 51 mu_alpha_f…  2.05e-1  2.05e-1 0.0421 0.0421  0.135    0.273    1.01     784.
 52 mu_alpha_f…  2.01e-1  2.01e-1 0.0465 0.0469  0.126    0.278    1.01     607.
 53 mu_alpha_f…  2.26e-1  2.27e-1 0.0437 0.0439  0.153    0.297    1.00     716.
 54 mu_alpha_f…  1.15e-1  1.14e-1 0.0446 0.0451  0.0427   0.191    1.01     877.
 55 mu_alpha_f…  1.13e-1  1.14e-1 0.0421 0.0412  0.0427   0.182    1.00    1011.
 56 mu_delta_r… -2.97e-1 -3.01e-1 0.178  0.124  -0.552   -0.0354   1.00     494.
 57 mu_delta_r…  2.43e-2  3.93e-3 0.249  0.184  -0.312    0.406    1.01     584.
 58 mu_delta_f… -2.65e-1 -2.66e-1 0.0745 0.0749 -0.388   -0.145    1.01     659.
 59 mu_delta_f… -1.64e-1 -1.66e-1 0.0765 0.0754 -0.289   -0.0349   1.01     580.
 60 mu_delta_f… -6.24e-2 -6.30e-2 0.0740 0.0767 -0.180    0.0600   1.00     592.
 61 mu_delta_f… -7.48e-2 -7.41e-2 0.0680 0.0684 -0.190    0.0358   1.00     909.
 62 mu_delta_f…  2.58e-2  2.41e-2 0.0794 0.0787 -0.102    0.159    1.00     755.
 63 mu_delta_f… -1.52e-1 -1.51e-1 0.100  0.0991 -0.316    0.0156   1.00     710.
 64 mu_delta_f… -1.64e-1 -1.65e-1 0.0912 0.0918 -0.313   -0.0106   1.01     693.
 65 mu_delta_f… -3.71e-2 -3.78e-2 0.0847 0.0854 -0.175    0.103    1.00    1050.
 66 mu_delta_f…  7.23e-3  4.41e-3 0.0892 0.0875 -0.139    0.161    1.00     930.
 67 mu_delta_f…  2.44e-1  2.44e-1 0.0927 0.0926  0.0872   0.396    1.00    1060.
 68 mu_phi_log   1.27e+0  1.29e+0 0.323  0.193   0.764    1.74     1.00     376.
 69 sigma_beta…  1.19e+0  8.93e-1 1.14   0.839   0.0788   3.26     1.00     684.
 70 sigma_beta…  1.06e-1  6.08e-2 0.145  0.0626  0.00476  0.362    1.01     457.
 71 sigma_beta…  2.09e-1  1.47e-1 0.208  0.109   0.0312   0.626    1.01     551.
 72 sigma_beta…  3.55e-1  2.64e-1 0.293  0.157   0.108    0.902    1.00     766.
 73 sigma_beta…  2.35e-1  1.66e-1 0.227  0.115   0.0549   0.658    1.01     443.
 74 sigma_beta…  5.46e-1  4.42e-1 0.376  0.256   0.176    1.27     1.00     801.
 75 sigma_beta…  3.64e-1  2.87e-1 0.307  0.204   0.0488   0.940    1.00     730.
 76 sigma_beta…  2.62e-1  1.68e-1 0.304  0.173   0.0110   0.840    1.01     540.
 77 sigma_beta…  6.66e-1  5.62e-1 0.534  0.462   0.0477   1.64     1.02     255.
 78 sigma_beta…  6.56e-1  5.28e-1 0.581  0.490   0.0384   1.75     1.02     221.
 79 sigma_beta…  6.13e-1  4.79e-1 0.550  0.448   0.0421   1.63     1.02     239.
 80 sigma_beta…  2.45e-1  1.57e-1 0.286  0.157   0.0142   0.765    1.01     732.
 81 sigma_beta…  2.85e-1  1.90e-1 0.319  0.189   0.0145   0.892    1.00     712.
 82 sigma_beta…  2.80e-1  1.85e-1 0.301  0.180   0.0144   0.864    1.00     643.
 83 sigma_beta…  4.96e-1  3.95e-1 0.395  0.289   0.0608   1.25     1.00     566.
 84 sigma_beta…  2.72e-1  1.79e-1 0.308  0.181   0.0140   0.851    1.01     736.
 85 sigma_beta…  3.70e-1  2.82e-1 0.343  0.250   0.0315   1.03     1.01     697.
 86 sigma_beta…  5.61e-1  4.51e-1 0.435  0.320   0.0917   1.39     1.01     538.
 87 sigma_beta…  7.42e-1  6.38e-1 0.580  0.487   0.0679   1.78     1.02     215.
 88 sigma_beta…  3.43e-1  2.38e-1 0.356  0.226   0.0254   1.03     1.00     681.
 89 sigma_beta…  3.97e-1  2.89e-1 0.383  0.272   0.0255   1.10     1.00     439.
 90 sigma_beta…  1.10e+0  7.41e-1 1.38   0.719   0.0552   3.27     1.00     793.
 91 sigma_beta…  1.13e+0  7.45e-1 1.31   0.722   0.0711   3.32     1.00    1145.
 92 sigma_beta…  1.14e+0  7.60e-1 1.44   0.717   0.0716   3.29     1.00    1390.
 93 sigma_beta…  1.06e+0  7.46e-1 1.20   0.738   0.0583   3.11     1.00    1091.
 94 sigma_beta…  1.08e+0  7.60e-1 1.21   0.729   0.0653   3.07     1.00    1051.
 95 sigma_beta…  6.23e-1  4.61e-1 0.596  0.426   0.0469   1.72     1.00     898.
 96 sigma_beta…  5.49e-1  4.22e-1 0.489  0.384   0.0407   1.49     1.01     499.
 97 sigma_beta…  5.39e-1  3.88e-1 0.521  0.367   0.0371   1.52     1.01     647.
 98 sigma_beta…  8.91e-1  7.47e-1 0.622  0.471   0.213    2.04     1.00     600.
 99 sigma_beta…  7.46e-1  5.72e-1 0.707  0.505   0.0615   2.01     1.01     753.
100 sigma_beta…  1.29e-1  9.17e-2 0.118  0.0714  0.0181   0.366    1.01     458.
101 sigma_gamm…  1.52e+0  1.36e+0 0.762  0.582   0.670    2.98     1.00     668.
102 sigma_gamm…  1.10e+0  7.58e-1 1.26   0.717   0.0678   3.20     1.00    1200.
103 sigma_alph…  2.07e-1  1.23e-1 0.266  0.114   0.0146   0.676    1.02     375.
104 sigma_alph…  4.23e-1  3.31e-1 0.337  0.206   0.105    1.06     1.01     456.
105 sigma_delt…  2.03e-1  1.26e-1 0.237  0.132   0.0107   0.641    1.00     728.
106 sigma_delt…  3.68e-1  2.80e-1 0.337  0.209   0.0446   0.989    1.01     557.
107 sigma_phi_…  4.40e-1  3.40e-1 0.375  0.244   0.0592   1.14     1.00     402.
108 sigma_gamm…  1.15e+0  7.77e-1 1.42   0.712   0.0762   3.28     1.01    1316.
109 sigma_gamm…  1.16e+0  7.67e-1 1.43   0.727   0.0775   3.35     1.00    1234.
# ℹ 1 more variable: ess_tail <dbl>
[1] "Calculating lambda_mean..."
[1] "Calculating lambda_test_mean..."
[1] "Calculating y_rep_mean..."
[1] "Calculating y_test_rep_mean..."
[1] "Generating plots..."
[1] "exposure_9XKJD8DQTH559_1" "exposure_SAFK7ND1HR6XS_1"
[3] "exposure_W8T41JZK0ZMEP_1"
[1] 3
Adding missing grouping variables: `location_id_num`
[1] "Skipping daily plot for W8T41JZK0ZMEP due to missing daily data."
[1] "Skipping daily plot for 9XKJD8DQTH559 due to missing daily data."
[1] "Skipping daily plot for SAFK7ND1HR6XS due to missing daily data."
[1] "Skipping MLflow logging as existing fit file was loaded."
[1] "Done."
          used  (Mb) gc trigger   (Mb)  max used   (Mb)
Ncells 5100302 272.4    7696154  411.1   7696154  411.1
Vcells 9543960  72.9  388996448 2967.9 485283903 3702.5
Warning messages:
1: Dropping 'draws_df' class as required metadata was removed. 
2: Dropping 'draws_df' class as required metadata was removed. 
3: Dropping 'draws_df' class as required metadata was removed. 
4: Dropping 'draws_df' class as required metadata was removed. 
