- The project is out-of-sync -- use `renv::status()` for details.
── Attaching core tidyverse packages ──────────────────────── tidyverse 2.0.0 ──
✔ dplyr     1.1.4     ✔ readr     2.1.5
✔ forcats   1.0.0     ✔ stringr   1.5.1
✔ ggplot2   3.5.1     ✔ tibble    3.2.1
✔ lubridate 1.9.4     ✔ tidyr     1.3.1
✔ purrr     1.0.4     
[conflicted] Will prefer dplyr::select over any other package.
[conflicted] Will prefer dplyr::filter over any other package.
[conflicted] Will prefer lubridate::year over any other package.
[conflicted] Will prefer lubridate::month over any other package.
[conflicted] Will prefer purrr::map over any other package.
[conflicted] Will prefer stats::sd over any other package.
[conflicted] Will prefer base::match over any other package.
This is cmdstanr version 0.9.0
- CmdStanR documentation and vignettes: mc-stan.org/cmdstanr
- CmdStan path: /home/nuttidalab/.cmdstan/cmdstan-2.36.0
- CmdStan version: 2.36.0

A newer version of CmdStan is available. See ?install_cmdstan() to install it.
To disable this check set option or environment variable cmdstanr_no_ver_check=TRUE.
This is posterior version 1.6.0
Registered S3 method overwritten by 'tsibble':
  method               from 
  as_tibble.grouped_df dplyr
── Attaching packages ──────────────────────────────────────────── fpp3 1.0.1 ──
✔ tsibble     1.1.6     ✔ feasts      0.4.1
✔ tsibbledata 0.4.1     ✔ fable       0.4.1
Loading required package: R.oo
Loading required package: R.methodsS3
R.methodsS3 v1.8.2 (2022-06-13 22:00:14 UTC) successfully loaded. See ?R.methodsS3 for help.
R.oo v1.27.0 (2024-11-01 18:00:02 UTC) successfully loaded. See ?R.oo for help.

Attaching package: ‘R.oo’

The following object is masked from ‘package:R.methodsS3’:

    throw

The following object is masked from ‘package:shiny’:

    printStackTrace

The following object is masked from ‘package:renv’:

    load

The following objects are masked from ‘package:methods’:

    getClasses, getMethods

The following objects are masked from ‘package:base’:

    attach, detach, load, save

R.utils v2.13.0 (2025-02-24 21:20:02 UTC) successfully loaded. See ?R.utils for help.
Registered S3 method overwritten by 'quantmod':
  method            from
  as.zoo.data.frame zoo 
Registered S3 methods overwritten by 'bayesforecast':
  method      from    
  autoplot.ts forecast
  forecast.ts forecast
  fortify.ts  forecast
  print.garch tseries 
[1] "# of rows: 34628"
[1] "# of rows: 3128"
[1] "Found 3 exposure columns in the data: exposure_9XKJD8DQTH559_1, exposure_SAFK7ND1HR6XS_1, exposure_W8T41JZK0ZMEP_1"
Numeric columns considered for scaling:
vegan_window_sum_item_quantity,
vegetarian_window_sum_item_quantity,
meat_window_sum_item_quantity,
vegan_window_avg_item_price,
vegetarian_window_avg_item_price,
meat_window_avg_item_price,
breakfast_p_window_avg_item_price,
textured_p_window_avg_item_price,
untextured_p_window_avg_item_price,
chicken_p_window_avg_item_price,
dairy_p_window_avg_item_price,
egg_p_window_avg_item_price,
breakfast_window_avg_item_price,
textured_window_avg_item_price,
untextured_window_avg_item_price,
breakfast_t2_window_avg_item_price,
textured_t2_window_avg_item_price,
untextured_t2_window_avg_item_price,
chicken_t2_window_avg_item_price,
dairy_t2_window_avg_item_price,
day_of_month,
Value,
vegan_price_real,
vegetarian_price_real,
meat_price_real,
breakfast_p_price_real,
textured_p_price_real,
untextured_p_price_real,
chicken_p_price_real,
dairy_p_price_real,
egg_p_price_real,
breakfast_price_real,
textured_price_real,
untextured_price_real,
breakfast_t2_price_real,
textured_t2_price_real,
untextured_t2_price_real,
chicken_t2_price_real,
dairy_t2_price_real,
inflation,
temp,
precip[1] "Successfully created `expo_to_rest` mapping."
[1] "Successfully created `expo_to_param` mapping."
Identified 3 exposure columns in the design matrix: 
exposure_9XKJD8DQTH559_1, 
exposure_SAFK7ND1HR6XS_1, 
exposure_W8T41JZK0ZMEP_1
Identified 31 random beta columns: 
vegan_price_real, 
vegetarian_price_real, 
meat_price_real, 
textured_p_price_real, 
weekend, 
holiday_window, 
month_cat2, 
month_cat3, 
month_cat4, 
month_cat5, 
month_cat6, 
month_cat7, 
month_cat8, 
month_cat9, 
month_cat10, 
month_cat11, 
month_cat12, 
seasonspring, 
seasonsummer, 
seasonwinter, 
year_cat2014, 
year_cat2015, 
year_cat2016, 
year_cat2017, 
year_cat2018, 
year_cat2019, 
year_cat2020, 
year_cat2021, 
year_cat2022, 
year_cat2023, 
date_num
Identified 9 fixed beta columns: 
day_of_week_cat1, 
day_of_week_cat2, 
day_of_week_cat3, 
day_of_week_cat4, 
day_of_week_cat5, 
day_of_week_cat6, 
inflation, 
temp, 
precip
Identified 2 random alpha indices (positions): 
1, 7
Identified 2 random delta indices (positions): 
1, 7
$R
[1] 3

$J
[1] 44

$p_effective
[1] 12

$q_effective
[1] 12

$M
[1] 2

$idx_intercept
[1] 1

$K_beta_random
[1] 31

$idx_beta_random
[1] 2 3 4 5 6 7

$K_beta_fixed
[1] 9

$idx_beta_fixed
[1] 33 34 35 36 37 38

$K_exposure
[1] 3

$idx_exposure
[1] 42 43 44

$expo_to_rest
[1] 2 3 1

$expo_to_param
[1] 1 1 1

$effective_lags_alpha
[1] 1 2 3 4 5 6

$K_alpha_random
[1] 2

$idx_alpha_random
[1] 1 7

$K_alpha_fixed
[1] 10

$idx_alpha_fixed
[1] 2 3 4 5 6 8

$effective_lags_delta
[1] 1 2 3 4 5 6

$K_delta_random
[1] 2

$idx_delta_random
[1] 1 7

$K_delta_fixed
[1] 10

$idx_delta_fixed
[1] 2 3 4 5 6 8

$N_train
[1] 2969

$X_train
  (Intercept) vegan_price_real vegetarian_price_real meat_price_real
1           1       -1.5944383            -3.3642427       0.3010931
2           1       -0.4552017            -2.7155640       0.4936314
3           1       -1.2169356            -1.5786585      -0.2845421
4           1       -0.1692894            -0.5068245      -0.5645928
5           1       -1.7732963            -2.5250455      -0.1246013
6           1       -1.8629005            -2.7297286      -0.1136807
  textured_p_price_real weekend holiday_window month_cat2 month_cat3 month_cat4
1             -1.622110       0              0          1          0          0
2             -1.473011       0              0          1          0          0
3             -1.985174       1              0          1          0          0
4             -1.502553       1              0          1          0          0
5             -1.985675       0              0          1          0          0
6             -2.095633       0              0          1          0          0
  month_cat5 month_cat6 month_cat7 month_cat8 month_cat9 month_cat10
1          0          0          0          0          0           0
2          0          0          0          0          0           0
3          0          0          0          0          0           0
4          0          0          0          0          0           0
5          0          0          0          0          0           0
6          0          0          0          0          0           0
  month_cat11 month_cat12 seasonspring seasonsummer seasonwinter year_cat2014
1           0           0            0            0            1            0
2           0           0            0            0            1            0
3           0           0            0            0            1            0
4           0           0            0            0            1            0
5           0           0            0            0            1            0
6           0           0            0            0            1            0
  year_cat2015 year_cat2016 year_cat2017 year_cat2018 year_cat2019 year_cat2020
1            0            0            0            0            0            1
2            0            0            0            0            0            1
3            0            0            0            0            0            1
4            0            0            0            0            0            1
5            0            0            0            0            0            1
6            0            0            0            0            0            1
  year_cat2021 year_cat2022 year_cat2023 date_num day_of_week_cat1
1            0            0            0 50.11636                0
2            0            0            0 50.11910                0
3            0            0            0 50.12183                0
4            0            0            0 50.12457                0
5            0            0            0 50.12731                0
6            0            0            0 50.13005                1
  day_of_week_cat2 day_of_week_cat3 day_of_week_cat4 day_of_week_cat5
1                0                1                0                0
2                0                0                1                0
3                0                0                0                1
4                0                0                0                0
5                0                0                0                0
6                0                0                0                0
  day_of_week_cat6 inflation       temp     precip exposure_9XKJD8DQTH559_1
1                0 -1.345789 -1.4780840  0.1782768                        0
2                0 -1.345789 -2.2017307 -0.3685105                        0
3                0 -1.345789 -1.7402748 -0.4404563                        0
4                1 -1.345789 -1.1267483 -0.4404563                        0
5                0 -1.345789 -1.1844302 -0.4404563                        0
6                0 -1.345789 -0.6705362  0.2933899                        0
  exposure_SAFK7ND1HR6XS_1 exposure_W8T41JZK0ZMEP_1
1                        0                        0
2                        0                        0
3                        0                        0
4                        0                        0
5                        0                        0
6                        0                        0

$y_train
[1] 0 0 0 0 0 0

$idx_to_rest_train
[1] 1 1 1 1 1 1

$train_start_idx
[1]    1 1202 2647

$train_end_idx
[1] 1201 2646 2969

$N_test
[1] 159

$X_test
  (Intercept) vegan_price_real vegetarian_price_real meat_price_real
1           1        0.2038438             0.6285475       1.2028637
2           1        0.5504754             1.1193777       1.3466246
3           1       -0.4026453             0.1399220       1.1680126
4           1        0.8270190             1.3249024       1.3063588
5           1       -0.2095037             0.1272872       0.9801542
6           1       -0.5227700             0.2217961       1.3063588
  textured_p_price_real weekend holiday_window month_cat2 month_cat3 month_cat4
1            -0.3928341       0              0          0          0          0
2             5.3731327       0              0          0          0          0
3            -0.1310842       0              0          0          0          0
4             0.3242266       0              0          0          0          0
5            -0.6951731       0              0          0          0          0
6            -0.5623299       1              0          0          0          0
  month_cat5 month_cat6 month_cat7 month_cat8 month_cat9 month_cat10
1          1          0          0          0          0           0
2          1          0          0          0          0           0
3          1          0          0          0          0           0
4          0          1          0          0          0           0
5          0          1          0          0          0           0
6          0          1          0          0          0           0
  month_cat11 month_cat12 seasonspring seasonsummer seasonwinter year_cat2014
1           0           0            1            0            0            0
2           0           0            1            0            0            0
3           0           0            1            0            0            0
4           0           0            0            1            0            0
5           0           0            0            1            0            0
6           0           0            0            1            0            0
  year_cat2015 year_cat2016 year_cat2017 year_cat2018 year_cat2019 year_cat2020
1            0            0            0            0            0            0
2            0            0            0            0            0            0
3            0            0            0            0            0            0
4            0            0            0            0            0            0
5            0            0            0            0            0            0
6            0            0            0            0            0            0
  year_cat2021 year_cat2022 year_cat2023 date_num day_of_week_cat1
1            0            0            1 53.40452                0
2            0            0            1 53.40726                1
3            0            0            1 53.40999                0
4            0            0            1 53.41273                0
5            0            0            1 53.41547                0
6            0            0            1 53.41821                0
  day_of_week_cat2 day_of_week_cat3 day_of_week_cat4 day_of_week_cat5
1                0                0                0                0
2                0                0                0                0
3                1                0                0                0
4                0                1                0                0
5                0                0                1                0
6                0                0                0                1
  day_of_week_cat6 inflation      temp     precip exposure_9XKJD8DQTH559_1
1                0  1.862637 0.7033439 -0.4404563                        0
2                0  1.862637 1.1700436 -0.4404563                        0
3                0  1.862637 1.1962627 -0.4404563                        0
4                0  1.931420 1.0808987 -0.4404563                        0
5                0  1.931420 1.2224817 -0.4404563                        0
6                0  1.931420 0.7295630 -0.4404563                        0
  exposure_SAFK7ND1HR6XS_1 exposure_W8T41JZK0ZMEP_1
1                        0                        1
2                        0                        1
3                        0                        1
4                        0                        1
5                        0                        1
6                        0                        1

$y_test
[1] 0 0 2 2 2 7

$idx_to_rest_test
[1] 1 1 1 1 1 1

$test_start_idx
[1]   1  65 142

$test_end_idx
[1]  64 141 159

$mu_gamma_scale
[1] 1

$sigma_gamma_between_scale
[1] 1

$sigma_gamma_within_scale
[1] 1

$mu_beta_scale
[1] 1

$sigma_beta_scale
[1] 1

$mu_alpha_scale
[1] 1

$sigma_alpha_scale
[1] 1

$mu_delta_scale
[1] 1

$sigma_delta_scale
[1] 1

$mu_phi_log_scale
[1] 1

$sigma_phi_log_scale
[1] 1

[1] "Fitting the multilevel model..."
Running MCMC with 3 parallel chains...

Chain 1 Iteration:    1 / 2200 [  0%]  (Warmup) 
Chain 1 Informational Message: The current Metropolis proposal is about to be rejected because of the following issue:
Chain 1 Exception: neg_binomial_2_lpmf: Location parameter is -nan, but must be positive finite! (in '/tmp/RtmptxEwX8/model-23bd164caef6f.stan', line 413, column 4 to column 51)
Chain 1 If this warning occurs sporadically, such as for highly constrained variable types like covariance matrices, then the sampler is fine,
Chain 1 but if this warning occurs often then your model may be either severely ill-conditioned or misspecified.
Chain 1 
Chain 1 Informational Message: The current Metropolis proposal is about to be rejected because of the following issue:
Chain 1 Exception: neg_binomial_2_lpmf: Location parameter is -nan, but must be positive finite! (in '/tmp/RtmptxEwX8/model-23bd164caef6f.stan', line 413, column 4 to column 51)
Chain 1 If this warning occurs sporadically, such as for highly constrained variable types like covariance matrices, then the sampler is fine,
Chain 1 but if this warning occurs often then your model may be either severely ill-conditioned or misspecified.
Chain 1 
Chain 1 Informational Message: The current Metropolis proposal is about to be rejected because of the following issue:
Chain 1 Exception: neg_binomial_2_lpmf: Location parameter is -nan, but must be positive finite! (in '/tmp/RtmptxEwX8/model-23bd164caef6f.stan', line 413, column 4 to column 51)
Chain 1 If this warning occurs sporadically, such as for highly constrained variable types like covariance matrices, then the sampler is fine,
Chain 1 but if this warning occurs often then your model may be either severely ill-conditioned or misspecified.
Chain 1 
Chain 1 Informational Message: The current Metropolis proposal is about to be rejected because of the following issue:
Chain 1 Exception: neg_binomial_2_lpmf: Location parameter is -nan, but must be positive finite! (in '/tmp/RtmptxEwX8/model-23bd164caef6f.stan', line 413, column 4 to column 51)
Chain 1 If this warning occurs sporadically, such as for highly constrained variable types like covariance matrices, then the sampler is fine,
Chain 1 but if this warning occurs often then your model may be either severely ill-conditioned or misspecified.
Chain 1 
Chain 1 Informational Message: The current Metropolis proposal is about to be rejected because of the following issue:
Chain 1 Exception: neg_binomial_2_lpmf: Location parameter is -nan, but must be positive finite! (in '/tmp/RtmptxEwX8/model-23bd164caef6f.stan', line 413, column 4 to column 51)
Chain 1 If this warning occurs sporadically, such as for highly constrained variable types like covariance matrices, then the sampler is fine,
Chain 1 but if this warning occurs often then your model may be either severely ill-conditioned or misspecified.
Chain 1 
Chain 1 Informational Message: The current Metropolis proposal is about to be rejected because of the following issue:
Chain 1 Exception: neg_binomial_2_lpmf: Location parameter is inf, but must be positive finite! (in '/tmp/RtmptxEwX8/model-23bd164caef6f.stan', line 413, column 4 to column 51)
Chain 1 If this warning occurs sporadically, such as for highly constrained variable types like covariance matrices, then the sampler is fine,
Chain 1 but if this warning occurs often then your model may be either severely ill-conditioned or misspecified.
Chain 1 
Chain 1 Informational Message: The current Metropolis proposal is about to be rejected because of the following issue:
Chain 1 Exception: neg_binomial_2_lpmf: Location parameter is inf, but must be positive finite! (in '/tmp/RtmptxEwX8/model-23bd164caef6f.stan', line 413, column 4 to column 51)
Chain 1 If this warning occurs sporadically, such as for highly constrained variable types like covariance matrices, then the sampler is fine,
Chain 1 but if this warning occurs often then your model may be either severely ill-conditioned or misspecified.
Chain 1 
Chain 1 Informational Message: The current Metropolis proposal is about to be rejected because of the following issue:
Chain 1 Exception: neg_binomial_2_lpmf: Location parameter is inf, but must be positive finite! (in '/tmp/RtmptxEwX8/model-23bd164caef6f.stan', line 413, column 4 to column 51)
Chain 1 If this warning occurs sporadically, such as for highly constrained variable types like covariance matrices, then the sampler is fine,
Chain 1 but if this warning occurs often then your model may be either severely ill-conditioned or misspecified.
Chain 1 
Chain 1 Informational Message: The current Metropolis proposal is about to be rejected because of the following issue:
Chain 1 Exception: neg_binomial_2_lpmf: Location parameter is inf, but must be positive finite! (in '/tmp/RtmptxEwX8/model-23bd164caef6f.stan', line 413, column 4 to column 51)
Chain 1 If this warning occurs sporadically, such as for highly constrained variable types like covariance matrices, then the sampler is fine,
Chain 1 but if this warning occurs often then your model may be either severely ill-conditioned or misspecified.
Chain 1 
Chain 1 Informational Message: The current Metropolis proposal is about to be rejected because of the following issue:
Chain 1 Exception: neg_binomial_2_lpmf: Location parameter is inf, but must be positive finite! (in '/tmp/RtmptxEwX8/model-23bd164caef6f.stan', line 413, column 4 to column 51)
Chain 1 If this warning occurs sporadically, such as for highly constrained variable types like covariance matrices, then the sampler is fine,
Chain 1 but if this warning occurs often then your model may be either severely ill-conditioned or misspecified.
Chain 1 
Chain 1 Informational Message: The current Metropolis proposal is about to be rejected because of the following issue:
Chain 1 Exception: neg_binomial_2_lpmf: Location parameter is 0, but must be positive finite! (in '/tmp/RtmptxEwX8/model-23bd164caef6f.stan', line 413, column 4 to column 51)
Chain 1 If this warning occurs sporadically, such as for highly constrained variable types like covariance matrices, then the sampler is fine,
Chain 1 but if this warning occurs often then your model may be either severely ill-conditioned or misspecified.
Chain 1 
Chain 1 Informational Message: The current Metropolis proposal is about to be rejected because of the following issue:
Chain 1 Exception: neg_binomial_2_lpmf: Location parameter is 0, but must be positive finite! (in '/tmp/RtmptxEwX8/model-23bd164caef6f.stan', line 413, column 4 to column 51)
Chain 1 If this warning occurs sporadically, such as for highly constrained variable types like covariance matrices, then the sampler is fine,
Chain 1 but if this warning occurs often then your model may be either severely ill-conditioned or misspecified.
Chain 1 
Chain 1 Informational Message: The current Metropolis proposal is about to be rejected because of the following issue:
Chain 1 Exception: neg_binomial_2_lpmf: Location parameter is -nan, but must be positive finite! (in '/tmp/RtmptxEwX8/model-23bd164caef6f.stan', line 413, column 4 to column 51)
Chain 1 If this warning occurs sporadically, such as for highly constrained variable types like covariance matrices, then the sampler is fine,
Chain 1 but if this warning occurs often then your model may be either severely ill-conditioned or misspecified.
Chain 1 
Chain 1 Informational Message: The current Metropolis proposal is about to be rejected because of the following issue:
Chain 1 Exception: neg_binomial_2_lpmf: Location parameter is -nan, but must be positive finite! (in '/tmp/RtmptxEwX8/model-23bd164caef6f.stan', line 413, column 4 to column 51)
Chain 1 If this warning occurs sporadically, such as for highly constrained variable types like covariance matrices, then the sampler is fine,
Chain 1 but if this warning occurs often then your model may be either severely ill-conditioned or misspecified.
Chain 1 
Chain 1 Informational Message: The current Metropolis proposal is about to be rejected because of the following issue:
Chain 1 Exception: neg_binomial_2_lpmf: Location parameter is -nan, but must be positive finite! (in '/tmp/RtmptxEwX8/model-23bd164caef6f.stan', line 413, column 4 to column 51)
Chain 1 If this warning occurs sporadically, such as for highly constrained variable types like covariance matrices, then the sampler is fine,
Chain 1 but if this warning occurs often then your model may be either severely ill-conditioned or misspecified.
Chain 1 
Chain 1 Informational Message: The current Metropolis proposal is about to be rejected because of the following issue:
Chain 1 Exception: neg_binomial_2_lpmf: Location parameter is inf, but must be positive finite! (in '/tmp/RtmptxEwX8/model-23bd164caef6f.stan', line 413, column 4 to column 51)
Chain 1 If this warning occurs sporadically, such as for highly constrained variable types like covariance matrices, then the sampler is fine,
Chain 1 but if this warning occurs often then your model may be either severely ill-conditioned or misspecified.
Chain 1 
Chain 2 Informational Message: The current Metropolis proposal is about to be rejected because of the following issue:
Chain 2 Exception: neg_binomial_2_lpmf: Location parameter is inf, but must be positive finite! (in '/tmp/RtmptxEwX8/model-23bd164caef6f.stan', line 413, column 4 to column 51)
Chain 2 If this warning occurs sporadically, such as for highly constrained variable types like covariance matrices, then the sampler is fine,
Chain 2 but if this warning occurs often then your model may be either severely ill-conditioned or misspecified.
Chain 2 
Chain 2 Informational Message: The current Metropolis proposal is about to be rejected because of the following issue:
Chain 2 Exception: neg_binomial_2_lpmf: Location parameter is inf, but must be positive finite! (in '/tmp/RtmptxEwX8/model-23bd164caef6f.stan', line 413, column 4 to column 51)
Chain 2 If this warning occurs sporadically, such as for highly constrained variable types like covariance matrices, then the sampler is fine,
Chain 2 but if this warning occurs often then your model may be either severely ill-conditioned or misspecified.
Chain 2 
Chain 2 Informational Message: The current Metropolis proposal is about to be rejected because of the following issue:
Chain 2 Exception: neg_binomial_2_lpmf: Location parameter is inf, but must be positive finite! (in '/tmp/RtmptxEwX8/model-23bd164caef6f.stan', line 413, column 4 to column 51)
Chain 2 If this warning occurs sporadically, such as for highly constrained variable types like covariance matrices, then the sampler is fine,
Chain 2 but if this warning occurs often then your model may be either severely ill-conditioned or misspecified.
Chain 2 
Chain 2 Informational Message: The current Metropolis proposal is about to be rejected because of the following issue:
Chain 2 Exception: neg_binomial_2_lpmf: Location parameter is inf, but must be positive finite! (in '/tmp/RtmptxEwX8/model-23bd164caef6f.stan', line 413, column 4 to column 51)
Chain 2 If this warning occurs sporadically, such as for highly constrained variable types like covariance matrices, then the sampler is fine,
Chain 2 but if this warning occurs often then your model may be either severely ill-conditioned or misspecified.
Chain 2 
Chain 2 Informational Message: The current Metropolis proposal is about to be rejected because of the following issue:
Chain 2 Exception: neg_binomial_2_lpmf: Location parameter is inf, but must be positive finite! (in '/tmp/RtmptxEwX8/model-23bd164caef6f.stan', line 413, column 4 to column 51)
Chain 2 If this warning occurs sporadically, such as for highly constrained variable types like covariance matrices, then the sampler is fine,
Chain 2 but if this warning occurs often then your model may be either severely ill-conditioned or misspecified.
Chain 2 
Chain 2 Informational Message: The current Metropolis proposal is about to be rejected because of the following issue:
Chain 2 Exception: neg_binomial_2_lpmf: Location parameter is 0, but must be positive finite! (in '/tmp/RtmptxEwX8/model-23bd164caef6f.stan', line 413, column 4 to column 51)
Chain 2 If this warning occurs sporadically, such as for highly constrained variable types like covariance matrices, then the sampler is fine,
Chain 2 but if this warning occurs often then your model may be either severely ill-conditioned or misspecified.
Chain 2 
Chain 2 Informational Message: The current Metropolis proposal is about to be rejected because of the following issue:
Chain 2 Exception: neg_binomial_2_lpmf: Location parameter is 0, but must be positive finite! (in '/tmp/RtmptxEwX8/model-23bd164caef6f.stan', line 413, column 4 to column 51)
Chain 2 If this warning occurs sporadically, such as for highly constrained variable types like covariance matrices, then the sampler is fine,
Chain 2 but if this warning occurs often then your model may be either severely ill-conditioned or misspecified.
Chain 2 
Chain 2 Informational Message: The current Metropolis proposal is about to be rejected because of the following issue:
Chain 2 Exception: neg_binomial_2_lpmf: Location parameter is 0, but must be positive finite! (in '/tmp/RtmptxEwX8/model-23bd164caef6f.stan', line 413, column 4 to column 51)
Chain 2 If this warning occurs sporadically, such as for highly constrained variable types like covariance matrices, then the sampler is fine,
Chain 2 but if this warning occurs often then your model may be either severely ill-conditioned or misspecified.
Chain 2 
Chain 2 Informational Message: The current Metropolis proposal is about to be rejected because of the following issue:
Chain 2 Exception: neg_binomial_2_lpmf: Location parameter is 0, but must be positive finite! (in '/tmp/RtmptxEwX8/model-23bd164caef6f.stan', line 413, column 4 to column 51)
Chain 2 If this warning occurs sporadically, such as for highly constrained variable types like covariance matrices, then the sampler is fine,
Chain 2 but if this warning occurs often then your model may be either severely ill-conditioned or misspecified.
Chain 2 
Chain 2 Informational Message: The current Metropolis proposal is about to be rejected because of the following issue:
Chain 2 Exception: neg_binomial_2_lpmf: Location parameter is inf, but must be positive finite! (in '/tmp/RtmptxEwX8/model-23bd164caef6f.stan', line 413, column 4 to column 51)
Chain 2 If this warning occurs sporadically, such as for highly constrained variable types like covariance matrices, then the sampler is fine,
Chain 2 but if this warning occurs often then your model may be either severely ill-conditioned or misspecified.
Chain 2 
Chain 3 Informational Message: The current Metropolis proposal is about to be rejected because of the following issue:
Chain 3 Exception: neg_binomial_2_lpmf: Location parameter is -nan, but must be positive finite! (in '/tmp/RtmptxEwX8/model-23bd164caef6f.stan', line 413, column 4 to column 51)
Chain 3 If this warning occurs sporadically, such as for highly constrained variable types like covariance matrices, then the sampler is fine,
Chain 3 but if this warning occurs often then your model may be either severely ill-conditioned or misspecified.
Chain 3 
Chain 3 Informational Message: The current Metropolis proposal is about to be rejected because of the following issue:
Chain 3 Exception: neg_binomial_2_lpmf: Location parameter is -nan, but must be positive finite! (in '/tmp/RtmptxEwX8/model-23bd164caef6f.stan', line 413, column 4 to column 51)
Chain 3 If this warning occurs sporadically, such as for highly constrained variable types like covariance matrices, then the sampler is fine,
Chain 3 but if this warning occurs often then your model may be either severely ill-conditioned or misspecified.
Chain 3 
Chain 3 Informational Message: The current Metropolis proposal is about to be rejected because of the following issue:
Chain 3 Exception: neg_binomial_2_lpmf: Location parameter is -nan, but must be positive finite! (in '/tmp/RtmptxEwX8/model-23bd164caef6f.stan', line 413, column 4 to column 51)
Chain 3 If this warning occurs sporadically, such as for highly constrained variable types like covariance matrices, then the sampler is fine,
Chain 3 but if this warning occurs often then your model may be either severely ill-conditioned or misspecified.
Chain 3 
Chain 3 Informational Message: The current Metropolis proposal is about to be rejected because of the following issue:
Chain 3 Exception: neg_binomial_2_lpmf: Location parameter is inf, but must be positive finite! (in '/tmp/RtmptxEwX8/model-23bd164caef6f.stan', line 413, column 4 to column 51)
Chain 3 If this warning occurs sporadically, such as for highly constrained variable types like covariance matrices, then the sampler is fine,
Chain 3 but if this warning occurs often then your model may be either severely ill-conditioned or misspecified.
Chain 3 
Chain 3 Informational Message: The current Metropolis proposal is about to be rejected because of the following issue:
Chain 3 Exception: neg_binomial_2_lpmf: Location parameter is 0, but must be positive finite! (in '/tmp/RtmptxEwX8/model-23bd164caef6f.stan', line 413, column 4 to column 51)
Chain 3 If this warning occurs sporadically, such as for highly constrained variable types like covariance matrices, then the sampler is fine,
Chain 3 but if this warning occurs often then your model may be either severely ill-conditioned or misspecified.
Chain 3 
Chain 3 Informational Message: The current Metropolis proposal is about to be rejected because of the following issue:
Chain 3 Exception: neg_binomial_2_lpmf: Location parameter is inf, but must be positive finite! (in '/tmp/RtmptxEwX8/model-23bd164caef6f.stan', line 413, column 4 to column 51)
Chain 3 If this warning occurs sporadically, such as for highly constrained variable types like covariance matrices, then the sampler is fine,
Chain 3 but if this warning occurs often then your model may be either severely ill-conditioned or misspecified.
Chain 3 
Chain 3 Informational Message: The current Metropolis proposal is about to be rejected because of the following issue:
Chain 3 Exception: neg_binomial_2_lpmf: Location parameter is inf, but must be positive finite! (in '/tmp/RtmptxEwX8/model-23bd164caef6f.stan', line 413, column 4 to column 51)
Chain 3 If this warning occurs sporadically, such as for highly constrained variable types like covariance matrices, then the sampler is fine,
Chain 3 but if this warning occurs often then your model may be either severely ill-conditioned or misspecified.
Chain 3 
Chain 2 Iteration:    1 / 2200 [  0%]  (Warmup) 
Chain 2 Informational Message: The current Metropolis proposal is about to be rejected because of the following issue:
Chain 2 Exception: neg_binomial_2_lpmf: Location parameter is -nan, but must be positive finite! (in '/tmp/RtmptxEwX8/model-23bd164caef6f.stan', line 413, column 4 to column 51)
Chain 2 If this warning occurs sporadically, such as for highly constrained variable types like covariance matrices, then the sampler is fine,
Chain 2 but if this warning occurs often then your model may be either severely ill-conditioned or misspecified.
Chain 2 
Chain 2 Informational Message: The current Metropolis proposal is about to be rejected because of the following issue:
Chain 2 Exception: neg_binomial_2_lpmf: Location parameter is inf, but must be positive finite! (in '/tmp/RtmptxEwX8/model-23bd164caef6f.stan', line 413, column 4 to column 51)
Chain 2 If this warning occurs sporadically, such as for highly constrained variable types like covariance matrices, then the sampler is fine,
Chain 2 but if this warning occurs often then your model may be either severely ill-conditioned or misspecified.
Chain 2 
Chain 3 Informational Message: The current Metropolis proposal is about to be rejected because of the following issue:
Chain 3 Exception: neg_binomial_2_lpmf: Location parameter is inf, but must be positive finite! (in '/tmp/RtmptxEwX8/model-23bd164caef6f.stan', line 413, column 4 to column 51)
Chain 3 If this warning occurs sporadically, such as for highly constrained variable types like covariance matrices, then the sampler is fine,
Chain 3 but if this warning occurs often then your model may be either severely ill-conditioned or misspecified.
Chain 3 
Chain 3 Informational Message: The current Metropolis proposal is about to be rejected because of the following issue:
Chain 3 Exception: neg_binomial_2_lpmf: Location parameter is inf, but must be positive finite! (in '/tmp/RtmptxEwX8/model-23bd164caef6f.stan', line 413, column 4 to column 51)
Chain 3 If this warning occurs sporadically, such as for highly constrained variable types like covariance matrices, then the sampler is fine,
Chain 3 but if this warning occurs often then your model may be either severely ill-conditioned or misspecified.
Chain 3 
Chain 3 Informational Message: The current Metropolis proposal is about to be rejected because of the following issue:
Chain 3 Exception: neg_binomial_2_lpmf: Location parameter is inf, but must be positive finite! (in '/tmp/RtmptxEwX8/model-23bd164caef6f.stan', line 413, column 4 to column 51)
Chain 3 If this warning occurs sporadically, such as for highly constrained variable types like covariance matrices, then the sampler is fine,
Chain 3 but if this warning occurs often then your model may be either severely ill-conditioned or misspecified.
Chain 3 
Chain 2 Informational Message: The current Metropolis proposal is about to be rejected because of the following issue:
Chain 2 Exception: neg_binomial_2_lpmf: Location parameter is 0, but must be positive finite! (in '/tmp/RtmptxEwX8/model-23bd164caef6f.stan', line 413, column 4 to column 51)
Chain 2 If this warning occurs sporadically, such as for highly constrained variable types like covariance matrices, then the sampler is fine,
Chain 2 but if this warning occurs often then your model may be either severely ill-conditioned or misspecified.
Chain 2 
Chain 2 Informational Message: The current Metropolis proposal is about to be rejected because of the following issue:
Chain 2 Exception: neg_binomial_2_lpmf: Location parameter is 0, but must be positive finite! (in '/tmp/RtmptxEwX8/model-23bd164caef6f.stan', line 413, column 4 to column 51)
Chain 2 If this warning occurs sporadically, such as for highly constrained variable types like covariance matrices, then the sampler is fine,
Chain 2 but if this warning occurs often then your model may be either severely ill-conditioned or misspecified.
Chain 2 
Chain 3 Informational Message: The current Metropolis proposal is about to be rejected because of the following issue:
Chain 3 Exception: neg_binomial_2_lpmf: Location parameter is 0, but must be positive finite! (in '/tmp/RtmptxEwX8/model-23bd164caef6f.stan', line 413, column 4 to column 51)
Chain 3 If this warning occurs sporadically, such as for highly constrained variable types like covariance matrices, then the sampler is fine,
Chain 3 but if this warning occurs often then your model may be either severely ill-conditioned or misspecified.
Chain 3 
Chain 3 Iteration:    1 / 2200 [  0%]  (Warmup) 
Chain 3 Informational Message: The current Metropolis proposal is about to be rejected because of the following issue:
Chain 3 Exception: neg_binomial_2_lpmf: Location parameter is -nan, but must be positive finite! (in '/tmp/RtmptxEwX8/model-23bd164caef6f.stan', line 413, column 4 to column 51)
Chain 3 If this warning occurs sporadically, such as for highly constrained variable types like covariance matrices, then the sampler is fine,
Chain 3 but if this warning occurs often then your model may be either severely ill-conditioned or misspecified.
Chain 3 
Chain 3 Informational Message: The current Metropolis proposal is about to be rejected because of the following issue:
Chain 3 Exception: neg_binomial_2_lpmf: Location parameter is -nan, but must be positive finite! (in '/tmp/RtmptxEwX8/model-23bd164caef6f.stan', line 413, column 4 to column 51)
Chain 3 If this warning occurs sporadically, such as for highly constrained variable types like covariance matrices, then the sampler is fine,
Chain 3 but if this warning occurs often then your model may be either severely ill-conditioned or misspecified.
Chain 3 
Chain 3 Informational Message: The current Metropolis proposal is about to be rejected because of the following issue:
Chain 3 Exception: neg_binomial_2_lpmf: Location parameter is inf, but must be positive finite! (in '/tmp/RtmptxEwX8/model-23bd164caef6f.stan', line 413, column 4 to column 51)
Chain 3 If this warning occurs sporadically, such as for highly constrained variable types like covariance matrices, then the sampler is fine,
Chain 3 but if this warning occurs often then your model may be either severely ill-conditioned or misspecified.
Chain 3 
Chain 3 Informational Message: The current Metropolis proposal is about to be rejected because of the following issue:
Chain 3 Exception: neg_binomial_2_lpmf: Location parameter is inf, but must be positive finite! (in '/tmp/RtmptxEwX8/model-23bd164caef6f.stan', line 413, column 4 to column 51)
Chain 3 If this warning occurs sporadically, such as for highly constrained variable types like covariance matrices, then the sampler is fine,
Chain 3 but if this warning occurs often then your model may be either severely ill-conditioned or misspecified.
Chain 3 
Chain 3 Iteration:  100 / 2200 [  4%]  (Warmup) 
Chain 1 Iteration:  100 / 2200 [  4%]  (Warmup) 
Chain 3 Iteration:  200 / 2200 [  9%]  (Warmup) 
Chain 2 Iteration:  100 / 2200 [  4%]  (Warmup) 
Chain 1 Iteration:  200 / 2200 [  9%]  (Warmup) 
Chain 3 Iteration:  300 / 2200 [ 13%]  (Warmup) 
Chain 3 Iteration:  400 / 2200 [ 18%]  (Warmup) 
Chain 3 Iteration:  500 / 2200 [ 22%]  (Warmup) 
Chain 1 Iteration:  300 / 2200 [ 13%]  (Warmup) 
Chain 1 Iteration:  400 / 2200 [ 18%]  (Warmup) 
Chain 2 Iteration:  200 / 2200 [  9%]  (Warmup) 
Chain 1 Iteration:  500 / 2200 [ 22%]  (Warmup) 
Chain 3 Iteration:  600 / 2200 [ 27%]  (Warmup) 
Chain 3 Iteration:  700 / 2200 [ 31%]  (Warmup) 
Chain 3 Iteration:  701 / 2200 [ 31%]  (Sampling) 
Chain 2 Iteration:  300 / 2200 [ 13%]  (Warmup) 
Chain 3 Iteration:  800 / 2200 [ 36%]  (Sampling) 
Chain 1 Iteration:  600 / 2200 [ 27%]  (Warmup) 
Chain 2 Iteration:  400 / 2200 [ 18%]  (Warmup) 
Chain 3 Iteration:  900 / 2200 [ 40%]  (Sampling) 
Chain 2 Iteration:  500 / 2200 [ 22%]  (Warmup) 
Chain 1 Iteration:  700 / 2200 [ 31%]  (Warmup) 
Chain 1 Iteration:  701 / 2200 [ 31%]  (Sampling) 
Chain 1 Iteration:  800 / 2200 [ 36%]  (Sampling) 
Chain 2 Iteration:  600 / 2200 [ 27%]  (Warmup) 
Chain 3 Iteration: 1000 / 2200 [ 45%]  (Sampling) 
Chain 1 Iteration:  900 / 2200 [ 40%]  (Sampling) 
Chain 2 Iteration:  700 / 2200 [ 31%]  (Warmup) 
Chain 2 Iteration:  701 / 2200 [ 31%]  (Sampling) 
Chain 3 Iteration: 1100 / 2200 [ 50%]  (Sampling) 
Chain 1 Iteration: 1000 / 2200 [ 45%]  (Sampling) 
Chain 2 Iteration:  800 / 2200 [ 36%]  (Sampling) 
Chain 1 Iteration: 1100 / 2200 [ 50%]  (Sampling) 
Chain 3 Iteration: 1200 / 2200 [ 54%]  (Sampling) 
Chain 1 Iteration: 1200 / 2200 [ 54%]  (Sampling) 
Chain 2 Iteration:  900 / 2200 [ 40%]  (Sampling) 
Chain 3 Iteration: 1300 / 2200 [ 59%]  (Sampling) 
Chain 1 Iteration: 1300 / 2200 [ 59%]  (Sampling) 
Chain 1 Iteration: 1400 / 2200 [ 63%]  (Sampling) 
Chain 2 Iteration: 1000 / 2200 [ 45%]  (Sampling) 
Chain 3 Iteration: 1400 / 2200 [ 63%]  (Sampling) 
Chain 2 Iteration: 1100 / 2200 [ 50%]  (Sampling) 
Chain 2 Iteration: 1200 / 2200 [ 54%]  (Sampling) 
Chain 1 Iteration: 1500 / 2200 [ 68%]  (Sampling) 
Chain 3 Iteration: 1500 / 2200 [ 68%]  (Sampling) 
Chain 2 Iteration: 1300 / 2200 [ 59%]  (Sampling) 
Chain 2 Iteration: 1400 / 2200 [ 63%]  (Sampling) 
Chain 1 Iteration: 1600 / 2200 [ 72%]  (Sampling) 
Chain 3 Iteration: 1600 / 2200 [ 72%]  (Sampling) 
Chain 2 Iteration: 1500 / 2200 [ 68%]  (Sampling) 
Chain 3 Iteration: 1700 / 2200 [ 77%]  (Sampling) 
Chain 1 Iteration: 1700 / 2200 [ 77%]  (Sampling) 
Chain 2 Iteration: 1600 / 2200 [ 72%]  (Sampling) 
Chain 3 Iteration: 1800 / 2200 [ 81%]  (Sampling) 
Chain 2 Iteration: 1700 / 2200 [ 77%]  (Sampling) 
Chain 1 Iteration: 1800 / 2200 [ 81%]  (Sampling) 
Chain 1 Iteration: 1900 / 2200 [ 86%]  (Sampling) 
Chain 3 Iteration: 1900 / 2200 [ 86%]  (Sampling) 
Chain 2 Iteration: 1800 / 2200 [ 81%]  (Sampling) 
Chain 1 Iteration: 2000 / 2200 [ 90%]  (Sampling) 
Chain 3 Iteration: 2000 / 2200 [ 90%]  (Sampling) 
Chain 2 Iteration: 1900 / 2200 [ 86%]  (Sampling) 
Chain 1 Iteration: 2100 / 2200 [ 95%]  (Sampling) 
Chain 3 Iteration: 2100 / 2200 [ 95%]  (Sampling) 
Chain 2 Iteration: 2000 / 2200 [ 90%]  (Sampling) 
Chain 1 Iteration: 2200 / 2200 [100%]  (Sampling) 
Chain 1 finished in 23684.6 seconds.
Chain 2 Iteration: 2100 / 2200 [ 95%]  (Sampling) 
Chain 3 Iteration: 2200 / 2200 [100%]  (Sampling) 
Chain 3 finished in 24735.3 seconds.
Chain 2 Iteration: 2200 / 2200 [100%]  (Sampling) 
Chain 2 finished in 25369.3 seconds.

All 3 chains finished successfully.
Mean chain execution time: 24596.4 seconds.
Total execution time: 25370.2 seconds.

Warning: 225 of 4500 (5.0%) transitions ended with a divergence.
See https://mc-stan.org/misc/warnings for details.

Warning: 4219 of 4500 (94.0%) transitions hit the maximum treedepth limit of 10.
See https://mc-stan.org/misc/warnings for details.

[1] "Saving fit object..."
[1] "Calculating summary..."
[1] "Calculating samples..."
[1] "Calculating metadata..."
[1] "Summary of Hyperpriors (mu_*, sigma_*):"
# A tibble: 109 × 10
    variable        mean   median     sd    mad       q5      q95  rhat ess_bulk
    <chr>          <dbl>    <dbl>  <dbl>  <dbl>    <dbl>    <dbl> <dbl>    <dbl>
  1 mu_beta_in… -0.0552  -0.0461  0.998  1.01   -1.71     1.57     1.00    4752.
  2 mu_beta_ra… -0.0252  -0.0241  0.0936 0.0520 -0.150    0.0932   1.00    1468.
  3 mu_beta_ra…  0.0680   0.0655  0.145  0.0824 -0.127    0.279    1.00    1220.
  4 mu_beta_ra…  0.00234 -0.00162 0.200  0.129  -0.289    0.303    1.00    1647.
  5 mu_beta_ra… -0.0365  -0.0359  0.106  0.0535 -0.185    0.0959   1.00     990.
  6 mu_beta_ra…  0.371    0.363   0.600  0.536  -0.598    1.36     1.00    2126.
  7 mu_beta_ra… -0.273   -0.285   0.343  0.286  -0.772    0.302    1.00    1690.
  8 mu_beta_ra… -0.00646 -0.00304 0.193  0.160  -0.322    0.290    1.00    2829.
  9 mu_beta_ra… -0.180   -0.157   0.538  0.461  -1.07     0.677    1.00    2837.
 10 mu_beta_ra…  0.132    0.104   0.524  0.450  -0.684    1.04     1.00    2574.
 11 mu_beta_ra…  0.112    0.0904  0.524  0.455  -0.691    0.976    1.00    2520.
 12 mu_beta_ra… -0.158   -0.144   0.447  0.382  -0.908    0.553    1.00    1879.
 13 mu_beta_ra… -0.0613  -0.0520  0.463  0.385  -0.829    0.683    1.00    1889.
 14 mu_beta_ra…  0.0557   0.0529  0.452  0.388  -0.666    0.776    1.00    1956.
 15 mu_beta_ra…  0.192    0.179   0.421  0.382  -0.474    0.885    1.00    1936.
 16 mu_beta_ra…  0.0296   0.0155  0.390  0.340  -0.598    0.663    1.00    2064.
 17 mu_beta_ra…  0.111    0.0966  0.400  0.351  -0.521    0.788    1.00    1997.
 18 mu_beta_ra…  0.570    0.572   0.497  0.445  -0.206    1.36     1.00    2182.
 19 mu_beta_ra…  0.0165   0.0207  0.616  0.528  -0.976    1.02     1.01    2460.
 20 mu_beta_ra… -0.193   -0.168   0.529  0.455  -1.10     0.632    1.00    1888.
 21 mu_beta_ra… -0.251   -0.242   0.440  0.403  -0.972    0.452    1.00    2010.
 22 mu_beta_ra… -0.0249  -0.0183  1.34   0.999  -2.29     2.20     1.00    4415.
 23 mu_beta_ra… -0.0135  -0.0178  1.43   1.08   -2.31     2.35     1.00    5933.
 24 mu_beta_ra…  0.0187   0.0191  1.41   1.01   -2.24     2.34     1.00    5422.
 25 mu_beta_ra… -0.0412  -0.0140  1.44   1.09   -2.51     2.34     1.00    5029.
 26 mu_beta_ra… -0.00934 -0.0157  1.34   0.979  -2.26     2.23     1.00    4787.
 27 mu_beta_ra… -0.862   -0.785   0.895  0.862  -2.44     0.408    1.00    2194.
 28 mu_beta_ra… -0.443   -0.385   0.760  0.676  -1.74     0.734    1.00    2245.
 29 mu_beta_ra… -0.0912  -0.0666  0.688  0.572  -1.24     1.00     1.00    2328.
 30 mu_beta_ra…  0.359    0.310   0.752  0.650  -0.792    1.67     1.00    2298.
 31 mu_beta_ra…  1.39     1.38    1.01   0.989  -0.141    3.06     1.00    2129.
 32 mu_beta_ra… -0.0172  -0.0172  0.0475 0.0397 -0.0932   0.0581   1.00    1605.
 33 mu_beta_fi…  0.452    0.444   0.134  0.136   0.246    0.687    1.00     875.
 34 mu_beta_fi…  0.630    0.621   0.157  0.161   0.380    0.898    1.00     805.
 35 mu_beta_fi…  0.672    0.665   0.149  0.153   0.439    0.929    1.00     797.
 36 mu_beta_fi…  0.702    0.694   0.137  0.135   0.490    0.946    1.00     942.
 37 mu_beta_fi…  0.372    0.353   0.553  0.475  -0.456    1.33     1.00    1978.
 38 mu_beta_fi…  0.0191  -0.00329 0.551  0.471  -0.817    0.975    1.00    1987.
 39 mu_beta_fi… -0.712   -0.711   0.240  0.244  -1.11    -0.324    1.00    2224.
 40 mu_beta_fi…  0.0432   0.0429  0.0370 0.0371 -0.0182   0.103    1.00    5165.
 41 mu_beta_fi… -0.0225  -0.0227  0.0161 0.0165 -0.0481   0.00419  1.00    6759.
 42 mu_gamma[1]  0.400    0.412   0.373  0.306  -0.224    0.992    1.00    1656.
 43 mu_gamma[2] -0.00745 -0.0190  0.987  0.964  -1.61     1.67     1.00    6157.
 44 mu_alpha_r…  0.414    0.441   0.235  0.138   0.0362   0.716    1.00    1299.
 45 mu_alpha_r…  0.657    0.677   0.224  0.130   0.273    0.968    1.00    1573.
 46 mu_alpha_f…  0.292    0.293   0.0535 0.0535  0.207    0.380    1.00    1884.
 47 mu_alpha_f…  0.204    0.203   0.0533 0.0533  0.118    0.294    1.00    1386.
 48 mu_alpha_f…  0.100    0.0997  0.0528 0.0520  0.0143   0.188    1.00    1130.
 49 mu_alpha_f…  0.0317   0.0310  0.0476 0.0466 -0.0445   0.112    1.00    2556.
 50 mu_alpha_f… -0.0130  -0.0130  0.0542 0.0535 -0.0999   0.0760   1.00    2110.
 51 mu_alpha_f…  0.320    0.320   0.0683 0.0690  0.208    0.434    1.00    1070.
 52 mu_alpha_f…  0.338    0.338   0.0691 0.0679  0.227    0.456    1.00    1156.
 53 mu_alpha_f…  0.293    0.294   0.0720 0.0745  0.174    0.409    1.00     974.
 54 mu_alpha_f…  0.196    0.196   0.0690 0.0681  0.0806   0.311    1.00    1206.
 55 mu_alpha_f…  0.0823   0.0823  0.0627 0.0646 -0.0207   0.187    1.00    1435.
 56 mu_delta_r… -0.407   -0.414   0.167  0.140  -0.652   -0.133    1.00    1043.
 57 mu_delta_r… -0.111   -0.112   0.325  0.277  -0.644    0.415    1.00    1547.
 58 mu_delta_f… -0.278   -0.280   0.0741 0.0743 -0.397   -0.155    1.00    1643.
 59 mu_delta_f… -0.163   -0.164   0.0797 0.0823 -0.292   -0.0320   1.00    1013.
 60 mu_delta_f… -0.0939  -0.0963  0.0714 0.0718 -0.206    0.0271   1.00    1376.
 61 mu_delta_f… -0.0649  -0.0637  0.0667 0.0677 -0.174    0.0424   1.00    3269.
 62 mu_delta_f… -0.157   -0.160   0.0892 0.0892 -0.302   -0.00654  1.00    1695.
 63 mu_delta_f… -0.165   -0.165   0.124  0.123  -0.368    0.0350   1.00    1053.
 64 mu_delta_f… -0.183   -0.185   0.106  0.107  -0.355   -0.00786  1.00    1604.
 65 mu_delta_f… -0.0700  -0.0714  0.100  0.102  -0.231    0.0940   1.00    2531.
 66 mu_delta_f…  0.0549   0.0494  0.106  0.102  -0.114    0.237    1.00    1881.
 67 mu_delta_f…  0.205    0.204   0.0902 0.0877  0.0564   0.354    1.00    2680.
 68 mu_phi_log   0.698    0.723   0.243  0.161   0.295    1.02     1.00    2002.
 69 sigma_beta…  0.916    0.685   0.859  0.656   0.0513   2.64     1.00    3281.
 70 sigma_beta…  0.108    0.0606  0.153  0.0618  0.00469  0.367    1.00    1433.
 71 sigma_beta…  0.194    0.131   0.219  0.108   0.0169   0.580    1.00    1120.
 72 sigma_beta…  0.339    0.249   0.297  0.152   0.0958   0.911    1.00    1733.
 73 sigma_beta…  0.137    0.0842  0.171  0.0721  0.0130   0.428    1.00    1267.
 74 sigma_beta…  0.586    0.470   0.416  0.277   0.172    1.39     1.00    2014.
 75 sigma_beta…  0.574    0.470   0.405  0.275   0.166    1.33     1.00    1819.
 76 sigma_beta…  0.231    0.153   0.254  0.150   0.0141   0.724    1.00    2296.
 77 sigma_beta…  0.540    0.421   0.466  0.348   0.0470   1.43     1.00    2079.
 78 sigma_beta…  0.449    0.317   0.441  0.315   0.0275   1.30     1.00    1688.
 79 sigma_beta…  0.397    0.270   0.417  0.276   0.0191   1.22     1.00    1660.
 80 sigma_beta…  0.267    0.179   0.298  0.174   0.0151   0.810    1.00    2598.
 81 sigma_beta…  0.296    0.204   0.311  0.197   0.0155   0.884    1.00    2328.
 82 sigma_beta…  0.264    0.173   0.304  0.179   0.0132   0.848    1.00    1924.
 83 sigma_beta…  0.425    0.333   0.381  0.294   0.0286   1.18     1.00    1712.
 84 sigma_beta…  0.246    0.163   0.291  0.156   0.0146   0.765    1.00    2582.
 85 sigma_beta…  0.268    0.171   0.303  0.169   0.0171   0.836    1.00    2479.
 86 sigma_beta…  0.656    0.539   0.482  0.338   0.155    1.55     1.00    1827.
 87 sigma_beta…  0.810    0.686   0.570  0.437   0.140    1.90     1.00    1956.
 88 sigma_beta…  0.292    0.193   0.326  0.192   0.0191   0.895    1.00    2337.
 89 sigma_beta…  0.344    0.220   0.384  0.224   0.0183   1.07     1.00    2281.
 90 sigma_beta…  0.997    0.696   1.02   0.708   0.0509   3.05     1.00    4542.
 91 sigma_beta…  0.997    0.693   1.01   0.711   0.0479   2.97     1.00    4308.
 92 sigma_beta…  0.993    0.687   1.02   0.700   0.0540   3.05     1.00    4635.
 93 sigma_beta…  1.00     0.694   0.994  0.710   0.0605   3.00     1.00    5080.
 94 sigma_beta…  0.990    0.689   0.986  0.713   0.0501   2.92     1.00    3366.
 95 sigma_beta…  0.820    0.600   0.765  0.571   0.0587   2.37     1.00    2867.
 96 sigma_beta…  1.00     0.876   0.691  0.596   0.144    2.29     1.00    1515.
 97 sigma_beta…  0.664    0.497   0.609  0.446   0.0521   1.81     1.00    2493.
 98 sigma_beta…  0.701    0.542   0.623  0.455   0.0551   1.90     1.00    2650.
 99 sigma_beta…  0.709    0.491   0.730  0.501   0.0336   2.17     1.00    2296.
100 sigma_beta…  0.0592   0.0394  0.0595 0.0367  0.00496  0.179    1.00    2027.
101 sigma_gamm…  0.618    0.527   0.349  0.273   0.232    1.30     1.00    3207.
102 sigma_gamm…  0.796    0.682   0.595  0.588   0.0609   1.91     1.00    3089.
103 sigma_alph…  0.302    0.212   0.311  0.160   0.0489   0.880    1.01    1253.
104 sigma_alph…  0.290    0.199   0.312  0.173   0.0231   0.870    1.00    1344.
105 sigma_delt…  0.169    0.103   0.214  0.107   0.00710  0.563    1.00    2035.
106 sigma_delt…  0.585    0.482   0.376  0.257   0.201    1.30     1.00    2320.
107 sigma_phi_…  0.357    0.265   0.299  0.168   0.0951   0.917    1.00    1700.
108 sigma_gamm…  0.800    0.674   0.614  0.610   0.0587   1.97     1.00    3926.
109 sigma_gamm…  0.807    0.665   0.617  0.594   0.0701   2.00     1.00    3209.
# ℹ 1 more variable: ess_tail <dbl>
[1] "Calculating lambda_mean..."
[1] "Calculating lambda_test_mean..."
[1] "Calculating y_rep_mean..."
[1] "Calculating y_test_rep_mean..."
[1] "Generating plots..."
[1] "exposure_9XKJD8DQTH559_1" "exposure_SAFK7ND1HR6XS_1"
[3] "exposure_W8T41JZK0ZMEP_1"
[1] 3
Adding missing grouping variables: `location_id_num`
[1] "Skipping daily plot for W8T41JZK0ZMEP due to missing daily data."
[1] "Skipping daily plot for 9XKJD8DQTH559 due to missing daily data."
[1] "Skipping daily plot for SAFK7ND1HR6XS due to missing daily data."
[1] "Skipping MLflow logging as existing fit file was loaded."
[1] "Done."
          used  (Mb) gc trigger   (Mb)  max used   (Mb)
Ncells 5090606 271.9    7676985  410.0   7676985  410.0
Vcells 9531983  72.8  296927772 2265.4 365137467 2785.8
Warning messages:
1: Dropping 'draws_df' class as required metadata was removed. 
2: Dropping 'draws_df' class as required metadata was removed. 
3: Dropping 'draws_df' class as required metadata was removed. 
4: Dropping 'draws_df' class as required metadata was removed. 
