- The project is out-of-sync -- use `renv::status()` for details.
── Attaching core tidyverse packages ──────────────────────── tidyverse 2.0.0 ──
✔ dplyr     1.1.4     ✔ readr     2.1.5
✔ forcats   1.0.0     ✔ stringr   1.5.1
✔ ggplot2   3.5.1     ✔ tibble    3.2.1
✔ lubridate 1.9.4     ✔ tidyr     1.3.1
✔ purrr     1.0.4     
[conflicted] Will prefer dplyr::select over any other package.
[conflicted] Will prefer dplyr::filter over any other package.
[conflicted] Will prefer lubridate::year over any other package.
[conflicted] Will prefer lubridate::month over any other package.
[conflicted] Will prefer purrr::map over any other package.
[conflicted] Will prefer stats::sd over any other package.
[conflicted] Will prefer base::match over any other package.
This is cmdstanr version 0.9.0
- CmdStanR documentation and vignettes: mc-stan.org/cmdstanr
- CmdStan path: /home/nuttidalab/.cmdstan/cmdstan-2.36.0
- CmdStan version: 2.36.0

A newer version of CmdStan is available. See ?install_cmdstan() to install it.
To disable this check set option or environment variable cmdstanr_no_ver_check=TRUE.
This is posterior version 1.6.0
Registered S3 method overwritten by 'tsibble':
  method               from 
  as_tibble.grouped_df dplyr
── Attaching packages ──────────────────────────────────────────── fpp3 1.0.1 ──
✔ tsibble     1.1.6     ✔ feasts      0.4.1
✔ tsibbledata 0.4.1     ✔ fable       0.4.1
Loading required package: R.oo
Loading required package: R.methodsS3
R.methodsS3 v1.8.2 (2022-06-13 22:00:14 UTC) successfully loaded. See ?R.methodsS3 for help.
R.oo v1.27.0 (2024-11-01 18:00:02 UTC) successfully loaded. See ?R.oo for help.

Attaching package: ‘R.oo’

The following object is masked from ‘package:R.methodsS3’:

    throw

The following object is masked from ‘package:shiny’:

    printStackTrace

The following object is masked from ‘package:renv’:

    load

The following objects are masked from ‘package:methods’:

    getClasses, getMethods

The following objects are masked from ‘package:base’:

    attach, detach, load, save

R.utils v2.13.0 (2025-02-24 21:20:02 UTC) successfully loaded. See ?R.utils for help.
Registered S3 method overwritten by 'quantmod':
  method            from
  as.zoo.data.frame zoo 
Registered S3 methods overwritten by 'bayesforecast':
  method      from    
  autoplot.ts forecast
  forecast.ts forecast
  fortify.ts  forecast
  print.garch tseries 
[1] "# of rows: 34628"
[1] "# of rows: 15581"
[1] "Found 11 exposure columns in the data: exposure_2HRX9P6HKXA8V_1, exposure_78AY09MVJVTYE_1, exposure_9XKJD8DQTH559_1, exposure_CB2KHY1C2G9PT_1, exposure_ED5J990H5VAZT_1, exposure_EMBVNVD207CC6_1, exposure_L69HYJ4Y3TR91_1, exposure_LBZEEFSBJNB3Z_1, exposure_LQ5EH4BKGV61T_1, exposure_SAFK7ND1HR6XS_1, exposure_V3Q26BHF3SE2H_1"
Numeric columns considered for scaling:
vegan_window_sum_item_quantity,
vegetarian_window_sum_item_quantity,
meat_window_sum_item_quantity,
vegan_window_avg_item_price,
vegetarian_window_avg_item_price,
meat_window_avg_item_price,
breakfast_p_window_avg_item_price,
textured_p_window_avg_item_price,
untextured_p_window_avg_item_price,
chicken_p_window_avg_item_price,
dairy_p_window_avg_item_price,
egg_p_window_avg_item_price,
breakfast_window_avg_item_price,
textured_window_avg_item_price,
untextured_window_avg_item_price,
breakfast_t2_window_avg_item_price,
textured_t2_window_avg_item_price,
untextured_t2_window_avg_item_price,
chicken_t2_window_avg_item_price,
dairy_t2_window_avg_item_price,
day_of_month,
Value,
vegan_price_real,
vegetarian_price_real,
meat_price_real,
breakfast_p_price_real,
textured_p_price_real,
untextured_p_price_real,
chicken_p_price_real,
dairy_p_price_real,
egg_p_price_real,
breakfast_price_real,
textured_price_real,
untextured_price_real,
breakfast_t2_price_real,
textured_t2_price_real,
untextured_t2_price_real,
chicken_t2_price_real,
dairy_t2_price_real,
inflation,
temp,
precip[1] "Successfully created `expo_to_rest` mapping."
[1] "Successfully created `expo_to_param` mapping."
Identified 11 exposure columns in the design matrix: 
exposure_2HRX9P6HKXA8V_1, 
exposure_78AY09MVJVTYE_1, 
exposure_9XKJD8DQTH559_1, 
exposure_CB2KHY1C2G9PT_1, 
exposure_ED5J990H5VAZT_1, 
exposure_EMBVNVD207CC6_1, 
exposure_L69HYJ4Y3TR91_1, 
exposure_LBZEEFSBJNB3Z_1, 
exposure_LQ5EH4BKGV61T_1, 
exposure_SAFK7ND1HR6XS_1, 
exposure_V3Q26BHF3SE2H_1
Identified 31 random beta columns: 
vegan_price_real, 
vegetarian_price_real, 
meat_price_real, 
breakfast_p_price_real, 
weekend, 
holiday_window, 
month_cat2, 
month_cat3, 
month_cat4, 
month_cat5, 
month_cat6, 
month_cat7, 
month_cat8, 
month_cat9, 
month_cat10, 
month_cat11, 
month_cat12, 
seasonspring, 
seasonsummer, 
seasonwinter, 
year_cat2014, 
year_cat2015, 
year_cat2016, 
year_cat2017, 
year_cat2018, 
year_cat2019, 
year_cat2020, 
year_cat2021, 
year_cat2022, 
year_cat2023, 
date_num
Identified 9 fixed beta columns: 
day_of_week_cat1, 
day_of_week_cat2, 
day_of_week_cat3, 
day_of_week_cat4, 
day_of_week_cat5, 
day_of_week_cat6, 
inflation, 
temp, 
precip
Identified 2 random alpha indices (positions): 
1, 7
Identified 2 random delta indices (positions): 
1, 7
[1] "Open-day filtering: using 11302 of 14795 train obs, 691 of 786 test obs"
$R
[1] 11

$J
[1] 52

$p_effective
[1] 12

$q_effective
[1] 12

$M
[1] 2

$idx_intercept
[1] 1

$K_beta_random
[1] 31

$idx_beta_random
[1] 2 3 4 5 6 7

$K_beta_fixed
[1] 9

$idx_beta_fixed
[1] 33 34 35 36 37 38

$K_exposure
[1] 11

$idx_exposure
[1] 42 43 44 45 46 47

$expo_to_rest
[1] 1 4 5 6 2 7

$expo_to_param
[1] 1 1 1 1 1 1

$effective_lags_alpha
[1] 1 2 3 4 5 6

$K_alpha_random
[1] 2

$idx_alpha_random
[1] 1 7

$K_alpha_fixed
[1] 10

$idx_alpha_fixed
[1] 2 3 4 5 6 8

$effective_lags_delta
[1] 1 2 3 4 5 6

$K_delta_random
[1] 2

$idx_delta_random
[1] 1 7

$K_delta_fixed
[1] 10

$idx_delta_fixed
[1] 2 3 4 5 6 8

$N_train
[1] 14795

$X_train
  (Intercept) vegan_price_real vegetarian_price_real meat_price_real
1           1       -0.9751439            -0.6231729      -1.0385991
2           1       -0.3967741            -0.5118701      -1.2993172
3           1       -1.2422909            -0.7866129      -0.9553291
4           1       -0.9460238            -0.7780717      -1.2664759
5           1       -0.8773595            -0.7320021      -1.0631467
6           1       -1.0499877            -0.6975952      -0.9205429
  breakfast_p_price_real weekend holiday_window month_cat2 month_cat3
1            0.077731721       0              0          0          0
2           -0.008358683       0              0          0          0
3            0.128001254       0              0          0          0
4            0.023859465       1              0          0          0
5            0.141207762       1              0          0          0
6            0.192015061       0              0          0          0
  month_cat4 month_cat5 month_cat6 month_cat7 month_cat8 month_cat9 month_cat10
1          0          0          0          0          0          0           0
2          0          0          0          0          0          0           0
3          0          0          0          0          0          0           0
4          0          0          0          0          0          0           0
5          0          0          0          0          0          0           0
6          0          0          0          0          0          0           0
  month_cat11 month_cat12 seasonspring seasonsummer seasonwinter year_cat2014
1           0           0            0            0            1            0
2           0           0            0            0            1            0
3           0           0            0            0            1            0
4           0           0            0            0            1            0
5           0           0            0            0            1            0
6           0           0            0            0            1            0
  year_cat2015 year_cat2016 year_cat2017 year_cat2018 year_cat2019 year_cat2020
1            0            0            0            0            1            0
2            0            0            0            0            1            0
3            0            0            0            0            1            0
4            0            0            0            0            1            0
5            0            0            0            0            1            0
6            0            0            0            0            1            0
  year_cat2021 year_cat2022 year_cat2023 date_num day_of_week_cat1
1            0            0            0 49.00205                0
2            0            0            0 49.00479                0
3            0            0            0 49.00753                0
4            0            0            0 49.01027                0
5            0            0            0 49.01300                0
6            0            0            0 49.01574                0
  day_of_week_cat2 day_of_week_cat3 day_of_week_cat4 day_of_week_cat5
1                1                0                0                0
2                0                1                0                0
3                0                0                1                0
4                0                0                0                1
5                0                0                0                0
6                0                0                0                0
  day_of_week_cat6 inflation       temp     precip exposure_2HRX9P6HKXA8V_1
1                0 -1.282151 -1.2225669 -0.2818423                        1
2                0 -1.282151 -1.0336314 -0.2818423                        1
3                0 -1.282151 -0.8446958 -0.2818423                        1
4                0 -1.282151 -0.7962508 -0.2818423                        1
5                1 -1.282151 -0.5830928 -0.2818423                        1
6                0 -1.282151 -0.8204733 -0.2818423                        1
  exposure_78AY09MVJVTYE_1 exposure_9XKJD8DQTH559_1 exposure_CB2KHY1C2G9PT_1
1                        0                        0                        0
2                        0                        0                        0
3                        0                        0                        0
4                        0                        0                        0
5                        0                        0                        0
6                        0                        0                        0
  exposure_ED5J990H5VAZT_1 exposure_EMBVNVD207CC6_1 exposure_L69HYJ4Y3TR91_1
1                        0                        0                        0
2                        0                        0                        0
3                        0                        0                        0
4                        0                        0                        0
5                        0                        0                        0
6                        0                        0                        0
  exposure_LBZEEFSBJNB3Z_1 exposure_LQ5EH4BKGV61T_1 exposure_SAFK7ND1HR6XS_1
1                        0                        0                        0
2                        0                        0                        0
3                        0                        0                        0
4                        0                        0                        0
5                        0                        0                        0
6                        0                        0                        0
  exposure_V3Q26BHF3SE2H_1
1                        0
2                        0
3                        0
4                        0
5                        0
6                        0

$y_train
[1] 599 391 199 269 349 179

$idx_to_rest_train
[1] 1 1 1 1 1 1

$train_start_idx
[1]    1 1582 3839 4112 7159 8604

$train_end_idx
[1] 1581 3838 4111 7158 8603 9584

$N_test
[1] 786

$X_test
  (Intercept) vegan_price_real vegetarian_price_real meat_price_real
1           1       0.38103677             0.6130176       0.5051827
2           1      -2.10023052            -1.6383049      -0.9805834
3           1      -1.68385722            -1.5443505      -2.1441971
4           1       0.41407445             0.7868065       0.1720278
5           1      -0.08430122             0.5415055       0.0760158
6           1       0.35720230             0.7139883       0.2297473
  breakfast_p_price_real weekend holiday_window month_cat2 month_cat3
1            -0.07597746       0              0          0          0
2            -0.11252156       0              0          0          0
3            -0.15075708       0              0          0          0
4            -0.04131308       0              0          0          0
5            -0.09361826       1              0          0          0
6            -0.09197267       1              0          0          0
  month_cat4 month_cat5 month_cat6 month_cat7 month_cat8 month_cat9 month_cat10
1          0          1          0          0          0          0           0
2          0          1          0          0          0          0           0
3          0          1          0          0          0          0           0
4          0          1          0          0          0          0           0
5          0          1          0          0          0          0           0
6          0          1          0          0          0          0           0
  month_cat11 month_cat12 seasonspring seasonsummer seasonwinter year_cat2014
1           0           0            1            0            0            0
2           0           0            1            0            0            0
3           0           0            1            0            0            0
4           0           0            1            0            0            0
5           0           0            1            0            0            0
6           0           0            1            0            0            0
  year_cat2015 year_cat2016 year_cat2017 year_cat2018 year_cat2019 year_cat2020
1            0            0            0            0            0            0
2            0            0            0            0            0            0
3            0            0            0            0            0            0
4            0            0            0            0            0            0
5            0            0            0            0            0            0
6            0            0            0            0            0            0
  year_cat2021 year_cat2022 year_cat2023 date_num day_of_week_cat1
1            0            0            1 53.33060                1
2            0            0            1 53.33333                0
3            0            0            1 53.33607                0
4            0            0            1 53.33881                0
5            0            0            1 53.34155                0
6            0            0            1 53.34428                0
  day_of_week_cat2 day_of_week_cat3 day_of_week_cat4 day_of_week_cat5
1                0                0                0                0
2                1                0                0                0
3                0                1                0                0
4                0                0                1                0
5                0                0                0                1
6                0                0                0                0
  day_of_week_cat6 inflation      temp     precip exposure_2HRX9P6HKXA8V_1
1                0   2.13719 0.8993244 -0.2818423                        2
2                0   2.13719 1.1367049 -0.2818423                        2
3                0   2.13719 1.0059034 -0.1155143                        2
4                0   2.13719 0.2840728  0.1616990                        2
5                0   2.13719 0.3858073 -0.2818423                        2
6                1   2.13719 0.3373623 -0.2818423                        2
  exposure_78AY09MVJVTYE_1 exposure_9XKJD8DQTH559_1 exposure_CB2KHY1C2G9PT_1
1                        0                        0                        0
2                        0                        0                        0
3                        0                        0                        0
4                        0                        0                        0
5                        0                        0                        0
6                        0                        0                        0
  exposure_ED5J990H5VAZT_1 exposure_EMBVNVD207CC6_1 exposure_L69HYJ4Y3TR91_1
1                        0                        0                        0
2                        0                        0                        0
3                        0                        0                        0
4                        0                        0                        0
5                        0                        0                        0
6                        0                        0                        0
  exposure_LBZEEFSBJNB3Z_1 exposure_LQ5EH4BKGV61T_1 exposure_SAFK7ND1HR6XS_1
1                        0                        0                        0
2                        0                        0                        0
3                        0                        0                        0
4                        0                        0                        0
5                        0                        0                        0
6                        0                        0                        0
  exposure_V3Q26BHF3SE2H_1
1                        0
2                        0
3                        0
4                        0
5                        0
6                        0

$y_test
[1] 205   4  49 256 373 385

$idx_to_rest_test
[1] 1 1 1 1 1 1

$test_start_idx
[1]   1  85 204 219 380 457

$test_end_idx
[1]  84 203 218 379 456 508

$mu_gamma_scale
[1] 1

$sigma_gamma_between_scale
[1] 1

$sigma_gamma_within_scale
[1] 1

$mu_beta_scale
[1] 1

$sigma_beta_scale
[1] 1

$mu_alpha_scale
[1] 1

$sigma_alpha_scale
[1] 1

$mu_delta_scale
[1] 1

$sigma_delta_scale
[1] 1

$mu_phi_log_scale
[1] 2

$sigma_phi_log_scale
[1] 1

$z_eta_scale
[1] 1

$z_gamma_scale
[1] 1

$z_beta_scale
[1] 1

$z_alpha_scale
[1] 1

$z_delta_scale
[1] 1

$z_phi_scale
[1] 1

$apply_truncation
[1] 0

$N_total_nonzero
[1] 11302

$idx_total_nonzero
[1] 1 2 3 4 5 6

$N_total_nonzero_test
[1] 691

$idx_total_nonzero_test
[1] 1 2 3 4 5 6

[1] "Using Stan model: model_multilevel_transfer_truncated.stan"
[1] "Fitting the multilevel model..."
Running MCMC with 3 parallel chains...

Chain 1 Informational Message: The current Metropolis proposal is about to be rejected because of the following issue:
Chain 1 Exception: neg_binomial_2_lpmf: Location parameter[1] is -nan, but must be positive finite! (in 'model_multilevel_transfer_truncated.stan', line 457, column 4 to column 67)
Chain 1 If this warning occurs sporadically, such as for highly constrained variable types like covariance matrices, then the sampler is fine,
Chain 1 but if this warning occurs often then your model may be either severely ill-conditioned or misspecified.
Chain 1 
Chain 1 Informational Message: The current Metropolis proposal is about to be rejected because of the following issue:
Chain 1 Exception: neg_binomial_2_lpmf: Location parameter[1] is -nan, but must be positive finite! (in 'model_multilevel_transfer_truncated.stan', line 457, column 4 to column 67)
Chain 1 If this warning occurs sporadically, such as for highly constrained variable types like covariance matrices, then the sampler is fine,
Chain 1 but if this warning occurs often then your model may be either severely ill-conditioned or misspecified.
Chain 1 
Chain 2 Informational Message: The current Metropolis proposal is about to be rejected because of the following issue:
Chain 2 Exception: neg_binomial_2_lpmf: Location parameter[1] is -nan, but must be positive finite! (in 'model_multilevel_transfer_truncated.stan', line 457, column 4 to column 67)
Chain 2 If this warning occurs sporadically, such as for highly constrained variable types like covariance matrices, then the sampler is fine,
Chain 2 but if this warning occurs often then your model may be either severely ill-conditioned or misspecified.
Chain 2 
Chain 2 Informational Message: The current Metropolis proposal is about to be rejected because of the following issue:
Chain 2 Exception: neg_binomial_2_lpmf: Location parameter[1] is -nan, but must be positive finite! (in 'model_multilevel_transfer_truncated.stan', line 457, column 4 to column 67)
Chain 2 If this warning occurs sporadically, such as for highly constrained variable types like covariance matrices, then the sampler is fine,
Chain 2 but if this warning occurs often then your model may be either severely ill-conditioned or misspecified.
Chain 2 
Chain 2 Informational Message: The current Metropolis proposal is about to be rejected because of the following issue:
Chain 2 Exception: neg_binomial_2_lpmf: Location parameter[1] is -nan, but must be positive finite! (in 'model_multilevel_transfer_truncated.stan', line 457, column 4 to column 67)
Chain 2 If this warning occurs sporadically, such as for highly constrained variable types like covariance matrices, then the sampler is fine,
Chain 2 but if this warning occurs often then your model may be either severely ill-conditioned or misspecified.
Chain 2 
Chain 2 Informational Message: The current Metropolis proposal is about to be rejected because of the following issue:
Chain 2 Exception: neg_binomial_2_lpmf: Location parameter[1] is 0, but must be positive finite! (in 'model_multilevel_transfer_truncated.stan', line 457, column 4 to column 67)
Chain 2 If this warning occurs sporadically, such as for highly constrained variable types like covariance matrices, then the sampler is fine,
Chain 2 but if this warning occurs often then your model may be either severely ill-conditioned or misspecified.
Chain 2 
Chain 2 Informational Message: The current Metropolis proposal is about to be rejected because of the following issue:
Chain 2 Exception: neg_binomial_2_lpmf: Location parameter[1] is 0, but must be positive finite! (in 'model_multilevel_transfer_truncated.stan', line 457, column 4 to column 67)
Chain 2 If this warning occurs sporadically, such as for highly constrained variable types like covariance matrices, then the sampler is fine,
Chain 2 but if this warning occurs often then your model may be either severely ill-conditioned or misspecified.
Chain 2 
Chain 2 Informational Message: The current Metropolis proposal is about to be rejected because of the following issue:
Chain 2 Exception: neg_binomial_2_lpmf: Location parameter[1] is 0, but must be positive finite! (in 'model_multilevel_transfer_truncated.stan', line 457, column 4 to column 67)
Chain 2 If this warning occurs sporadically, such as for highly constrained variable types like covariance matrices, then the sampler is fine,
Chain 2 but if this warning occurs often then your model may be either severely ill-conditioned or misspecified.
Chain 2 
Chain 2 Informational Message: The current Metropolis proposal is about to be rejected because of the following issue:
Chain 2 Exception: neg_binomial_2_lpmf: Location parameter[1] is inf, but must be positive finite! (in 'model_multilevel_transfer_truncated.stan', line 457, column 4 to column 67)
Chain 2 If this warning occurs sporadically, such as for highly constrained variable types like covariance matrices, then the sampler is fine,
Chain 2 but if this warning occurs often then your model may be either severely ill-conditioned or misspecified.
Chain 2 
Chain 3 Informational Message: The current Metropolis proposal is about to be rejected because of the following issue:
Chain 3 Exception: neg_binomial_2_lpmf: Location parameter[1] is -nan, but must be positive finite! (in 'model_multilevel_transfer_truncated.stan', line 457, column 4 to column 67)
Chain 3 If this warning occurs sporadically, such as for highly constrained variable types like covariance matrices, then the sampler is fine,
Chain 3 but if this warning occurs often then your model may be either severely ill-conditioned or misspecified.
Chain 3 
Chain 3 Informational Message: The current Metropolis proposal is about to be rejected because of the following issue:
Chain 3 Exception: neg_binomial_2_lpmf: Location parameter[1] is -nan, but must be positive finite! (in 'model_multilevel_transfer_truncated.stan', line 457, column 4 to column 67)
Chain 3 If this warning occurs sporadically, such as for highly constrained variable types like covariance matrices, then the sampler is fine,
Chain 3 but if this warning occurs often then your model may be either severely ill-conditioned or misspecified.
Chain 3 
Chain 3 Informational Message: The current Metropolis proposal is about to be rejected because of the following issue:
Chain 3 Exception: neg_binomial_2_lpmf: Location parameter[1] is -nan, but must be positive finite! (in 'model_multilevel_transfer_truncated.stan', line 457, column 4 to column 67)
Chain 3 If this warning occurs sporadically, such as for highly constrained variable types like covariance matrices, then the sampler is fine,
Chain 3 but if this warning occurs often then your model may be either severely ill-conditioned or misspecified.
Chain 3 
Chain 1 Informational Message: The current Metropolis proposal is about to be rejected because of the following issue:
Chain 1 Exception: neg_binomial_2_lpmf: Location parameter[1] is -nan, but must be positive finite! (in 'model_multilevel_transfer_truncated.stan', line 457, column 4 to column 67)
Chain 1 If this warning occurs sporadically, such as for highly constrained variable types like covariance matrices, then the sampler is fine,
Chain 1 but if this warning occurs often then your model may be either severely ill-conditioned or misspecified.
Chain 1 
Chain 1 Informational Message: The current Metropolis proposal is about to be rejected because of the following issue:
Chain 1 Exception: neg_binomial_2_lpmf: Location parameter[1] is -nan, but must be positive finite! (in 'model_multilevel_transfer_truncated.stan', line 457, column 4 to column 67)
Chain 1 If this warning occurs sporadically, such as for highly constrained variable types like covariance matrices, then the sampler is fine,
Chain 1 but if this warning occurs often then your model may be either severely ill-conditioned or misspecified.
Chain 1 
Chain 1 Informational Message: The current Metropolis proposal is about to be rejected because of the following issue:
Chain 1 Exception: neg_binomial_2_lpmf: Location parameter[1] is inf, but must be positive finite! (in 'model_multilevel_transfer_truncated.stan', line 457, column 4 to column 67)
Chain 1 If this warning occurs sporadically, such as for highly constrained variable types like covariance matrices, then the sampler is fine,
Chain 1 but if this warning occurs often then your model may be either severely ill-conditioned or misspecified.
Chain 1 
Chain 1 Informational Message: The current Metropolis proposal is about to be rejected because of the following issue:
Chain 1 Exception: neg_binomial_2_lpmf: Location parameter[1] is inf, but must be positive finite! (in 'model_multilevel_transfer_truncated.stan', line 457, column 4 to column 67)
Chain 1 If this warning occurs sporadically, such as for highly constrained variable types like covariance matrices, then the sampler is fine,
Chain 1 but if this warning occurs often then your model may be either severely ill-conditioned or misspecified.
Chain 1 
Chain 1 Informational Message: The current Metropolis proposal is about to be rejected because of the following issue:
Chain 1 Exception: neg_binomial_2_lpmf: Location parameter[1] is inf, but must be positive finite! (in 'model_multilevel_transfer_truncated.stan', line 457, column 4 to column 67)
Chain 1 If this warning occurs sporadically, such as for highly constrained variable types like covariance matrices, then the sampler is fine,
Chain 1 but if this warning occurs often then your model may be either severely ill-conditioned or misspecified.
Chain 1 
Chain 1 Informational Message: The current Metropolis proposal is about to be rejected because of the following issue:
Chain 1 Exception: neg_binomial_2_lpmf: Location parameter[1] is inf, but must be positive finite! (in 'model_multilevel_transfer_truncated.stan', line 457, column 4 to column 67)
Chain 1 If this warning occurs sporadically, such as for highly constrained variable types like covariance matrices, then the sampler is fine,
Chain 1 but if this warning occurs often then your model may be either severely ill-conditioned or misspecified.
Chain 1 
Chain 2 Informational Message: The current Metropolis proposal is about to be rejected because of the following issue:
Chain 2 Exception: neg_binomial_2_lpmf: Location parameter[1] is inf, but must be positive finite! (in 'model_multilevel_transfer_truncated.stan', line 457, column 4 to column 67)
Chain 2 If this warning occurs sporadically, such as for highly constrained variable types like covariance matrices, then the sampler is fine,
Chain 2 but if this warning occurs often then your model may be either severely ill-conditioned or misspecified.
Chain 2 
Chain 2 Informational Message: The current Metropolis proposal is about to be rejected because of the following issue:
Chain 2 Exception: neg_binomial_2_lpmf: Location parameter[1] is inf, but must be positive finite! (in 'model_multilevel_transfer_truncated.stan', line 457, column 4 to column 67)
Chain 2 If this warning occurs sporadically, such as for highly constrained variable types like covariance matrices, then the sampler is fine,
Chain 2 but if this warning occurs often then your model may be either severely ill-conditioned or misspecified.
Chain 2 
Chain 2 Informational Message: The current Metropolis proposal is about to be rejected because of the following issue:
Chain 2 Exception: neg_binomial_2_lpmf: Location parameter[1] is inf, but must be positive finite! (in 'model_multilevel_transfer_truncated.stan', line 457, column 4 to column 67)
Chain 2 If this warning occurs sporadically, such as for highly constrained variable types like covariance matrices, then the sampler is fine,
Chain 2 but if this warning occurs often then your model may be either severely ill-conditioned or misspecified.
Chain 2 
Chain 2 Informational Message: The current Metropolis proposal is about to be rejected because of the following issue:
Chain 2 Exception: neg_binomial_2_lpmf: Location parameter[1] is inf, but must be positive finite! (in 'model_multilevel_transfer_truncated.stan', line 457, column 4 to column 67)
Chain 2 If this warning occurs sporadically, such as for highly constrained variable types like covariance matrices, then the sampler is fine,
Chain 2 but if this warning occurs often then your model may be either severely ill-conditioned or misspecified.
Chain 2 
Chain 3 Informational Message: The current Metropolis proposal is about to be rejected because of the following issue:
Chain 3 Exception: neg_binomial_2_lpmf: Location parameter[1] is -nan, but must be positive finite! (in 'model_multilevel_transfer_truncated.stan', line 457, column 4 to column 67)
Chain 3 If this warning occurs sporadically, such as for highly constrained variable types like covariance matrices, then the sampler is fine,
Chain 3 but if this warning occurs often then your model may be either severely ill-conditioned or misspecified.
Chain 3 
Chain 3 Informational Message: The current Metropolis proposal is about to be rejected because of the following issue:
Chain 3 Exception: neg_binomial_2_lpmf: Location parameter[1] is inf, but must be positive finite! (in 'model_multilevel_transfer_truncated.stan', line 457, column 4 to column 67)
Chain 3 If this warning occurs sporadically, such as for highly constrained variable types like covariance matrices, then the sampler is fine,
Chain 3 but if this warning occurs often then your model may be either severely ill-conditioned or misspecified.
Chain 3 
Chain 3 Informational Message: The current Metropolis proposal is about to be rejected because of the following issue:
Chain 3 Exception: neg_binomial_2_lpmf: Location parameter[1] is inf, but must be positive finite! (in 'model_multilevel_transfer_truncated.stan', line 457, column 4 to column 67)
Chain 3 If this warning occurs sporadically, such as for highly constrained variable types like covariance matrices, then the sampler is fine,
Chain 3 but if this warning occurs often then your model may be either severely ill-conditioned or misspecified.
Chain 3 
Chain 3 Informational Message: The current Metropolis proposal is about to be rejected because of the following issue:
Chain 3 Exception: neg_binomial_2_lpmf: Location parameter[1] is inf, but must be positive finite! (in 'model_multilevel_transfer_truncated.stan', line 457, column 4 to column 67)
Chain 3 If this warning occurs sporadically, such as for highly constrained variable types like covariance matrices, then the sampler is fine,
Chain 3 but if this warning occurs often then your model may be either severely ill-conditioned or misspecified.
Chain 3 
Chain 3 Informational Message: The current Metropolis proposal is about to be rejected because of the following issue:
Chain 3 Exception: neg_binomial_2_lpmf: Location parameter[1] is inf, but must be positive finite! (in 'model_multilevel_transfer_truncated.stan', line 457, column 4 to column 67)
Chain 3 If this warning occurs sporadically, such as for highly constrained variable types like covariance matrices, then the sampler is fine,
Chain 3 but if this warning occurs often then your model may be either severely ill-conditioned or misspecified.
Chain 3 
Chain 1 Informational Message: The current Metropolis proposal is about to be rejected because of the following issue:
Chain 1 Exception: neg_binomial_2_lpmf: Location parameter[1] is inf, but must be positive finite! (in 'model_multilevel_transfer_truncated.stan', line 457, column 4 to column 67)
Chain 1 If this warning occurs sporadically, such as for highly constrained variable types like covariance matrices, then the sampler is fine,
Chain 1 but if this warning occurs often then your model may be either severely ill-conditioned or misspecified.
Chain 1 
Chain 1 Informational Message: The current Metropolis proposal is about to be rejected because of the following issue:
Chain 1 Exception: neg_binomial_2_lpmf: Location parameter[1] is inf, but must be positive finite! (in 'model_multilevel_transfer_truncated.stan', line 457, column 4 to column 67)
Chain 1 If this warning occurs sporadically, such as for highly constrained variable types like covariance matrices, then the sampler is fine,
Chain 1 but if this warning occurs often then your model may be either severely ill-conditioned or misspecified.
Chain 1 
Chain 1 Informational Message: The current Metropolis proposal is about to be rejected because of the following issue:
Chain 1 Exception: neg_binomial_2_lpmf: Location parameter[1] is inf, but must be positive finite! (in 'model_multilevel_transfer_truncated.stan', line 457, column 4 to column 67)
Chain 1 If this warning occurs sporadically, such as for highly constrained variable types like covariance matrices, then the sampler is fine,
Chain 1 but if this warning occurs often then your model may be either severely ill-conditioned or misspecified.
Chain 1 
Chain 2 Informational Message: The current Metropolis proposal is about to be rejected because of the following issue:
Chain 2 Exception: neg_binomial_2_lpmf: Location parameter[24] is inf, but must be positive finite! (in 'model_multilevel_transfer_truncated.stan', line 457, column 4 to column 67)
Chain 2 If this warning occurs sporadically, such as for highly constrained variable types like covariance matrices, then the sampler is fine,
Chain 2 but if this warning occurs often then your model may be either severely ill-conditioned or misspecified.
Chain 2 
Chain 2 Informational Message: The current Metropolis proposal is about to be rejected because of the following issue:
Chain 2 Exception: neg_binomial_2_lpmf: Location parameter[94] is 0, but must be positive finite! (in 'model_multilevel_transfer_truncated.stan', line 457, column 4 to column 67)
Chain 2 If this warning occurs sporadically, such as for highly constrained variable types like covariance matrices, then the sampler is fine,
Chain 2 but if this warning occurs often then your model may be either severely ill-conditioned or misspecified.
Chain 2 
Chain 2 Informational Message: The current Metropolis proposal is about to be rejected because of the following issue:
Chain 2 Exception: neg_binomial_2_lpmf: Location parameter[8150] is inf, but must be positive finite! (in 'model_multilevel_transfer_truncated.stan', line 457, column 4 to column 67)
Chain 2 If this warning occurs sporadically, such as for highly constrained variable types like covariance matrices, then the sampler is fine,
Chain 2 but if this warning occurs often then your model may be either severely ill-conditioned or misspecified.
Chain 2 
Chain 3 Informational Message: The current Metropolis proposal is about to be rejected because of the following issue:
Chain 3 Exception: neg_binomial_2_lpmf: Location parameter[1] is inf, but must be positive finite! (in 'model_multilevel_transfer_truncated.stan', line 457, column 4 to column 67)
Chain 3 If this warning occurs sporadically, such as for highly constrained variable types like covariance matrices, then the sampler is fine,
Chain 3 but if this warning occurs often then your model may be either severely ill-conditioned or misspecified.
Chain 3 
Chain 3 Informational Message: The current Metropolis proposal is about to be rejected because of the following issue:
Chain 3 Exception: neg_binomial_2_lpmf: Location parameter[1] is inf, but must be positive finite! (in 'model_multilevel_transfer_truncated.stan', line 457, column 4 to column 67)
Chain 3 If this warning occurs sporadically, such as for highly constrained variable types like covariance matrices, then the sampler is fine,
Chain 3 but if this warning occurs often then your model may be either severely ill-conditioned or misspecified.
Chain 3 
Chain 3 Informational Message: The current Metropolis proposal is about to be rejected because of the following issue:
Chain 3 Exception: neg_binomial_2_lpmf: Location parameter[1] is inf, but must be positive finite! (in 'model_multilevel_transfer_truncated.stan', line 457, column 4 to column 67)
Chain 3 If this warning occurs sporadically, such as for highly constrained variable types like covariance matrices, then the sampler is fine,
Chain 3 but if this warning occurs often then your model may be either severely ill-conditioned or misspecified.
Chain 3 
Chain 3 Informational Message: The current Metropolis proposal is about to be rejected because of the following issue:
Chain 3 Exception: neg_binomial_2_lpmf: Location parameter[24] is inf, but must be positive finite! (in 'model_multilevel_transfer_truncated.stan', line 457, column 4 to column 67)
Chain 3 If this warning occurs sporadically, such as for highly constrained variable types like covariance matrices, then the sampler is fine,
Chain 3 but if this warning occurs often then your model may be either severely ill-conditioned or misspecified.
Chain 3 
Chain 1 Informational Message: The current Metropolis proposal is about to be rejected because of the following issue:
Chain 1 Exception: neg_binomial_2_lpmf: Location parameter[1] is inf, but must be positive finite! (in 'model_multilevel_transfer_truncated.stan', line 457, column 4 to column 67)
Chain 1 If this warning occurs sporadically, such as for highly constrained variable types like covariance matrices, then the sampler is fine,
Chain 1 but if this warning occurs often then your model may be either severely ill-conditioned or misspecified.
Chain 1 
Chain 2 Iteration:    1 / 3500 [  0%]  (Warmup) 
Chain 2 Informational Message: The current Metropolis proposal is about to be rejected because of the following issue:
Chain 2 Exception: neg_binomial_2_lpmf: Location parameter[1] is -nan, but must be positive finite! (in 'model_multilevel_transfer_truncated.stan', line 457, column 4 to column 67)
Chain 2 If this warning occurs sporadically, such as for highly constrained variable types like covariance matrices, then the sampler is fine,
Chain 2 but if this warning occurs often then your model may be either severely ill-conditioned or misspecified.
Chain 2 
Chain 2 Informational Message: The current Metropolis proposal is about to be rejected because of the following issue:
Chain 2 Exception: neg_binomial_2_lpmf: Location parameter[1] is -nan, but must be positive finite! (in 'model_multilevel_transfer_truncated.stan', line 457, column 4 to column 67)
Chain 2 If this warning occurs sporadically, such as for highly constrained variable types like covariance matrices, then the sampler is fine,
Chain 2 but if this warning occurs often then your model may be either severely ill-conditioned or misspecified.
Chain 2 
Chain 3 Informational Message: The current Metropolis proposal is about to be rejected because of the following issue:
Chain 3 Exception: neg_binomial_2_lpmf: Location parameter[92] is inf, but must be positive finite! (in 'model_multilevel_transfer_truncated.stan', line 457, column 4 to column 67)
Chain 3 If this warning occurs sporadically, such as for highly constrained variable types like covariance matrices, then the sampler is fine,
Chain 3 but if this warning occurs often then your model may be either severely ill-conditioned or misspecified.
Chain 3 
Chain 3 Informational Message: The current Metropolis proposal is about to be rejected because of the following issue:
Chain 3 Exception: neg_binomial_2_lpmf: Location parameter[9535] is inf, but must be positive finite! (in 'model_multilevel_transfer_truncated.stan', line 457, column 4 to column 67)
Chain 3 If this warning occurs sporadically, such as for highly constrained variable types like covariance matrices, then the sampler is fine,
Chain 3 but if this warning occurs often then your model may be either severely ill-conditioned or misspecified.
Chain 3 
Chain 1 Iteration:    1 / 3500 [  0%]  (Warmup) 
Chain 2 Informational Message: The current Metropolis proposal is about to be rejected because of the following issue:
Chain 2 Exception: neg_binomial_2_lpmf: Location parameter[1] is 0, but must be positive finite! (in 'model_multilevel_transfer_truncated.stan', line 457, column 4 to column 67)
Chain 2 If this warning occurs sporadically, such as for highly constrained variable types like covariance matrices, then the sampler is fine,
Chain 2 but if this warning occurs often then your model may be either severely ill-conditioned or misspecified.
Chain 2 
Chain 2 Informational Message: The current Metropolis proposal is about to be rejected because of the following issue:
Chain 2 Exception: neg_binomial_2_lpmf: Location parameter[1] is inf, but must be positive finite! (in 'model_multilevel_transfer_truncated.stan', line 457, column 4 to column 67)
Chain 2 If this warning occurs sporadically, such as for highly constrained variable types like covariance matrices, then the sampler is fine,
Chain 2 but if this warning occurs often then your model may be either severely ill-conditioned or misspecified.
Chain 2 
Chain 2 Informational Message: The current Metropolis proposal is about to be rejected because of the following issue:
Chain 2 Exception: neg_binomial_2_lpmf: Location parameter[4074] is inf, but must be positive finite! (in 'model_multilevel_transfer_truncated.stan', line 457, column 4 to column 67)
Chain 2 If this warning occurs sporadically, such as for highly constrained variable types like covariance matrices, then the sampler is fine,
Chain 2 but if this warning occurs often then your model may be either severely ill-conditioned or misspecified.
Chain 2 
Chain 3 Iteration:    1 / 3500 [  0%]  (Warmup) 
Chain 3 Informational Message: The current Metropolis proposal is about to be rejected because of the following issue:
Chain 3 Exception: neg_binomial_2_lpmf: Location parameter[1] is -nan, but must be positive finite! (in 'model_multilevel_transfer_truncated.stan', line 457, column 4 to column 67)
Chain 3 If this warning occurs sporadically, such as for highly constrained variable types like covariance matrices, then the sampler is fine,
Chain 3 but if this warning occurs often then your model may be either severely ill-conditioned or misspecified.
Chain 3 
Chain 3 Informational Message: The current Metropolis proposal is about to be rejected because of the following issue:
Chain 3 Exception: neg_binomial_2_lpmf: Location parameter[1] is -nan, but must be positive finite! (in 'model_multilevel_transfer_truncated.stan', line 457, column 4 to column 67)
Chain 3 If this warning occurs sporadically, such as for highly constrained variable types like covariance matrices, then the sampler is fine,
Chain 3 but if this warning occurs often then your model may be either severely ill-conditioned or misspecified.
Chain 3 
Chain 1 Informational Message: The current Metropolis proposal is about to be rejected because of the following issue:
Chain 1 Exception: neg_binomial_2_lpmf: Location parameter[1] is -nan, but must be positive finite! (in 'model_multilevel_transfer_truncated.stan', line 457, column 4 to column 67)
Chain 1 If this warning occurs sporadically, such as for highly constrained variable types like covariance matrices, then the sampler is fine,
Chain 1 but if this warning occurs often then your model may be either severely ill-conditioned or misspecified.
Chain 1 
Chain 1 Informational Message: The current Metropolis proposal is about to be rejected because of the following issue:
Chain 1 Exception: neg_binomial_2_lpmf: Location parameter[1] is -nan, but must be positive finite! (in 'model_multilevel_transfer_truncated.stan', line 457, column 4 to column 67)
Chain 1 If this warning occurs sporadically, such as for highly constrained variable types like covariance matrices, then the sampler is fine,
Chain 1 but if this warning occurs often then your model may be either severely ill-conditioned or misspecified.
Chain 1 
Chain 1 Informational Message: The current Metropolis proposal is about to be rejected because of the following issue:
Chain 1 Exception: neg_binomial_2_lpmf: Location parameter[1] is 0, but must be positive finite! (in 'model_multilevel_transfer_truncated.stan', line 457, column 4 to column 67)
Chain 1 If this warning occurs sporadically, such as for highly constrained variable types like covariance matrices, then the sampler is fine,
Chain 1 but if this warning occurs often then your model may be either severely ill-conditioned or misspecified.
Chain 1 
Chain 3 Informational Message: The current Metropolis proposal is about to be rejected because of the following issue:
Chain 3 Exception: neg_binomial_2_lpmf: Location parameter[1] is inf, but must be positive finite! (in 'model_multilevel_transfer_truncated.stan', line 457, column 4 to column 67)
Chain 3 If this warning occurs sporadically, such as for highly constrained variable types like covariance matrices, then the sampler is fine,
Chain 3 but if this warning occurs often then your model may be either severely ill-conditioned or misspecified.
Chain 3 
Chain 3 Informational Message: The current Metropolis proposal is about to be rejected because of the following issue:
Chain 3 Exception: neg_binomial_2_lpmf: Location parameter[1] is inf, but must be positive finite! (in 'model_multilevel_transfer_truncated.stan', line 457, column 4 to column 67)
Chain 3 If this warning occurs sporadically, such as for highly constrained variable types like covariance matrices, then the sampler is fine,
Chain 3 but if this warning occurs often then your model may be either severely ill-conditioned or misspecified.
Chain 3 
Chain 3 Informational Message: The current Metropolis proposal is about to be rejected because of the following issue:
Chain 3 Exception: neg_binomial_2_lpmf: Location parameter[80] is 0, but must be positive finite! (in 'model_multilevel_transfer_truncated.stan', line 457, column 4 to column 67)
Chain 3 If this warning occurs sporadically, such as for highly constrained variable types like covariance matrices, then the sampler is fine,
Chain 3 but if this warning occurs often then your model may be either severely ill-conditioned or misspecified.
Chain 3 
Chain 1 Informational Message: The current Metropolis proposal is about to be rejected because of the following issue:
Chain 1 Exception: neg_binomial_2_lpmf: Location parameter[1] is 0, but must be positive finite! (in 'model_multilevel_transfer_truncated.stan', line 457, column 4 to column 67)
Chain 1 If this warning occurs sporadically, such as for highly constrained variable types like covariance matrices, then the sampler is fine,
Chain 1 but if this warning occurs often then your model may be either severely ill-conditioned or misspecified.
Chain 1 
Chain 2 Informational Message: The current Metropolis proposal is about to be rejected because of the following issue:
Chain 2 Exception: neg_binomial_2_lpmf: Location parameter[8336] is 0, but must be positive finite! (in 'model_multilevel_transfer_truncated.stan', line 457, column 4 to column 67)
Chain 2 If this warning occurs sporadically, such as for highly constrained variable types like covariance matrices, then the sampler is fine,
Chain 2 but if this warning occurs often then your model may be either severely ill-conditioned or misspecified.
Chain 2 
Chain 3 Iteration:  100 / 3500 [  2%]  (Warmup) 
Chain 2 Iteration:  100 / 3500 [  2%]  (Warmup) 
Chain 1 Iteration:  100 / 3500 [  2%]  (Warmup) 
Chain 3 Iteration:  200 / 3500 [  5%]  (Warmup) 
Chain 2 Iteration:  200 / 3500 [  5%]  (Warmup) 
Chain 1 Iteration:  200 / 3500 [  5%]  (Warmup) 
Chain 3 Iteration:  300 / 3500 [  8%]  (Warmup) 
Chain 2 Iteration:  300 / 3500 [  8%]  (Warmup) 
Chain 1 Iteration:  300 / 3500 [  8%]  (Warmup) 
Chain 3 Iteration:  400 / 3500 [ 11%]  (Warmup) 
Chain 2 Iteration:  400 / 3500 [ 11%]  (Warmup) 
Chain 1 Iteration:  400 / 3500 [ 11%]  (Warmup) 
Chain 3 Iteration:  500 / 3500 [ 14%]  (Warmup) 
Chain 2 Iteration:  500 / 3500 [ 14%]  (Warmup) 
Chain 1 Iteration:  500 / 3500 [ 14%]  (Warmup) 
Chain 3 Iteration:  600 / 3500 [ 17%]  (Warmup) 
Chain 2 Iteration:  600 / 3500 [ 17%]  (Warmup) 
Chain 1 Iteration:  600 / 3500 [ 17%]  (Warmup) 
Chain 3 Iteration:  700 / 3500 [ 20%]  (Warmup) 
Chain 2 Iteration:  700 / 3500 [ 20%]  (Warmup) 
Chain 1 Iteration:  700 / 3500 [ 20%]  (Warmup) 
Chain 3 Iteration:  800 / 3500 [ 22%]  (Warmup) 
Chain 2 Iteration:  800 / 3500 [ 22%]  (Warmup) 
Chain 1 Iteration:  800 / 3500 [ 22%]  (Warmup) 
Chain 3 Iteration:  900 / 3500 [ 25%]  (Warmup) 
Chain 2 Iteration:  900 / 3500 [ 25%]  (Warmup) 
Chain 1 Iteration:  900 / 3500 [ 25%]  (Warmup) 
Chain 3 Iteration: 1000 / 3500 [ 28%]  (Warmup) 
Chain 2 Iteration: 1000 / 3500 [ 28%]  (Warmup) 
Chain 1 Iteration: 1000 / 3500 [ 28%]  (Warmup) 
Chain 3 Iteration: 1100 / 3500 [ 31%]  (Warmup) 
Chain 2 Iteration: 1100 / 3500 [ 31%]  (Warmup) 
Chain 1 Iteration: 1100 / 3500 [ 31%]  (Warmup) 
Chain 3 Iteration: 1200 / 3500 [ 34%]  (Warmup) 
Chain 2 Iteration: 1200 / 3500 [ 34%]  (Warmup) 
Chain 1 Iteration: 1200 / 3500 [ 34%]  (Warmup) 
Chain 3 Iteration: 1300 / 3500 [ 37%]  (Warmup) 
Chain 2 Iteration: 1300 / 3500 [ 37%]  (Warmup) 
Chain 1 Iteration: 1300 / 3500 [ 37%]  (Warmup) 
Chain 3 Iteration: 1400 / 3500 [ 40%]  (Warmup) 
Chain 2 Iteration: 1400 / 3500 [ 40%]  (Warmup) 
Chain 1 Iteration: 1400 / 3500 [ 40%]  (Warmup) 
Chain 3 Iteration: 1500 / 3500 [ 42%]  (Warmup) 
Chain 3 Iteration: 1501 / 3500 [ 42%]  (Sampling) 
Chain 2 Iteration: 1500 / 3500 [ 42%]  (Warmup) 
Chain 2 Iteration: 1501 / 3500 [ 42%]  (Sampling) 
Chain 1 Iteration: 1500 / 3500 [ 42%]  (Warmup) 
Chain 1 Iteration: 1501 / 3500 [ 42%]  (Sampling) 
Chain 3 Iteration: 1600 / 3500 [ 45%]  (Sampling) 
Chain 2 Iteration: 1600 / 3500 [ 45%]  (Sampling) 
Chain 1 Iteration: 1600 / 3500 [ 45%]  (Sampling) 
Chain 3 Iteration: 1700 / 3500 [ 48%]  (Sampling) 
Chain 2 Iteration: 1700 / 3500 [ 48%]  (Sampling) 
Chain 1 Iteration: 1700 / 3500 [ 48%]  (Sampling) 
Chain 3 Iteration: 1800 / 3500 [ 51%]  (Sampling) 
Chain 2 Iteration: 1800 / 3500 [ 51%]  (Sampling) 
Chain 1 Iteration: 1800 / 3500 [ 51%]  (Sampling) 
Chain 3 Iteration: 1900 / 3500 [ 54%]  (Sampling) 
Chain 2 Iteration: 1900 / 3500 [ 54%]  (Sampling) 
Chain 1 Iteration: 1900 / 3500 [ 54%]  (Sampling) 
Chain 2 Iteration: 2000 / 3500 [ 57%]  (Sampling) 
Chain 1 Iteration: 2000 / 3500 [ 57%]  (Sampling) 
Chain 3 Iteration: 2000 / 3500 [ 57%]  (Sampling) 
Chain 2 Iteration: 2100 / 3500 [ 60%]  (Sampling) 
Chain 3 Iteration: 2100 / 3500 [ 60%]  (Sampling) 
Chain 1 Iteration: 2100 / 3500 [ 60%]  (Sampling) 
Chain 2 Iteration: 2200 / 3500 [ 62%]  (Sampling) 
Chain 1 Iteration: 2200 / 3500 [ 62%]  (Sampling) 
Chain 3 Iteration: 2200 / 3500 [ 62%]  (Sampling) 
Chain 2 Iteration: 2300 / 3500 [ 65%]  (Sampling) 
Chain 1 Iteration: 2300 / 3500 [ 65%]  (Sampling) 
Chain 3 Iteration: 2300 / 3500 [ 65%]  (Sampling) 
Chain 2 Iteration: 2400 / 3500 [ 68%]  (Sampling) 
Chain 1 Iteration: 2400 / 3500 [ 68%]  (Sampling) 
Chain 3 Iteration: 2400 / 3500 [ 68%]  (Sampling) 
Chain 2 Iteration: 2500 / 3500 [ 71%]  (Sampling) 
Chain 1 Iteration: 2500 / 3500 [ 71%]  (Sampling) 
Chain 3 Iteration: 2500 / 3500 [ 71%]  (Sampling) 
Chain 2 Iteration: 2600 / 3500 [ 74%]  (Sampling) 
Chain 1 Iteration: 2600 / 3500 [ 74%]  (Sampling) 
Chain 3 Iteration: 2600 / 3500 [ 74%]  (Sampling) 
Chain 2 Iteration: 2700 / 3500 [ 77%]  (Sampling) 
Chain 3 Iteration: 2700 / 3500 [ 77%]  (Sampling) 
Chain 1 Iteration: 2700 / 3500 [ 77%]  (Sampling) 
Chain 2 Iteration: 2800 / 3500 [ 80%]  (Sampling) 
Chain 3 Iteration: 2800 / 3500 [ 80%]  (Sampling) 
Chain 1 Iteration: 2800 / 3500 [ 80%]  (Sampling) 
Chain 2 Iteration: 2900 / 3500 [ 82%]  (Sampling) 
Chain 3 Iteration: 2900 / 3500 [ 82%]  (Sampling) 
Chain 1 Iteration: 2900 / 3500 [ 82%]  (Sampling) 
Chain 2 Iteration: 3000 / 3500 [ 85%]  (Sampling) 
Chain 3 Iteration: 3000 / 3500 [ 85%]  (Sampling) 
Chain 1 Iteration: 3000 / 3500 [ 85%]  (Sampling) 
Chain 2 Iteration: 3100 / 3500 [ 88%]  (Sampling) 
Chain 3 Iteration: 3100 / 3500 [ 88%]  (Sampling) 
Chain 1 Iteration: 3100 / 3500 [ 88%]  (Sampling) 
Chain 2 Iteration: 3200 / 3500 [ 91%]  (Sampling) 
Chain 3 Iteration: 3200 / 3500 [ 91%]  (Sampling) 
Chain 1 Iteration: 3200 / 3500 [ 91%]  (Sampling) 
Chain 2 Iteration: 3300 / 3500 [ 94%]  (Sampling) 
Chain 3 Iteration: 3300 / 3500 [ 94%]  (Sampling) 
Chain 1 Iteration: 3300 / 3500 [ 94%]  (Sampling) 
Chain 2 Iteration: 3400 / 3500 [ 97%]  (Sampling) 
Chain 3 Iteration: 3400 / 3500 [ 97%]  (Sampling) 
Chain 2 Iteration: 3500 / 3500 [100%]  (Sampling) 
Chain 1 Iteration: 3400 / 3500 [ 97%]  (Sampling) 
Chain 2 finished in 340123.0 seconds.
Chain 3 Iteration: 3500 / 3500 [100%]  (Sampling) 
Chain 3 finished in 350131.0 seconds.
Chain 1 Iteration: 3500 / 3500 [100%]  (Sampling) 
Chain 1 finished in 351056.0 seconds.

All 3 chains finished successfully.
Mean chain execution time: 347103.3 seconds.
Total execution time: 351057.0 seconds.

Warning: 101 of 6000 (2.0%) transitions ended with a divergence.
See https://mc-stan.org/misc/warnings for details.

Warning: 5899 of 6000 (98.0%) transitions hit the maximum treedepth limit of 10.
See https://mc-stan.org/misc/warnings for details.

[1] "Saving fit object..."
[1] "Calculating summary..."
[1] "Calculating samples..."
[1] "Calculating metadata..."
[1] "Summary of Hyperpriors (mu_*, sigma_*):"
# A tibble: 109 × 10
    variable      mean   median      sd     mad       q5      q95  rhat ess_bulk
    <chr>        <dbl>    <dbl>   <dbl>   <dbl>    <dbl>    <dbl> <dbl>    <dbl>
  1 mu_beta_… -2.58e-1 -0.0480  3.37    3.32    -6.29e+0  4.92     1.03    138. 
  2 mu_beta_… -1.67e-2 -0.0165  0.0196  0.0180  -4.95e-2  0.0153   1.01    151. 
  3 mu_beta_…  9.14e-2  0.0836  0.0731  0.0670  -1.45e-2  0.211    1.09     31.5
  4 mu_beta_…  1.02e-1  0.101   0.0897  0.0866  -4.26e-2  0.246    1.04     50.9
  5 mu_beta_…  1.55e-2  0.0157  0.00862 0.00847  9.06e-4  0.0293   1.03    126. 
  6 mu_beta_…  2.98e-1  0.341   0.512   0.410   -5.86e-1  1.02     1.02    135. 
  7 mu_beta_…  3.32e-2  0.0346  0.0874  0.0786  -1.13e-1  0.168    1.03     94.6
  8 mu_beta_…  7.62e-2  0.0765  0.0753  0.0751  -4.61e-2  0.197    1.03    133. 
  9 mu_beta_…  3.35e-2  0.0300  0.291   0.243   -4.57e-1  0.520    1.02    152. 
 10 mu_beta_…  6.00e-2  0.0556  0.289   0.235   -4.33e-1  0.551    1.02    154. 
 11 mu_beta_…  2.87e-2  0.0281  0.288   0.244   -4.58e-1  0.522    1.02    159. 
 12 mu_beta_… -1.01e-1 -0.0867  0.457   0.344   -9.11e-1  0.586    1.03     84.8
 13 mu_beta_…  3.44e-2  0.0325  0.449   0.337   -7.44e-1  0.726    1.03    105. 
 14 mu_beta_… -8.78e-4  0.00251 0.451   0.336   -8.06e-1  0.696    1.03     97.5
 15 mu_beta_…  3.47e-2  0.0357  0.278   0.253   -4.26e-1  0.529    1.03    119. 
 16 mu_beta_…  8.03e-2  0.0794  0.278   0.246   -3.69e-1  0.591    1.03    116. 
 17 mu_beta_… -5.95e-2 -0.0570  0.277   0.250   -5.22e-1  0.435    1.03    116. 
 18 mu_beta_…  4.99e-2  0.0544  0.108   0.0999  -1.38e-1  0.223    1.02    131. 
 19 mu_beta_…  3.36e-2  0.0300  0.376   0.347   -5.68e-1  0.639    1.02    139. 
 20 mu_beta_…  2.01e-1  0.172   0.515   0.439   -6.26e-1  1.07     1.03    101. 
 21 mu_beta_… -8.98e-2 -0.0874  0.284   0.265   -5.49e-1  0.401    1.04    118. 
 22 mu_beta_…  1.44e-1  0.106   0.776   0.594   -1.06e+0  1.41     1.04    134. 
 23 mu_beta_…  1.75e-1  0.128   0.719   0.550   -9.21e-1  1.34     1.02    165. 
 24 mu_beta_… -2.43e-1 -0.193   0.592   0.497   -1.29e+0  0.689    1.01    210. 
 25 mu_beta_… -7.00e-1 -0.628   0.810   0.749   -2.20e+0  0.479    1.06     66.0
 26 mu_beta_… -2.33e-1 -0.206   0.520   0.430   -1.06e+0  0.520    1.00    265. 
 27 mu_beta_…  4.28e-2  0.0308  0.381   0.319   -5.68e-1  0.643    1.03    103. 
 28 mu_beta_…  2.35e-2  0.0271  0.290   0.272   -4.71e-1  0.500    1.02     82.8
 29 mu_beta_…  1.05e-1  0.0812  0.280   0.257   -3.18e-1  0.604    1.03     72.8
 30 mu_beta_…  1.88e-1  0.163   0.304   0.290   -2.81e-1  0.718    1.03     77.7
 31 mu_beta_…  6.45e-2  0.0520  0.349   0.344   -5.10e-1  0.665    1.01    113. 
 32 mu_beta_…  2.60e-2  0.0236  0.0696  0.0690  -8.69e-2  0.147    1.03     96.9
 33 mu_beta_… -3.53e-2 -0.0360  0.0279  0.0274  -7.92e-2  0.0110   1.01    253. 
 34 mu_beta_…  2.20e-2  0.0215  0.0312  0.0297  -2.81e-2  0.0744   1.02    144. 
 35 mu_beta_… -6.20e-2 -0.0621  0.0308  0.0307  -1.12e-1 -0.0106   1.01    149. 
 36 mu_beta_…  1.42e-1  0.140   0.0308  0.0304   9.27e-2  0.195    1.02    136. 
 37 mu_beta_…  1.13e-1  0.0693  0.516   0.415   -6.38e-1  1.01     1.02    130. 
 38 mu_beta_…  1.90e-1  0.142   0.517   0.418   -5.51e-1  1.09     1.02    129. 
 39 mu_beta_…  9.57e-2  0.0958  0.0570  0.0575   6.43e-4  0.191    1.02    192. 
 40 mu_beta_…  1.82e-2  0.0184  0.0119  0.0118  -1.77e-3  0.0371   1.00    439. 
 41 mu_beta_… -1.69e-2 -0.0168  0.00479 0.00475 -2.49e-2 -0.00910  1.01    510. 
 42 mu_gamma…  5.12e-1  0.520   0.522   0.487   -3.21e-1  1.36     1.03     42.8
 43 mu_gamma… -5.63e-2 -0.0263  1.03    1.03    -1.78e+0  1.59     1.01    344. 
 44 mu_alpha…  2.68e-1  0.272   0.123   0.0956   6.67e-2  0.451    1.08     37.1
 45 mu_alpha…  1.75e-1  0.173   0.104   0.100    4.78e-3  0.346    1.10     31.7
 46 mu_alpha…  5.75e-2  0.0574  0.0125  0.0128   3.69e-2  0.0776   1.02    268. 
 47 mu_alpha…  2.38e-2  0.0238  0.0124  0.0122   3.41e-3  0.0443   1.01    292. 
 48 mu_alpha…  6.06e-2  0.0609  0.0124  0.0124   3.94e-2  0.0807   1.02    277. 
 49 mu_alpha… -1.89e-3 -0.00200 0.0130  0.0126  -2.34e-2  0.0197   1.01    315. 
 50 mu_alpha…  2.93e-2  0.0298  0.0127  0.0128   7.95e-3  0.0495   1.01    341. 
 51 mu_alpha…  5.90e-2  0.0586  0.0149  0.0148   3.57e-2  0.0840   1.02    274. 
 52 mu_alpha…  3.10e-2  0.0308  0.0139  0.0139   8.28e-3  0.0542   1.01    323. 
 53 mu_alpha…  7.04e-2  0.0704  0.0138  0.0135   4.82e-2  0.0935   1.01    362. 
 54 mu_alpha…  4.29e-2  0.0429  0.0147  0.0148   1.87e-2  0.0677   1.02    313. 
 55 mu_alpha…  5.23e-2  0.0522  0.0142  0.0139   2.88e-2  0.0751   1.03    270. 
 56 mu_delta… -1.80e-1 -0.178   0.106   0.0995  -3.56e-1 -0.00573  1.02     87.1
 57 mu_delta…  3.40e-1  0.345   0.179   0.173    3.65e-2  0.633    1.03     94.1
 58 mu_delta… -2.41e-1 -0.242   0.0307  0.0306  -2.89e-1 -0.188    1.01    247. 
 59 mu_delta… -2.28e-1 -0.229   0.0290  0.0290  -2.74e-1 -0.181    1.00    264. 
 60 mu_delta… -5.81e-2 -0.0593  0.0325  0.0320  -1.09e-1 -0.00515  1.02    236. 
 61 mu_delta… -2.45e-2 -0.0239  0.0299  0.0295  -7.45e-2  0.0233   1.00    309. 
 62 mu_delta…  3.33e-3  0.00140 0.0337  0.0324  -4.86e-2  0.0627   1.01    286. 
 63 mu_delta… -3.75e-2 -0.0371  0.0314  0.0309  -8.97e-2  0.0139   1.01    276. 
 64 mu_delta… -1.74e-3 -0.00175 0.0298  0.0292  -5.12e-2  0.0472   1.01    341. 
 65 mu_delta…  1.80e-2  0.0182  0.0309  0.0315  -3.31e-2  0.0687   1.01    327. 
 66 mu_delta… -6.12e-2 -0.0615  0.0302  0.0293  -1.12e-1 -0.0115   1.01    295. 
 67 mu_delta… -1.16e-2 -0.0109  0.0288  0.0297  -5.97e-2  0.0353   1.02    236. 
 68 mu_phi_l…  1.35e+0  1.34    0.255   0.226    9.65e-1  1.81     1.04     60.3
 69 sigma_be…  2.31e+0  2.09    1.49    1.32     4.13e-1  5.26     1.06     45.2
 70 sigma_be…  5.56e-2  0.0528  0.0225  0.0189   2.61e-2  0.0959   1.02    186. 
 71 sigma_be…  2.48e-1  0.239   0.0564  0.0499   1.70e-1  0.351    1.03    199. 
 72 sigma_be…  2.96e-1  0.281   0.0815  0.0706   1.92e-1  0.443    1.02    124. 
 73 sigma_be…  1.95e-2  0.0179  0.00867 0.00765  8.37e-3  0.0356   1.01    240. 
 74 sigma_be…  1.83e-1  0.173   0.0576  0.0513   1.09e-1  0.293    1.02    133. 
 75 sigma_be…  2.51e-1  0.228   0.129   0.110    9.06e-2  0.493    1.01    154. 
 76 sigma_be…  2.23e-1  0.208   0.0817  0.0682   1.24e-1  0.376    1.02    170. 
 77 sigma_be…  1.71e-1  0.161   0.0894  0.0774   4.54e-2  0.331    1.02    119. 
 78 sigma_be…  1.27e-1  0.109   0.0963  0.0908   1.04e-2  0.307    1.10     32.5
 79 sigma_be…  1.25e-1  0.111   0.0875  0.0839   1.18e-2  0.286    1.01    121. 
 80 sigma_be…  3.29e-1  0.309   0.125   0.113    1.60e-1  0.554    1.03    141. 
 81 sigma_be…  1.39e-1  0.123   0.0982  0.0949   1.33e-2  0.318    1.04    114. 
 82 sigma_be…  7.51e-2  0.0594  0.0629  0.0537   5.78e-3  0.195    1.01    186. 
 83 sigma_be…  1.56e-1  0.143   0.0779  0.0663   4.82e-2  0.300    1.03    122. 
 84 sigma_be…  8.37e-2  0.0713  0.0657  0.0602   7.98e-3  0.206    1.02    119. 
 85 sigma_be…  1.19e-1  0.110   0.0757  0.0759   1.38e-2  0.251    1.01    142. 
 86 sigma_be…  2.70e-1  0.252   0.105   0.0824   1.33e-1  0.465    1.02     99.3
 87 sigma_be…  2.62e-1  0.251   0.109   0.0897   1.06e-1  0.458    1.04     88.8
 88 sigma_be…  2.86e-1  0.270   0.0985  0.0807   1.62e-1  0.461    1.01    143. 
 89 sigma_be…  2.99e-1  0.280   0.111   0.0958   1.50e-1  0.511    1.06     79.2
 90 sigma_be…  7.66e-1  0.572   0.748   0.562    3.66e-2  2.18     1.01    334. 
 91 sigma_be…  7.93e-1  0.590   0.766   0.560    5.01e-2  2.21     1.00    325. 
 92 sigma_be…  1.03e+0  0.875   0.774   0.622    1.36e-1  2.51     1.03    221. 
 93 sigma_be…  1.41e+0  1.21    0.758   0.518    6.09e-1  2.79     1.01    258. 
 94 sigma_be…  9.25e-1  0.748   0.731   0.492    2.23e-1  2.21     1.01    229. 
 95 sigma_be…  8.34e-1  0.761   0.336   0.261    4.35e-1  1.50     1.01    179. 
 96 sigma_be…  3.02e-1  0.278   0.135   0.118    1.30e-1  0.559    1.04     94.0
 97 sigma_be…  1.28e-1  0.106   0.102   0.0923   9.94e-3  0.320    1.03    118. 
 98 sigma_be…  1.48e-1  0.129   0.105   0.0946   1.66e-2  0.341    1.05     72.8
 99 sigma_be…  4.13e-1  0.394   0.145   0.138    2.16e-1  0.686    1.02    152. 
100 sigma_be…  6.21e-2  0.0570  0.0307  0.0267   2.11e-2  0.118    1.01    147. 
101 sigma_ga…  1.97e+0  1.91    0.555   0.522    1.20e+0  2.97     1.02    129. 
102 sigma_ga…  1.00e+0  0.695   1.16    0.654    7.22e-2  2.85     1.01    245. 
103 sigma_al…  3.17e-1  0.302   0.0870  0.0701   2.10e-1  0.483    1.02    112. 
104 sigma_al…  3.09e-1  0.290   0.105   0.0929   1.78e-1  0.501    1.01    140. 
105 sigma_de…  2.70e-1  0.251   0.105   0.0935   1.37e-1  0.472    1.02     97.6
106 sigma_de…  5.80e-1  0.560   0.149   0.126    3.87e-1  0.856    1.04    141. 
107 sigma_ph…  9.46e-1  0.919   0.214   0.177    6.72e-1  1.28     1.06    121. 
108 sigma_ga…  1.13e+0  0.816   1.23    0.758    7.96e-2  3.14     1.00    429. 
109 sigma_ga…  1.05e+0  0.749   1.12    0.739    6.18e-2  3.01     1.01    248. 
# ℹ 1 more variable: ess_tail <dbl>
[1] "Calculating lambda_mean..."
[1] "Calculating lambda_test_mean..."
[1] "Calculating y_rep_mean..."
[1] "Calculating y_test_rep_mean..."
[1] "Generating plots..."
 [1] "exposure_2HRX9P6HKXA8V_1" "exposure_78AY09MVJVTYE_1"
 [3] "exposure_9XKJD8DQTH559_1" "exposure_CB2KHY1C2G9PT_1"
 [5] "exposure_ED5J990H5VAZT_1" "exposure_EMBVNVD207CC6_1"
 [7] "exposure_L69HYJ4Y3TR91_1" "exposure_LBZEEFSBJNB3Z_1"
 [9] "exposure_LQ5EH4BKGV61T_1" "exposure_SAFK7ND1HR6XS_1"
[11] "exposure_V3Q26BHF3SE2H_1"
[1] 11
Adding missing grouping variables: `location_id_num`
[1] "Skipping daily plot for 2HRX9P6HKXA8V due to missing daily data."
[1] "Skipping daily plot for ED5J990H5VAZT due to missing daily data."
[1] "Skipping daily plot for L69HYJ4Y3TR91 due to missing daily data."
[1] "Skipping daily plot for 78AY09MVJVTYE due to missing daily data."
[1] "Skipping daily plot for 9XKJD8DQTH559 due to missing daily data."
[1] "Skipping daily plot for CB2KHY1C2G9PT due to missing daily data."
[1] "Skipping daily plot for EMBVNVD207CC6 due to missing daily data."
[1] "Skipping daily plot for LBZEEFSBJNB3Z due to missing daily data."
[1] "Skipping daily plot for LQ5EH4BKGV61T due to missing daily data."
[1] "Skipping daily plot for SAFK7ND1HR6XS due to missing daily data."
[1] "Skipping daily plot for V3Q26BHF3SE2H due to missing daily data."
[1] "Skipping MLflow logging as existing fit file was loaded."
[1] "Done."
           used  (Mb) gc trigger    (Mb)   max used    (Mb)
Ncells  5176852 276.5    8497253   453.9    8497253   453.9
Vcells 12409660  94.7 1869293683 14261.6 2323178624 17724.5
Warning messages:
1: Dropping 'draws_df' class as required metadata was removed. 
2: Dropping 'draws_df' class as required metadata was removed. 
3: Dropping 'draws_df' class as required metadata was removed. 
4: Dropping 'draws_df' class as required metadata was removed. 
