- The project is out-of-sync -- use `renv::status()` for details.
Warning message:
renv took longer than expected (24 seconds) to activate the sandbox.

The sandbox can be disabled by setting:

    RENV_CONFIG_SANDBOX_ENABLED = FALSE

within an appropriate start-up .Renviron file.

See `?renv::config` for more details. 
── Attaching core tidyverse packages ──────────────────────── tidyverse 2.0.0 ──
✔ dplyr     1.1.4     ✔ readr     2.1.5
✔ forcats   1.0.0     ✔ stringr   1.5.1
✔ ggplot2   3.5.1     ✔ tibble    3.2.1
✔ lubridate 1.9.4     ✔ tidyr     1.3.1
✔ purrr     1.0.4     
[conflicted] Will prefer dplyr::select over any other package.
[conflicted] Will prefer dplyr::filter over any other package.
[conflicted] Will prefer lubridate::year over any other package.
[conflicted] Will prefer lubridate::month over any other package.
[conflicted] Will prefer purrr::map over any other package.
[conflicted] Will prefer stats::sd over any other package.
[conflicted] Will prefer base::match over any other package.
This is cmdstanr version 0.9.0
- CmdStanR documentation and vignettes: mc-stan.org/cmdstanr
- CmdStan path: /home/nuttidalab/.cmdstan/cmdstan-2.36.0
- CmdStan version: 2.36.0

A newer version of CmdStan is available. See ?install_cmdstan() to install it.
To disable this check set option or environment variable cmdstanr_no_ver_check=TRUE.
This is posterior version 1.6.0
Registered S3 method overwritten by 'tsibble':
  method               from 
  as_tibble.grouped_df dplyr
── Attaching packages ──────────────────────────────────────────── fpp3 1.0.1 ──
✔ tsibble     1.1.6     ✔ feasts      0.4.1
✔ tsibbledata 0.4.1     ✔ fable       0.4.1
Loading required package: R.oo
Loading required package: R.methodsS3
R.methodsS3 v1.8.2 (2022-06-13 22:00:14 UTC) successfully loaded. See ?R.methodsS3 for help.
R.oo v1.27.0 (2024-11-01 18:00:02 UTC) successfully loaded. See ?R.oo for help.

Attaching package: ‘R.oo’

The following object is masked from ‘package:R.methodsS3’:

    throw

The following object is masked from ‘package:shiny’:

    printStackTrace

The following object is masked from ‘package:renv’:

    load

The following objects are masked from ‘package:methods’:

    getClasses, getMethods

The following objects are masked from ‘package:base’:

    attach, detach, load, save

R.utils v2.13.0 (2025-02-24 21:20:02 UTC) successfully loaded. See ?R.utils for help.
Registered S3 method overwritten by 'quantmod':
  method            from
  as.zoo.data.frame zoo 
Registered S3 methods overwritten by 'bayesforecast':
  method      from    
  autoplot.ts forecast
  forecast.ts forecast
  fortify.ts  forecast
  print.garch tseries 
[1] "# of rows: 34628"
[1] "# of rows: 8323"
[1] "Found 14 exposure columns in the data: exposure_VLZX7K2M9QD4T_1, exposure_SRQS8F7JWA9MZ_1, exposure_SRQS8F7JWA9MZ_2, exposure_2HRX9P6HKXA8V_1, exposure_JHDN7CF1C03X5_1, exposure_L69HYJ4Y3TR91_1, exposure_ED5J990H5VAZT_1, exposure_VLZX7K2M9QD4T_1_slope, exposure_SRQS8F7JWA9MZ_1_slope, exposure_SRQS8F7JWA9MZ_2_slope, exposure_2HRX9P6HKXA8V_1_slope, exposure_JHDN7CF1C03X5_1_slope, exposure_L69HYJ4Y3TR91_1_slope, exposure_ED5J990H5VAZT_1_slope"
Numeric columns considered for scaling:
vegan_window_sum_item_quantity,
vegetarian_window_sum_item_quantity,
meat_window_sum_item_quantity,
vegan_window_avg_item_price,
vegetarian_window_avg_item_price,
meat_window_avg_item_price,
breakfast_p_window_avg_item_price,
textured_p_window_avg_item_price,
untextured_p_window_avg_item_price,
chicken_p_window_avg_item_price,
dairy_p_window_avg_item_price,
egg_p_window_avg_item_price,
breakfast_window_avg_item_price,
textured_window_avg_item_price,
untextured_window_avg_item_price,
breakfast_t2_window_avg_item_price,
textured_t2_window_avg_item_price,
untextured_t2_window_avg_item_price,
chicken_t2_window_avg_item_price,
dairy_t2_window_avg_item_price,
day_of_month,
__index_level_0__,
Value,
vegan_price_real,
vegetarian_price_real,
meat_price_real,
breakfast_p_price_real,
textured_p_price_real,
untextured_p_price_real,
chicken_p_price_real,
dairy_p_price_real,
egg_p_price_real,
breakfast_price_real,
textured_price_real,
untextured_price_real,
breakfast_t2_price_real,
textured_t2_price_real,
untextured_t2_price_real,
chicken_t2_price_real,
dairy_t2_price_real,
inflation,
temp,
precip[1] "Successfully created `expo_to_rest` mapping."
[1] "Successfully created `expo_to_param` mapping."
Identified 14 exposure columns in the design matrix: 
exposure_VLZX7K2M9QD4T_1, 
exposure_SRQS8F7JWA9MZ_1, 
exposure_SRQS8F7JWA9MZ_2, 
exposure_2HRX9P6HKXA8V_1, 
exposure_JHDN7CF1C03X5_1, 
exposure_L69HYJ4Y3TR91_1, 
exposure_ED5J990H5VAZT_1, 
exposure_VLZX7K2M9QD4T_1_slope, 
exposure_SRQS8F7JWA9MZ_1_slope, 
exposure_SRQS8F7JWA9MZ_2_slope, 
exposure_2HRX9P6HKXA8V_1_slope, 
exposure_JHDN7CF1C03X5_1_slope, 
exposure_L69HYJ4Y3TR91_1_slope, 
exposure_ED5J990H5VAZT_1_slope
Identified 30 random beta columns: 
vegan_price_real, 
vegetarian_price_real, 
meat_price_real, 
weekend, 
holiday_window, 
month_cat2, 
month_cat3, 
month_cat4, 
month_cat5, 
month_cat6, 
month_cat7, 
month_cat8, 
month_cat9, 
month_cat10, 
month_cat11, 
month_cat12, 
seasonspring, 
seasonsummer, 
seasonwinter, 
year_cat2014, 
year_cat2015, 
year_cat2016, 
year_cat2017, 
year_cat2018, 
year_cat2019, 
year_cat2020, 
year_cat2021, 
year_cat2022, 
year_cat2023, 
date_num
Identified 9 fixed beta columns: 
day_of_week_cat1, 
day_of_week_cat2, 
day_of_week_cat3, 
day_of_week_cat4, 
day_of_week_cat5, 
day_of_week_cat6, 
inflation, 
temp, 
precip
Identified 2 random alpha indices (positions): 
1, 7
Identified 2 random delta indices (positions): 
1, 7
[1] "Loading known ZI probabilities from: model_fits/finalized_redone_zi/its/total"
[1] "Per-restaurant pi_known: 0.0202, 0.0277, 0.0335, 0.0625, 0.012, 0.0956"
$R
[1] 6

$J
[1] 54

$p_effective
[1] 12

$q_effective
[1] 12

$M
[1] 2

$idx_intercept
[1] 1

$K_beta_random
[1] 30

$idx_beta_random
[1] 2 3 4 5 6 7

$K_beta_fixed
[1] 9

$idx_beta_fixed
[1] 32 33 34 35 36 37

$K_exposure
[1] 14

$idx_exposure
[1] 41 42 43 44 45 46

$expo_to_rest
[1] 1 2 2 3 4 5

$expo_to_param
[1] 1 1 1 1 1 1

$effective_lags_alpha
[1] 1 2 3 4 5 6

$K_alpha_random
[1] 2

$idx_alpha_random
[1] 1 7

$K_alpha_fixed
[1] 10

$idx_alpha_fixed
[1] 2 3 4 5 6 8

$effective_lags_delta
[1] 1 2 3 4 5 6

$K_delta_random
[1] 2

$idx_delta_random
[1] 1 7

$K_delta_fixed
[1] 10

$idx_delta_fixed
[1] 2 3 4 5 6 8

$N_train
[1] 7904

$X_train
  (Intercept) vegan_price_real vegetarian_price_real meat_price_real weekend
1           1       0.40385051             1.0711448     -0.02610961       1
2           1       1.25862927             0.3248613     -0.36300612       0
3           1       0.04434255             0.8651994      0.02587027       0
4           1       1.27233854             2.1529520     -0.34176686       0
5           1       0.32778335             0.2231908     -0.48801448       0
6           1       0.02400521             0.7189555      0.37959151       0
  holiday_window month_cat2 month_cat3 month_cat4 month_cat5 month_cat6
1              0          0          0          1          0          0
2              0          0          0          1          0          0
3              0          0          0          1          0          0
4              0          0          0          1          0          0
5              0          0          0          1          0          0
6              0          0          0          1          0          0
  month_cat7 month_cat8 month_cat9 month_cat10 month_cat11 month_cat12
1          0          0          0           0           0           0
2          0          0          0           0           0           0
3          0          0          0           0           0           0
4          0          0          0           0           0           0
5          0          0          0           0           0           0
6          0          0          0           0           0           0
  seasonspring seasonsummer seasonwinter year_cat2014 year_cat2015 year_cat2016
1            1            0            0            0            0            0
2            1            0            0            0            0            0
3            1            0            0            0            0            0
4            1            0            0            0            0            0
5            1            0            0            0            0            0
6            1            0            0            0            0            0
  year_cat2017 year_cat2018 year_cat2019 year_cat2020 year_cat2021 year_cat2022
1            0            0            0            0            1            0
2            0            0            0            0            1            0
3            0            0            0            0            1            0
4            0            0            0            0            1            0
5            0            0            0            0            1            0
6            0            0            0            0            1            0
  year_cat2023 date_num day_of_week_cat1 day_of_week_cat2 day_of_week_cat3
1            0 51.29363                0                0                0
2            0 51.29637                0                0                0
3            0 51.29911                1                0                0
4            0 51.30185                0                1                0
5            0 51.30459                0                0                1
6            0 51.30732                0                0                0
  day_of_week_cat4 day_of_week_cat5 day_of_week_cat6 inflation       temp
1                0                0                1 -1.756041  0.2058671
2                0                0                0 -1.756041 -0.9171702
3                0                0                0 -1.756041 -0.8251179
4                0                0                0 -1.756041 -1.3222000
5                0                0                0 -1.756041 -1.4326627
6                1                0                0 -1.756041 -0.7146553
      precip exposure_VLZX7K2M9QD4T_1 exposure_SRQS8F7JWA9MZ_1
1 -0.1813815                 0                        0
2 -0.1813815                 0                        0
3 -0.1813815                 0                        0
4 -0.1813815                 0                        0
5 -0.1813815                 0                        0
6 -0.1813815                 0                        0
  exposure_SRQS8F7JWA9MZ_2 exposure_2HRX9P6HKXA8V_1 exposure_JHDN7CF1C03X5_1
1                        0                        0                        0
2                        0                        0                        0
3                        0                        0                        0
4                        0                        0                        0
5                        0                        0                        0
6                        0                        0                        0
  exposure_L69HYJ4Y3TR91_1 exposure_ED5J990H5VAZT_1 exposure_VLZX7K2M9QD4T_1_slope
1                        0                        0                       0
2                        0                        0                       0
3                        0                        0                       0
4                        0                        0                       0
5                        0                        0                       0
6                        0                        0                       0
  exposure_SRQS8F7JWA9MZ_1_slope exposure_SRQS8F7JWA9MZ_2_slope
1                              0                              0
2                              0                              0
3                              0                              0
4                              0                              0
5                              0                              0
6                              0                              0
  exposure_2HRX9P6HKXA8V_1_slope exposure_JHDN7CF1C03X5_1_slope
1                              0                              0
2                              0                              0
3                              0                              0
4                              0                              0
5                              0                              0
6                              0                              0
  exposure_L69HYJ4Y3TR91_1_slope exposure_ED5J990H5VAZT_1_slope
1                              0                              0
2                              0                              0
3                              0                              0
4                              0                              0
5                              0                              0
6                              0                              0

$y_train
[1] 2126 1806 1732 1749 1896 1892

$idx_to_rest_train
[1] 1 1 1 1 1 1

$train_start_idx
[1]    1  347 1854 3442 4969 5287

$train_end_idx
[1]  346 1853 3441 4968 5286 7904

$N_test
[1] 419

$X_test
  (Intercept) vegan_price_real vegetarian_price_real meat_price_real weekend
1           1       -0.6859547            -0.9966515      -1.1888650       0
2           1        0.2629068            -1.2499632      -0.1869330       0
3           1       -0.4985976            -0.5248328      -0.7860672       0
4           1       -2.1638568            -2.8208443      -0.8300695       1
5           1       -1.2945464            -1.4078756      -1.0676717       1
6           1        0.9682882            -0.8194044      -0.8264540       0
  holiday_window month_cat2 month_cat3 month_cat4 month_cat5 month_cat6
1              0          0          1          0          0          0
2              0          0          1          0          0          0
3              0          0          0          1          0          0
4              0          0          0          1          0          0
5              0          0          0          1          0          0
6              0          0          0          1          0          0
  month_cat7 month_cat8 month_cat9 month_cat10 month_cat11 month_cat12
1          0          0          0           0           0           0
2          0          0          0           0           0           0
3          0          0          0           0           0           0
4          0          0          0           0           0           0
5          0          0          0           0           0           0
6          0          0          0           0           0           0
  seasonspring seasonsummer seasonwinter year_cat2014 year_cat2015 year_cat2016
1            1            0            0            0            0            0
2            1            0            0            0            0            0
3            1            0            0            0            0            0
4            1            0            0            0            0            0
5            1            0            0            0            0            0
6            1            0            0            0            0            0
  year_cat2017 year_cat2018 year_cat2019 year_cat2020 year_cat2021 year_cat2022
1            0            0            0            0            0            1
2            0            0            0            0            0            1
3            0            0            0            0            0            1
4            0            0            0            0            0            1
5            0            0            0            0            0            1
6            0            0            0            0            0            1
  year_cat2023 date_num day_of_week_cat1 day_of_week_cat2 day_of_week_cat3
1            0 52.24093                0                1                0
2            0 52.24367                0                0                1
3            0 52.24641                0                0                0
4            0 52.24914                0                0                0
5            0 52.25188                0                0                0
6            0 52.25462                0                0                0
  day_of_week_cat4 day_of_week_cat5 day_of_week_cat6 inflation       temp
1                0                0                0  1.437193 -0.8251179
2                0                0                0  1.437193 -0.4016777
3                1                0                0  1.737714 -0.2912150
4                0                1                0  1.737714  0.4083820
5                0                0                1  1.737714 -0.3096254
6                0                0                0  1.737714 -0.6041926
      precip exposure_VLZX7K2M9QD4T_1 exposure_SRQS8F7JWA9MZ_1
1 -0.1813815                 1                        0
2 -0.1813815                 1                        0
3 -0.1813815                 1                        0
4 -0.1813815                 1                        0
5 -0.1813815                 1                        0
6 -0.1813815                 1                        0
  exposure_SRQS8F7JWA9MZ_2 exposure_2HRX9P6HKXA8V_1 exposure_JHDN7CF1C03X5_1
1                        0                        0                        0
2                        0                        0                        0
3                        0                        0                        0
4                        0                        0                        0
5                        0                        0                        0
6                        0                        0                        0
  exposure_L69HYJ4Y3TR91_1 exposure_ED5J990H5VAZT_1 exposure_VLZX7K2M9QD4T_1_slope
1                        0                        0               0.4462697
2                        0                        0               0.4490075
3                        0                        0               0.4517454
4                        0                        0               0.4544832
5                        0                        0               0.4572211
6                        0                        0               0.4599589
  exposure_SRQS8F7JWA9MZ_1_slope exposure_SRQS8F7JWA9MZ_2_slope
1                              0                              0
2                              0                              0
3                              0                              0
4                              0                              0
5                              0                              0
6                              0                              0
  exposure_2HRX9P6HKXA8V_1_slope exposure_JHDN7CF1C03X5_1_slope
1                              0                              0
2                              0                              0
3                              0                              0
4                              0                              0
5                              0                              0
6                              0                              0
  exposure_L69HYJ4Y3TR91_1_slope exposure_ED5J990H5VAZT_1_slope
1                              0                              0
2                              0                              0
3                              0                              0
4                              0                              0
5                              0                              0
6                              0                              0

$y_test
[1] 2095 2222 2084 1998 2014 2059

$idx_to_rest_test
[1] 1 1 1 1 1 1

$test_start_idx
[1]   1  20 100 184 265 282

$test_end_idx
[1]  19  99 183 264 281 419

$N_zeros
[1] 1219

$idx_zeros
[1]  78 222 240 251 252 253

$mu_gamma_scale
[1] 1

$sigma_gamma_between_scale
[1] 1

$sigma_gamma_within_scale
[1] 1

$mu_beta_scale
[1] 1

$sigma_beta_scale
[1] 1

$mu_alpha_scale
[1] 1

$sigma_alpha_scale
[1] 1

$mu_delta_scale
[1] 1

$sigma_delta_scale
[1] 1

$mu_phi_log_scale
[1] 1

$sigma_phi_log_scale
[1] 1

$z_eta_scale
[1] 3

$z_gamma_scale
[1] 3

$z_beta_scale
[1] 3

$z_ingarch_scale
[1] 3

$pi_known
[1] 0.02018628 0.02773402 0.03351107 0.06253786 0.01204314 0.09561896

[1] "Using Stan model: model_multilevel_transfer_zi_data.stan"
[1] "Fitting the multilevel model..."
Running MCMC with 2 parallel chains...

Chain 1 Informational Message: The current Metropolis proposal is about to be rejected because of the following issue:
Chain 1 Exception: neg_binomial_2_lpmf: Location parameter[1] is -nan, but must be positive finite! (in '/tmp/RtmpJqfHmu/model-2cbf9617ca6050.stan', line 451, column 2 to column 59)
Chain 1 If this warning occurs sporadically, such as for highly constrained variable types like covariance matrices, then the sampler is fine,
Chain 1 but if this warning occurs often then your model may be either severely ill-conditioned or misspecified.
Chain 1 
Chain 1 Informational Message: The current Metropolis proposal is about to be rejected because of the following issue:
Chain 1 Exception: neg_binomial_2_lpmf: Location parameter[1] is -nan, but must be positive finite! (in '/tmp/RtmpJqfHmu/model-2cbf9617ca6050.stan', line 451, column 2 to column 59)
Chain 1 If this warning occurs sporadically, such as for highly constrained variable types like covariance matrices, then the sampler is fine,
Chain 1 but if this warning occurs often then your model may be either severely ill-conditioned or misspecified.
Chain 1 
Chain 1 Informational Message: The current Metropolis proposal is about to be rejected because of the following issue:
Chain 1 Exception: neg_binomial_2_lpmf: Location parameter[1] is -nan, but must be positive finite! (in '/tmp/RtmpJqfHmu/model-2cbf9617ca6050.stan', line 451, column 2 to column 59)
Chain 1 If this warning occurs sporadically, such as for highly constrained variable types like covariance matrices, then the sampler is fine,
Chain 1 but if this warning occurs often then your model may be either severely ill-conditioned or misspecified.
Chain 1 
Chain 2 Informational Message: The current Metropolis proposal is about to be rejected because of the following issue:
Chain 2 Exception: neg_binomial_2_lpmf: Location parameter[1] is -nan, but must be positive finite! (in '/tmp/RtmpJqfHmu/model-2cbf9617ca6050.stan', line 451, column 2 to column 59)
Chain 2 If this warning occurs sporadically, such as for highly constrained variable types like covariance matrices, then the sampler is fine,
Chain 2 but if this warning occurs often then your model may be either severely ill-conditioned or misspecified.
Chain 2 
Chain 2 Informational Message: The current Metropolis proposal is about to be rejected because of the following issue:
Chain 2 Exception: neg_binomial_2_lpmf: Location parameter[1] is -nan, but must be positive finite! (in '/tmp/RtmpJqfHmu/model-2cbf9617ca6050.stan', line 451, column 2 to column 59)
Chain 2 If this warning occurs sporadically, such as for highly constrained variable types like covariance matrices, then the sampler is fine,
Chain 2 but if this warning occurs often then your model may be either severely ill-conditioned or misspecified.
Chain 2 
Chain 1 Informational Message: The current Metropolis proposal is about to be rejected because of the following issue:
Chain 1 Exception: neg_binomial_2_lpmf: Location parameter[1] is -nan, but must be positive finite! (in '/tmp/RtmpJqfHmu/model-2cbf9617ca6050.stan', line 451, column 2 to column 59)
Chain 1 If this warning occurs sporadically, such as for highly constrained variable types like covariance matrices, then the sampler is fine,
Chain 1 but if this warning occurs often then your model may be either severely ill-conditioned or misspecified.
Chain 1 
Chain 1 Informational Message: The current Metropolis proposal is about to be rejected because of the following issue:
Chain 1 Exception: neg_binomial_2_lpmf: Location parameter[1] is -nan, but must be positive finite! (in '/tmp/RtmpJqfHmu/model-2cbf9617ca6050.stan', line 451, column 2 to column 59)
Chain 1 If this warning occurs sporadically, such as for highly constrained variable types like covariance matrices, then the sampler is fine,
Chain 1 but if this warning occurs often then your model may be either severely ill-conditioned or misspecified.
Chain 1 
Chain 2 Informational Message: The current Metropolis proposal is about to be rejected because of the following issue:
Chain 2 Exception: neg_binomial_2_lpmf: Location parameter[1] is -nan, but must be positive finite! (in '/tmp/RtmpJqfHmu/model-2cbf9617ca6050.stan', line 451, column 2 to column 59)
Chain 2 If this warning occurs sporadically, such as for highly constrained variable types like covariance matrices, then the sampler is fine,
Chain 2 but if this warning occurs often then your model may be either severely ill-conditioned or misspecified.
Chain 2 
Chain 1 Informational Message: The current Metropolis proposal is about to be rejected because of the following issue:
Chain 1 Exception: neg_binomial_2_lpmf: Location parameter[1] is 0, but must be positive finite! (in '/tmp/RtmpJqfHmu/model-2cbf9617ca6050.stan', line 451, column 2 to column 59)
Chain 1 If this warning occurs sporadically, such as for highly constrained variable types like covariance matrices, then the sampler is fine,
Chain 1 but if this warning occurs often then your model may be either severely ill-conditioned or misspecified.
Chain 1 
Chain 2 Informational Message: The current Metropolis proposal is about to be rejected because of the following issue:
Chain 2 Exception: neg_binomial_2_lpmf: Location parameter[1] is -nan, but must be positive finite! (in '/tmp/RtmpJqfHmu/model-2cbf9617ca6050.stan', line 451, column 2 to column 59)
Chain 2 If this warning occurs sporadically, such as for highly constrained variable types like covariance matrices, then the sampler is fine,
Chain 2 but if this warning occurs often then your model may be either severely ill-conditioned or misspecified.
Chain 2 
Chain 1 Informational Message: The current Metropolis proposal is about to be rejected because of the following issue:
Chain 1 Exception: neg_binomial_2_lpmf: Location parameter[1] is 0, but must be positive finite! (in '/tmp/RtmpJqfHmu/model-2cbf9617ca6050.stan', line 451, column 2 to column 59)
Chain 1 If this warning occurs sporadically, such as for highly constrained variable types like covariance matrices, then the sampler is fine,
Chain 1 but if this warning occurs often then your model may be either severely ill-conditioned or misspecified.
Chain 1 
Chain 2 Informational Message: The current Metropolis proposal is about to be rejected because of the following issue:
Chain 2 Exception: neg_binomial_2_lpmf: Location parameter[1] is -nan, but must be positive finite! (in '/tmp/RtmpJqfHmu/model-2cbf9617ca6050.stan', line 451, column 2 to column 59)
Chain 2 If this warning occurs sporadically, such as for highly constrained variable types like covariance matrices, then the sampler is fine,
Chain 2 but if this warning occurs often then your model may be either severely ill-conditioned or misspecified.
Chain 2 
Chain 1 Informational Message: The current Metropolis proposal is about to be rejected because of the following issue:
Chain 1 Exception: neg_binomial_2_lpmf: Location parameter[1] is 0, but must be positive finite! (in '/tmp/RtmpJqfHmu/model-2cbf9617ca6050.stan', line 451, column 2 to column 59)
Chain 1 If this warning occurs sporadically, such as for highly constrained variable types like covariance matrices, then the sampler is fine,
Chain 1 but if this warning occurs often then your model may be either severely ill-conditioned or misspecified.
Chain 1 
Chain 2 Informational Message: The current Metropolis proposal is about to be rejected because of the following issue:
Chain 2 Exception: neg_binomial_2_lpmf: Location parameter[1] is 0, but must be positive finite! (in '/tmp/RtmpJqfHmu/model-2cbf9617ca6050.stan', line 451, column 2 to column 59)
Chain 2 If this warning occurs sporadically, such as for highly constrained variable types like covariance matrices, then the sampler is fine,
Chain 2 but if this warning occurs often then your model may be either severely ill-conditioned or misspecified.
Chain 2 
Chain 1 Informational Message: The current Metropolis proposal is about to be rejected because of the following issue:
Chain 1 Exception: neg_binomial_2_lpmf: Location parameter[1] is inf, but must be positive finite! (in '/tmp/RtmpJqfHmu/model-2cbf9617ca6050.stan', line 451, column 2 to column 59)
Chain 1 If this warning occurs sporadically, such as for highly constrained variable types like covariance matrices, then the sampler is fine,
Chain 1 but if this warning occurs often then your model may be either severely ill-conditioned or misspecified.
Chain 1 
Chain 2 Informational Message: The current Metropolis proposal is about to be rejected because of the following issue:
Chain 2 Exception: neg_binomial_2_lpmf: Location parameter[1] is 0, but must be positive finite! (in '/tmp/RtmpJqfHmu/model-2cbf9617ca6050.stan', line 451, column 2 to column 59)
Chain 2 If this warning occurs sporadically, such as for highly constrained variable types like covariance matrices, then the sampler is fine,
Chain 2 but if this warning occurs often then your model may be either severely ill-conditioned or misspecified.
Chain 2 
Chain 1 Informational Message: The current Metropolis proposal is about to be rejected because of the following issue:
Chain 1 Exception: neg_binomial_2_lpmf: Location parameter[1] is inf, but must be positive finite! (in '/tmp/RtmpJqfHmu/model-2cbf9617ca6050.stan', line 451, column 2 to column 59)
Chain 1 If this warning occurs sporadically, such as for highly constrained variable types like covariance matrices, then the sampler is fine,
Chain 1 but if this warning occurs often then your model may be either severely ill-conditioned or misspecified.
Chain 1 
Chain 2 Informational Message: The current Metropolis proposal is about to be rejected because of the following issue:
Chain 2 Exception: neg_binomial_2_lpmf: Location parameter[1] is inf, but must be positive finite! (in '/tmp/RtmpJqfHmu/model-2cbf9617ca6050.stan', line 451, column 2 to column 59)
Chain 2 If this warning occurs sporadically, such as for highly constrained variable types like covariance matrices, then the sampler is fine,
Chain 2 but if this warning occurs often then your model may be either severely ill-conditioned or misspecified.
Chain 2 
Chain 1 Informational Message: The current Metropolis proposal is about to be rejected because of the following issue:
Chain 1 Exception: neg_binomial_2_lpmf: Location parameter[1] is inf, but must be positive finite! (in '/tmp/RtmpJqfHmu/model-2cbf9617ca6050.stan', line 451, column 2 to column 59)
Chain 1 If this warning occurs sporadically, such as for highly constrained variable types like covariance matrices, then the sampler is fine,
Chain 1 but if this warning occurs often then your model may be either severely ill-conditioned or misspecified.
Chain 1 
Chain 2 Informational Message: The current Metropolis proposal is about to be rejected because of the following issue:
Chain 2 Exception: neg_binomial_2_lpmf: Location parameter[1] is inf, but must be positive finite! (in '/tmp/RtmpJqfHmu/model-2cbf9617ca6050.stan', line 451, column 2 to column 59)
Chain 2 If this warning occurs sporadically, such as for highly constrained variable types like covariance matrices, then the sampler is fine,
Chain 2 but if this warning occurs often then your model may be either severely ill-conditioned or misspecified.
Chain 2 
Chain 1 Informational Message: The current Metropolis proposal is about to be rejected because of the following issue:
Chain 1 Exception: neg_binomial_2_lpmf: Location parameter[1] is inf, but must be positive finite! (in '/tmp/RtmpJqfHmu/model-2cbf9617ca6050.stan', line 451, column 2 to column 59)
Chain 1 If this warning occurs sporadically, such as for highly constrained variable types like covariance matrices, then the sampler is fine,
Chain 1 but if this warning occurs often then your model may be either severely ill-conditioned or misspecified.
Chain 1 
Chain 2 Informational Message: The current Metropolis proposal is about to be rejected because of the following issue:
Chain 2 Exception: neg_binomial_2_lpmf: Location parameter[1] is inf, but must be positive finite! (in '/tmp/RtmpJqfHmu/model-2cbf9617ca6050.stan', line 451, column 2 to column 59)
Chain 2 If this warning occurs sporadically, such as for highly constrained variable types like covariance matrices, then the sampler is fine,
Chain 2 but if this warning occurs often then your model may be either severely ill-conditioned or misspecified.
Chain 2 
Chain 1 Informational Message: The current Metropolis proposal is about to be rejected because of the following issue:
Chain 1 Exception: neg_binomial_2_lpmf: Location parameter[78] is 0, but must be positive finite! (in '/tmp/RtmpJqfHmu/model-2cbf9617ca6050.stan', line 451, column 2 to column 59)
Chain 1 If this warning occurs sporadically, such as for highly constrained variable types like covariance matrices, then the sampler is fine,
Chain 1 but if this warning occurs often then your model may be either severely ill-conditioned or misspecified.
Chain 1 
Chain 2 Informational Message: The current Metropolis proposal is about to be rejected because of the following issue:
Chain 2 Exception: neg_binomial_2_lpmf: Location parameter[1] is inf, but must be positive finite! (in '/tmp/RtmpJqfHmu/model-2cbf9617ca6050.stan', line 451, column 2 to column 59)
Chain 2 If this warning occurs sporadically, such as for highly constrained variable types like covariance matrices, then the sampler is fine,
Chain 2 but if this warning occurs often then your model may be either severely ill-conditioned or misspecified.
Chain 2 
Chain 2 Informational Message: The current Metropolis proposal is about to be rejected because of the following issue:
Chain 2 Exception: neg_binomial_2_lpmf: Location parameter[24] is inf, but must be positive finite! (in '/tmp/RtmpJqfHmu/model-2cbf9617ca6050.stan', line 451, column 2 to column 59)
Chain 2 If this warning occurs sporadically, such as for highly constrained variable types like covariance matrices, then the sampler is fine,
Chain 2 but if this warning occurs often then your model may be either severely ill-conditioned or misspecified.
Chain 2 
Chain 2 Informational Message: The current Metropolis proposal is about to be rejected because of the following issue:
Chain 2 Exception: neg_binomial_2_lpmf: Location parameter[127] is 0, but must be positive finite! (in '/tmp/RtmpJqfHmu/model-2cbf9617ca6050.stan', line 451, column 2 to column 59)
Chain 2 If this warning occurs sporadically, such as for highly constrained variable types like covariance matrices, then the sampler is fine,
Chain 2 but if this warning occurs often then your model may be either severely ill-conditioned or misspecified.
Chain 2 
Chain 1 Iteration:    1 / 2200 [  0%]  (Warmup) 
Chain 2 Iteration:    1 / 2200 [  0%]  (Warmup) 
Chain 1 Informational Message: The current Metropolis proposal is about to be rejected because of the following issue:
Chain 1 Exception: neg_binomial_2_lpmf: Location parameter[1] is -nan, but must be positive finite! (in '/tmp/RtmpJqfHmu/model-2cbf9617ca6050.stan', line 451, column 2 to column 59)
Chain 1 If this warning occurs sporadically, such as for highly constrained variable types like covariance matrices, then the sampler is fine,
Chain 1 but if this warning occurs often then your model may be either severely ill-conditioned or misspecified.
Chain 1 
Chain 1 Informational Message: The current Metropolis proposal is about to be rejected because of the following issue:
Chain 1 Exception: neg_binomial_2_lpmf: Location parameter[1] is -nan, but must be positive finite! (in '/tmp/RtmpJqfHmu/model-2cbf9617ca6050.stan', line 451, column 2 to column 59)
Chain 1 If this warning occurs sporadically, such as for highly constrained variable types like covariance matrices, then the sampler is fine,
Chain 1 but if this warning occurs often then your model may be either severely ill-conditioned or misspecified.
Chain 1 
Chain 1 Informational Message: The current Metropolis proposal is about to be rejected because of the following issue:
Chain 1 Exception: neg_binomial_2_lpmf: Location parameter[1] is 0, but must be positive finite! (in '/tmp/RtmpJqfHmu/model-2cbf9617ca6050.stan', line 451, column 2 to column 59)
Chain 1 If this warning occurs sporadically, such as for highly constrained variable types like covariance matrices, then the sampler is fine,
Chain 1 but if this warning occurs often then your model may be either severely ill-conditioned or misspecified.
Chain 1 
Chain 1 Informational Message: The current Metropolis proposal is about to be rejected because of the following issue:
Chain 1 Exception: neg_binomial_2_lpmf: Location parameter[1] is inf, but must be positive finite! (in '/tmp/RtmpJqfHmu/model-2cbf9617ca6050.stan', line 451, column 2 to column 59)
Chain 1 If this warning occurs sporadically, such as for highly constrained variable types like covariance matrices, then the sampler is fine,
Chain 1 but if this warning occurs often then your model may be either severely ill-conditioned or misspecified.
Chain 1 
Chain 2 Informational Message: The current Metropolis proposal is about to be rejected because of the following issue:
Chain 2 Exception: neg_binomial_2_lpmf: Location parameter[1] is -nan, but must be positive finite! (in '/tmp/RtmpJqfHmu/model-2cbf9617ca6050.stan', line 451, column 2 to column 59)
Chain 2 If this warning occurs sporadically, such as for highly constrained variable types like covariance matrices, then the sampler is fine,
Chain 2 but if this warning occurs often then your model may be either severely ill-conditioned or misspecified.
Chain 2 
Chain 2 Informational Message: The current Metropolis proposal is about to be rejected because of the following issue:
Chain 2 Exception: neg_binomial_2_lpmf: Location parameter[1] is -nan, but must be positive finite! (in '/tmp/RtmpJqfHmu/model-2cbf9617ca6050.stan', line 451, column 2 to column 59)
Chain 2 If this warning occurs sporadically, such as for highly constrained variable types like covariance matrices, then the sampler is fine,
Chain 2 but if this warning occurs often then your model may be either severely ill-conditioned or misspecified.
Chain 2 
Chain 2 Informational Message: The current Metropolis proposal is about to be rejected because of the following issue:
Chain 2 Exception: neg_binomial_2_lpmf: Location parameter[1] is 0, but must be positive finite! (in '/tmp/RtmpJqfHmu/model-2cbf9617ca6050.stan', line 451, column 2 to column 59)
Chain 2 If this warning occurs sporadically, such as for highly constrained variable types like covariance matrices, then the sampler is fine,
Chain 2 but if this warning occurs often then your model may be either severely ill-conditioned or misspecified.
Chain 2 
Chain 2 Informational Message: The current Metropolis proposal is about to be rejected because of the following issue:
Chain 2 Exception: neg_binomial_2_lpmf: Location parameter[30] is 0, but must be positive finite! (in '/tmp/RtmpJqfHmu/model-2cbf9617ca6050.stan', line 451, column 2 to column 59)
Chain 2 If this warning occurs sporadically, such as for highly constrained variable types like covariance matrices, then the sampler is fine,
Chain 2 but if this warning occurs often then your model may be either severely ill-conditioned or misspecified.
Chain 2 
Chain 1 Iteration:  100 / 2200 [  4%]  (Warmup) 
Chain 2 Iteration:  100 / 2200 [  4%]  (Warmup) 
Chain 1 Iteration:  200 / 2200 [  9%]  (Warmup) 
Chain 2 Iteration:  200 / 2200 [  9%]  (Warmup) 
Chain 1 Iteration:  300 / 2200 [ 13%]  (Warmup) 
Chain 2 Iteration:  300 / 2200 [ 13%]  (Warmup) 
Chain 1 Iteration:  400 / 2200 [ 18%]  (Warmup) 
Chain 2 Iteration:  400 / 2200 [ 18%]  (Warmup) 
Chain 1 Iteration:  500 / 2200 [ 22%]  (Warmup) 
Chain 2 Iteration:  500 / 2200 [ 22%]  (Warmup) 
Chain 1 Iteration:  600 / 2200 [ 27%]  (Warmup) 
Chain 2 Iteration:  600 / 2200 [ 27%]  (Warmup) 
Chain 1 Iteration:  700 / 2200 [ 31%]  (Warmup) 
Chain 1 Iteration:  701 / 2200 [ 31%]  (Sampling) 
Chain 2 Iteration:  700 / 2200 [ 31%]  (Warmup) 
Chain 2 Iteration:  701 / 2200 [ 31%]  (Sampling) 
Chain 1 Iteration:  800 / 2200 [ 36%]  (Sampling) 
Chain 2 Iteration:  800 / 2200 [ 36%]  (Sampling) 
Chain 1 Iteration:  900 / 2200 [ 40%]  (Sampling) 
Chain 2 Iteration:  900 / 2200 [ 40%]  (Sampling) 
Chain 1 Iteration: 1000 / 2200 [ 45%]  (Sampling) 
Chain 2 Iteration: 1000 / 2200 [ 45%]  (Sampling) 
Chain 1 Iteration: 1100 / 2200 [ 50%]  (Sampling) 
Chain 2 Iteration: 1100 / 2200 [ 50%]  (Sampling) 
Chain 1 Iteration: 1200 / 2200 [ 54%]  (Sampling) 
Chain 2 Iteration: 1200 / 2200 [ 54%]  (Sampling) 
Chain 1 Iteration: 1300 / 2200 [ 59%]  (Sampling) 
Chain 2 Iteration: 1300 / 2200 [ 59%]  (Sampling) 
Chain 2 Iteration: 1400 / 2200 [ 63%]  (Sampling) 
Chain 2 Iteration: 1500 / 2200 [ 68%]  (Sampling) 
Chain 2 Iteration: 1600 / 2200 [ 72%]  (Sampling) 
Chain 1 Iteration: 1400 / 2200 [ 63%]  (Sampling) 
Chain 2 Iteration: 1700 / 2200 [ 77%]  (Sampling) 
Chain 1 Iteration: 1500 / 2200 [ 68%]  (Sampling) 
Chain 2 Iteration: 1800 / 2200 [ 81%]  (Sampling) 
Chain 1 Iteration: 1600 / 2200 [ 72%]  (Sampling) 
Chain 2 Iteration: 1900 / 2200 [ 86%]  (Sampling) 
Chain 1 Iteration: 1700 / 2200 [ 77%]  (Sampling) 
Chain 2 Iteration: 2000 / 2200 [ 90%]  (Sampling) 
Chain 1 Iteration: 1800 / 2200 [ 81%]  (Sampling) 
Chain 2 Iteration: 2100 / 2200 [ 95%]  (Sampling) 
Chain 1 Iteration: 1900 / 2200 [ 86%]  (Sampling) 
Chain 2 Iteration: 2200 / 2200 [100%]  (Sampling) 
Chain 2 finished in 135849.0 seconds.
Chain 1 Iteration: 2000 / 2200 [ 90%]  (Sampling) 
Chain 1 Iteration: 2100 / 2200 [ 95%]  (Sampling) 
Chain 1 Iteration: 2200 / 2200 [100%]  (Sampling) 
Chain 1 finished in 144651.0 seconds.

Both chains finished successfully.
Mean chain execution time: 140250.0 seconds.
Total execution time: 144654.0 seconds.

Warning: 365 of 3000 (12.0%) transitions ended with a divergence.
See https://mc-stan.org/misc/warnings for details.

Warning: 2635 of 3000 (88.0%) transitions hit the maximum treedepth limit of 10.
See https://mc-stan.org/misc/warnings for details.

[1] "Saving fit object..."
[1] "Calculating summary..."
[1] "Calculating samples..."
[1] "Calculating metadata..."
[1] "Summary of Hyperpriors (mu_*, sigma_*):"
# A tibble: 107 × 10
    variable      mean   median      sd     mad       q5      q95  rhat ess_bulk
    <chr>        <dbl>    <dbl>   <dbl>   <dbl>    <dbl>    <dbl> <dbl>    <dbl>
  1 mu_beta_…  0.147    1.60e-1 0.929   0.825   -1.37e+0  1.90     1.06    44.7 
  2 mu_beta_… -0.0298  -1.73e-2 0.0404  0.0341  -9.88e-2  0.0195   1.18     9.02
  3 mu_beta_… -0.00525  1.91e-2 0.104   0.0718  -2.11e-1  0.135    1.57     3.89
  4 mu_beta_…  0.197    1.69e-1 0.178   0.199   -4.22e-2  0.527    2.03     2.79
  5 mu_beta_…  0.157    1.95e-1 0.347   0.329   -4.07e-1  0.711    1.16    15.2 
  6 mu_beta_… -0.0270  -2.59e-2 0.120   0.0923  -2.41e-1  0.159    1.14     9.71
  7 mu_beta_… -0.0671  -7.12e-2 0.0987  0.0801  -2.21e-1  0.126    1.13    19.2 
  8 mu_beta_… -0.0856  -4.68e-3 0.380   0.297   -8.27e-1  0.429    1.39     4.91
  9 mu_beta_… -0.0534   1.33e-2 0.379   0.294   -7.56e-1  0.517    1.32     5.53
 10 mu_beta_… -0.0661  -2.52e-3 0.363   0.276   -7.54e-1  0.475    1.28     6.33
 11 mu_beta_…  0.177    2.06e-1 0.284   0.239   -3.04e-1  0.582    1.15    25.2 
 12 mu_beta_…  0.141    1.70e-1 0.276   0.232   -3.13e-1  0.547    1.16    25.1 
 13 mu_beta_…  0.114    1.26e-1 0.291   0.310   -3.83e-1  0.536    1.14    24.7 
 14 mu_beta_…  0.0361   4.79e-2 0.174   0.174   -2.85e-1  0.315    1.04    44.8 
 15 mu_beta_…  0.0223   4.21e-2 0.164   0.128   -2.85e-1  0.272    1.01    57.6 
 16 mu_beta_… -0.0128   6.37e-3 0.170   0.139   -3.43e-1  0.229    1.02    54.4 
 17 mu_beta_… -0.199   -1.95e-1 0.189   0.208   -4.84e-1  0.0859   1.08    17.6 
 18 mu_beta_…  0.170    1.63e-1 0.414   0.334   -4.95e-1  0.936    1.30     6.46
 19 mu_beta_… -0.0932  -9.74e-2 0.265   0.239   -5.78e-1  0.327    1.08    28.8 
 20 mu_beta_…  0.124    1.51e-1 0.246   0.283   -3.27e-1  0.455    1.02    29.1 
 21 mu_beta_…  0.175    2.54e-2 1.40    0.912   -1.85e+0  2.66     1.06    35.5 
 22 mu_beta_… -0.0899   2.73e-2 1.24    0.802   -2.20e+0  1.88     1.01    94.8 
 23 mu_beta_… -0.304   -3.29e-1 0.644   0.571   -1.37e+0  0.769    1.02    66.2 
 24 mu_beta_… -0.0519   6.06e-3 0.513   0.424   -9.81e-1  0.772    1.11    16.4 
 25 mu_beta_…  0.136    1.61e-1 0.927   0.715   -1.45e+0  1.56     1.29     5.67
 26 mu_beta_…  0.590    5.18e-1 0.724   0.747   -6.17e-1  1.88     1.40     4.70
 27 mu_beta_… -0.0261  -1.06e-1 0.505   0.379   -7.80e-1  0.909    1.08    17.0 
 28 mu_beta_…  0.144    1.42e-1 0.415   0.392   -5.44e-1  0.841    1.23     6.89
 29 mu_beta_… -0.0481  -4.85e-2 0.431   0.400   -7.04e-1  0.740    1.16     9.68
 30 mu_beta_… -0.0657  -7.13e-2 0.626   0.429   -1.01e+0  0.966    1.31     5.21
 31 mu_beta_…  0.0661   6.39e-2 0.0400  0.0364  -1.25e-2  0.130    1.38     4.91
 32 mu_beta_… -0.0261  -2.63e-2 0.00799 0.00903 -3.94e-2 -0.0151   1.03    37.8 
 33 mu_beta_… -0.0192  -2.00e-2 0.00887 0.00937 -3.35e-2 -0.00639  1.04    32.2 
 34 mu_beta_… -0.00729 -8.21e-3 0.00879 0.00941 -2.07e-2  0.00710  1.03    34.8 
 35 mu_beta_…  0.0365   3.56e-2 0.00843 0.00925  2.37e-2  0.0502   1.08    24.0 
 36 mu_beta_… -0.0582  -8.32e-2 0.373   0.324   -6.22e-1  0.570    1.12    12.6 
 37 mu_beta_… -0.0759  -1.02e-1 0.372   0.323   -6.30e-1  0.556    1.12    12.9 
 38 mu_beta_…  0.0229   1.89e-2 0.0446  0.0432  -5.28e-2  0.0970   1.09    21.8 
 39 mu_beta_…  0.0241   2.42e-2 0.00731 0.00804  1.16e-2  0.0354   1.02    76.6 
 40 mu_beta_… -0.0149  -1.51e-2 0.00321 0.00293 -1.99e-2 -0.00954  1.00   177.  
 41 mu_gamma…  0.0103   2.54e-2 0.0763  0.0629  -1.46e-1  0.0967   1.17    22.4 
 42 mu_gamma…  0.337    3.60e-1 0.238   0.191   -6.77e-2  0.683    1.03    43.9 
 43 mu_alpha…  0.243    2.60e-1 0.141   0.131    1.11e-2  0.459    1.61     3.35
 44 mu_alpha…  0.0957   9.97e-2 0.0534  0.0525   1.70e-2  0.176    1.14    10.2 
 45 mu_alpha…  0.0113   1.09e-2 0.00777 0.00718 -1.22e-3  0.0244   1.02    50.6 
 46 mu_alpha… -0.0182  -1.90e-2 0.00734 0.00705 -3.01e-2 -0.00551  1.10    25.8 
 47 mu_alpha…  0.0270   2.67e-2 0.00764 0.00834  1.70e-2  0.0393   1.04    26.6 
 48 mu_alpha…  0.0446   4.48e-2 0.00706 0.00730  3.22e-2  0.0563   1.04    58.7 
 49 mu_alpha…  0.0122   1.14e-2 0.00736 0.00679 -8.31e-5  0.0246   1.03    60.4 
 50 mu_alpha… -0.00862 -8.13e-3 0.0106  0.00949 -2.68e-2  0.00883  1.06    42.9 
 51 mu_alpha…  0.00900  9.06e-3 0.00835 0.00843 -4.83e-3  0.0223   1.02    66.4 
 52 mu_alpha…  0.0162   1.65e-2 0.0104  0.0109   1.31e-3  0.0334   1.20     7.76
 53 mu_alpha…  0.00133  8.93e-4 0.00986 0.0102  -1.43e-2  0.0157   1.03    45.2 
 54 mu_alpha…  0.00585  6.76e-3 0.0101  0.0100  -1.12e-2  0.0220   1.13    13.5 
 55 mu_delta… -0.115   -1.12e-1 0.0628  0.0586  -2.34e-1 -0.0339   1.04    25.4 
 56 mu_delta…  0.630    6.01e-1 0.471   0.463   -1.42e-1  1.42     1.60     3.44
 57 mu_delta… -0.0925  -9.31e-2 0.00803 0.00683 -1.06e-1 -0.0788   1.02    45.7 
 58 mu_delta… -0.0409  -4.00e-2 0.00773 0.00723 -5.43e-2 -0.0285   1.14    13.6 
 59 mu_delta… -0.106   -1.05e-1 0.00749 0.00866 -1.19e-1 -0.0949   1.03    34.4 
 60 mu_delta… -0.0787  -7.88e-2 0.00832 0.00860 -9.02e-2 -0.0641   1.02    53.3 
 61 mu_delta… -0.0920  -9.14e-2 0.00862 0.00820 -1.06e-1 -0.0782   1.05    35.5 
 62 mu_delta…  0.00464  6.24e-3 0.0237  0.0238  -3.84e-2  0.0391   1.01    62.5 
 63 mu_delta… -0.0199  -2.04e-2 0.0150  0.0146  -4.48e-2  0.00593  1.03    89.6 
 64 mu_delta…  0.0119   1.12e-2 0.0198  0.0189  -2.04e-2  0.0386   1.13    12.6 
 65 mu_delta… -0.00330 -4.10e-3 0.0171  0.0199  -2.72e-2  0.0244   1.01    52.5 
 66 mu_delta…  0.0541   5.48e-2 0.0182  0.0163   2.31e-2  0.0844   1.07    27.7 
 67 mu_phi_l…  1.80     1.96e+0 0.509   0.424    7.76e-1  2.36     1.18     9.75
 68 sigma_be…  1.10     1.02e+0 0.666   0.743    1.58e-1  2.24     1.16     8.68
 69 sigma_be…  0.0261   2.59e-2 0.00913 0.00660  1.30e-2  0.0420   1.01    68.0 
 70 sigma_be…  0.0803   6.67e-2 0.0435  0.0290   3.82e-2  0.169    1.22     8.55
 71 sigma_be…  0.161    1.55e-1 0.0833  0.0667   7.61e-2  0.269    1.22     9.76
 72 sigma_be…  0.0918   7.77e-2 0.0438  0.0267   4.65e-2  0.178    1.05    23.7 
 73 sigma_be…  0.0667   6.12e-2 0.0280  0.0227   2.96e-2  0.123    1.02    40.7 
 74 sigma_be…  0.0794   6.96e-2 0.0366  0.0346   3.75e-2  0.148    1.06    21.3 
 75 sigma_be…  0.0769   6.75e-2 0.0398  0.0222   3.55e-2  0.147    1.08    32.6 
 76 sigma_be…  0.0322   2.18e-2 0.0368  0.0152   1.46e-3  0.101    1.06    19.9 
 77 sigma_be…  0.0323   2.26e-2 0.0309  0.0190   5.00e-3  0.0970   1.10    15.4 
 78 sigma_be…  0.0195   1.66e-2 0.0154  0.0124   2.66e-3  0.0477   1.17    12.4 
 79 sigma_be…  0.0196   1.68e-2 0.0168  0.0128   1.45e-3  0.0564   1.06    26.0 
 80 sigma_be…  0.0617   3.83e-2 0.0832  0.0219   1.25e-2  0.210    1.01    38.1 
 81 sigma_be…  0.0398   3.17e-2 0.0307  0.0220   2.13e-3  0.101    1.06    24.8 
 82 sigma_be…  0.0449   2.85e-2 0.0633  0.0298   1.72e-3  0.130    1.35     4.71
 83 sigma_be…  0.0418   3.20e-2 0.0407  0.0270   2.64e-3  0.121    1.38     4.60
 84 sigma_be…  0.172    1.52e-1 0.0675  0.0442   1.01e-1  0.309    1.04    29.0 
 85 sigma_be…  0.0829   6.99e-2 0.0567  0.0423   1.17e-2  0.194    1.43     4.13
 86 sigma_be…  0.0559   5.67e-2 0.0380  0.0422   5.85e-3  0.122    1.70     3.25
 87 sigma_be…  0.172    1.44e-1 0.0871  0.0520   8.94e-2  0.340    1.26     7.02
 88 sigma_be…  1.17     8.65e-1 1.31    0.719    5.66e-2  3.43     1.06    36.5 
 89 sigma_be…  1.34     1.07e+0 1.43    0.736    1.98e-1  3.58     1.01    97.8 
 90 sigma_be…  0.578    3.58e-1 0.647   0.387    3.93e-2  1.85     1.05    49.5 
 91 sigma_be…  0.585    3.06e-1 0.671   0.355    1.74e-2  1.82     1.02    22.6 
 92 sigma_be…  0.650    5.12e-1 0.748   0.431    2.14e-2  1.77     1.06    34.6 
 93 sigma_be…  0.564    4.83e-1 0.311   0.210    2.24e-1  1.17     1.06    26.1 
 94 sigma_be…  0.395    3.01e-1 0.291   0.174    1.67e-1  0.925    1.25     6.14
 95 sigma_be…  0.101    6.14e-2 0.107   0.0643   4.72e-3  0.313    1.11    22.6 
 96 sigma_be…  0.154    1.30e-1 0.0999  0.0742   4.45e-2  0.342    1.05    35.9 
 97 sigma_be…  0.321    2.90e-1 0.152   0.0996   1.43e-1  0.600    1.05    40.1 
 98 sigma_be…  0.0378   3.36e-2 0.0205  0.0215   1.15e-2  0.0699   1.12    14.8 
 99 sigma_ga…  0.0471   3.97e-2 0.0288  0.0249   1.63e-2  0.109    1.18    19.9 
100 sigma_ga…  0.140    1.13e-1 0.0850  0.0735   5.01e-2  0.309    1.11    14.3 
101 sigma_al…  0.110    9.98e-2 0.0418  0.0392   6.51e-2  0.192    1.27     5.95
102 sigma_al…  0.0379   3.37e-2 0.0153  0.0104   2.16e-2  0.0663   1.06    40.5 
103 sigma_de…  0.0492   4.36e-2 0.0246  0.0142   2.38e-2  0.0855   1.06    42.1 
104 sigma_de…  0.491    4.37e-1 0.176   0.122    2.95e-1  0.866    1.35     4.93
105 sigma_ph…  0.661    5.73e-1 0.255   0.169    3.62e-1  1.15     1.07    22.2 
106 sigma_ga…  0.0673   3.21e-2 0.146   0.0302   3.38e-3  0.234    1.07    36.5 
107 sigma_ga…  0.692    5.18e-1 0.518   0.309    2.11e-1  1.67     1.04    39.1 
# ℹ 1 more variable: ess_tail <dbl>
[1] "Calculating lambda_mean..."
[1] "Calculating lambda_test_mean..."
[1] "Calculating y_rep_mean..."
[1] "Calculating y_test_rep_mean..."
[1] "Generating plots..."
[1] "exposure_VLZX7K2M9QD4T_1"        "exposure_SRQS8F7JWA9MZ_1"
[3] "exposure_SRQS8F7JWA9MZ_2" "exposure_2HRX9P6HKXA8V_1"
[5] "exposure_JHDN7CF1C03X5_1" "exposure_L69HYJ4Y3TR91_1"
[7] "exposure_ED5J990H5VAZT_1"
[1] 6
Adding missing grouping variables: `location_id_num`
[1] "Skipping daily plot for VLZX7K2M9QD4T due to missing daily data."
[1] "Skipping daily plot for SRQS8F7JWA9MZ due to missing daily data."
[1] "Skipping daily plot for 2HRX9P6HKXA8V due to missing daily data."
[1] "Skipping daily plot for JHDN7CF1C03X5 due to missing daily data."
[1] "Skipping daily plot for L69HYJ4Y3TR91 due to missing daily data."
[1] "Skipping daily plot for ED5J990H5VAZT due to missing daily data."
[1] "Skipping MLflow logging as existing fit file was loaded."
[1] "Done."
           used  (Mb) gc trigger   (Mb)  max used   (Mb)
Ncells  5128680 274.0    9036958  482.7   9036958  482.7
Vcells 10776389  82.3  537347307 4099.7 671684133 5124.6
Warning messages:
1: Dropping 'draws_df' class as required metadata was removed. 
2: Dropping 'draws_df' class as required metadata was removed. 
3: Dropping 'draws_df' class as required metadata was removed. 
4: Dropping 'draws_df' class as required metadata was removed. 
