- The project is out-of-sync -- use `renv::status()` for details.
── Attaching core tidyverse packages ──────────────────────── tidyverse 2.0.0 ──
✔ dplyr     1.1.4     ✔ readr     2.1.5
✔ forcats   1.0.0     ✔ stringr   1.5.1
✔ ggplot2   3.5.1     ✔ tibble    3.2.1
✔ lubridate 1.9.4     ✔ tidyr     1.3.1
✔ purrr     1.0.4     
[conflicted] Will prefer dplyr::select over any other package.
[conflicted] Will prefer dplyr::filter over any other package.
[conflicted] Will prefer lubridate::year over any other package.
[conflicted] Will prefer lubridate::month over any other package.
[conflicted] Will prefer purrr::map over any other package.
[conflicted] Will prefer stats::sd over any other package.
[conflicted] Will prefer base::match over any other package.
This is cmdstanr version 0.9.0
- CmdStanR documentation and vignettes: mc-stan.org/cmdstanr
- CmdStan path: /home/nuttidalab/.cmdstan/cmdstan-2.36.0
- CmdStan version: 2.36.0

A newer version of CmdStan is available. See ?install_cmdstan() to install it.
To disable this check set option or environment variable cmdstanr_no_ver_check=TRUE.
This is posterior version 1.6.0
Registered S3 method overwritten by 'tsibble':
  method               from 
  as_tibble.grouped_df dplyr
── Attaching packages ──────────────────────────────────────────── fpp3 1.0.1 ──
✔ tsibble     1.1.6     ✔ feasts      0.4.1
✔ tsibbledata 0.4.1     ✔ fable       0.4.1
Loading required package: R.oo
Loading required package: R.methodsS3
R.methodsS3 v1.8.2 (2022-06-13 22:00:14 UTC) successfully loaded. See ?R.methodsS3 for help.
R.oo v1.27.0 (2024-11-01 18:00:02 UTC) successfully loaded. See ?R.oo for help.

Attaching package: ‘R.oo’

The following object is masked from ‘package:R.methodsS3’:

    throw

The following object is masked from ‘package:shiny’:

    printStackTrace

The following object is masked from ‘package:renv’:

    load

The following objects are masked from ‘package:methods’:

    getClasses, getMethods

The following objects are masked from ‘package:base’:

    attach, detach, load, save

R.utils v2.13.0 (2025-02-24 21:20:02 UTC) successfully loaded. See ?R.utils for help.
Registered S3 method overwritten by 'quantmod':
  method            from
  as.zoo.data.frame zoo 
Registered S3 methods overwritten by 'bayesforecast':
  method      from    
  autoplot.ts forecast
  forecast.ts forecast
  fortify.ts  forecast
  print.garch tseries 
[1] "# of rows: 34628"
[1] "# of rows: 8323"
[1] "Found 14 exposure columns in the data: exposure_VLZX7K2M9QD4T_1, exposure_SRQS8F7JWA9MZ_1, exposure_SRQS8F7JWA9MZ_2, exposure_2HRX9P6HKXA8V_1, exposure_JHDN7CF1C03X5_1, exposure_L69HYJ4Y3TR91_1, exposure_ED5J990H5VAZT_1, exposure_VLZX7K2M9QD4T_1_slope, exposure_SRQS8F7JWA9MZ_1_slope, exposure_SRQS8F7JWA9MZ_2_slope, exposure_2HRX9P6HKXA8V_1_slope, exposure_JHDN7CF1C03X5_1_slope, exposure_L69HYJ4Y3TR91_1_slope, exposure_ED5J990H5VAZT_1_slope"
Numeric columns considered for scaling:
vegan_window_sum_item_quantity,
vegetarian_window_sum_item_quantity,
meat_window_sum_item_quantity,
vegan_window_avg_item_price,
vegetarian_window_avg_item_price,
meat_window_avg_item_price,
breakfast_p_window_avg_item_price,
textured_p_window_avg_item_price,
untextured_p_window_avg_item_price,
chicken_p_window_avg_item_price,
dairy_p_window_avg_item_price,
egg_p_window_avg_item_price,
breakfast_window_avg_item_price,
textured_window_avg_item_price,
untextured_window_avg_item_price,
breakfast_t2_window_avg_item_price,
textured_t2_window_avg_item_price,
untextured_t2_window_avg_item_price,
chicken_t2_window_avg_item_price,
dairy_t2_window_avg_item_price,
day_of_month,
__index_level_0__,
Value,
vegan_price_real,
vegetarian_price_real,
meat_price_real,
breakfast_p_price_real,
textured_p_price_real,
untextured_p_price_real,
chicken_p_price_real,
dairy_p_price_real,
egg_p_price_real,
breakfast_price_real,
textured_price_real,
untextured_price_real,
breakfast_t2_price_real,
textured_t2_price_real,
untextured_t2_price_real,
chicken_t2_price_real,
dairy_t2_price_real,
inflation,
temp,
precip[1] "Successfully created `expo_to_rest` mapping."
[1] "Successfully created `expo_to_param` mapping."
Identified 14 exposure columns in the design matrix: 
exposure_VLZX7K2M9QD4T_1, 
exposure_SRQS8F7JWA9MZ_1, 
exposure_SRQS8F7JWA9MZ_2, 
exposure_2HRX9P6HKXA8V_1, 
exposure_JHDN7CF1C03X5_1, 
exposure_L69HYJ4Y3TR91_1, 
exposure_ED5J990H5VAZT_1, 
exposure_VLZX7K2M9QD4T_1_slope, 
exposure_SRQS8F7JWA9MZ_1_slope, 
exposure_SRQS8F7JWA9MZ_2_slope, 
exposure_2HRX9P6HKXA8V_1_slope, 
exposure_JHDN7CF1C03X5_1_slope, 
exposure_L69HYJ4Y3TR91_1_slope, 
exposure_ED5J990H5VAZT_1_slope
Identified 30 random beta columns: 
vegan_price_real, 
vegetarian_price_real, 
meat_price_real, 
weekend, 
holiday_window, 
month_cat2, 
month_cat3, 
month_cat4, 
month_cat5, 
month_cat6, 
month_cat7, 
month_cat8, 
month_cat9, 
month_cat10, 
month_cat11, 
month_cat12, 
seasonspring, 
seasonsummer, 
seasonwinter, 
year_cat2014, 
year_cat2015, 
year_cat2016, 
year_cat2017, 
year_cat2018, 
year_cat2019, 
year_cat2020, 
year_cat2021, 
year_cat2022, 
year_cat2023, 
date_num
Identified 9 fixed beta columns: 
day_of_week_cat1, 
day_of_week_cat2, 
day_of_week_cat3, 
day_of_week_cat4, 
day_of_week_cat5, 
day_of_week_cat6, 
inflation, 
temp, 
precip
Identified 2 random alpha indices (positions): 
1, 7
Identified 2 random delta indices (positions): 
1, 7
$R
[1] 6

$J
[1] 54

$p_effective
[1] 12

$q_effective
[1] 12

$M
[1] 2

$idx_intercept
[1] 1

$K_beta_random
[1] 30

$idx_beta_random
[1] 2 3 4 5 6 7

$K_beta_fixed
[1] 9

$idx_beta_fixed
[1] 32 33 34 35 36 37

$K_exposure
[1] 14

$idx_exposure
[1] 41 42 43 44 45 46

$expo_to_rest
[1] 1 2 2 3 4 5

$expo_to_param
[1] 1 1 1 1 1 1

$effective_lags_alpha
[1] 1 2 3 4 5 6

$K_alpha_random
[1] 2

$idx_alpha_random
[1] 1 7

$K_alpha_fixed
[1] 10

$idx_alpha_fixed
[1] 2 3 4 5 6 8

$effective_lags_delta
[1] 1 2 3 4 5 6

$K_delta_random
[1] 2

$idx_delta_random
[1] 1 7

$K_delta_fixed
[1] 10

$idx_delta_fixed
[1] 2 3 4 5 6 8

$N_train
[1] 7904

$X_train
  (Intercept) vegan_price_real vegetarian_price_real meat_price_real weekend
1           1       0.40385051             1.0711448     -0.02610961       1
2           1       1.25862927             0.3248613     -0.36300612       0
3           1       0.04434255             0.8651994      0.02587027       0
4           1       1.27233854             2.1529520     -0.34176686       0
5           1       0.32778335             0.2231908     -0.48801448       0
6           1       0.02400521             0.7189555      0.37959151       0
  holiday_window month_cat2 month_cat3 month_cat4 month_cat5 month_cat6
1              0          0          0          1          0          0
2              0          0          0          1          0          0
3              0          0          0          1          0          0
4              0          0          0          1          0          0
5              0          0          0          1          0          0
6              0          0          0          1          0          0
  month_cat7 month_cat8 month_cat9 month_cat10 month_cat11 month_cat12
1          0          0          0           0           0           0
2          0          0          0           0           0           0
3          0          0          0           0           0           0
4          0          0          0           0           0           0
5          0          0          0           0           0           0
6          0          0          0           0           0           0
  seasonspring seasonsummer seasonwinter year_cat2014 year_cat2015 year_cat2016
1            1            0            0            0            0            0
2            1            0            0            0            0            0
3            1            0            0            0            0            0
4            1            0            0            0            0            0
5            1            0            0            0            0            0
6            1            0            0            0            0            0
  year_cat2017 year_cat2018 year_cat2019 year_cat2020 year_cat2021 year_cat2022
1            0            0            0            0            1            0
2            0            0            0            0            1            0
3            0            0            0            0            1            0
4            0            0            0            0            1            0
5            0            0            0            0            1            0
6            0            0            0            0            1            0
  year_cat2023 date_num day_of_week_cat1 day_of_week_cat2 day_of_week_cat3
1            0 51.29363                0                0                0
2            0 51.29637                0                0                0
3            0 51.29911                1                0                0
4            0 51.30185                0                1                0
5            0 51.30459                0                0                1
6            0 51.30732                0                0                0
  day_of_week_cat4 day_of_week_cat5 day_of_week_cat6 inflation       temp
1                0                0                1 -1.756041  0.2058671
2                0                0                0 -1.756041 -0.9171702
3                0                0                0 -1.756041 -0.8251179
4                0                0                0 -1.756041 -1.3222000
5                0                0                0 -1.756041 -1.4326627
6                1                0                0 -1.756041 -0.7146553
      precip exposure_VLZX7K2M9QD4T_1 exposure_SRQS8F7JWA9MZ_1
1 -0.1813815                 0                        0
2 -0.1813815                 0                        0
3 -0.1813815                 0                        0
4 -0.1813815                 0                        0
5 -0.1813815                 0                        0
6 -0.1813815                 0                        0
  exposure_SRQS8F7JWA9MZ_2 exposure_2HRX9P6HKXA8V_1 exposure_JHDN7CF1C03X5_1
1                        0                        0                        0
2                        0                        0                        0
3                        0                        0                        0
4                        0                        0                        0
5                        0                        0                        0
6                        0                        0                        0
  exposure_L69HYJ4Y3TR91_1 exposure_ED5J990H5VAZT_1 exposure_VLZX7K2M9QD4T_1_slope
1                        0                        0                       0
2                        0                        0                       0
3                        0                        0                       0
4                        0                        0                       0
5                        0                        0                       0
6                        0                        0                       0
  exposure_SRQS8F7JWA9MZ_1_slope exposure_SRQS8F7JWA9MZ_2_slope
1                              0                              0
2                              0                              0
3                              0                              0
4                              0                              0
5                              0                              0
6                              0                              0
  exposure_2HRX9P6HKXA8V_1_slope exposure_JHDN7CF1C03X5_1_slope
1                              0                              0
2                              0                              0
3                              0                              0
4                              0                              0
5                              0                              0
6                              0                              0
  exposure_L69HYJ4Y3TR91_1_slope exposure_ED5J990H5VAZT_1_slope
1                              0                              0
2                              0                              0
3                              0                              0
4                              0                              0
5                              0                              0
6                              0                              0

$y_train
[1] 3528 2892 2835 2893 3017 3054

$idx_to_rest_train
[1] 1 1 1 1 1 1

$train_start_idx
[1]    1  347 1854 3442 4969 5287

$train_end_idx
[1]  346 1853 3441 4968 5286 7904

$N_test
[1] 419

$X_test
  (Intercept) vegan_price_real vegetarian_price_real meat_price_real weekend
1           1       -0.6859547            -0.9966515      -1.1888650       0
2           1        0.2629068            -1.2499632      -0.1869330       0
3           1       -0.4985976            -0.5248328      -0.7860672       0
4           1       -2.1638568            -2.8208443      -0.8300695       1
5           1       -1.2945464            -1.4078756      -1.0676717       1
6           1        0.9682882            -0.8194044      -0.8264540       0
  holiday_window month_cat2 month_cat3 month_cat4 month_cat5 month_cat6
1              0          0          1          0          0          0
2              0          0          1          0          0          0
3              0          0          0          1          0          0
4              0          0          0          1          0          0
5              0          0          0          1          0          0
6              0          0          0          1          0          0
  month_cat7 month_cat8 month_cat9 month_cat10 month_cat11 month_cat12
1          0          0          0           0           0           0
2          0          0          0           0           0           0
3          0          0          0           0           0           0
4          0          0          0           0           0           0
5          0          0          0           0           0           0
6          0          0          0           0           0           0
  seasonspring seasonsummer seasonwinter year_cat2014 year_cat2015 year_cat2016
1            1            0            0            0            0            0
2            1            0            0            0            0            0
3            1            0            0            0            0            0
4            1            0            0            0            0            0
5            1            0            0            0            0            0
6            1            0            0            0            0            0
  year_cat2017 year_cat2018 year_cat2019 year_cat2020 year_cat2021 year_cat2022
1            0            0            0            0            0            1
2            0            0            0            0            0            1
3            0            0            0            0            0            1
4            0            0            0            0            0            1
5            0            0            0            0            0            1
6            0            0            0            0            0            1
  year_cat2023 date_num day_of_week_cat1 day_of_week_cat2 day_of_week_cat3
1            0 52.24093                0                1                0
2            0 52.24367                0                0                1
3            0 52.24641                0                0                0
4            0 52.24914                0                0                0
5            0 52.25188                0                0                0
6            0 52.25462                0                0                0
  day_of_week_cat4 day_of_week_cat5 day_of_week_cat6 inflation       temp
1                0                0                0  1.437193 -0.8251179
2                0                0                0  1.437193 -0.4016777
3                1                0                0  1.737714 -0.2912150
4                0                1                0  1.737714  0.4083820
5                0                0                1  1.737714 -0.3096254
6                0                0                0  1.737714 -0.6041926
      precip exposure_VLZX7K2M9QD4T_1 exposure_SRQS8F7JWA9MZ_1
1 -0.1813815                 1                        0
2 -0.1813815                 1                        0
3 -0.1813815                 1                        0
4 -0.1813815                 1                        0
5 -0.1813815                 1                        0
6 -0.1813815                 1                        0
  exposure_SRQS8F7JWA9MZ_2 exposure_2HRX9P6HKXA8V_1 exposure_JHDN7CF1C03X5_1
1                        0                        0                        0
2                        0                        0                        0
3                        0                        0                        0
4                        0                        0                        0
5                        0                        0                        0
6                        0                        0                        0
  exposure_L69HYJ4Y3TR91_1 exposure_ED5J990H5VAZT_1 exposure_VLZX7K2M9QD4T_1_slope
1                        0                        0               0.4462697
2                        0                        0               0.4490075
3                        0                        0               0.4517454
4                        0                        0               0.4544832
5                        0                        0               0.4572211
6                        0                        0               0.4599589
  exposure_SRQS8F7JWA9MZ_1_slope exposure_SRQS8F7JWA9MZ_2_slope
1                              0                              0
2                              0                              0
3                              0                              0
4                              0                              0
5                              0                              0
6                              0                              0
  exposure_2HRX9P6HKXA8V_1_slope exposure_JHDN7CF1C03X5_1_slope
1                              0                              0
2                              0                              0
3                              0                              0
4                              0                              0
5                              0                              0
6                              0                              0
  exposure_L69HYJ4Y3TR91_1_slope exposure_ED5J990H5VAZT_1_slope
1                              0                              0
2                              0                              0
3                              0                              0
4                              0                              0
5                              0                              0
6                              0                              0

$y_test
[1] 3587 3747 3696 3894 3773 3394

$idx_to_rest_test
[1] 1 1 1 1 1 1

$test_start_idx
[1]   1  20 100 184 265 282

$test_end_idx
[1]  19  99 183 264 281 419

$N_zeros
[1] 782

$idx_zeros
[1]  78 222 240 251 252 253

$mu_gamma_scale
[1] 1

$sigma_gamma_between_scale
[1] 0.4

$sigma_gamma_within_scale
[1] 1

$mu_beta_scale
[1] 1

$sigma_beta_scale
[1] 1

$mu_alpha_scale
[1] 1

$sigma_alpha_scale
[1] 1

$mu_delta_scale
[1] 1

$sigma_delta_scale
[1] 1

$mu_phi_log_scale
[1] 1

$sigma_phi_log_scale
[1] 1

$mu_pi_logit_scale
[1] 2

$sigma_pi_logit_scale
[1] 1

[1] "Fitting the multilevel model..."
Running MCMC with 2 parallel chains...

Chain 1 Informational Message: The current Metropolis proposal is about to be rejected because of the following issue:
Chain 1 Exception: neg_binomial_2_lpmf: Location parameter[1] is -nan, but must be positive finite! (in '/tmp/Rtmp3KSlYZ/model-128add766119f8.stan', line 470, column 2 to column 59)
Chain 1 If this warning occurs sporadically, such as for highly constrained variable types like covariance matrices, then the sampler is fine,
Chain 1 but if this warning occurs often then your model may be either severely ill-conditioned or misspecified.
Chain 1 
Chain 1 Informational Message: The current Metropolis proposal is about to be rejected because of the following issue:
Chain 1 Exception: neg_binomial_2_lpmf: Location parameter[1] is -nan, but must be positive finite! (in '/tmp/Rtmp3KSlYZ/model-128add766119f8.stan', line 470, column 2 to column 59)
Chain 1 If this warning occurs sporadically, such as for highly constrained variable types like covariance matrices, then the sampler is fine,
Chain 1 but if this warning occurs often then your model may be either severely ill-conditioned or misspecified.
Chain 1 
Chain 1 Informational Message: The current Metropolis proposal is about to be rejected because of the following issue:
Chain 1 Exception: neg_binomial_2_lpmf: Location parameter[1] is -nan, but must be positive finite! (in '/tmp/Rtmp3KSlYZ/model-128add766119f8.stan', line 470, column 2 to column 59)
Chain 1 If this warning occurs sporadically, such as for highly constrained variable types like covariance matrices, then the sampler is fine,
Chain 1 but if this warning occurs often then your model may be either severely ill-conditioned or misspecified.
Chain 1 
Chain 1 Informational Message: The current Metropolis proposal is about to be rejected because of the following issue:
Chain 1 Exception: neg_binomial_2_lpmf: Location parameter[1] is -nan, but must be positive finite! (in '/tmp/Rtmp3KSlYZ/model-128add766119f8.stan', line 470, column 2 to column 59)
Chain 1 If this warning occurs sporadically, such as for highly constrained variable types like covariance matrices, then the sampler is fine,
Chain 1 but if this warning occurs often then your model may be either severely ill-conditioned or misspecified.
Chain 1 
Chain 1 Informational Message: The current Metropolis proposal is about to be rejected because of the following issue:
Chain 1 Exception: neg_binomial_2_lpmf: Location parameter[1] is inf, but must be positive finite! (in '/tmp/Rtmp3KSlYZ/model-128add766119f8.stan', line 470, column 2 to column 59)
Chain 1 If this warning occurs sporadically, such as for highly constrained variable types like covariance matrices, then the sampler is fine,
Chain 1 but if this warning occurs often then your model may be either severely ill-conditioned or misspecified.
Chain 1 
Chain 1 Informational Message: The current Metropolis proposal is about to be rejected because of the following issue:
Chain 1 Exception: neg_binomial_2_lpmf: Location parameter[1] is inf, but must be positive finite! (in '/tmp/Rtmp3KSlYZ/model-128add766119f8.stan', line 470, column 2 to column 59)
Chain 1 If this warning occurs sporadically, such as for highly constrained variable types like covariance matrices, then the sampler is fine,
Chain 1 but if this warning occurs often then your model may be either severely ill-conditioned or misspecified.
Chain 1 
Chain 1 Informational Message: The current Metropolis proposal is about to be rejected because of the following issue:
Chain 1 Exception: neg_binomial_2_lpmf: Location parameter[1] is inf, but must be positive finite! (in '/tmp/Rtmp3KSlYZ/model-128add766119f8.stan', line 470, column 2 to column 59)
Chain 1 If this warning occurs sporadically, such as for highly constrained variable types like covariance matrices, then the sampler is fine,
Chain 1 but if this warning occurs often then your model may be either severely ill-conditioned or misspecified.
Chain 1 
Chain 2 Exception: neg_binomial_2_lpmf: Location parameter[5510] is 0, but must be positive finite! (in '/tmp/Rtmp3KSlYZ/model-128add766119f8.stan', line 470, column 2 to column 59)
Chain 2 Exception: neg_binomial_2_lpmf: Location parameter[5510] is 0, but must be positive finite! (in '/tmp/Rtmp3KSlYZ/model-128add766119f8.stan', line 470, column 2 to column 59)
Warning: Chain 2 finished unexpectedly!

Chain 1 Iteration:    1 / 2200 [  0%]  (Warmup) 
Chain 1 Informational Message: The current Metropolis proposal is about to be rejected because of the following issue:
Chain 1 Exception: neg_binomial_2_lpmf: Location parameter[1] is inf, but must be positive finite! (in '/tmp/Rtmp3KSlYZ/model-128add766119f8.stan', line 470, column 2 to column 59)
Chain 1 If this warning occurs sporadically, such as for highly constrained variable types like covariance matrices, then the sampler is fine,
Chain 1 but if this warning occurs often then your model may be either severely ill-conditioned or misspecified.
Chain 1 
Chain 1 Informational Message: The current Metropolis proposal is about to be rejected because of the following issue:
Chain 1 Exception: neg_binomial_2_lpmf: Location parameter[1] is inf, but must be positive finite! (in '/tmp/Rtmp3KSlYZ/model-128add766119f8.stan', line 470, column 2 to column 59)
Chain 1 If this warning occurs sporadically, such as for highly constrained variable types like covariance matrices, then the sampler is fine,
Chain 1 but if this warning occurs often then your model may be either severely ill-conditioned or misspecified.
Chain 1 
Chain 1 Informational Message: The current Metropolis proposal is about to be rejected because of the following issue:
Chain 1 Exception: neg_binomial_2_lpmf: Location parameter[1] is inf, but must be positive finite! (in '/tmp/Rtmp3KSlYZ/model-128add766119f8.stan', line 470, column 2 to column 59)
Chain 1 If this warning occurs sporadically, such as for highly constrained variable types like covariance matrices, then the sampler is fine,
Chain 1 but if this warning occurs often then your model may be either severely ill-conditioned or misspecified.
Chain 1 
Chain 1 Informational Message: The current Metropolis proposal is about to be rejected because of the following issue:
Chain 1 Exception: neg_binomial_2_lpmf: Location parameter[1] is inf, but must be positive finite! (in '/tmp/Rtmp3KSlYZ/model-128add766119f8.stan', line 470, column 2 to column 59)
Chain 1 If this warning occurs sporadically, such as for highly constrained variable types like covariance matrices, then the sampler is fine,
Chain 1 but if this warning occurs often then your model may be either severely ill-conditioned or misspecified.
Chain 1 
Chain 1 Informational Message: The current Metropolis proposal is about to be rejected because of the following issue:
Chain 1 Exception: neg_binomial_2_lpmf: Location parameter[1] is inf, but must be positive finite! (in '/tmp/Rtmp3KSlYZ/model-128add766119f8.stan', line 470, column 2 to column 59)
Chain 1 If this warning occurs sporadically, such as for highly constrained variable types like covariance matrices, then the sampler is fine,
Chain 1 but if this warning occurs often then your model may be either severely ill-conditioned or misspecified.
Chain 1 
Chain 1 Informational Message: The current Metropolis proposal is about to be rejected because of the following issue:
Chain 1 Exception: neg_binomial_2_lpmf: Location parameter[33] is inf, but must be positive finite! (in '/tmp/Rtmp3KSlYZ/model-128add766119f8.stan', line 470, column 2 to column 59)
Chain 1 If this warning occurs sporadically, such as for highly constrained variable types like covariance matrices, then the sampler is fine,
Chain 1 but if this warning occurs often then your model may be either severely ill-conditioned or misspecified.
Chain 1 
Chain 1 Informational Message: The current Metropolis proposal is about to be rejected because of the following issue:
Chain 1 Exception: neg_binomial_2_lpmf: Location parameter[1555] is inf, but must be positive finite! (in '/tmp/Rtmp3KSlYZ/model-128add766119f8.stan', line 470, column 2 to column 59)
Chain 1 If this warning occurs sporadically, such as for highly constrained variable types like covariance matrices, then the sampler is fine,
Chain 1 but if this warning occurs often then your model may be either severely ill-conditioned or misspecified.
Chain 1 
Chain 1 Informational Message: The current Metropolis proposal is about to be rejected because of the following issue:
Chain 1 Exception: neg_binomial_2_lpmf: Location parameter[5450] is inf, but must be positive finite! (in '/tmp/Rtmp3KSlYZ/model-128add766119f8.stan', line 470, column 2 to column 59)
Chain 1 If this warning occurs sporadically, such as for highly constrained variable types like covariance matrices, then the sampler is fine,
Chain 1 but if this warning occurs often then your model may be either severely ill-conditioned or misspecified.
Chain 1 
Chain 1 Informational Message: The current Metropolis proposal is about to be rejected because of the following issue:
Chain 1 Exception: neg_binomial_2_lpmf: Location parameter[1] is -nan, but must be positive finite! (in '/tmp/Rtmp3KSlYZ/model-128add766119f8.stan', line 470, column 2 to column 59)
Chain 1 If this warning occurs sporadically, such as for highly constrained variable types like covariance matrices, then the sampler is fine,
Chain 1 but if this warning occurs often then your model may be either severely ill-conditioned or misspecified.
Chain 1 
Chain 1 Informational Message: The current Metropolis proposal is about to be rejected because of the following issue:
Chain 1 Exception: neg_binomial_2_lpmf: Location parameter[1] is 0, but must be positive finite! (in '/tmp/Rtmp3KSlYZ/model-128add766119f8.stan', line 470, column 2 to column 59)
Chain 1 If this warning occurs sporadically, such as for highly constrained variable types like covariance matrices, then the sampler is fine,
Chain 1 but if this warning occurs often then your model may be either severely ill-conditioned or misspecified.
Chain 1 
Chain 1 Informational Message: The current Metropolis proposal is about to be rejected because of the following issue:
Chain 1 Exception: neg_binomial_2_lpmf: Location parameter[1] is 0, but must be positive finite! (in '/tmp/Rtmp3KSlYZ/model-128add766119f8.stan', line 470, column 2 to column 59)
Chain 1 If this warning occurs sporadically, such as for highly constrained variable types like covariance matrices, then the sampler is fine,
Chain 1 but if this warning occurs often then your model may be either severely ill-conditioned or misspecified.
Chain 1 
Chain 1 Informational Message: The current Metropolis proposal is about to be rejected because of the following issue:
Chain 1 Exception: neg_binomial_2_lpmf: Location parameter[93] is 0, but must be positive finite! (in '/tmp/Rtmp3KSlYZ/model-128add766119f8.stan', line 470, column 2 to column 59)
Chain 1 If this warning occurs sporadically, such as for highly constrained variable types like covariance matrices, then the sampler is fine,
Chain 1 but if this warning occurs often then your model may be either severely ill-conditioned or misspecified.
Chain 1 
Chain 1 Iteration:  100 / 2200 [  4%]  (Warmup) 
Chain 1 Iteration:  200 / 2200 [  9%]  (Warmup) 
Chain 1 Iteration:  300 / 2200 [ 13%]  (Warmup) 
Chain 1 Iteration:  400 / 2200 [ 18%]  (Warmup) 
Chain 1 Iteration:  500 / 2200 [ 22%]  (Warmup) 
Chain 1 Iteration:  600 / 2200 [ 27%]  (Warmup) 
Chain 1 Iteration:  700 / 2200 [ 31%]  (Warmup) 
Chain 1 Iteration:  701 / 2200 [ 31%]  (Sampling) 
Chain 1 Iteration:  800 / 2200 [ 36%]  (Sampling) 
Chain 1 Iteration:  900 / 2200 [ 40%]  (Sampling) 
Chain 1 Iteration: 1000 / 2200 [ 45%]  (Sampling) 
Chain 1 Iteration: 1100 / 2200 [ 50%]  (Sampling) 
Chain 1 Iteration: 1200 / 2200 [ 54%]  (Sampling) 
Chain 1 Iteration: 1300 / 2200 [ 59%]  (Sampling) 
Chain 1 Iteration: 1400 / 2200 [ 63%]  (Sampling) 
Chain 1 Iteration: 1500 / 2200 [ 68%]  (Sampling) 
Chain 1 Iteration: 1600 / 2200 [ 72%]  (Sampling) 
Chain 1 Iteration: 1700 / 2200 [ 77%]  (Sampling) 
Chain 1 Iteration: 1800 / 2200 [ 81%]  (Sampling) 
Chain 1 Iteration: 1900 / 2200 [ 86%]  (Sampling) 
Chain 1 Iteration: 2000 / 2200 [ 90%]  (Sampling) 
Chain 1 Iteration: 2100 / 2200 [ 95%]  (Sampling) 
Chain 1 Iteration: 2200 / 2200 [100%]  (Sampling) 
Chain 1 finished in 77249.1 seconds.
Warning: 1 chain(s) finished unexpectedly!
The remaining chains had a mean execution time of 77249.8 seconds.
Warning: The returned fit object will only read in results of successful chains. Please use read_cmdstan_csv() to read the results of the failed chains separately.Use the $output(chain_id) method for more output of the failed chains.
Warning: 3 of 1500 (0.0%) transitions ended with a divergence.
See https://mc-stan.org/misc/warnings for details.

Warning: 1497 of 1500 (100.0%) transitions hit the maximum treedepth limit of 10.
See https://mc-stan.org/misc/warnings for details.

[1] "Saving fit object..."
[1] "Calculating summary..."
[1] "Calculating samples..."
[1] "Calculating metadata..."
[1] "Summary of Hyperpriors (mu_*, sigma_*):"
# A tibble: 109 × 10
    variable      mean   median      sd     mad       q5      q95  rhat ess_bulk
    <chr>        <dbl>    <dbl>   <dbl>   <dbl>    <dbl>    <dbl> <dbl>    <dbl>
  1 mu_beta_…  0.631    0.585   0.521   0.482   -0.0967   1.64e+0  1.14     6.92
  2 mu_beta_… -0.0164  -0.0185  0.0154  0.0166  -0.0379   1.06e-2  1.07     6.94
  3 mu_beta_…  0.0315   0.0290  0.0156  0.0168   0.00829  5.98e-2  1.45     7.21
  4 mu_beta_…  0.129    0.121   0.0378  0.0363   0.0666   1.92e-1  1.15     6.12
  5 mu_beta_… -0.462   -0.452   0.263   0.305   -0.877   -7.30e-2  2.12     1.31
  6 mu_beta_… -0.0348  -0.0328  0.0377  0.0458  -0.0940   2.46e-2  1.72     1.58
  7 mu_beta_… -0.0556  -0.0534  0.0220  0.0208  -0.0996  -2.49e-2  1.60     1.74
  8 mu_beta_… -0.0514  -0.0361  0.143   0.160   -0.292    1.48e-1  1.00    14.0 
  9 mu_beta_…  0.0440   0.0648  0.148   0.153   -0.219    2.51e-1  1.01    12.1 
 10 mu_beta_… -0.00815  0.00933 0.161   0.177   -0.278    2.25e-1  1.02    10.9 
 11 mu_beta_…  0.00428  0.0235  0.111   0.0903  -0.199    1.62e-1  1.01    12.7 
 12 mu_beta_… -0.0413  -0.0222  0.113   0.0916  -0.259    1.26e-1  1.01    12.7 
 13 mu_beta_… -0.00702  0.00980 0.114   0.0981  -0.230    1.64e-1  1.02    12.2 
 14 mu_beta_…  0.0670   0.0433  0.134   0.118   -0.144    2.93e-1  1.58     1.85
 15 mu_beta_…  0.113    0.0832  0.165   0.162   -0.117    4.00e-1  1.57     1.78
 16 mu_beta_…  0.113    0.0747  0.164   0.139   -0.112    4.18e-1  1.60     1.74
 17 mu_beta_…  0.0485   0.0417  0.0508  0.0536  -0.0260   1.35e-1  1.13    10.9 
 18 mu_beta_…  0.218    0.172   0.271   0.280   -0.163    7.04e-1  1.24     3.56
 19 mu_beta_… -0.0659  -0.0129  0.223   0.268   -0.411    2.27e-1  1.57     1.84
 20 mu_beta_…  0.205    0.188   0.172   0.184   -0.0468   5.06e-1  1.58     1.84
 21 mu_beta_… -0.630   -0.615   1.00    1.16    -2.54     8.41e-1  1.88     1.47
 22 mu_beta_…  0.222    0.154   0.845   0.816   -1.11     1.59e+0  1.08     7.91
 23 mu_beta_… -0.646   -0.691   0.296   0.351   -1.03    -1.47e-1  1.04     8.05
 24 mu_beta_… -0.619   -0.669   0.281   0.232   -0.939    3.15e-2  1.57     1.78
 25 mu_beta_… -0.128   -0.0877  0.254   0.239   -0.538    2.72e-1  1.40     2.22
 26 mu_beta_…  0.173    0.165   0.119   0.114    0.00318  3.88e-1  1.00    20.5 
 27 mu_beta_…  0.141    0.139   0.0921  0.0816  -0.0133   3.06e-1  1.43     2.26
 28 mu_beta_…  0.180    0.183   0.0817  0.0857   0.0402   3.05e-1  1.19     6.51
 29 mu_beta_…  0.0565   0.0531  0.0620  0.0679  -0.0416   1.58e-1  1.39     2.39
 30 mu_beta_… -0.0673  -0.0628  0.106   0.131   -0.247    7.55e-2  1.12     5.89
 31 mu_beta_… -0.0679  -0.0551  0.0864  0.106   -0.212    5.89e-2  1.78     1.54
 32 mu_beta_… -0.0248  -0.0245  0.00565 0.00666 -0.0344  -1.64e-2  1.14     6.82
 33 mu_beta_… -0.00620 -0.00623 0.00370 0.00376 -0.0121  -1.35e-4  1.01    24.1 
 34 mu_beta_…  0.0161   0.0161  0.00664 0.00819  0.00587  2.72e-2  1.14     5.55
 35 mu_beta_…  0.0838   0.0836  0.00590 0.00691  0.0747   9.38e-2  1.38     2.48
 36 mu_beta_…  0.579    0.581   0.279   0.327    0.178    1.01e+0  2.12     1.31
 37 mu_beta_…  0.554    0.550   0.278   0.327    0.154    9.90e-1  2.12     1.31
 38 mu_beta_… -0.0954  -0.0981  0.0243  0.0248  -0.134   -5.06e-2  1.34     2.41
 39 mu_beta_…  0.0484   0.0472  0.00793 0.00985  0.0345   6.02e-2  1.34     2.73
 40 mu_beta_… -0.0206  -0.0208  0.00240 0.00283 -0.0241  -1.64e-2  1.18     5.36
 41 mu_gamma…  0.0136   0.0116  0.0119  0.0120  -0.00309  3.38e-2  1.09     9.83
 42 mu_gamma…  0.652    0.642   0.0369  0.0364   0.606    7.22e-1  1.01    12.5 
 43 mu_alpha…  0.263    0.252   0.0552  0.0603   0.184    3.65e-1  1.06     8.16
 44 mu_alpha…  0.161    0.158   0.0202  0.0238   0.129    1.95e-1  2.05     1.35
 45 mu_alpha… -0.0136  -0.0134  0.00823 0.00866 -0.0247   3.82e-3  1.43     2.35
 46 mu_alpha… -0.0199  -0.0198  0.00449 0.00454 -0.0273  -1.22e-2  1.75     1.64
 47 mu_alpha…  0.0124   0.0138  0.00693 0.00769  0.00164  2.31e-2  1.00     7.76
 48 mu_alpha…  0.00974  0.00942 0.00352 0.00323  0.00420  1.61e-2  1.17     4.40
 49 mu_alpha…  0.0304   0.0327  0.00714 0.00615  0.0174   3.87e-2  1.26     3.19
 50 mu_alpha…  0.0152   0.0153  0.00314 0.00357  0.0105   2.04e-2  1.07    15.7 
 51 mu_alpha…  0.0238   0.0240  0.00480 0.00596  0.0164   3.05e-2  1.05     9.86
 52 mu_alpha…  0.0414   0.0419  0.00434 0.00440  0.0343   4.91e-2  1.10     8.77
 53 mu_alpha…  0.0218   0.0220  0.00657 0.00780  0.0111   3.24e-2  1.63     1.76
 54 mu_alpha…  0.0211   0.0226  0.00702 0.00716  0.00857  2.97e-2  1.42     2.11
 55 mu_delta… -0.243   -0.247   0.0474  0.0485  -0.316   -1.66e-1  1.07     7.85
 56 mu_delta…  0.852    0.875   0.191   0.181    0.420    1.11e+0  1.18     3.86
 57 mu_delta… -0.0241  -0.0273  0.0143  0.0149  -0.0438   1.44e-3  1.33     2.65
 58 mu_delta…  0.00169  0.00157 0.00749 0.00862 -0.0112   1.36e-2  1.43     2.20
 59 mu_delta… -0.0534  -0.0552  0.0109  0.0128  -0.0683  -3.46e-2  1.11     7.60
 60 mu_delta… -0.0117  -0.0138  0.0106  0.0102  -0.0265   8.70e-3  1.98     1.40
 61 mu_delta… -0.00732 -0.0114  0.0179  0.0139  -0.0313   2.56e-2  1.41     2.14
 62 mu_delta… -0.00352 -0.00464 0.0118  0.0111  -0.0222   1.90e-2  1.08     8.11
 63 mu_delta… -0.0293  -0.0286  0.0104  0.00761 -0.0509  -1.19e-2  1.22     8.03
 64 mu_delta… -0.0120  -0.0140  0.00983 0.00766 -0.0253   1.25e-2  1.13     6.66
 65 mu_delta… -0.0144  -0.0144  0.00876 0.00693 -0.0287   2.31e-3  1.39     2.72
 66 mu_delta…  0.0254   0.0251  0.00870 0.00812  0.0116   4.14e-2  1.05    15.5 
 67 mu_phi_l…  2.17     2.15    0.136   0.162    1.97     2.39e+0  1.35     2.41
 68 mu_pi_lo… -3.37    -3.38    0.114   0.131   -3.53    -3.17e+0  1.67     1.68
 69 sigma_be… 10.4     10.3     1.68    2.06     8.03     1.32e+1  1.06     7.79
 70 sigma_be…  0.0616   0.0516  0.0231  0.0148   0.0384   1.08e-1  1.84     1.46
 71 sigma_be…  0.0848   0.0817  0.0130  0.0117   0.0685   1.10e-1  1.26     3.92
 72 sigma_be…  0.256    0.263   0.0521  0.0698   0.183    3.35e-1  1.68     1.61
 73 sigma_be…  0.211    0.211   0.0164  0.0175   0.186    2.38e-1  1.01    23.7 
 74 sigma_be…  0.181    0.176   0.0360  0.0416   0.127    2.42e-1  1.04    10.5 
 75 sigma_be…  0.0836   0.0833  0.0166  0.0155   0.0505   1.09e-1  1.10     9.59
 76 sigma_be…  0.107    0.106   0.0250  0.0310   0.0659   1.44e-1  1.82     1.53
 77 sigma_be…  0.117    0.104   0.0441  0.0339   0.0682   2.24e-1  1.16     4.41
 78 sigma_be…  0.118    0.0922  0.0989  0.0408   0.0286   3.40e-1  1.17    12.2 
 79 sigma_be…  0.0430   0.0382  0.0187  0.0129   0.0237   8.22e-2  1.08     9.50
 80 sigma_be…  0.00996  0.00977 0.00695 0.00593  0.00132  2.16e-2  1.83     1.47
 81 sigma_be…  0.0406   0.0282  0.0258  0.0127   0.0183   9.68e-2  1.18     4.78
 82 sigma_be…  0.0869   0.0710  0.0740  0.0394   0.0185   2.66e-1  1.26     6.94
 83 sigma_be…  0.0893   0.0907  0.0304  0.0298   0.0334   1.34e-1  1.03    15.2 
 84 sigma_be…  0.106    0.0763  0.0684  0.0787   0.0251   2.21e-1  2.12     1.33
 85 sigma_be…  0.226    0.224   0.0380  0.0321   0.160    3.00e-1  1.26     3.98
 86 sigma_be…  0.169    0.158   0.0422  0.0360   0.118    2.50e-1  1.48     2.04
 87 sigma_be…  0.584    0.574   0.211   0.268    0.315    9.45e-1  1.10     5.53
 88 sigma_be…  0.199    0.194   0.0256  0.0279   0.163    2.45e-1  1.04     9.68
 89 sigma_be…  2.04     1.85    0.968   0.872    0.880    4.00e+0  1.21     4.88
 90 sigma_be…  1.24     1.01    0.866   0.542    0.390    3.46e+0  1.38     2.27
 91 sigma_be…  0.294    0.162   0.379   0.228    0.00518  1.06e+0  1.24     3.52
 92 sigma_be…  0.450    0.381   0.283   0.241    0.130    1.03e+0  1.86     1.54
 93 sigma_be…  0.606    0.513   0.342   0.329    0.232    1.26e+0  2.08     1.34
 94 sigma_be…  0.862    0.750   0.339   0.259    0.501    1.64e+0  1.70     1.59
 95 sigma_be…  0.447    0.459   0.0900  0.0962   0.297    5.91e-1  1.17     4.76
 96 sigma_be…  0.180    0.177   0.0496  0.0375   0.100    2.94e-1  1.05    11.8 
 97 sigma_be…  0.114    0.113   0.0283  0.0241   0.0655   1.59e-1  1.11    12.5 
 98 sigma_be…  0.466    0.459   0.0866  0.100    0.346    6.26e-1  1.25     3.73
 99 sigma_be…  0.432    0.429   0.0940  0.102    0.288    5.90e-1  1.06     8.47
100 sigma_ga…  0.546    0.491   0.231   0.250    0.258    9.66e-1  1.01     8.21
101 sigma_ga…  0.290    0.273   0.200   0.178    0.0623   6.03e-1  1.22     3.90
102 sigma_al…  0.420    0.405   0.0590  0.0504   0.316    5.17e-1  1.04     7.09
103 sigma_al…  0.0920   0.0921  0.00803 0.00727  0.0771   1.05e-1  1.04    18.8 
104 sigma_de…  0.423    0.427   0.137   0.137    0.207    6.63e-1  1.16     4.92
105 sigma_de…  1.43     1.29    0.439   0.260    0.917    2.45e+0  1.34     5.25
106 sigma_ph…  1.11     1.12    0.145   0.113    0.816    1.34e+0  1.28     3.09
107 sigma_pi…  0.871    0.860   0.0655  0.0706   0.783    9.91e-1  1.05     9.27
108 sigma_ga…  0.112    0.0650  0.115   0.0439   0.0268   3.76e-1  1.47     1.93
109 sigma_ga…  1.15     1.19    0.294   0.331    0.718    1.67e+0  1.28     2.79
# ℹ 1 more variable: ess_tail <dbl>
[1] "Calculating lambda_mean..."
[1] "Calculating lambda_test_mean..."
[1] "Calculating y_rep_mean..."
[1] "Calculating y_test_rep_mean..."
[1] "Generating plots..."
[1] "exposure_VLZX7K2M9QD4T_1"        "exposure_SRQS8F7JWA9MZ_1"
[3] "exposure_SRQS8F7JWA9MZ_2" "exposure_2HRX9P6HKXA8V_1"
[5] "exposure_JHDN7CF1C03X5_1" "exposure_L69HYJ4Y3TR91_1"
[7] "exposure_ED5J990H5VAZT_1"
[1] 6
Adding missing grouping variables: `location_id_num`
[1] "Skipping daily plot for VLZX7K2M9QD4T due to missing daily data."
[1] "Skipping daily plot for SRQS8F7JWA9MZ due to missing daily data."
[1] "Skipping daily plot for 2HRX9P6HKXA8V due to missing daily data."
[1] "Skipping daily plot for JHDN7CF1C03X5 due to missing daily data."
[1] "Skipping daily plot for L69HYJ4Y3TR91 due to missing daily data."
[1] "Skipping daily plot for ED5J990H5VAZT due to missing daily data."
[1] "Skipping MLflow logging as existing fit file was loaded."
[1] "Done."
           used  (Mb) gc trigger   (Mb)  max used   (Mb)
Ncells  5126309 273.8    7601111  406.0   7601111  406.0
Vcells 10839303  82.7  247345524 1887.1 309181682 2358.9
Warning messages:
1: Dropping 'draws_df' class as required metadata was removed. 
2: Dropping 'draws_df' class as required metadata was removed. 
3: Dropping 'draws_df' class as required metadata was removed. 
4: Dropping 'draws_df' class as required metadata was removed. 
