- The project is out-of-sync -- use `renv::status()` for details.
── Attaching core tidyverse packages ──────────────────────── tidyverse 2.0.0 ──
✔ dplyr     1.1.4     ✔ readr     2.1.5
✔ forcats   1.0.0     ✔ stringr   1.5.1
✔ ggplot2   3.5.1     ✔ tibble    3.2.1
✔ lubridate 1.9.4     ✔ tidyr     1.3.1
✔ purrr     1.0.4     
[conflicted] Will prefer dplyr::select over any other package.
[conflicted] Will prefer dplyr::filter over any other package.
[conflicted] Will prefer lubridate::year over any other package.
[conflicted] Will prefer lubridate::month over any other package.
[conflicted] Will prefer purrr::map over any other package.
[conflicted] Will prefer stats::sd over any other package.
[conflicted] Will prefer base::match over any other package.
This is cmdstanr version 0.9.0
- CmdStanR documentation and vignettes: mc-stan.org/cmdstanr
- CmdStan path: /home/nuttidalab/.cmdstan/cmdstan-2.36.0
- CmdStan version: 2.36.0

A newer version of CmdStan is available. See ?install_cmdstan() to install it.
To disable this check set option or environment variable cmdstanr_no_ver_check=TRUE.
This is posterior version 1.6.0
Registered S3 method overwritten by 'tsibble':
  method               from 
  as_tibble.grouped_df dplyr
── Attaching packages ──────────────────────────────────────────── fpp3 1.0.1 ──
✔ tsibble     1.1.6     ✔ feasts      0.4.1
✔ tsibbledata 0.4.1     ✔ fable       0.4.1
Loading required package: R.oo
Loading required package: R.methodsS3
R.methodsS3 v1.8.2 (2022-06-13 22:00:14 UTC) successfully loaded. See ?R.methodsS3 for help.
R.oo v1.27.0 (2024-11-01 18:00:02 UTC) successfully loaded. See ?R.oo for help.

Attaching package: ‘R.oo’

The following object is masked from ‘package:R.methodsS3’:

    throw

The following object is masked from ‘package:shiny’:

    printStackTrace

The following object is masked from ‘package:renv’:

    load

The following objects are masked from ‘package:methods’:

    getClasses, getMethods

The following objects are masked from ‘package:base’:

    attach, detach, load, save

R.utils v2.13.0 (2025-02-24 21:20:02 UTC) successfully loaded. See ?R.utils for help.
Registered S3 method overwritten by 'quantmod':
  method            from
  as.zoo.data.frame zoo 
Registered S3 methods overwritten by 'bayesforecast':
  method      from    
  autoplot.ts forecast
  forecast.ts forecast
  fortify.ts  forecast
  print.garch tseries 
[1] "# of rows: 34628"
[1] "# of rows: 8323"
[1] "Found 14 exposure columns in the data: exposure_VLZX7K2M9QD4T_1, exposure_SRQS8F7JWA9MZ_1, exposure_SRQS8F7JWA9MZ_2, exposure_2HRX9P6HKXA8V_1, exposure_JHDN7CF1C03X5_1, exposure_L69HYJ4Y3TR91_1, exposure_ED5J990H5VAZT_1, exposure_VLZX7K2M9QD4T_1_slope, exposure_SRQS8F7JWA9MZ_1_slope, exposure_SRQS8F7JWA9MZ_2_slope, exposure_2HRX9P6HKXA8V_1_slope, exposure_JHDN7CF1C03X5_1_slope, exposure_L69HYJ4Y3TR91_1_slope, exposure_ED5J990H5VAZT_1_slope"
Numeric columns considered for scaling:
vegan_window_sum_item_quantity,
vegetarian_window_sum_item_quantity,
meat_window_sum_item_quantity,
vegan_window_avg_item_price,
vegetarian_window_avg_item_price,
meat_window_avg_item_price,
breakfast_p_window_avg_item_price,
textured_p_window_avg_item_price,
untextured_p_window_avg_item_price,
chicken_p_window_avg_item_price,
dairy_p_window_avg_item_price,
egg_p_window_avg_item_price,
breakfast_window_avg_item_price,
textured_window_avg_item_price,
untextured_window_avg_item_price,
breakfast_t2_window_avg_item_price,
textured_t2_window_avg_item_price,
untextured_t2_window_avg_item_price,
chicken_t2_window_avg_item_price,
dairy_t2_window_avg_item_price,
day_of_month,
__index_level_0__,
Value,
vegan_price_real,
vegetarian_price_real,
meat_price_real,
breakfast_p_price_real,
textured_p_price_real,
untextured_p_price_real,
chicken_p_price_real,
dairy_p_price_real,
egg_p_price_real,
breakfast_price_real,
textured_price_real,
untextured_price_real,
breakfast_t2_price_real,
textured_t2_price_real,
untextured_t2_price_real,
chicken_t2_price_real,
dairy_t2_price_real,
inflation,
temp,
precip[1] "Successfully created `expo_to_rest` mapping."
[1] "Successfully created `expo_to_param` mapping."
Identified 14 exposure columns in the design matrix: 
exposure_VLZX7K2M9QD4T_1, 
exposure_SRQS8F7JWA9MZ_1, 
exposure_SRQS8F7JWA9MZ_2, 
exposure_2HRX9P6HKXA8V_1, 
exposure_JHDN7CF1C03X5_1, 
exposure_L69HYJ4Y3TR91_1, 
exposure_ED5J990H5VAZT_1, 
exposure_VLZX7K2M9QD4T_1_slope, 
exposure_SRQS8F7JWA9MZ_1_slope, 
exposure_SRQS8F7JWA9MZ_2_slope, 
exposure_2HRX9P6HKXA8V_1_slope, 
exposure_JHDN7CF1C03X5_1_slope, 
exposure_L69HYJ4Y3TR91_1_slope, 
exposure_ED5J990H5VAZT_1_slope
Identified 30 random beta columns: 
vegan_price_real, 
vegetarian_price_real, 
meat_price_real, 
weekend, 
holiday_window, 
month_cat2, 
month_cat3, 
month_cat4, 
month_cat5, 
month_cat6, 
month_cat7, 
month_cat8, 
month_cat9, 
month_cat10, 
month_cat11, 
month_cat12, 
seasonspring, 
seasonsummer, 
seasonwinter, 
year_cat2014, 
year_cat2015, 
year_cat2016, 
year_cat2017, 
year_cat2018, 
year_cat2019, 
year_cat2020, 
year_cat2021, 
year_cat2022, 
year_cat2023, 
date_num
Identified 9 fixed beta columns: 
day_of_week_cat1, 
day_of_week_cat2, 
day_of_week_cat3, 
day_of_week_cat4, 
day_of_week_cat5, 
day_of_week_cat6, 
inflation, 
temp, 
precip
Identified 2 random alpha indices (positions): 
1, 7
Identified 2 random delta indices (positions): 
1, 7
[1] "Open-day filtering: using 7166 of 7904 train obs, 396 of 419 test obs"
$R
[1] 6

$J
[1] 54

$p_effective
[1] 12

$q_effective
[1] 12

$M
[1] 2

$idx_intercept
[1] 1

$K_beta_random
[1] 30

$idx_beta_random
[1] 2 3 4 5 6 7

$K_beta_fixed
[1] 9

$idx_beta_fixed
[1] 32 33 34 35 36 37

$K_exposure
[1] 14

$idx_exposure
[1] 41 42 43 44 45 46

$expo_to_rest
[1] 1 2 2 3 4 5

$expo_to_param
[1] 1 1 1 1 1 1

$effective_lags_alpha
[1] 1 2 3 4 5 6

$K_alpha_random
[1] 2

$idx_alpha_random
[1] 1 7

$K_alpha_fixed
[1] 10

$idx_alpha_fixed
[1] 2 3 4 5 6 8

$effective_lags_delta
[1] 1 2 3 4 5 6

$K_delta_random
[1] 2

$idx_delta_random
[1] 1 7

$K_delta_fixed
[1] 10

$idx_delta_fixed
[1] 2 3 4 5 6 8

$N_train
[1] 7904

$X_train
  (Intercept) vegan_price_real vegetarian_price_real meat_price_real weekend
1           1       0.40385051             1.0711448     -0.02610961       1
2           1       1.25862927             0.3248613     -0.36300612       0
3           1       0.04434255             0.8651994      0.02587027       0
4           1       1.27233854             2.1529520     -0.34176686       0
5           1       0.32778335             0.2231908     -0.48801448       0
6           1       0.02400521             0.7189555      0.37959151       0
  holiday_window month_cat2 month_cat3 month_cat4 month_cat5 month_cat6
1              0          0          0          1          0          0
2              0          0          0          1          0          0
3              0          0          0          1          0          0
4              0          0          0          1          0          0
5              0          0          0          1          0          0
6              0          0          0          1          0          0
  month_cat7 month_cat8 month_cat9 month_cat10 month_cat11 month_cat12
1          0          0          0           0           0           0
2          0          0          0           0           0           0
3          0          0          0           0           0           0
4          0          0          0           0           0           0
5          0          0          0           0           0           0
6          0          0          0           0           0           0
  seasonspring seasonsummer seasonwinter year_cat2014 year_cat2015 year_cat2016
1            1            0            0            0            0            0
2            1            0            0            0            0            0
3            1            0            0            0            0            0
4            1            0            0            0            0            0
5            1            0            0            0            0            0
6            1            0            0            0            0            0
  year_cat2017 year_cat2018 year_cat2019 year_cat2020 year_cat2021 year_cat2022
1            0            0            0            0            1            0
2            0            0            0            0            1            0
3            0            0            0            0            1            0
4            0            0            0            0            1            0
5            0            0            0            0            1            0
6            0            0            0            0            1            0
  year_cat2023 date_num day_of_week_cat1 day_of_week_cat2 day_of_week_cat3
1            0 51.29363                0                0                0
2            0 51.29637                0                0                0
3            0 51.29911                1                0                0
4            0 51.30185                0                1                0
5            0 51.30459                0                0                1
6            0 51.30732                0                0                0
  day_of_week_cat4 day_of_week_cat5 day_of_week_cat6 inflation       temp
1                0                0                1 -1.756041  0.2058671
2                0                0                0 -1.756041 -0.9171702
3                0                0                0 -1.756041 -0.8251179
4                0                0                0 -1.756041 -1.3222000
5                0                0                0 -1.756041 -1.4326627
6                1                0                0 -1.756041 -0.7146553
      precip exposure_VLZX7K2M9QD4T_1 exposure_SRQS8F7JWA9MZ_1
1 -0.1813815                 0                        0
2 -0.1813815                 0                        0
3 -0.1813815                 0                        0
4 -0.1813815                 0                        0
5 -0.1813815                 0                        0
6 -0.1813815                 0                        0
  exposure_SRQS8F7JWA9MZ_2 exposure_2HRX9P6HKXA8V_1 exposure_JHDN7CF1C03X5_1
1                        0                        0                        0
2                        0                        0                        0
3                        0                        0                        0
4                        0                        0                        0
5                        0                        0                        0
6                        0                        0                        0
  exposure_L69HYJ4Y3TR91_1 exposure_ED5J990H5VAZT_1 exposure_VLZX7K2M9QD4T_1_slope
1                        0                        0                       0
2                        0                        0                       0
3                        0                        0                       0
4                        0                        0                       0
5                        0                        0                       0
6                        0                        0                       0
  exposure_SRQS8F7JWA9MZ_1_slope exposure_SRQS8F7JWA9MZ_2_slope
1                              0                              0
2                              0                              0
3                              0                              0
4                              0                              0
5                              0                              0
6                              0                              0
  exposure_2HRX9P6HKXA8V_1_slope exposure_JHDN7CF1C03X5_1_slope
1                              0                              0
2                              0                              0
3                              0                              0
4                              0                              0
5                              0                              0
6                              0                              0
  exposure_L69HYJ4Y3TR91_1_slope exposure_ED5J990H5VAZT_1_slope
1                              0                              0
2                              0                              0
3                              0                              0
4                              0                              0
5                              0                              0
6                              0                              0

$y_train
[1] 1632 1271 1298 1330 1327 1339

$idx_to_rest_train
[1] 1 1 1 1 1 1

$train_start_idx
[1]    1  347 1854 3442 4969 5287

$train_end_idx
[1]  346 1853 3441 4968 5286 7904

$N_test
[1] 419

$X_test
  (Intercept) vegan_price_real vegetarian_price_real meat_price_real weekend
1           1       -0.6859547            -0.9966515      -1.1888650       0
2           1        0.2629068            -1.2499632      -0.1869330       0
3           1       -0.4985976            -0.5248328      -0.7860672       0
4           1       -2.1638568            -2.8208443      -0.8300695       1
5           1       -1.2945464            -1.4078756      -1.0676717       1
6           1        0.9682882            -0.8194044      -0.8264540       0
  holiday_window month_cat2 month_cat3 month_cat4 month_cat5 month_cat6
1              0          0          1          0          0          0
2              0          0          1          0          0          0
3              0          0          0          1          0          0
4              0          0          0          1          0          0
5              0          0          0          1          0          0
6              0          0          0          1          0          0
  month_cat7 month_cat8 month_cat9 month_cat10 month_cat11 month_cat12
1          0          0          0           0           0           0
2          0          0          0           0           0           0
3          0          0          0           0           0           0
4          0          0          0           0           0           0
5          0          0          0           0           0           0
6          0          0          0           0           0           0
  seasonspring seasonsummer seasonwinter year_cat2014 year_cat2015 year_cat2016
1            1            0            0            0            0            0
2            1            0            0            0            0            0
3            1            0            0            0            0            0
4            1            0            0            0            0            0
5            1            0            0            0            0            0
6            1            0            0            0            0            0
  year_cat2017 year_cat2018 year_cat2019 year_cat2020 year_cat2021 year_cat2022
1            0            0            0            0            0            1
2            0            0            0            0            0            1
3            0            0            0            0            0            1
4            0            0            0            0            0            1
5            0            0            0            0            0            1
6            0            0            0            0            0            1
  year_cat2023 date_num day_of_week_cat1 day_of_week_cat2 day_of_week_cat3
1            0 52.24093                0                1                0
2            0 52.24367                0                0                1
3            0 52.24641                0                0                0
4            0 52.24914                0                0                0
5            0 52.25188                0                0                0
6            0 52.25462                0                0                0
  day_of_week_cat4 day_of_week_cat5 day_of_week_cat6 inflation       temp
1                0                0                0  1.437193 -0.8251179
2                0                0                0  1.437193 -0.4016777
3                1                0                0  1.737714 -0.2912150
4                0                1                0  1.737714  0.4083820
5                0                0                1  1.737714 -0.3096254
6                0                0                0  1.737714 -0.6041926
      precip exposure_VLZX7K2M9QD4T_1 exposure_SRQS8F7JWA9MZ_1
1 -0.1813815                 1                        0
2 -0.1813815                 1                        0
3 -0.1813815                 1                        0
4 -0.1813815                 1                        0
5 -0.1813815                 1                        0
6 -0.1813815                 1                        0
  exposure_SRQS8F7JWA9MZ_2 exposure_2HRX9P6HKXA8V_1 exposure_JHDN7CF1C03X5_1
1                        0                        0                        0
2                        0                        0                        0
3                        0                        0                        0
4                        0                        0                        0
5                        0                        0                        0
6                        0                        0                        0
  exposure_L69HYJ4Y3TR91_1 exposure_ED5J990H5VAZT_1 exposure_VLZX7K2M9QD4T_1_slope
1                        0                        0               0.4462697
2                        0                        0               0.4490075
3                        0                        0               0.4517454
4                        0                        0               0.4544832
5                        0                        0               0.4572211
6                        0                        0               0.4599589
  exposure_SRQS8F7JWA9MZ_1_slope exposure_SRQS8F7JWA9MZ_2_slope
1                              0                              0
2                              0                              0
3                              0                              0
4                              0                              0
5                              0                              0
6                              0                              0
  exposure_2HRX9P6HKXA8V_1_slope exposure_JHDN7CF1C03X5_1_slope
1                              0                              0
2                              0                              0
3                              0                              0
4                              0                              0
5                              0                              0
6                              0                              0
  exposure_L69HYJ4Y3TR91_1_slope exposure_ED5J990H5VAZT_1_slope
1                              0                              0
2                              0                              0
3                              0                              0
4                              0                              0
5                              0                              0
6                              0                              0

$y_test
[1] 1781 1805 1857 2153 2049 1579

$idx_to_rest_test
[1] 1 1 1 1 1 1

$test_start_idx
[1]   1  20 100 184 265 282

$test_end_idx
[1]  19  99 183 264 281 419

$mu_gamma_scale
[1] 1

$sigma_gamma_between_scale
[1] 1

$sigma_gamma_within_scale
[1] 1

$mu_beta_scale
[1] 1

$sigma_beta_scale
[1] 1

$mu_alpha_scale
[1] 1

$sigma_alpha_scale
[1] 1

$mu_delta_scale
[1] 1

$sigma_delta_scale
[1] 1

$mu_phi_log_scale
[1] 2

$sigma_phi_log_scale
[1] 1

$z_eta_scale
[1] 1

$z_gamma_scale
[1] 1

$z_beta_scale
[1] 1

$z_alpha_scale
[1] 1

$z_delta_scale
[1] 1

$z_phi_scale
[1] 1

$apply_truncation
[1] 0

$N_total_nonzero
[1] 7166

$idx_total_nonzero
[1] 1 2 3 4 5 6

$N_total_nonzero_test
[1] 396

$idx_total_nonzero_test
[1] 1 2 3 4 5 6

[1] "Using Stan model: model_multilevel_transfer_truncated.stan"
[1] "Fitting the multilevel model..."
Running MCMC with 3 parallel chains...

Chain 1 Informational Message: The current Metropolis proposal is about to be rejected because of the following issue:
Chain 1 Exception: neg_binomial_2_lpmf: Location parameter[1] is inf, but must be positive finite! (in '/tmp/RtmpluAkZI/model-1522431ee35391.stan', line 495, column 4 to column 67)
Chain 1 If this warning occurs sporadically, such as for highly constrained variable types like covariance matrices, then the sampler is fine,
Chain 1 but if this warning occurs often then your model may be either severely ill-conditioned or misspecified.
Chain 1 
Chain 1 Informational Message: The current Metropolis proposal is about to be rejected because of the following issue:
Chain 1 Exception: neg_binomial_2_lpmf: Location parameter[1] is inf, but must be positive finite! (in '/tmp/RtmpluAkZI/model-1522431ee35391.stan', line 495, column 4 to column 67)
Chain 1 If this warning occurs sporadically, such as for highly constrained variable types like covariance matrices, then the sampler is fine,
Chain 1 but if this warning occurs often then your model may be either severely ill-conditioned or misspecified.
Chain 1 
Chain 2 Informational Message: The current Metropolis proposal is about to be rejected because of the following issue:
Chain 2 Exception: neg_binomial_2_lpmf: Location parameter[1] is -nan, but must be positive finite! (in '/tmp/RtmpluAkZI/model-1522431ee35391.stan', line 495, column 4 to column 67)
Chain 2 If this warning occurs sporadically, such as for highly constrained variable types like covariance matrices, then the sampler is fine,
Chain 2 but if this warning occurs often then your model may be either severely ill-conditioned or misspecified.
Chain 2 
Chain 2 Informational Message: The current Metropolis proposal is about to be rejected because of the following issue:
Chain 2 Exception: neg_binomial_2_lpmf: Location parameter[1] is -nan, but must be positive finite! (in '/tmp/RtmpluAkZI/model-1522431ee35391.stan', line 495, column 4 to column 67)
Chain 2 If this warning occurs sporadically, such as for highly constrained variable types like covariance matrices, then the sampler is fine,
Chain 2 but if this warning occurs often then your model may be either severely ill-conditioned or misspecified.
Chain 2 
Chain 2 Informational Message: The current Metropolis proposal is about to be rejected because of the following issue:
Chain 2 Exception: neg_binomial_2_lpmf: Location parameter[1] is -nan, but must be positive finite! (in '/tmp/RtmpluAkZI/model-1522431ee35391.stan', line 495, column 4 to column 67)
Chain 2 If this warning occurs sporadically, such as for highly constrained variable types like covariance matrices, then the sampler is fine,
Chain 2 but if this warning occurs often then your model may be either severely ill-conditioned or misspecified.
Chain 2 
Chain 1 Informational Message: The current Metropolis proposal is about to be rejected because of the following issue:
Chain 1 Exception: neg_binomial_2_lpmf: Location parameter[1] is inf, but must be positive finite! (in '/tmp/RtmpluAkZI/model-1522431ee35391.stan', line 495, column 4 to column 67)
Chain 1 If this warning occurs sporadically, such as for highly constrained variable types like covariance matrices, then the sampler is fine,
Chain 1 but if this warning occurs often then your model may be either severely ill-conditioned or misspecified.
Chain 1 
Chain 1 Informational Message: The current Metropolis proposal is about to be rejected because of the following issue:
Chain 1 Exception: neg_binomial_2_lpmf: Location parameter[1] is inf, but must be positive finite! (in '/tmp/RtmpluAkZI/model-1522431ee35391.stan', line 495, column 4 to column 67)
Chain 1 If this warning occurs sporadically, such as for highly constrained variable types like covariance matrices, then the sampler is fine,
Chain 1 but if this warning occurs often then your model may be either severely ill-conditioned or misspecified.
Chain 1 
Chain 1 Informational Message: The current Metropolis proposal is about to be rejected because of the following issue:
Chain 1 Exception: neg_binomial_2_lpmf: Location parameter[1] is inf, but must be positive finite! (in '/tmp/RtmpluAkZI/model-1522431ee35391.stan', line 495, column 4 to column 67)
Chain 1 If this warning occurs sporadically, such as for highly constrained variable types like covariance matrices, then the sampler is fine,
Chain 1 but if this warning occurs often then your model may be either severely ill-conditioned or misspecified.
Chain 1 
Chain 2 Informational Message: The current Metropolis proposal is about to be rejected because of the following issue:
Chain 2 Exception: neg_binomial_2_lpmf: Location parameter[1] is -nan, but must be positive finite! (in '/tmp/RtmpluAkZI/model-1522431ee35391.stan', line 495, column 4 to column 67)
Chain 2 If this warning occurs sporadically, such as for highly constrained variable types like covariance matrices, then the sampler is fine,
Chain 2 but if this warning occurs often then your model may be either severely ill-conditioned or misspecified.
Chain 2 
Chain 3 Informational Message: The current Metropolis proposal is about to be rejected because of the following issue:
Chain 3 Exception: neg_binomial_2_lpmf: Location parameter[1] is inf, but must be positive finite! (in '/tmp/RtmpluAkZI/model-1522431ee35391.stan', line 495, column 4 to column 67)
Chain 3 If this warning occurs sporadically, such as for highly constrained variable types like covariance matrices, then the sampler is fine,
Chain 3 but if this warning occurs often then your model may be either severely ill-conditioned or misspecified.
Chain 3 
Chain 1 Informational Message: The current Metropolis proposal is about to be rejected because of the following issue:
Chain 1 Exception: neg_binomial_2_lpmf: Location parameter[1] is inf, but must be positive finite! (in '/tmp/RtmpluAkZI/model-1522431ee35391.stan', line 495, column 4 to column 67)
Chain 1 If this warning occurs sporadically, such as for highly constrained variable types like covariance matrices, then the sampler is fine,
Chain 1 but if this warning occurs often then your model may be either severely ill-conditioned or misspecified.
Chain 1 
Chain 3 Informational Message: The current Metropolis proposal is about to be rejected because of the following issue:
Chain 3 Exception: neg_binomial_2_lpmf: Location parameter[1] is inf, but must be positive finite! (in '/tmp/RtmpluAkZI/model-1522431ee35391.stan', line 495, column 4 to column 67)
Chain 3 If this warning occurs sporadically, such as for highly constrained variable types like covariance matrices, then the sampler is fine,
Chain 3 but if this warning occurs often then your model may be either severely ill-conditioned or misspecified.
Chain 3 
Chain 1 Informational Message: The current Metropolis proposal is about to be rejected because of the following issue:
Chain 1 Exception: neg_binomial_2_lpmf: Location parameter[1] is inf, but must be positive finite! (in '/tmp/RtmpluAkZI/model-1522431ee35391.stan', line 495, column 4 to column 67)
Chain 1 If this warning occurs sporadically, such as for highly constrained variable types like covariance matrices, then the sampler is fine,
Chain 1 but if this warning occurs often then your model may be either severely ill-conditioned or misspecified.
Chain 1 
Chain 2 Informational Message: The current Metropolis proposal is about to be rejected because of the following issue:
Chain 2 Exception: neg_binomial_2_lpmf: Location parameter[1] is -nan, but must be positive finite! (in '/tmp/RtmpluAkZI/model-1522431ee35391.stan', line 495, column 4 to column 67)
Chain 2 If this warning occurs sporadically, such as for highly constrained variable types like covariance matrices, then the sampler is fine,
Chain 2 but if this warning occurs often then your model may be either severely ill-conditioned or misspecified.
Chain 2 
Chain 3 Informational Message: The current Metropolis proposal is about to be rejected because of the following issue:
Chain 3 Exception: neg_binomial_2_lpmf: Location parameter[1] is inf, but must be positive finite! (in '/tmp/RtmpluAkZI/model-1522431ee35391.stan', line 495, column 4 to column 67)
Chain 3 If this warning occurs sporadically, such as for highly constrained variable types like covariance matrices, then the sampler is fine,
Chain 3 but if this warning occurs often then your model may be either severely ill-conditioned or misspecified.
Chain 3 
Chain 1 Informational Message: The current Metropolis proposal is about to be rejected because of the following issue:
Chain 1 Exception: neg_binomial_2_lpmf: Location parameter[1] is inf, but must be positive finite! (in '/tmp/RtmpluAkZI/model-1522431ee35391.stan', line 495, column 4 to column 67)
Chain 1 If this warning occurs sporadically, such as for highly constrained variable types like covariance matrices, then the sampler is fine,
Chain 1 but if this warning occurs often then your model may be either severely ill-conditioned or misspecified.
Chain 1 
Chain 2 Informational Message: The current Metropolis proposal is about to be rejected because of the following issue:
Chain 2 Exception: neg_binomial_2_lpmf: Location parameter[1] is 0, but must be positive finite! (in '/tmp/RtmpluAkZI/model-1522431ee35391.stan', line 495, column 4 to column 67)
Chain 2 If this warning occurs sporadically, such as for highly constrained variable types like covariance matrices, then the sampler is fine,
Chain 2 but if this warning occurs often then your model may be either severely ill-conditioned or misspecified.
Chain 2 
Chain 3 Informational Message: The current Metropolis proposal is about to be rejected because of the following issue:
Chain 3 Exception: neg_binomial_2_lpmf: Location parameter[1] is inf, but must be positive finite! (in '/tmp/RtmpluAkZI/model-1522431ee35391.stan', line 495, column 4 to column 67)
Chain 3 If this warning occurs sporadically, such as for highly constrained variable types like covariance matrices, then the sampler is fine,
Chain 3 but if this warning occurs often then your model may be either severely ill-conditioned or misspecified.
Chain 3 
Chain 2 Informational Message: The current Metropolis proposal is about to be rejected because of the following issue:
Chain 2 Exception: neg_binomial_2_lpmf: Location parameter[1] is 0, but must be positive finite! (in '/tmp/RtmpluAkZI/model-1522431ee35391.stan', line 495, column 4 to column 67)
Chain 2 If this warning occurs sporadically, such as for highly constrained variable types like covariance matrices, then the sampler is fine,
Chain 2 but if this warning occurs often then your model may be either severely ill-conditioned or misspecified.
Chain 2 
Chain 1 Informational Message: The current Metropolis proposal is about to be rejected because of the following issue:
Chain 1 Exception: neg_binomial_2_lpmf: Location parameter[1] is inf, but must be positive finite! (in '/tmp/RtmpluAkZI/model-1522431ee35391.stan', line 495, column 4 to column 67)
Chain 1 If this warning occurs sporadically, such as for highly constrained variable types like covariance matrices, then the sampler is fine,
Chain 1 but if this warning occurs often then your model may be either severely ill-conditioned or misspecified.
Chain 1 
Chain 2 Informational Message: The current Metropolis proposal is about to be rejected because of the following issue:
Chain 2 Exception: neg_binomial_2_lpmf: Location parameter[1] is 0, but must be positive finite! (in '/tmp/RtmpluAkZI/model-1522431ee35391.stan', line 495, column 4 to column 67)
Chain 2 If this warning occurs sporadically, such as for highly constrained variable types like covariance matrices, then the sampler is fine,
Chain 2 but if this warning occurs often then your model may be either severely ill-conditioned or misspecified.
Chain 2 
Chain 3 Informational Message: The current Metropolis proposal is about to be rejected because of the following issue:
Chain 3 Exception: neg_binomial_2_lpmf: Location parameter[1] is inf, but must be positive finite! (in '/tmp/RtmpluAkZI/model-1522431ee35391.stan', line 495, column 4 to column 67)
Chain 3 If this warning occurs sporadically, such as for highly constrained variable types like covariance matrices, then the sampler is fine,
Chain 3 but if this warning occurs often then your model may be either severely ill-conditioned or misspecified.
Chain 3 
Chain 1 Informational Message: The current Metropolis proposal is about to be rejected because of the following issue:
Chain 1 Exception: neg_binomial_2_lpmf: Location parameter[1] is inf, but must be positive finite! (in '/tmp/RtmpluAkZI/model-1522431ee35391.stan', line 495, column 4 to column 67)
Chain 1 If this warning occurs sporadically, such as for highly constrained variable types like covariance matrices, then the sampler is fine,
Chain 1 but if this warning occurs often then your model may be either severely ill-conditioned or misspecified.
Chain 1 
Chain 3 Informational Message: The current Metropolis proposal is about to be rejected because of the following issue:
Chain 3 Exception: neg_binomial_2_lpmf: Location parameter[1] is inf, but must be positive finite! (in '/tmp/RtmpluAkZI/model-1522431ee35391.stan', line 495, column 4 to column 67)
Chain 3 If this warning occurs sporadically, such as for highly constrained variable types like covariance matrices, then the sampler is fine,
Chain 3 but if this warning occurs often then your model may be either severely ill-conditioned or misspecified.
Chain 3 
Chain 1 Informational Message: The current Metropolis proposal is about to be rejected because of the following issue:
Chain 1 Exception: neg_binomial_2_lpmf: Location parameter[16] is inf, but must be positive finite! (in '/tmp/RtmpluAkZI/model-1522431ee35391.stan', line 495, column 4 to column 67)
Chain 1 If this warning occurs sporadically, such as for highly constrained variable types like covariance matrices, then the sampler is fine,
Chain 1 but if this warning occurs often then your model may be either severely ill-conditioned or misspecified.
Chain 1 
Chain 2 Informational Message: The current Metropolis proposal is about to be rejected because of the following issue:
Chain 2 Exception: neg_binomial_2_lpmf: Location parameter[19] is inf, but must be positive finite! (in '/tmp/RtmpluAkZI/model-1522431ee35391.stan', line 495, column 4 to column 67)
Chain 2 If this warning occurs sporadically, such as for highly constrained variable types like covariance matrices, then the sampler is fine,
Chain 2 but if this warning occurs often then your model may be either severely ill-conditioned or misspecified.
Chain 2 
Chain 3 Informational Message: The current Metropolis proposal is about to be rejected because of the following issue:
Chain 3 Exception: neg_binomial_2_lpmf: Location parameter[1] is inf, but must be positive finite! (in '/tmp/RtmpluAkZI/model-1522431ee35391.stan', line 495, column 4 to column 67)
Chain 3 If this warning occurs sporadically, such as for highly constrained variable types like covariance matrices, then the sampler is fine,
Chain 3 but if this warning occurs often then your model may be either severely ill-conditioned or misspecified.
Chain 3 
Chain 2 Informational Message: The current Metropolis proposal is about to be rejected because of the following issue:
Chain 2 Exception: neg_binomial_2_lpmf: Location parameter[26] is inf, but must be positive finite! (in '/tmp/RtmpluAkZI/model-1522431ee35391.stan', line 495, column 4 to column 67)
Chain 2 If this warning occurs sporadically, such as for highly constrained variable types like covariance matrices, then the sampler is fine,
Chain 2 but if this warning occurs often then your model may be either severely ill-conditioned or misspecified.
Chain 2 
Chain 3 Informational Message: The current Metropolis proposal is about to be rejected because of the following issue:
Chain 3 Exception: neg_binomial_2_lpmf: Location parameter[1] is inf, but must be positive finite! (in '/tmp/RtmpluAkZI/model-1522431ee35391.stan', line 495, column 4 to column 67)
Chain 3 If this warning occurs sporadically, such as for highly constrained variable types like covariance matrices, then the sampler is fine,
Chain 3 but if this warning occurs often then your model may be either severely ill-conditioned or misspecified.
Chain 3 
Chain 2 Informational Message: The current Metropolis proposal is about to be rejected because of the following issue:
Chain 2 Exception: neg_binomial_2_lpmf: Location parameter[48] is 0, but must be positive finite! (in '/tmp/RtmpluAkZI/model-1522431ee35391.stan', line 495, column 4 to column 67)
Chain 2 If this warning occurs sporadically, such as for highly constrained variable types like covariance matrices, then the sampler is fine,
Chain 2 but if this warning occurs often then your model may be either severely ill-conditioned or misspecified.
Chain 2 
Chain 3 Informational Message: The current Metropolis proposal is about to be rejected because of the following issue:
Chain 3 Exception: neg_binomial_2_lpmf: Location parameter[1] is inf, but must be positive finite! (in '/tmp/RtmpluAkZI/model-1522431ee35391.stan', line 495, column 4 to column 67)
Chain 3 If this warning occurs sporadically, such as for highly constrained variable types like covariance matrices, then the sampler is fine,
Chain 3 but if this warning occurs often then your model may be either severely ill-conditioned or misspecified.
Chain 3 
Chain 3 Informational Message: The current Metropolis proposal is about to be rejected because of the following issue:
Chain 3 Exception: neg_binomial_2_lpmf: Location parameter[1] is inf, but must be positive finite! (in '/tmp/RtmpluAkZI/model-1522431ee35391.stan', line 495, column 4 to column 67)
Chain 3 If this warning occurs sporadically, such as for highly constrained variable types like covariance matrices, then the sampler is fine,
Chain 3 but if this warning occurs often then your model may be either severely ill-conditioned or misspecified.
Chain 3 
Chain 1 Iteration:    1 / 3500 [  0%]  (Warmup) 
Chain 3 Informational Message: The current Metropolis proposal is about to be rejected because of the following issue:
Chain 3 Exception: neg_binomial_2_lpmf: Location parameter[1] is inf, but must be positive finite! (in '/tmp/RtmpluAkZI/model-1522431ee35391.stan', line 495, column 4 to column 67)
Chain 3 If this warning occurs sporadically, such as for highly constrained variable types like covariance matrices, then the sampler is fine,
Chain 3 but if this warning occurs often then your model may be either severely ill-conditioned or misspecified.
Chain 3 
Chain 1 Informational Message: The current Metropolis proposal is about to be rejected because of the following issue:
Chain 1 Exception: neg_binomial_2_lpmf: Location parameter[1] is -nan, but must be positive finite! (in '/tmp/RtmpluAkZI/model-1522431ee35391.stan', line 495, column 4 to column 67)
Chain 1 If this warning occurs sporadically, such as for highly constrained variable types like covariance matrices, then the sampler is fine,
Chain 1 but if this warning occurs often then your model may be either severely ill-conditioned or misspecified.
Chain 1 
Chain 1 Informational Message: The current Metropolis proposal is about to be rejected because of the following issue:
Chain 1 Exception: neg_binomial_2_lpmf: Location parameter[1] is -nan, but must be positive finite! (in '/tmp/RtmpluAkZI/model-1522431ee35391.stan', line 495, column 4 to column 67)
Chain 1 If this warning occurs sporadically, such as for highly constrained variable types like covariance matrices, then the sampler is fine,
Chain 1 but if this warning occurs often then your model may be either severely ill-conditioned or misspecified.
Chain 1 
Chain 2 Iteration:    1 / 3500 [  0%]  (Warmup) 
Chain 1 Informational Message: The current Metropolis proposal is about to be rejected because of the following issue:
Chain 1 Exception: neg_binomial_2_lpmf: Location parameter[1] is 0, but must be positive finite! (in '/tmp/RtmpluAkZI/model-1522431ee35391.stan', line 495, column 4 to column 67)
Chain 1 If this warning occurs sporadically, such as for highly constrained variable types like covariance matrices, then the sampler is fine,
Chain 1 but if this warning occurs often then your model may be either severely ill-conditioned or misspecified.
Chain 1 
Chain 1 Informational Message: The current Metropolis proposal is about to be rejected because of the following issue:
Chain 1 Exception: neg_binomial_2_lpmf: Location parameter[1] is 0, but must be positive finite! (in '/tmp/RtmpluAkZI/model-1522431ee35391.stan', line 495, column 4 to column 67)
Chain 1 If this warning occurs sporadically, such as for highly constrained variable types like covariance matrices, then the sampler is fine,
Chain 1 but if this warning occurs often then your model may be either severely ill-conditioned or misspecified.
Chain 1 
Chain 2 Informational Message: The current Metropolis proposal is about to be rejected because of the following issue:
Chain 2 Exception: neg_binomial_2_lpmf: Location parameter[1] is -nan, but must be positive finite! (in '/tmp/RtmpluAkZI/model-1522431ee35391.stan', line 495, column 4 to column 67)
Chain 2 If this warning occurs sporadically, such as for highly constrained variable types like covariance matrices, then the sampler is fine,
Chain 2 but if this warning occurs often then your model may be either severely ill-conditioned or misspecified.
Chain 2 
Chain 2 Informational Message: The current Metropolis proposal is about to be rejected because of the following issue:
Chain 2 Exception: neg_binomial_2_lpmf: Location parameter[1] is -nan, but must be positive finite! (in '/tmp/RtmpluAkZI/model-1522431ee35391.stan', line 495, column 4 to column 67)
Chain 2 If this warning occurs sporadically, such as for highly constrained variable types like covariance matrices, then the sampler is fine,
Chain 2 but if this warning occurs often then your model may be either severely ill-conditioned or misspecified.
Chain 2 
Chain 3 Iteration:    1 / 3500 [  0%]  (Warmup) 
Chain 2 Informational Message: The current Metropolis proposal is about to be rejected because of the following issue:
Chain 2 Exception: neg_binomial_2_lpmf: Location parameter[1] is 0, but must be positive finite! (in '/tmp/RtmpluAkZI/model-1522431ee35391.stan', line 495, column 4 to column 67)
Chain 2 If this warning occurs sporadically, such as for highly constrained variable types like covariance matrices, then the sampler is fine,
Chain 2 but if this warning occurs often then your model may be either severely ill-conditioned or misspecified.
Chain 2 
Chain 2 Informational Message: The current Metropolis proposal is about to be rejected because of the following issue:
Chain 2 Exception: neg_binomial_2_lpmf: Location parameter[78] is inf, but must be positive finite! (in '/tmp/RtmpluAkZI/model-1522431ee35391.stan', line 495, column 4 to column 67)
Chain 2 If this warning occurs sporadically, such as for highly constrained variable types like covariance matrices, then the sampler is fine,
Chain 2 but if this warning occurs often then your model may be either severely ill-conditioned or misspecified.
Chain 2 
Chain 3 Informational Message: The current Metropolis proposal is about to be rejected because of the following issue:
Chain 3 Exception: neg_binomial_2_lpmf: Location parameter[1] is inf, but must be positive finite! (in '/tmp/RtmpluAkZI/model-1522431ee35391.stan', line 495, column 4 to column 67)
Chain 3 If this warning occurs sporadically, such as for highly constrained variable types like covariance matrices, then the sampler is fine,
Chain 3 but if this warning occurs often then your model may be either severely ill-conditioned or misspecified.
Chain 3 
Chain 3 Informational Message: The current Metropolis proposal is about to be rejected because of the following issue:
Chain 3 Exception: neg_binomial_2_lpmf: Location parameter[1] is inf, but must be positive finite! (in '/tmp/RtmpluAkZI/model-1522431ee35391.stan', line 495, column 4 to column 67)
Chain 3 If this warning occurs sporadically, such as for highly constrained variable types like covariance matrices, then the sampler is fine,
Chain 3 but if this warning occurs often then your model may be either severely ill-conditioned or misspecified.
Chain 3 
Chain 3 Informational Message: The current Metropolis proposal is about to be rejected because of the following issue:
Chain 3 Exception: neg_binomial_2_lpmf: Location parameter[1] is inf, but must be positive finite! (in '/tmp/RtmpluAkZI/model-1522431ee35391.stan', line 495, column 4 to column 67)
Chain 3 If this warning occurs sporadically, such as for highly constrained variable types like covariance matrices, then the sampler is fine,
Chain 3 but if this warning occurs often then your model may be either severely ill-conditioned or misspecified.
Chain 3 
Chain 3 Informational Message: The current Metropolis proposal is about to be rejected because of the following issue:
Chain 3 Exception: neg_binomial_2_lpmf: Location parameter[1] is inf, but must be positive finite! (in '/tmp/RtmpluAkZI/model-1522431ee35391.stan', line 495, column 4 to column 67)
Chain 3 If this warning occurs sporadically, such as for highly constrained variable types like covariance matrices, then the sampler is fine,
Chain 3 but if this warning occurs often then your model may be either severely ill-conditioned or misspecified.
Chain 3 
Chain 3 Iteration:  100 / 3500 [  2%]  (Warmup) 
Chain 2 Iteration:  100 / 3500 [  2%]  (Warmup) 
Chain 1 Iteration:  100 / 3500 [  2%]  (Warmup) 
Chain 3 Iteration:  200 / 3500 [  5%]  (Warmup) 
Chain 1 Iteration:  200 / 3500 [  5%]  (Warmup) 
Chain 2 Iteration:  200 / 3500 [  5%]  (Warmup) 
Chain 3 Iteration:  300 / 3500 [  8%]  (Warmup) 
Chain 1 Iteration:  300 / 3500 [  8%]  (Warmup) 
Chain 2 Iteration:  300 / 3500 [  8%]  (Warmup) 
Chain 3 Iteration:  400 / 3500 [ 11%]  (Warmup) 
Chain 2 Iteration:  400 / 3500 [ 11%]  (Warmup) 
Chain 1 Iteration:  400 / 3500 [ 11%]  (Warmup) 
Chain 3 Iteration:  500 / 3500 [ 14%]  (Warmup) 
Chain 1 Iteration:  500 / 3500 [ 14%]  (Warmup) 
Chain 2 Iteration:  500 / 3500 [ 14%]  (Warmup) 
Chain 3 Iteration:  600 / 3500 [ 17%]  (Warmup) 
Chain 1 Iteration:  600 / 3500 [ 17%]  (Warmup) 
Chain 2 Iteration:  600 / 3500 [ 17%]  (Warmup) 
Chain 3 Iteration:  700 / 3500 [ 20%]  (Warmup) 
Chain 1 Iteration:  700 / 3500 [ 20%]  (Warmup) 
Chain 2 Iteration:  700 / 3500 [ 20%]  (Warmup) 
Chain 3 Iteration:  800 / 3500 [ 22%]  (Warmup) 
Chain 1 Iteration:  800 / 3500 [ 22%]  (Warmup) 
Chain 2 Iteration:  800 / 3500 [ 22%]  (Warmup) 
Chain 3 Iteration:  900 / 3500 [ 25%]  (Warmup) 
Chain 1 Iteration:  900 / 3500 [ 25%]  (Warmup) 
Chain 2 Iteration:  900 / 3500 [ 25%]  (Warmup) 
Chain 3 Iteration: 1000 / 3500 [ 28%]  (Warmup) 
Chain 1 Iteration: 1000 / 3500 [ 28%]  (Warmup) 
Chain 2 Iteration: 1000 / 3500 [ 28%]  (Warmup) 
Chain 1 Iteration: 1100 / 3500 [ 31%]  (Warmup) 
Chain 3 Iteration: 1100 / 3500 [ 31%]  (Warmup) 
Chain 2 Iteration: 1100 / 3500 [ 31%]  (Warmup) 
Chain 3 Iteration: 1200 / 3500 [ 34%]  (Warmup) 
Chain 1 Iteration: 1200 / 3500 [ 34%]  (Warmup) 
Chain 2 Iteration: 1200 / 3500 [ 34%]  (Warmup) 
Chain 3 Iteration: 1300 / 3500 [ 37%]  (Warmup) 
Chain 1 Iteration: 1300 / 3500 [ 37%]  (Warmup) 
Chain 2 Iteration: 1300 / 3500 [ 37%]  (Warmup) 
Chain 3 Iteration: 1400 / 3500 [ 40%]  (Warmup) 
Chain 1 Iteration: 1400 / 3500 [ 40%]  (Warmup) 
Chain 2 Iteration: 1400 / 3500 [ 40%]  (Warmup) 
Chain 3 Iteration: 1500 / 3500 [ 42%]  (Warmup) 
Chain 3 Iteration: 1501 / 3500 [ 42%]  (Sampling) 
Chain 1 Iteration: 1500 / 3500 [ 42%]  (Warmup) 
Chain 1 Iteration: 1501 / 3500 [ 42%]  (Sampling) 
Chain 2 Iteration: 1500 / 3500 [ 42%]  (Warmup) 
Chain 2 Iteration: 1501 / 3500 [ 42%]  (Sampling) 
Chain 3 Iteration: 1600 / 3500 [ 45%]  (Sampling) 
Chain 1 Iteration: 1600 / 3500 [ 45%]  (Sampling) 
Chain 2 Iteration: 1600 / 3500 [ 45%]  (Sampling) 
Chain 3 Iteration: 1700 / 3500 [ 48%]  (Sampling) 
Chain 1 Iteration: 1700 / 3500 [ 48%]  (Sampling) 
Chain 2 Iteration: 1700 / 3500 [ 48%]  (Sampling) 
Chain 3 Iteration: 1800 / 3500 [ 51%]  (Sampling) 
Chain 1 Iteration: 1800 / 3500 [ 51%]  (Sampling) 
Chain 2 Iteration: 1800 / 3500 [ 51%]  (Sampling) 
Chain 2 Iteration: 1900 / 3500 [ 54%]  (Sampling) 
Chain 3 Iteration: 1900 / 3500 [ 54%]  (Sampling) 
Chain 1 Iteration: 1900 / 3500 [ 54%]  (Sampling) 
Chain 2 Iteration: 2000 / 3500 [ 57%]  (Sampling) 
Chain 3 Iteration: 2000 / 3500 [ 57%]  (Sampling) 
Chain 1 Iteration: 2000 / 3500 [ 57%]  (Sampling) 
Chain 2 Iteration: 2100 / 3500 [ 60%]  (Sampling) 
Chain 3 Iteration: 2100 / 3500 [ 60%]  (Sampling) 
Chain 1 Iteration: 2100 / 3500 [ 60%]  (Sampling) 
Chain 2 Iteration: 2200 / 3500 [ 62%]  (Sampling) 
Chain 3 Iteration: 2200 / 3500 [ 62%]  (Sampling) 
Chain 1 Iteration: 2200 / 3500 [ 62%]  (Sampling) 
Chain 2 Iteration: 2300 / 3500 [ 65%]  (Sampling) 
Chain 3 Iteration: 2300 / 3500 [ 65%]  (Sampling) 
Chain 1 Iteration: 2300 / 3500 [ 65%]  (Sampling) 
Chain 2 Iteration: 2400 / 3500 [ 68%]  (Sampling) 
Chain 3 Iteration: 2400 / 3500 [ 68%]  (Sampling) 
Chain 1 Iteration: 2400 / 3500 [ 68%]  (Sampling) 
Chain 2 Iteration: 2500 / 3500 [ 71%]  (Sampling) 
Chain 3 Iteration: 2500 / 3500 [ 71%]  (Sampling) 
Chain 1 Iteration: 2500 / 3500 [ 71%]  (Sampling) 
Chain 2 Iteration: 2600 / 3500 [ 74%]  (Sampling) 
Chain 3 Iteration: 2600 / 3500 [ 74%]  (Sampling) 
Chain 1 Iteration: 2600 / 3500 [ 74%]  (Sampling) 
Chain 2 Iteration: 2700 / 3500 [ 77%]  (Sampling) 
Chain 3 Iteration: 2700 / 3500 [ 77%]  (Sampling) 
Chain 1 Iteration: 2700 / 3500 [ 77%]  (Sampling) 
Chain 2 Iteration: 2800 / 3500 [ 80%]  (Sampling) 
Chain 3 Iteration: 2800 / 3500 [ 80%]  (Sampling) 
Chain 1 Iteration: 2800 / 3500 [ 80%]  (Sampling) 
Chain 2 Iteration: 2900 / 3500 [ 82%]  (Sampling) 
Chain 3 Iteration: 2900 / 3500 [ 82%]  (Sampling) 
Chain 1 Iteration: 2900 / 3500 [ 82%]  (Sampling) 
Chain 2 Iteration: 3000 / 3500 [ 85%]  (Sampling) 
Chain 3 Iteration: 3000 / 3500 [ 85%]  (Sampling) 
Chain 1 Iteration: 3000 / 3500 [ 85%]  (Sampling) 
Chain 2 Iteration: 3100 / 3500 [ 88%]  (Sampling) 
Chain 3 Iteration: 3100 / 3500 [ 88%]  (Sampling) 
Chain 1 Iteration: 3100 / 3500 [ 88%]  (Sampling) 
Chain 2 Iteration: 3200 / 3500 [ 91%]  (Sampling) 
Chain 3 Iteration: 3200 / 3500 [ 91%]  (Sampling) 
Chain 1 Iteration: 3200 / 3500 [ 91%]  (Sampling) 
Chain 2 Iteration: 3300 / 3500 [ 94%]  (Sampling) 
Chain 3 Iteration: 3300 / 3500 [ 94%]  (Sampling) 
Chain 1 Iteration: 3300 / 3500 [ 94%]  (Sampling) 
Chain 2 Iteration: 3400 / 3500 [ 97%]  (Sampling) 
Chain 3 Iteration: 3400 / 3500 [ 97%]  (Sampling) 
Chain 1 Iteration: 3400 / 3500 [ 97%]  (Sampling) 
Chain 2 Iteration: 3500 / 3500 [100%]  (Sampling) 
Chain 2 finished in 634868.0 seconds.
Chain 3 Iteration: 3500 / 3500 [100%]  (Sampling) 
Chain 3 finished in 636137.0 seconds.
Chain 1 Iteration: 3500 / 3500 [100%]  (Sampling) 
Chain 1 finished in 638973.0 seconds.

All 3 chains finished successfully.
Mean chain execution time: 636659.3 seconds.
Total execution time: 638975.9 seconds.

Warning: 89 of 6000 (1.0%) transitions ended with a divergence.
See https://mc-stan.org/misc/warnings for details.

Warning: 5911 of 6000 (99.0%) transitions hit the maximum treedepth limit of 12.
See https://mc-stan.org/misc/warnings for details.

[1] "Saving fit object..."
[1] "Calculating summary..."
[1] "Calculating samples..."
[1] "Calculating metadata..."
[1] "Summary of Hyperpriors (mu_*, sigma_*):"
# A tibble: 107 × 10
    variable      mean   median      sd     mad       q5      q95  rhat ess_bulk
    <chr>        <dbl>    <dbl>   <dbl>   <dbl>    <dbl>    <dbl> <dbl>    <dbl>
  1 mu_beta_…  2.07e+0  2.13    4.46    4.50    -5.37     9.18e+0  1.01   525.  
  2 mu_beta_… -2.90e-2 -0.0265  0.0454  0.0363  -0.103    3.67e-2  1.02   398.  
  3 mu_beta_… -5.29e-3 -0.00671 0.0288  0.0247  -0.0482   4.29e-2  1.01   774.  
  4 mu_beta_…  3.10e-2  0.0322  0.0427  0.0344  -0.0414   9.50e-2  1.00   590.  
  5 mu_beta_…  1.41e-1  0.0956  0.461   0.371   -0.571    9.68e-1  1.04    82.4 
  6 mu_beta_… -5.96e-3 -0.00739 0.0668  0.0610  -0.110    1.06e-1  1.01   897.  
  7 mu_beta_… -4.61e-2 -0.0452  0.0677  0.0575  -0.155    6.08e-2  1.01   569.  
  8 mu_beta_… -2.74e-1 -0.226   0.368   0.332   -0.920    2.53e-1  1.13    17.1 
  9 mu_beta_… -2.04e-1 -0.151   0.366   0.325   -0.854    3.21e-1  1.14    16.5 
 10 mu_beta_… -2.07e-1 -0.152   0.363   0.325   -0.840    3.14e-1  1.14    15.8 
 11 mu_beta_… -4.42e-2 -0.0110  0.328   0.307   -0.611    4.64e-1  1.09    24.3 
 12 mu_beta_… -9.08e-2 -0.0571  0.330   0.312   -0.655    4.23e-1  1.09    24.4 
 13 mu_beta_… -6.98e-2 -0.0353  0.332   0.318   -0.651    4.49e-1  1.09    24.1 
 14 mu_beta_… -9.92e-3  0.00163 0.218   0.212   -0.398    3.13e-1  1.29     8.46
 15 mu_beta_… -3.28e-4  0.0112  0.219   0.214   -0.395    3.22e-1  1.30     8.25
 16 mu_beta_… -1.77e-2 -0.00662 0.222   0.218   -0.418    3.10e-1  1.30     8.27
 17 mu_beta_…  8.37e-3  0.00829 0.130   0.127   -0.196    2.20e-1  1.05    67.4 
 18 mu_beta_…  2.34e-1  0.201   0.366   0.331   -0.333    8.64e-1  1.13    17.2 
 19 mu_beta_…  4.32e-2  0.0270  0.350   0.306   -0.517    6.98e-1  1.17    14.5 
 20 mu_beta_…  9.35e-2  0.0976  0.213   0.218   -0.277    4.26e-1  1.18    15.0 
 21 mu_beta_… -1.83e-2  0.00510 1.38    1.03    -2.25     2.20e+0  1.01   432.  
 22 mu_beta_…  1.27e-1  0.0547  1.52    1.10    -2.36     2.80e+0  1.03   136.  
 23 mu_beta_… -3.11e-1 -0.246   0.665   0.555   -1.51     6.57e-1  1.02   169.  
 24 mu_beta_… -1.88e-1 -0.126   0.712   0.521   -1.40     8.10e-1  1.05    77.3 
 25 mu_beta_… -1.47e-1 -0.0835  0.713   0.452   -1.31     8.29e-1  1.02   167.  
 26 mu_beta_…  1.16e-1  0.103   0.305   0.279   -0.342    6.40e-1  1.05    68.9 
 27 mu_beta_… -9.02e-2 -0.0946  0.282   0.252   -0.563    3.84e-1  1.04    69.2 
 28 mu_beta_…  6.20e-2  0.0589  0.279   0.249   -0.423    5.08e-1  1.05    41.8 
 29 mu_beta_…  7.19e-2  0.0744  0.318   0.312   -0.510    5.73e-1  1.06    33.4 
 30 mu_beta_… -3.14e-3  0.0128  0.390   0.390   -0.699    6.00e-1  1.07    33.0 
 31 mu_beta_… -6.13e-2 -0.0618  0.213   0.183   -0.404    2.77e-1  1.00   404.  
 32 mu_beta_… -1.78e-2 -0.0176  0.0129  0.0128  -0.0392   3.81e-3  1.00   485.  
 33 mu_beta_…  8.27e-3  0.00828 0.0132  0.0133  -0.0137   2.96e-2  1.01   399.  
 34 mu_beta_…  3.15e-2  0.0318  0.0137  0.0137   0.00867  5.39e-2  1.00   501.  
 35 mu_beta_…  9.77e-2  0.0977  0.0136  0.0140   0.0753   1.20e-1  1.00   469.  
 36 mu_beta_…  2.11e-2  0.0592  0.457   0.368   -0.783    7.26e-1  1.03    75.7 
 37 mu_beta_… -2.23e-2  0.0165  0.457   0.369   -0.830    6.82e-1  1.03    75.3 
 38 mu_beta_… -2.66e-2 -0.0255  0.0496  0.0484  -0.109    5.64e-2  1.00   500.  
 39 mu_beta_…  5.70e-2  0.0570  0.00720 0.00731  0.0455   6.86e-2  1.00   727.  
 40 mu_beta_… -2.24e-2 -0.0224  0.00404 0.00400 -0.0291  -1.57e-2  1.00  1155.  
 41 mu_gamma…  8.73e-2  0.0865  0.101   0.0754  -0.0620   2.47e-1  1.01   196.  
 42 mu_gamma…  3.88e-1  0.373   0.194   0.136    0.114    7.26e-1  1.01   269.  
 43 mu_alpha…  2.87e-1  0.290   0.167   0.148    0.00209  5.45e-1  1.00   769.  
 44 mu_alpha…  1.02e-1  0.105   0.0693  0.0586  -0.0107   2.11e-1  1.01   808.  
 45 mu_alpha… -1.01e-2 -0.0101  0.0110  0.0110  -0.0286   7.87e-3  1.01   529.  
 46 mu_alpha… -2.49e-2 -0.0249  0.0101  0.0102  -0.0418  -8.44e-3  1.01   516.  
 47 mu_alpha…  2.14e-2  0.0212  0.0101  0.0105   0.00495  3.81e-2  1.00   671.  
 48 mu_alpha…  1.34e-2  0.0135  0.00925 0.00914 -0.00190  2.85e-2  1.00   628.  
 49 mu_alpha…  3.41e-2  0.0339  0.00959 0.00954  0.0183   5.05e-2  1.00   701.  
 50 mu_alpha…  2.04e-2  0.0205  0.0103  0.0101   0.00297  3.74e-2  1.01   566.  
 51 mu_alpha…  1.88e-2  0.0188  0.00938 0.00951  0.00358  3.47e-2  1.01   470.  
 52 mu_alpha…  3.33e-2  0.0333  0.00938 0.00941  0.0182   4.90e-2  1.01   486.  
 53 mu_alpha…  2.09e-3  0.00184 0.00920 0.00917 -0.0124   1.73e-2  1.00   626.  
 54 mu_alpha…  1.93e-2  0.0194  0.00879 0.00892  0.00470  3.33e-2  1.00   774.  
 55 mu_delta… -8.73e-2 -0.0828  0.134   0.109   -0.303    1.07e-1  1.00   855.  
 56 mu_delta…  2.70e-1  0.263   0.284   0.263   -0.185    7.36e-1  1.00  1163.  
 57 mu_delta… -3.86e-2 -0.0383  0.0234  0.0239  -0.0779  -6.88e-4  1.00   431.  
 58 mu_delta…  1.63e-2  0.0166  0.0221  0.0222  -0.0203   5.24e-2  1.01   427.  
 59 mu_delta… -6.18e-2 -0.0613  0.0221  0.0215  -0.0986  -2.62e-2  1.01   451.  
 60 mu_delta… -1.41e-2 -0.0138  0.0220  0.0221  -0.0508   2.14e-2  1.01   434.  
 61 mu_delta…  6.36e-3  0.00610 0.0226  0.0223  -0.0306   4.36e-2  1.01   508.  
 62 mu_delta…  1.48e-2  0.0147  0.0276  0.0284  -0.0306   5.82e-2  1.01   482.  
 63 mu_delta… -1.50e-2 -0.0153  0.0167  0.0172  -0.0430   1.24e-2  1.00   512.  
 64 mu_delta…  7.59e-4  0.00116 0.0171  0.0170  -0.0287   2.86e-2  1.01   508.  
 65 mu_delta…  2.78e-2  0.0279  0.0162  0.0161   0.00104  5.46e-2  1.00   665.  
 66 mu_delta…  4.21e-2  0.0420  0.0195  0.0189   0.0102   7.44e-2  1.01   643.  
 67 mu_phi_l…  2.35e+0  2.38    0.557   0.510    1.40     3.21e+0  1.00   794.  
 68 sigma_be…  1.76e+1 16.5     6.60    5.66     9.41     2.97e+1  1.00   259.  
 69 sigma_be…  9.96e-2  0.0848  0.0567  0.0350   0.0458   2.05e-1  1.01   483.  
 70 sigma_be…  6.27e-2  0.0551  0.0390  0.0277   0.0180   1.33e-1  1.01   415.  
 71 sigma_be…  9.33e-2  0.0807  0.0589  0.0330   0.0422   1.79e-1  1.00   526.  
 72 sigma_be…  3.21e-1  0.289   0.136   0.102    0.170    5.70e-1  1.00   742.  
 73 sigma_be…  1.56e-1  0.139   0.0758  0.0586   0.0685   2.99e-1  1.01   590.  
 74 sigma_be…  1.42e-1  0.125   0.0766  0.0572   0.0559   2.93e-1  1.00   608.  
 75 sigma_be…  2.35e-1  0.208   0.124   0.0964   0.0946   4.83e-1  1.00   659.  
 76 sigma_be…  1.61e-1  0.137   0.126   0.0989   0.00840  3.84e-1  1.01   165.  
 77 sigma_be…  1.21e-1  0.101   0.0961  0.0765   0.0124   2.99e-1  1.00   339.  
 78 sigma_be…  3.95e-2  0.0295  0.0365  0.0263   0.00404  1.10e-1  1.01   388.  
 79 sigma_be…  5.09e-2  0.0370  0.0525  0.0347   0.00417  1.43e-1  1.01   320.  
 80 sigma_be…  4.70e-2  0.0363  0.0450  0.0322   0.00233  1.28e-1  1.01   214.  
 81 sigma_be…  7.99e-2  0.0673  0.0580  0.0392   0.0150   1.82e-1  1.01   275.  
 82 sigma_be…  3.97e-2  0.0292  0.0415  0.0269   0.00312  1.09e-1  1.02   355.  
 83 sigma_be…  5.92e-2  0.0477  0.0510  0.0408   0.00359  1.54e-1  1.01   291.  
 84 sigma_be…  1.98e-1  0.168   0.120   0.0772   0.0757   4.30e-1  1.01   225.  
 85 sigma_be…  1.37e-1  0.119   0.0980  0.0790   0.0207   3.10e-1  1.01   423.  
 86 sigma_be…  1.19e-1  0.105   0.0692  0.0546   0.0364   2.49e-1  1.00   568.  
 87 sigma_be…  1.76e-1  0.153   0.0969  0.0660   0.0735   3.56e-1  1.00   410.  
 88 sigma_be…  1.02e+0  0.734   1.03    0.722    0.0545   2.95e+0  1.02   184.  
 89 sigma_be…  1.70e+0  0.868   2.88    0.789    0.0975   6.25e+0  1.08    36.7 
 90 sigma_be…  7.30e-1  0.555   0.645   0.512    0.0650   1.92e+0  1.02   193.  
 91 sigma_be…  9.30e-1  0.591   1.20    0.532    0.0678   2.98e+0  1.08    30.7 
 92 sigma_be…  8.16e-1  0.599   0.795   0.559    0.0716   2.33e+0  1.03   144.  
 93 sigma_be…  2.36e-1  0.172   0.233   0.167    0.0144   6.77e-1  1.02   170.  
 94 sigma_be…  2.83e-1  0.225   0.231   0.144    0.0619   6.80e-1  1.02   164.  
 95 sigma_be…  1.74e-1  0.141   0.135   0.0890   0.0318   4.18e-1  1.01   365.  
 96 sigma_be…  1.00e-1  0.0786  0.0871  0.0657   0.00895  2.72e-1  1.00   351.  
 97 sigma_be…  1.67e-1  0.128   0.152   0.101    0.0166   4.48e-1  1.01   325.  
 98 sigma_be…  4.94e-1  0.442   0.224   0.176    0.232    9.19e-1  1.01   287.  
 99 sigma_ga…  2.00e-1  0.177   0.123   0.0881   0.0587   4.29e-1  1.01   213.  
100 sigma_ga…  2.78e-1  0.199   0.259   0.192    0.0177   7.86e-1  1.00   229.  
101 sigma_al…  4.11e-1  0.367   0.180   0.125    0.223    7.48e-1  1.00   923.  
102 sigma_al…  1.60e-1  0.141   0.0845  0.0555   0.0797   2.98e-1  1.00   586.  
103 sigma_de…  3.00e-1  0.265   0.153   0.108    0.134    5.86e-1  1.00   533.  
104 sigma_de…  7.45e-1  0.693   0.261   0.226    0.433    1.23e+0  1.00   827.  
105 sigma_ph…  1.41e+0  1.32    0.465   0.385    0.865    2.28e+0  1.00   811.  
106 sigma_ga…  2.18e-1  0.121   0.296   0.126    0.0108   7.27e-1  1.00   732.  
107 sigma_ga…  9.68e-1  0.840   0.634   0.479    0.203    2.14e+0  1.00   572.  
# ℹ 1 more variable: ess_tail <dbl>
[1] "Calculating lambda_mean..."
[1] "Calculating lambda_test_mean..."
[1] "Calculating y_rep_mean..."
[1] "Calculating y_test_rep_mean..."
[1] "Generating plots..."
[1] "exposure_VLZX7K2M9QD4T_1"        "exposure_SRQS8F7JWA9MZ_1"
[3] "exposure_SRQS8F7JWA9MZ_2" "exposure_2HRX9P6HKXA8V_1"
[5] "exposure_JHDN7CF1C03X5_1" "exposure_L69HYJ4Y3TR91_1"
[7] "exposure_ED5J990H5VAZT_1"
[1] 6
Adding missing grouping variables: `location_id_num`
[1] "Skipping daily plot for VLZX7K2M9QD4T due to missing daily data."
[1] "Skipping daily plot for SRQS8F7JWA9MZ due to missing daily data."
[1] "Skipping daily plot for 2HRX9P6HKXA8V due to missing daily data."
[1] "Skipping daily plot for JHDN7CF1C03X5 due to missing daily data."
[1] "Skipping daily plot for L69HYJ4Y3TR91 due to missing daily data."
[1] "Skipping daily plot for ED5J990H5VAZT due to missing daily data."
[1] "Skipping MLflow logging as existing fit file was loaded."
[1] "Done."
           used  (Mb) gc trigger   (Mb)   max used   (Mb)
Ncells  5135311 274.3    7670212  409.7    7670212  409.7
Vcells 10783695  82.3 1012387981 7724.0 1255080518 9575.6
Warning messages:
1: Dropping 'draws_df' class as required metadata was removed. 
2: Dropping 'draws_df' class as required metadata was removed. 
3: Dropping 'draws_df' class as required metadata was removed. 
4: Dropping 'draws_df' class as required metadata was removed. 
