- The project is out-of-sync -- use `renv::status()` for details.
── Attaching core tidyverse packages ──────────────────────── tidyverse 2.0.0 ──
✔ dplyr     1.1.4     ✔ readr     2.1.5
✔ forcats   1.0.0     ✔ stringr   1.5.1
✔ ggplot2   3.5.1     ✔ tibble    3.2.1
✔ lubridate 1.9.4     ✔ tidyr     1.3.1
✔ purrr     1.0.4     
[conflicted] Will prefer dplyr::select over any other package.
[conflicted] Will prefer dplyr::filter over any other package.
[conflicted] Will prefer lubridate::year over any other package.
[conflicted] Will prefer lubridate::month over any other package.
[conflicted] Will prefer purrr::map over any other package.
[conflicted] Will prefer stats::sd over any other package.
[conflicted] Will prefer base::match over any other package.
This is cmdstanr version 0.9.0
- CmdStanR documentation and vignettes: mc-stan.org/cmdstanr
- CmdStan path: /home/nuttidalab/.cmdstan/cmdstan-2.36.0
- CmdStan version: 2.36.0

A newer version of CmdStan is available. See ?install_cmdstan() to install it.
To disable this check set option or environment variable cmdstanr_no_ver_check=TRUE.
This is posterior version 1.6.0
Registered S3 method overwritten by 'tsibble':
  method               from 
  as_tibble.grouped_df dplyr
── Attaching packages ──────────────────────────────────────────── fpp3 1.0.1 ──
✔ tsibble     1.1.6     ✔ feasts      0.4.1
✔ tsibbledata 0.4.1     ✔ fable       0.4.1
Loading required package: R.oo
Loading required package: R.methodsS3
R.methodsS3 v1.8.2 (2022-06-13 22:00:14 UTC) successfully loaded. See ?R.methodsS3 for help.
R.oo v1.27.0 (2024-11-01 18:00:02 UTC) successfully loaded. See ?R.oo for help.

Attaching package: ‘R.oo’

The following object is masked from ‘package:R.methodsS3’:

    throw

The following object is masked from ‘package:shiny’:

    printStackTrace

The following object is masked from ‘package:renv’:

    load

The following objects are masked from ‘package:methods’:

    getClasses, getMethods

The following objects are masked from ‘package:base’:

    attach, detach, load, save

R.utils v2.13.0 (2025-02-24 21:20:02 UTC) successfully loaded. See ?R.utils for help.
Registered S3 method overwritten by 'quantmod':
  method            from
  as.zoo.data.frame zoo 
Registered S3 methods overwritten by 'bayesforecast':
  method      from    
  autoplot.ts forecast
  forecast.ts forecast
  fortify.ts  forecast
  print.garch tseries 
[1] "# of rows: 34628"
[1] "# of rows: 27841"
[1] "Found 54 exposure columns in the data: exposure_VLZX7K2M9QD4T_1, exposure_SRQS8F7JWA9MZ_1, exposure_SRQS8F7JWA9MZ_2, exposure_2HRX9P6HKXA8V_1, exposure_JHDN7CF1C03X5_1, exposure_L69HYJ4Y3TR91_1, exposure_ED5J990H5VAZT_1, exposure_W8T41JZK0ZMEP_1, exposure_W8T41JZK0ZMEP_2, exposure_W8T41JZK0ZMEP_3, exposure_W8T41JZK0ZMEP_4, exposure_W8T41JZK0ZMEP_5, exposure_EMBVNVD207CC6_1, exposure_C0BE4NDSW26QN_1, exposure_C0BE4NDSW26QN_2, exposure_V3Q26BHF3SE2H_1, exposure_V3Q26BHF3SE2H_2, exposure_V3Q26BHF3SE2H_3, exposure_V3Q26BHF3SE2H_4, exposure_LBZEEFSBJNB3Z_1, exposure_SAFK7ND1HR6XS_1, exposure_S8MT0YGD2KTN9_1, exposure_1SQPTEGYPH0GA_1, exposure_9XKJD8DQTH559_1, exposure_9XKJD8DQTH559_2, exposure_LQ5EH4BKGV61T_1, exposure_78AY09MVJVTYE_1, exposure_VLZX7K2M9QD4T_1_slope, exposure_SRQS8F7JWA9MZ_1_slope, exposure_SRQS8F7JWA9MZ_2_slope, exposure_2HRX9P6HKXA8V_1_slope, exposure_JHDN7CF1C03X5_1_slope, exposure_L69HYJ4Y3TR91_1_slope, exposure_ED5J990H5VAZT_1_slope, exposure_W8T41JZK0ZMEP_1_slope, exposure_W8T41JZK0ZMEP_2_slope, exposure_W8T41JZK0ZMEP_3_slope, exposure_W8T41JZK0ZMEP_4_slope, exposure_W8T41JZK0ZMEP_5_slope, exposure_EMBVNVD207CC6_1_slope, exposure_C0BE4NDSW26QN_1_slope, exposure_C0BE4NDSW26QN_2_slope, exposure_V3Q26BHF3SE2H_1_slope, exposure_V3Q26BHF3SE2H_2_slope, exposure_V3Q26BHF3SE2H_3_slope, exposure_V3Q26BHF3SE2H_4_slope, exposure_LBZEEFSBJNB3Z_1_slope, exposure_SAFK7ND1HR6XS_1_slope, exposure_S8MT0YGD2KTN9_1_slope, exposure_1SQPTEGYPH0GA_1_slope, exposure_9XKJD8DQTH559_1_slope, exposure_9XKJD8DQTH559_2_slope, exposure_LQ5EH4BKGV61T_1_slope, exposure_78AY09MVJVTYE_1_slope"
Numeric columns considered for scaling:
vegan_window_sum_item_quantity,
vegetarian_window_sum_item_quantity,
meat_window_sum_item_quantity,
vegan_window_avg_item_price,
vegetarian_window_avg_item_price,
meat_window_avg_item_price,
breakfast_p_window_avg_item_price,
textured_p_window_avg_item_price,
untextured_p_window_avg_item_price,
chicken_p_window_avg_item_price,
dairy_p_window_avg_item_price,
egg_p_window_avg_item_price,
breakfast_window_avg_item_price,
textured_window_avg_item_price,
untextured_window_avg_item_price,
breakfast_t2_window_avg_item_price,
textured_t2_window_avg_item_price,
untextured_t2_window_avg_item_price,
chicken_t2_window_avg_item_price,
dairy_t2_window_avg_item_price,
day_of_month,
__index_level_0__,
Value,
vegan_price_real,
vegetarian_price_real,
meat_price_real,
breakfast_p_price_real,
textured_p_price_real,
untextured_p_price_real,
chicken_p_price_real,
dairy_p_price_real,
egg_p_price_real,
breakfast_price_real,
textured_price_real,
untextured_price_real,
breakfast_t2_price_real,
textured_t2_price_real,
untextured_t2_price_real,
chicken_t2_price_real,
dairy_t2_price_real,
inflation,
temp,
precip[1] "Successfully created `expo_to_rest` mapping."
[1] "Successfully created `expo_to_param` mapping."
Identified 54 exposure columns in the design matrix: 
exposure_VLZX7K2M9QD4T_1, 
exposure_SRQS8F7JWA9MZ_1, 
exposure_SRQS8F7JWA9MZ_2, 
exposure_2HRX9P6HKXA8V_1, 
exposure_JHDN7CF1C03X5_1, 
exposure_L69HYJ4Y3TR91_1, 
exposure_ED5J990H5VAZT_1, 
exposure_W8T41JZK0ZMEP_1, 
exposure_W8T41JZK0ZMEP_2, 
exposure_W8T41JZK0ZMEP_3, 
exposure_W8T41JZK0ZMEP_4, 
exposure_W8T41JZK0ZMEP_5, 
exposure_EMBVNVD207CC6_1, 
exposure_C0BE4NDSW26QN_1, 
exposure_C0BE4NDSW26QN_2, 
exposure_V3Q26BHF3SE2H_1, 
exposure_V3Q26BHF3SE2H_2, 
exposure_V3Q26BHF3SE2H_3, 
exposure_V3Q26BHF3SE2H_4, 
exposure_LBZEEFSBJNB3Z_1, 
exposure_SAFK7ND1HR6XS_1, 
exposure_S8MT0YGD2KTN9_1, 
exposure_1SQPTEGYPH0GA_1, 
exposure_9XKJD8DQTH559_1, 
exposure_9XKJD8DQTH559_2, 
exposure_LQ5EH4BKGV61T_1, 
exposure_78AY09MVJVTYE_1, 
exposure_VLZX7K2M9QD4T_1_slope, 
exposure_SRQS8F7JWA9MZ_1_slope, 
exposure_SRQS8F7JWA9MZ_2_slope, 
exposure_2HRX9P6HKXA8V_1_slope, 
exposure_JHDN7CF1C03X5_1_slope, 
exposure_L69HYJ4Y3TR91_1_slope, 
exposure_ED5J990H5VAZT_1_slope, 
exposure_W8T41JZK0ZMEP_1_slope, 
exposure_W8T41JZK0ZMEP_2_slope, 
exposure_W8T41JZK0ZMEP_3_slope, 
exposure_W8T41JZK0ZMEP_4_slope, 
exposure_W8T41JZK0ZMEP_5_slope, 
exposure_EMBVNVD207CC6_1_slope, 
exposure_C0BE4NDSW26QN_1_slope, 
exposure_C0BE4NDSW26QN_2_slope, 
exposure_V3Q26BHF3SE2H_1_slope, 
exposure_V3Q26BHF3SE2H_2_slope, 
exposure_V3Q26BHF3SE2H_3_slope, 
exposure_V3Q26BHF3SE2H_4_slope, 
exposure_LBZEEFSBJNB3Z_1_slope, 
exposure_SAFK7ND1HR6XS_1_slope, 
exposure_S8MT0YGD2KTN9_1_slope, 
exposure_1SQPTEGYPH0GA_1_slope, 
exposure_9XKJD8DQTH559_1_slope, 
exposure_9XKJD8DQTH559_2_slope, 
exposure_LQ5EH4BKGV61T_1_slope, 
exposure_78AY09MVJVTYE_1_slope
Identified 30 random beta columns: 
vegan_price_real, 
vegetarian_price_real, 
meat_price_real, 
weekend, 
holiday_window, 
month_cat2, 
month_cat3, 
month_cat4, 
month_cat5, 
month_cat6, 
month_cat7, 
month_cat8, 
month_cat9, 
month_cat10, 
month_cat11, 
month_cat12, 
seasonspring, 
seasonsummer, 
seasonwinter, 
year_cat2014, 
year_cat2015, 
year_cat2016, 
year_cat2017, 
year_cat2018, 
year_cat2019, 
year_cat2020, 
year_cat2021, 
year_cat2022, 
year_cat2023, 
date_num
Identified 9 fixed beta columns: 
day_of_week_cat1, 
day_of_week_cat2, 
day_of_week_cat3, 
day_of_week_cat4, 
day_of_week_cat5, 
day_of_week_cat6, 
inflation, 
temp, 
precip
Identified 2 random alpha indices (positions): 
1, 7
Identified 2 random delta indices (positions): 
1, 7
[1] "Open-day filtering: using 21581 of 26438 train obs, 1247 of 1403 test obs"
$R
[1] 17

$J
[1] 94

$p_effective
[1] 12

$q_effective
[1] 12

$M
[1] 2

$idx_intercept
[1] 1

$K_beta_random
[1] 30

$idx_beta_random
[1] 2 3 4 5 6 7

$K_beta_fixed
[1] 9

$idx_beta_fixed
[1] 32 33 34 35 36 37

$K_exposure
[1] 54

$idx_exposure
[1] 41 42 43 44 45 46

$expo_to_rest
[1] 1 2 2 3 4 5

$expo_to_param
[1] 1 1 1 1 1 1

$effective_lags_alpha
[1] 1 2 3 4 5 6

$K_alpha_random
[1] 2

$idx_alpha_random
[1] 1 7

$K_alpha_fixed
[1] 10

$idx_alpha_fixed
[1] 2 3 4 5 6 8

$effective_lags_delta
[1] 1 2 3 4 5 6

$K_delta_random
[1] 2

$idx_delta_random
[1] 1 7

$K_delta_fixed
[1] 10

$idx_delta_fixed
[1] 2 3 4 5 6 8

$N_train
[1] 26438

$X_train
  (Intercept) vegan_price_real vegetarian_price_real meat_price_real weekend
1           1       0.40385051             1.0711448     -0.02610961       1
2           1       1.25862927             0.3248613     -0.36300612       0
3           1       0.04434255             0.8651994      0.02587027       0
4           1       1.27233854             2.1529520     -0.34176686       0
5           1       0.32778335             0.2231908     -0.48801448       0
6           1       0.02400521             0.7189555      0.37959151       0
  holiday_window month_cat2 month_cat3 month_cat4 month_cat5 month_cat6
1              0          0          0          1          0          0
2              0          0          0          1          0          0
3              0          0          0          1          0          0
4              0          0          0          1          0          0
5              0          0          0          1          0          0
6              0          0          0          1          0          0
  month_cat7 month_cat8 month_cat9 month_cat10 month_cat11 month_cat12
1          0          0          0           0           0           0
2          0          0          0           0           0           0
3          0          0          0           0           0           0
4          0          0          0           0           0           0
5          0          0          0           0           0           0
6          0          0          0           0           0           0
  seasonspring seasonsummer seasonwinter year_cat2014 year_cat2015 year_cat2016
1            1            0            0            0            0            0
2            1            0            0            0            0            0
3            1            0            0            0            0            0
4            1            0            0            0            0            0
5            1            0            0            0            0            0
6            1            0            0            0            0            0
  year_cat2017 year_cat2018 year_cat2019 year_cat2020 year_cat2021 year_cat2022
1            0            0            0            0            1            0
2            0            0            0            0            1            0
3            0            0            0            0            1            0
4            0            0            0            0            1            0
5            0            0            0            0            1            0
6            0            0            0            0            1            0
  year_cat2023 date_num day_of_week_cat1 day_of_week_cat2 day_of_week_cat3
1            0 51.29363                0                0                0
2            0 51.29637                0                0                0
3            0 51.29911                1                0                0
4            0 51.30185                0                1                0
5            0 51.30459                0                0                1
6            0 51.30732                0                0                0
  day_of_week_cat4 day_of_week_cat5 day_of_week_cat6 inflation       temp
1                0                0                1 -1.756041  0.2058671
2                0                0                0 -1.756041 -0.9171702
3                0                0                0 -1.756041 -0.8251179
4                0                0                0 -1.756041 -1.3222000
5                0                0                0 -1.756041 -1.4326627
6                1                0                0 -1.756041 -0.7146553
      precip exposure_VLZX7K2M9QD4T_1 exposure_SRQS8F7JWA9MZ_1
1 -0.1813815                 0                        0
2 -0.1813815                 0                        0
3 -0.1813815                 0                        0
4 -0.1813815                 0                        0
5 -0.1813815                 0                        0
6 -0.1813815                 0                        0
  exposure_SRQS8F7JWA9MZ_2 exposure_2HRX9P6HKXA8V_1 exposure_JHDN7CF1C03X5_1
1                        0                        0                        0
2                        0                        0                        0
3                        0                        0                        0
4                        0                        0                        0
5                        0                        0                        0
6                        0                        0                        0
  exposure_L69HYJ4Y3TR91_1 exposure_ED5J990H5VAZT_1 exposure_W8T41JZK0ZMEP_1
1                        0                        0                        0
2                        0                        0                        0
3                        0                        0                        0
4                        0                        0                        0
5                        0                        0                        0
6                        0                        0                        0
  exposure_W8T41JZK0ZMEP_2 exposure_W8T41JZK0ZMEP_3 exposure_W8T41JZK0ZMEP_4
1                        0                        0                        0
2                        0                        0                        0
3                        0                        0                        0
4                        0                        0                        0
5                        0                        0                        0
6                        0                        0                        0
  exposure_W8T41JZK0ZMEP_5 exposure_EMBVNVD207CC6_1 exposure_C0BE4NDSW26QN_1
1                        0                        0                        0
2                        0                        0                        0
3                        0                        0                        0
4                        0                        0                        0
5                        0                        0                        0
6                        0                        0                        0
  exposure_C0BE4NDSW26QN_2 exposure_V3Q26BHF3SE2H_1 exposure_V3Q26BHF3SE2H_2
1                        0                        0                        0
2                        0                        0                        0
3                        0                        0                        0
4                        0                        0                        0
5                        0                        0                        0
6                        0                        0                        0
  exposure_V3Q26BHF3SE2H_3 exposure_V3Q26BHF3SE2H_4 exposure_LBZEEFSBJNB3Z_1
1                        0                        0                        0
2                        0                        0                        0
3                        0                        0                        0
4                        0                        0                        0
5                        0                        0                        0
6                        0                        0                        0
  exposure_SAFK7ND1HR6XS_1 exposure_S8MT0YGD2KTN9_1 exposure_1SQPTEGYPH0GA_1
1                        0                        0                        0
2                        0                        0                        0
3                        0                        0                        0
4                        0                        0                        0
5                        0                        0                        0
6                        0                        0                        0
  exposure_9XKJD8DQTH559_1 exposure_9XKJD8DQTH559_2 exposure_LQ5EH4BKGV61T_1
1                        0                        0                        0
2                        0                        0                        0
3                        0                        0                        0
4                        0                        0                        0
5                        0                        0                        0
6                        0                        0                        0
  exposure_78AY09MVJVTYE_1 exposure_VLZX7K2M9QD4T_1_slope
1                        0                       0
2                        0                       0
3                        0                       0
4                        0                       0
5                        0                       0
6                        0                       0
  exposure_SRQS8F7JWA9MZ_1_slope exposure_SRQS8F7JWA9MZ_2_slope
1                              0                              0
2                              0                              0
3                              0                              0
4                              0                              0
5                              0                              0
6                              0                              0
  exposure_2HRX9P6HKXA8V_1_slope exposure_JHDN7CF1C03X5_1_slope
1                              0                              0
2                              0                              0
3                              0                              0
4                              0                              0
5                              0                              0
6                              0                              0
  exposure_L69HYJ4Y3TR91_1_slope exposure_ED5J990H5VAZT_1_slope
1                              0                              0
2                              0                              0
3                              0                              0
4                              0                              0
5                              0                              0
6                              0                              0
  exposure_W8T41JZK0ZMEP_1_slope exposure_W8T41JZK0ZMEP_2_slope
1                              0                              0
2                              0                              0
3                              0                              0
4                              0                              0
5                              0                              0
6                              0                              0
  exposure_W8T41JZK0ZMEP_3_slope exposure_W8T41JZK0ZMEP_4_slope
1                              0                              0
2                              0                              0
3                              0                              0
4                              0                              0
5                              0                              0
6                              0                              0
  exposure_W8T41JZK0ZMEP_5_slope exposure_EMBVNVD207CC6_1_slope
1                              0                              0
2                              0                              0
3                              0                              0
4                              0                              0
5                              0                              0
6                              0                              0
  exposure_C0BE4NDSW26QN_1_slope exposure_C0BE4NDSW26QN_2_slope
1                              0                              0
2                              0                              0
3                              0                              0
4                              0                              0
5                              0                              0
6                              0                              0
  exposure_V3Q26BHF3SE2H_1_slope exposure_V3Q26BHF3SE2H_2_slope
1                              0                              0
2                              0                              0
3                              0                              0
4                              0                              0
5                              0                              0
6                              0                              0
  exposure_V3Q26BHF3SE2H_3_slope exposure_V3Q26BHF3SE2H_4_slope
1                              0                              0
2                              0                              0
3                              0                              0
4                              0                              0
5                              0                              0
6                              0                              0
  exposure_LBZEEFSBJNB3Z_1_slope exposure_SAFK7ND1HR6XS_1_slope
1                              0                              0
2                              0                              0
3                              0                              0
4                              0                              0
5                              0                              0
6                              0                              0
  exposure_S8MT0YGD2KTN9_1_slope exposure_1SQPTEGYPH0GA_1_slope
1                              0                              0
2                              0                              0
3                              0                              0
4                              0                              0
5                              0                              0
6                              0                              0
  exposure_9XKJD8DQTH559_1_slope exposure_9XKJD8DQTH559_2_slope
1                              0                              0
2                              0                              0
3                              0                              0
4                              0                              0
5                              0                              0
6                              0                              0
  exposure_LQ5EH4BKGV61T_1_slope exposure_78AY09MVJVTYE_1_slope
1                              0                              0
2                              0                              0
3                              0                              0
4                              0                              0
5                              0                              0
6                              0                              0

$y_train
[1] 230 185 195 186 206 177

$idx_to_rest_train
[1] 1 1 1 1 1 1

$train_start_idx
[1]    1  347 1854 3442 4969 5287

$train_end_idx
[1]  346 1853 3441 4968 5286 7904

$N_test
[1] 1403

$X_test
  (Intercept) vegan_price_real vegetarian_price_real meat_price_real weekend
1           1       -0.6859547            -0.9966515      -1.1888650       0
2           1        0.2629068            -1.2499632      -0.1869330       0
3           1       -0.4985976            -0.5248328      -0.7860672       0
4           1       -2.1638568            -2.8208443      -0.8300695       1
5           1       -1.2945464            -1.4078756      -1.0676717       1
6           1        0.9682882            -0.8194044      -0.8264540       0
  holiday_window month_cat2 month_cat3 month_cat4 month_cat5 month_cat6
1              0          0          1          0          0          0
2              0          0          1          0          0          0
3              0          0          0          1          0          0
4              0          0          0          1          0          0
5              0          0          0          1          0          0
6              0          0          0          1          0          0
  month_cat7 month_cat8 month_cat9 month_cat10 month_cat11 month_cat12
1          0          0          0           0           0           0
2          0          0          0           0           0           0
3          0          0          0           0           0           0
4          0          0          0           0           0           0
5          0          0          0           0           0           0
6          0          0          0           0           0           0
  seasonspring seasonsummer seasonwinter year_cat2014 year_cat2015 year_cat2016
1            1            0            0            0            0            0
2            1            0            0            0            0            0
3            1            0            0            0            0            0
4            1            0            0            0            0            0
5            1            0            0            0            0            0
6            1            0            0            0            0            0
  year_cat2017 year_cat2018 year_cat2019 year_cat2020 year_cat2021 year_cat2022
1            0            0            0            0            0            1
2            0            0            0            0            0            1
3            0            0            0            0            0            1
4            0            0            0            0            0            1
5            0            0            0            0            0            1
6            0            0            0            0            0            1
  year_cat2023 date_num day_of_week_cat1 day_of_week_cat2 day_of_week_cat3
1            0 52.24093                0                1                0
2            0 52.24367                0                0                1
3            0 52.24641                0                0                0
4            0 52.24914                0                0                0
5            0 52.25188                0                0                0
6            0 52.25462                0                0                0
  day_of_week_cat4 day_of_week_cat5 day_of_week_cat6 inflation       temp
1                0                0                0  1.437193 -0.8251179
2                0                0                0  1.437193 -0.4016777
3                1                0                0  1.737714 -0.2912150
4                0                1                0  1.737714  0.4083820
5                0                0                1  1.737714 -0.3096254
6                0                0                0  1.737714 -0.6041926
      precip exposure_VLZX7K2M9QD4T_1 exposure_SRQS8F7JWA9MZ_1
1 -0.1813815                 1                        0
2 -0.1813815                 1                        0
3 -0.1813815                 1                        0
4 -0.1813815                 1                        0
5 -0.1813815                 1                        0
6 -0.1813815                 1                        0
  exposure_SRQS8F7JWA9MZ_2 exposure_2HRX9P6HKXA8V_1 exposure_JHDN7CF1C03X5_1
1                        0                        0                        0
2                        0                        0                        0
3                        0                        0                        0
4                        0                        0                        0
5                        0                        0                        0
6                        0                        0                        0
  exposure_L69HYJ4Y3TR91_1 exposure_ED5J990H5VAZT_1 exposure_W8T41JZK0ZMEP_1
1                        0                        0                        0
2                        0                        0                        0
3                        0                        0                        0
4                        0                        0                        0
5                        0                        0                        0
6                        0                        0                        0
  exposure_W8T41JZK0ZMEP_2 exposure_W8T41JZK0ZMEP_3 exposure_W8T41JZK0ZMEP_4
1                        0                        0                        0
2                        0                        0                        0
3                        0                        0                        0
4                        0                        0                        0
5                        0                        0                        0
6                        0                        0                        0
  exposure_W8T41JZK0ZMEP_5 exposure_EMBVNVD207CC6_1 exposure_C0BE4NDSW26QN_1
1                        0                        0                        0
2                        0                        0                        0
3                        0                        0                        0
4                        0                        0                        0
5                        0                        0                        0
6                        0                        0                        0
  exposure_C0BE4NDSW26QN_2 exposure_V3Q26BHF3SE2H_1 exposure_V3Q26BHF3SE2H_2
1                        0                        0                        0
2                        0                        0                        0
3                        0                        0                        0
4                        0                        0                        0
5                        0                        0                        0
6                        0                        0                        0
  exposure_V3Q26BHF3SE2H_3 exposure_V3Q26BHF3SE2H_4 exposure_LBZEEFSBJNB3Z_1
1                        0                        0                        0
2                        0                        0                        0
3                        0                        0                        0
4                        0                        0                        0
5                        0                        0                        0
6                        0                        0                        0
  exposure_SAFK7ND1HR6XS_1 exposure_S8MT0YGD2KTN9_1 exposure_1SQPTEGYPH0GA_1
1                        0                        0                        0
2                        0                        0                        0
3                        0                        0                        0
4                        0                        0                        0
5                        0                        0                        0
6                        0                        0                        0
  exposure_9XKJD8DQTH559_1 exposure_9XKJD8DQTH559_2 exposure_LQ5EH4BKGV61T_1
1                        0                        0                        0
2                        0                        0                        0
3                        0                        0                        0
4                        0                        0                        0
5                        0                        0                        0
6                        0                        0                        0
  exposure_78AY09MVJVTYE_1 exposure_VLZX7K2M9QD4T_1_slope
1                        0               0.4462697
2                        0               0.4490075
3                        0               0.4517454
4                        0               0.4544832
5                        0               0.4572211
6                        0               0.4599589
  exposure_SRQS8F7JWA9MZ_1_slope exposure_SRQS8F7JWA9MZ_2_slope
1                              0                              0
2                              0                              0
3                              0                              0
4                              0                              0
5                              0                              0
6                              0                              0
  exposure_2HRX9P6HKXA8V_1_slope exposure_JHDN7CF1C03X5_1_slope
1                              0                              0
2                              0                              0
3                              0                              0
4                              0                              0
5                              0                              0
6                              0                              0
  exposure_L69HYJ4Y3TR91_1_slope exposure_ED5J990H5VAZT_1_slope
1                              0                              0
2                              0                              0
3                              0                              0
4                              0                              0
5                              0                              0
6                              0                              0
  exposure_W8T41JZK0ZMEP_1_slope exposure_W8T41JZK0ZMEP_2_slope
1                              0                              0
2                              0                              0
3                              0                              0
4                              0                              0
5                              0                              0
6                              0                              0
  exposure_W8T41JZK0ZMEP_3_slope exposure_W8T41JZK0ZMEP_4_slope
1                              0                              0
2                              0                              0
3                              0                              0
4                              0                              0
5                              0                              0
6                              0                              0
  exposure_W8T41JZK0ZMEP_5_slope exposure_EMBVNVD207CC6_1_slope
1                              0                              0
2                              0                              0
3                              0                              0
4                              0                              0
5                              0                              0
6                              0                              0
  exposure_C0BE4NDSW26QN_1_slope exposure_C0BE4NDSW26QN_2_slope
1                              0                              0
2                              0                              0
3                              0                              0
4                              0                              0
5                              0                              0
6                              0                              0
  exposure_V3Q26BHF3SE2H_1_slope exposure_V3Q26BHF3SE2H_2_slope
1                              0                              0
2                              0                              0
3                              0                              0
4                              0                              0
5                              0                              0
6                              0                              0
  exposure_V3Q26BHF3SE2H_3_slope exposure_V3Q26BHF3SE2H_4_slope
1                              0                              0
2                              0                              0
3                              0                              0
4                              0                              0
5                              0                              0
6                              0                              0
  exposure_LBZEEFSBJNB3Z_1_slope exposure_SAFK7ND1HR6XS_1_slope
1                              0                              0
2                              0                              0
3                              0                              0
4                              0                              0
5                              0                              0
6                              0                              0
  exposure_S8MT0YGD2KTN9_1_slope exposure_1SQPTEGYPH0GA_1_slope
1                              0                              0
2                              0                              0
3                              0                              0
4                              0                              0
5                              0                              0
6                              0                              0
  exposure_9XKJD8DQTH559_1_slope exposure_9XKJD8DQTH559_2_slope
1                              0                              0
2                              0                              0
3                              0                              0
4                              0                              0
5                              0                              0
6                              0                              0
  exposure_LQ5EH4BKGV61T_1_slope exposure_78AY09MVJVTYE_1_slope
1                              0                              0
2                              0                              0
3                              0                              0
4                              0                              0
5                              0                              0
6                              0                              0

$y_test
[1] 289 280 245 257 290 244

$idx_to_rest_test
[1] 1 1 1 1 1 1

$test_start_idx
[1]   1  20 100 184 265 282

$test_end_idx
[1]  19  99 183 264 281 419

$mu_gamma_scale
[1] 1

$sigma_gamma_between_scale
[1] 1

$sigma_gamma_within_scale
[1] 1

$mu_beta_scale
[1] 1

$sigma_beta_scale
[1] 1

$mu_alpha_scale
[1] 1

$sigma_alpha_scale
[1] 1

$mu_delta_scale
[1] 1

$sigma_delta_scale
[1] 1

$mu_phi_log_scale
[1] 2

$sigma_phi_log_scale
[1] 1

$z_eta_scale
[1] 1

$z_gamma_scale
[1] 1

$z_beta_scale
[1] 1

$z_alpha_scale
[1] 1

$z_delta_scale
[1] 1

$z_phi_scale
[1] 1

$apply_truncation
[1] 0

$N_total_nonzero
[1] 21581

$idx_total_nonzero
[1] 1 2 3 4 5 6

$N_total_nonzero_test
[1] 1247

$idx_total_nonzero_test
[1] 1 2 3 4 5 6

[1] "Using Stan model: model_multilevel_transfer_truncated.stan"
[1] "Fitting the multilevel model..."
Running MCMC with 3 parallel chains...

Chain 1 Rejecting initial value:
Chain 1   Error evaluating the log probability at the initial value.
Chain 1 Exception: neg_binomial_2_lpmf: Location parameter[7187] is inf, but must be positive finite! (in 'model_multilevel_transfer_truncated.stan', line 457, column 4 to column 67)
Chain 1 Exception: neg_binomial_2_lpmf: Location parameter[7187] is inf, but must be positive finite! (in 'model_multilevel_transfer_truncated.stan', line 457, column 4 to column 67)
Chain 1 User-specified initialization failed.
Chain 1  Try specifying new initial values, using partially specialized initialization, reducing the range of constrained values, or reparameterizing the model.
Chain 1 Initialization failed.
Warning: Chain 1 finished unexpectedly!

Chain 2 Rejecting initial value:
Chain 2   Error evaluating the log probability at the initial value.
Chain 2 Exception: neg_binomial_2_lpmf: Location parameter[3500] is inf, but must be positive finite! (in 'model_multilevel_transfer_truncated.stan', line 457, column 4 to column 67)
Chain 2 Exception: neg_binomial_2_lpmf: Location parameter[3500] is inf, but must be positive finite! (in 'model_multilevel_transfer_truncated.stan', line 457, column 4 to column 67)
Chain 2 User-specified initialization failed.
Chain 2  Try specifying new initial values, using partially specialized initialization, reducing the range of constrained values, or reparameterizing the model.
Chain 2 Initialization failed.
Warning: Chain 2 finished unexpectedly!

Chain 3 Informational Message: The current Metropolis proposal is about to be rejected because of the following issue:
Chain 3 Exception: neg_binomial_2_lpmf: Location parameter[1] is -nan, but must be positive finite! (in 'model_multilevel_transfer_truncated.stan', line 457, column 4 to column 67)
Chain 3 If this warning occurs sporadically, such as for highly constrained variable types like covariance matrices, then the sampler is fine,
Chain 3 but if this warning occurs often then your model may be either severely ill-conditioned or misspecified.
Chain 3 
Chain 3 Informational Message: The current Metropolis proposal is about to be rejected because of the following issue:
Chain 3 Exception: neg_binomial_2_lpmf: Location parameter[1] is -nan, but must be positive finite! (in 'model_multilevel_transfer_truncated.stan', line 457, column 4 to column 67)
Chain 3 If this warning occurs sporadically, such as for highly constrained variable types like covariance matrices, then the sampler is fine,
Chain 3 but if this warning occurs often then your model may be either severely ill-conditioned or misspecified.
Chain 3 
Chain 3 Informational Message: The current Metropolis proposal is about to be rejected because of the following issue:
Chain 3 Exception: neg_binomial_2_lpmf: Location parameter[1] is inf, but must be positive finite! (in 'model_multilevel_transfer_truncated.stan', line 457, column 4 to column 67)
Chain 3 If this warning occurs sporadically, such as for highly constrained variable types like covariance matrices, then the sampler is fine,
Chain 3 but if this warning occurs often then your model may be either severely ill-conditioned or misspecified.
Chain 3 
Chain 3 Informational Message: The current Metropolis proposal is about to be rejected because of the following issue:
Chain 3 Exception: neg_binomial_2_lpmf: Location parameter[1] is inf, but must be positive finite! (in 'model_multilevel_transfer_truncated.stan', line 457, column 4 to column 67)
Chain 3 If this warning occurs sporadically, such as for highly constrained variable types like covariance matrices, then the sampler is fine,
Chain 3 but if this warning occurs often then your model may be either severely ill-conditioned or misspecified.
Chain 3 
Chain 3 Informational Message: The current Metropolis proposal is about to be rejected because of the following issue:
Chain 3 Exception: neg_binomial_2_lpmf: Location parameter[1] is inf, but must be positive finite! (in 'model_multilevel_transfer_truncated.stan', line 457, column 4 to column 67)
Chain 3 If this warning occurs sporadically, such as for highly constrained variable types like covariance matrices, then the sampler is fine,
Chain 3 but if this warning occurs often then your model may be either severely ill-conditioned or misspecified.
Chain 3 
Chain 3 Informational Message: The current Metropolis proposal is about to be rejected because of the following issue:
Chain 3 Exception: neg_binomial_2_lpmf: Location parameter[1] is 0, but must be positive finite! (in 'model_multilevel_transfer_truncated.stan', line 457, column 4 to column 67)
Chain 3 If this warning occurs sporadically, such as for highly constrained variable types like covariance matrices, then the sampler is fine,
Chain 3 but if this warning occurs often then your model may be either severely ill-conditioned or misspecified.
Chain 3 
Chain 3 Informational Message: The current Metropolis proposal is about to be rejected because of the following issue:
Chain 3 Exception: neg_binomial_2_lpmf: Location parameter[1] is 0, but must be positive finite! (in 'model_multilevel_transfer_truncated.stan', line 457, column 4 to column 67)
Chain 3 If this warning occurs sporadically, such as for highly constrained variable types like covariance matrices, then the sampler is fine,
Chain 3 but if this warning occurs often then your model may be either severely ill-conditioned or misspecified.
Chain 3 
Chain 3 Informational Message: The current Metropolis proposal is about to be rejected because of the following issue:
Chain 3 Exception: neg_binomial_2_lpmf: Location parameter[1] is inf, but must be positive finite! (in 'model_multilevel_transfer_truncated.stan', line 457, column 4 to column 67)
Chain 3 If this warning occurs sporadically, such as for highly constrained variable types like covariance matrices, then the sampler is fine,
Chain 3 but if this warning occurs often then your model may be either severely ill-conditioned or misspecified.
Chain 3 
Chain 3 Informational Message: The current Metropolis proposal is about to be rejected because of the following issue:
Chain 3 Exception: neg_binomial_2_lpmf: Location parameter[1] is inf, but must be positive finite! (in 'model_multilevel_transfer_truncated.stan', line 457, column 4 to column 67)
Chain 3 If this warning occurs sporadically, such as for highly constrained variable types like covariance matrices, then the sampler is fine,
Chain 3 but if this warning occurs often then your model may be either severely ill-conditioned or misspecified.
Chain 3 
Chain 3 Informational Message: The current Metropolis proposal is about to be rejected because of the following issue:
Chain 3 Exception: neg_binomial_2_lpmf: Location parameter[1] is inf, but must be positive finite! (in 'model_multilevel_transfer_truncated.stan', line 457, column 4 to column 67)
Chain 3 If this warning occurs sporadically, such as for highly constrained variable types like covariance matrices, then the sampler is fine,
Chain 3 but if this warning occurs often then your model may be either severely ill-conditioned or misspecified.
Chain 3 
Chain 3 Informational Message: The current Metropolis proposal is about to be rejected because of the following issue:
Chain 3 Exception: neg_binomial_2_lpmf: Location parameter[17] is inf, but must be positive finite! (in 'model_multilevel_transfer_truncated.stan', line 457, column 4 to column 67)
Chain 3 If this warning occurs sporadically, such as for highly constrained variable types like covariance matrices, then the sampler is fine,
Chain 3 but if this warning occurs often then your model may be either severely ill-conditioned or misspecified.
Chain 3 
Chain 3 Informational Message: The current Metropolis proposal is about to be rejected because of the following issue:
Chain 3 Exception: neg_binomial_2_lpmf: Location parameter[307] is inf, but must be positive finite! (in 'model_multilevel_transfer_truncated.stan', line 457, column 4 to column 67)
Chain 3 If this warning occurs sporadically, such as for highly constrained variable types like covariance matrices, then the sampler is fine,
Chain 3 but if this warning occurs often then your model may be either severely ill-conditioned or misspecified.
Chain 3 
Chain 3 Iteration:    1 / 1750 [  0%]  (Warmup) 
Chain 3 Informational Message: The current Metropolis proposal is about to be rejected because of the following issue:
Chain 3 Exception: neg_binomial_2_lpmf: Location parameter[1] is -nan, but must be positive finite! (in 'model_multilevel_transfer_truncated.stan', line 457, column 4 to column 67)
Chain 3 If this warning occurs sporadically, such as for highly constrained variable types like covariance matrices, then the sampler is fine,
Chain 3 but if this warning occurs often then your model may be either severely ill-conditioned or misspecified.
Chain 3 
Chain 3 Informational Message: The current Metropolis proposal is about to be rejected because of the following issue:
Chain 3 Exception: neg_binomial_2_lpmf: Location parameter[1] is -nan, but must be positive finite! (in 'model_multilevel_transfer_truncated.stan', line 457, column 4 to column 67)
Chain 3 If this warning occurs sporadically, such as for highly constrained variable types like covariance matrices, then the sampler is fine,
Chain 3 but if this warning occurs often then your model may be either severely ill-conditioned or misspecified.
Chain 3 
Chain 3 Informational Message: The current Metropolis proposal is about to be rejected because of the following issue:
Chain 3 Exception: neg_binomial_2_lpmf: Location parameter[1] is 0, but must be positive finite! (in 'model_multilevel_transfer_truncated.stan', line 457, column 4 to column 67)
Chain 3 If this warning occurs sporadically, such as for highly constrained variable types like covariance matrices, then the sampler is fine,
Chain 3 but if this warning occurs often then your model may be either severely ill-conditioned or misspecified.
Chain 3 
Chain 3 Informational Message: The current Metropolis proposal is about to be rejected because of the following issue:
Chain 3 Exception: neg_binomial_2_lpmf: Location parameter[1] is inf, but must be positive finite! (in 'model_multilevel_transfer_truncated.stan', line 457, column 4 to column 67)
Chain 3 If this warning occurs sporadically, such as for highly constrained variable types like covariance matrices, then the sampler is fine,
Chain 3 but if this warning occurs often then your model may be either severely ill-conditioned or misspecified.
Chain 3 
Chain 3 Iteration:  100 / 1750 [  5%]  (Warmup) 
Chain 3 Iteration:  200 / 1750 [ 11%]  (Warmup) 
Chain 3 Iteration:  300 / 1750 [ 17%]  (Warmup) 
Chain 3 Iteration:  400 / 1750 [ 22%]  (Warmup) 
Chain 3 Iteration:  500 / 1750 [ 28%]  (Warmup) 
Chain 3 Iteration:  600 / 1750 [ 34%]  (Warmup) 
Chain 3 Iteration:  700 / 1750 [ 40%]  (Warmup) 
Chain 3 Iteration:  751 / 1750 [ 42%]  (Sampling) 
Chain 3 Iteration:  850 / 1750 [ 48%]  (Sampling) 
Chain 3 Iteration:  950 / 1750 [ 54%]  (Sampling) 
Chain 3 Iteration: 1050 / 1750 [ 60%]  (Sampling) 
Chain 3 Iteration: 1150 / 1750 [ 65%]  (Sampling) 
Chain 3 Iteration: 1250 / 1750 [ 71%]  (Sampling) 
Chain 3 Iteration: 1350 / 1750 [ 77%]  (Sampling) 
Chain 3 Iteration: 1450 / 1750 [ 82%]  (Sampling) 
Chain 3 Iteration: 1550 / 1750 [ 88%]  (Sampling) 
Chain 3 Iteration: 1650 / 1750 [ 94%]  (Sampling) 
Chain 3 Iteration: 1750 / 1750 [100%]  (Sampling) 
Chain 3 finished in 159229.0 seconds.
Warning: 2 chain(s) finished unexpectedly!
The remaining chains had a mean execution time of 159235.3 seconds.
Warning: The returned fit object will only read in results of successful chains. Please use read_cmdstan_csv() to read the results of the failed chains separately.Use the $output(chain_id) method for more output of the failed chains.
Warning: 1000 of 1000 (100.0%) transitions hit the maximum treedepth limit of 10.
See https://mc-stan.org/misc/warnings for details.

[1] "Saving fit object..."
[1] "Calculating summary..."
[1] "Calculating samples..."
[1] "Calculating metadata..."
[1] "Summary of Hyperpriors (mu_*, sigma_*):"
# A tibble: 107 × 10
    variable      mean   median      sd     mad       q5      q95  rhat ess_bulk
    <chr>        <dbl>    <dbl>   <dbl>   <dbl>    <dbl>    <dbl> <dbl>    <dbl>
  1 mu_beta_…  3.69e+0  3.75    1.69    1.82     0.824    6.41    1.01     33.9 
  2 mu_beta_… -2.04e-2 -0.0210  0.0265  0.0222  -0.0596   0.0178  1.03     29.0 
  3 mu_beta_… -1.24e-1 -0.125   0.0528  0.0591  -0.211   -0.0387  1.08     14.6 
  4 mu_beta_…  2.17e-2  0.0195  0.0250  0.0236  -0.0140   0.0681  1.09     16.2 
  5 mu_beta_…  2.81e-1  0.262   0.467   0.390   -0.486    1.15    1.01     39.0 
  6 mu_beta_…  1.04e-2  0.00982 0.0533  0.0500  -0.0747   0.104   1.13      6.18
  7 mu_beta_… -5.06e-3 -0.00527 0.0319  0.0303  -0.0559   0.0478  1.05     41.7 
  8 mu_beta_… -2.11e-2 -0.0282  0.286   0.267   -0.492    0.460   1.00     28.3 
  9 mu_beta_…  1.11e-1  0.0930  0.301   0.268   -0.377    0.694   1.00     32.9 
 10 mu_beta_… -3.13e-3 -0.0134  0.303   0.279   -0.470    0.516   1.00     27.0 
 11 mu_beta_…  1.65e-2  0.0268  0.426   0.318   -0.726    0.781   1.06     17.8 
 12 mu_beta_… -2.24e-2 -0.0163  0.422   0.319   -0.782    0.725   1.06     16.1 
 13 mu_beta_… -7.16e-3  0.00147 0.423   0.327   -0.733    0.750   1.06     16.6 
 14 mu_beta_…  6.74e-2  0.0576  0.224   0.212   -0.268    0.502   1.03     21.0 
 15 mu_beta_…  2.53e-2  0.00974 0.222   0.210   -0.294    0.458   1.04     19.4 
 16 mu_beta_… -3.47e-3 -0.0200  0.222   0.211   -0.334    0.419   1.03     21.0 
 17 mu_beta_… -1.21e-1 -0.123   0.0780  0.0833  -0.248    0.00824 1.02     32.4 
 18 mu_beta_…  1.62e-1  0.166   0.303   0.332   -0.363    0.635   1.04     37.1 
 19 mu_beta_…  9.88e-2  0.0736  0.473   0.351   -0.678    0.950   1.08     14.2 
 20 mu_beta_…  1.65e-1  0.140   0.225   0.210   -0.168    0.569   1.04     19.6 
 21 mu_beta_…  5.20e-4 -0.0354  0.334   0.226   -0.459    0.627   1.01     42.8 
 22 mu_beta_… -2.46e-1 -0.253   0.242   0.214   -0.616    0.148   1.02     94.5 
 23 mu_beta_… -3.50e-1 -0.271   0.523   0.421   -1.32     0.408   1.07     35.1 
 24 mu_beta_… -3.86e-1 -0.367   0.242   0.185   -0.765   -0.0541  1.05     47.9 
 25 mu_beta_… -3.04e-2 -0.0464  0.204   0.199   -0.336    0.341   1.01     39.6 
 26 mu_beta_…  2.28e-1  0.222   0.246   0.264   -0.148    0.635   1.05     41.2 
 27 mu_beta_… -3.65e-2 -0.0527  0.209   0.174   -0.329    0.387   1.02     55.2 
 28 mu_beta_… -1.72e-3 -0.00641 0.229   0.224   -0.390    0.378   1.05     26.3 
 29 mu_beta_…  7.06e-2  0.0686  0.250   0.231   -0.321    0.516   1.01     45.7 
 30 mu_beta_… -3.12e-2 -0.0319  0.267   0.262   -0.485    0.432   1.01     46.5 
 31 mu_beta_… -5.54e-2 -0.0573  0.0346  0.0353  -0.107    0.00986 1.00     41.6 
 32 mu_beta_…  5.06e-2  0.0503  0.0176  0.0162   0.0216   0.0792  1.02     53.7 
 33 mu_beta_…  1.31e-1  0.130   0.0170  0.0172   0.104    0.159   1.00     51.5 
 34 mu_beta_…  1.28e-1  0.129   0.0169  0.0182   0.100    0.156   1.02     56.9 
 35 mu_beta_…  2.15e-1  0.214   0.0164  0.0169   0.189    0.243   1.00     62.1 
 36 mu_beta_…  9.99e-2  0.113   0.475   0.390   -0.749    0.870   1.01     40.7 
 37 mu_beta_…  4.23e-2  0.0524  0.474   0.391   -0.812    0.803   1.01     41.1 
 38 mu_beta_…  3.66e-2  0.0394  0.0511  0.0510  -0.0555   0.114   1.03     26.9 
 39 mu_beta_…  3.60e-2  0.0360  0.00806 0.00798  0.0235   0.0492  1.00     91.6 
 40 mu_beta_… -2.79e-2 -0.0278  0.00377 0.00372 -0.0342  -0.0220  1.01    219.  
 41 mu_gamma…  1.87e-1  0.207   0.174   0.187   -0.125    0.449   1.04     15.3 
 42 mu_gamma…  1.14e-1  0.106   0.0726  0.0617   0.0108   0.257   1.10     43.1 
 43 mu_alpha…  3.02e-1  0.305   0.0565  0.0585   0.204    0.395   1.02     34.9 
 44 mu_alpha…  2.17e-1  0.217   0.0298  0.0282   0.169    0.270   1.00     39.7 
 45 mu_alpha…  1.11e-1  0.112   0.0129  0.0135   0.0875   0.131   1.01     62.5 
 46 mu_alpha…  7.45e-2  0.0747  0.0118  0.0112   0.0538   0.0940  1.01     42.6 
 47 mu_alpha…  5.81e-2  0.0582  0.0110  0.0109   0.0405   0.0767  1.02     55.2 
 48 mu_alpha…  2.44e-2  0.0248  0.0115  0.0112   0.00590  0.0435  1.00     65.5 
 49 mu_alpha…  7.28e-2  0.0725  0.0112  0.0115   0.0549   0.0924  1.01     61.2 
 50 mu_alpha…  9.86e-2  0.0986  0.0135  0.0138   0.0773   0.120   1.12      9.98
 51 mu_alpha…  7.47e-2  0.0745  0.0126  0.0125   0.0537   0.0943  1.11     10.8 
 52 mu_alpha…  9.49e-2  0.0946  0.0125  0.0130   0.0743   0.116   1.04     71.7 
 53 mu_alpha…  7.36e-2  0.0740  0.0120  0.0122   0.0541   0.0942  1.05     84.6 
 54 mu_alpha…  6.99e-2  0.0695  0.0130  0.0134   0.0496   0.0921  1.02    102.  
 55 mu_delta… -7.81e-2 -0.0827  0.101   0.106   -0.239    0.0907  1.00     19.9 
 56 mu_delta…  1.39e-1  0.140   0.110   0.101   -0.0402   0.319   1.29      2.93
 57 mu_delta… -2.51e-1 -0.252   0.0258  0.0264  -0.291   -0.206   1.01     52.3 
 58 mu_delta… -1.01e-1 -0.102   0.0235  0.0239  -0.139   -0.0622  1.01     63.0 
 59 mu_delta… -5.29e-2 -0.0535  0.0224  0.0230  -0.0880  -0.0134  1.04     64.0 
 60 mu_delta… -1.94e-2 -0.0188  0.0275  0.0272  -0.0654   0.0237  1.01     98.7 
 61 mu_delta… -7.25e-3 -0.00580 0.0333  0.0319  -0.0662   0.0447  1.12      8.15
 62 mu_delta…  5.31e-3  0.00616 0.0301  0.0290  -0.0481   0.0527  1.04     51.4 
 63 mu_delta… -5.32e-2 -0.0533  0.0258  0.0264  -0.0973  -0.00733 1.07     29.6 
 64 mu_delta… -4.85e-2 -0.0480  0.0250  0.0248  -0.0874  -0.00608 1.00     72.9 
 65 mu_delta… -5.20e-2 -0.0507  0.0257  0.0251  -0.0944  -0.00934 1.00     99.6 
 66 mu_delta…  9.02e-2  0.0905  0.0281  0.0278   0.0451   0.135   1.04     53.8 
 67 mu_phi_l…  1.57e+0  1.58    0.259   0.274    1.13     1.95    1.16     18.1 
 68 sigma_be…  5.49e-1  0.478   0.391   0.394    0.0550   1.28    1.11     10.9 
 69 sigma_be…  1.36e-1  0.131   0.0355  0.0297   0.0917   0.193   1.18      5.92
 70 sigma_be…  2.43e-1  0.240   0.0428  0.0377   0.181    0.321   1.00     40.6 
 71 sigma_be…  8.09e-2  0.0781  0.0181  0.0185   0.0562   0.114   1.02     33.0 
 72 sigma_be…  2.33e-1  0.228   0.0479  0.0439   0.164    0.322   1.05     31.3 
 73 sigma_be…  1.50e-1  0.142   0.0529  0.0480   0.0772   0.254   1.02     58.9 
 74 sigma_be…  9.56e-2  0.0905  0.0452  0.0401   0.0362   0.177   1.04     46.5 
 75 sigma_be…  1.79e-1  0.175   0.0586  0.0537   0.0858   0.281   1.06     32.0 
 76 sigma_be…  2.56e-1  0.234   0.123   0.108    0.0937   0.489   1.02     18.1 
 77 sigma_be…  1.20e-1  0.115   0.0708  0.0714   0.0145   0.249   1.07     13.9 
 78 sigma_be…  3.79e-2  0.0301  0.0313  0.0278   0.00282  0.100   1.02     78.5 
 79 sigma_be…  4.37e-2  0.0390  0.0288  0.0270   0.00723  0.0973  0.999    56.0 
 80 sigma_be…  3.69e-2  0.0324  0.0254  0.0234   0.00526  0.0858  1.00     65.3 
 81 sigma_be…  8.10e-2  0.0806  0.0331  0.0311   0.0267   0.136   1.02     58.1 
 82 sigma_be…  5.23e-2  0.0477  0.0332  0.0295   0.00944  0.111   1.01     48.3 
 83 sigma_be…  4.28e-2  0.0373  0.0292  0.0293   0.00652  0.100   1.08     44.0 
 84 sigma_be…  2.45e-1  0.236   0.0688  0.0652   0.150    0.365   1.01     35.9 
 85 sigma_be…  1.74e-1  0.171   0.0848  0.0870   0.0400   0.314   1.09     12.6 
 86 sigma_be…  1.30e-1  0.126   0.0343  0.0309   0.0808   0.193   1.03     63.2 
 87 sigma_be…  2.21e-1  0.211   0.0570  0.0505   0.144    0.331   1.00     42.1 
 88 sigma_be…  5.12e-1  0.369   0.474   0.287    0.0722   1.48    1.00     64.1 
 89 sigma_be…  3.83e-1  0.266   0.416   0.234    0.0313   1.12    1.05     50.3 
 90 sigma_be…  1.11e+0  0.973   0.864   0.733    0.0678   2.57    1.00     34.7 
 91 sigma_be…  2.84e-1  0.221   0.262   0.182    0.0163   0.843   1.10     13.0 
 92 sigma_be…  3.20e-1  0.291   0.181   0.152    0.0916   0.654   1.02     41.2 
 93 sigma_be…  6.04e-1  0.556   0.201   0.174    0.364    0.961   1.04     16.9 
 94 sigma_be…  5.84e-1  0.554   0.190   0.168    0.344    0.944   1.01     30.3 
 95 sigma_be…  4.37e-1  0.423   0.129   0.119    0.247    0.680   1.05     27.5 
 96 sigma_be…  8.03e-2  0.0609  0.0697  0.0594   0.00251  0.223   1.00     18.7 
 97 sigma_be…  2.52e-1  0.237   0.103   0.101    0.120    0.461   1.10     11.1 
 98 sigma_be…  2.84e-2  0.0277  0.00651 0.00589  0.0187   0.0401  1.01     56.9 
 99 sigma_ga…  6.48e-1  0.642   0.133   0.141    0.453    0.892   1.08     26.4 
100 sigma_ga…  8.80e-2  0.0733  0.0734  0.0610   0.00673  0.222   1.38      2.56
101 sigma_al…  2.81e-1  0.277   0.0536  0.0579   0.202    0.374   1.11     15.9 
102 sigma_al…  9.40e-2  0.0926  0.0228  0.0223   0.0611   0.137   1.05     42.4 
103 sigma_de…  4.50e-1  0.433   0.104   0.104    0.316    0.649   1.02     29.9 
104 sigma_de…  4.49e-1  0.428   0.120   0.0877   0.316    0.671   1.08     33.2 
105 sigma_ph…  1.04e+0  1.01    0.170   0.173    0.797    1.34    1.01     28.3 
106 sigma_ga…  2.25e-1  0.206   0.0958  0.0738   0.106    0.386   1.05     45.1 
107 sigma_ga…  3.37e-1  0.287   0.228   0.209    0.0549   0.820   1.02     49.3 
# ℹ 1 more variable: ess_tail <dbl>
[1] "Calculating lambda_mean..."
[1] "Calculating lambda_test_mean..."
[1] "Calculating y_rep_mean..."
[1] "Calculating y_test_rep_mean..."
[1] "Generating plots..."
 [1] "exposure_VLZX7K2M9QD4T_1"        "exposure_SRQS8F7JWA9MZ_1"
 [3] "exposure_SRQS8F7JWA9MZ_2" "exposure_2HRX9P6HKXA8V_1"
 [5] "exposure_JHDN7CF1C03X5_1" "exposure_L69HYJ4Y3TR91_1"
 [7] "exposure_ED5J990H5VAZT_1" "exposure_W8T41JZK0ZMEP_1"
 [9] "exposure_W8T41JZK0ZMEP_2" "exposure_W8T41JZK0ZMEP_3"
[11] "exposure_W8T41JZK0ZMEP_4" "exposure_W8T41JZK0ZMEP_5"
[13] "exposure_EMBVNVD207CC6_1" "exposure_C0BE4NDSW26QN_1"
[15] "exposure_C0BE4NDSW26QN_2" "exposure_V3Q26BHF3SE2H_1"
[17] "exposure_V3Q26BHF3SE2H_2" "exposure_V3Q26BHF3SE2H_3"
[19] "exposure_V3Q26BHF3SE2H_4" "exposure_LBZEEFSBJNB3Z_1"
[21] "exposure_SAFK7ND1HR6XS_1" "exposure_S8MT0YGD2KTN9_1"
[23] "exposure_1SQPTEGYPH0GA_1" "exposure_9XKJD8DQTH559_1"
[25] "exposure_9XKJD8DQTH559_2" "exposure_LQ5EH4BKGV61T_1"
[27] "exposure_78AY09MVJVTYE_1"
[1] 17
Adding missing grouping variables: `location_id_num`
[1] "Skipping daily plot for VLZX7K2M9QD4T due to missing daily data."
[1] "Skipping daily plot for SRQS8F7JWA9MZ due to missing daily data."
[1] "Skipping daily plot for 2HRX9P6HKXA8V due to missing daily data."
[1] "Skipping daily plot for JHDN7CF1C03X5 due to missing daily data."
[1] "Skipping daily plot for L69HYJ4Y3TR91 due to missing daily data."
[1] "Skipping daily plot for ED5J990H5VAZT due to missing daily data."
[1] "Skipping daily plot for W8T41JZK0ZMEP due to missing daily data."
[1] "Skipping daily plot for EMBVNVD207CC6 due to missing daily data."
[1] "Skipping daily plot for C0BE4NDSW26QN due to missing daily data."
[1] "Skipping daily plot for V3Q26BHF3SE2H due to missing daily data."
[1] "Skipping daily plot for LBZEEFSBJNB3Z due to missing daily data."
[1] "Skipping daily plot for SAFK7ND1HR6XS due to missing daily data."
[1] "Skipping daily plot for S8MT0YGD2KTN9 due to missing daily data."
[1] "Skipping daily plot for 1SQPTEGYPH0GA due to missing daily data."
[1] "Skipping daily plot for 9XKJD8DQTH559 due to missing daily data."
[1] "Skipping daily plot for LQ5EH4BKGV61T due to missing daily data."
[1] "Skipping daily plot for 78AY09MVJVTYE due to missing daily data."
[1] "Skipping MLflow logging as existing fit file was loaded."
[1] "Done."
           used  (Mb) gc trigger   (Mb)  max used   (Mb)
Ncells  5252073 280.5   10148593  542.0  10148593  542.0
Vcells 17246165 131.6  517946067 3951.7 673560520 5138.9
Warning messages:
1: Dropping 'draws_df' class as required metadata was removed. 
2: Dropping 'draws_df' class as required metadata was removed. 
3: Dropping 'draws_df' class as required metadata was removed. 
4: Dropping 'draws_df' class as required metadata was removed. 
