- The project is out-of-sync -- use `renv::status()` for details.
── Attaching core tidyverse packages ──────────────────────── tidyverse 2.0.0 ──
✔ dplyr     1.1.4     ✔ readr     2.1.5
✔ forcats   1.0.0     ✔ stringr   1.5.1
✔ ggplot2   3.5.1     ✔ tibble    3.2.1
✔ lubridate 1.9.4     ✔ tidyr     1.3.1
✔ purrr     1.0.4     
[conflicted] Will prefer dplyr::select over any other package.
[conflicted] Will prefer dplyr::filter over any other package.
[conflicted] Will prefer lubridate::year over any other package.
[conflicted] Will prefer lubridate::month over any other package.
[conflicted] Will prefer purrr::map over any other package.
[conflicted] Will prefer stats::sd over any other package.
[conflicted] Will prefer base::match over any other package.
This is cmdstanr version 0.9.0
- CmdStanR documentation and vignettes: mc-stan.org/cmdstanr
- CmdStan path: /home/nuttidalab/.cmdstan/cmdstan-2.36.0
- CmdStan version: 2.36.0

A newer version of CmdStan is available. See ?install_cmdstan() to install it.
To disable this check set option or environment variable cmdstanr_no_ver_check=TRUE.
This is posterior version 1.6.0
Registered S3 method overwritten by 'tsibble':
  method               from 
  as_tibble.grouped_df dplyr
── Attaching packages ──────────────────────────────────────────── fpp3 1.0.1 ──
✔ tsibble     1.1.6     ✔ feasts      0.4.1
✔ tsibbledata 0.4.1     ✔ fable       0.4.1
Loading required package: R.oo
Loading required package: R.methodsS3
R.methodsS3 v1.8.2 (2022-06-13 22:00:14 UTC) successfully loaded. See ?R.methodsS3 for help.
R.oo v1.27.0 (2024-11-01 18:00:02 UTC) successfully loaded. See ?R.oo for help.

Attaching package: ‘R.oo’

The following object is masked from ‘package:R.methodsS3’:

    throw

The following object is masked from ‘package:shiny’:

    printStackTrace

The following object is masked from ‘package:renv’:

    load

The following objects are masked from ‘package:methods’:

    getClasses, getMethods

The following objects are masked from ‘package:base’:

    attach, detach, load, save

R.utils v2.13.0 (2025-02-24 21:20:02 UTC) successfully loaded. See ?R.utils for help.
Registered S3 method overwritten by 'quantmod':
  method            from
  as.zoo.data.frame zoo 
Registered S3 methods overwritten by 'bayesforecast':
  method      from    
  autoplot.ts forecast
  forecast.ts forecast
  fortify.ts  forecast
  print.garch tseries 
[1] "# of rows: 34628"
[1] "# of rows: 27841"
[1] "Found 54 exposure columns in the data: exposure_VLZX7K2M9QD4T_1, exposure_SRQS8F7JWA9MZ_1, exposure_SRQS8F7JWA9MZ_2, exposure_2HRX9P6HKXA8V_1, exposure_JHDN7CF1C03X5_1, exposure_L69HYJ4Y3TR91_1, exposure_ED5J990H5VAZT_1, exposure_W8T41JZK0ZMEP_1, exposure_W8T41JZK0ZMEP_2, exposure_W8T41JZK0ZMEP_3, exposure_W8T41JZK0ZMEP_4, exposure_W8T41JZK0ZMEP_5, exposure_EMBVNVD207CC6_1, exposure_C0BE4NDSW26QN_1, exposure_C0BE4NDSW26QN_2, exposure_V3Q26BHF3SE2H_1, exposure_V3Q26BHF3SE2H_2, exposure_V3Q26BHF3SE2H_3, exposure_V3Q26BHF3SE2H_4, exposure_LBZEEFSBJNB3Z_1, exposure_SAFK7ND1HR6XS_1, exposure_S8MT0YGD2KTN9_1, exposure_1SQPTEGYPH0GA_1, exposure_9XKJD8DQTH559_1, exposure_9XKJD8DQTH559_2, exposure_LQ5EH4BKGV61T_1, exposure_78AY09MVJVTYE_1, exposure_VLZX7K2M9QD4T_1_slope, exposure_SRQS8F7JWA9MZ_1_slope, exposure_SRQS8F7JWA9MZ_2_slope, exposure_2HRX9P6HKXA8V_1_slope, exposure_JHDN7CF1C03X5_1_slope, exposure_L69HYJ4Y3TR91_1_slope, exposure_ED5J990H5VAZT_1_slope, exposure_W8T41JZK0ZMEP_1_slope, exposure_W8T41JZK0ZMEP_2_slope, exposure_W8T41JZK0ZMEP_3_slope, exposure_W8T41JZK0ZMEP_4_slope, exposure_W8T41JZK0ZMEP_5_slope, exposure_EMBVNVD207CC6_1_slope, exposure_C0BE4NDSW26QN_1_slope, exposure_C0BE4NDSW26QN_2_slope, exposure_V3Q26BHF3SE2H_1_slope, exposure_V3Q26BHF3SE2H_2_slope, exposure_V3Q26BHF3SE2H_3_slope, exposure_V3Q26BHF3SE2H_4_slope, exposure_LBZEEFSBJNB3Z_1_slope, exposure_SAFK7ND1HR6XS_1_slope, exposure_S8MT0YGD2KTN9_1_slope, exposure_1SQPTEGYPH0GA_1_slope, exposure_9XKJD8DQTH559_1_slope, exposure_9XKJD8DQTH559_2_slope, exposure_LQ5EH4BKGV61T_1_slope, exposure_78AY09MVJVTYE_1_slope"
Numeric columns considered for scaling:
vegan_window_sum_item_quantity,
vegetarian_window_sum_item_quantity,
meat_window_sum_item_quantity,
vegan_window_avg_item_price,
vegetarian_window_avg_item_price,
meat_window_avg_item_price,
breakfast_p_window_avg_item_price,
textured_p_window_avg_item_price,
untextured_p_window_avg_item_price,
chicken_p_window_avg_item_price,
dairy_p_window_avg_item_price,
egg_p_window_avg_item_price,
breakfast_window_avg_item_price,
textured_window_avg_item_price,
untextured_window_avg_item_price,
breakfast_t2_window_avg_item_price,
textured_t2_window_avg_item_price,
untextured_t2_window_avg_item_price,
chicken_t2_window_avg_item_price,
dairy_t2_window_avg_item_price,
day_of_month,
__index_level_0__,
Value,
vegan_price_real,
vegetarian_price_real,
meat_price_real,
breakfast_p_price_real,
textured_p_price_real,
untextured_p_price_real,
chicken_p_price_real,
dairy_p_price_real,
egg_p_price_real,
breakfast_price_real,
textured_price_real,
untextured_price_real,
breakfast_t2_price_real,
textured_t2_price_real,
untextured_t2_price_real,
chicken_t2_price_real,
dairy_t2_price_real,
inflation,
temp,
precip[1] "Successfully created `expo_to_rest` mapping."
[1] "Successfully created `expo_to_param` mapping."
Identified 54 exposure columns in the design matrix: 
exposure_VLZX7K2M9QD4T_1, 
exposure_SRQS8F7JWA9MZ_1, 
exposure_SRQS8F7JWA9MZ_2, 
exposure_2HRX9P6HKXA8V_1, 
exposure_JHDN7CF1C03X5_1, 
exposure_L69HYJ4Y3TR91_1, 
exposure_ED5J990H5VAZT_1, 
exposure_W8T41JZK0ZMEP_1, 
exposure_W8T41JZK0ZMEP_2, 
exposure_W8T41JZK0ZMEP_3, 
exposure_W8T41JZK0ZMEP_4, 
exposure_W8T41JZK0ZMEP_5, 
exposure_EMBVNVD207CC6_1, 
exposure_C0BE4NDSW26QN_1, 
exposure_C0BE4NDSW26QN_2, 
exposure_V3Q26BHF3SE2H_1, 
exposure_V3Q26BHF3SE2H_2, 
exposure_V3Q26BHF3SE2H_3, 
exposure_V3Q26BHF3SE2H_4, 
exposure_LBZEEFSBJNB3Z_1, 
exposure_SAFK7ND1HR6XS_1, 
exposure_S8MT0YGD2KTN9_1, 
exposure_1SQPTEGYPH0GA_1, 
exposure_9XKJD8DQTH559_1, 
exposure_9XKJD8DQTH559_2, 
exposure_LQ5EH4BKGV61T_1, 
exposure_78AY09MVJVTYE_1, 
exposure_VLZX7K2M9QD4T_1_slope, 
exposure_SRQS8F7JWA9MZ_1_slope, 
exposure_SRQS8F7JWA9MZ_2_slope, 
exposure_2HRX9P6HKXA8V_1_slope, 
exposure_JHDN7CF1C03X5_1_slope, 
exposure_L69HYJ4Y3TR91_1_slope, 
exposure_ED5J990H5VAZT_1_slope, 
exposure_W8T41JZK0ZMEP_1_slope, 
exposure_W8T41JZK0ZMEP_2_slope, 
exposure_W8T41JZK0ZMEP_3_slope, 
exposure_W8T41JZK0ZMEP_4_slope, 
exposure_W8T41JZK0ZMEP_5_slope, 
exposure_EMBVNVD207CC6_1_slope, 
exposure_C0BE4NDSW26QN_1_slope, 
exposure_C0BE4NDSW26QN_2_slope, 
exposure_V3Q26BHF3SE2H_1_slope, 
exposure_V3Q26BHF3SE2H_2_slope, 
exposure_V3Q26BHF3SE2H_3_slope, 
exposure_V3Q26BHF3SE2H_4_slope, 
exposure_LBZEEFSBJNB3Z_1_slope, 
exposure_SAFK7ND1HR6XS_1_slope, 
exposure_S8MT0YGD2KTN9_1_slope, 
exposure_1SQPTEGYPH0GA_1_slope, 
exposure_9XKJD8DQTH559_1_slope, 
exposure_9XKJD8DQTH559_2_slope, 
exposure_LQ5EH4BKGV61T_1_slope, 
exposure_78AY09MVJVTYE_1_slope
Identified 30 random beta columns: 
vegan_price_real, 
vegetarian_price_real, 
meat_price_real, 
weekend, 
holiday_window, 
month_cat2, 
month_cat3, 
month_cat4, 
month_cat5, 
month_cat6, 
month_cat7, 
month_cat8, 
month_cat9, 
month_cat10, 
month_cat11, 
month_cat12, 
seasonspring, 
seasonsummer, 
seasonwinter, 
year_cat2014, 
year_cat2015, 
year_cat2016, 
year_cat2017, 
year_cat2018, 
year_cat2019, 
year_cat2020, 
year_cat2021, 
year_cat2022, 
year_cat2023, 
date_num
Identified 9 fixed beta columns: 
day_of_week_cat1, 
day_of_week_cat2, 
day_of_week_cat3, 
day_of_week_cat4, 
day_of_week_cat5, 
day_of_week_cat6, 
inflation, 
temp, 
precip
Identified 2 random alpha indices (positions): 
1, 7
Identified 2 random delta indices (positions): 
1, 7
[1] "Open-day filtering: using 21581 of 26438 train obs, 1247 of 1403 test obs"
$R
[1] 17

$J
[1] 94

$p_effective
[1] 12

$q_effective
[1] 12

$M
[1] 2

$idx_intercept
[1] 1

$K_beta_random
[1] 30

$idx_beta_random
[1] 2 3 4 5 6 7

$K_beta_fixed
[1] 9

$idx_beta_fixed
[1] 32 33 34 35 36 37

$K_exposure
[1] 54

$idx_exposure
[1] 41 42 43 44 45 46

$expo_to_rest
[1] 1 2 2 3 4 5

$expo_to_param
[1] 1 1 1 1 1 1

$effective_lags_alpha
[1] 1 2 3 4 5 6

$K_alpha_random
[1] 2

$idx_alpha_random
[1] 1 7

$K_alpha_fixed
[1] 10

$idx_alpha_fixed
[1] 2 3 4 5 6 8

$effective_lags_delta
[1] 1 2 3 4 5 6

$K_delta_random
[1] 2

$idx_delta_random
[1] 1 7

$K_delta_fixed
[1] 10

$idx_delta_fixed
[1] 2 3 4 5 6 8

$N_train
[1] 26438

$X_train
  (Intercept) vegan_price_real vegetarian_price_real meat_price_real weekend
1           1       0.40385051             1.0711448     -0.02610961       1
2           1       1.25862927             0.3248613     -0.36300612       0
3           1       0.04434255             0.8651994      0.02587027       0
4           1       1.27233854             2.1529520     -0.34176686       0
5           1       0.32778335             0.2231908     -0.48801448       0
6           1       0.02400521             0.7189555      0.37959151       0
  holiday_window month_cat2 month_cat3 month_cat4 month_cat5 month_cat6
1              0          0          0          1          0          0
2              0          0          0          1          0          0
3              0          0          0          1          0          0
4              0          0          0          1          0          0
5              0          0          0          1          0          0
6              0          0          0          1          0          0
  month_cat7 month_cat8 month_cat9 month_cat10 month_cat11 month_cat12
1          0          0          0           0           0           0
2          0          0          0           0           0           0
3          0          0          0           0           0           0
4          0          0          0           0           0           0
5          0          0          0           0           0           0
6          0          0          0           0           0           0
  seasonspring seasonsummer seasonwinter year_cat2014 year_cat2015 year_cat2016
1            1            0            0            0            0            0
2            1            0            0            0            0            0
3            1            0            0            0            0            0
4            1            0            0            0            0            0
5            1            0            0            0            0            0
6            1            0            0            0            0            0
  year_cat2017 year_cat2018 year_cat2019 year_cat2020 year_cat2021 year_cat2022
1            0            0            0            0            1            0
2            0            0            0            0            1            0
3            0            0            0            0            1            0
4            0            0            0            0            1            0
5            0            0            0            0            1            0
6            0            0            0            0            1            0
  year_cat2023 date_num day_of_week_cat1 day_of_week_cat2 day_of_week_cat3
1            0 51.29363                0                0                0
2            0 51.29637                0                0                0
3            0 51.29911                1                0                0
4            0 51.30185                0                1                0
5            0 51.30459                0                0                1
6            0 51.30732                0                0                0
  day_of_week_cat4 day_of_week_cat5 day_of_week_cat6 inflation       temp
1                0                0                1 -1.756041  0.2058671
2                0                0                0 -1.756041 -0.9171702
3                0                0                0 -1.756041 -0.8251179
4                0                0                0 -1.756041 -1.3222000
5                0                0                0 -1.756041 -1.4326627
6                1                0                0 -1.756041 -0.7146553
      precip exposure_VLZX7K2M9QD4T_1 exposure_SRQS8F7JWA9MZ_1
1 -0.1813815                 0                        0
2 -0.1813815                 0                        0
3 -0.1813815                 0                        0
4 -0.1813815                 0                        0
5 -0.1813815                 0                        0
6 -0.1813815                 0                        0
  exposure_SRQS8F7JWA9MZ_2 exposure_2HRX9P6HKXA8V_1 exposure_JHDN7CF1C03X5_1
1                        0                        0                        0
2                        0                        0                        0
3                        0                        0                        0
4                        0                        0                        0
5                        0                        0                        0
6                        0                        0                        0
  exposure_L69HYJ4Y3TR91_1 exposure_ED5J990H5VAZT_1 exposure_W8T41JZK0ZMEP_1
1                        0                        0                        0
2                        0                        0                        0
3                        0                        0                        0
4                        0                        0                        0
5                        0                        0                        0
6                        0                        0                        0
  exposure_W8T41JZK0ZMEP_2 exposure_W8T41JZK0ZMEP_3 exposure_W8T41JZK0ZMEP_4
1                        0                        0                        0
2                        0                        0                        0
3                        0                        0                        0
4                        0                        0                        0
5                        0                        0                        0
6                        0                        0                        0
  exposure_W8T41JZK0ZMEP_5 exposure_EMBVNVD207CC6_1 exposure_C0BE4NDSW26QN_1
1                        0                        0                        0
2                        0                        0                        0
3                        0                        0                        0
4                        0                        0                        0
5                        0                        0                        0
6                        0                        0                        0
  exposure_C0BE4NDSW26QN_2 exposure_V3Q26BHF3SE2H_1 exposure_V3Q26BHF3SE2H_2
1                        0                        0                        0
2                        0                        0                        0
3                        0                        0                        0
4                        0                        0                        0
5                        0                        0                        0
6                        0                        0                        0
  exposure_V3Q26BHF3SE2H_3 exposure_V3Q26BHF3SE2H_4 exposure_LBZEEFSBJNB3Z_1
1                        0                        0                        0
2                        0                        0                        0
3                        0                        0                        0
4                        0                        0                        0
5                        0                        0                        0
6                        0                        0                        0
  exposure_SAFK7ND1HR6XS_1 exposure_S8MT0YGD2KTN9_1 exposure_1SQPTEGYPH0GA_1
1                        0                        0                        0
2                        0                        0                        0
3                        0                        0                        0
4                        0                        0                        0
5                        0                        0                        0
6                        0                        0                        0
  exposure_9XKJD8DQTH559_1 exposure_9XKJD8DQTH559_2 exposure_LQ5EH4BKGV61T_1
1                        0                        0                        0
2                        0                        0                        0
3                        0                        0                        0
4                        0                        0                        0
5                        0                        0                        0
6                        0                        0                        0
  exposure_78AY09MVJVTYE_1 exposure_VLZX7K2M9QD4T_1_slope
1                        0                       0
2                        0                       0
3                        0                       0
4                        0                       0
5                        0                       0
6                        0                       0
  exposure_SRQS8F7JWA9MZ_1_slope exposure_SRQS8F7JWA9MZ_2_slope
1                              0                              0
2                              0                              0
3                              0                              0
4                              0                              0
5                              0                              0
6                              0                              0
  exposure_2HRX9P6HKXA8V_1_slope exposure_JHDN7CF1C03X5_1_slope
1                              0                              0
2                              0                              0
3                              0                              0
4                              0                              0
5                              0                              0
6                              0                              0
  exposure_L69HYJ4Y3TR91_1_slope exposure_ED5J990H5VAZT_1_slope
1                              0                              0
2                              0                              0
3                              0                              0
4                              0                              0
5                              0                              0
6                              0                              0
  exposure_W8T41JZK0ZMEP_1_slope exposure_W8T41JZK0ZMEP_2_slope
1                              0                              0
2                              0                              0
3                              0                              0
4                              0                              0
5                              0                              0
6                              0                              0
  exposure_W8T41JZK0ZMEP_3_slope exposure_W8T41JZK0ZMEP_4_slope
1                              0                              0
2                              0                              0
3                              0                              0
4                              0                              0
5                              0                              0
6                              0                              0
  exposure_W8T41JZK0ZMEP_5_slope exposure_EMBVNVD207CC6_1_slope
1                              0                              0
2                              0                              0
3                              0                              0
4                              0                              0
5                              0                              0
6                              0                              0
  exposure_C0BE4NDSW26QN_1_slope exposure_C0BE4NDSW26QN_2_slope
1                              0                              0
2                              0                              0
3                              0                              0
4                              0                              0
5                              0                              0
6                              0                              0
  exposure_V3Q26BHF3SE2H_1_slope exposure_V3Q26BHF3SE2H_2_slope
1                              0                              0
2                              0                              0
3                              0                              0
4                              0                              0
5                              0                              0
6                              0                              0
  exposure_V3Q26BHF3SE2H_3_slope exposure_V3Q26BHF3SE2H_4_slope
1                              0                              0
2                              0                              0
3                              0                              0
4                              0                              0
5                              0                              0
6                              0                              0
  exposure_LBZEEFSBJNB3Z_1_slope exposure_SAFK7ND1HR6XS_1_slope
1                              0                              0
2                              0                              0
3                              0                              0
4                              0                              0
5                              0                              0
6                              0                              0
  exposure_S8MT0YGD2KTN9_1_slope exposure_1SQPTEGYPH0GA_1_slope
1                              0                              0
2                              0                              0
3                              0                              0
4                              0                              0
5                              0                              0
6                              0                              0
  exposure_9XKJD8DQTH559_1_slope exposure_9XKJD8DQTH559_2_slope
1                              0                              0
2                              0                              0
3                              0                              0
4                              0                              0
5                              0                              0
6                              0                              0
  exposure_LQ5EH4BKGV61T_1_slope exposure_78AY09MVJVTYE_1_slope
1                              0                              0
2                              0                              0
3                              0                              0
4                              0                              0
5                              0                              0
6                              0                              0

$y_train
[1] 3528 2892 2835 2893 3017 3054

$idx_to_rest_train
[1] 1 1 1 1 1 1

$train_start_idx
[1]    1  347 1854 3442 4969 5287

$train_end_idx
[1]  346 1853 3441 4968 5286 7904

$N_test
[1] 1403

$X_test
  (Intercept) vegan_price_real vegetarian_price_real meat_price_real weekend
1           1       -0.6859547            -0.9966515      -1.1888650       0
2           1        0.2629068            -1.2499632      -0.1869330       0
3           1       -0.4985976            -0.5248328      -0.7860672       0
4           1       -2.1638568            -2.8208443      -0.8300695       1
5           1       -1.2945464            -1.4078756      -1.0676717       1
6           1        0.9682882            -0.8194044      -0.8264540       0
  holiday_window month_cat2 month_cat3 month_cat4 month_cat5 month_cat6
1              0          0          1          0          0          0
2              0          0          1          0          0          0
3              0          0          0          1          0          0
4              0          0          0          1          0          0
5              0          0          0          1          0          0
6              0          0          0          1          0          0
  month_cat7 month_cat8 month_cat9 month_cat10 month_cat11 month_cat12
1          0          0          0           0           0           0
2          0          0          0           0           0           0
3          0          0          0           0           0           0
4          0          0          0           0           0           0
5          0          0          0           0           0           0
6          0          0          0           0           0           0
  seasonspring seasonsummer seasonwinter year_cat2014 year_cat2015 year_cat2016
1            1            0            0            0            0            0
2            1            0            0            0            0            0
3            1            0            0            0            0            0
4            1            0            0            0            0            0
5            1            0            0            0            0            0
6            1            0            0            0            0            0
  year_cat2017 year_cat2018 year_cat2019 year_cat2020 year_cat2021 year_cat2022
1            0            0            0            0            0            1
2            0            0            0            0            0            1
3            0            0            0            0            0            1
4            0            0            0            0            0            1
5            0            0            0            0            0            1
6            0            0            0            0            0            1
  year_cat2023 date_num day_of_week_cat1 day_of_week_cat2 day_of_week_cat3
1            0 52.24093                0                1                0
2            0 52.24367                0                0                1
3            0 52.24641                0                0                0
4            0 52.24914                0                0                0
5            0 52.25188                0                0                0
6            0 52.25462                0                0                0
  day_of_week_cat4 day_of_week_cat5 day_of_week_cat6 inflation       temp
1                0                0                0  1.437193 -0.8251179
2                0                0                0  1.437193 -0.4016777
3                1                0                0  1.737714 -0.2912150
4                0                1                0  1.737714  0.4083820
5                0                0                1  1.737714 -0.3096254
6                0                0                0  1.737714 -0.6041926
      precip exposure_VLZX7K2M9QD4T_1 exposure_SRQS8F7JWA9MZ_1
1 -0.1813815                 1                        0
2 -0.1813815                 1                        0
3 -0.1813815                 1                        0
4 -0.1813815                 1                        0
5 -0.1813815                 1                        0
6 -0.1813815                 1                        0
  exposure_SRQS8F7JWA9MZ_2 exposure_2HRX9P6HKXA8V_1 exposure_JHDN7CF1C03X5_1
1                        0                        0                        0
2                        0                        0                        0
3                        0                        0                        0
4                        0                        0                        0
5                        0                        0                        0
6                        0                        0                        0
  exposure_L69HYJ4Y3TR91_1 exposure_ED5J990H5VAZT_1 exposure_W8T41JZK0ZMEP_1
1                        0                        0                        0
2                        0                        0                        0
3                        0                        0                        0
4                        0                        0                        0
5                        0                        0                        0
6                        0                        0                        0
  exposure_W8T41JZK0ZMEP_2 exposure_W8T41JZK0ZMEP_3 exposure_W8T41JZK0ZMEP_4
1                        0                        0                        0
2                        0                        0                        0
3                        0                        0                        0
4                        0                        0                        0
5                        0                        0                        0
6                        0                        0                        0
  exposure_W8T41JZK0ZMEP_5 exposure_EMBVNVD207CC6_1 exposure_C0BE4NDSW26QN_1
1                        0                        0                        0
2                        0                        0                        0
3                        0                        0                        0
4                        0                        0                        0
5                        0                        0                        0
6                        0                        0                        0
  exposure_C0BE4NDSW26QN_2 exposure_V3Q26BHF3SE2H_1 exposure_V3Q26BHF3SE2H_2
1                        0                        0                        0
2                        0                        0                        0
3                        0                        0                        0
4                        0                        0                        0
5                        0                        0                        0
6                        0                        0                        0
  exposure_V3Q26BHF3SE2H_3 exposure_V3Q26BHF3SE2H_4 exposure_LBZEEFSBJNB3Z_1
1                        0                        0                        0
2                        0                        0                        0
3                        0                        0                        0
4                        0                        0                        0
5                        0                        0                        0
6                        0                        0                        0
  exposure_SAFK7ND1HR6XS_1 exposure_S8MT0YGD2KTN9_1 exposure_1SQPTEGYPH0GA_1
1                        0                        0                        0
2                        0                        0                        0
3                        0                        0                        0
4                        0                        0                        0
5                        0                        0                        0
6                        0                        0                        0
  exposure_9XKJD8DQTH559_1 exposure_9XKJD8DQTH559_2 exposure_LQ5EH4BKGV61T_1
1                        0                        0                        0
2                        0                        0                        0
3                        0                        0                        0
4                        0                        0                        0
5                        0                        0                        0
6                        0                        0                        0
  exposure_78AY09MVJVTYE_1 exposure_VLZX7K2M9QD4T_1_slope
1                        0               0.4462697
2                        0               0.4490075
3                        0               0.4517454
4                        0               0.4544832
5                        0               0.4572211
6                        0               0.4599589
  exposure_SRQS8F7JWA9MZ_1_slope exposure_SRQS8F7JWA9MZ_2_slope
1                              0                              0
2                              0                              0
3                              0                              0
4                              0                              0
5                              0                              0
6                              0                              0
  exposure_2HRX9P6HKXA8V_1_slope exposure_JHDN7CF1C03X5_1_slope
1                              0                              0
2                              0                              0
3                              0                              0
4                              0                              0
5                              0                              0
6                              0                              0
  exposure_L69HYJ4Y3TR91_1_slope exposure_ED5J990H5VAZT_1_slope
1                              0                              0
2                              0                              0
3                              0                              0
4                              0                              0
5                              0                              0
6                              0                              0
  exposure_W8T41JZK0ZMEP_1_slope exposure_W8T41JZK0ZMEP_2_slope
1                              0                              0
2                              0                              0
3                              0                              0
4                              0                              0
5                              0                              0
6                              0                              0
  exposure_W8T41JZK0ZMEP_3_slope exposure_W8T41JZK0ZMEP_4_slope
1                              0                              0
2                              0                              0
3                              0                              0
4                              0                              0
5                              0                              0
6                              0                              0
  exposure_W8T41JZK0ZMEP_5_slope exposure_EMBVNVD207CC6_1_slope
1                              0                              0
2                              0                              0
3                              0                              0
4                              0                              0
5                              0                              0
6                              0                              0
  exposure_C0BE4NDSW26QN_1_slope exposure_C0BE4NDSW26QN_2_slope
1                              0                              0
2                              0                              0
3                              0                              0
4                              0                              0
5                              0                              0
6                              0                              0
  exposure_V3Q26BHF3SE2H_1_slope exposure_V3Q26BHF3SE2H_2_slope
1                              0                              0
2                              0                              0
3                              0                              0
4                              0                              0
5                              0                              0
6                              0                              0
  exposure_V3Q26BHF3SE2H_3_slope exposure_V3Q26BHF3SE2H_4_slope
1                              0                              0
2                              0                              0
3                              0                              0
4                              0                              0
5                              0                              0
6                              0                              0
  exposure_LBZEEFSBJNB3Z_1_slope exposure_SAFK7ND1HR6XS_1_slope
1                              0                              0
2                              0                              0
3                              0                              0
4                              0                              0
5                              0                              0
6                              0                              0
  exposure_S8MT0YGD2KTN9_1_slope exposure_1SQPTEGYPH0GA_1_slope
1                              0                              0
2                              0                              0
3                              0                              0
4                              0                              0
5                              0                              0
6                              0                              0
  exposure_9XKJD8DQTH559_1_slope exposure_9XKJD8DQTH559_2_slope
1                              0                              0
2                              0                              0
3                              0                              0
4                              0                              0
5                              0                              0
6                              0                              0
  exposure_LQ5EH4BKGV61T_1_slope exposure_78AY09MVJVTYE_1_slope
1                              0                              0
2                              0                              0
3                              0                              0
4                              0                              0
5                              0                              0
6                              0                              0

$y_test
[1] 3587 3747 3696 3894 3773 3394

$idx_to_rest_test
[1] 1 1 1 1 1 1

$test_start_idx
[1]   1  20 100 184 265 282

$test_end_idx
[1]  19  99 183 264 281 419

$mu_gamma_scale
[1] 1

$sigma_gamma_between_scale
[1] 1

$sigma_gamma_within_scale
[1] 1

$mu_beta_scale
[1] 1

$sigma_beta_scale
[1] 1

$mu_alpha_scale
[1] 1

$sigma_alpha_scale
[1] 1

$mu_delta_scale
[1] 1

$sigma_delta_scale
[1] 1

$mu_phi_log_scale
[1] 2

$sigma_phi_log_scale
[1] 1

$z_eta_scale
[1] 1

$z_gamma_scale
[1] 1

$z_beta_scale
[1] 1

$z_alpha_scale
[1] 1

$z_delta_scale
[1] 1

$z_phi_scale
[1] 1

$apply_truncation
[1] 0

$N_total_nonzero
[1] 21581

$idx_total_nonzero
[1] 1 2 3 4 5 6

$N_total_nonzero_test
[1] 1247

$idx_total_nonzero_test
[1] 1 2 3 4 5 6

[1] "Using Stan model: model_multilevel_transfer_truncated.stan"
[1] "Fitting the multilevel model..."
Running MCMC with 3 parallel chains...

Chain 1 Rejecting initial value:
Chain 1   Error evaluating the log probability at the initial value.
Chain 1 Exception: neg_binomial_2_lpmf: Location parameter[7187] is inf, but must be positive finite! (in 'model_multilevel_transfer_truncated.stan', line 457, column 4 to column 67)
Chain 1 Exception: neg_binomial_2_lpmf: Location parameter[7187] is inf, but must be positive finite! (in 'model_multilevel_transfer_truncated.stan', line 457, column 4 to column 67)
Chain 1 User-specified initialization failed.
Chain 1  Try specifying new initial values, using partially specialized initialization, reducing the range of constrained values, or reparameterizing the model.
Chain 1 Initialization failed.
Warning: Chain 1 finished unexpectedly!

Chain 2 Rejecting initial value:
Chain 2   Error evaluating the log probability at the initial value.
Chain 2 Exception: neg_binomial_2_lpmf: Location parameter[3500] is inf, but must be positive finite! (in 'model_multilevel_transfer_truncated.stan', line 457, column 4 to column 67)
Chain 2 Exception: neg_binomial_2_lpmf: Location parameter[3500] is inf, but must be positive finite! (in 'model_multilevel_transfer_truncated.stan', line 457, column 4 to column 67)
Chain 2 User-specified initialization failed.
Chain 2  Try specifying new initial values, using partially specialized initialization, reducing the range of constrained values, or reparameterizing the model.
Chain 2 Initialization failed.
Warning: Chain 2 finished unexpectedly!

Chain 3 Informational Message: The current Metropolis proposal is about to be rejected because of the following issue:
Chain 3 Exception: neg_binomial_2_lpmf: Location parameter[1] is -nan, but must be positive finite! (in 'model_multilevel_transfer_truncated.stan', line 457, column 4 to column 67)
Chain 3 If this warning occurs sporadically, such as for highly constrained variable types like covariance matrices, then the sampler is fine,
Chain 3 but if this warning occurs often then your model may be either severely ill-conditioned or misspecified.
Chain 3 
Chain 3 Informational Message: The current Metropolis proposal is about to be rejected because of the following issue:
Chain 3 Exception: neg_binomial_2_lpmf: Location parameter[1] is -nan, but must be positive finite! (in 'model_multilevel_transfer_truncated.stan', line 457, column 4 to column 67)
Chain 3 If this warning occurs sporadically, such as for highly constrained variable types like covariance matrices, then the sampler is fine,
Chain 3 but if this warning occurs often then your model may be either severely ill-conditioned or misspecified.
Chain 3 
Chain 3 Informational Message: The current Metropolis proposal is about to be rejected because of the following issue:
Chain 3 Exception: neg_binomial_2_lpmf: Location parameter[1] is -nan, but must be positive finite! (in 'model_multilevel_transfer_truncated.stan', line 457, column 4 to column 67)
Chain 3 If this warning occurs sporadically, such as for highly constrained variable types like covariance matrices, then the sampler is fine,
Chain 3 but if this warning occurs often then your model may be either severely ill-conditioned or misspecified.
Chain 3 
Chain 3 Informational Message: The current Metropolis proposal is about to be rejected because of the following issue:
Chain 3 Exception: neg_binomial_2_lpmf: Location parameter[1] is -nan, but must be positive finite! (in 'model_multilevel_transfer_truncated.stan', line 457, column 4 to column 67)
Chain 3 If this warning occurs sporadically, such as for highly constrained variable types like covariance matrices, then the sampler is fine,
Chain 3 but if this warning occurs often then your model may be either severely ill-conditioned or misspecified.
Chain 3 
Chain 3 Informational Message: The current Metropolis proposal is about to be rejected because of the following issue:
Chain 3 Exception: neg_binomial_2_lpmf: Location parameter[1] is inf, but must be positive finite! (in 'model_multilevel_transfer_truncated.stan', line 457, column 4 to column 67)
Chain 3 If this warning occurs sporadically, such as for highly constrained variable types like covariance matrices, then the sampler is fine,
Chain 3 but if this warning occurs often then your model may be either severely ill-conditioned or misspecified.
Chain 3 
Chain 3 Informational Message: The current Metropolis proposal is about to be rejected because of the following issue:
Chain 3 Exception: neg_binomial_2_lpmf: Location parameter[1] is inf, but must be positive finite! (in 'model_multilevel_transfer_truncated.stan', line 457, column 4 to column 67)
Chain 3 If this warning occurs sporadically, such as for highly constrained variable types like covariance matrices, then the sampler is fine,
Chain 3 but if this warning occurs often then your model may be either severely ill-conditioned or misspecified.
Chain 3 
Chain 3 Informational Message: The current Metropolis proposal is about to be rejected because of the following issue:
Chain 3 Exception: neg_binomial_2_lpmf: Location parameter[1] is inf, but must be positive finite! (in 'model_multilevel_transfer_truncated.stan', line 457, column 4 to column 67)
Chain 3 If this warning occurs sporadically, such as for highly constrained variable types like covariance matrices, then the sampler is fine,
Chain 3 but if this warning occurs often then your model may be either severely ill-conditioned or misspecified.
Chain 3 
Chain 3 Informational Message: The current Metropolis proposal is about to be rejected because of the following issue:
Chain 3 Exception: neg_binomial_2_lpmf: Location parameter[1] is inf, but must be positive finite! (in 'model_multilevel_transfer_truncated.stan', line 457, column 4 to column 67)
Chain 3 If this warning occurs sporadically, such as for highly constrained variable types like covariance matrices, then the sampler is fine,
Chain 3 but if this warning occurs often then your model may be either severely ill-conditioned or misspecified.
Chain 3 
Chain 3 Informational Message: The current Metropolis proposal is about to be rejected because of the following issue:
Chain 3 Exception: neg_binomial_2_lpmf: Location parameter[1] is inf, but must be positive finite! (in 'model_multilevel_transfer_truncated.stan', line 457, column 4 to column 67)
Chain 3 If this warning occurs sporadically, such as for highly constrained variable types like covariance matrices, then the sampler is fine,
Chain 3 but if this warning occurs often then your model may be either severely ill-conditioned or misspecified.
Chain 3 
Chain 3 Informational Message: The current Metropolis proposal is about to be rejected because of the following issue:
Chain 3 Exception: neg_binomial_2_lpmf: Location parameter[1] is inf, but must be positive finite! (in 'model_multilevel_transfer_truncated.stan', line 457, column 4 to column 67)
Chain 3 If this warning occurs sporadically, such as for highly constrained variable types like covariance matrices, then the sampler is fine,
Chain 3 but if this warning occurs often then your model may be either severely ill-conditioned or misspecified.
Chain 3 
Chain 3 Informational Message: The current Metropolis proposal is about to be rejected because of the following issue:
Chain 3 Exception: neg_binomial_2_lpmf: Location parameter[1] is inf, but must be positive finite! (in 'model_multilevel_transfer_truncated.stan', line 457, column 4 to column 67)
Chain 3 If this warning occurs sporadically, such as for highly constrained variable types like covariance matrices, then the sampler is fine,
Chain 3 but if this warning occurs often then your model may be either severely ill-conditioned or misspecified.
Chain 3 
Chain 3 Informational Message: The current Metropolis proposal is about to be rejected because of the following issue:
Chain 3 Exception: neg_binomial_2_lpmf: Location parameter[1] is inf, but must be positive finite! (in 'model_multilevel_transfer_truncated.stan', line 457, column 4 to column 67)
Chain 3 If this warning occurs sporadically, such as for highly constrained variable types like covariance matrices, then the sampler is fine,
Chain 3 but if this warning occurs often then your model may be either severely ill-conditioned or misspecified.
Chain 3 
Chain 3 Informational Message: The current Metropolis proposal is about to be rejected because of the following issue:
Chain 3 Exception: neg_binomial_2_lpmf: Location parameter[850] is inf, but must be positive finite! (in 'model_multilevel_transfer_truncated.stan', line 457, column 4 to column 67)
Chain 3 If this warning occurs sporadically, such as for highly constrained variable types like covariance matrices, then the sampler is fine,
Chain 3 but if this warning occurs often then your model may be either severely ill-conditioned or misspecified.
Chain 3 
Chain 3 Iteration:    1 / 1750 [  0%]  (Warmup) 
Chain 3 Informational Message: The current Metropolis proposal is about to be rejected because of the following issue:
Chain 3 Exception: neg_binomial_2_lpmf: Location parameter[1760] is inf, but must be positive finite! (in 'model_multilevel_transfer_truncated.stan', line 457, column 4 to column 67)
Chain 3 If this warning occurs sporadically, such as for highly constrained variable types like covariance matrices, then the sampler is fine,
Chain 3 but if this warning occurs often then your model may be either severely ill-conditioned or misspecified.
Chain 3 
Chain 3 Informational Message: The current Metropolis proposal is about to be rejected because of the following issue:
Chain 3 Exception: neg_binomial_2_lpmf: Location parameter[1] is -nan, but must be positive finite! (in 'model_multilevel_transfer_truncated.stan', line 457, column 4 to column 67)
Chain 3 If this warning occurs sporadically, such as for highly constrained variable types like covariance matrices, then the sampler is fine,
Chain 3 but if this warning occurs often then your model may be either severely ill-conditioned or misspecified.
Chain 3 
Chain 3 Informational Message: The current Metropolis proposal is about to be rejected because of the following issue:
Chain 3 Exception: neg_binomial_2_lpmf: Location parameter[1] is -nan, but must be positive finite! (in 'model_multilevel_transfer_truncated.stan', line 457, column 4 to column 67)
Chain 3 If this warning occurs sporadically, such as for highly constrained variable types like covariance matrices, then the sampler is fine,
Chain 3 but if this warning occurs often then your model may be either severely ill-conditioned or misspecified.
Chain 3 
Chain 3 Informational Message: The current Metropolis proposal is about to be rejected because of the following issue:
Chain 3 Exception: neg_binomial_2_lpmf: Location parameter[1] is 0, but must be positive finite! (in 'model_multilevel_transfer_truncated.stan', line 457, column 4 to column 67)
Chain 3 If this warning occurs sporadically, such as for highly constrained variable types like covariance matrices, then the sampler is fine,
Chain 3 but if this warning occurs often then your model may be either severely ill-conditioned or misspecified.
Chain 3 
Chain 3 Informational Message: The current Metropolis proposal is about to be rejected because of the following issue:
Chain 3 Exception: neg_binomial_2_lpmf: Location parameter[1] is inf, but must be positive finite! (in 'model_multilevel_transfer_truncated.stan', line 457, column 4 to column 67)
Chain 3 If this warning occurs sporadically, such as for highly constrained variable types like covariance matrices, then the sampler is fine,
Chain 3 but if this warning occurs often then your model may be either severely ill-conditioned or misspecified.
Chain 3 
Chain 3 Iteration:  100 / 1750 [  5%]  (Warmup) 
Chain 3 Iteration:  200 / 1750 [ 11%]  (Warmup) 
Chain 3 Iteration:  300 / 1750 [ 17%]  (Warmup) 
Chain 3 Iteration:  400 / 1750 [ 22%]  (Warmup) 
Chain 3 Iteration:  500 / 1750 [ 28%]  (Warmup) 
Chain 3 Iteration:  600 / 1750 [ 34%]  (Warmup) 
Chain 3 Iteration:  700 / 1750 [ 40%]  (Warmup) 
Chain 3 Iteration:  751 / 1750 [ 42%]  (Sampling) 
Chain 3 Iteration:  850 / 1750 [ 48%]  (Sampling) 
Chain 3 Iteration:  950 / 1750 [ 54%]  (Sampling) 
Chain 3 Iteration: 1050 / 1750 [ 60%]  (Sampling) 
Chain 3 Iteration: 1150 / 1750 [ 65%]  (Sampling) 
Chain 3 Iteration: 1250 / 1750 [ 71%]  (Sampling) 
Chain 3 Iteration: 1350 / 1750 [ 77%]  (Sampling) 
Chain 3 Iteration: 1450 / 1750 [ 82%]  (Sampling) 
Chain 3 Iteration: 1550 / 1750 [ 88%]  (Sampling) 
Chain 3 Iteration: 1650 / 1750 [ 94%]  (Sampling) 
Chain 3 Iteration: 1750 / 1750 [100%]  (Sampling) 
Chain 3 finished in 158825.0 seconds.
Warning: 2 chain(s) finished unexpectedly!
The remaining chains had a mean execution time of 158831.9 seconds.
Warning: The returned fit object will only read in results of successful chains. Please use read_cmdstan_csv() to read the results of the failed chains separately.Use the $output(chain_id) method for more output of the failed chains.
Warning: 1000 of 1000 (100.0%) transitions hit the maximum treedepth limit of 10.
See https://mc-stan.org/misc/warnings for details.

[1] "Saving fit object..."
[1] "Calculating summary..."
[1] "Calculating samples..."
[1] "Calculating metadata..."
[1] "Summary of Hyperpriors (mu_*, sigma_*):"
# A tibble: 107 × 10
    variable      mean   median      sd     mad       q5      q95  rhat ess_bulk
    <chr>        <dbl>    <dbl>   <dbl>   <dbl>    <dbl>    <dbl> <dbl>    <dbl>
  1 mu_beta_…  6.38e+0  6.39e+0 0.442   0.503    5.69e+0  7.05     1.16     6.12
  2 mu_beta_… -4.36e-2 -4.33e-2 0.00405 0.00403 -5.12e-2 -0.0379   1.09    13.1 
  3 mu_beta_…  1.88e-2  1.84e-2 0.00328 0.00376  1.39e-2  0.0241   1.02    10.1 
  4 mu_beta_…  6.51e-2  6.52e-2 0.00353 0.00396  5.95e-2  0.0710   1.18     4.44
  5 mu_beta_…  1.13e+0  1.11e+0 0.0916  0.104    1.00e+0  1.27     2.06     1.37
  6 mu_beta_…  6.09e-4 -7.14e-4 0.00901 0.0109  -1.27e-2  0.0149   2.10     1.33
  7 mu_beta_…  5.85e-2  5.98e-2 0.0117  0.0159   3.79e-2  0.0749   1.94     1.41
  8 mu_beta_…  5.96e-2  6.35e-2 0.0241  0.0292   2.03e-2  0.0952   1.88     1.48
  9 mu_beta_…  1.15e-1  1.19e-1 0.0285  0.0386   7.27e-2  0.154    2.01     1.41
 10 mu_beta_…  1.13e-1  1.17e-1 0.0366  0.0527   6.12e-2  0.163    2.09     1.35
 11 mu_beta_…  1.68e-1  1.53e-1 0.0324  0.0345   1.26e-1  0.215    2.02     1.36
 12 mu_beta_…  1.28e-1  1.17e-1 0.0371  0.0493   7.91e-2  0.181    2.05     1.35
 13 mu_beta_…  1.31e-1  1.19e-1 0.0377  0.0439   8.49e-2  0.187    2.12     1.31
 14 mu_beta_… -3.17e-1 -3.20e-1 0.0169  0.0156  -3.41e-1 -0.283    1.17     4.71
 15 mu_beta_… -3.06e-1 -3.07e-1 0.0124  0.0124  -3.24e-1 -0.283    1.05    25.6 
 16 mu_beta_… -3.60e-1 -3.58e-1 0.0133  0.0141  -3.85e-1 -0.339    1.07    17.5 
 17 mu_beta_…  4.25e-2  4.54e-2 0.0139  0.0150   1.95e-2  0.0630   1.66     1.72
 18 mu_beta_… -4.11e-1 -4.17e-1 0.0394  0.0451  -4.61e-1 -0.343    2.00     1.39
 19 mu_beta_… -4.68e-1 -4.61e-1 0.0267  0.0312  -5.11e-1 -0.433    1.90     1.43
 20 mu_beta_… -3.91e-1 -3.94e-1 0.0214  0.0258  -4.21e-1 -0.355    1.81     1.53
 21 mu_beta_… -3.19e-1 -3.30e-1 0.0459  0.0528  -3.86e-1 -0.246    1.67     1.76
 22 mu_beta_… -3.20e-1 -2.92e-1 0.0831  0.0808  -4.83e-1 -0.218    1.50     5.62
 23 mu_beta_… -2.18e-1 -2.29e-1 0.0590  0.0588  -3.03e-1 -0.109    1.79     1.55
 24 mu_beta_… -9.21e-2 -8.27e-2 0.0413  0.0405  -1.63e-1 -0.0332   1.87     1.44
 25 mu_beta_… -5.47e-2 -5.21e-2 0.0257  0.0235  -1.09e-1 -0.0206   1.33     2.59
 26 mu_beta_… -1.08e-1 -1.04e-1 0.0278  0.0310  -1.57e-1 -0.0672   1.03    11.2 
 27 mu_beta_… -4.42e-1 -4.35e-1 0.0382  0.0212  -5.43e-1 -0.390    1.03     8.92
 28 mu_beta_… -1.75e-1 -1.82e-1 0.0334  0.0399  -2.24e-1 -0.124    1.73     1.66
 29 mu_beta_… -2.08e-1 -2.07e-1 0.0580  0.0820  -2.86e-1 -0.119    2.09     1.37
 30 mu_beta_… -2.28e-1 -2.32e-1 0.0502  0.0614  -2.95e-1 -0.141    2.04     1.39
 31 mu_beta_… -1.48e-1 -1.46e-1 0.0136  0.0153  -1.69e-1 -0.126    1.12     8.02
 32 mu_beta_…  4.99e-2  4.98e-2 0.00273 0.00265  4.51e-2  0.0546   1.06     9.94
 33 mu_beta_…  9.94e-2  9.99e-2 0.00371 0.00416  9.34e-2  0.105    1.03    13.1 
 34 mu_beta_…  1.49e-1  1.50e-1 0.00563 0.00557  1.38e-1  0.157    1.29     7.17
 35 mu_beta_…  2.18e-1  2.19e-1 0.00560 0.00456  2.07e-1  0.227    1.24     3.14
 36 mu_beta_… -6.08e-1 -5.94e-1 0.0880  0.0995  -7.45e-1 -0.478    2.02     1.38
 37 mu_beta_… -6.77e-1 -6.60e-1 0.0860  0.0945  -8.12e-1 -0.555    2.01     1.39
 38 mu_beta_… -6.50e-2 -6.32e-2 0.0113  0.0144  -8.31e-2 -0.0486   1.68     1.60
 39 mu_beta_…  2.18e-2  2.04e-2 0.00460 0.00377  1.59e-2  0.0305   1.41     2.12
 40 mu_beta_… -1.79e-2 -1.78e-2 0.00157 0.00145 -2.04e-2 -0.0153   1.49     2.42
 41 mu_gamma…  7.95e-2  8.13e-2 0.0161  0.0199   5.30e-2  0.103    1.12     5.64
 42 mu_gamma…  3.28e-1  3.26e-1 0.0221  0.0190   2.92e-1  0.374    1.02    10.0 
 43 mu_alpha…  3.17e-1  3.18e-1 0.0123  0.0142   2.94e-1  0.335    1.11     5.85
 44 mu_alpha…  6.21e-2  6.16e-2 0.00650 0.00825  5.18e-2  0.0722   1.49     2.16
 45 mu_alpha…  1.28e-2  1.22e-2 0.00240 0.00230  9.68e-3  0.0175   1.12     8.58
 46 mu_alpha…  1.63e-2  1.60e-2 0.00248 0.00294  1.26e-2  0.0204   1.07     7.43
 47 mu_alpha…  4.38e-2  4.41e-2 0.00465 0.00607  3.67e-2  0.0510   2.08     1.33
 48 mu_alpha… -1.42e-2 -1.50e-2 0.00295 0.00294 -1.83e-2 -0.00928  1.13    10.6 
 49 mu_alpha…  3.21e-2  3.29e-2 0.00412 0.00313  2.38e-2  0.0372   1.14     7.37
 50 mu_alpha…  4.88e-2  4.92e-2 0.00351 0.00438  4.35e-2  0.0543   1.83     1.48
 51 mu_alpha…  3.68e-2  3.59e-2 0.00405 0.00342  3.24e-2  0.0453   1.34     6.99
 52 mu_alpha…  3.92e-2  3.94e-2 0.00320 0.00278  3.33e-2  0.0445   1.44     2.08
 53 mu_alpha…  4.46e-2  4.53e-2 0.00580 0.00790  3.60e-2  0.0521   2.12     1.36
 54 mu_alpha…  3.61e-2  3.74e-2 0.00483 0.00427  2.61e-2  0.0430   1.05     6.55
 55 mu_delta… -9.82e-2 -1.03e-1 0.0195  0.0217  -1.25e-1 -0.0657   1.04     9.91
 56 mu_delta…  5.50e-1  5.46e-1 0.0229  0.0208   5.22e-1  0.596    1.16     4.62
 57 mu_delta… -1.54e-1 -1.56e-1 0.00936 0.0121  -1.67e-1 -0.139    1.95     1.39
 58 mu_delta… -6.49e-2 -6.35e-2 0.00558 0.00565 -7.61e-2 -0.0578   1.19     5.33
 59 mu_delta… -1.32e-1 -1.32e-1 0.00358 0.00368 -1.38e-1 -0.126    1.01    12.7 
 60 mu_delta…  7.87e-2  7.88e-2 0.00265 0.00241  7.40e-2  0.0831   1.08    10.4 
 61 mu_delta… -1.02e-1 -1.02e-1 0.0104  0.0142  -1.18e-1 -0.0880   2.12     1.38
 62 mu_delta… -1.18e-2 -1.18e-2 0.00887 0.0105  -2.68e-2  0.00135  1.35     2.37
 63 mu_delta… -4.03e-2 -4.14e-2 0.00845 0.00923 -5.29e-2 -0.0250   1.30     6.23
 64 mu_delta… -4.02e-3 -3.93e-3 0.00751 0.00903 -1.57e-2  0.00850  1.51     1.92
 65 mu_delta… -5.27e-2 -4.85e-2 0.0131  0.0111  -7.88e-2 -0.0371   2.10     1.32
 66 mu_delta…  2.71e-2  2.74e-2 0.00740 0.00680  1.34e-2  0.0382   1.51     2.12
 67 mu_phi_l…  1.43e+0  1.43e+0 0.0136  0.0136   1.41e+0  1.45     1.12     8.55
 68 sigma_be…  1.76e+1  1.81e+1 1.90    1.63     1.43e+1 20.1      1.35     4.64
 69 sigma_be…  5.24e-2  5.26e-2 0.00460 0.00586  4.46e-2  0.0588   1.15     4.69
 70 sigma_be…  1.53e-1  1.52e-1 0.00721 0.00725  1.42e-1  0.166    1.08    14.6 
 71 sigma_be…  1.29e-1  1.28e-1 0.00972 0.0114   1.14e-1  0.145    1.91     1.41
 72 sigma_be…  3.88e-1  3.90e-1 0.0196  0.0252   3.56e-1  0.413    2.10     1.34
 73 sigma_be…  2.32e-1  2.31e-1 0.0172  0.0164   2.02e-1  0.263    1.28     3.14
 74 sigma_be…  1.21e-1  1.22e-1 0.0117  0.0111   9.77e-2  0.139    1.10     5.78
 75 sigma_be…  1.21e-1  1.22e-1 0.00423 0.00399  1.14e-1  0.128    1.33     2.87
 76 sigma_be…  1.42e-1  1.42e-1 0.0157  0.0144   1.15e-1  0.167    1.48     2.00
 77 sigma_be…  2.42e-3  2.18e-3 0.00158 0.00111  5.84e-4  0.00589  1.32     6.18
 78 sigma_be…  1.81e-2  1.77e-2 0.00423 0.00410  1.15e-2  0.0257   1.14     8.95
 79 sigma_be…  4.98e-2  4.82e-2 0.00743 0.00889  3.87e-2  0.0615   1.04     9.51
 80 sigma_be…  4.08e-2  3.85e-2 0.0133  0.0154   2.29e-2  0.0639   1.07     6.87
 81 sigma_be…  7.61e-2  7.31e-2 0.00899 0.00699  6.61e-2  0.0936   1.38     2.34
 82 sigma_be…  4.45e-2  4.50e-2 0.00576 0.00707  3.33e-2  0.0519   1.71     1.57
 83 sigma_be…  8.42e-2  7.71e-2 0.0272  0.0232   5.13e-2  0.138    1.23     3.68
 84 sigma_be…  1.10e-1  1.10e-1 0.00953 0.0102   8.99e-2  0.124    1.33     3.07
 85 sigma_be…  5.37e-2  4.11e-2 0.0217  0.0129   3.13e-2  0.0906   1.89     1.42
 86 sigma_be…  1.41e-1  1.42e-1 0.0173  0.0248   1.18e-1  0.165    2.12     1.33
 87 sigma_be…  1.73e-1  1.73e-1 0.0108  0.0104   1.57e-1  0.195    1.02     9.22
 88 sigma_be…  9.66e-2  9.35e-2 0.0253  0.0249   6.00e-2  0.142    1.19     5.22
 89 sigma_be…  6.94e-1  6.86e-1 0.312   0.394    3.17e-1  1.25     1.70     1.59
 90 sigma_be…  5.41e-1  5.43e-1 0.0463  0.0441   4.71e-1  0.626    1.05    13.9 
 91 sigma_be…  4.05e-2  3.65e-2 0.0183  0.0169   1.82e-2  0.0754   1.31     2.98
 92 sigma_be…  7.15e-2  6.31e-2 0.0234  0.0186   4.64e-2  0.117    1.56     1.87
 93 sigma_be…  2.99e-1  2.95e-1 0.0234  0.0290   2.61e-1  0.339    1.14     5.93
 94 sigma_be…  3.69e-1  3.64e-1 0.0366  0.0333   3.14e-1  0.447    1.27     2.86
 95 sigma_be…  7.28e-2  7.27e-2 0.0102  0.0126   5.69e-2  0.0895   1.21     3.54
 96 sigma_be…  1.69e-1  1.62e-1 0.0320  0.0402   1.28e-1  0.219    2.11     1.31
 97 sigma_be…  2.59e-1  2.57e-1 0.0276  0.0317   2.17e-1  0.305    1.36     2.46
 98 sigma_be…  3.06e-1  3.10e-1 0.0283  0.0302   2.58e-1  0.343    1.77     1.51
 99 sigma_ga…  3.83e-1  3.84e-1 0.0323  0.0463   3.34e-1  0.429    1.79     1.52
100 sigma_ga…  2.55e-1  2.48e-1 0.0199  0.0154   2.33e-1  0.298    1.19     3.86
101 sigma_al…  2.35e-1  2.30e-1 0.0138  0.0106   2.18e-1  0.259    1.38     2.20
102 sigma_al…  1.73e-1  1.78e-1 0.0171  0.0126   1.36e-1  0.194    1.92     1.41
103 sigma_de…  3.72e-1  3.69e-1 0.0119  0.0108   3.56e-1  0.394    1.43     2.13
104 sigma_de…  7.35e-1  7.43e-1 0.0301  0.0251   6.78e-1  0.773    1.26     6.34
105 sigma_ph…  9.29e-1  9.28e-1 0.0181  0.0215   9.02e-1  0.958    1.11     6.90
106 sigma_ga…  2.04e-1  2.07e-1 0.0165  0.0174   1.72e-1  0.228    2.01     1.42
107 sigma_ga…  1.82e+0  1.84e+0 0.216   0.200    1.42e+0  2.15     1.23     3.28
# ℹ 1 more variable: ess_tail <dbl>
[1] "Calculating lambda_mean..."
[1] "Calculating lambda_test_mean..."
[1] "Calculating y_rep_mean..."
[1] "Calculating y_test_rep_mean..."
[1] "Generating plots..."
 [1] "exposure_VLZX7K2M9QD4T_1"        "exposure_SRQS8F7JWA9MZ_1"
 [3] "exposure_SRQS8F7JWA9MZ_2" "exposure_2HRX9P6HKXA8V_1"
 [5] "exposure_JHDN7CF1C03X5_1" "exposure_L69HYJ4Y3TR91_1"
 [7] "exposure_ED5J990H5VAZT_1" "exposure_W8T41JZK0ZMEP_1"
 [9] "exposure_W8T41JZK0ZMEP_2" "exposure_W8T41JZK0ZMEP_3"
[11] "exposure_W8T41JZK0ZMEP_4" "exposure_W8T41JZK0ZMEP_5"
[13] "exposure_EMBVNVD207CC6_1" "exposure_C0BE4NDSW26QN_1"
[15] "exposure_C0BE4NDSW26QN_2" "exposure_V3Q26BHF3SE2H_1"
[17] "exposure_V3Q26BHF3SE2H_2" "exposure_V3Q26BHF3SE2H_3"
[19] "exposure_V3Q26BHF3SE2H_4" "exposure_LBZEEFSBJNB3Z_1"
[21] "exposure_SAFK7ND1HR6XS_1" "exposure_S8MT0YGD2KTN9_1"
[23] "exposure_1SQPTEGYPH0GA_1" "exposure_9XKJD8DQTH559_1"
[25] "exposure_9XKJD8DQTH559_2" "exposure_LQ5EH4BKGV61T_1"
[27] "exposure_78AY09MVJVTYE_1"
[1] 17
Adding missing grouping variables: `location_id_num`
[1] "Skipping daily plot for VLZX7K2M9QD4T due to missing daily data."
[1] "Skipping daily plot for SRQS8F7JWA9MZ due to missing daily data."
[1] "Skipping daily plot for 2HRX9P6HKXA8V due to missing daily data."
[1] "Skipping daily plot for JHDN7CF1C03X5 due to missing daily data."
[1] "Skipping daily plot for L69HYJ4Y3TR91 due to missing daily data."
[1] "Skipping daily plot for ED5J990H5VAZT due to missing daily data."
[1] "Skipping daily plot for W8T41JZK0ZMEP due to missing daily data."
[1] "Skipping daily plot for EMBVNVD207CC6 due to missing daily data."
[1] "Skipping daily plot for C0BE4NDSW26QN due to missing daily data."
[1] "Skipping daily plot for V3Q26BHF3SE2H due to missing daily data."
[1] "Skipping daily plot for LBZEEFSBJNB3Z due to missing daily data."
[1] "Skipping daily plot for SAFK7ND1HR6XS due to missing daily data."
[1] "Skipping daily plot for S8MT0YGD2KTN9 due to missing daily data."
[1] "Skipping daily plot for 1SQPTEGYPH0GA due to missing daily data."
[1] "Skipping daily plot for 9XKJD8DQTH559 due to missing daily data."
[1] "Skipping daily plot for LQ5EH4BKGV61T due to missing daily data."
[1] "Skipping daily plot for 78AY09MVJVTYE due to missing daily data."
[1] "Skipping MLflow logging as existing fit file was loaded."
[1] "Done."
           used  (Mb) gc trigger   (Mb)  max used   (Mb)
Ncells  5252059 280.5    9874995  527.4   9874995  527.4
Vcells 17246172 131.6  521725072 3980.5 673696193 5139.9
Warning messages:
1: Dropping 'draws_df' class as required metadata was removed. 
2: Dropping 'draws_df' class as required metadata was removed. 
3: Dropping 'draws_df' class as required metadata was removed. 
4: Dropping 'draws_df' class as required metadata was removed. 
