- The project is out-of-sync -- use `renv::status()` for details.
── Attaching core tidyverse packages ──────────────────────── tidyverse 2.0.0 ──
✔ dplyr     1.1.4     ✔ readr     2.1.5
✔ forcats   1.0.0     ✔ stringr   1.5.1
✔ ggplot2   3.5.1     ✔ tibble    3.2.1
✔ lubridate 1.9.4     ✔ tidyr     1.3.1
✔ purrr     1.0.4     
[conflicted] Will prefer dplyr::select over any other package.
[conflicted] Will prefer dplyr::filter over any other package.
[conflicted] Will prefer lubridate::year over any other package.
[conflicted] Will prefer lubridate::month over any other package.
[conflicted] Will prefer purrr::map over any other package.
[conflicted] Will prefer stats::sd over any other package.
[conflicted] Will prefer base::match over any other package.
This is cmdstanr version 0.9.0
- CmdStanR documentation and vignettes: mc-stan.org/cmdstanr
- CmdStan path: /home/nuttidalab/.cmdstan/cmdstan-2.36.0
- CmdStan version: 2.36.0

A newer version of CmdStan is available. See ?install_cmdstan() to install it.
To disable this check set option or environment variable cmdstanr_no_ver_check=TRUE.
This is posterior version 1.6.0
Registered S3 method overwritten by 'tsibble':
  method               from 
  as_tibble.grouped_df dplyr
── Attaching packages ──────────────────────────────────────────── fpp3 1.0.1 ──
✔ tsibble     1.1.6     ✔ feasts      0.4.1
✔ tsibbledata 0.4.1     ✔ fable       0.4.1
Loading required package: R.oo
Loading required package: R.methodsS3
R.methodsS3 v1.8.2 (2022-06-13 22:00:14 UTC) successfully loaded. See ?R.methodsS3 for help.
R.oo v1.27.0 (2024-11-01 18:00:02 UTC) successfully loaded. See ?R.oo for help.

Attaching package: ‘R.oo’

The following object is masked from ‘package:R.methodsS3’:

    throw

The following object is masked from ‘package:shiny’:

    printStackTrace

The following object is masked from ‘package:renv’:

    load

The following objects are masked from ‘package:methods’:

    getClasses, getMethods

The following objects are masked from ‘package:base’:

    attach, detach, load, save

R.utils v2.13.0 (2025-02-24 21:20:02 UTC) successfully loaded. See ?R.utils for help.
Registered S3 method overwritten by 'quantmod':
  method            from
  as.zoo.data.frame zoo 
Registered S3 methods overwritten by 'bayesforecast':
  method      from    
  autoplot.ts forecast
  forecast.ts forecast
  fortify.ts  forecast
  print.garch tseries 
[1] "# of rows: 34628"
[1] "# of rows: 4763"
[1] "Found 6 exposure columns in the data: exposure_2HRX9P6HKXA8V_1, exposure_L69HYJ4Y3TR91_1, exposure_ED5J990H5VAZT_1, exposure_2HRX9P6HKXA8V_1_slope, exposure_L69HYJ4Y3TR91_1_slope, exposure_ED5J990H5VAZT_1_slope"
Numeric columns considered for scaling:
vegan_window_sum_item_quantity,
vegetarian_window_sum_item_quantity,
meat_window_sum_item_quantity,
vegan_window_avg_item_price,
vegetarian_window_avg_item_price,
meat_window_avg_item_price,
breakfast_p_window_avg_item_price,
textured_p_window_avg_item_price,
untextured_p_window_avg_item_price,
chicken_p_window_avg_item_price,
dairy_p_window_avg_item_price,
egg_p_window_avg_item_price,
breakfast_window_avg_item_price,
textured_window_avg_item_price,
untextured_window_avg_item_price,
breakfast_t2_window_avg_item_price,
textured_t2_window_avg_item_price,
untextured_t2_window_avg_item_price,
chicken_t2_window_avg_item_price,
dairy_t2_window_avg_item_price,
day_of_month,
__index_level_0__,
Value,
vegan_price_real,
vegetarian_price_real,
meat_price_real,
breakfast_p_price_real,
textured_p_price_real,
untextured_p_price_real,
chicken_p_price_real,
dairy_p_price_real,
egg_p_price_real,
breakfast_price_real,
textured_price_real,
untextured_price_real,
breakfast_t2_price_real,
textured_t2_price_real,
untextured_t2_price_real,
chicken_t2_price_real,
dairy_t2_price_real,
inflation,
temp,
precip[1] "Successfully created `expo_to_rest` mapping."
[1] "Successfully created `expo_to_param` mapping."
Identified 6 exposure columns in the design matrix: 
exposure_2HRX9P6HKXA8V_1, 
exposure_L69HYJ4Y3TR91_1, 
exposure_ED5J990H5VAZT_1, 
exposure_2HRX9P6HKXA8V_1_slope, 
exposure_L69HYJ4Y3TR91_1_slope, 
exposure_ED5J990H5VAZT_1_slope
Identified 31 random beta columns: 
vegan_price_real, 
vegetarian_price_real, 
meat_price_real, 
breakfast_price_real, 
weekend, 
holiday_window, 
month_cat2, 
month_cat3, 
month_cat4, 
month_cat5, 
month_cat6, 
month_cat7, 
month_cat8, 
month_cat9, 
month_cat10, 
month_cat11, 
month_cat12, 
seasonspring, 
seasonsummer, 
seasonwinter, 
year_cat2014, 
year_cat2015, 
year_cat2016, 
year_cat2017, 
year_cat2018, 
year_cat2019, 
year_cat2020, 
year_cat2021, 
year_cat2022, 
year_cat2023, 
date_num
Identified 9 fixed beta columns: 
day_of_week_cat1, 
day_of_week_cat2, 
day_of_week_cat3, 
day_of_week_cat4, 
day_of_week_cat5, 
day_of_week_cat6, 
inflation, 
temp, 
precip
Identified 2 random alpha indices (positions): 
1, 7
Identified 2 random delta indices (positions): 
1, 7
$R
[1] 3

$J
[1] 47

$p_effective
[1] 12

$q_effective
[1] 12

$M
[1] 2

$idx_intercept
[1] 1

$K_beta_random
[1] 31

$idx_beta_random
[1] 2 3 4 5 6 7

$K_beta_fixed
[1] 9

$idx_beta_fixed
[1] 33 34 35 36 37 38

$K_exposure
[1] 6

$idx_exposure
[1] 42 43 44 45 46 47

$expo_to_rest
[1] 1 2 3 1 2 3

$expo_to_param
[1] 1 1 1 2 2 2

$effective_lags_alpha
[1] 1 2 3 4 5 6

$K_alpha_random
[1] 2

$idx_alpha_random
[1] 1 7

$K_alpha_fixed
[1] 10

$idx_alpha_fixed
[1] 2 3 4 5 6 8

$effective_lags_delta
[1] 1 2 3 4 5 6

$K_delta_random
[1] 2

$idx_delta_random
[1] 1 7

$K_delta_fixed
[1] 10

$idx_delta_fixed
[1] 2 3 4 5 6 8

$N_train
[1] 4524

$X_train
  (Intercept) vegan_price_real vegetarian_price_real meat_price_real
1           1       -0.9734979            -0.6233604      -1.0379122
2           1       -0.3956178            -0.5121179      -1.2986379
3           1       -1.2404187            -0.7867120      -0.9546397
4           1       -0.9444024            -0.7781753      -1.2657956
5           1       -0.8757962            -0.7321307      -1.0624605
6           1       -1.0482783            -0.6977424      -0.9198525
  breakfast_price_real weekend holiday_window month_cat2 month_cat3 month_cat4
1           0.12475487       0              0          0          0          0
2           0.05119301       0              0          0          0          0
3           0.22853389       0              0          0          0          0
4           0.10981436       1              0          0          0          0
5           0.20312917       1              0          0          0          0
6           0.24524452       0              0          0          0          0
  month_cat5 month_cat6 month_cat7 month_cat8 month_cat9 month_cat10
1          0          0          0          0          0           0
2          0          0          0          0          0           0
3          0          0          0          0          0           0
4          0          0          0          0          0           0
5          0          0          0          0          0           0
6          0          0          0          0          0           0
  month_cat11 month_cat12 seasonspring seasonsummer seasonwinter year_cat2014
1           0           0            0            0            1            0
2           0           0            0            0            1            0
3           0           0            0            0            1            0
4           0           0            0            0            1            0
5           0           0            0            0            1            0
6           0           0            0            0            1            0
  year_cat2015 year_cat2016 year_cat2017 year_cat2018 year_cat2019 year_cat2020
1            0            0            0            0            1            0
2            0            0            0            0            1            0
3            0            0            0            0            1            0
4            0            0            0            0            1            0
5            0            0            0            0            1            0
6            0            0            0            0            1            0
  year_cat2021 year_cat2022 year_cat2023 date_num day_of_week_cat1
1            0            0            0 49.00205                0
2            0            0            0 49.00479                0
3            0            0            0 49.00753                0
4            0            0            0 49.01027                0
5            0            0            0 49.01300                0
6            0            0            0 49.01574                0
  day_of_week_cat2 day_of_week_cat3 day_of_week_cat4 day_of_week_cat5
1                1                0                0                0
2                0                1                0                0
3                0                0                1                0
4                0                0                0                1
5                0                0                0                0
6                0                0                0                0
  day_of_week_cat6 inflation       temp     precip exposure_2HRX9P6HKXA8V_1
1                0 -1.281584 -1.2266867 -0.2815669                        0
2                0 -1.281584 -1.0375494 -0.2815669                        0
3                0 -1.281584 -0.8484121 -0.2815669                        0
4                0 -1.281584 -0.7999153 -0.2815669                        0
5                1 -1.281584 -0.5865296 -0.2815669                        0
6                0 -1.281584 -0.8241637 -0.2815669                        0
  exposure_L69HYJ4Y3TR91_1 exposure_ED5J990H5VAZT_1
1                        0                        0
2                        0                        0
3                        0                        0
4                        0                        0
5                        0                        0
6                        0                        0
  exposure_2HRX9P6HKXA8V_1_slope exposure_L69HYJ4Y3TR91_1_slope
1                              0                              0
2                              0                              0
3                              0                              0
4                              0                              0
5                              0                              0
6                              0                              0
  exposure_ED5J990H5VAZT_1_slope
1                              0
2                              0
3                              0
4                              0
5                              0
6                              0

$y_train
[1] 578 372 195 249 334 170

$idx_to_rest_train
[1] 1 1 1 1 1 1

$train_start_idx
[1]    1 1589 1907

$train_end_idx
[1] 1588 1906 4524

$N_test
[1] 239

$X_test
  (Intercept) vegan_price_real vegetarian_price_real meat_price_real
1           1        1.4438783             1.0945198       0.5765630
2           1        1.0096837             1.0313490      -0.2822821
3           1        1.2226326             1.0973103       1.0323713
4           1        1.7153904             1.5918386       1.1223265
5           1        0.4078392             0.8037686       0.4369367
6           1       -0.6596935            -0.3583083       0.1280966
  breakfast_price_real weekend holiday_window month_cat2 month_cat3 month_cat4
1           0.01155372       0              0          0          0          0
2          -0.15058284       0              0          0          0          0
3           0.05633099       0              0          0          0          0
4           0.01007137       0              0          0          0          0
5           0.00559455       1              0          0          0          0
6           0.01521542       1              0          0          0          0
  month_cat5 month_cat6 month_cat7 month_cat8 month_cat9 month_cat10
1          1          0          0          0          0           0
2          1          0          0          0          0           0
3          1          0          0          0          0           0
4          1          0          0          0          0           0
5          1          0          0          0          0           0
6          1          0          0          0          0           0
  month_cat11 month_cat12 seasonspring seasonsummer seasonwinter year_cat2014
1           0           0            1            0            0            0
2           0           0            1            0            0            0
3           0           0            1            0            0            0
4           0           0            1            0            0            0
5           0           0            1            0            0            0
6           0           0            1            0            0            0
  year_cat2015 year_cat2016 year_cat2017 year_cat2018 year_cat2019 year_cat2020
1            0            0            0            0            0            0
2            0            0            0            0            0            0
3            0            0            0            0            0            0
4            0            0            0            0            0            0
5            0            0            0            0            0            0
6            0            0            0            0            0            0
  year_cat2021 year_cat2022 year_cat2023 date_num day_of_week_cat1
1            0            0            1 53.34976                1
2            0            0            1 53.35250                0
3            0            0            1 53.35524                0
4            0            0            1 53.35797                0
5            0            0            1 53.36071                0
6            0            0            1 53.36345                0
  day_of_week_cat2 day_of_week_cat3 day_of_week_cat4 day_of_week_cat5
1                0                0                0                0
2                1                0                0                0
3                0                1                0                0
4                0                0                1                0
5                0                0                0                1
6                0                0                0                0
  day_of_week_cat6 inflation      temp     precip exposure_2HRX9P6HKXA8V_1
1                0  2.111315 0.5240458 -0.2815669                        1
2                0  2.111315 0.4949478 -0.2815669                        1
3                0  2.111315 0.6549870 -0.2815669                        1
4                0  2.111315 0.8732224 -0.2815669                        1
5                0  2.111315 1.0623597 -0.2815669                        1
6                1  2.111315 1.1642028 -0.2815669                        1
  exposure_L69HYJ4Y3TR91_1 exposure_ED5J990H5VAZT_1
1                        0                        0
2                        0                        0
3                        0                        0
4                        0                        0
5                        0                        0
6                        0                        0
  exposure_2HRX9P6HKXA8V_1_slope exposure_L69HYJ4Y3TR91_1_slope
1                       3.926078                              0
2                       3.928816                              0
3                       3.931554                              0
4                       3.934292                              0
5                       3.937029                              0
6                       3.939767                              0
  exposure_ED5J990H5VAZT_1_slope
1                              0
2                              0
3                              0
4                              0
5                              0
6                              0

$y_test
[1] 149  33 209 247 389 294

$idx_to_rest_test
[1] 1 1 1 1 1 1

$test_start_idx
[1]   1  85 102

$test_end_idx
[1]  84 101 239

$N_zeros
[1] 1254

$idx_zeros
[1] 450 451 452 453 454 455

$mu_gamma_scale
[1] 1

$sigma_gamma_between_scale
[1] 0.4

$sigma_gamma_within_scale
[1] 1

$mu_beta_scale
[1] 1

$sigma_beta_scale
[1] 1

$mu_alpha_scale
[1] 1

$sigma_alpha_scale
[1] 1

$mu_delta_scale
[1] 1

$sigma_delta_scale
[1] 1

$mu_phi_log_scale
[1] 1

$sigma_phi_log_scale
[1] 1

$mu_pi_logit_scale
[1] 2

$sigma_pi_logit_scale
[1] 1

[1] "Fitting the multilevel model..."
Running MCMC with 2 parallel chains...

Chain 1 Informational Message: The current Metropolis proposal is about to be rejected because of the following issue:
Chain 1 Exception: neg_binomial_2_lpmf: Location parameter[1] is -nan, but must be positive finite! (in '/tmp/Rtmp3KSlYZ/model-128add766119f8.stan', line 470, column 2 to column 59)
Chain 1 If this warning occurs sporadically, such as for highly constrained variable types like covariance matrices, then the sampler is fine,
Chain 1 but if this warning occurs often then your model may be either severely ill-conditioned or misspecified.
Chain 1 
Chain 1 Informational Message: The current Metropolis proposal is about to be rejected because of the following issue:
Chain 1 Exception: neg_binomial_2_lpmf: Location parameter[1] is -nan, but must be positive finite! (in '/tmp/Rtmp3KSlYZ/model-128add766119f8.stan', line 470, column 2 to column 59)
Chain 1 If this warning occurs sporadically, such as for highly constrained variable types like covariance matrices, then the sampler is fine,
Chain 1 but if this warning occurs often then your model may be either severely ill-conditioned or misspecified.
Chain 1 
Chain 1 Informational Message: The current Metropolis proposal is about to be rejected because of the following issue:
Chain 1 Exception: neg_binomial_2_lpmf: Location parameter[1] is -nan, but must be positive finite! (in '/tmp/Rtmp3KSlYZ/model-128add766119f8.stan', line 470, column 2 to column 59)
Chain 1 If this warning occurs sporadically, such as for highly constrained variable types like covariance matrices, then the sampler is fine,
Chain 1 but if this warning occurs often then your model may be either severely ill-conditioned or misspecified.
Chain 1 
Chain 1 Informational Message: The current Metropolis proposal is about to be rejected because of the following issue:
Chain 1 Exception: neg_binomial_2_lpmf: Location parameter[1] is -nan, but must be positive finite! (in '/tmp/Rtmp3KSlYZ/model-128add766119f8.stan', line 470, column 2 to column 59)
Chain 1 If this warning occurs sporadically, such as for highly constrained variable types like covariance matrices, then the sampler is fine,
Chain 1 but if this warning occurs often then your model may be either severely ill-conditioned or misspecified.
Chain 1 
Chain 1 Informational Message: The current Metropolis proposal is about to be rejected because of the following issue:
Chain 1 Exception: neg_binomial_2_lpmf: Location parameter[1] is inf, but must be positive finite! (in '/tmp/Rtmp3KSlYZ/model-128add766119f8.stan', line 470, column 2 to column 59)
Chain 1 If this warning occurs sporadically, such as for highly constrained variable types like covariance matrices, then the sampler is fine,
Chain 1 but if this warning occurs often then your model may be either severely ill-conditioned or misspecified.
Chain 1 
Chain 1 Informational Message: The current Metropolis proposal is about to be rejected because of the following issue:
Chain 1 Exception: neg_binomial_2_lpmf: Location parameter[1] is inf, but must be positive finite! (in '/tmp/Rtmp3KSlYZ/model-128add766119f8.stan', line 470, column 2 to column 59)
Chain 1 If this warning occurs sporadically, such as for highly constrained variable types like covariance matrices, then the sampler is fine,
Chain 1 but if this warning occurs often then your model may be either severely ill-conditioned or misspecified.
Chain 1 
Chain 1 Informational Message: The current Metropolis proposal is about to be rejected because of the following issue:
Chain 1 Exception: neg_binomial_2_lpmf: Location parameter[1] is inf, but must be positive finite! (in '/tmp/Rtmp3KSlYZ/model-128add766119f8.stan', line 470, column 2 to column 59)
Chain 1 If this warning occurs sporadically, such as for highly constrained variable types like covariance matrices, then the sampler is fine,
Chain 1 but if this warning occurs often then your model may be either severely ill-conditioned or misspecified.
Chain 1 
Chain 1 Informational Message: The current Metropolis proposal is about to be rejected because of the following issue:
Chain 1 Exception: neg_binomial_2_lpmf: Location parameter[1] is inf, but must be positive finite! (in '/tmp/Rtmp3KSlYZ/model-128add766119f8.stan', line 470, column 2 to column 59)
Chain 1 If this warning occurs sporadically, such as for highly constrained variable types like covariance matrices, then the sampler is fine,
Chain 1 but if this warning occurs often then your model may be either severely ill-conditioned or misspecified.
Chain 1 
Chain 1 Informational Message: The current Metropolis proposal is about to be rejected because of the following issue:
Chain 1 Exception: neg_binomial_2_lpmf: Location parameter[1] is inf, but must be positive finite! (in '/tmp/Rtmp3KSlYZ/model-128add766119f8.stan', line 470, column 2 to column 59)
Chain 1 If this warning occurs sporadically, such as for highly constrained variable types like covariance matrices, then the sampler is fine,
Chain 1 but if this warning occurs often then your model may be either severely ill-conditioned or misspecified.
Chain 1 
Chain 1 Informational Message: The current Metropolis proposal is about to be rejected because of the following issue:
Chain 1 Exception: neg_binomial_2_lpmf: Location parameter[1] is inf, but must be positive finite! (in '/tmp/Rtmp3KSlYZ/model-128add766119f8.stan', line 470, column 2 to column 59)
Chain 1 If this warning occurs sporadically, such as for highly constrained variable types like covariance matrices, then the sampler is fine,
Chain 1 but if this warning occurs often then your model may be either severely ill-conditioned or misspecified.
Chain 1 
Chain 1 Informational Message: The current Metropolis proposal is about to be rejected because of the following issue:
Chain 1 Exception: neg_binomial_2_lpmf: Location parameter[1] is inf, but must be positive finite! (in '/tmp/Rtmp3KSlYZ/model-128add766119f8.stan', line 470, column 2 to column 59)
Chain 1 If this warning occurs sporadically, such as for highly constrained variable types like covariance matrices, then the sampler is fine,
Chain 1 but if this warning occurs often then your model may be either severely ill-conditioned or misspecified.
Chain 1 
Chain 1 Informational Message: The current Metropolis proposal is about to be rejected because of the following issue:
Chain 1 Exception: neg_binomial_2_lpmf: Location parameter[481] is inf, but must be positive finite! (in '/tmp/Rtmp3KSlYZ/model-128add766119f8.stan', line 470, column 2 to column 59)
Chain 1 If this warning occurs sporadically, such as for highly constrained variable types like covariance matrices, then the sampler is fine,
Chain 1 but if this warning occurs often then your model may be either severely ill-conditioned or misspecified.
Chain 1 
Chain 2 Informational Message: The current Metropolis proposal is about to be rejected because of the following issue:
Chain 2 Exception: neg_binomial_2_lpmf: Location parameter[1] is 0, but must be positive finite! (in '/tmp/Rtmp3KSlYZ/model-128add766119f8.stan', line 470, column 2 to column 59)
Chain 2 If this warning occurs sporadically, such as for highly constrained variable types like covariance matrices, then the sampler is fine,
Chain 2 but if this warning occurs often then your model may be either severely ill-conditioned or misspecified.
Chain 2 
Chain 2 Informational Message: The current Metropolis proposal is about to be rejected because of the following issue:
Chain 2 Exception: neg_binomial_2_lpmf: Location parameter[1] is 0, but must be positive finite! (in '/tmp/Rtmp3KSlYZ/model-128add766119f8.stan', line 470, column 2 to column 59)
Chain 2 If this warning occurs sporadically, such as for highly constrained variable types like covariance matrices, then the sampler is fine,
Chain 2 but if this warning occurs often then your model may be either severely ill-conditioned or misspecified.
Chain 2 
Chain 2 Informational Message: The current Metropolis proposal is about to be rejected because of the following issue:
Chain 2 Exception: neg_binomial_2_lpmf: Location parameter[1] is 0, but must be positive finite! (in '/tmp/Rtmp3KSlYZ/model-128add766119f8.stan', line 470, column 2 to column 59)
Chain 2 If this warning occurs sporadically, such as for highly constrained variable types like covariance matrices, then the sampler is fine,
Chain 2 but if this warning occurs often then your model may be either severely ill-conditioned or misspecified.
Chain 2 
Chain 2 Informational Message: The current Metropolis proposal is about to be rejected because of the following issue:
Chain 2 Exception: neg_binomial_2_lpmf: Location parameter[1] is 0, but must be positive finite! (in '/tmp/Rtmp3KSlYZ/model-128add766119f8.stan', line 470, column 2 to column 59)
Chain 2 If this warning occurs sporadically, such as for highly constrained variable types like covariance matrices, then the sampler is fine,
Chain 2 but if this warning occurs often then your model may be either severely ill-conditioned or misspecified.
Chain 2 
Chain 2 Informational Message: The current Metropolis proposal is about to be rejected because of the following issue:
Chain 2 Exception: neg_binomial_2_lpmf: Location parameter[1] is 0, but must be positive finite! (in '/tmp/Rtmp3KSlYZ/model-128add766119f8.stan', line 470, column 2 to column 59)
Chain 2 If this warning occurs sporadically, such as for highly constrained variable types like covariance matrices, then the sampler is fine,
Chain 2 but if this warning occurs often then your model may be either severely ill-conditioned or misspecified.
Chain 2 
Chain 2 Informational Message: The current Metropolis proposal is about to be rejected because of the following issue:
Chain 2 Exception: neg_binomial_2_lpmf: Location parameter[1] is 0, but must be positive finite! (in '/tmp/Rtmp3KSlYZ/model-128add766119f8.stan', line 470, column 2 to column 59)
Chain 2 If this warning occurs sporadically, such as for highly constrained variable types like covariance matrices, then the sampler is fine,
Chain 2 but if this warning occurs often then your model may be either severely ill-conditioned or misspecified.
Chain 2 
Chain 2 Informational Message: The current Metropolis proposal is about to be rejected because of the following issue:
Chain 2 Exception: neg_binomial_2_lpmf: Location parameter[1] is 0, but must be positive finite! (in '/tmp/Rtmp3KSlYZ/model-128add766119f8.stan', line 470, column 2 to column 59)
Chain 2 If this warning occurs sporadically, such as for highly constrained variable types like covariance matrices, then the sampler is fine,
Chain 2 but if this warning occurs often then your model may be either severely ill-conditioned or misspecified.
Chain 2 
Chain 2 Informational Message: The current Metropolis proposal is about to be rejected because of the following issue:
Chain 2 Exception: neg_binomial_2_lpmf: Location parameter[1] is 0, but must be positive finite! (in '/tmp/Rtmp3KSlYZ/model-128add766119f8.stan', line 470, column 2 to column 59)
Chain 2 If this warning occurs sporadically, such as for highly constrained variable types like covariance matrices, then the sampler is fine,
Chain 2 but if this warning occurs often then your model may be either severely ill-conditioned or misspecified.
Chain 2 
Chain 2 Informational Message: The current Metropolis proposal is about to be rejected because of the following issue:
Chain 2 Exception: neg_binomial_2_lpmf: Location parameter[23] is inf, but must be positive finite! (in '/tmp/Rtmp3KSlYZ/model-128add766119f8.stan', line 470, column 2 to column 59)
Chain 2 If this warning occurs sporadically, such as for highly constrained variable types like covariance matrices, then the sampler is fine,
Chain 2 but if this warning occurs often then your model may be either severely ill-conditioned or misspecified.
Chain 2 
Chain 2 Informational Message: The current Metropolis proposal is about to be rejected because of the following issue:
Chain 2 Exception: neg_binomial_2_lpmf: Location parameter[87] is inf, but must be positive finite! (in '/tmp/Rtmp3KSlYZ/model-128add766119f8.stan', line 470, column 2 to column 59)
Chain 2 If this warning occurs sporadically, such as for highly constrained variable types like covariance matrices, then the sampler is fine,
Chain 2 but if this warning occurs often then your model may be either severely ill-conditioned or misspecified.
Chain 2 
Chain 2 Informational Message: The current Metropolis proposal is about to be rejected because of the following issue:
Chain 2 Exception: neg_binomial_2_lpmf: Location parameter[1] is -nan, but must be positive finite! (in '/tmp/Rtmp3KSlYZ/model-128add766119f8.stan', line 470, column 2 to column 59)
Chain 2 If this warning occurs sporadically, such as for highly constrained variable types like covariance matrices, then the sampler is fine,
Chain 2 but if this warning occurs often then your model may be either severely ill-conditioned or misspecified.
Chain 2 
Chain 2 Informational Message: The current Metropolis proposal is about to be rejected because of the following issue:
Chain 2 Exception: neg_binomial_2_lpmf: Location parameter[1] is 0, but must be positive finite! (in '/tmp/Rtmp3KSlYZ/model-128add766119f8.stan', line 470, column 2 to column 59)
Chain 2 If this warning occurs sporadically, such as for highly constrained variable types like covariance matrices, then the sampler is fine,
Chain 2 but if this warning occurs often then your model may be either severely ill-conditioned or misspecified.
Chain 2 
Chain 2 Informational Message: The current Metropolis proposal is about to be rejected because of the following issue:
Chain 2 Exception: neg_binomial_2_lpmf: Location parameter[1] is 0, but must be positive finite! (in '/tmp/Rtmp3KSlYZ/model-128add766119f8.stan', line 470, column 2 to column 59)
Chain 2 If this warning occurs sporadically, such as for highly constrained variable types like covariance matrices, then the sampler is fine,
Chain 2 but if this warning occurs often then your model may be either severely ill-conditioned or misspecified.
Chain 2 
Chain 2 Informational Message: The current Metropolis proposal is about to be rejected because of the following issue:
Chain 2 Exception: neg_binomial_2_lpmf: Location parameter[141] is 0, but must be positive finite! (in '/tmp/Rtmp3KSlYZ/model-128add766119f8.stan', line 470, column 2 to column 59)
Chain 2 If this warning occurs sporadically, such as for highly constrained variable types like covariance matrices, then the sampler is fine,
Chain 2 but if this warning occurs often then your model may be either severely ill-conditioned or misspecified.
Chain 2 
Chain 1 Iteration:    1 / 2200 [  0%]  (Warmup) 
Chain 1 Informational Message: The current Metropolis proposal is about to be rejected because of the following issue:
Chain 1 Exception: neg_binomial_2_lpmf: Location parameter[1] is -nan, but must be positive finite! (in '/tmp/Rtmp3KSlYZ/model-128add766119f8.stan', line 470, column 2 to column 59)
Chain 1 If this warning occurs sporadically, such as for highly constrained variable types like covariance matrices, then the sampler is fine,
Chain 1 but if this warning occurs often then your model may be either severely ill-conditioned or misspecified.
Chain 1 
Chain 1 Informational Message: The current Metropolis proposal is about to be rejected because of the following issue:
Chain 1 Exception: neg_binomial_2_lpmf: Location parameter[1] is -nan, but must be positive finite! (in '/tmp/Rtmp3KSlYZ/model-128add766119f8.stan', line 470, column 2 to column 59)
Chain 1 If this warning occurs sporadically, such as for highly constrained variable types like covariance matrices, then the sampler is fine,
Chain 1 but if this warning occurs often then your model may be either severely ill-conditioned or misspecified.
Chain 1 
Chain 1 Informational Message: The current Metropolis proposal is about to be rejected because of the following issue:
Chain 1 Exception: neg_binomial_2_lpmf: Location parameter[1] is inf, but must be positive finite! (in '/tmp/Rtmp3KSlYZ/model-128add766119f8.stan', line 470, column 2 to column 59)
Chain 1 If this warning occurs sporadically, such as for highly constrained variable types like covariance matrices, then the sampler is fine,
Chain 1 but if this warning occurs often then your model may be either severely ill-conditioned or misspecified.
Chain 1 
Chain 1 Informational Message: The current Metropolis proposal is about to be rejected because of the following issue:
Chain 1 Exception: neg_binomial_2_lpmf: Location parameter[1] is inf, but must be positive finite! (in '/tmp/Rtmp3KSlYZ/model-128add766119f8.stan', line 470, column 2 to column 59)
Chain 1 If this warning occurs sporadically, such as for highly constrained variable types like covariance matrices, then the sampler is fine,
Chain 1 but if this warning occurs often then your model may be either severely ill-conditioned or misspecified.
Chain 1 
Chain 2 Iteration:    1 / 2200 [  0%]  (Warmup) 
Chain 2 Iteration:  100 / 2200 [  4%]  (Warmup) 
Chain 1 Iteration:  100 / 2200 [  4%]  (Warmup) 
Chain 2 Iteration:  200 / 2200 [  9%]  (Warmup) 
Chain 1 Iteration:  200 / 2200 [  9%]  (Warmup) 
Chain 2 Iteration:  300 / 2200 [ 13%]  (Warmup) 
Chain 1 Iteration:  300 / 2200 [ 13%]  (Warmup) 
Chain 2 Iteration:  400 / 2200 [ 18%]  (Warmup) 
Chain 1 Iteration:  400 / 2200 [ 18%]  (Warmup) 
Chain 2 Iteration:  500 / 2200 [ 22%]  (Warmup) 
Chain 1 Iteration:  500 / 2200 [ 22%]  (Warmup) 
Chain 2 Iteration:  600 / 2200 [ 27%]  (Warmup) 
Chain 1 Iteration:  600 / 2200 [ 27%]  (Warmup) 
Chain 2 Iteration:  700 / 2200 [ 31%]  (Warmup) 
Chain 2 Iteration:  701 / 2200 [ 31%]  (Sampling) 
Chain 1 Iteration:  700 / 2200 [ 31%]  (Warmup) 
Chain 1 Iteration:  701 / 2200 [ 31%]  (Sampling) 
Chain 2 Iteration:  800 / 2200 [ 36%]  (Sampling) 
Chain 1 Iteration:  800 / 2200 [ 36%]  (Sampling) 
Chain 2 Iteration:  900 / 2200 [ 40%]  (Sampling) 
Chain 1 Iteration:  900 / 2200 [ 40%]  (Sampling) 
Chain 1 Iteration: 1000 / 2200 [ 45%]  (Sampling) 
Chain 2 Iteration: 1000 / 2200 [ 45%]  (Sampling) 
Chain 1 Iteration: 1100 / 2200 [ 50%]  (Sampling) 
Chain 2 Iteration: 1100 / 2200 [ 50%]  (Sampling) 
Chain 1 Iteration: 1200 / 2200 [ 54%]  (Sampling) 
Chain 2 Iteration: 1200 / 2200 [ 54%]  (Sampling) 
Chain 1 Iteration: 1300 / 2200 [ 59%]  (Sampling) 
Chain 2 Iteration: 1300 / 2200 [ 59%]  (Sampling) 
Chain 1 Iteration: 1400 / 2200 [ 63%]  (Sampling) 
Chain 2 Iteration: 1400 / 2200 [ 63%]  (Sampling) 
Chain 1 Iteration: 1500 / 2200 [ 68%]  (Sampling) 
Chain 2 Iteration: 1500 / 2200 [ 68%]  (Sampling) 
Chain 1 Iteration: 1600 / 2200 [ 72%]  (Sampling) 
Chain 2 Iteration: 1600 / 2200 [ 72%]  (Sampling) 
Chain 1 Iteration: 1700 / 2200 [ 77%]  (Sampling) 
Chain 2 Iteration: 1700 / 2200 [ 77%]  (Sampling) 
Chain 1 Iteration: 1800 / 2200 [ 81%]  (Sampling) 
Chain 2 Iteration: 1800 / 2200 [ 81%]  (Sampling) 
Chain 1 Iteration: 1900 / 2200 [ 86%]  (Sampling) 
Chain 2 Iteration: 1900 / 2200 [ 86%]  (Sampling) 
Chain 2 Iteration: 2000 / 2200 [ 90%]  (Sampling) 
Chain 1 Iteration: 2000 / 2200 [ 90%]  (Sampling) 
Chain 2 Iteration: 2100 / 2200 [ 95%]  (Sampling) 
Chain 1 Iteration: 2100 / 2200 [ 95%]  (Sampling) 
Chain 1 Iteration: 2200 / 2200 [100%]  (Sampling) 
Chain 1 finished in 51400.2 seconds.
Chain 2 Iteration: 2200 / 2200 [100%]  (Sampling) 
Chain 2 finished in 51468.9 seconds.

Both chains finished successfully.
Mean chain execution time: 51434.6 seconds.
Total execution time: 51469.5 seconds.

Warning: 128 of 3000 (4.0%) transitions ended with a divergence.
See https://mc-stan.org/misc/warnings for details.

Warning: 2872 of 3000 (96.0%) transitions hit the maximum treedepth limit of 10.
See https://mc-stan.org/misc/warnings for details.

[1] "Saving fit object..."
[1] "Calculating summary..."
[1] "Calculating samples..."
[1] "Calculating metadata..."
[1] "Summary of Hyperpriors (mu_*, sigma_*):"
# A tibble: 111 × 10
    variable      mean   median      sd     mad       q5      q95  rhat ess_bulk
    <chr>        <dbl>    <dbl>   <dbl>   <dbl>    <dbl>    <dbl> <dbl>    <dbl>
  1 mu_beta_… -4.56e-2 -0.0323  1.00    1.00    -1.70e+0  1.59    1.00     2120.
  2 mu_beta_… -8.29e-4  0.00253 0.180   0.0760  -1.86e-1  0.219   1.00      524.
  3 mu_beta_…  1.10e-1  0.112   0.283   0.220   -3.34e-1  0.536   1.01      494.
  4 mu_beta_…  3.81e-1  0.387   0.275   0.215   -4.61e-2  0.809   1.01      351.
  5 mu_beta_…  1.13e-2  0.0138  0.0429  0.0169  -4.59e-2  0.0620  1.01      318.
  6 mu_beta_…  1.55e-1  0.170   0.510   0.387   -6.80e-1  0.956   1.00      575.
  7 mu_beta_…  1.03e-1  0.111   0.138   0.107   -1.26e-1  0.307   1.00      736.
  8 mu_beta_… -1.08e-1 -0.112   0.204   0.128   -3.87e-1  0.192   1.01      676.
  9 mu_beta_… -2.19e-2 -0.0108  0.435   0.360   -7.82e-1  0.672   1.00      580.
 10 mu_beta_… -1.75e-2 -0.0126  0.396   0.342   -6.77e-1  0.633   1.00      631.
 11 mu_beta_… -5.67e-2 -0.0368  0.425   0.367   -7.87e-1  0.627   1.00      612.
 12 mu_beta_…  6.05e-2  0.0501  0.488   0.381   -7.32e-1  0.849   1.00      543.
 13 mu_beta_…  1.14e-2  0.00244 0.476   0.365   -7.63e-1  0.774   1.00      512.
 14 mu_beta_… -2.08e-1 -0.133   0.625   0.474   -1.34e+0  0.658   1.00      703.
 15 mu_beta_… -1.05e-2  0.0111  0.407   0.303   -5.79e-1  0.574   1.00      616.
 16 mu_beta_… -2.01e-3  0.00379 0.361   0.295   -5.89e-1  0.582   1.00      519.
 17 mu_beta_… -8.96e-2 -0.0847  0.386   0.318   -7.23e-1  0.511   1.00      588.
 18 mu_beta_… -1.02e-1 -0.0897  0.255   0.203   -5.40e-1  0.269   1.00      591.
 19 mu_beta_… -5.45e-2 -0.0454  0.476   0.406   -8.92e-1  0.719   1.00      601.
 20 mu_beta_… -9.26e-2 -0.0715  0.555   0.442   -9.97e-1  0.766   1.00      580.
 21 mu_beta_…  1.67e-1  0.164   0.355   0.308   -4.09e-1  0.748   1.00      614.
 22 mu_beta_…  3.68e-2  0.0214  1.42    1.01    -2.30e+0  2.43    1.00     1320.
 23 mu_beta_…  1.98e-2  0.00199 1.41    1.01    -2.25e+0  2.30    1.00     1819.
 24 mu_beta_… -2.27e+0 -1.57    2.61    2.39    -7.31e+0  0.919   1.01      441.
 25 mu_beta_… -1.04e+0 -1.11    1.00    1.04    -2.63e+0  0.632   1.00      721.
 26 mu_beta_… -4.99e-3  0.00321 0.677   0.550   -1.04e+0  1.06    1.00      750.
 27 mu_beta_…  6.27e-1  0.592   0.729   0.671   -4.92e-1  1.84    1.00      670.
 28 mu_beta_…  1.65e-1  0.123   0.627   0.524   -7.67e-1  1.21    1.00      734.
 29 mu_beta_…  1.56e-1  0.138   0.564   0.451   -6.65e-1  1.05    1.00      701.
 30 mu_beta_…  1.88e-1  0.148   0.504   0.440   -6.01e-1  1.09    1.00      633.
 31 mu_beta_… -5.62e-2 -0.0351  0.575   0.476   -1.03e+0  0.889   1.00      726.
 32 mu_beta_…  6.76e-2  0.0662  0.0498  0.0439  -9.41e-3  0.154   1.00      818.
 33 mu_beta_… -1.14e-1 -0.115   0.0389  0.0386  -1.77e-1 -0.0494  1.00      725.
 34 mu_beta_… -1.23e-1 -0.122   0.0427  0.0425  -1.95e-1 -0.0541  1.00      682.
 35 mu_beta_… -7.81e-2 -0.0788  0.0443  0.0444  -1.51e-1 -0.00457 1.00      602.
 36 mu_beta_…  4.10e-2  0.0410  0.0423  0.0424  -2.92e-2  0.111   1.00      651.
 37 mu_beta_…  1.02e-1  0.0813  0.494   0.374   -6.61e-1  0.914   1.00      612.
 38 mu_beta_…  1.56e-1  0.136   0.496   0.375   -6.10e-1  0.973   1.00      611.
 39 mu_beta_…  5.62e-1  0.556   0.169   0.171    2.99e-1  0.852   1.00      596.
 40 mu_beta_…  4.00e-2  0.0400  0.0258  0.0258  -1.24e-3  0.0826  0.999    1604.
 41 mu_beta_… -2.07e-2 -0.0206  0.00920 0.00924 -3.56e-2 -0.00570 1.00     2226.
 42 mu_gamma… -1.07e-1 -0.108   0.0817  0.0772  -2.43e-1  0.0285  1.00     1537.
 43 mu_gamma… -3.00e-1 -0.293   0.224   0.223   -6.76e-1  0.0601  1.00      622.
 44 mu_alpha…  4.73e-1  0.511   0.244   0.141    6.57e-2  0.754   1.00      439.
 45 mu_alpha…  1.08e-1  0.106   0.117   0.0815  -7.50e-2  0.292   1.00      726.
 46 mu_alpha…  1.83e-1  0.183   0.0323  0.0324   1.30e-1  0.235   1.00     1388.
 47 mu_alpha…  7.50e-2  0.0759  0.0306  0.0303   2.40e-2  0.125   1.00     1109.
 48 mu_alpha…  4.71e-2  0.0470  0.0295  0.0293  -9.56e-4  0.0966  1.00     1216.
 49 mu_alpha…  6.48e-2  0.0654  0.0299  0.0307   1.50e-2  0.113   1.00     1222.
 50 mu_alpha…  9.00e-2  0.0902  0.0287  0.0287   4.40e-2  0.138   1.00     1249.
 51 mu_alpha…  2.78e-2  0.0273  0.0253  0.0257  -1.30e-2  0.0697  1.00      995.
 52 mu_alpha…  4.39e-2  0.0438  0.0256  0.0252   1.72e-3  0.0859  1.00     1126.
 53 mu_alpha…  1.09e-1  0.108   0.0259  0.0266   6.74e-2  0.151   1.00     1400.
 54 mu_alpha…  6.27e-2  0.0632  0.0260  0.0261   2.01e-2  0.105   1.00     1270.
 55 mu_alpha…  8.38e-3  0.00844 0.0260  0.0266  -3.44e-2  0.0502  1.00      974.
 56 mu_delta… -4.85e-1 -0.476   0.252   0.156   -8.60e-1 -0.101   1.01      544.
 57 mu_delta…  1.85e-2 -0.00102 0.263   0.188   -3.63e-1  0.457   1.01      425.
 58 mu_delta… -3.10e-1 -0.310   0.0562  0.0543  -3.98e-1 -0.214   1.00      950.
 59 mu_delta… -7.23e-2 -0.0726  0.0507  0.0515  -1.55e-1  0.00691 1.00     1114.
 60 mu_delta… -1.48e-1 -0.148   0.0483  0.0496  -2.30e-1 -0.0703  1.00     1080.
 61 mu_delta… -1.56e-1 -0.155   0.0510  0.0499  -2.42e-1 -0.0709  1.00     1171.
 62 mu_delta…  4.46e-3  0.00381 0.0479  0.0458  -7.61e-2  0.0830  1.00     1450.
 63 mu_delta… -1.68e-2 -0.0162  0.0399  0.0389  -8.37e-2  0.0464  1.00     1150.
 64 mu_delta…  5.13e-3  0.00572 0.0407  0.0403  -6.17e-2  0.0715  1.00     1136.
 65 mu_delta… -6.37e-2 -0.0629  0.0429  0.0440  -1.35e-1  0.00671 1.00     1050.
 66 mu_delta… -1.00e-1 -0.0999  0.0409  0.0415  -1.68e-1 -0.0314  1.00     1425.
 67 mu_delta… -4.22e-2 -0.0425  0.0390  0.0388  -1.07e-1  0.0213  1.00     1063.
 68 mu_phi_l…  1.20e+0  1.28    0.681   0.629   -3.58e-2  2.17    1.01      559.
 69 mu_pi_lo… -2.90e+0 -2.90    0.828   0.720   -4.28e+0 -1.55    1.01      534.
 70 sigma_be…  1.39e+0  1.15    1.11    0.997    1.09e-1  3.58    1.00      619.
 71 sigma_be…  2.06e-1  0.132   0.232   0.0901   4.61e-2  0.592   1.01      532.
 72 sigma_be…  5.30e-1  0.436   0.350   0.218    2.04e-1  1.19    1.00      711.
 73 sigma_be…  4.65e-1  0.377   0.310   0.207    1.68e-1  1.04    1.00      783.
 74 sigma_be…  4.67e-2  0.0237  0.0726  0.0244   1.79e-3  0.171   1.01      375.
 75 sigma_be…  1.12e-1  0.0607  0.176   0.0614   5.63e-3  0.383   1.00      813.
 76 sigma_be…  2.17e-1  0.164   0.215   0.129    1.93e-2  0.596   1.01      559.
 77 sigma_be…  2.79e-1  0.204   0.261   0.166    2.78e-2  0.765   1.00      534.
 78 sigma_be…  3.92e-1  0.290   0.357   0.223    5.29e-2  1.08    1.00      867.
 79 sigma_be…  2.43e-1  0.167   0.261   0.164    1.36e-2  0.752   1.00      630.
 80 sigma_be…  2.87e-1  0.210   0.287   0.186    2.20e-2  0.843   1.00      577.
 81 sigma_be…  2.44e-1  0.147   0.306   0.157    1.07e-2  0.826   1.00      731.
 82 sigma_be…  2.59e-1  0.169   0.292   0.160    1.59e-2  0.814   1.00      847.
 83 sigma_be…  8.95e-1  0.540   0.972   0.675    2.06e-2  2.83    1.00      414.
 84 sigma_be…  3.00e-1  0.200   0.325   0.193    1.94e-2  0.930   1.00      576.
 85 sigma_be…  3.23e-1  0.235   0.319   0.204    2.78e-2  0.931   1.00      571.
 86 sigma_be…  4.00e-1  0.304   0.360   0.222    4.68e-2  1.05    1.00      540.
 87 sigma_be…  3.29e-1  0.236   0.352   0.219    1.90e-2  0.931   1.00      503.
 88 sigma_be…  3.32e-1  0.227   0.357   0.219    2.32e-2  0.970   1.00      604.
 89 sigma_be…  4.46e-1  0.345   0.394   0.294    4.30e-2  1.19    1.00      476.
 90 sigma_be…  2.60e-1  0.167   0.297   0.173    1.24e-2  0.845   1.00      673.
 91 sigma_be…  1.02e+0  0.743   0.960   0.747    6.01e-2  2.99    1.00     2224.
 92 sigma_be…  1.01e+0  0.690   0.990   0.683    5.31e-2  3.01    1.00     1768.
 93 sigma_be…  3.22e+0  3.19    1.66    1.58     4.84e-1  6.09    1.01      463.
 94 sigma_be…  1.08e+0  0.847   0.980   0.840    4.55e-2  3.03    1.00      881.
 95 sigma_be…  7.59e-1  0.527   0.775   0.532    4.34e-2  2.23    1.00     1573.
 96 sigma_be…  9.64e-1  0.820   0.697   0.574    1.28e-1  2.33    1.01      369.
 97 sigma_be…  8.03e-1  0.673   0.638   0.507    6.91e-2  2.02    1.01      409.
 98 sigma_be…  5.74e-1  0.423   0.563   0.380    4.40e-2  1.63    1.01      725.
 99 sigma_be…  5.03e-1  0.371   0.491   0.348    3.21e-2  1.46    1.01      384.
100 sigma_be…  6.36e-1  0.507   0.526   0.389    8.04e-2  1.60    1.01      349.
101 sigma_be…  6.17e-2  0.0450  0.0543  0.0381   5.56e-3  0.175   1.00      831.
102 sigma_ga…  3.12e-1  0.251   0.243   0.228    2.58e-2  0.790   1.00     1945.
103 sigma_ga…  3.18e-1  0.265   0.247   0.234    2.07e-2  0.803   1.00     1265.
104 sigma_al…  3.17e-1  0.225   0.304   0.166    5.04e-2  0.882   1.00      398.
105 sigma_al…  1.95e-1  0.132   0.204   0.100    3.10e-2  0.571   1.00      648.
106 sigma_de…  3.23e-1  0.225   0.346   0.205    2.05e-2  0.970   1.00      579.
107 sigma_de…  4.42e-1  0.345   0.374   0.236    8.49e-2  1.12    1.00      508.
108 sigma_ph…  1.38e+0  1.22    0.665   0.528    6.35e-1  2.69    1.00      863.
109 sigma_pi…  1.56e+0  1.39    0.685   0.562    7.74e-1  2.91    1.00     1031.
110 sigma_ga…  8.12e-1  0.667   0.615   0.572    7.44e-2  2.00    1.00     1904.
111 sigma_ga…  7.84e-1  0.679   0.593   0.597    5.30e-2  1.89    1.00     1302.
# ℹ 1 more variable: ess_tail <dbl>
[1] "Calculating lambda_mean..."
[1] "Calculating lambda_test_mean..."
[1] "Calculating y_rep_mean..."
[1] "Calculating y_test_rep_mean..."
[1] "Generating plots..."
[1] "exposure_2HRX9P6HKXA8V_1" "exposure_L69HYJ4Y3TR91_1"
[3] "exposure_ED5J990H5VAZT_1"
[1] 3
Adding missing grouping variables: `location_id_num`
[1] "Skipping daily plot for 2HRX9P6HKXA8V due to missing daily data."
[1] "Skipping daily plot for L69HYJ4Y3TR91 due to missing daily data."
[1] "Skipping daily plot for ED5J990H5VAZT due to missing daily data."
[1] "Skipping MLflow logging as existing fit file was loaded."
[1] "Done."
           used  (Mb) gc trigger   (Mb)  max used   (Mb)
Ncells  5106395 272.8    7665489  409.4   7665489  409.4
Vcells 10030863  76.6  310637393 2370.0 388296741 2962.5
Warning messages:
1: Dropping 'draws_df' class as required metadata was removed. 
2: Dropping 'draws_df' class as required metadata was removed. 
3: Dropping 'draws_df' class as required metadata was removed. 
4: Dropping 'draws_df' class as required metadata was removed. 
