- The project is out-of-sync -- use `renv::status()` for details.
── Attaching core tidyverse packages ──────────────────────── tidyverse 2.0.0 ──
✔ dplyr     1.1.4     ✔ readr     2.1.5
✔ forcats   1.0.0     ✔ stringr   1.5.1
✔ ggplot2   3.5.1     ✔ tibble    3.2.1
✔ lubridate 1.9.4     ✔ tidyr     1.3.1
✔ purrr     1.0.4     
[conflicted] Will prefer dplyr::select over any other package.
[conflicted] Will prefer dplyr::filter over any other package.
[conflicted] Will prefer lubridate::year over any other package.
[conflicted] Will prefer lubridate::month over any other package.
[conflicted] Will prefer purrr::map over any other package.
[conflicted] Will prefer stats::sd over any other package.
[conflicted] Will prefer base::match over any other package.
This is cmdstanr version 0.9.0
- CmdStanR documentation and vignettes: mc-stan.org/cmdstanr
- CmdStan path: /home/nuttidalab/.cmdstan/cmdstan-2.36.0
- CmdStan version: 2.36.0

A newer version of CmdStan is available. See ?install_cmdstan() to install it.
To disable this check set option or environment variable cmdstanr_no_ver_check=TRUE.
This is posterior version 1.6.0
Registered S3 method overwritten by 'tsibble':
  method               from 
  as_tibble.grouped_df dplyr
── Attaching packages ──────────────────────────────────────────── fpp3 1.0.1 ──
✔ tsibble     1.1.6     ✔ feasts      0.4.1
✔ tsibbledata 0.4.1     ✔ fable       0.4.1
Loading required package: R.oo
Loading required package: R.methodsS3
R.methodsS3 v1.8.2 (2022-06-13 22:00:14 UTC) successfully loaded. See ?R.methodsS3 for help.
R.oo v1.27.0 (2024-11-01 18:00:02 UTC) successfully loaded. See ?R.oo for help.

Attaching package: ‘R.oo’

The following object is masked from ‘package:R.methodsS3’:

    throw

The following object is masked from ‘package:shiny’:

    printStackTrace

The following object is masked from ‘package:renv’:

    load

The following objects are masked from ‘package:methods’:

    getClasses, getMethods

The following objects are masked from ‘package:base’:

    attach, detach, load, save

R.utils v2.13.0 (2025-02-24 21:20:02 UTC) successfully loaded. See ?R.utils for help.
Registered S3 method overwritten by 'quantmod':
  method            from
  as.zoo.data.frame zoo 
Registered S3 methods overwritten by 'bayesforecast':
  method      from    
  autoplot.ts forecast
  forecast.ts forecast
  fortify.ts  forecast
  print.garch tseries 
[1] "# of rows: 34628"
[1] "# of rows: 13557"
[1] "Found 20 exposure columns in the data: exposure_SRQS8F7JWA9MZ_1, exposure_SRQS8F7JWA9MZ_2, exposure_JHDN7CF1C03X5_1, exposure_C0BE4NDSW26QN_1, exposure_C0BE4NDSW26QN_2, exposure_S8MT0YGD2KTN9_1, exposure_1SQPTEGYPH0GA_1, exposure_9XKJD8DQTH559_1, exposure_9XKJD8DQTH559_2, exposure_LQ5EH4BKGV61T_1, exposure_SRQS8F7JWA9MZ_1_slope, exposure_SRQS8F7JWA9MZ_2_slope, exposure_JHDN7CF1C03X5_1_slope, exposure_C0BE4NDSW26QN_1_slope, exposure_C0BE4NDSW26QN_2_slope, exposure_S8MT0YGD2KTN9_1_slope, exposure_1SQPTEGYPH0GA_1_slope, exposure_9XKJD8DQTH559_1_slope, exposure_9XKJD8DQTH559_2_slope, exposure_LQ5EH4BKGV61T_1_slope"
Numeric columns considered for scaling:
vegan_window_sum_item_quantity,
vegetarian_window_sum_item_quantity,
meat_window_sum_item_quantity,
vegan_window_avg_item_price,
vegetarian_window_avg_item_price,
meat_window_avg_item_price,
breakfast_p_window_avg_item_price,
textured_p_window_avg_item_price,
untextured_p_window_avg_item_price,
chicken_p_window_avg_item_price,
dairy_p_window_avg_item_price,
egg_p_window_avg_item_price,
breakfast_window_avg_item_price,
textured_window_avg_item_price,
untextured_window_avg_item_price,
breakfast_t2_window_avg_item_price,
textured_t2_window_avg_item_price,
untextured_t2_window_avg_item_price,
chicken_t2_window_avg_item_price,
dairy_t2_window_avg_item_price,
day_of_month,
__index_level_0__,
Value,
vegan_price_real,
vegetarian_price_real,
meat_price_real,
breakfast_p_price_real,
textured_p_price_real,
untextured_p_price_real,
chicken_p_price_real,
dairy_p_price_real,
egg_p_price_real,
breakfast_price_real,
textured_price_real,
untextured_price_real,
breakfast_t2_price_real,
textured_t2_price_real,
untextured_t2_price_real,
chicken_t2_price_real,
dairy_t2_price_real,
inflation,
temp,
precip[1] "Successfully created `expo_to_rest` mapping."
[1] "Successfully created `expo_to_param` mapping."
Identified 20 exposure columns in the design matrix: 
exposure_SRQS8F7JWA9MZ_1, 
exposure_SRQS8F7JWA9MZ_2, 
exposure_JHDN7CF1C03X5_1, 
exposure_C0BE4NDSW26QN_1, 
exposure_C0BE4NDSW26QN_2, 
exposure_S8MT0YGD2KTN9_1, 
exposure_1SQPTEGYPH0GA_1, 
exposure_9XKJD8DQTH559_1, 
exposure_9XKJD8DQTH559_2, 
exposure_LQ5EH4BKGV61T_1, 
exposure_SRQS8F7JWA9MZ_1_slope, 
exposure_SRQS8F7JWA9MZ_2_slope, 
exposure_JHDN7CF1C03X5_1_slope, 
exposure_C0BE4NDSW26QN_1_slope, 
exposure_C0BE4NDSW26QN_2_slope, 
exposure_S8MT0YGD2KTN9_1_slope, 
exposure_1SQPTEGYPH0GA_1_slope, 
exposure_9XKJD8DQTH559_1_slope, 
exposure_9XKJD8DQTH559_2_slope, 
exposure_LQ5EH4BKGV61T_1_slope
Identified 31 random beta columns: 
vegan_price_real, 
vegetarian_price_real, 
meat_price_real, 
untextured_t2_price_real, 
weekend, 
holiday_window, 
month_cat2, 
month_cat3, 
month_cat4, 
month_cat5, 
month_cat6, 
month_cat7, 
month_cat8, 
month_cat9, 
month_cat10, 
month_cat11, 
month_cat12, 
seasonspring, 
seasonsummer, 
seasonwinter, 
year_cat2014, 
year_cat2015, 
year_cat2016, 
year_cat2017, 
year_cat2018, 
year_cat2019, 
year_cat2020, 
year_cat2021, 
year_cat2022, 
year_cat2023, 
date_num
Identified 9 fixed beta columns: 
day_of_week_cat1, 
day_of_week_cat2, 
day_of_week_cat3, 
day_of_week_cat4, 
day_of_week_cat5, 
day_of_week_cat6, 
inflation, 
temp, 
precip
Identified 2 random alpha indices (positions): 
1, 7
Identified 2 random delta indices (positions): 
1, 7
[1] "Open-day filtering: using 10968 of 12874 train obs, 611 of 683 test obs"
$R
[1] 7

$J
[1] 61

$p_effective
[1] 12

$q_effective
[1] 12

$M
[1] 2

$idx_intercept
[1] 1

$K_beta_random
[1] 31

$idx_beta_random
[1] 2 3 4 5 6 7

$K_beta_fixed
[1] 9

$idx_beta_fixed
[1] 33 34 35 36 37 38

$K_exposure
[1] 20

$idx_exposure
[1] 42 43 44 45 46 47

$expo_to_rest
[1] 1 1 2 3 3 4

$expo_to_param
[1] 1 1 1 1 1 1

$effective_lags_alpha
[1] 1 2 3 4 5 6

$K_alpha_random
[1] 2

$idx_alpha_random
[1] 1 7

$K_alpha_fixed
[1] 10

$idx_alpha_fixed
[1] 2 3 4 5 6 8

$effective_lags_delta
[1] 1 2 3 4 5 6

$K_delta_random
[1] 2

$idx_delta_random
[1] 1 7

$K_delta_fixed
[1] 10

$idx_delta_fixed
[1] 2 3 4 5 6 8

$N_train
[1] 12874

$X_train
  (Intercept) vegan_price_real vegetarian_price_real meat_price_real
1           1        -3.998442             -5.643433       -5.746021
2           1        -3.998442             -5.643433       -5.746021
3           1        -3.998442             -5.643433       -5.746021
4           1        -3.998442             -5.643433       -5.746021
5           1        -3.998442             -5.643433       -5.746021
6           1        -3.998442             -5.643433       -5.746021
  untextured_t2_price_real weekend holiday_window month_cat2 month_cat3
1                0.7774304       0              0          0          1
2                0.7774304       0              0          0          1
3                0.7774304       0              0          0          1
4                0.7774304       1              0          0          1
5                0.7774304       1              0          0          1
6                0.7640276       0              0          0          0
  month_cat4 month_cat5 month_cat6 month_cat7 month_cat8 month_cat9 month_cat10
1          0          0          0          0          0          0           0
2          0          0          0          0          0          0           0
3          0          0          0          0          0          0           0
4          0          0          0          0          0          0           0
5          0          0          0          0          0          0           0
6          1          0          0          0          0          0           0
  month_cat11 month_cat12 seasonspring seasonsummer seasonwinter year_cat2014
1           0           0            1            0            0            0
2           0           0            1            0            0            0
3           0           0            1            0            0            0
4           0           0            1            0            0            0
5           0           0            1            0            0            0
6           0           0            1            0            0            0
  year_cat2015 year_cat2016 year_cat2017 year_cat2018 year_cat2019 year_cat2020
1            0            0            0            0            1            0
2            0            0            0            0            1            0
3            0            0            0            0            1            0
4            0            0            0            0            1            0
5            0            0            0            0            1            0
6            0            0            0            0            1            0
  year_cat2021 year_cat2022 year_cat2023 date_num day_of_week_cat1
1            0            0            0 49.23203                0
2            0            0            0 49.23477                0
3            0            0            0 49.23751                0
4            0            0            0 49.24025                0
5            0            0            0 49.24298                0
6            0            0            0 49.24572                0
  day_of_week_cat2 day_of_week_cat3 day_of_week_cat4 day_of_week_cat5
1                1                0                0                0
2                0                1                0                0
3                0                0                1                0
4                0                0                0                1
5                0                0                0                0
6                0                0                0                0
  day_of_week_cat6 inflation       temp     precip exposure_SRQS8F7JWA9MZ_1
1                0 -1.303773 -0.6379573 -0.4143682                        0
2                0 -1.303773 -0.3820039 -0.3782466                        0
3                0 -1.303773 -0.2079557 -0.4143682                        0
4                0 -1.303773 -0.6993861  5.2928512                        0
5                1 -1.303773 -1.0986732  0.9401934                        0
6                0 -1.260512 -1.0884351 -0.3601857                        0
  exposure_SRQS8F7JWA9MZ_2 exposure_JHDN7CF1C03X5_1 exposure_C0BE4NDSW26QN_1
1                        0                        0                        0
2                        0                        0                        0
3                        0                        0                        0
4                        0                        0                        0
5                        0                        0                        0
6                        0                        0                        0
  exposure_C0BE4NDSW26QN_2 exposure_S8MT0YGD2KTN9_1 exposure_1SQPTEGYPH0GA_1
1                        0                        0                        0
2                        0                        0                        0
3                        0                        0                        0
4                        0                        0                        0
5                        0                        0                        0
6                        0                        0                        0
  exposure_9XKJD8DQTH559_1 exposure_9XKJD8DQTH559_2 exposure_LQ5EH4BKGV61T_1
1                        0                        0                        0
2                        0                        0                        0
3                        0                        0                        0
4                        0                        0                        0
5                        0                        0                        0
6                        0                        0                        0
  exposure_SRQS8F7JWA9MZ_1_slope exposure_SRQS8F7JWA9MZ_2_slope
1                              0                              0
2                              0                              0
3                              0                              0
4                              0                              0
5                              0                              0
6                              0                              0
  exposure_JHDN7CF1C03X5_1_slope exposure_C0BE4NDSW26QN_1_slope
1                              0                              0
2                              0                              0
3                              0                              0
4                              0                              0
5                              0                              0
6                              0                              0
  exposure_C0BE4NDSW26QN_2_slope exposure_S8MT0YGD2KTN9_1_slope
1                              0                              0
2                              0                              0
3                              0                              0
4                              0                              0
5                              0                              0
6                              0                              0
  exposure_1SQPTEGYPH0GA_1_slope exposure_9XKJD8DQTH559_1_slope
1                              0                              0
2                              0                              0
3                              0                              0
4                              0                              0
5                              0                              0
6                              0                              0
  exposure_9XKJD8DQTH559_2_slope exposure_LQ5EH4BKGV61T_1_slope
1                              0                              0
2                              0                              0
3                              0                              0
4                              0                              0
5                              0                              0
6                              0                              0

$y_train
[1] 1 0 0 0 0 0

$idx_to_rest_train
[1] 1 1 1 1 1 1

$train_start_idx
[1]    1 1508 3035 5186 7051 8496

$train_end_idx
[1] 1507 3034 5185 7050 8495 9260

$N_test
[1] 683

$X_test
  (Intercept) vegan_price_real vegetarian_price_real meat_price_real
1           1        0.4245134             0.6681675        1.064788
2           1        0.3753694             1.1096485        1.349447
3           1        1.0142408             1.3813657        1.033742
4           1       -0.2635019             1.0769320        1.502165
5           1        2.1936956             1.3194194        1.092904
6           1        1.0142408             0.9810029        1.292952
  untextured_t2_price_real weekend holiday_window month_cat2 month_cat3
1               -0.5699123       0              0          0          0
2                0.3238801       1              0          0          0
3               -0.2808830       1              0          0          0
4                0.1585252       0              0          0          0
5               -1.2759226       0              0          0          0
6               -0.6161676       0              0          0          0
  month_cat4 month_cat5 month_cat6 month_cat7 month_cat8 month_cat9 month_cat10
1          0          1          0          0          0          0           0
2          0          1          0          0          0          0           0
3          0          1          0          0          0          0           0
4          0          1          0          0          0          0           0
5          0          1          0          0          0          0           0
6          0          1          0          0          0          0           0
  month_cat11 month_cat12 seasonspring seasonsummer seasonwinter year_cat2014
1           0           0            1            0            0            0
2           0           0            1            0            0            0
3           0           0            1            0            0            0
4           0           0            1            0            0            0
5           0           0            1            0            0            0
6           0           0            1            0            0            0
  year_cat2015 year_cat2016 year_cat2017 year_cat2018 year_cat2019 year_cat2020
1            0            0            0            0            0            0
2            0            0            0            0            0            0
3            0            0            0            0            0            0
4            0            0            0            0            0            0
5            0            0            0            0            0            0
6            0            0            0            0            0            0
  year_cat2021 year_cat2022 year_cat2023 date_num day_of_week_cat1
1            0            0            1 53.35797                0
2            0            0            1 53.36071                0
3            0            0            1 53.36345                0
4            0            0            1 53.36619                0
5            0            0            1 53.36893                1
6            0            0            1 53.37166                0
  day_of_week_cat2 day_of_week_cat3 day_of_week_cat4 day_of_week_cat5
1                0                0                1                0
2                0                0                0                1
3                0                0                0                0
4                0                0                0                0
5                0                0                0                0
6                1                0                0                0
  day_of_week_cat6 inflation       temp     precip exposure_SRQS8F7JWA9MZ_1
1                0  2.068125  1.1230015 -0.4143682                        1
2                0  2.068125  0.8363338 -0.4143682                        1
3                1  2.068125  0.3039509 -0.4143682                        1
4                0  2.068125  0.6418093 -0.4143682                        1
5                0  2.068125  0.5701424 -0.4143682                        1
6                0  2.068125 -0.3820039 -0.4143682                        1
  exposure_SRQS8F7JWA9MZ_2 exposure_JHDN7CF1C03X5_1 exposure_C0BE4NDSW26QN_1
1                        1                        0                        0
2                        1                        0                        0
3                        1                        0                        0
4                        1                        0                        0
5                        1                        0                        0
6                        1                        0                        0
  exposure_C0BE4NDSW26QN_2 exposure_S8MT0YGD2KTN9_1 exposure_1SQPTEGYPH0GA_1
1                        0                        0                        0
2                        0                        0                        0
3                        0                        0                        0
4                        0                        0                        0
5                        0                        0                        0
6                        0                        0                        0
  exposure_9XKJD8DQTH559_1 exposure_9XKJD8DQTH559_2 exposure_LQ5EH4BKGV61T_1
1                        0                        0                        0
2                        0                        0                        0
3                        0                        0                        0
4                        0                        0                        0
5                        0                        0                        0
6                        0                        0                        0
  exposure_SRQS8F7JWA9MZ_1_slope exposure_SRQS8F7JWA9MZ_2_slope
1                       2.877481                       2.669405
2                       2.880219                       2.672142
3                       2.882957                       2.674880
4                       2.885695                       2.677618
5                       2.888433                       2.680356
6                       2.891170                       2.683094
  exposure_JHDN7CF1C03X5_1_slope exposure_C0BE4NDSW26QN_1_slope
1                              0                              0
2                              0                              0
3                              0                              0
4                              0                              0
5                              0                              0
6                              0                              0
  exposure_C0BE4NDSW26QN_2_slope exposure_S8MT0YGD2KTN9_1_slope
1                              0                              0
2                              0                              0
3                              0                              0
4                              0                              0
5                              0                              0
6                              0                              0
  exposure_1SQPTEGYPH0GA_1_slope exposure_9XKJD8DQTH559_1_slope
1                              0                              0
2                              0                              0
3                              0                              0
4                              0                              0
5                              0                              0
6                              0                              0
  exposure_9XKJD8DQTH559_2_slope exposure_LQ5EH4BKGV61T_1_slope
1                              0                              0
2                              0                              0
3                              0                              0
4                              0                              0
5                              0                              0
6                              0                              0

$y_test
[1] 50 83 62 30 17 28

$idx_to_rest_test
[1] 1 1 1 1 1 1

$test_start_idx
[1]   1  81 162 276 375 452

$test_end_idx
[1]  80 161 275 374 451 492

$mu_gamma_scale
[1] 1

$sigma_gamma_between_scale
[1] 1

$sigma_gamma_within_scale
[1] 1

$mu_beta_scale
[1] 1

$sigma_beta_scale
[1] 1

$mu_alpha_scale
[1] 1

$sigma_alpha_scale
[1] 1

$mu_delta_scale
[1] 1

$sigma_delta_scale
[1] 1

$mu_phi_log_scale
[1] 2

$sigma_phi_log_scale
[1] 1

$z_eta_scale
[1] 1

$z_gamma_scale
[1] 1

$z_beta_scale
[1] 1

$z_alpha_scale
[1] 1

$z_delta_scale
[1] 1

$z_phi_scale
[1] 1

$apply_truncation
[1] 0

$N_total_nonzero
[1] 10968

$idx_total_nonzero
[1]  1 35 36 37 38 41

$N_total_nonzero_test
[1] 611

$idx_total_nonzero_test
[1] 1 2 3 4 5 6

[1] "Using Stan model: model_multilevel_transfer_truncated.stan"
[1] "Fitting the multilevel model..."
Running MCMC with 3 parallel chains...

Chain 1 Informational Message: The current Metropolis proposal is about to be rejected because of the following issue:
Chain 1 Exception: neg_binomial_2_lpmf: Location parameter[1] is -nan, but must be positive finite! (in 'model_multilevel_transfer_truncated.stan', line 457, column 4 to column 67)
Chain 1 If this warning occurs sporadically, such as for highly constrained variable types like covariance matrices, then the sampler is fine,
Chain 1 but if this warning occurs often then your model may be either severely ill-conditioned or misspecified.
Chain 1 
Chain 2 Informational Message: The current Metropolis proposal is about to be rejected because of the following issue:
Chain 2 Exception: neg_binomial_2_lpmf: Location parameter[1] is -nan, but must be positive finite! (in 'model_multilevel_transfer_truncated.stan', line 457, column 4 to column 67)
Chain 2 If this warning occurs sporadically, such as for highly constrained variable types like covariance matrices, then the sampler is fine,
Chain 2 but if this warning occurs often then your model may be either severely ill-conditioned or misspecified.
Chain 2 
Chain 1 Informational Message: The current Metropolis proposal is about to be rejected because of the following issue:
Chain 1 Exception: neg_binomial_2_lpmf: Location parameter[1] is -nan, but must be positive finite! (in 'model_multilevel_transfer_truncated.stan', line 457, column 4 to column 67)
Chain 1 If this warning occurs sporadically, such as for highly constrained variable types like covariance matrices, then the sampler is fine,
Chain 1 but if this warning occurs often then your model may be either severely ill-conditioned or misspecified.
Chain 1 
Chain 1 Informational Message: The current Metropolis proposal is about to be rejected because of the following issue:
Chain 1 Exception: neg_binomial_2_lpmf: Location parameter[1] is -nan, but must be positive finite! (in 'model_multilevel_transfer_truncated.stan', line 457, column 4 to column 67)
Chain 1 If this warning occurs sporadically, such as for highly constrained variable types like covariance matrices, then the sampler is fine,
Chain 1 but if this warning occurs often then your model may be either severely ill-conditioned or misspecified.
Chain 1 
Chain 1 Informational Message: The current Metropolis proposal is about to be rejected because of the following issue:
Chain 1 Exception: neg_binomial_2_lpmf: Location parameter[1] is 0, but must be positive finite! (in 'model_multilevel_transfer_truncated.stan', line 457, column 4 to column 67)
Chain 1 If this warning occurs sporadically, such as for highly constrained variable types like covariance matrices, then the sampler is fine,
Chain 1 but if this warning occurs often then your model may be either severely ill-conditioned or misspecified.
Chain 1 
Chain 2 Informational Message: The current Metropolis proposal is about to be rejected because of the following issue:
Chain 2 Exception: neg_binomial_2_lpmf: Location parameter[1] is -nan, but must be positive finite! (in 'model_multilevel_transfer_truncated.stan', line 457, column 4 to column 67)
Chain 2 If this warning occurs sporadically, such as for highly constrained variable types like covariance matrices, then the sampler is fine,
Chain 2 but if this warning occurs often then your model may be either severely ill-conditioned or misspecified.
Chain 2 
Chain 1 Informational Message: The current Metropolis proposal is about to be rejected because of the following issue:
Chain 1 Exception: neg_binomial_2_lpmf: Location parameter[1] is 0, but must be positive finite! (in 'model_multilevel_transfer_truncated.stan', line 457, column 4 to column 67)
Chain 1 If this warning occurs sporadically, such as for highly constrained variable types like covariance matrices, then the sampler is fine,
Chain 1 but if this warning occurs often then your model may be either severely ill-conditioned or misspecified.
Chain 1 
Chain 2 Informational Message: The current Metropolis proposal is about to be rejected because of the following issue:
Chain 2 Exception: neg_binomial_2_lpmf: Location parameter[1] is -nan, but must be positive finite! (in 'model_multilevel_transfer_truncated.stan', line 457, column 4 to column 67)
Chain 2 If this warning occurs sporadically, such as for highly constrained variable types like covariance matrices, then the sampler is fine,
Chain 2 but if this warning occurs often then your model may be either severely ill-conditioned or misspecified.
Chain 2 
Chain 2 Informational Message: The current Metropolis proposal is about to be rejected because of the following issue:
Chain 2 Exception: neg_binomial_2_lpmf: Location parameter[1] is inf, but must be positive finite! (in 'model_multilevel_transfer_truncated.stan', line 457, column 4 to column 67)
Chain 2 If this warning occurs sporadically, such as for highly constrained variable types like covariance matrices, then the sampler is fine,
Chain 2 but if this warning occurs often then your model may be either severely ill-conditioned or misspecified.
Chain 2 
Chain 3 Informational Message: The current Metropolis proposal is about to be rejected because of the following issue:
Chain 3 Exception: neg_binomial_2_lpmf: Location parameter[1] is -nan, but must be positive finite! (in 'model_multilevel_transfer_truncated.stan', line 457, column 4 to column 67)
Chain 3 If this warning occurs sporadically, such as for highly constrained variable types like covariance matrices, then the sampler is fine,
Chain 3 but if this warning occurs often then your model may be either severely ill-conditioned or misspecified.
Chain 3 
Chain 1 Informational Message: The current Metropolis proposal is about to be rejected because of the following issue:
Chain 1 Exception: neg_binomial_2_lpmf: Location parameter[1] is 0, but must be positive finite! (in 'model_multilevel_transfer_truncated.stan', line 457, column 4 to column 67)
Chain 1 If this warning occurs sporadically, such as for highly constrained variable types like covariance matrices, then the sampler is fine,
Chain 1 but if this warning occurs often then your model may be either severely ill-conditioned or misspecified.
Chain 1 
Chain 2 Informational Message: The current Metropolis proposal is about to be rejected because of the following issue:
Chain 2 Exception: neg_binomial_2_lpmf: Location parameter[1] is inf, but must be positive finite! (in 'model_multilevel_transfer_truncated.stan', line 457, column 4 to column 67)
Chain 2 If this warning occurs sporadically, such as for highly constrained variable types like covariance matrices, then the sampler is fine,
Chain 2 but if this warning occurs often then your model may be either severely ill-conditioned or misspecified.
Chain 2 
Chain 3 Informational Message: The current Metropolis proposal is about to be rejected because of the following issue:
Chain 3 Exception: neg_binomial_2_lpmf: Location parameter[1] is -nan, but must be positive finite! (in 'model_multilevel_transfer_truncated.stan', line 457, column 4 to column 67)
Chain 3 If this warning occurs sporadically, such as for highly constrained variable types like covariance matrices, then the sampler is fine,
Chain 3 but if this warning occurs often then your model may be either severely ill-conditioned or misspecified.
Chain 3 
Chain 1 Informational Message: The current Metropolis proposal is about to be rejected because of the following issue:
Chain 1 Exception: neg_binomial_2_lpmf: Location parameter[1] is 0, but must be positive finite! (in 'model_multilevel_transfer_truncated.stan', line 457, column 4 to column 67)
Chain 1 If this warning occurs sporadically, such as for highly constrained variable types like covariance matrices, then the sampler is fine,
Chain 1 but if this warning occurs often then your model may be either severely ill-conditioned or misspecified.
Chain 1 
Chain 2 Informational Message: The current Metropolis proposal is about to be rejected because of the following issue:
Chain 2 Exception: neg_binomial_2_lpmf: Location parameter[1] is inf, but must be positive finite! (in 'model_multilevel_transfer_truncated.stan', line 457, column 4 to column 67)
Chain 2 If this warning occurs sporadically, such as for highly constrained variable types like covariance matrices, then the sampler is fine,
Chain 2 but if this warning occurs often then your model may be either severely ill-conditioned or misspecified.
Chain 2 
Chain 3 Informational Message: The current Metropolis proposal is about to be rejected because of the following issue:
Chain 3 Exception: neg_binomial_2_lpmf: Location parameter[1] is -nan, but must be positive finite! (in 'model_multilevel_transfer_truncated.stan', line 457, column 4 to column 67)
Chain 3 If this warning occurs sporadically, such as for highly constrained variable types like covariance matrices, then the sampler is fine,
Chain 3 but if this warning occurs often then your model may be either severely ill-conditioned or misspecified.
Chain 3 
Chain 1 Informational Message: The current Metropolis proposal is about to be rejected because of the following issue:
Chain 1 Exception: neg_binomial_2_lpmf: Location parameter[1] is 0, but must be positive finite! (in 'model_multilevel_transfer_truncated.stan', line 457, column 4 to column 67)
Chain 1 If this warning occurs sporadically, such as for highly constrained variable types like covariance matrices, then the sampler is fine,
Chain 1 but if this warning occurs often then your model may be either severely ill-conditioned or misspecified.
Chain 1 
Chain 2 Informational Message: The current Metropolis proposal is about to be rejected because of the following issue:
Chain 2 Exception: neg_binomial_2_lpmf: Location parameter[1] is inf, but must be positive finite! (in 'model_multilevel_transfer_truncated.stan', line 457, column 4 to column 67)
Chain 2 If this warning occurs sporadically, such as for highly constrained variable types like covariance matrices, then the sampler is fine,
Chain 2 but if this warning occurs often then your model may be either severely ill-conditioned or misspecified.
Chain 2 
Chain 3 Informational Message: The current Metropolis proposal is about to be rejected because of the following issue:
Chain 3 Exception: neg_binomial_2_lpmf: Location parameter[1] is -nan, but must be positive finite! (in 'model_multilevel_transfer_truncated.stan', line 457, column 4 to column 67)
Chain 3 If this warning occurs sporadically, such as for highly constrained variable types like covariance matrices, then the sampler is fine,
Chain 3 but if this warning occurs often then your model may be either severely ill-conditioned or misspecified.
Chain 3 
Chain 1 Informational Message: The current Metropolis proposal is about to be rejected because of the following issue:
Chain 1 Exception: neg_binomial_2_lpmf: Location parameter[1] is 0, but must be positive finite! (in 'model_multilevel_transfer_truncated.stan', line 457, column 4 to column 67)
Chain 1 If this warning occurs sporadically, such as for highly constrained variable types like covariance matrices, then the sampler is fine,
Chain 1 but if this warning occurs often then your model may be either severely ill-conditioned or misspecified.
Chain 1 
Chain 2 Informational Message: The current Metropolis proposal is about to be rejected because of the following issue:
Chain 2 Exception: neg_binomial_2_lpmf: Location parameter[1] is 0, but must be positive finite! (in 'model_multilevel_transfer_truncated.stan', line 457, column 4 to column 67)
Chain 2 If this warning occurs sporadically, such as for highly constrained variable types like covariance matrices, then the sampler is fine,
Chain 2 but if this warning occurs often then your model may be either severely ill-conditioned or misspecified.
Chain 2 
Chain 2 Informational Message: The current Metropolis proposal is about to be rejected because of the following issue:
Chain 2 Exception: neg_binomial_2_lpmf: Location parameter[1] is 0, but must be positive finite! (in 'model_multilevel_transfer_truncated.stan', line 457, column 4 to column 67)
Chain 2 If this warning occurs sporadically, such as for highly constrained variable types like covariance matrices, then the sampler is fine,
Chain 2 but if this warning occurs often then your model may be either severely ill-conditioned or misspecified.
Chain 2 
Chain 3 Informational Message: The current Metropolis proposal is about to be rejected because of the following issue:
Chain 3 Exception: neg_binomial_2_lpmf: Location parameter[1] is 0, but must be positive finite! (in 'model_multilevel_transfer_truncated.stan', line 457, column 4 to column 67)
Chain 3 If this warning occurs sporadically, such as for highly constrained variable types like covariance matrices, then the sampler is fine,
Chain 3 but if this warning occurs often then your model may be either severely ill-conditioned or misspecified.
Chain 3 
Chain 1 Informational Message: The current Metropolis proposal is about to be rejected because of the following issue:
Chain 1 Exception: neg_binomial_2_lpmf: Location parameter[5] is inf, but must be positive finite! (in 'model_multilevel_transfer_truncated.stan', line 457, column 4 to column 67)
Chain 1 If this warning occurs sporadically, such as for highly constrained variable types like covariance matrices, then the sampler is fine,
Chain 1 but if this warning occurs often then your model may be either severely ill-conditioned or misspecified.
Chain 1 
Chain 2 Informational Message: The current Metropolis proposal is about to be rejected because of the following issue:
Chain 2 Exception: neg_binomial_2_lpmf: Location parameter[1] is 0, but must be positive finite! (in 'model_multilevel_transfer_truncated.stan', line 457, column 4 to column 67)
Chain 2 If this warning occurs sporadically, such as for highly constrained variable types like covariance matrices, then the sampler is fine,
Chain 2 but if this warning occurs often then your model may be either severely ill-conditioned or misspecified.
Chain 2 
Chain 3 Informational Message: The current Metropolis proposal is about to be rejected because of the following issue:
Chain 3 Exception: neg_binomial_2_lpmf: Location parameter[1] is 0, but must be positive finite! (in 'model_multilevel_transfer_truncated.stan', line 457, column 4 to column 67)
Chain 3 If this warning occurs sporadically, such as for highly constrained variable types like covariance matrices, then the sampler is fine,
Chain 3 but if this warning occurs often then your model may be either severely ill-conditioned or misspecified.
Chain 3 
Chain 1 Informational Message: The current Metropolis proposal is about to be rejected because of the following issue:
Chain 1 Exception: neg_binomial_2_lpmf: Location parameter[5465] is 0, but must be positive finite! (in 'model_multilevel_transfer_truncated.stan', line 457, column 4 to column 67)
Chain 1 If this warning occurs sporadically, such as for highly constrained variable types like covariance matrices, then the sampler is fine,
Chain 1 but if this warning occurs often then your model may be either severely ill-conditioned or misspecified.
Chain 1 
Chain 2 Informational Message: The current Metropolis proposal is about to be rejected because of the following issue:
Chain 2 Exception: neg_binomial_2_lpmf: Location parameter[16] is inf, but must be positive finite! (in 'model_multilevel_transfer_truncated.stan', line 457, column 4 to column 67)
Chain 2 If this warning occurs sporadically, such as for highly constrained variable types like covariance matrices, then the sampler is fine,
Chain 2 but if this warning occurs often then your model may be either severely ill-conditioned or misspecified.
Chain 2 
Chain 3 Informational Message: The current Metropolis proposal is about to be rejected because of the following issue:
Chain 3 Exception: neg_binomial_2_lpmf: Location parameter[1] is 0, but must be positive finite! (in 'model_multilevel_transfer_truncated.stan', line 457, column 4 to column 67)
Chain 3 If this warning occurs sporadically, such as for highly constrained variable types like covariance matrices, then the sampler is fine,
Chain 3 but if this warning occurs often then your model may be either severely ill-conditioned or misspecified.
Chain 3 
Chain 2 Informational Message: The current Metropolis proposal is about to be rejected because of the following issue:
Chain 2 Exception: neg_binomial_2_lpmf: Location parameter[506] is inf, but must be positive finite! (in 'model_multilevel_transfer_truncated.stan', line 457, column 4 to column 67)
Chain 2 If this warning occurs sporadically, such as for highly constrained variable types like covariance matrices, then the sampler is fine,
Chain 2 but if this warning occurs often then your model may be either severely ill-conditioned or misspecified.
Chain 2 
Chain 3 Informational Message: The current Metropolis proposal is about to be rejected because of the following issue:
Chain 3 Exception: neg_binomial_2_lpmf: Location parameter[1] is 0, but must be positive finite! (in 'model_multilevel_transfer_truncated.stan', line 457, column 4 to column 67)
Chain 3 If this warning occurs sporadically, such as for highly constrained variable types like covariance matrices, then the sampler is fine,
Chain 3 but if this warning occurs often then your model may be either severely ill-conditioned or misspecified.
Chain 3 
Chain 2 Iteration:    1 / 1750 [  0%]  (Warmup) 
Chain 3 Informational Message: The current Metropolis proposal is about to be rejected because of the following issue:
Chain 3 Exception: neg_binomial_2_lpmf: Location parameter[1] is 0, but must be positive finite! (in 'model_multilevel_transfer_truncated.stan', line 457, column 4 to column 67)
Chain 3 If this warning occurs sporadically, such as for highly constrained variable types like covariance matrices, then the sampler is fine,
Chain 3 but if this warning occurs often then your model may be either severely ill-conditioned or misspecified.
Chain 3 
Chain 3 Informational Message: The current Metropolis proposal is about to be rejected because of the following issue:
Chain 3 Exception: neg_binomial_2_lpmf: Location parameter[5] is inf, but must be positive finite! (in 'model_multilevel_transfer_truncated.stan', line 457, column 4 to column 67)
Chain 3 If this warning occurs sporadically, such as for highly constrained variable types like covariance matrices, then the sampler is fine,
Chain 3 but if this warning occurs often then your model may be either severely ill-conditioned or misspecified.
Chain 3 
Chain 1 Iteration:    1 / 1750 [  0%]  (Warmup) 
Chain 3 Informational Message: The current Metropolis proposal is about to be rejected because of the following issue:
Chain 3 Exception: neg_binomial_2_lpmf: Location parameter[296] is inf, but must be positive finite! (in 'model_multilevel_transfer_truncated.stan', line 457, column 4 to column 67)
Chain 3 If this warning occurs sporadically, such as for highly constrained variable types like covariance matrices, then the sampler is fine,
Chain 3 but if this warning occurs often then your model may be either severely ill-conditioned or misspecified.
Chain 3 
Chain 2 Informational Message: The current Metropolis proposal is about to be rejected because of the following issue:
Chain 2 Exception: neg_binomial_2_lpmf: Location parameter[1] is -nan, but must be positive finite! (in 'model_multilevel_transfer_truncated.stan', line 457, column 4 to column 67)
Chain 2 If this warning occurs sporadically, such as for highly constrained variable types like covariance matrices, then the sampler is fine,
Chain 2 but if this warning occurs often then your model may be either severely ill-conditioned or misspecified.
Chain 2 
Chain 2 Informational Message: The current Metropolis proposal is about to be rejected because of the following issue:
Chain 2 Exception: neg_binomial_2_lpmf: Location parameter[1] is -nan, but must be positive finite! (in 'model_multilevel_transfer_truncated.stan', line 457, column 4 to column 67)
Chain 2 If this warning occurs sporadically, such as for highly constrained variable types like covariance matrices, then the sampler is fine,
Chain 2 but if this warning occurs often then your model may be either severely ill-conditioned or misspecified.
Chain 2 
Chain 1 Informational Message: The current Metropolis proposal is about to be rejected because of the following issue:
Chain 1 Exception: neg_binomial_2_lpmf: Location parameter[1] is -nan, but must be positive finite! (in 'model_multilevel_transfer_truncated.stan', line 457, column 4 to column 67)
Chain 1 If this warning occurs sporadically, such as for highly constrained variable types like covariance matrices, then the sampler is fine,
Chain 1 but if this warning occurs often then your model may be either severely ill-conditioned or misspecified.
Chain 1 
Chain 2 Informational Message: The current Metropolis proposal is about to be rejected because of the following issue:
Chain 2 Exception: neg_binomial_2_lpmf: Location parameter[1] is inf, but must be positive finite! (in 'model_multilevel_transfer_truncated.stan', line 457, column 4 to column 67)
Chain 2 If this warning occurs sporadically, such as for highly constrained variable types like covariance matrices, then the sampler is fine,
Chain 2 but if this warning occurs often then your model may be either severely ill-conditioned or misspecified.
Chain 2 
Chain 1 Informational Message: The current Metropolis proposal is about to be rejected because of the following issue:
Chain 1 Exception: neg_binomial_2_lpmf: Location parameter[1] is -nan, but must be positive finite! (in 'model_multilevel_transfer_truncated.stan', line 457, column 4 to column 67)
Chain 1 If this warning occurs sporadically, such as for highly constrained variable types like covariance matrices, then the sampler is fine,
Chain 1 but if this warning occurs often then your model may be either severely ill-conditioned or misspecified.
Chain 1 
Chain 2 Informational Message: The current Metropolis proposal is about to be rejected because of the following issue:
Chain 2 Exception: neg_binomial_2_lpmf: Location parameter[16] is inf, but must be positive finite! (in 'model_multilevel_transfer_truncated.stan', line 457, column 4 to column 67)
Chain 2 If this warning occurs sporadically, such as for highly constrained variable types like covariance matrices, then the sampler is fine,
Chain 2 but if this warning occurs often then your model may be either severely ill-conditioned or misspecified.
Chain 2 
Chain 3 Iteration:    1 / 1750 [  0%]  (Warmup) 
Chain 1 Informational Message: The current Metropolis proposal is about to be rejected because of the following issue:
Chain 1 Exception: neg_binomial_2_lpmf: Location parameter[1] is 0, but must be positive finite! (in 'model_multilevel_transfer_truncated.stan', line 457, column 4 to column 67)
Chain 1 If this warning occurs sporadically, such as for highly constrained variable types like covariance matrices, then the sampler is fine,
Chain 1 but if this warning occurs often then your model may be either severely ill-conditioned or misspecified.
Chain 1 
Chain 1 Informational Message: The current Metropolis proposal is about to be rejected because of the following issue:
Chain 1 Exception: neg_binomial_2_lpmf: Location parameter[14] is 0, but must be positive finite! (in 'model_multilevel_transfer_truncated.stan', line 457, column 4 to column 67)
Chain 1 If this warning occurs sporadically, such as for highly constrained variable types like covariance matrices, then the sampler is fine,
Chain 1 but if this warning occurs often then your model may be either severely ill-conditioned or misspecified.
Chain 1 
Chain 3 Informational Message: The current Metropolis proposal is about to be rejected because of the following issue:
Chain 3 Exception: neg_binomial_2_lpmf: Location parameter[1] is -nan, but must be positive finite! (in 'model_multilevel_transfer_truncated.stan', line 457, column 4 to column 67)
Chain 3 If this warning occurs sporadically, such as for highly constrained variable types like covariance matrices, then the sampler is fine,
Chain 3 but if this warning occurs often then your model may be either severely ill-conditioned or misspecified.
Chain 3 
Chain 3 Informational Message: The current Metropolis proposal is about to be rejected because of the following issue:
Chain 3 Exception: neg_binomial_2_lpmf: Location parameter[1] is -nan, but must be positive finite! (in 'model_multilevel_transfer_truncated.stan', line 457, column 4 to column 67)
Chain 3 If this warning occurs sporadically, such as for highly constrained variable types like covariance matrices, then the sampler is fine,
Chain 3 but if this warning occurs often then your model may be either severely ill-conditioned or misspecified.
Chain 3 
Chain 3 Informational Message: The current Metropolis proposal is about to be rejected because of the following issue:
Chain 3 Exception: neg_binomial_2_lpmf: Location parameter[1] is 0, but must be positive finite! (in 'model_multilevel_transfer_truncated.stan', line 457, column 4 to column 67)
Chain 3 If this warning occurs sporadically, such as for highly constrained variable types like covariance matrices, then the sampler is fine,
Chain 3 but if this warning occurs often then your model may be either severely ill-conditioned or misspecified.
Chain 3 
Chain 3 Informational Message: The current Metropolis proposal is about to be rejected because of the following issue:
Chain 3 Exception: neg_binomial_2_lpmf: Location parameter[29] is 0, but must be positive finite! (in 'model_multilevel_transfer_truncated.stan', line 457, column 4 to column 67)
Chain 3 If this warning occurs sporadically, such as for highly constrained variable types like covariance matrices, then the sampler is fine,
Chain 3 but if this warning occurs often then your model may be either severely ill-conditioned or misspecified.
Chain 3 
Chain 3 Iteration:  100 / 1750 [  5%]  (Warmup) 
Chain 2 Iteration:  100 / 1750 [  5%]  (Warmup) 
Chain 1 Iteration:  100 / 1750 [  5%]  (Warmup) 
Chain 1 Informational Message: The current Metropolis proposal is about to be rejected because of the following issue:
Chain 1 Exception: neg_binomial_2_lpmf: Location parameter[6589] is inf, but must be positive finite! (in 'model_multilevel_transfer_truncated.stan', line 457, column 4 to column 67)
Chain 1 If this warning occurs sporadically, such as for highly constrained variable types like covariance matrices, then the sampler is fine,
Chain 1 but if this warning occurs often then your model may be either severely ill-conditioned or misspecified.
Chain 1 
Chain 2 Informational Message: The current Metropolis proposal is about to be rejected because of the following issue:
Chain 2 Exception: neg_binomial_2_lpmf: Location parameter[7354] is inf, but must be positive finite! (in 'model_multilevel_transfer_truncated.stan', line 457, column 4 to column 67)
Chain 2 If this warning occurs sporadically, such as for highly constrained variable types like covariance matrices, then the sampler is fine,
Chain 2 but if this warning occurs often then your model may be either severely ill-conditioned or misspecified.
Chain 2 
Chain 2 Informational Message: The current Metropolis proposal is about to be rejected because of the following issue:
Chain 2 Exception: neg_binomial_2_lpmf: Location parameter[6876] is 0, but must be positive finite! (in 'model_multilevel_transfer_truncated.stan', line 457, column 4 to column 67)
Chain 2 If this warning occurs sporadically, such as for highly constrained variable types like covariance matrices, then the sampler is fine,
Chain 2 but if this warning occurs often then your model may be either severely ill-conditioned or misspecified.
Chain 2 
Chain 3 Informational Message: The current Metropolis proposal is about to be rejected because of the following issue:
Chain 3 Exception: neg_binomial_2_lpmf: Location parameter[6974] is inf, but must be positive finite! (in 'model_multilevel_transfer_truncated.stan', line 457, column 4 to column 67)
Chain 3 If this warning occurs sporadically, such as for highly constrained variable types like covariance matrices, then the sampler is fine,
Chain 3 but if this warning occurs often then your model may be either severely ill-conditioned or misspecified.
Chain 3 
Chain 3 Iteration:  200 / 1750 [ 11%]  (Warmup) 
Chain 1 Iteration:  200 / 1750 [ 11%]  (Warmup) 
Chain 2 Iteration:  200 / 1750 [ 11%]  (Warmup) 
Chain 3 Iteration:  300 / 1750 [ 17%]  (Warmup) 
Chain 2 Iteration:  300 / 1750 [ 17%]  (Warmup) 
Chain 1 Iteration:  300 / 1750 [ 17%]  (Warmup) 
Chain 2 Iteration:  400 / 1750 [ 22%]  (Warmup) 
Chain 3 Iteration:  400 / 1750 [ 22%]  (Warmup) 
Chain 1 Iteration:  400 / 1750 [ 22%]  (Warmup) 
Chain 1 Informational Message: The current Metropolis proposal is about to be rejected because of the following issue:
Chain 1 Exception: neg_binomial_2_lpmf: Location parameter[7523] is 0, but must be positive finite! (in 'model_multilevel_transfer_truncated.stan', line 457, column 4 to column 67)
Chain 1 If this warning occurs sporadically, such as for highly constrained variable types like covariance matrices, then the sampler is fine,
Chain 1 but if this warning occurs often then your model may be either severely ill-conditioned or misspecified.
Chain 1 
Chain 2 Iteration:  500 / 1750 [ 28%]  (Warmup) 
Chain 3 Iteration:  500 / 1750 [ 28%]  (Warmup) 
Chain 1 Iteration:  500 / 1750 [ 28%]  (Warmup) 
Chain 1 Informational Message: The current Metropolis proposal is about to be rejected because of the following issue:
Chain 1 Exception: neg_binomial_2_lpmf: Location parameter[7568] is 0, but must be positive finite! (in 'model_multilevel_transfer_truncated.stan', line 457, column 4 to column 67)
Chain 1 If this warning occurs sporadically, such as for highly constrained variable types like covariance matrices, then the sampler is fine,
Chain 1 but if this warning occurs often then your model may be either severely ill-conditioned or misspecified.
Chain 1 
Chain 2 Iteration:  600 / 1750 [ 34%]  (Warmup) 
Chain 3 Iteration:  600 / 1750 [ 34%]  (Warmup) 
Chain 1 Iteration:  600 / 1750 [ 34%]  (Warmup) 
Chain 3 Informational Message: The current Metropolis proposal is about to be rejected because of the following issue:
Chain 3 Exception: neg_binomial_2_lpmf: Location parameter[6972] is inf, but must be positive finite! (in 'model_multilevel_transfer_truncated.stan', line 457, column 4 to column 67)
Chain 3 If this warning occurs sporadically, such as for highly constrained variable types like covariance matrices, then the sampler is fine,
Chain 3 but if this warning occurs often then your model may be either severely ill-conditioned or misspecified.
Chain 3 
Chain 1 Informational Message: The current Metropolis proposal is about to be rejected because of the following issue:
Chain 1 Exception: neg_binomial_2_lpmf: Location parameter[7235] is inf, but must be positive finite! (in 'model_multilevel_transfer_truncated.stan', line 457, column 4 to column 67)
Chain 1 If this warning occurs sporadically, such as for highly constrained variable types like covariance matrices, then the sampler is fine,
Chain 1 but if this warning occurs often then your model may be either severely ill-conditioned or misspecified.
Chain 1 
Chain 2 Iteration:  700 / 1750 [ 40%]  (Warmup) 
Chain 1 Iteration:  700 / 1750 [ 40%]  (Warmup) 
Chain 3 Iteration:  700 / 1750 [ 40%]  (Warmup) 
Chain 1 Informational Message: The current Metropolis proposal is about to be rejected because of the following issue:
Chain 1 Exception: neg_binomial_2_lpmf: Location parameter[7381] is inf, but must be positive finite! (in 'model_multilevel_transfer_truncated.stan', line 457, column 4 to column 67)
Chain 1 If this warning occurs sporadically, such as for highly constrained variable types like covariance matrices, then the sampler is fine,
Chain 1 but if this warning occurs often then your model may be either severely ill-conditioned or misspecified.
Chain 1 
Chain 2 Iteration:  751 / 1750 [ 42%]  (Sampling) 
Chain 1 Iteration:  751 / 1750 [ 42%]  (Sampling) 
Chain 3 Iteration:  751 / 1750 [ 42%]  (Sampling) 
Chain 2 Iteration:  850 / 1750 [ 48%]  (Sampling) 
Chain 1 Iteration:  850 / 1750 [ 48%]  (Sampling) 
Chain 3 Iteration:  850 / 1750 [ 48%]  (Sampling) 
Chain 2 Iteration:  950 / 1750 [ 54%]  (Sampling) 
Chain 1 Iteration:  950 / 1750 [ 54%]  (Sampling) 
Chain 3 Iteration:  950 / 1750 [ 54%]  (Sampling) 
Chain 2 Iteration: 1050 / 1750 [ 60%]  (Sampling) 
Chain 3 Iteration: 1050 / 1750 [ 60%]  (Sampling) 
Chain 1 Iteration: 1050 / 1750 [ 60%]  (Sampling) 
Chain 2 Iteration: 1150 / 1750 [ 65%]  (Sampling) 
Chain 3 Iteration: 1150 / 1750 [ 65%]  (Sampling) 
Chain 1 Iteration: 1150 / 1750 [ 65%]  (Sampling) 
Chain 3 Iteration: 1250 / 1750 [ 71%]  (Sampling) 
Chain 2 Iteration: 1250 / 1750 [ 71%]  (Sampling) 
Chain 1 Iteration: 1250 / 1750 [ 71%]  (Sampling) 
Chain 3 Iteration: 1350 / 1750 [ 77%]  (Sampling) 
Chain 2 Iteration: 1350 / 1750 [ 77%]  (Sampling) 
Chain 1 Iteration: 1350 / 1750 [ 77%]  (Sampling) 
Chain 3 Iteration: 1450 / 1750 [ 82%]  (Sampling) 
Chain 2 Iteration: 1450 / 1750 [ 82%]  (Sampling) 
Chain 1 Iteration: 1450 / 1750 [ 82%]  (Sampling) 
Chain 3 Iteration: 1550 / 1750 [ 88%]  (Sampling) 
Chain 2 Iteration: 1550 / 1750 [ 88%]  (Sampling) 
Chain 1 Iteration: 1550 / 1750 [ 88%]  (Sampling) 
Chain 3 Iteration: 1650 / 1750 [ 94%]  (Sampling) 
Chain 2 Iteration: 1650 / 1750 [ 94%]  (Sampling) 
Chain 1 Iteration: 1650 / 1750 [ 94%]  (Sampling) 
Chain 3 Iteration: 1750 / 1750 [100%]  (Sampling) 
Chain 3 finished in 116042.0 seconds.
Chain 2 Iteration: 1750 / 1750 [100%]  (Sampling) 
Chain 2 finished in 116496.0 seconds.
Chain 1 Iteration: 1750 / 1750 [100%]  (Sampling) 
Chain 1 finished in 117209.0 seconds.

All 3 chains finished successfully.
Mean chain execution time: 116582.3 seconds.
Total execution time: 117210.8 seconds.

Warning: 60 of 3000 (2.0%) transitions ended with a divergence.
See https://mc-stan.org/misc/warnings for details.

Warning: 2940 of 3000 (98.0%) transitions hit the maximum treedepth limit of 10.
See https://mc-stan.org/misc/warnings for details.

[1] "Saving fit object..."
[1] "Calculating summary..."
[1] "Calculating samples..."
[1] "Calculating metadata..."
[1] "Summary of Hyperpriors (mu_*, sigma_*):"
# A tibble: 109 × 10
    variable      mean   median      sd     mad       q5      q95  rhat ess_bulk
    <chr>        <dbl>    <dbl>   <dbl>   <dbl>    <dbl>    <dbl> <dbl>    <dbl>
  1 mu_beta_…  4.25e+0  4.35e+0 2.12    2.00     0.500    7.70     1.10    38.8 
  2 mu_beta_… -1.36e-2 -9.36e-3 0.0294  0.0230  -0.0756   0.0269   1.10    29.2 
  3 mu_beta_…  1.18e-1  1.24e-1 0.102   0.0974  -0.0574   0.275    1.32     8.29
  4 mu_beta_…  9.39e-2  8.40e-2 0.166   0.114   -0.172    0.364    1.15    95.2 
  5 mu_beta_…  1.84e-2  2.13e-2 0.0716  0.0590  -0.100    0.128    1.13    33.6 
  6 mu_beta_…  1.00e-1  1.14e-1 0.577   0.441   -0.818    0.988    1.06    74.3 
  7 mu_beta_…  3.22e-2  2.06e-2 0.0911  0.0692  -0.0973   0.195    1.03    97.5 
  8 mu_beta_…  9.57e-3  7.91e-5 0.0540  0.0392  -0.0604   0.130    1.25    10.1 
  9 mu_beta_… -7.61e-2 -1.38e-2 0.528   0.374   -1.31     0.613    1.36     7.13
 10 mu_beta_… -7.59e-2  1.32e-3 0.499   0.399   -1.15     0.610    1.49     5.88
 11 mu_beta_… -1.35e-1 -7.21e-2 0.491   0.431   -1.15     0.577    1.53     5.57
 12 mu_beta_…  1.10e-1  1.28e-1 0.358   0.278   -0.520    0.615    1.12    21.2 
 13 mu_beta_…  7.24e-2  9.59e-2 0.359   0.282   -0.563    0.558    1.13    18.5 
 14 mu_beta_…  7.96e-2  1.07e-1 0.361   0.277   -0.555    0.590    1.13    19.6 
 15 mu_beta_…  4.16e-2  3.20e-2 0.206   0.217   -0.257    0.411    1.06    50.4 
 16 mu_beta_… -5.10e-2 -4.36e-2 0.247   0.245   -0.446    0.353    1.24     9.39
 17 mu_beta_…  8.25e-2  7.50e-2 0.242   0.236   -0.291    0.481    1.04    81.7 
 18 mu_beta_…  1.27e-1  1.24e-1 0.137   0.124   -0.0815   0.350    1.10    24.3 
 19 mu_beta_…  1.00e-1  6.58e-2 0.462   0.410   -0.722    0.952    1.41     6.51
 20 mu_beta_… -1.29e-1 -1.38e-1 0.403   0.387   -0.702    0.556    1.19    11.5 
 21 mu_beta_… -3.23e-3 -1.94e-2 0.236   0.244   -0.344    0.420    1.10    28.2 
 22 mu_beta_… -2.65e-1 -2.49e-1 0.441   0.309   -1.01     0.410    1.01   117.  
 23 mu_beta_… -2.10e-1 -2.07e-1 0.637   0.437   -1.29     0.846    1.08    45.9 
 24 mu_beta_… -8.84e-2 -4.98e-2 0.633   0.433   -1.26     0.971    1.13    18.1 
 25 mu_beta_… -2.26e-2 -3.24e-2 0.276   0.217   -0.442    0.416    1.05   136.  
 26 mu_beta_… -2.77e-2 -2.44e-2 0.221   0.196   -0.394    0.310    1.04   105.  
 27 mu_beta_… -1.91e-1 -1.85e-1 0.328   0.283   -0.709    0.322    1.09    34.5 
 28 mu_beta_… -5.24e-1 -5.16e-1 0.358   0.342   -1.18     0.0430   1.22    10.9 
 29 mu_beta_… -1.79e-1 -1.72e-1 0.313   0.275   -0.743    0.338    1.13    20.9 
 30 mu_beta_…  5.97e-2  3.10e-2 0.396   0.332   -0.552    0.744    1.09    30.4 
 31 mu_beta_… -3.31e-2 -2.68e-2 0.451   0.377   -0.824    0.731    1.12    37.0 
 32 mu_beta_… -8.13e-2 -8.21e-2 0.0543  0.0550  -0.172    0.00625  1.07    51.4 
 33 mu_beta_…  8.42e-2  8.40e-2 0.0384  0.0371   0.0205   0.147    1.04    85.8 
 34 mu_beta_…  1.77e-1  1.78e-1 0.0388  0.0363   0.111    0.240    1.06    69.3 
 35 mu_beta_…  2.59e-1  2.60e-1 0.0397  0.0380   0.193    0.324    1.03    98.6 
 36 mu_beta_…  3.54e-1  3.53e-1 0.0363  0.0348   0.295    0.417    1.04    72.3 
 37 mu_beta_…  2.65e-1  2.16e-1 0.532   0.413   -0.507    1.16     1.02    98.7 
 38 mu_beta_…  8.11e-4 -4.64e-2 0.531   0.409   -0.778    0.909    1.01   100.  
 39 mu_beta_…  1.19e-1  1.16e-1 0.0790  0.0772  -0.00620  0.256    1.01   143.  
 40 mu_beta_…  1.13e-2  1.09e-2 0.00942 0.00943 -0.00400  0.0270   1.01   151.  
 41 mu_beta_… -3.68e-2 -3.69e-2 0.00547 0.00553 -0.0457  -0.0277   1.02   307.  
 42 mu_gamma…  6.51e-1  6.68e-1 0.537   0.506   -0.290    1.57     1.07    46.7 
 43 mu_gamma… -1.37e-1 -1.17e-1 0.258   0.227   -0.601    0.239    1.10    28.4 
 44 mu_alpha…  4.62e-1  4.73e-1 0.148   0.128    0.212    0.697    1.06    46.1 
 45 mu_alpha…  6.37e-2  7.69e-2 0.163   0.109   -0.224    0.278    1.20    12.3 
 46 mu_alpha…  3.84e-2  3.78e-2 0.0253  0.0257  -0.00297  0.0802   1.02   163.  
 47 mu_alpha…  2.33e-2  2.33e-2 0.0229  0.0231  -0.0140   0.0603   1.02   166.  
 48 mu_alpha…  6.00e-2  6.03e-2 0.0222  0.0239   0.0248   0.0964   1.06    59.0 
 49 mu_alpha…  5.53e-2  5.58e-2 0.0227  0.0227   0.0179   0.0923   1.01   186.  
 50 mu_alpha…  1.00e-1  9.94e-2 0.0241  0.0251   0.0617   0.140    1.02   129.  
 51 mu_alpha…  1.19e-1  1.18e-1 0.0209  0.0208   0.0844   0.153    1.04    89.1 
 52 mu_alpha…  9.62e-2  9.63e-2 0.0186  0.0186   0.0655   0.126    1.02   167.  
 53 mu_alpha…  7.35e-2  7.41e-2 0.0177  0.0174   0.0433   0.102    1.02   138.  
 54 mu_alpha…  8.68e-2  8.62e-2 0.0196  0.0197   0.0571   0.120    1.10    24.0 
 55 mu_alpha…  5.83e-2  5.87e-2 0.0188  0.0193   0.0258   0.0880   1.10    26.4 
 56 mu_delta…  3.89e-1  4.62e-1 0.500   0.511   -0.502    1.09     1.22    10.1 
 57 mu_delta… -8.18e-2 -8.81e-2 0.163   0.139   -0.348    0.203    1.15    29.6 
 58 mu_delta… -3.92e-2 -3.91e-2 0.0423  0.0438  -0.107    0.0308   1.02   158.  
 59 mu_delta… -5.50e-2 -5.50e-2 0.0398  0.0416  -0.120    0.0107   1.01   107.  
 60 mu_delta…  1.20e-2  1.23e-2 0.0398  0.0411  -0.0563   0.0741   1.05    71.0 
 61 mu_delta… -1.74e-2 -1.88e-2 0.0477  0.0447  -0.0980   0.0616   1.01    89.9 
 62 mu_delta… -4.88e-2 -4.77e-2 0.0518  0.0546  -0.132    0.0339   1.02    99.8 
 63 mu_delta… -9.02e-2 -9.06e-2 0.0285  0.0291  -0.135   -0.0432   1.05    84.2 
 64 mu_delta… -8.19e-2 -8.18e-2 0.0262  0.0247  -0.125   -0.0395   1.05   103.  
 65 mu_delta… -4.55e-2 -4.56e-2 0.0265  0.0283  -0.0858  -0.00176  1.14    18.2 
 66 mu_delta… -4.34e-2 -4.45e-2 0.0270  0.0244  -0.0872   0.00549  1.15    15.7 
 67 mu_delta… -9.37e-2 -9.40e-2 0.0279  0.0240  -0.140   -0.0417   1.26     9.68
 68 mu_phi_l…  9.21e-1  1.01e+0 0.564   0.584   -0.0901   1.64     1.36     7.32
 69 sigma_be…  1.27e+0  1.00e+0 1.14    0.891    0.0786   3.52     1.10    27.5 
 70 sigma_be…  5.74e-2  4.45e-2 0.0429  0.0267   0.0157   0.134    1.07    38.7 
 71 sigma_be…  2.25e-1  2.08e-1 0.0825  0.0713   0.127    0.382    1.02    84.0 
 72 sigma_be…  5.93e-1  5.65e-1 0.191   0.166    0.346    0.914    1.02    84.1 
 73 sigma_be…  1.54e-1  1.23e-1 0.0938  0.0570   0.0643   0.357    1.27     9.29
 74 sigma_be…  6.13e-1  5.63e-1 0.218   0.159    0.376    0.999    1.03   117.  
 75 sigma_be…  2.17e-1  1.69e-1 0.178   0.137    0.0223   0.596    1.17    14.0 
 76 sigma_be…  5.68e-2  3.58e-2 0.0709  0.0382   0.00235  0.173    1.14    19.2 
 77 sigma_be…  5.67e-1  5.08e-1 0.413   0.484    0.0480   1.27     1.90     4.39
 78 sigma_be…  2.77e-1  1.38e-1 0.304   0.170    0.00917  0.918    1.73     4.84
 79 sigma_be…  1.21e-1  9.59e-2 0.102   0.0807   0.0138   0.313    1.06    59.6 
 80 sigma_be…  5.29e-2  3.42e-2 0.0575  0.0353   0.00245  0.158    1.02    86.8 
 81 sigma_be…  5.17e-2  3.51e-2 0.0568  0.0345   0.00301  0.158    1.01   145.  
 82 sigma_be…  7.17e-2  5.16e-2 0.0690  0.0493   0.00577  0.212    1.01   150.  
 83 sigma_be…  1.13e-1  9.85e-2 0.0845  0.0629   0.0119   0.255    1.06    62.1 
 84 sigma_be…  1.98e-1  1.52e-1 0.169   0.125    0.0151   0.559    1.23     9.84
 85 sigma_be…  3.17e-1  2.02e-1 0.332   0.214    0.0197   0.996    1.63     5.00
 86 sigma_be…  2.89e-1  2.55e-1 0.165   0.119    0.0994   0.597    1.04    73.5 
 87 sigma_be…  1.41e-1  1.10e-1 0.124   0.0825   0.0200   0.371    1.03    80.0 
 88 sigma_be…  1.17e-1  9.65e-2 0.0985  0.0779   0.00961  0.299    1.10    28.8 
 89 sigma_be…  2.48e-1  2.21e-1 0.137   0.109    0.0926   0.501    1.02   108.  
 90 sigma_be…  6.48e-1  4.49e-1 0.699   0.429    0.0418   1.94     1.03    95.3 
 91 sigma_be…  8.07e-1  6.09e-1 0.770   0.574    0.0311   2.26     1.10    28.6 
 92 sigma_be…  8.64e-1  6.72e-1 0.828   0.614    0.0618   2.24     1.05    84.0 
 93 sigma_be…  3.91e-1  2.49e-1 0.458   0.237    0.0224   1.26     1.01    96.3 
 94 sigma_be…  2.80e-1  1.84e-1 0.300   0.182    0.0195   0.841    1.05    80.1 
 95 sigma_be…  9.96e-1  5.77e-1 0.906   0.494    0.151    2.72     1.68     4.87
 96 sigma_be…  4.70e-1  4.07e-1 0.331   0.272    0.0905   1.01     1.24     9.98
 97 sigma_be…  3.00e-1  2.19e-1 0.266   0.220    0.0227   0.815    1.24     9.78
 98 sigma_be…  7.29e-1  6.67e-1 0.358   0.342    0.215    1.38     1.23    10.3 
 99 sigma_be…  7.36e-1  6.57e-1 0.371   0.277    0.305    1.50     1.02    98.1 
100 sigma_be…  8.42e-2  7.77e-2 0.0398  0.0372   0.0357   0.156    1.19    12.1 
101 sigma_ga…  1.91e+0  1.76e+0 0.604   0.468    1.21     2.96     1.10    31.1 
102 sigma_ga…  4.81e-1  4.17e-1 0.297   0.198    0.174    1.00     1.15    24.2 
103 sigma_al…  4.33e-1  3.95e-1 0.172   0.133    0.233    0.726    1.04    50.2 
104 sigma_al…  4.47e-1  3.21e-1 0.348   0.203    0.136    1.19     1.25     9.24
105 sigma_de…  1.56e+0  1.53e+0 0.449   0.429    0.900    2.34     1.26     9.17
106 sigma_de…  3.38e-1  3.13e-1 0.147   0.132    0.148    0.601    1.25     9.45
107 sigma_ph…  1.46e+0  1.34e+0 0.503   0.431    0.818    2.42     1.39     6.61
108 sigma_ga…  3.49e-1  2.24e-1 0.393   0.217    0.00794  1.11     1.09    30.1 
109 sigma_ga…  5.65e-1  4.79e-1 0.419   0.354    0.0428   1.36     1.03    92.0 
# ℹ 1 more variable: ess_tail <dbl>
[1] "Calculating lambda_mean..."
[1] "Calculating lambda_test_mean..."
[1] "Calculating y_rep_mean..."
[1] "Calculating y_test_rep_mean..."
[1] "Generating plots..."
 [1] "exposure_SRQS8F7JWA9MZ_1" "exposure_SRQS8F7JWA9MZ_2"
 [3] "exposure_JHDN7CF1C03X5_1" "exposure_C0BE4NDSW26QN_1"
 [5] "exposure_C0BE4NDSW26QN_2" "exposure_S8MT0YGD2KTN9_1"
 [7] "exposure_1SQPTEGYPH0GA_1" "exposure_9XKJD8DQTH559_1"
 [9] "exposure_9XKJD8DQTH559_2" "exposure_LQ5EH4BKGV61T_1"
[1] 7
Adding missing grouping variables: `location_id_num`
[1] "Skipping daily plot for SRQS8F7JWA9MZ due to missing daily data."
[1] "Skipping daily plot for JHDN7CF1C03X5 due to missing daily data."
[1] "Skipping daily plot for C0BE4NDSW26QN due to missing daily data."
[1] "Skipping daily plot for S8MT0YGD2KTN9 due to missing daily data."
[1] "Skipping daily plot for 9XKJD8DQTH559 due to missing daily data."
[1] "Skipping daily plot for LQ5EH4BKGV61T due to missing daily data."
[1] "Skipping daily plot for 1SQPTEGYPH0GA due to missing daily data."
[1] "Skipping MLflow logging as existing fit file was loaded."
[1] "Done."
           used (Mb) gc trigger   (Mb)   max used   (Mb)
Ncells  5167708  276    7733102  413.0    7733102  413.0
Vcells 12182530   93  816872691 6232.3 1012856757 7727.5
Warning messages:
1: Dropping 'draws_df' class as required metadata was removed. 
2: Dropping 'draws_df' class as required metadata was removed. 
3: Dropping 'draws_df' class as required metadata was removed. 
4: Dropping 'draws_df' class as required metadata was removed. 
