- The project is out-of-sync -- use `renv::status()` for details.
── Attaching core tidyverse packages ──────────────────────── tidyverse 2.0.0 ──
✔ dplyr     1.1.4     ✔ readr     2.1.5
✔ forcats   1.0.0     ✔ stringr   1.5.1
✔ ggplot2   3.5.1     ✔ tibble    3.2.1
✔ lubridate 1.9.4     ✔ tidyr     1.3.1
✔ purrr     1.0.4     
[conflicted] Will prefer dplyr::select over any other package.
[conflicted] Will prefer dplyr::filter over any other package.
[conflicted] Will prefer lubridate::year over any other package.
[conflicted] Will prefer lubridate::month over any other package.
[conflicted] Will prefer purrr::map over any other package.
[conflicted] Will prefer stats::sd over any other package.
[conflicted] Will prefer base::match over any other package.
This is cmdstanr version 0.9.0
- CmdStanR documentation and vignettes: mc-stan.org/cmdstanr
- CmdStan path: /home/nuttidalab/.cmdstan/cmdstan-2.36.0
- CmdStan version: 2.36.0

A newer version of CmdStan is available. See ?install_cmdstan() to install it.
To disable this check set option or environment variable cmdstanr_no_ver_check=TRUE.
This is posterior version 1.6.0
Registered S3 method overwritten by 'tsibble':
  method               from 
  as_tibble.grouped_df dplyr
── Attaching packages ──────────────────────────────────────────── fpp3 1.0.1 ──
✔ tsibble     1.1.6     ✔ feasts      0.4.1
✔ tsibbledata 0.4.1     ✔ fable       0.4.1
Loading required package: R.oo
Loading required package: R.methodsS3
R.methodsS3 v1.8.2 (2022-06-13 22:00:14 UTC) successfully loaded. See ?R.methodsS3 for help.
R.oo v1.27.0 (2024-11-01 18:00:02 UTC) successfully loaded. See ?R.oo for help.

Attaching package: ‘R.oo’

The following object is masked from ‘package:R.methodsS3’:

    throw

The following object is masked from ‘package:shiny’:

    printStackTrace

The following object is masked from ‘package:renv’:

    load

The following objects are masked from ‘package:methods’:

    getClasses, getMethods

The following objects are masked from ‘package:base’:

    attach, detach, load, save

R.utils v2.13.0 (2025-02-24 21:20:02 UTC) successfully loaded. See ?R.utils for help.
Registered S3 method overwritten by 'quantmod':
  method            from
  as.zoo.data.frame zoo 
Registered S3 methods overwritten by 'bayesforecast':
  method      from    
  autoplot.ts forecast
  forecast.ts forecast
  fortify.ts  forecast
  print.garch tseries 
[1] "# of rows: 34628"
[1] "# of rows: 1393"
[1] "Found 8 exposure columns in the data: exposure_V3Q26BHF3SE2H_1, exposure_V3Q26BHF3SE2H_2, exposure_V3Q26BHF3SE2H_3, exposure_V3Q26BHF3SE2H_4, exposure_V3Q26BHF3SE2H_1_slope, exposure_V3Q26BHF3SE2H_2_slope, exposure_V3Q26BHF3SE2H_3_slope, exposure_V3Q26BHF3SE2H_4_slope"
Numeric columns considered for scaling:
vegan_window_sum_item_quantity,
vegetarian_window_sum_item_quantity,
meat_window_sum_item_quantity,
vegan_window_avg_item_price,
vegetarian_window_avg_item_price,
meat_window_avg_item_price,
breakfast_p_window_avg_item_price,
textured_p_window_avg_item_price,
untextured_p_window_avg_item_price,
chicken_p_window_avg_item_price,
dairy_p_window_avg_item_price,
egg_p_window_avg_item_price,
breakfast_window_avg_item_price,
textured_window_avg_item_price,
untextured_window_avg_item_price,
breakfast_t2_window_avg_item_price,
textured_t2_window_avg_item_price,
untextured_t2_window_avg_item_price,
chicken_t2_window_avg_item_price,
dairy_t2_window_avg_item_price,
day_of_month,
__index_level_0__,
Value,
vegan_price_real,
vegetarian_price_real,
meat_price_real,
breakfast_p_price_real,
textured_p_price_real,
untextured_p_price_real,
chicken_p_price_real,
dairy_p_price_real,
egg_p_price_real,
breakfast_price_real,
textured_price_real,
untextured_price_real,
breakfast_t2_price_real,
textured_t2_price_real,
untextured_t2_price_real,
chicken_t2_price_real,
dairy_t2_price_real,
inflation,
temp,
precip[1] "Successfully created `expo_to_rest` mapping."
[1] "Successfully created `expo_to_param` mapping."
Identified 8 exposure columns in the design matrix: 
exposure_V3Q26BHF3SE2H_1, 
exposure_V3Q26BHF3SE2H_2, 
exposure_V3Q26BHF3SE2H_3, 
exposure_V3Q26BHF3SE2H_4, 
exposure_V3Q26BHF3SE2H_1_slope, 
exposure_V3Q26BHF3SE2H_2_slope, 
exposure_V3Q26BHF3SE2H_3_slope, 
exposure_V3Q26BHF3SE2H_4_slope
Identified 31 random beta columns: 
vegan_price_real, 
vegetarian_price_real, 
meat_price_real, 
chicken_t2_price_real, 
weekend, 
holiday_window, 
month_cat2, 
month_cat3, 
month_cat4, 
month_cat5, 
month_cat6, 
month_cat7, 
month_cat8, 
month_cat9, 
month_cat10, 
month_cat11, 
month_cat12, 
seasonspring, 
seasonsummer, 
seasonwinter, 
year_cat2014, 
year_cat2015, 
year_cat2016, 
year_cat2017, 
year_cat2018, 
year_cat2019, 
year_cat2020, 
year_cat2021, 
year_cat2022, 
year_cat2023, 
date_num
Identified 9 fixed beta columns: 
day_of_week_cat1, 
day_of_week_cat2, 
day_of_week_cat3, 
day_of_week_cat4, 
day_of_week_cat5, 
day_of_week_cat6, 
inflation, 
temp, 
precip
Identified 2 random alpha indices (positions): 
1, 7
Identified 2 random delta indices (positions): 
1, 7
[1] "Open-day filtering: using 1161 of 1323 train obs, 70 of 70 test obs"
$R
[1] 1

$J
[1] 49

$p_effective
[1] 12

$q_effective
[1] 12

$M
[1] 2

$idx_intercept
[1] 1

$K_beta_random
[1] 31

$idx_beta_random
[1] 2 3 4 5 6 7

$K_beta_fixed
[1] 9

$idx_beta_fixed
[1] 33 34 35 36 37 38

$K_exposure
[1] 8

$idx_exposure
[1] 42 43 44 45 46 47

$expo_to_rest
[1] 1 1 1 1 1 1

$expo_to_param
[1] 1 1 1 1 2 2

$effective_lags_alpha
[1] 1 2 3 4 5 6

$K_alpha_random
[1] 2

$idx_alpha_random
[1] 1 7

$K_alpha_fixed
[1] 10

$idx_alpha_fixed
[1] 2 3 4 5 6 8

$effective_lags_delta
[1] 1 2 3 4 5 6

$K_delta_random
[1] 2

$idx_delta_random
[1] 1 7

$K_delta_fixed
[1] 10

$idx_delta_fixed
[1] 2 3 4 5 6 8

$N_train
[1] 1323

$X_train
  (Intercept) vegan_price_real vegetarian_price_real meat_price_real
1           1        -1.272899             -2.783241        -4.29125
2           1        -1.272899             -2.783241        -4.29125
3           1        -1.272899             -2.783241        -4.29125
4           1        -1.272899             -2.783241        -4.29125
5           1        -1.272899             -2.783241        -4.29125
6           1        -1.272899             -2.783241        -4.29125
  chicken_t2_price_real weekend holiday_window month_cat2 month_cat3 month_cat4
1             -1.026447       0              0          0          0          0
2             -1.026447       0              0          0          0          0
3             -1.026447       0              0          0          0          0
4             -1.026447       0              0          0          0          0
5             -1.026447       1              0          0          0          0
6             -1.026447       1              0          0          0          0
  month_cat5 month_cat6 month_cat7 month_cat8 month_cat9 month_cat10
1          0          0          0          0          0           1
2          0          0          0          0          0           1
3          0          0          0          0          0           1
4          0          0          0          0          0           1
5          0          0          0          0          0           1
6          0          0          0          0          0           1
  month_cat11 month_cat12 seasonspring seasonsummer seasonwinter year_cat2014
1           0           0            0            0            0            0
2           0           0            0            0            0            0
3           0           0            0            0            0            0
4           0           0            0            0            0            0
5           0           0            0            0            0            0
6           0           0            0            0            0            0
  year_cat2015 year_cat2016 year_cat2017 year_cat2018 year_cat2019 year_cat2020
1            0            0            0            0            1            0
2            0            0            0            0            1            0
3            0            0            0            0            1            0
4            0            0            0            0            1            0
5            0            0            0            0            1            0
6            0            0            0            0            1            0
  year_cat2021 year_cat2022 year_cat2023 date_num day_of_week_cat1
1            0            0            0 49.76591                1
2            0            0            0 49.76865                0
3            0            0            0 49.77139                0
4            0            0            0 49.77413                0
5            0            0            0 49.77687                0
6            0            0            0 49.77960                0
  day_of_week_cat2 day_of_week_cat3 day_of_week_cat4 day_of_week_cat5
1                0                0                0                0
2                1                0                0                0
3                0                1                0                0
4                0                0                1                0
5                0                0                0                1
6                0                0                0                0
  day_of_week_cat6 inflation      temp     precip exposure_V3Q26BHF3SE2H_1
1                0 -1.306074 0.3490718 -0.3596542                        0
2                0 -1.306074 0.3824633 -0.1003750                        0
3                0 -1.306074 0.6551610 -0.3596542                        0
4                0 -1.306074 0.4381159 -0.3596542                        0
5                0 -1.306074 0.3156802 -0.3596542                        0
6                1 -1.306074 0.1042003 -0.3596542                        0
  exposure_V3Q26BHF3SE2H_2 exposure_V3Q26BHF3SE2H_3 exposure_V3Q26BHF3SE2H_4
1                        0                        0                        0
2                        0                        0                        0
3                        0                        0                        0
4                        0                        0                        0
5                        0                        0                        0
6                        0                        0                        0
  exposure_V3Q26BHF3SE2H_1_slope exposure_V3Q26BHF3SE2H_2_slope
1                              0                              0
2                              0                              0
3                              0                              0
4                              0                              0
5                              0                              0
6                              0                              0
  exposure_V3Q26BHF3SE2H_3_slope exposure_V3Q26BHF3SE2H_4_slope
1                              0                              0
2                              0                              0
3                              0                              0
4                              0                              0
5                              0                              0
6                              0                              0

$y_train
[1] 0 0 0 0 0 0

$idx_to_rest_train
[1] 1 1 1 1 1 1

$train_start_idx
[1] 1

$train_end_idx
[1] 1323

$N_test
[1] 70

$X_test
  (Intercept) vegan_price_real vegetarian_price_real meat_price_real
1           1       0.22309103            0.29203289      0.17139071
2           1       0.04175897           -0.07917957      0.07933275
3           1       0.15509151           -0.11487985      0.12123239
4           1       0.77983714           -0.04052579     -0.28806531
5           1      -0.04890706           -0.35784803     -0.17559026
6           1       0.22875766           -0.40884348     -0.27355902
  chicken_t2_price_real weekend holiday_window month_cat2 month_cat3 month_cat4
1             0.2052138       0              0          0          0          0
2             1.2609233       0              0          0          0          0
3             1.2609233       0              0          0          0          0
4             0.7330686       0              0          0          0          0
5             0.2052138       1              0          0          0          0
6             0.2052138       1              0          0          0          0
  month_cat5 month_cat6 month_cat7 month_cat8 month_cat9 month_cat10
1          1          0          0          0          0           0
2          1          0          0          0          0           0
3          1          0          0          0          0           0
4          1          0          0          0          0           0
5          1          0          0          0          0           0
6          1          0          0          0          0           0
  month_cat11 month_cat12 seasonspring seasonsummer seasonwinter year_cat2014
1           0           0            1            0            0            0
2           0           0            1            0            0            0
3           0           0            1            0            0            0
4           0           0            1            0            0            0
5           0           0            1            0            0            0
6           0           0            1            0            0            0
  year_cat2015 year_cat2016 year_cat2017 year_cat2018 year_cat2019 year_cat2020
1            0            0            0            0            0            0
2            0            0            0            0            0            0
3            0            0            0            0            0            0
4            0            0            0            0            0            0
5            0            0            0            0            0            0
6            0            0            0            0            0            0
  year_cat2021 year_cat2022 year_cat2023 date_num day_of_week_cat1
1            0            0            1 53.38809                1
2            0            0            1 53.39083                0
3            0            0            1 53.39357                0
4            0            0            1 53.39630                0
5            0            0            1 53.39904                0
6            0            0            1 53.40178                0
  day_of_week_cat2 day_of_week_cat3 day_of_week_cat4 day_of_week_cat5
1                0                0                0                0
2                1                0                0                0
3                0                1                0                0
4                0                0                1                0
5                0                0                0                1
6                0                0                0                0
  day_of_week_cat6 inflation      temp     precip exposure_V3Q26BHF3SE2H_1
1                0  1.943387 0.4715075 -0.3596542                        1
2                0  1.943387 0.5939432 -0.3596542                        1
3                0  1.943387 0.4381159 -0.3596542                        1
4                0  1.943387 0.3156802 -0.3596542                        1
5                0  1.943387 0.3824633 -0.3596542                        1
6                1  1.943387 0.4715075 -0.3596542                        1
  exposure_V3Q26BHF3SE2H_2 exposure_V3Q26BHF3SE2H_3 exposure_V3Q26BHF3SE2H_4
1                        1                        1                        1
2                        1                        1                        1
3                        1                        1                        1
4                        1                        1                        1
5                        1                        1                        1
6                        1                        1                        1
  exposure_V3Q26BHF3SE2H_1_slope exposure_V3Q26BHF3SE2H_2_slope
1                       2.162902                       2.212183
2                       2.165640                       2.214921
3                       2.168378                       2.217659
4                       2.171116                       2.220397
5                       2.173854                       2.223135
6                       2.176591                       2.225873
  exposure_V3Q26BHF3SE2H_3_slope exposure_V3Q26BHF3SE2H_4_slope
1                       1.675565                       1.946612
2                       1.678303                       1.949350
3                       1.681040                       1.952088
4                       1.683778                       1.954825
5                       1.686516                       1.957563
6                       1.689254                       1.960301

$y_test
[1] 0 1 0 2 1 0

$idx_to_rest_test
[1] 1 1 1 1 1 1

$test_start_idx
[1] 1

$test_end_idx
[1] 70

$mu_gamma_scale
[1] 1

$sigma_gamma_between_scale
[1] 1

$sigma_gamma_within_scale
[1] 1

$mu_beta_scale
[1] 1

$sigma_beta_scale
[1] 1

$mu_alpha_scale
[1] 1

$sigma_alpha_scale
[1] 1

$mu_delta_scale
[1] 1

$sigma_delta_scale
[1] 1

$mu_phi_log_scale
[1] 2

$sigma_phi_log_scale
[1] 1

$z_eta_scale
[1] 1

$z_gamma_scale
[1] 1

$z_beta_scale
[1] 1

$z_alpha_scale
[1] 1

$z_delta_scale
[1] 1

$z_phi_scale
[1] 1

$apply_truncation
[1] 0

$N_total_nonzero
[1] 1161

$idx_total_nonzero
[1]  1 32 33 34 35 42

$N_total_nonzero_test
[1] 70

$idx_total_nonzero_test
[1] 1 2 3 4 5 6

[1] "Using Stan model: model_multilevel_transfer_truncated.stan"
[1] "Fitting the multilevel model..."
Running MCMC with 3 parallel chains...

Chain 1 Iteration:    1 / 1750 [  0%]  (Warmup) 
Chain 1 Informational Message: The current Metropolis proposal is about to be rejected because of the following issue:
Chain 1 Exception: neg_binomial_2_lpmf: Location parameter[1] is -nan, but must be positive finite! (in 'model_multilevel_transfer_truncated.stan', line 457, column 4 to column 67)
Chain 1 If this warning occurs sporadically, such as for highly constrained variable types like covariance matrices, then the sampler is fine,
Chain 1 but if this warning occurs often then your model may be either severely ill-conditioned or misspecified.
Chain 1 
Chain 1 Informational Message: The current Metropolis proposal is about to be rejected because of the following issue:
Chain 1 Exception: neg_binomial_2_lpmf: Location parameter[1] is -nan, but must be positive finite! (in 'model_multilevel_transfer_truncated.stan', line 457, column 4 to column 67)
Chain 1 If this warning occurs sporadically, such as for highly constrained variable types like covariance matrices, then the sampler is fine,
Chain 1 but if this warning occurs often then your model may be either severely ill-conditioned or misspecified.
Chain 1 
Chain 1 Informational Message: The current Metropolis proposal is about to be rejected because of the following issue:
Chain 1 Exception: neg_binomial_2_lpmf: Location parameter[1] is inf, but must be positive finite! (in 'model_multilevel_transfer_truncated.stan', line 457, column 4 to column 67)
Chain 1 If this warning occurs sporadically, such as for highly constrained variable types like covariance matrices, then the sampler is fine,
Chain 1 but if this warning occurs often then your model may be either severely ill-conditioned or misspecified.
Chain 1 
Chain 1 Informational Message: The current Metropolis proposal is about to be rejected because of the following issue:
Chain 1 Exception: neg_binomial_2_lpmf: Location parameter[1] is 0, but must be positive finite! (in 'model_multilevel_transfer_truncated.stan', line 457, column 4 to column 67)
Chain 1 If this warning occurs sporadically, such as for highly constrained variable types like covariance matrices, then the sampler is fine,
Chain 1 but if this warning occurs often then your model may be either severely ill-conditioned or misspecified.
Chain 1 
Chain 1 Informational Message: The current Metropolis proposal is about to be rejected because of the following issue:
Chain 1 Exception: neg_binomial_2_lpmf: Location parameter[1] is 0, but must be positive finite! (in 'model_multilevel_transfer_truncated.stan', line 457, column 4 to column 67)
Chain 1 If this warning occurs sporadically, such as for highly constrained variable types like covariance matrices, then the sampler is fine,
Chain 1 but if this warning occurs often then your model may be either severely ill-conditioned or misspecified.
Chain 1 
Chain 1 Informational Message: The current Metropolis proposal is about to be rejected because of the following issue:
Chain 1 Exception: neg_binomial_2_lpmf: Location parameter[1] is 0, but must be positive finite! (in 'model_multilevel_transfer_truncated.stan', line 457, column 4 to column 67)
Chain 1 If this warning occurs sporadically, such as for highly constrained variable types like covariance matrices, then the sampler is fine,
Chain 1 but if this warning occurs often then your model may be either severely ill-conditioned or misspecified.
Chain 1 
Chain 1 Informational Message: The current Metropolis proposal is about to be rejected because of the following issue:
Chain 1 Exception: neg_binomial_2_lpmf: Location parameter[1] is 0, but must be positive finite! (in 'model_multilevel_transfer_truncated.stan', line 457, column 4 to column 67)
Chain 1 If this warning occurs sporadically, such as for highly constrained variable types like covariance matrices, then the sampler is fine,
Chain 1 but if this warning occurs often then your model may be either severely ill-conditioned or misspecified.
Chain 1 
Chain 1 Informational Message: The current Metropolis proposal is about to be rejected because of the following issue:
Chain 1 Exception: neg_binomial_2_lpmf: Location parameter[1] is 0, but must be positive finite! (in 'model_multilevel_transfer_truncated.stan', line 457, column 4 to column 67)
Chain 1 If this warning occurs sporadically, such as for highly constrained variable types like covariance matrices, then the sampler is fine,
Chain 1 but if this warning occurs often then your model may be either severely ill-conditioned or misspecified.
Chain 1 
Chain 1 Informational Message: The current Metropolis proposal is about to be rejected because of the following issue:
Chain 1 Exception: neg_binomial_2_lpmf: Location parameter[2] is 0, but must be positive finite! (in 'model_multilevel_transfer_truncated.stan', line 457, column 4 to column 67)
Chain 1 If this warning occurs sporadically, such as for highly constrained variable types like covariance matrices, then the sampler is fine,
Chain 1 but if this warning occurs often then your model may be either severely ill-conditioned or misspecified.
Chain 1 
Chain 1 Informational Message: The current Metropolis proposal is about to be rejected because of the following issue:
Chain 1 Exception: neg_binomial_2_lpmf: Location parameter[109] is 0, but must be positive finite! (in 'model_multilevel_transfer_truncated.stan', line 457, column 4 to column 67)
Chain 1 If this warning occurs sporadically, such as for highly constrained variable types like covariance matrices, then the sampler is fine,
Chain 1 but if this warning occurs often then your model may be either severely ill-conditioned or misspecified.
Chain 1 
Chain 1 Informational Message: The current Metropolis proposal is about to be rejected because of the following issue:
Chain 1 Exception: neg_binomial_2_lpmf: Location parameter[1] is -nan, but must be positive finite! (in 'model_multilevel_transfer_truncated.stan', line 457, column 4 to column 67)
Chain 1 If this warning occurs sporadically, such as for highly constrained variable types like covariance matrices, then the sampler is fine,
Chain 1 but if this warning occurs often then your model may be either severely ill-conditioned or misspecified.
Chain 1 
Chain 1 Informational Message: The current Metropolis proposal is about to be rejected because of the following issue:
Chain 1 Exception: neg_binomial_2_lpmf: Location parameter[1] is -nan, but must be positive finite! (in 'model_multilevel_transfer_truncated.stan', line 457, column 4 to column 67)
Chain 1 If this warning occurs sporadically, such as for highly constrained variable types like covariance matrices, then the sampler is fine,
Chain 1 but if this warning occurs often then your model may be either severely ill-conditioned or misspecified.
Chain 1 
Chain 1 Informational Message: The current Metropolis proposal is about to be rejected because of the following issue:
Chain 1 Exception: neg_binomial_2_lpmf: Location parameter[1] is 0, but must be positive finite! (in 'model_multilevel_transfer_truncated.stan', line 457, column 4 to column 67)
Chain 1 If this warning occurs sporadically, such as for highly constrained variable types like covariance matrices, then the sampler is fine,
Chain 1 but if this warning occurs often then your model may be either severely ill-conditioned or misspecified.
Chain 1 
Chain 1 Informational Message: The current Metropolis proposal is about to be rejected because of the following issue:
Chain 1 Exception: neg_binomial_2_lpmf: Location parameter[9] is inf, but must be positive finite! (in 'model_multilevel_transfer_truncated.stan', line 457, column 4 to column 67)
Chain 1 If this warning occurs sporadically, such as for highly constrained variable types like covariance matrices, then the sampler is fine,
Chain 1 but if this warning occurs often then your model may be either severely ill-conditioned or misspecified.
Chain 1 
Chain 2 Iteration:    1 / 1750 [  0%]  (Warmup) 
Chain 2 Informational Message: The current Metropolis proposal is about to be rejected because of the following issue:
Chain 2 Exception: neg_binomial_2_lpmf: Location parameter[1] is inf, but must be positive finite! (in 'model_multilevel_transfer_truncated.stan', line 457, column 4 to column 67)
Chain 2 If this warning occurs sporadically, such as for highly constrained variable types like covariance matrices, then the sampler is fine,
Chain 2 but if this warning occurs often then your model may be either severely ill-conditioned or misspecified.
Chain 2 
Chain 2 Informational Message: The current Metropolis proposal is about to be rejected because of the following issue:
Chain 2 Exception: neg_binomial_2_lpmf: Location parameter[1] is inf, but must be positive finite! (in 'model_multilevel_transfer_truncated.stan', line 457, column 4 to column 67)
Chain 2 If this warning occurs sporadically, such as for highly constrained variable types like covariance matrices, then the sampler is fine,
Chain 2 but if this warning occurs often then your model may be either severely ill-conditioned or misspecified.
Chain 2 
Chain 2 Informational Message: The current Metropolis proposal is about to be rejected because of the following issue:
Chain 2 Exception: neg_binomial_2_lpmf: Location parameter[1] is 0, but must be positive finite! (in 'model_multilevel_transfer_truncated.stan', line 457, column 4 to column 67)
Chain 2 If this warning occurs sporadically, such as for highly constrained variable types like covariance matrices, then the sampler is fine,
Chain 2 but if this warning occurs often then your model may be either severely ill-conditioned or misspecified.
Chain 2 
Chain 2 Informational Message: The current Metropolis proposal is about to be rejected because of the following issue:
Chain 2 Exception: neg_binomial_2_lpmf: Location parameter[1] is 0, but must be positive finite! (in 'model_multilevel_transfer_truncated.stan', line 457, column 4 to column 67)
Chain 2 If this warning occurs sporadically, such as for highly constrained variable types like covariance matrices, then the sampler is fine,
Chain 2 but if this warning occurs often then your model may be either severely ill-conditioned or misspecified.
Chain 2 
Chain 2 Informational Message: The current Metropolis proposal is about to be rejected because of the following issue:
Chain 2 Exception: neg_binomial_2_lpmf: Location parameter[1] is 0, but must be positive finite! (in 'model_multilevel_transfer_truncated.stan', line 457, column 4 to column 67)
Chain 2 If this warning occurs sporadically, such as for highly constrained variable types like covariance matrices, then the sampler is fine,
Chain 2 but if this warning occurs often then your model may be either severely ill-conditioned or misspecified.
Chain 2 
Chain 2 Informational Message: The current Metropolis proposal is about to be rejected because of the following issue:
Chain 2 Exception: neg_binomial_2_lpmf: Location parameter[1] is 0, but must be positive finite! (in 'model_multilevel_transfer_truncated.stan', line 457, column 4 to column 67)
Chain 2 If this warning occurs sporadically, such as for highly constrained variable types like covariance matrices, then the sampler is fine,
Chain 2 but if this warning occurs often then your model may be either severely ill-conditioned or misspecified.
Chain 2 
Chain 2 Informational Message: The current Metropolis proposal is about to be rejected because of the following issue:
Chain 2 Exception: neg_binomial_2_lpmf: Location parameter[1] is 0, but must be positive finite! (in 'model_multilevel_transfer_truncated.stan', line 457, column 4 to column 67)
Chain 2 If this warning occurs sporadically, such as for highly constrained variable types like covariance matrices, then the sampler is fine,
Chain 2 but if this warning occurs often then your model may be either severely ill-conditioned or misspecified.
Chain 2 
Chain 2 Informational Message: The current Metropolis proposal is about to be rejected because of the following issue:
Chain 2 Exception: neg_binomial_2_lpmf: Location parameter[21] is 0, but must be positive finite! (in 'model_multilevel_transfer_truncated.stan', line 457, column 4 to column 67)
Chain 2 If this warning occurs sporadically, such as for highly constrained variable types like covariance matrices, then the sampler is fine,
Chain 2 but if this warning occurs often then your model may be either severely ill-conditioned or misspecified.
Chain 2 
Chain 2 Informational Message: The current Metropolis proposal is about to be rejected because of the following issue:
Chain 2 Exception: neg_binomial_2_lpmf: Location parameter[119] is inf, but must be positive finite! (in 'model_multilevel_transfer_truncated.stan', line 457, column 4 to column 67)
Chain 2 If this warning occurs sporadically, such as for highly constrained variable types like covariance matrices, then the sampler is fine,
Chain 2 but if this warning occurs often then your model may be either severely ill-conditioned or misspecified.
Chain 2 
Chain 2 Informational Message: The current Metropolis proposal is about to be rejected because of the following issue:
Chain 2 Exception: neg_binomial_2_lpmf: Location parameter[1] is -nan, but must be positive finite! (in 'model_multilevel_transfer_truncated.stan', line 457, column 4 to column 67)
Chain 2 If this warning occurs sporadically, such as for highly constrained variable types like covariance matrices, then the sampler is fine,
Chain 2 but if this warning occurs often then your model may be either severely ill-conditioned or misspecified.
Chain 2 
Chain 2 Informational Message: The current Metropolis proposal is about to be rejected because of the following issue:
Chain 2 Exception: neg_binomial_2_lpmf: Location parameter[1] is inf, but must be positive finite! (in 'model_multilevel_transfer_truncated.stan', line 457, column 4 to column 67)
Chain 2 If this warning occurs sporadically, such as for highly constrained variable types like covariance matrices, then the sampler is fine,
Chain 2 but if this warning occurs often then your model may be either severely ill-conditioned or misspecified.
Chain 2 
Chain 2 Informational Message: The current Metropolis proposal is about to be rejected because of the following issue:
Chain 2 Exception: neg_binomial_2_lpmf: Location parameter[1] is 0, but must be positive finite! (in 'model_multilevel_transfer_truncated.stan', line 457, column 4 to column 67)
Chain 2 If this warning occurs sporadically, such as for highly constrained variable types like covariance matrices, then the sampler is fine,
Chain 2 but if this warning occurs often then your model may be either severely ill-conditioned or misspecified.
Chain 2 
Chain 3 Iteration:    1 / 1750 [  0%]  (Warmup) 
Chain 3 Informational Message: The current Metropolis proposal is about to be rejected because of the following issue:
Chain 3 Exception: neg_binomial_2_lpmf: Location parameter[1] is -nan, but must be positive finite! (in 'model_multilevel_transfer_truncated.stan', line 457, column 4 to column 67)
Chain 3 If this warning occurs sporadically, such as for highly constrained variable types like covariance matrices, then the sampler is fine,
Chain 3 but if this warning occurs often then your model may be either severely ill-conditioned or misspecified.
Chain 3 
Chain 3 Informational Message: The current Metropolis proposal is about to be rejected because of the following issue:
Chain 3 Exception: neg_binomial_2_lpmf: Location parameter[1] is -nan, but must be positive finite! (in 'model_multilevel_transfer_truncated.stan', line 457, column 4 to column 67)
Chain 3 If this warning occurs sporadically, such as for highly constrained variable types like covariance matrices, then the sampler is fine,
Chain 3 but if this warning occurs often then your model may be either severely ill-conditioned or misspecified.
Chain 3 
Chain 3 Informational Message: The current Metropolis proposal is about to be rejected because of the following issue:
Chain 3 Exception: neg_binomial_2_lpmf: Location parameter[1] is 0, but must be positive finite! (in 'model_multilevel_transfer_truncated.stan', line 457, column 4 to column 67)
Chain 3 If this warning occurs sporadically, such as for highly constrained variable types like covariance matrices, then the sampler is fine,
Chain 3 but if this warning occurs often then your model may be either severely ill-conditioned or misspecified.
Chain 3 
Chain 3 Informational Message: The current Metropolis proposal is about to be rejected because of the following issue:
Chain 3 Exception: neg_binomial_2_lpmf: Location parameter[1] is 0, but must be positive finite! (in 'model_multilevel_transfer_truncated.stan', line 457, column 4 to column 67)
Chain 3 If this warning occurs sporadically, such as for highly constrained variable types like covariance matrices, then the sampler is fine,
Chain 3 but if this warning occurs often then your model may be either severely ill-conditioned or misspecified.
Chain 3 
Chain 3 Informational Message: The current Metropolis proposal is about to be rejected because of the following issue:
Chain 3 Exception: neg_binomial_2_lpmf: Location parameter[1] is 0, but must be positive finite! (in 'model_multilevel_transfer_truncated.stan', line 457, column 4 to column 67)
Chain 3 If this warning occurs sporadically, such as for highly constrained variable types like covariance matrices, then the sampler is fine,
Chain 3 but if this warning occurs often then your model may be either severely ill-conditioned or misspecified.
Chain 3 
Chain 3 Informational Message: The current Metropolis proposal is about to be rejected because of the following issue:
Chain 3 Exception: neg_binomial_2_lpmf: Location parameter[1] is 0, but must be positive finite! (in 'model_multilevel_transfer_truncated.stan', line 457, column 4 to column 67)
Chain 3 If this warning occurs sporadically, such as for highly constrained variable types like covariance matrices, then the sampler is fine,
Chain 3 but if this warning occurs often then your model may be either severely ill-conditioned or misspecified.
Chain 3 
Chain 3 Informational Message: The current Metropolis proposal is about to be rejected because of the following issue:
Chain 3 Exception: neg_binomial_2_lpmf: Location parameter[1] is 0, but must be positive finite! (in 'model_multilevel_transfer_truncated.stan', line 457, column 4 to column 67)
Chain 3 If this warning occurs sporadically, such as for highly constrained variable types like covariance matrices, then the sampler is fine,
Chain 3 but if this warning occurs often then your model may be either severely ill-conditioned or misspecified.
Chain 3 
Chain 3 Informational Message: The current Metropolis proposal is about to be rejected because of the following issue:
Chain 3 Exception: neg_binomial_2_lpmf: Location parameter[1] is 0, but must be positive finite! (in 'model_multilevel_transfer_truncated.stan', line 457, column 4 to column 67)
Chain 3 If this warning occurs sporadically, such as for highly constrained variable types like covariance matrices, then the sampler is fine,
Chain 3 but if this warning occurs often then your model may be either severely ill-conditioned or misspecified.
Chain 3 
Chain 3 Informational Message: The current Metropolis proposal is about to be rejected because of the following issue:
Chain 3 Exception: neg_binomial_2_lpmf: Location parameter[1] is -nan, but must be positive finite! (in 'model_multilevel_transfer_truncated.stan', line 457, column 4 to column 67)
Chain 3 If this warning occurs sporadically, such as for highly constrained variable types like covariance matrices, then the sampler is fine,
Chain 3 but if this warning occurs often then your model may be either severely ill-conditioned or misspecified.
Chain 3 
Chain 3 Informational Message: The current Metropolis proposal is about to be rejected because of the following issue:
Chain 3 Exception: neg_binomial_2_lpmf: Location parameter[1] is inf, but must be positive finite! (in 'model_multilevel_transfer_truncated.stan', line 457, column 4 to column 67)
Chain 3 If this warning occurs sporadically, such as for highly constrained variable types like covariance matrices, then the sampler is fine,
Chain 3 but if this warning occurs often then your model may be either severely ill-conditioned or misspecified.
Chain 3 
Chain 3 Informational Message: The current Metropolis proposal is about to be rejected because of the following issue:
Chain 3 Exception: neg_binomial_2_lpmf: Location parameter[1] is inf, but must be positive finite! (in 'model_multilevel_transfer_truncated.stan', line 457, column 4 to column 67)
Chain 3 If this warning occurs sporadically, such as for highly constrained variable types like covariance matrices, then the sampler is fine,
Chain 3 but if this warning occurs often then your model may be either severely ill-conditioned or misspecified.
Chain 3 
Chain 1 Iteration:  100 / 1750 [  5%]  (Warmup) 
Chain 3 Iteration:  100 / 1750 [  5%]  (Warmup) 
Chain 2 Iteration:  100 / 1750 [  5%]  (Warmup) 
Chain 1 Iteration:  200 / 1750 [ 11%]  (Warmup) 
Chain 3 Iteration:  200 / 1750 [ 11%]  (Warmup) 
Chain 2 Iteration:  200 / 1750 [ 11%]  (Warmup) 
Chain 1 Iteration:  300 / 1750 [ 17%]  (Warmup) 
Chain 3 Iteration:  300 / 1750 [ 17%]  (Warmup) 
Chain 2 Iteration:  300 / 1750 [ 17%]  (Warmup) 
Chain 1 Iteration:  400 / 1750 [ 22%]  (Warmup) 
Chain 3 Iteration:  400 / 1750 [ 22%]  (Warmup) 
Chain 2 Iteration:  400 / 1750 [ 22%]  (Warmup) 
Chain 1 Iteration:  500 / 1750 [ 28%]  (Warmup) 
Chain 3 Iteration:  500 / 1750 [ 28%]  (Warmup) 
Chain 2 Iteration:  500 / 1750 [ 28%]  (Warmup) 
Chain 1 Iteration:  600 / 1750 [ 34%]  (Warmup) 
Chain 3 Iteration:  600 / 1750 [ 34%]  (Warmup) 
Chain 2 Iteration:  600 / 1750 [ 34%]  (Warmup) 
Chain 1 Iteration:  700 / 1750 [ 40%]  (Warmup) 
Chain 3 Iteration:  700 / 1750 [ 40%]  (Warmup) 
Chain 2 Iteration:  700 / 1750 [ 40%]  (Warmup) 
Chain 1 Iteration:  751 / 1750 [ 42%]  (Sampling) 
Chain 3 Iteration:  751 / 1750 [ 42%]  (Sampling) 
Chain 2 Iteration:  751 / 1750 [ 42%]  (Sampling) 
Chain 1 Iteration:  850 / 1750 [ 48%]  (Sampling) 
Chain 3 Iteration:  850 / 1750 [ 48%]  (Sampling) 
Chain 2 Iteration:  850 / 1750 [ 48%]  (Sampling) 
Chain 1 Iteration:  950 / 1750 [ 54%]  (Sampling) 
Chain 3 Iteration:  950 / 1750 [ 54%]  (Sampling) 
Chain 2 Iteration:  950 / 1750 [ 54%]  (Sampling) 
Chain 3 Informational Message: The current Metropolis proposal is about to be rejected because of the following issue:
Chain 3 Exception: neg_binomial_2_lpmf: Precision parameter[1] is inf, but must be positive finite! (in 'model_multilevel_transfer_truncated.stan', line 457, column 4 to column 67)
Chain 3 If this warning occurs sporadically, such as for highly constrained variable types like covariance matrices, then the sampler is fine,
Chain 3 but if this warning occurs often then your model may be either severely ill-conditioned or misspecified.
Chain 3 
Chain 3 Iteration: 1050 / 1750 [ 60%]  (Sampling) 
Chain 1 Iteration: 1050 / 1750 [ 60%]  (Sampling) 
Chain 2 Iteration: 1050 / 1750 [ 60%]  (Sampling) 
Chain 3 Iteration: 1150 / 1750 [ 65%]  (Sampling) 
Chain 1 Iteration: 1150 / 1750 [ 65%]  (Sampling) 
Chain 2 Iteration: 1150 / 1750 [ 65%]  (Sampling) 
Chain 3 Iteration: 1250 / 1750 [ 71%]  (Sampling) 
Chain 1 Iteration: 1250 / 1750 [ 71%]  (Sampling) 
Chain 2 Iteration: 1250 / 1750 [ 71%]  (Sampling) 
Chain 3 Iteration: 1350 / 1750 [ 77%]  (Sampling) 
Chain 1 Iteration: 1350 / 1750 [ 77%]  (Sampling) 
Chain 2 Iteration: 1350 / 1750 [ 77%]  (Sampling) 
Chain 3 Iteration: 1450 / 1750 [ 82%]  (Sampling) 
Chain 1 Iteration: 1450 / 1750 [ 82%]  (Sampling) 
Chain 2 Iteration: 1450 / 1750 [ 82%]  (Sampling) 
Chain 3 Iteration: 1550 / 1750 [ 88%]  (Sampling) 
Chain 3 Informational Message: The current Metropolis proposal is about to be rejected because of the following issue:
Chain 3 Exception: neg_binomial_2_lpmf: Precision parameter[1] is inf, but must be positive finite! (in 'model_multilevel_transfer_truncated.stan', line 457, column 4 to column 67)
Chain 3 If this warning occurs sporadically, such as for highly constrained variable types like covariance matrices, then the sampler is fine,
Chain 3 but if this warning occurs often then your model may be either severely ill-conditioned or misspecified.
Chain 3 
Chain 3 Informational Message: The current Metropolis proposal is about to be rejected because of the following issue:
Chain 3 Exception: neg_binomial_2_lpmf: Precision parameter[1] is inf, but must be positive finite! (in 'model_multilevel_transfer_truncated.stan', line 457, column 4 to column 67)
Chain 3 If this warning occurs sporadically, such as for highly constrained variable types like covariance matrices, then the sampler is fine,
Chain 3 but if this warning occurs often then your model may be either severely ill-conditioned or misspecified.
Chain 3 
Chain 1 Iteration: 1550 / 1750 [ 88%]  (Sampling) 
Chain 2 Iteration: 1550 / 1750 [ 88%]  (Sampling) 
Chain 3 Iteration: 1650 / 1750 [ 94%]  (Sampling) 
Chain 1 Iteration: 1650 / 1750 [ 94%]  (Sampling) 
Chain 3 Iteration: 1750 / 1750 [100%]  (Sampling) 
Chain 3 finished in 1042.4 seconds.
Chain 2 Iteration: 1650 / 1750 [ 94%]  (Sampling) 
Chain 1 Iteration: 1750 / 1750 [100%]  (Sampling) 
Chain 1 finished in 1071.5 seconds.
Chain 2 Iteration: 1750 / 1750 [100%]  (Sampling) 
Chain 2 finished in 1119.5 seconds.

All 3 chains finished successfully.
Mean chain execution time: 1077.8 seconds.
Total execution time: 1120.1 seconds.

Warning: 557 of 3000 (19.0%) transitions ended with a divergence.
See https://mc-stan.org/misc/warnings for details.

Warning: 2438 of 3000 (81.0%) transitions hit the maximum treedepth limit of 10.
See https://mc-stan.org/misc/warnings for details.

[1] "Saving fit object..."
[1] "Calculating summary..."
[1] "Calculating samples..."
[1] "Calculating metadata..."
[1] "Summary of Hyperpriors (mu_*, sigma_*):"
# A tibble: 109 × 10
    variable         mean   median     sd    mad       q5     q95  rhat ess_bulk
    <chr>           <dbl>    <dbl>  <dbl>  <dbl>    <dbl>   <dbl> <dbl>    <dbl>
  1 mu_beta_int… -0.376   -0.365   4.99   5.12   -8.44e+0  7.73    1.01     667.
  2 mu_beta_ran…  0.184    0.209   0.655  0.357  -7.76e-1  1.08    1.01     295.
  3 mu_beta_ran…  0.336    0.425   0.589  0.431  -6.68e-1  1.22    1.01     323.
  4 mu_beta_ran… -0.168   -0.178   0.587  0.396  -1.09e+0  0.743   1.01     464.
  5 mu_beta_ran… -0.0752  -0.183   0.676  0.339  -9.06e-1  1.22    1.03     191.
  6 mu_beta_ran…  0.268    0.248   0.754  0.608  -9.56e-1  1.51    1.00     335.
  7 mu_beta_ran… -0.146   -0.129   0.623  0.501  -1.18e+0  0.879   1.01     300.
  8 mu_beta_ran… -0.0368   0.00804 0.605  0.478  -1.09e+0  0.862   1.01     327.
  9 mu_beta_ran… -0.227   -0.155   0.757  0.631  -1.46e+0  0.919   1.00     521.
 10 mu_beta_ran…  0.242    0.228   0.811  0.639  -1.07e+0  1.55    1.01     458.
 11 mu_beta_ran…  0.0745   0.0792  0.838  0.645  -1.34e+0  1.44    1.00     504.
 12 mu_beta_ran… -0.0562  -0.0435  0.735  0.629  -1.29e+0  1.17    1.01     491.
 13 mu_beta_ran… -0.230   -0.164   0.720  0.611  -1.46e+0  0.852   1.00     564.
 14 mu_beta_ran…  0.166    0.147   0.833  0.627  -1.15e+0  1.55    1.01     498.
 15 mu_beta_ran… -0.199   -0.176   0.751  0.641  -1.43e+0  1.05    1.01     314.
 16 mu_beta_ran… -0.00746 -0.0174  0.654  0.527  -1.05e+0  1.02    1.00     488.
 17 mu_beta_ran… -0.0983  -0.0616  0.752  0.623  -1.33e+0  1.06    1.01     415.
 18 mu_beta_ran…  0.161    0.0925  0.741  0.600  -9.52e-1  1.43    1.00     538.
 19 mu_beta_ran…  0.224    0.147   0.928  0.754  -1.23e+0  1.85    1.01     382.
 20 mu_beta_ran… -0.0581  -0.0267  0.848  0.675  -1.50e+0  1.29    1.02     358.
 21 mu_beta_ran…  0.172    0.139   0.761  0.641  -1.00e+0  1.37    1.00     379.
 22 mu_beta_ran… -0.0132  -0.00451 1.58   1.06   -2.60e+0  2.48    1.00     629.
 23 mu_beta_ran… -0.111   -0.0448  1.44   0.999  -2.48e+0  2.08    1.00     649.
 24 mu_beta_ran… -0.0268  -0.0443  1.46   1.03   -2.42e+0  2.41    1.01     504.
 25 mu_beta_ran… -0.107   -0.0430  1.38   1.05   -2.45e+0  2.11    1.00     487.
 26 mu_beta_ran…  0.0262   0.00756 1.38   1.08   -2.30e+0  2.21    1.01     503.
 27 mu_beta_ran… -0.288   -0.160   1.34   1.03   -2.75e+0  1.65    1.00     499.
 28 mu_beta_ran… -0.771   -0.506   1.32   1.09   -3.32e+0  0.976   1.01     596.
 29 mu_beta_ran…  0.356    0.267   0.970  0.783  -1.19e+0  1.99    1.00     426.
 30 mu_beta_ran…  0.0439   0.0310  0.760  0.642  -1.15e+0  1.23    1.00     632.
 31 mu_beta_ran…  0.200    0.121   0.986  0.750  -1.27e+0  1.93    1.00     735.
 32 mu_beta_ran… -0.129   -0.126   0.331  0.269  -7.00e-1  0.415   1.00     378.
 33 mu_beta_fix… -0.226   -0.214   0.226  0.224  -5.99e-1  0.131   1.01     496.
 34 mu_beta_fix… -0.0119  -0.0171  0.227  0.214  -3.76e-1  0.390   1.01     486.
 35 mu_beta_fix…  0.174    0.164   0.206  0.194  -1.50e-1  0.530   1.01     467.
 36 mu_beta_fix…  0.290    0.280   0.220  0.215  -5.28e-2  0.666   1.00     429.
 37 mu_beta_fix…  0.277    0.265   0.610  0.524  -6.94e-1  1.31    1.01     271.
 38 mu_beta_fix… -0.0543  -0.0564  0.607  0.515  -1.03e+0  0.964   1.01     260.
 39 mu_beta_fix…  0.439    0.316   1.04   0.851  -1.05e+0  2.39    1.01     305.
 40 mu_beta_fix… -0.0794  -0.0778  0.104  0.106  -2.52e-1  0.0919  1.00     601.
 41 mu_beta_fix… -0.0623  -0.0606  0.0520 0.0533 -1.51e-1  0.0192  1.00     643.
 42 mu_gamma[1]   0.914    0.942   0.750  0.703  -3.96e-1  2.05    1.01     194.
 43 mu_gamma[2]  -0.144   -0.147   0.550  0.474  -1.04e+0  0.778   1.00     274.
 44 mu_alpha_ra…  0.208    0.230   0.602  0.431  -7.28e-1  1.08    1.01     407.
 45 mu_alpha_ra…  0.0225   0.0235  0.519  0.378  -7.92e-1  0.801   1.00     453.
 46 mu_alpha_fi… -0.00399  0.00409 0.222  0.220  -3.74e-1  0.342   1.00     687.
 47 mu_alpha_fi…  0.426    0.423   0.271  0.267  -5.84e-4  0.881   1.01     420.
 48 mu_alpha_fi…  0.586    0.572   0.308  0.295   1.20e-1  1.11    1.00     611.
 49 mu_alpha_fi… -0.0433  -0.0432  0.254  0.236  -4.53e-1  0.366   1.00     428.
 50 mu_alpha_fi… -0.134   -0.126   0.238  0.227  -5.26e-1  0.247   1.00     465.
 51 mu_alpha_fi… -0.495   -0.485   0.255  0.250  -9.31e-1 -0.0862  1.00     760.
 52 mu_alpha_fi…  0.155    0.147   0.244  0.236  -2.17e-1  0.577   1.01     410.
 53 mu_alpha_fi… -0.161   -0.162   0.243  0.237  -5.58e-1  0.232   1.02     387.
 54 mu_alpha_fi…  0.0116   0.0117  0.218  0.207  -3.48e-1  0.372   1.01     493.
 55 mu_alpha_fi…  0.0286   0.0269  0.254  0.240  -4.03e-1  0.456   1.01     532.
 56 mu_delta_ra… -0.122   -0.118   0.595  0.396  -1.10e+0  0.859   1.01     568.
 57 mu_delta_ra… -0.0513  -0.0698  0.542  0.371  -9.12e-1  0.902   1.00     335.
 58 mu_delta_fi… -0.101   -0.0949  0.157  0.158  -3.67e-1  0.142   1.00     425.
 59 mu_delta_fi… -0.570   -0.570   0.192  0.194  -8.82e-1 -0.254   1.01     393.
 60 mu_delta_fi… -0.0868  -0.0797  0.160  0.156  -3.58e-1  0.168   1.01     527.
 61 mu_delta_fi…  0.114    0.111   0.153  0.155  -1.26e-1  0.365   1.00     375.
 62 mu_delta_fi… -0.109   -0.104   0.167  0.164  -3.99e-1  0.158   1.01     351.
 63 mu_delta_fi…  0.194    0.190   0.143  0.143  -2.91e-2  0.433   1.01     541.
 64 mu_delta_fi…  0.0206   0.0194  0.149  0.146  -2.19e-1  0.271   1.01     381.
 65 mu_delta_fi… -0.161   -0.157   0.130  0.131  -3.77e-1  0.0489  1.01     415.
 66 mu_delta_fi… -0.129   -0.125   0.136  0.139  -3.64e-1  0.0880  1.01     319.
 67 mu_delta_fi…  0.0237   0.0213  0.117  0.116  -1.67e-1  0.217   1.00     412.
 68 mu_phi_log    2.66     2.74    1.60   1.44   -1.44e-1  5.21    1.00     345.
 69 sigma_beta_…  1.11     0.731   1.73   0.737   4.91e-2  3.26    1.00     527.
 70 sigma_beta_…  0.776    0.544   0.853  0.510   2.84e-2  2.32    1.01     246.
 71 sigma_beta_…  0.818    0.604   0.817  0.564   4.65e-2  2.30    1.00     612.
 72 sigma_beta_…  0.759    0.551   0.753  0.526   5.17e-2  2.12    1.00     517.
 73 sigma_beta_…  0.751    0.525   0.847  0.518   4.14e-2  2.14    1.00     314.
 74 sigma_beta_…  0.834    0.609   0.846  0.586   4.26e-2  2.36    1.00     416.
 75 sigma_beta_…  0.762    0.580   0.731  0.530   4.66e-2  2.01    1.02     488.
 76 sigma_beta_…  0.793    0.590   0.793  0.552   5.20e-2  2.25    1.01     611.
 77 sigma_beta_…  0.751    0.538   0.781  0.528   3.18e-2  2.15    1.01     268.
 78 sigma_beta_…  0.881    0.674   0.820  0.581   7.88e-2  2.43    1.00     839.
 79 sigma_beta_…  0.770    0.557   0.797  0.543   4.17e-2  2.15    1.01     550.
 80 sigma_beta_…  0.833    0.624   0.852  0.577   7.04e-2  2.27    1.00     728.
 81 sigma_beta_…  0.826    0.592   0.868  0.559   4.85e-2  2.29    1.01     372.
 82 sigma_beta_…  0.807    0.575   0.832  0.554   4.15e-2  2.31    1.01     410.
 83 sigma_beta_…  0.843    0.591   0.869  0.566   5.78e-2  2.42    1.01     572.
 84 sigma_beta_…  0.782    0.570   0.743  0.539   4.46e-2  2.18    1.01     441.
 85 sigma_beta_…  0.803    0.609   0.763  0.543   5.90e-2  2.19    1.01     590.
 86 sigma_beta_…  0.832    0.621   0.839  0.566   5.58e-2  2.31    1.01     524.
 87 sigma_beta_…  0.899    0.667   0.970  0.589   5.00e-2  2.43    1.00     516.
 88 sigma_beta_…  0.889    0.645   0.904  0.572   5.33e-2  2.49    1.00     467.
 89 sigma_beta_…  0.804    0.569   0.826  0.533   4.97e-2  2.34    1.01     413.
 90 sigma_beta_…  1.07     0.726   1.22   0.695   6.22e-2  3.32    1.00     777.
 91 sigma_beta_…  1.16     0.775   1.44   0.773   5.39e-2  3.35    1.00     626.
 92 sigma_beta_…  1.07     0.752   1.11   0.714   6.25e-2  3.13    1.00     495.
 93 sigma_beta_…  1.15     0.762   1.65   0.734   7.11e-2  3.40    1.01     491.
 94 sigma_beta_…  1.07     0.722   1.32   0.663   5.49e-2  3.09    1.00     852.
 95 sigma_beta_…  1.11     0.807   1.14   0.724   7.02e-2  3.18    1.00     807.
 96 sigma_beta_…  1.16     0.809   1.26   0.756   1.02e-1  3.39    1.01     840.
 97 sigma_beta_…  0.926    0.698   0.870  0.662   5.71e-2  2.54    1.00     650.
 98 sigma_beta_…  0.806    0.612   0.817  0.559   5.41e-2  2.18    1.01     374.
 99 sigma_beta_…  0.854    0.631   0.836  0.594   5.71e-2  2.47    1.01     504.
100 sigma_beta_…  0.475    0.386   0.381  0.352   2.94e-2  1.24    1.01     419.
101 sigma_gamma…  1.09     0.801   1.05   0.728   8.66e-2  2.88    1.01     790.
102 sigma_gamma…  1.10     0.746   1.27   0.707   8.52e-2  3.24    1.01     954.
103 sigma_alpha…  0.742    0.546   0.733  0.504   4.31e-2  2.08    1.02     387.
104 sigma_alpha…  0.694    0.494   0.691  0.469   4.59e-2  2.04    1.00     549.
105 sigma_delta…  0.750    0.555   0.722  0.535   4.32e-2  2.12    1.00     514.
106 sigma_delta…  0.736    0.525   0.785  0.484   4.58e-2  2.15    1.00     434.
107 sigma_phi_l…  1.55     1.07    1.91   1.01    9.50e-2  4.37    1.00     470.
108 sigma_gamma…  2.07     1.87    0.986  0.779   9.12e-1  3.90    1.00     375.
109 sigma_gamma…  0.902    0.671   0.842  0.591   7.74e-2  2.48    1.00     561.
# ℹ 1 more variable: ess_tail <dbl>
[1] "Calculating lambda_mean..."
[1] "Calculating lambda_test_mean..."
[1] "Calculating y_rep_mean..."
[1] "Calculating y_test_rep_mean..."
[1] "Generating plots..."
[1] "exposure_V3Q26BHF3SE2H_1" "exposure_V3Q26BHF3SE2H_2"
[3] "exposure_V3Q26BHF3SE2H_3" "exposure_V3Q26BHF3SE2H_4"
[1] 1
Adding missing grouping variables: `location_id_num`
[1] "Skipping daily plot for V3Q26BHF3SE2H due to missing daily data."
[1] "Skipping MLflow logging as existing fit file was loaded."
[1] "Done."
          used  (Mb) gc trigger  (Mb)  max used  (Mb)
Ncells 5092290 272.0    7562465 403.9   7562465 403.9
Vcells 9232110  70.5   89155514 680.3 111444392 850.3
Warning messages:
1: Dropping 'draws_df' class as required metadata was removed. 
2: Dropping 'draws_df' class as required metadata was removed. 
3: Dropping 'draws_df' class as required metadata was removed. 
4: Dropping 'draws_df' class as required metadata was removed. 
