- The project is out-of-sync -- use `renv::status()` for details.
── Attaching core tidyverse packages ──────────────────────── tidyverse 2.0.0 ──
✔ dplyr     1.1.4     ✔ readr     2.1.5
✔ forcats   1.0.0     ✔ stringr   1.5.1
✔ ggplot2   3.5.1     ✔ tibble    3.2.1
✔ lubridate 1.9.4     ✔ tidyr     1.3.1
✔ purrr     1.0.4     
[conflicted] Will prefer dplyr::select over any other package.
[conflicted] Will prefer dplyr::filter over any other package.
[conflicted] Will prefer lubridate::year over any other package.
[conflicted] Will prefer lubridate::month over any other package.
[conflicted] Will prefer purrr::map over any other package.
[conflicted] Will prefer stats::sd over any other package.
[conflicted] Will prefer base::match over any other package.
This is cmdstanr version 0.9.0
- CmdStanR documentation and vignettes: mc-stan.org/cmdstanr
- CmdStan path: /home/nuttidalab/.cmdstan/cmdstan-2.36.0
- CmdStan version: 2.36.0

A newer version of CmdStan is available. See ?install_cmdstan() to install it.
To disable this check set option or environment variable cmdstanr_no_ver_check=TRUE.
This is posterior version 1.6.0
Registered S3 method overwritten by 'tsibble':
  method               from 
  as_tibble.grouped_df dplyr
── Attaching packages ──────────────────────────────────────────── fpp3 1.0.1 ──
✔ tsibble     1.1.6     ✔ feasts      0.4.1
✔ tsibbledata 0.4.1     ✔ fable       0.4.1
Loading required package: R.oo
Loading required package: R.methodsS3
R.methodsS3 v1.8.2 (2022-06-13 22:00:14 UTC) successfully loaded. See ?R.methodsS3 for help.
R.oo v1.27.0 (2024-11-01 18:00:02 UTC) successfully loaded. See ?R.oo for help.

Attaching package: ‘R.oo’

The following object is masked from ‘package:R.methodsS3’:

    throw

The following object is masked from ‘package:shiny’:

    printStackTrace

The following object is masked from ‘package:renv’:

    load

The following objects are masked from ‘package:methods’:

    getClasses, getMethods

The following objects are masked from ‘package:base’:

    attach, detach, load, save

R.utils v2.13.0 (2025-02-24 21:20:02 UTC) successfully loaded. See ?R.utils for help.
Registered S3 method overwritten by 'quantmod':
  method            from
  as.zoo.data.frame zoo 
Registered S3 methods overwritten by 'bayesforecast':
  method      from    
  autoplot.ts forecast
  forecast.ts forecast
  fortify.ts  forecast
  print.garch tseries 
[1] "# of rows: 34628"
[1] "# of rows: 9364"
[1] "Found 16 exposure columns in the data: exposure_2HRX9P6HKXA8V_1, exposure_L69HYJ4Y3TR91_1, exposure_ED5J990H5VAZT_1, exposure_V3Q26BHF3SE2H_1, exposure_V3Q26BHF3SE2H_2, exposure_V3Q26BHF3SE2H_3, exposure_V3Q26BHF3SE2H_4, exposure_78AY09MVJVTYE_1, exposure_2HRX9P6HKXA8V_1_slope, exposure_L69HYJ4Y3TR91_1_slope, exposure_ED5J990H5VAZT_1_slope, exposure_V3Q26BHF3SE2H_1_slope, exposure_V3Q26BHF3SE2H_2_slope, exposure_V3Q26BHF3SE2H_3_slope, exposure_V3Q26BHF3SE2H_4_slope, exposure_78AY09MVJVTYE_1_slope"
Numeric columns considered for scaling:
vegan_window_sum_item_quantity,
vegetarian_window_sum_item_quantity,
meat_window_sum_item_quantity,
vegan_window_avg_item_price,
vegetarian_window_avg_item_price,
meat_window_avg_item_price,
breakfast_p_window_avg_item_price,
textured_p_window_avg_item_price,
untextured_p_window_avg_item_price,
chicken_p_window_avg_item_price,
dairy_p_window_avg_item_price,
egg_p_window_avg_item_price,
breakfast_window_avg_item_price,
textured_window_avg_item_price,
untextured_window_avg_item_price,
breakfast_t2_window_avg_item_price,
textured_t2_window_avg_item_price,
untextured_t2_window_avg_item_price,
chicken_t2_window_avg_item_price,
dairy_t2_window_avg_item_price,
day_of_month,
__index_level_0__,
Value,
vegan_price_real,
vegetarian_price_real,
meat_price_real,
breakfast_p_price_real,
textured_p_price_real,
untextured_p_price_real,
chicken_p_price_real,
dairy_p_price_real,
egg_p_price_real,
breakfast_price_real,
textured_price_real,
untextured_price_real,
breakfast_t2_price_real,
textured_t2_price_real,
untextured_t2_price_real,
chicken_t2_price_real,
dairy_t2_price_real,
inflation,
temp,
precip[1] "Successfully created `expo_to_rest` mapping."
[1] "Successfully created `expo_to_param` mapping."
Identified 16 exposure columns in the design matrix: 
exposure_2HRX9P6HKXA8V_1, 
exposure_L69HYJ4Y3TR91_1, 
exposure_ED5J990H5VAZT_1, 
exposure_V3Q26BHF3SE2H_1, 
exposure_V3Q26BHF3SE2H_2, 
exposure_V3Q26BHF3SE2H_3, 
exposure_V3Q26BHF3SE2H_4, 
exposure_78AY09MVJVTYE_1, 
exposure_2HRX9P6HKXA8V_1_slope, 
exposure_L69HYJ4Y3TR91_1_slope, 
exposure_ED5J990H5VAZT_1_slope, 
exposure_V3Q26BHF3SE2H_1_slope, 
exposure_V3Q26BHF3SE2H_2_slope, 
exposure_V3Q26BHF3SE2H_3_slope, 
exposure_V3Q26BHF3SE2H_4_slope, 
exposure_78AY09MVJVTYE_1_slope
Identified 31 random beta columns: 
vegan_price_real, 
vegetarian_price_real, 
meat_price_real, 
breakfast_t2_price_real, 
weekend, 
holiday_window, 
month_cat2, 
month_cat3, 
month_cat4, 
month_cat5, 
month_cat6, 
month_cat7, 
month_cat8, 
month_cat9, 
month_cat10, 
month_cat11, 
month_cat12, 
seasonspring, 
seasonsummer, 
seasonwinter, 
year_cat2014, 
year_cat2015, 
year_cat2016, 
year_cat2017, 
year_cat2018, 
year_cat2019, 
year_cat2020, 
year_cat2021, 
year_cat2022, 
year_cat2023, 
date_num
Identified 9 fixed beta columns: 
day_of_week_cat1, 
day_of_week_cat2, 
day_of_week_cat3, 
day_of_week_cat4, 
day_of_week_cat5, 
day_of_week_cat6, 
inflation, 
temp, 
precip
Identified 2 random alpha indices (positions): 
1, 7
Identified 2 random delta indices (positions): 
1, 7
[1] "Open-day filtering: using 7567 of 8894 train obs, 426 of 470 test obs"
$R
[1] 5

$J
[1] 57

$p_effective
[1] 12

$q_effective
[1] 12

$M
[1] 2

$idx_intercept
[1] 1

$K_beta_random
[1] 31

$idx_beta_random
[1] 2 3 4 5 6 7

$K_beta_fixed
[1] 9

$idx_beta_fixed
[1] 33 34 35 36 37 38

$K_exposure
[1] 16

$idx_exposure
[1] 42 43 44 45 46 47

$expo_to_rest
[1] 1 2 3 5 5 5

$expo_to_param
[1] 1 1 1 1 1 1

$effective_lags_alpha
[1] 1 2 3 4 5 6

$K_alpha_random
[1] 2

$idx_alpha_random
[1] 1 7

$K_alpha_fixed
[1] 10

$idx_alpha_fixed
[1] 2 3 4 5 6 8

$effective_lags_delta
[1] 1 2 3 4 5 6

$K_delta_random
[1] 2

$idx_delta_random
[1] 1 7

$K_delta_fixed
[1] 10

$idx_delta_fixed
[1] 2 3 4 5 6 8

$N_train
[1] 8894

$X_train
  (Intercept) vegan_price_real vegetarian_price_real meat_price_real
1           1       -0.9734979            -0.6233604      -1.0379122
2           1       -0.3956178            -0.5121179      -1.2986379
3           1       -1.2404187            -0.7867120      -0.9546397
4           1       -0.9444024            -0.7781753      -1.2657956
5           1       -0.8757962            -0.7321307      -1.0624605
6           1       -1.0482783            -0.6977424      -0.9198525
  breakfast_t2_price_real weekend holiday_window month_cat2 month_cat3
1             0.093980170       0              0          0          0
2            -0.000169631       0              0          0          0
3             0.143899040       0              0          0          0
4             0.033155952       1              0          0          0
5             0.154646202       1              0          0          0
6             0.214161438       0              0          0          0
  month_cat4 month_cat5 month_cat6 month_cat7 month_cat8 month_cat9 month_cat10
1          0          0          0          0          0          0           0
2          0          0          0          0          0          0           0
3          0          0          0          0          0          0           0
4          0          0          0          0          0          0           0
5          0          0          0          0          0          0           0
6          0          0          0          0          0          0           0
  month_cat11 month_cat12 seasonspring seasonsummer seasonwinter year_cat2014
1           0           0            0            0            1            0
2           0           0            0            0            1            0
3           0           0            0            0            1            0
4           0           0            0            0            1            0
5           0           0            0            0            1            0
6           0           0            0            0            1            0
  year_cat2015 year_cat2016 year_cat2017 year_cat2018 year_cat2019 year_cat2020
1            0            0            0            0            1            0
2            0            0            0            0            1            0
3            0            0            0            0            1            0
4            0            0            0            0            1            0
5            0            0            0            0            1            0
6            0            0            0            0            1            0
  year_cat2021 year_cat2022 year_cat2023 date_num day_of_week_cat1
1            0            0            0 49.00205                0
2            0            0            0 49.00479                0
3            0            0            0 49.00753                0
4            0            0            0 49.01027                0
5            0            0            0 49.01300                0
6            0            0            0 49.01574                0
  day_of_week_cat2 day_of_week_cat3 day_of_week_cat4 day_of_week_cat5
1                1                0                0                0
2                0                1                0                0
3                0                0                1                0
4                0                0                0                1
5                0                0                0                0
6                0                0                0                0
  day_of_week_cat6 inflation       temp     precip exposure_2HRX9P6HKXA8V_1
1                0 -1.281584 -1.2266867 -0.2815669                        0
2                0 -1.281584 -1.0375494 -0.2815669                        0
3                0 -1.281584 -0.8484121 -0.2815669                        0
4                0 -1.281584 -0.7999153 -0.2815669                        0
5                1 -1.281584 -0.5865296 -0.2815669                        0
6                0 -1.281584 -0.8241637 -0.2815669                        0
  exposure_L69HYJ4Y3TR91_1 exposure_ED5J990H5VAZT_1 exposure_V3Q26BHF3SE2H_1
1                        0                        0                        0
2                        0                        0                        0
3                        0                        0                        0
4                        0                        0                        0
5                        0                        0                        0
6                        0                        0                        0
  exposure_V3Q26BHF3SE2H_2 exposure_V3Q26BHF3SE2H_3 exposure_V3Q26BHF3SE2H_4
1                        0                        0                        0
2                        0                        0                        0
3                        0                        0                        0
4                        0                        0                        0
5                        0                        0                        0
6                        0                        0                        0
  exposure_78AY09MVJVTYE_1 exposure_2HRX9P6HKXA8V_1_slope
1                        0                              0
2                        0                              0
3                        0                              0
4                        0                              0
5                        0                              0
6                        0                              0
  exposure_L69HYJ4Y3TR91_1_slope exposure_ED5J990H5VAZT_1_slope
1                              0                              0
2                              0                              0
3                              0                              0
4                              0                              0
5                              0                              0
6                              0                              0
  exposure_V3Q26BHF3SE2H_1_slope exposure_V3Q26BHF3SE2H_2_slope
1                              0                              0
2                              0                              0
3                              0                              0
4                              0                              0
5                              0                              0
6                              0                              0
  exposure_V3Q26BHF3SE2H_3_slope exposure_V3Q26BHF3SE2H_4_slope
1                              0                              0
2                              0                              0
3                              0                              0
4                              0                              0
5                              0                              0
6                              0                              0
  exposure_78AY09MVJVTYE_1_slope
1                              0
2                              0
3                              0
4                              0
5                              0
6                              0

$y_train
[1] 578 372 195 249 334 170

$idx_to_rest_train
[1] 1 1 1 1 1 1

$train_start_idx
[1]    1 1589 1907 4525 7572

$train_end_idx
[1] 1588 1906 4524 7571 8894

$N_test
[1] 470

$X_test
  (Intercept) vegan_price_real vegetarian_price_real meat_price_real
1           1        1.4438783             1.0945198       0.5765630
2           1        1.0096837             1.0313490      -0.2822821
3           1        1.2226326             1.0973103       1.0323713
4           1        1.7153904             1.5918386       1.1223265
5           1        0.4078392             0.8037686       0.4369367
6           1       -0.6596935            -0.3583083       0.1280966
  breakfast_t2_price_real weekend holiday_window month_cat2 month_cat3
1             0.098435844       0              0          0          0
2            -0.153000134       0              0          0          0
3             0.002177572       0              0          0          0
4            -0.041492561       0              0          0          0
5            -0.024475072       1              0          0          0
6            -0.030987378       1              0          0          0
  month_cat4 month_cat5 month_cat6 month_cat7 month_cat8 month_cat9 month_cat10
1          0          1          0          0          0          0           0
2          0          1          0          0          0          0           0
3          0          1          0          0          0          0           0
4          0          1          0          0          0          0           0
5          0          1          0          0          0          0           0
6          0          1          0          0          0          0           0
  month_cat11 month_cat12 seasonspring seasonsummer seasonwinter year_cat2014
1           0           0            1            0            0            0
2           0           0            1            0            0            0
3           0           0            1            0            0            0
4           0           0            1            0            0            0
5           0           0            1            0            0            0
6           0           0            1            0            0            0
  year_cat2015 year_cat2016 year_cat2017 year_cat2018 year_cat2019 year_cat2020
1            0            0            0            0            0            0
2            0            0            0            0            0            0
3            0            0            0            0            0            0
4            0            0            0            0            0            0
5            0            0            0            0            0            0
6            0            0            0            0            0            0
  year_cat2021 year_cat2022 year_cat2023 date_num day_of_week_cat1
1            0            0            1 53.34976                1
2            0            0            1 53.35250                0
3            0            0            1 53.35524                0
4            0            0            1 53.35797                0
5            0            0            1 53.36071                0
6            0            0            1 53.36345                0
  day_of_week_cat2 day_of_week_cat3 day_of_week_cat4 day_of_week_cat5
1                0                0                0                0
2                1                0                0                0
3                0                1                0                0
4                0                0                1                0
5                0                0                0                1
6                0                0                0                0
  day_of_week_cat6 inflation      temp     precip exposure_2HRX9P6HKXA8V_1
1                0  2.111315 0.5240458 -0.2815669                        1
2                0  2.111315 0.4949478 -0.2815669                        1
3                0  2.111315 0.6549870 -0.2815669                        1
4                0  2.111315 0.8732224 -0.2815669                        1
5                0  2.111315 1.0623597 -0.2815669                        1
6                1  2.111315 1.1642028 -0.2815669                        1
  exposure_L69HYJ4Y3TR91_1 exposure_ED5J990H5VAZT_1 exposure_V3Q26BHF3SE2H_1
1                        0                        0                        0
2                        0                        0                        0
3                        0                        0                        0
4                        0                        0                        0
5                        0                        0                        0
6                        0                        0                        0
  exposure_V3Q26BHF3SE2H_2 exposure_V3Q26BHF3SE2H_3 exposure_V3Q26BHF3SE2H_4
1                        0                        0                        0
2                        0                        0                        0
3                        0                        0                        0
4                        0                        0                        0
5                        0                        0                        0
6                        0                        0                        0
  exposure_78AY09MVJVTYE_1 exposure_2HRX9P6HKXA8V_1_slope
1                        0                       3.926078
2                        0                       3.928816
3                        0                       3.931554
4                        0                       3.934292
5                        0                       3.937029
6                        0                       3.939767
  exposure_L69HYJ4Y3TR91_1_slope exposure_ED5J990H5VAZT_1_slope
1                              0                              0
2                              0                              0
3                              0                              0
4                              0                              0
5                              0                              0
6                              0                              0
  exposure_V3Q26BHF3SE2H_1_slope exposure_V3Q26BHF3SE2H_2_slope
1                              0                              0
2                              0                              0
3                              0                              0
4                              0                              0
5                              0                              0
6                              0                              0
  exposure_V3Q26BHF3SE2H_3_slope exposure_V3Q26BHF3SE2H_4_slope
1                              0                              0
2                              0                              0
3                              0                              0
4                              0                              0
5                              0                              0
6                              0                              0
  exposure_78AY09MVJVTYE_1_slope
1                              0
2                              0
3                              0
4                              0
5                              0
6                              0

$y_test
[1] 149  33 209 247 389 294

$idx_to_rest_test
[1] 1 1 1 1 1 1

$test_start_idx
[1]   1  85 102 240 401

$test_end_idx
[1]  84 101 239 400 470

$mu_gamma_scale
[1] 1

$sigma_gamma_between_scale
[1] 1

$sigma_gamma_within_scale
[1] 1

$mu_beta_scale
[1] 1

$sigma_beta_scale
[1] 1

$mu_alpha_scale
[1] 1

$sigma_alpha_scale
[1] 1

$mu_delta_scale
[1] 1

$sigma_delta_scale
[1] 1

$mu_phi_log_scale
[1] 2

$sigma_phi_log_scale
[1] 1

$z_eta_scale
[1] 1

$z_gamma_scale
[1] 1

$z_beta_scale
[1] 1

$z_alpha_scale
[1] 1

$z_delta_scale
[1] 1

$z_phi_scale
[1] 1

$apply_truncation
[1] 0

$N_total_nonzero
[1] 7567

$idx_total_nonzero
[1] 1 2 3 4 5 6

$N_total_nonzero_test
[1] 426

$idx_total_nonzero_test
[1] 1 2 3 4 5 6

[1] "Using Stan model: model_multilevel_transfer_truncated.stan"
[1] "Fitting the multilevel model..."
Running MCMC with 3 parallel chains...

Chain 1 Informational Message: The current Metropolis proposal is about to be rejected because of the following issue:
Chain 1 Exception: neg_binomial_2_lpmf: Location parameter[1] is -nan, but must be positive finite! (in 'model_multilevel_transfer_truncated.stan', line 457, column 4 to column 67)
Chain 1 If this warning occurs sporadically, such as for highly constrained variable types like covariance matrices, then the sampler is fine,
Chain 1 but if this warning occurs often then your model may be either severely ill-conditioned or misspecified.
Chain 1 
Chain 1 Informational Message: The current Metropolis proposal is about to be rejected because of the following issue:
Chain 1 Exception: neg_binomial_2_lpmf: Location parameter[1] is -nan, but must be positive finite! (in 'model_multilevel_transfer_truncated.stan', line 457, column 4 to column 67)
Chain 1 If this warning occurs sporadically, such as for highly constrained variable types like covariance matrices, then the sampler is fine,
Chain 1 but if this warning occurs often then your model may be either severely ill-conditioned or misspecified.
Chain 1 
Chain 1 Informational Message: The current Metropolis proposal is about to be rejected because of the following issue:
Chain 1 Exception: neg_binomial_2_lpmf: Location parameter[1] is -nan, but must be positive finite! (in 'model_multilevel_transfer_truncated.stan', line 457, column 4 to column 67)
Chain 1 If this warning occurs sporadically, such as for highly constrained variable types like covariance matrices, then the sampler is fine,
Chain 1 but if this warning occurs often then your model may be either severely ill-conditioned or misspecified.
Chain 1 
Chain 1 Informational Message: The current Metropolis proposal is about to be rejected because of the following issue:
Chain 1 Exception: neg_binomial_2_lpmf: Location parameter[1] is -nan, but must be positive finite! (in 'model_multilevel_transfer_truncated.stan', line 457, column 4 to column 67)
Chain 1 If this warning occurs sporadically, such as for highly constrained variable types like covariance matrices, then the sampler is fine,
Chain 1 but if this warning occurs often then your model may be either severely ill-conditioned or misspecified.
Chain 1 
Chain 2 Informational Message: The current Metropolis proposal is about to be rejected because of the following issue:
Chain 2 Exception: neg_binomial_2_lpmf: Location parameter[1] is -nan, but must be positive finite! (in 'model_multilevel_transfer_truncated.stan', line 457, column 4 to column 67)
Chain 2 If this warning occurs sporadically, such as for highly constrained variable types like covariance matrices, then the sampler is fine,
Chain 2 but if this warning occurs often then your model may be either severely ill-conditioned or misspecified.
Chain 2 
Chain 2 Informational Message: The current Metropolis proposal is about to be rejected because of the following issue:
Chain 2 Exception: neg_binomial_2_lpmf: Location parameter[1] is -nan, but must be positive finite! (in 'model_multilevel_transfer_truncated.stan', line 457, column 4 to column 67)
Chain 2 If this warning occurs sporadically, such as for highly constrained variable types like covariance matrices, then the sampler is fine,
Chain 2 but if this warning occurs often then your model may be either severely ill-conditioned or misspecified.
Chain 2 
Chain 2 Informational Message: The current Metropolis proposal is about to be rejected because of the following issue:
Chain 2 Exception: neg_binomial_2_lpmf: Location parameter[1] is -nan, but must be positive finite! (in 'model_multilevel_transfer_truncated.stan', line 457, column 4 to column 67)
Chain 2 If this warning occurs sporadically, such as for highly constrained variable types like covariance matrices, then the sampler is fine,
Chain 2 but if this warning occurs often then your model may be either severely ill-conditioned or misspecified.
Chain 2 
Chain 2 Informational Message: The current Metropolis proposal is about to be rejected because of the following issue:
Chain 2 Exception: neg_binomial_2_lpmf: Location parameter[1] is 0, but must be positive finite! (in 'model_multilevel_transfer_truncated.stan', line 457, column 4 to column 67)
Chain 2 If this warning occurs sporadically, such as for highly constrained variable types like covariance matrices, then the sampler is fine,
Chain 2 but if this warning occurs often then your model may be either severely ill-conditioned or misspecified.
Chain 2 
Chain 2 Informational Message: The current Metropolis proposal is about to be rejected because of the following issue:
Chain 2 Exception: neg_binomial_2_lpmf: Location parameter[1] is 0, but must be positive finite! (in 'model_multilevel_transfer_truncated.stan', line 457, column 4 to column 67)
Chain 2 If this warning occurs sporadically, such as for highly constrained variable types like covariance matrices, then the sampler is fine,
Chain 2 but if this warning occurs often then your model may be either severely ill-conditioned or misspecified.
Chain 2 
Chain 3 Informational Message: The current Metropolis proposal is about to be rejected because of the following issue:
Chain 3 Exception: neg_binomial_2_lpmf: Location parameter[1] is -nan, but must be positive finite! (in 'model_multilevel_transfer_truncated.stan', line 457, column 4 to column 67)
Chain 3 If this warning occurs sporadically, such as for highly constrained variable types like covariance matrices, then the sampler is fine,
Chain 3 but if this warning occurs often then your model may be either severely ill-conditioned or misspecified.
Chain 3 
Chain 3 Informational Message: The current Metropolis proposal is about to be rejected because of the following issue:
Chain 3 Exception: neg_binomial_2_lpmf: Location parameter[1] is -nan, but must be positive finite! (in 'model_multilevel_transfer_truncated.stan', line 457, column 4 to column 67)
Chain 3 If this warning occurs sporadically, such as for highly constrained variable types like covariance matrices, then the sampler is fine,
Chain 3 but if this warning occurs often then your model may be either severely ill-conditioned or misspecified.
Chain 3 
Chain 3 Informational Message: The current Metropolis proposal is about to be rejected because of the following issue:
Chain 3 Exception: neg_binomial_2_lpmf: Location parameter[1] is -nan, but must be positive finite! (in 'model_multilevel_transfer_truncated.stan', line 457, column 4 to column 67)
Chain 3 If this warning occurs sporadically, such as for highly constrained variable types like covariance matrices, then the sampler is fine,
Chain 3 but if this warning occurs often then your model may be either severely ill-conditioned or misspecified.
Chain 3 
Chain 3 Informational Message: The current Metropolis proposal is about to be rejected because of the following issue:
Chain 3 Exception: neg_binomial_2_lpmf: Location parameter[1] is -nan, but must be positive finite! (in 'model_multilevel_transfer_truncated.stan', line 457, column 4 to column 67)
Chain 3 If this warning occurs sporadically, such as for highly constrained variable types like covariance matrices, then the sampler is fine,
Chain 3 but if this warning occurs often then your model may be either severely ill-conditioned or misspecified.
Chain 3 
Chain 3 Informational Message: The current Metropolis proposal is about to be rejected because of the following issue:
Chain 3 Exception: neg_binomial_2_lpmf: Location parameter[1] is -nan, but must be positive finite! (in 'model_multilevel_transfer_truncated.stan', line 457, column 4 to column 67)
Chain 3 If this warning occurs sporadically, such as for highly constrained variable types like covariance matrices, then the sampler is fine,
Chain 3 but if this warning occurs often then your model may be either severely ill-conditioned or misspecified.
Chain 3 
Chain 1 Informational Message: The current Metropolis proposal is about to be rejected because of the following issue:
Chain 1 Exception: neg_binomial_2_lpmf: Location parameter[1] is -nan, but must be positive finite! (in 'model_multilevel_transfer_truncated.stan', line 457, column 4 to column 67)
Chain 1 If this warning occurs sporadically, such as for highly constrained variable types like covariance matrices, then the sampler is fine,
Chain 1 but if this warning occurs often then your model may be either severely ill-conditioned or misspecified.
Chain 1 
Chain 1 Informational Message: The current Metropolis proposal is about to be rejected because of the following issue:
Chain 1 Exception: neg_binomial_2_lpmf: Location parameter[1] is 0, but must be positive finite! (in 'model_multilevel_transfer_truncated.stan', line 457, column 4 to column 67)
Chain 1 If this warning occurs sporadically, such as for highly constrained variable types like covariance matrices, then the sampler is fine,
Chain 1 but if this warning occurs often then your model may be either severely ill-conditioned or misspecified.
Chain 1 
Chain 1 Informational Message: The current Metropolis proposal is about to be rejected because of the following issue:
Chain 1 Exception: neg_binomial_2_lpmf: Location parameter[1] is 0, but must be positive finite! (in 'model_multilevel_transfer_truncated.stan', line 457, column 4 to column 67)
Chain 1 If this warning occurs sporadically, such as for highly constrained variable types like covariance matrices, then the sampler is fine,
Chain 1 but if this warning occurs often then your model may be either severely ill-conditioned or misspecified.
Chain 1 
Chain 1 Informational Message: The current Metropolis proposal is about to be rejected because of the following issue:
Chain 1 Exception: neg_binomial_2_lpmf: Location parameter[1] is inf, but must be positive finite! (in 'model_multilevel_transfer_truncated.stan', line 457, column 4 to column 67)
Chain 1 If this warning occurs sporadically, such as for highly constrained variable types like covariance matrices, then the sampler is fine,
Chain 1 but if this warning occurs often then your model may be either severely ill-conditioned or misspecified.
Chain 1 
Chain 1 Informational Message: The current Metropolis proposal is about to be rejected because of the following issue:
Chain 1 Exception: neg_binomial_2_lpmf: Location parameter[1] is inf, but must be positive finite! (in 'model_multilevel_transfer_truncated.stan', line 457, column 4 to column 67)
Chain 1 If this warning occurs sporadically, such as for highly constrained variable types like covariance matrices, then the sampler is fine,
Chain 1 but if this warning occurs often then your model may be either severely ill-conditioned or misspecified.
Chain 1 
Chain 1 Informational Message: The current Metropolis proposal is about to be rejected because of the following issue:
Chain 1 Exception: neg_binomial_2_lpmf: Location parameter[1] is inf, but must be positive finite! (in 'model_multilevel_transfer_truncated.stan', line 457, column 4 to column 67)
Chain 1 If this warning occurs sporadically, such as for highly constrained variable types like covariance matrices, then the sampler is fine,
Chain 1 but if this warning occurs often then your model may be either severely ill-conditioned or misspecified.
Chain 1 
Chain 1 Informational Message: The current Metropolis proposal is about to be rejected because of the following issue:
Chain 1 Exception: neg_binomial_2_lpmf: Location parameter[38] is 0, but must be positive finite! (in 'model_multilevel_transfer_truncated.stan', line 457, column 4 to column 67)
Chain 1 If this warning occurs sporadically, such as for highly constrained variable types like covariance matrices, then the sampler is fine,
Chain 1 but if this warning occurs often then your model may be either severely ill-conditioned or misspecified.
Chain 1 
Chain 2 Informational Message: The current Metropolis proposal is about to be rejected because of the following issue:
Chain 2 Exception: neg_binomial_2_lpmf: Location parameter[1] is 0, but must be positive finite! (in 'model_multilevel_transfer_truncated.stan', line 457, column 4 to column 67)
Chain 2 If this warning occurs sporadically, such as for highly constrained variable types like covariance matrices, then the sampler is fine,
Chain 2 but if this warning occurs often then your model may be either severely ill-conditioned or misspecified.
Chain 2 
Chain 2 Informational Message: The current Metropolis proposal is about to be rejected because of the following issue:
Chain 2 Exception: neg_binomial_2_lpmf: Location parameter[1] is 0, but must be positive finite! (in 'model_multilevel_transfer_truncated.stan', line 457, column 4 to column 67)
Chain 2 If this warning occurs sporadically, such as for highly constrained variable types like covariance matrices, then the sampler is fine,
Chain 2 but if this warning occurs often then your model may be either severely ill-conditioned or misspecified.
Chain 2 
Chain 3 Informational Message: The current Metropolis proposal is about to be rejected because of the following issue:
Chain 3 Exception: neg_binomial_2_lpmf: Location parameter[1] is -nan, but must be positive finite! (in 'model_multilevel_transfer_truncated.stan', line 457, column 4 to column 67)
Chain 3 If this warning occurs sporadically, such as for highly constrained variable types like covariance matrices, then the sampler is fine,
Chain 3 but if this warning occurs often then your model may be either severely ill-conditioned or misspecified.
Chain 3 
Chain 3 Informational Message: The current Metropolis proposal is about to be rejected because of the following issue:
Chain 3 Exception: neg_binomial_2_lpmf: Location parameter[1] is inf, but must be positive finite! (in 'model_multilevel_transfer_truncated.stan', line 457, column 4 to column 67)
Chain 3 If this warning occurs sporadically, such as for highly constrained variable types like covariance matrices, then the sampler is fine,
Chain 3 but if this warning occurs often then your model may be either severely ill-conditioned or misspecified.
Chain 3 
Chain 1 Informational Message: The current Metropolis proposal is about to be rejected because of the following issue:
Chain 1 Exception: neg_binomial_2_lpmf: Location parameter[766] is inf, but must be positive finite! (in 'model_multilevel_transfer_truncated.stan', line 457, column 4 to column 67)
Chain 1 If this warning occurs sporadically, such as for highly constrained variable types like covariance matrices, then the sampler is fine,
Chain 1 but if this warning occurs often then your model may be either severely ill-conditioned or misspecified.
Chain 1 
Chain 2 Informational Message: The current Metropolis proposal is about to be rejected because of the following issue:
Chain 2 Exception: neg_binomial_2_lpmf: Location parameter[1] is 0, but must be positive finite! (in 'model_multilevel_transfer_truncated.stan', line 457, column 4 to column 67)
Chain 2 If this warning occurs sporadically, such as for highly constrained variable types like covariance matrices, then the sampler is fine,
Chain 2 but if this warning occurs often then your model may be either severely ill-conditioned or misspecified.
Chain 2 
Chain 2 Informational Message: The current Metropolis proposal is about to be rejected because of the following issue:
Chain 2 Exception: neg_binomial_2_lpmf: Location parameter[1] is 0, but must be positive finite! (in 'model_multilevel_transfer_truncated.stan', line 457, column 4 to column 67)
Chain 2 If this warning occurs sporadically, such as for highly constrained variable types like covariance matrices, then the sampler is fine,
Chain 2 but if this warning occurs often then your model may be either severely ill-conditioned or misspecified.
Chain 2 
Chain 3 Informational Message: The current Metropolis proposal is about to be rejected because of the following issue:
Chain 3 Exception: neg_binomial_2_lpmf: Location parameter[1] is inf, but must be positive finite! (in 'model_multilevel_transfer_truncated.stan', line 457, column 4 to column 67)
Chain 3 If this warning occurs sporadically, such as for highly constrained variable types like covariance matrices, then the sampler is fine,
Chain 3 but if this warning occurs often then your model may be either severely ill-conditioned or misspecified.
Chain 3 
Chain 3 Informational Message: The current Metropolis proposal is about to be rejected because of the following issue:
Chain 3 Exception: neg_binomial_2_lpmf: Location parameter[1] is inf, but must be positive finite! (in 'model_multilevel_transfer_truncated.stan', line 457, column 4 to column 67)
Chain 3 If this warning occurs sporadically, such as for highly constrained variable types like covariance matrices, then the sampler is fine,
Chain 3 but if this warning occurs often then your model may be either severely ill-conditioned or misspecified.
Chain 3 
Chain 1 Iteration:    1 / 1750 [  0%]  (Warmup) 
Chain 2 Informational Message: The current Metropolis proposal is about to be rejected because of the following issue:
Chain 2 Exception: neg_binomial_2_lpmf: Location parameter[24] is 0, but must be positive finite! (in 'model_multilevel_transfer_truncated.stan', line 457, column 4 to column 67)
Chain 2 If this warning occurs sporadically, such as for highly constrained variable types like covariance matrices, then the sampler is fine,
Chain 2 but if this warning occurs often then your model may be either severely ill-conditioned or misspecified.
Chain 2 
Chain 2 Informational Message: The current Metropolis proposal is about to be rejected because of the following issue:
Chain 2 Exception: neg_binomial_2_lpmf: Location parameter[38] is inf, but must be positive finite! (in 'model_multilevel_transfer_truncated.stan', line 457, column 4 to column 67)
Chain 2 If this warning occurs sporadically, such as for highly constrained variable types like covariance matrices, then the sampler is fine,
Chain 2 but if this warning occurs often then your model may be either severely ill-conditioned or misspecified.
Chain 2 
Chain 3 Informational Message: The current Metropolis proposal is about to be rejected because of the following issue:
Chain 3 Exception: neg_binomial_2_lpmf: Location parameter[1] is inf, but must be positive finite! (in 'model_multilevel_transfer_truncated.stan', line 457, column 4 to column 67)
Chain 3 If this warning occurs sporadically, such as for highly constrained variable types like covariance matrices, then the sampler is fine,
Chain 3 but if this warning occurs often then your model may be either severely ill-conditioned or misspecified.
Chain 3 
Chain 3 Informational Message: The current Metropolis proposal is about to be rejected because of the following issue:
Chain 3 Exception: neg_binomial_2_lpmf: Location parameter[1] is inf, but must be positive finite! (in 'model_multilevel_transfer_truncated.stan', line 457, column 4 to column 67)
Chain 3 If this warning occurs sporadically, such as for highly constrained variable types like covariance matrices, then the sampler is fine,
Chain 3 but if this warning occurs often then your model may be either severely ill-conditioned or misspecified.
Chain 3 
Chain 1 Informational Message: The current Metropolis proposal is about to be rejected because of the following issue:
Chain 1 Exception: neg_binomial_2_lpmf: Location parameter[1] is -nan, but must be positive finite! (in 'model_multilevel_transfer_truncated.stan', line 457, column 4 to column 67)
Chain 1 If this warning occurs sporadically, such as for highly constrained variable types like covariance matrices, then the sampler is fine,
Chain 1 but if this warning occurs often then your model may be either severely ill-conditioned or misspecified.
Chain 1 
Chain 1 Informational Message: The current Metropolis proposal is about to be rejected because of the following issue:
Chain 1 Exception: neg_binomial_2_lpmf: Location parameter[1] is -nan, but must be positive finite! (in 'model_multilevel_transfer_truncated.stan', line 457, column 4 to column 67)
Chain 1 If this warning occurs sporadically, such as for highly constrained variable types like covariance matrices, then the sampler is fine,
Chain 1 but if this warning occurs often then your model may be either severely ill-conditioned or misspecified.
Chain 1 
Chain 2 Informational Message: The current Metropolis proposal is about to be rejected because of the following issue:
Chain 2 Exception: neg_binomial_2_lpmf: Location parameter[358] is inf, but must be positive finite! (in 'model_multilevel_transfer_truncated.stan', line 457, column 4 to column 67)
Chain 2 If this warning occurs sporadically, such as for highly constrained variable types like covariance matrices, then the sampler is fine,
Chain 2 but if this warning occurs often then your model may be either severely ill-conditioned or misspecified.
Chain 2 
Chain 3 Informational Message: The current Metropolis proposal is about to be rejected because of the following issue:
Chain 3 Exception: neg_binomial_2_lpmf: Location parameter[1] is inf, but must be positive finite! (in 'model_multilevel_transfer_truncated.stan', line 457, column 4 to column 67)
Chain 3 If this warning occurs sporadically, such as for highly constrained variable types like covariance matrices, then the sampler is fine,
Chain 3 but if this warning occurs often then your model may be either severely ill-conditioned or misspecified.
Chain 3 
Chain 3 Informational Message: The current Metropolis proposal is about to be rejected because of the following issue:
Chain 3 Exception: neg_binomial_2_lpmf: Location parameter[45] is 0, but must be positive finite! (in 'model_multilevel_transfer_truncated.stan', line 457, column 4 to column 67)
Chain 3 If this warning occurs sporadically, such as for highly constrained variable types like covariance matrices, then the sampler is fine,
Chain 3 but if this warning occurs often then your model may be either severely ill-conditioned or misspecified.
Chain 3 
Chain 1 Informational Message: The current Metropolis proposal is about to be rejected because of the following issue:
Chain 1 Exception: neg_binomial_2_lpmf: Location parameter[1] is 0, but must be positive finite! (in 'model_multilevel_transfer_truncated.stan', line 457, column 4 to column 67)
Chain 1 If this warning occurs sporadically, such as for highly constrained variable types like covariance matrices, then the sampler is fine,
Chain 1 but if this warning occurs often then your model may be either severely ill-conditioned or misspecified.
Chain 1 
Chain 1 Informational Message: The current Metropolis proposal is about to be rejected because of the following issue:
Chain 1 Exception: neg_binomial_2_lpmf: Location parameter[182] is inf, but must be positive finite! (in 'model_multilevel_transfer_truncated.stan', line 457, column 4 to column 67)
Chain 1 If this warning occurs sporadically, such as for highly constrained variable types like covariance matrices, then the sampler is fine,
Chain 1 but if this warning occurs often then your model may be either severely ill-conditioned or misspecified.
Chain 1 
Chain 2 Iteration:    1 / 1750 [  0%]  (Warmup) 
Chain 3 Informational Message: The current Metropolis proposal is about to be rejected because of the following issue:
Chain 3 Exception: neg_binomial_2_lpmf: Location parameter[599] is inf, but must be positive finite! (in 'model_multilevel_transfer_truncated.stan', line 457, column 4 to column 67)
Chain 3 If this warning occurs sporadically, such as for highly constrained variable types like covariance matrices, then the sampler is fine,
Chain 3 but if this warning occurs often then your model may be either severely ill-conditioned or misspecified.
Chain 3 
Chain 3 Iteration:    1 / 1750 [  0%]  (Warmup) 
Chain 2 Informational Message: The current Metropolis proposal is about to be rejected because of the following issue:
Chain 2 Exception: neg_binomial_2_lpmf: Location parameter[1] is -nan, but must be positive finite! (in 'model_multilevel_transfer_truncated.stan', line 457, column 4 to column 67)
Chain 2 If this warning occurs sporadically, such as for highly constrained variable types like covariance matrices, then the sampler is fine,
Chain 2 but if this warning occurs often then your model may be either severely ill-conditioned or misspecified.
Chain 2 
Chain 3 Informational Message: The current Metropolis proposal is about to be rejected because of the following issue:
Chain 3 Exception: neg_binomial_2_lpmf: Location parameter[1] is -nan, but must be positive finite! (in 'model_multilevel_transfer_truncated.stan', line 457, column 4 to column 67)
Chain 3 If this warning occurs sporadically, such as for highly constrained variable types like covariance matrices, then the sampler is fine,
Chain 3 but if this warning occurs often then your model may be either severely ill-conditioned or misspecified.
Chain 3 
Chain 2 Informational Message: The current Metropolis proposal is about to be rejected because of the following issue:
Chain 2 Exception: neg_binomial_2_lpmf: Location parameter[1] is -nan, but must be positive finite! (in 'model_multilevel_transfer_truncated.stan', line 457, column 4 to column 67)
Chain 2 If this warning occurs sporadically, such as for highly constrained variable types like covariance matrices, then the sampler is fine,
Chain 2 but if this warning occurs often then your model may be either severely ill-conditioned or misspecified.
Chain 2 
Chain 2 Informational Message: The current Metropolis proposal is about to be rejected because of the following issue:
Chain 2 Exception: neg_binomial_2_lpmf: Location parameter[1] is inf, but must be positive finite! (in 'model_multilevel_transfer_truncated.stan', line 457, column 4 to column 67)
Chain 2 If this warning occurs sporadically, such as for highly constrained variable types like covariance matrices, then the sampler is fine,
Chain 2 but if this warning occurs often then your model may be either severely ill-conditioned or misspecified.
Chain 2 
Chain 3 Informational Message: The current Metropolis proposal is about to be rejected because of the following issue:
Chain 3 Exception: neg_binomial_2_lpmf: Location parameter[1] is -nan, but must be positive finite! (in 'model_multilevel_transfer_truncated.stan', line 457, column 4 to column 67)
Chain 3 If this warning occurs sporadically, such as for highly constrained variable types like covariance matrices, then the sampler is fine,
Chain 3 but if this warning occurs often then your model may be either severely ill-conditioned or misspecified.
Chain 3 
Chain 3 Informational Message: The current Metropolis proposal is about to be rejected because of the following issue:
Chain 3 Exception: neg_binomial_2_lpmf: Location parameter[1] is -nan, but must be positive finite! (in 'model_multilevel_transfer_truncated.stan', line 457, column 4 to column 67)
Chain 3 If this warning occurs sporadically, such as for highly constrained variable types like covariance matrices, then the sampler is fine,
Chain 3 but if this warning occurs often then your model may be either severely ill-conditioned or misspecified.
Chain 3 
Chain 2 Informational Message: The current Metropolis proposal is about to be rejected because of the following issue:
Chain 2 Exception: neg_binomial_2_lpmf: Location parameter[30] is 0, but must be positive finite! (in 'model_multilevel_transfer_truncated.stan', line 457, column 4 to column 67)
Chain 2 If this warning occurs sporadically, such as for highly constrained variable types like covariance matrices, then the sampler is fine,
Chain 2 but if this warning occurs often then your model may be either severely ill-conditioned or misspecified.
Chain 2 
Chain 3 Informational Message: The current Metropolis proposal is about to be rejected because of the following issue:
Chain 3 Exception: neg_binomial_2_lpmf: Location parameter[1] is inf, but must be positive finite! (in 'model_multilevel_transfer_truncated.stan', line 457, column 4 to column 67)
Chain 3 If this warning occurs sporadically, such as for highly constrained variable types like covariance matrices, then the sampler is fine,
Chain 3 but if this warning occurs often then your model may be either severely ill-conditioned or misspecified.
Chain 3 
Chain 3 Informational Message: The current Metropolis proposal is about to be rejected because of the following issue:
Chain 3 Exception: neg_binomial_2_lpmf: Location parameter[1753] is inf, but must be positive finite! (in 'model_multilevel_transfer_truncated.stan', line 457, column 4 to column 67)
Chain 3 If this warning occurs sporadically, such as for highly constrained variable types like covariance matrices, then the sampler is fine,
Chain 3 but if this warning occurs often then your model may be either severely ill-conditioned or misspecified.
Chain 3 
Chain 3 Iteration:  100 / 1750 [  5%]  (Warmup) 
Chain 1 Iteration:  100 / 1750 [  5%]  (Warmup) 
Chain 2 Iteration:  100 / 1750 [  5%]  (Warmup) 
Chain 3 Iteration:  200 / 1750 [ 11%]  (Warmup) 
Chain 1 Iteration:  200 / 1750 [ 11%]  (Warmup) 
Chain 2 Iteration:  200 / 1750 [ 11%]  (Warmup) 
Chain 1 Iteration:  300 / 1750 [ 17%]  (Warmup) 
Chain 3 Iteration:  300 / 1750 [ 17%]  (Warmup) 
Chain 2 Iteration:  300 / 1750 [ 17%]  (Warmup) 
Chain 1 Iteration:  400 / 1750 [ 22%]  (Warmup) 
Chain 3 Iteration:  400 / 1750 [ 22%]  (Warmup) 
Chain 2 Iteration:  400 / 1750 [ 22%]  (Warmup) 
Chain 2 Iteration:  500 / 1750 [ 28%]  (Warmup) 
Chain 1 Iteration:  500 / 1750 [ 28%]  (Warmup) 
Chain 3 Iteration:  500 / 1750 [ 28%]  (Warmup) 
Chain 2 Iteration:  600 / 1750 [ 34%]  (Warmup) 
Chain 3 Iteration:  600 / 1750 [ 34%]  (Warmup) 
Chain 1 Iteration:  600 / 1750 [ 34%]  (Warmup) 
Chain 2 Iteration:  700 / 1750 [ 40%]  (Warmup) 
Chain 3 Iteration:  700 / 1750 [ 40%]  (Warmup) 
Chain 1 Iteration:  700 / 1750 [ 40%]  (Warmup) 
Chain 2 Iteration:  751 / 1750 [ 42%]  (Sampling) 
Chain 3 Iteration:  751 / 1750 [ 42%]  (Sampling) 
Chain 1 Iteration:  751 / 1750 [ 42%]  (Sampling) 
Chain 2 Iteration:  850 / 1750 [ 48%]  (Sampling) 
Chain 3 Iteration:  850 / 1750 [ 48%]  (Sampling) 
Chain 1 Iteration:  850 / 1750 [ 48%]  (Sampling) 
Chain 2 Iteration:  950 / 1750 [ 54%]  (Sampling) 
Chain 3 Iteration:  950 / 1750 [ 54%]  (Sampling) 
Chain 1 Iteration:  950 / 1750 [ 54%]  (Sampling) 
Chain 2 Iteration: 1050 / 1750 [ 60%]  (Sampling) 
Chain 1 Iteration: 1050 / 1750 [ 60%]  (Sampling) 
Chain 3 Iteration: 1050 / 1750 [ 60%]  (Sampling) 
Chain 2 Iteration: 1150 / 1750 [ 65%]  (Sampling) 
Chain 1 Iteration: 1150 / 1750 [ 65%]  (Sampling) 
Chain 3 Iteration: 1150 / 1750 [ 65%]  (Sampling) 
Chain 2 Iteration: 1250 / 1750 [ 71%]  (Sampling) 
Chain 1 Iteration: 1250 / 1750 [ 71%]  (Sampling) 
Chain 3 Iteration: 1250 / 1750 [ 71%]  (Sampling) 
Chain 2 Iteration: 1350 / 1750 [ 77%]  (Sampling) 
Chain 1 Iteration: 1350 / 1750 [ 77%]  (Sampling) 
Chain 3 Iteration: 1350 / 1750 [ 77%]  (Sampling) 
Chain 2 Iteration: 1450 / 1750 [ 82%]  (Sampling) 
Chain 1 Iteration: 1450 / 1750 [ 82%]  (Sampling) 
Chain 3 Iteration: 1450 / 1750 [ 82%]  (Sampling) 
Chain 2 Iteration: 1550 / 1750 [ 88%]  (Sampling) 
Chain 1 Iteration: 1550 / 1750 [ 88%]  (Sampling) 
Chain 3 Iteration: 1550 / 1750 [ 88%]  (Sampling) 
Chain 2 Iteration: 1650 / 1750 [ 94%]  (Sampling) 
Chain 1 Iteration: 1650 / 1750 [ 94%]  (Sampling) 
Chain 3 Iteration: 1650 / 1750 [ 94%]  (Sampling) 
Chain 2 Iteration: 1750 / 1750 [100%]  (Sampling) 
Chain 2 finished in 80546.6 seconds.
Chain 1 Iteration: 1750 / 1750 [100%]  (Sampling) 
Chain 1 finished in 81558.3 seconds.
Chain 3 Iteration: 1750 / 1750 [100%]  (Sampling) 
Chain 3 finished in 82153.9 seconds.

All 3 chains finished successfully.
Mean chain execution time: 81419.6 seconds.
Total execution time: 82155.5 seconds.

Warning: 8 of 3000 (0.0%) transitions ended with a divergence.
See https://mc-stan.org/misc/warnings for details.

Warning: 2992 of 3000 (100.0%) transitions hit the maximum treedepth limit of 10.
See https://mc-stan.org/misc/warnings for details.

[1] "Saving fit object..."
[1] "Calculating summary..."
[1] "Calculating samples..."
[1] "Calculating metadata..."
[1] "Summary of Hyperpriors (mu_*, sigma_*):"
# A tibble: 109 × 10
    variable      mean   median      sd     mad       q5      q95  rhat ess_bulk
    <chr>        <dbl>    <dbl>   <dbl>   <dbl>    <dbl>    <dbl> <dbl>    <dbl>
  1 mu_beta_…  1.50     1.70e+0 3.62    3.83    -4.49     7.15     1.07    48.5 
  2 mu_beta_… -0.0586  -5.51e-2 0.0948  0.0674  -0.216    0.104    1.10    21.6 
  3 mu_beta_…  0.165    1.70e-1 0.183   0.170   -0.164    0.451    1.20    11.8 
  4 mu_beta_…  0.0728   9.39e-2 0.205   0.176   -0.319    0.366    1.19    13.4 
  5 mu_beta_…  0.0297   2.72e-2 0.0209  0.0187   0.00155  0.0661   1.15    21.0 
  6 mu_beta_…  0.220    2.31e-1 0.647   0.420   -0.719    1.21     1.24    10.1 
  7 mu_beta_…  0.139    1.44e-1 0.0703  0.0621   0.0175   0.248    1.03    88.1 
  8 mu_beta_… -0.0373  -3.27e-2 0.106   0.0890  -0.222    0.140    1.15    16.2 
  9 mu_beta_…  0.0867   6.34e-2 0.307   0.286   -0.389    0.631    1.12    22.9 
 10 mu_beta_…  0.0874   3.13e-2 0.356   0.306   -0.408    0.764    1.18    16.1 
 11 mu_beta_…  0.0480   1.12e-2 0.354   0.335   -0.468    0.711    1.19    14.2 
 12 mu_beta_… -0.0709  -1.16e-1 0.467   0.367   -0.772    0.872    1.26     9.09
 13 mu_beta_… -0.121   -1.61e-1 0.460   0.328   -0.834    0.748    1.21    11.3 
 14 mu_beta_… -0.0649  -1.29e-1 0.475   0.344   -0.720    0.896    1.20    11.6 
 15 mu_beta_… -0.00540 -1.45e-3 0.217   0.210   -0.379    0.343    1.09    29.2 
 16 mu_beta_…  0.0472   3.95e-2 0.212   0.178   -0.277    0.388    1.11    27.2 
 17 mu_beta_… -0.0672  -6.71e-2 0.210   0.206   -0.407    0.256    1.10    25.6 
 18 mu_beta_…  0.0325   1.71e-2 0.167   0.124   -0.205    0.301    1.19    11.1 
 19 mu_beta_… -0.178   -1.58e-1 0.376   0.348   -0.843    0.398    1.09    38.2 
 20 mu_beta_…  0.00780  4.96e-2 0.470   0.446   -0.888    0.689    1.18    12.2 
 21 mu_beta_…  0.00844  2.17e-2 0.224   0.214   -0.395    0.351    1.11    22.7 
 22 mu_beta_… -0.108   -8.75e-2 0.596   0.575   -1.08     0.865    1.07    46.9 
 23 mu_beta_… -0.0848  -4.32e-2 0.658   0.582   -1.17     0.942    1.14    19.6 
 24 mu_beta_… -0.777   -6.09e-1 1.32    1.07    -3.21     0.992    1.07    46.7 
 25 mu_beta_… -0.413   -4.16e-1 0.725   0.637   -1.53     0.940    1.10    36.2 
 26 mu_beta_… -0.00431  3.35e-2 0.577   0.439   -1.10     0.883    1.09    25.3 
 27 mu_beta_…  0.325    3.50e-1 0.447   0.448   -0.469    0.984    1.06    34.1 
 28 mu_beta_… -0.0847  -3.13e-2 0.438   0.366   -0.893    0.523    1.05    56.4 
 29 mu_beta_…  0.242    2.18e-1 0.317   0.304   -0.283    0.777    1.06    44.0 
 30 mu_beta_…  0.281    2.63e-1 0.342   0.311   -0.234    0.878    1.05    46.5 
 31 mu_beta_…  0.151    1.30e-1 0.375   0.352   -0.436    0.795    1.08    38.5 
 32 mu_beta_… -0.0173  -1.21e-2 0.0889  0.0791  -0.180    0.128    1.04    49.0 
 33 mu_beta_…  0.0322   3.30e-2 0.0346  0.0357  -0.0286   0.0870   1.03    93.2 
 34 mu_beta_…  0.116    1.17e-1 0.0378  0.0385   0.0536   0.180    1.10    24.8 
 35 mu_beta_…  0.0941   9.51e-2 0.0349  0.0320   0.0329   0.150    1.07    52.6 
 36 mu_beta_…  0.267    2.66e-1 0.0392  0.0427   0.204    0.332    1.10    28.4 
 37 mu_beta_…  0.104    1.08e-1 0.628   0.400   -0.875    0.992    1.29     8.75
 38 mu_beta_…  0.226    2.31e-1 0.626   0.406   -0.751    1.12     1.28     8.83
 39 mu_beta_…  0.232    2.32e-1 0.0828  0.0868   0.102    0.369    1.03    82.9 
 40 mu_beta_…  0.0328   3.23e-2 0.0149  0.0144   0.00848  0.0565   1.05    68.5 
 41 mu_beta_… -0.0168  -1.67e-2 0.00581 0.00577 -0.0264  -0.00749  1.02   110.  
 42 mu_gamma… -0.176   -1.84e-1 0.134   0.0934  -0.381    0.0391   1.14    20.3 
 43 mu_gamma… -0.00184 -1.05e-2 0.327   0.306   -0.510    0.514    1.17    12.8 
 44 mu_alpha…  0.392    3.85e-1 0.171   0.120    0.145    0.679    1.07    50.8 
 45 mu_alpha…  0.0583   7.03e-2 0.127   0.0854  -0.193    0.242    1.49     6.04
 46 mu_alpha…  0.0512   5.06e-2 0.0150  0.0150   0.0265   0.0763   1.02    69.8 
 47 mu_alpha…  0.0296   2.96e-2 0.0149  0.0156   0.00554  0.0545   1.01    96.9 
 48 mu_alpha…  0.0596   5.93e-2 0.0144  0.0146   0.0362   0.0829   1.04    86.9 
 49 mu_alpha… -0.00171 -9.88e-4 0.0177  0.0173  -0.0328   0.0266   1.01    82.9 
 50 mu_alpha…  0.0366   3.70e-2 0.0147  0.0147   0.0111   0.0596   1.05    83.9 
 51 mu_alpha…  0.0493   5.00e-2 0.0182  0.0179   0.0185   0.0793   1.04   110.  
 52 mu_alpha…  0.0198   1.87e-2 0.0196  0.0177  -0.0119   0.0530   1.08    35.3 
 53 mu_alpha…  0.0593   5.96e-2 0.0188  0.0186   0.0282   0.0908   1.16    23.0 
 54 mu_alpha…  0.0504   5.02e-2 0.0168  0.0168   0.0237   0.0792   1.05    73.8 
 55 mu_alpha…  0.0537   5.32e-2 0.0175  0.0171   0.0255   0.0826   1.06    85.0 
 56 mu_delta… -0.151   -1.69e-1 0.113   0.0886  -0.302    0.0496   1.04    65.1 
 57 mu_delta…  0.243    2.74e-1 0.302   0.287   -0.308    0.664    1.27    10.8 
 58 mu_delta… -0.302   -3.06e-1 0.0384  0.0369  -0.359   -0.235    1.08    32.5 
 59 mu_delta… -0.178   -1.77e-1 0.0398  0.0360  -0.251   -0.113    1.04    55.3 
 60 mu_delta… -0.119   -1.20e-1 0.0419  0.0421  -0.190   -0.0519   1.07    50.0 
 61 mu_delta…  0.0125   1.46e-2 0.0440  0.0479  -0.0608   0.0782   1.09    36.9 
 62 mu_delta…  0.0158   1.60e-2 0.0351  0.0358  -0.0389   0.0741   1.02    97.3 
 63 mu_delta… -0.0560  -5.48e-2 0.0332  0.0351  -0.110   -0.00266  1.04    95.9 
 64 mu_delta…  0.0194   2.19e-2 0.0314  0.0303  -0.0357   0.0644   1.04    77.6 
 65 mu_delta…  0.0164   1.70e-2 0.0326  0.0328  -0.0366   0.0700   1.04    53.9 
 66 mu_delta… -0.0733  -7.40e-2 0.0293  0.0308  -0.120   -0.0251   1.03    77.2 
 67 mu_delta… -0.0359  -3.77e-2 0.0309  0.0298  -0.0847   0.0183   1.06    81.6 
 68 mu_phi_l…  1.67     1.69e+0 0.497   0.495    0.770    2.42     1.09    24.9 
 69 sigma_be…  1.77     1.42e+0 1.45    1.26     0.126    4.50     1.10    22.7 
 70 sigma_be…  0.198    1.72e-1 0.111   0.0872   0.0766   0.429    1.07    37.3 
 71 sigma_be…  0.442    4.00e-1 0.154   0.119    0.272    0.727    1.13    20.8 
 72 sigma_be…  0.504    4.46e-1 0.223   0.185    0.261    0.963    1.14    21.6 
 73 sigma_be…  0.0496   3.94e-2 0.0346  0.0200   0.0174   0.121    1.04    58.0 
 74 sigma_be…  0.247    1.96e-1 0.157   0.112    0.0843   0.580    1.10    26.4 
 75 sigma_be…  0.102    8.29e-2 0.0884  0.0677   0.00729  0.261    1.05    77.1 
 76 sigma_be…  0.202    1.75e-1 0.135   0.102    0.0359   0.433    1.07    36.6 
 77 sigma_be…  0.287    2.29e-1 0.176   0.106    0.113    0.640    1.12    19.1 
 78 sigma_be…  0.0972   6.47e-2 0.103   0.0676   0.00694  0.290    1.01    93.1 
 79 sigma_be…  0.110    7.01e-2 0.125   0.0685   0.00902  0.342    1.02    65.1 
 80 sigma_be…  0.149    1.09e-1 0.137   0.0976   0.0153   0.411    1.09    46.5 
 81 sigma_be…  0.106    8.35e-2 0.103   0.0732   0.00811  0.276    1.05    83.9 
 82 sigma_be…  0.210    1.39e-1 0.234   0.138    0.0137   0.687    1.08    66.3 
 83 sigma_be…  0.140    1.10e-1 0.121   0.0982   0.00983  0.367    1.16    17.2 
 84 sigma_be…  0.137    1.09e-1 0.106   0.0836   0.0197   0.338    1.04    54.4 
 85 sigma_be…  0.180    1.62e-1 0.119   0.105    0.0250   0.397    1.19    11.8 
 86 sigma_be…  0.195    1.49e-1 0.172   0.126    0.0141   0.549    1.04    51.0 
 87 sigma_be…  0.222    1.71e-1 0.230   0.114    0.0428   0.542    1.06    51.2 
 88 sigma_be…  0.248    2.08e-1 0.181   0.157    0.0454   0.585    1.06    43.6 
 89 sigma_be…  0.157    1.17e-1 0.151   0.0875   0.0217   0.428    1.16    13.2 
 90 sigma_be…  0.666    4.36e-1 0.692   0.450    0.0539   2.05     1.06    57.9 
 91 sigma_be…  0.730    5.36e-1 0.650   0.505    0.0448   2.05     1.08    48.7 
 92 sigma_be…  3.54     3.18e+0 1.59    1.20     1.80     6.77     1.03    57.3 
 93 sigma_be…  1.33     1.13e+0 0.860   0.510    0.546    2.80     1.04    68.6 
 94 sigma_be…  0.759    5.86e-1 0.608   0.411    0.171    1.90     1.02    82.0 
 95 sigma_be…  0.507    3.76e-1 0.432   0.326    0.0722   1.35     1.04    53.9 
 96 sigma_be…  0.778    5.81e-1 0.683   0.520    0.0847   2.14     1.05    47.8 
 97 sigma_be…  0.433    3.41e-1 0.360   0.256    0.0582   1.13     1.09    51.0 
 98 sigma_be…  0.171    1.21e-1 0.171   0.106    0.00992  0.514    1.12    24.2 
 99 sigma_be…  0.191    1.22e-1 0.207   0.128    0.00760  0.637    1.07    44.6 
100 sigma_be…  0.113    9.51e-2 0.0825  0.0561   0.0214   0.262    1.14    19.0 
101 sigma_ga…  0.212    1.28e-1 0.271   0.126    0.0150   0.760    1.24    10.3 
102 sigma_ga…  0.475    4.18e-1 0.246   0.197    0.175    0.945    1.03    91.0 
103 sigma_al…  0.363    3.13e-1 0.190   0.111    0.176    0.722    1.04    62.7 
104 sigma_al…  0.177    1.40e-1 0.127   0.0739   0.0593   0.441    1.16    14.6 
105 sigma_de…  0.184    1.37e-1 0.164   0.129    0.0115   0.503    1.03    62.6 
106 sigma_de…  0.635    6.02e-1 0.221   0.203    0.350    1.03     1.06    53.0 
107 sigma_ph…  1.19     1.03e+0 0.571   0.382    0.632    2.30     1.03    48.3 
108 sigma_ga…  2.04     1.65e+0 1.93    0.577    0.961    3.57     1.26     9.48
109 sigma_ga…  2.07     1.81e+0 1.54    1.11     0.385    4.36     1.09    28.3 
# ℹ 1 more variable: ess_tail <dbl>
[1] "Calculating lambda_mean..."
[1] "Calculating lambda_test_mean..."
[1] "Calculating y_rep_mean..."
[1] "Calculating y_test_rep_mean..."
[1] "Generating plots..."
[1] "exposure_2HRX9P6HKXA8V_1" "exposure_L69HYJ4Y3TR91_1"
[3] "exposure_ED5J990H5VAZT_1" "exposure_V3Q26BHF3SE2H_1"
[5] "exposure_V3Q26BHF3SE2H_2" "exposure_V3Q26BHF3SE2H_3"
[7] "exposure_V3Q26BHF3SE2H_4" "exposure_78AY09MVJVTYE_1"
[1] 5
Adding missing grouping variables: `location_id_num`
[1] "Skipping daily plot for 2HRX9P6HKXA8V due to missing daily data."
[1] "Skipping daily plot for L69HYJ4Y3TR91 due to missing daily data."
[1] "Skipping daily plot for ED5J990H5VAZT due to missing daily data."
[1] "Skipping daily plot for 78AY09MVJVTYE due to missing daily data."
[1] "Skipping daily plot for V3Q26BHF3SE2H due to missing daily data."
[1] "Skipping MLflow logging as existing fit file was loaded."
[1] "Done."
           used  (Mb) gc trigger   (Mb)  max used   (Mb)
Ncells  5141919 274.7    7663068  409.3   7663068  409.3
Vcells 11037452  84.3  570873780 4355.5 706096892 5387.1
Warning messages:
1: Dropping 'draws_df' class as required metadata was removed. 
2: Dropping 'draws_df' class as required metadata was removed. 
3: Dropping 'draws_df' class as required metadata was removed. 
4: Dropping 'draws_df' class as required metadata was removed. 
