- The project is out-of-sync -- use `renv::status()` for details.
── Attaching core tidyverse packages ──────────────────────── tidyverse 2.0.0 ──
✔ dplyr     1.1.4     ✔ readr     2.1.5
✔ forcats   1.0.0     ✔ stringr   1.5.1
✔ ggplot2   3.5.1     ✔ tibble    3.2.1
✔ lubridate 1.9.4     ✔ tidyr     1.3.1
✔ purrr     1.0.4     
[conflicted] Will prefer dplyr::select over any other package.
[conflicted] Will prefer dplyr::filter over any other package.
[conflicted] Will prefer lubridate::year over any other package.
[conflicted] Will prefer lubridate::month over any other package.
[conflicted] Will prefer purrr::map over any other package.
[conflicted] Will prefer stats::sd over any other package.
[conflicted] Will prefer base::match over any other package.
This is cmdstanr version 0.9.0
- CmdStanR documentation and vignettes: mc-stan.org/cmdstanr
- CmdStan path: /home/nuttidalab/.cmdstan/cmdstan-2.36.0
- CmdStan version: 2.36.0

A newer version of CmdStan is available. See ?install_cmdstan() to install it.
To disable this check set option or environment variable cmdstanr_no_ver_check=TRUE.
This is posterior version 1.6.0
Registered S3 method overwritten by 'tsibble':
  method               from 
  as_tibble.grouped_df dplyr
── Attaching packages ──────────────────────────────────────────── fpp3 1.0.1 ──
✔ tsibble     1.1.6     ✔ feasts      0.4.1
✔ tsibbledata 0.4.1     ✔ fable       0.4.1
Loading required package: R.oo
Loading required package: R.methodsS3
R.methodsS3 v1.8.2 (2022-06-13 22:00:14 UTC) successfully loaded. See ?R.methodsS3 for help.
R.oo v1.27.0 (2024-11-01 18:00:02 UTC) successfully loaded. See ?R.oo for help.

Attaching package: ‘R.oo’

The following object is masked from ‘package:R.methodsS3’:

    throw

The following object is masked from ‘package:shiny’:

    printStackTrace

The following object is masked from ‘package:renv’:

    load

The following objects are masked from ‘package:methods’:

    getClasses, getMethods

The following objects are masked from ‘package:base’:

    attach, detach, load, save

R.utils v2.13.0 (2025-02-24 21:20:02 UTC) successfully loaded. See ?R.utils for help.
Registered S3 method overwritten by 'quantmod':
  method            from
  as.zoo.data.frame zoo 
Registered S3 methods overwritten by 'bayesforecast':
  method      from    
  autoplot.ts forecast
  forecast.ts forecast
  fortify.ts  forecast
  print.garch tseries 
[1] "# of rows: 261451"
[1] "# of rows: 82896"
  Items before transaction aggregation: 82896 
  Transactions after aggregation: 48547 
[1] "# of rows: 39410"
  Transactions after pre/post filter: 39410 
  Demeaned outcome range: [ -3 ,  8 ]
  Demeaned outcome mean: -8e-05 
[1] "Created 5 gender x exposure interaction columns: exposure_SRQS8F7JWA9MZ_1_gendermale, exposure_SRQS8F7JWA9MZ_2_gendermale, exposure_2HRX9P6HKXA8V_1_gendermale, exposure_L69HYJ4Y3TR91_1_gendermale, exposure_ED5J990H5VAZT_1_gendermale"
[1] "Found 15 exposure columns in the data: exposure_SRQS8F7JWA9MZ_1, exposure_SRQS8F7JWA9MZ_2, exposure_2HRX9P6HKXA8V_1, exposure_L69HYJ4Y3TR91_1, exposure_ED5J990H5VAZT_1, exposure_SRQS8F7JWA9MZ_1_slope, exposure_SRQS8F7JWA9MZ_2_slope, exposure_2HRX9P6HKXA8V_1_slope, exposure_L69HYJ4Y3TR91_1_slope, exposure_ED5J990H5VAZT_1_slope, exposure_SRQS8F7JWA9MZ_1_gendermale, exposure_SRQS8F7JWA9MZ_2_gendermale, exposure_2HRX9P6HKXA8V_1_gendermale, exposure_L69HYJ4Y3TR91_1_gendermale, exposure_ED5J990H5VAZT_1_gendermale"
Numeric columns considered for scaling:
age,
vegan_price_real,
vegetarian_price_real,
meat_price_real,
breakfast_p_price_real,
textured_p_price_real,
untextured_p_price_real,
chicken_p_price_real,
dairy_p_price_real,
egg_p_price_real,
breakfast_price_real,
textured_price_real,
untextured_price_real,
breakfast_t2_price_real,
textured_t2_price_real,
untextured_t2_price_real,
chicken_t2_price_real,
dairy_t2_price_real,
inflation,
temp,
precip,
date_code[1] "Train: N = 37437"
[1] "Test: N = 1973"
[1] "Successfully created `expo_to_rest` mapping."
[1] "Successfully created `expo_to_param` mapping."
Identified 15 exposure columns in the design matrix: 
exposure_SRQS8F7JWA9MZ_1_gendermale, 
exposure_SRQS8F7JWA9MZ_2_gendermale, 
exposure_2HRX9P6HKXA8V_1_gendermale, 
exposure_L69HYJ4Y3TR91_1_gendermale, 
exposure_ED5J990H5VAZT_1_gendermale, 
exposure_SRQS8F7JWA9MZ_1, 
exposure_SRQS8F7JWA9MZ_2, 
exposure_2HRX9P6HKXA8V_1, 
exposure_L69HYJ4Y3TR91_1, 
exposure_ED5J990H5VAZT_1, 
exposure_SRQS8F7JWA9MZ_1_slope, 
exposure_SRQS8F7JWA9MZ_2_slope, 
exposure_2HRX9P6HKXA8V_1_slope, 
exposure_L69HYJ4Y3TR91_1_slope, 
exposure_ED5J990H5VAZT_1_slope
Identified 35 random beta columns: 
vegan_price_real, 
vegetarian_price_real, 
meat_price_real, 
weekend, 
holiday_window, 
month_cat2, 
month_cat3, 
month_cat4, 
month_cat5, 
month_cat6, 
month_cat7, 
month_cat8, 
month_cat9, 
month_cat10, 
month_cat11, 
month_cat12, 
seasonspring, 
seasonsummer, 
seasonwinter, 
year_cat2014, 
year_cat2015, 
year_cat2016, 
year_cat2017, 
year_cat2018, 
year_cat2019, 
year_cat2020, 
year_cat2021, 
year_cat2022, 
year_cat2023, 
date_num, 
exposure_SRQS8F7JWA9MZ_1_gendermale, 
exposure_SRQS8F7JWA9MZ_2_gendermale, 
exposure_2HRX9P6HKXA8V_1_gendermale, 
exposure_L69HYJ4Y3TR91_1_gendermale, 
exposure_ED5J990H5VAZT_1_gendermale
Identified 9 fixed beta columns: 
day_of_week_cat1, 
day_of_week_cat2, 
day_of_week_cat3, 
day_of_week_cat4, 
day_of_week_cat5, 
day_of_week_cat6, 
inflation, 
temp, 
precip
$R
[1] 4

$J
[1] 55

$M
[1] 2

$idx_intercept
[1] 1

$K_beta_random
[1] 35

$idx_beta_random
[1] 2 3 4 5 6 7

$K_beta_fixed
[1] 9

$idx_beta_fixed
[1] 37 38 39 40 41 42

$K_exposure
[1] 15

$idx_exposure
[1] 32 33 34 35 36 46

$expo_to_rest
[1] 1 1 2 3 4 1

$expo_to_param
[1] 1 1 1 1 1 1

$N_train
[1] 37437

$X_train
  (Intercept) vegan_price_real vegetarian_price_real meat_price_real weekend
1           1        0.3736620           -0.67342494      -0.5040364       0
2           1        0.2502054           -0.25656216       0.4510785       1
3           1       -0.6634175           -0.37728887      -0.5614844       0
4           1        0.4660958           -0.57694593      -0.2936137       1
5           1        0.3565875           -0.66769036       0.1998435       1
6           1        0.2647722            0.00658539      -0.3308239       0
  holiday_window month_cat2 month_cat3 month_cat4 month_cat5 month_cat6
1              0          0          0          0          0          1
2              0          0          0          0          0          0
3              0          0          0          0          0          0
4              0          0          0          0          1          0
5              0          0          0          0          0          1
6              0          0          0          0          0          0
  month_cat7 month_cat8 month_cat9 month_cat10 month_cat11 month_cat12
1          0          0          0           0           0           0
2          1          0          0           0           0           0
3          1          0          0           0           0           0
4          0          0          0           0           0           0
5          0          0          0           0           0           0
6          1          0          0           0           0           0
  seasonspring seasonsummer seasonwinter year_cat2014 year_cat2015 year_cat2016
1            0            1            0            0            0            0
2            0            1            0            0            0            0
3            0            1            0            0            0            0
4            1            0            0            0            0            0
5            0            1            0            0            0            0
6            0            1            0            0            0            0
  year_cat2017 year_cat2018 year_cat2019 year_cat2020 year_cat2021 year_cat2022
1            0            0            0            1            0            0
2            0            0            0            1            0            0
3            0            0            0            0            1            0
4            0            0            0            1            0            0
5            0            0            0            1            0            0
6            0            0            0            1            0            0
  year_cat2023 date_num exposure_SRQS8F7JWA9MZ_1_gendermale
1            0 50.47228                                   0
2            0 50.54346                                   0
3            0 51.55647                                   0
4            0 50.37372                                   0
5            0 50.44764                                   0
6            0 50.57632                                   0
  exposure_SRQS8F7JWA9MZ_2_gendermale exposure_2HRX9P6HKXA8V_1_gendermale
1                                   0                                   0
2                                   0                                   0
3                                   0                                   0
4                                   0                                   0
5                                   0                                   0
6                                   0                                   0
  exposure_L69HYJ4Y3TR91_1_gendermale exposure_ED5J990H5VAZT_1_gendermale
1                                   0                                   0
2                                   0                                   0
3                                   0                                   0
4                                   0                                   0
5                                   0                                   0
6                                   0                                   0
  day_of_week_cat1 day_of_week_cat2 day_of_week_cat3 day_of_week_cat4
1                0                0                0                0
2                0                0                0                0
3                0                0                0                1
4                0                0                0                0
5                0                0                0                0
6                0                0                1                0
  day_of_week_cat5 day_of_week_cat6  inflation       temp      precip
1                0                0 -0.7239512 1.45502804 -0.30965733
2                1                0 -0.6340447 1.53933029 -0.18986304
3                0                0  0.2405241 0.88598782 -0.42945161
4                0                1 -0.8223271 0.04296529 -0.09402762
5                1                0 -0.7239512 0.19049423 -0.18986304
6                0                0 -0.6340447 1.18104571 -0.21382190
  exposure_SRQS8F7JWA9MZ_1 exposure_SRQS8F7JWA9MZ_2 exposure_2HRX9P6HKXA8V_1
1                        0                        0                        0
2                        1                        0                        0
3                        1                        1                        0
4                        0                        0                        0
5                        0                        0                        0
6                        1                        0                        0
  exposure_L69HYJ4Y3TR91_1 exposure_ED5J990H5VAZT_1
1                        0                        0
2                        0                        0
3                        0                        0
4                        0                        0
5                        0                        0
6                        0                        0
  exposure_SRQS8F7JWA9MZ_1_slope exposure_SRQS8F7JWA9MZ_2_slope
1                     0.00000000                      0.0000000
2                     0.06297057                      0.0000000
3                     1.07597536                      0.8678987
4                     0.00000000                      0.0000000
5                     0.00000000                      0.0000000
6                     0.09582478                      0.0000000
  exposure_2HRX9P6HKXA8V_1_slope exposure_L69HYJ4Y3TR91_1_slope
1                              0                              0
2                              0                              0
3                              0                              0
4                              0                              0
5                              0                              0
6                              0                              0
  exposure_ED5J990H5VAZT_1_slope
1                              0
2                              0
3                              0
4                              0
5                              0
6                              0

$y_train
[1] 0 0 0 0 0 0

$idx_to_rest_train
[1] 1 1 1 1 1 1

$train_start_idx
[1]     1 16607 21795 24949

$train_end_idx
[1] 16606 21794 24948 37437

$N_test
[1] 1973

$X_test
  (Intercept) vegan_price_real vegetarian_price_real meat_price_real weekend
1           1      -2.45047017            -3.0205256     -3.08277803       0
2           1       0.18929011             0.3713251     -0.23717051       0
3           1       0.07153053            -0.2616412     -0.05230632       0
4           1       0.46037486            -0.5797406      0.17922301       1
5           1       0.07321580             0.4083735      0.08543760       0
6           1       0.99001365             1.4566144      1.15336811       1
  holiday_window month_cat2 month_cat3 month_cat4 month_cat5 month_cat6
1              0          1          0          0          0          0
2              0          0          0          0          0          0
3              0          0          0          0          0          0
4              0          0          0          0          1          0
5              0          0          0          0          0          0
6              0          0          1          0          0          0
  month_cat7 month_cat8 month_cat9 month_cat10 month_cat11 month_cat12
1          0          0          0           0           0           0
2          0          1          0           0           0           0
3          0          0          1           0           0           0
4          0          0          0           0           0           0
5          0          0          1           0           0           0
6          0          0          0           0           0           0
  seasonspring seasonsummer seasonwinter year_cat2014 year_cat2015 year_cat2016
1            0            0            1            0            0            0
2            0            1            0            0            0            0
3            0            0            0            0            0            0
4            1            0            0            0            0            0
5            0            0            0            0            0            0
6            1            0            0            0            0            0
  year_cat2017 year_cat2018 year_cat2019 year_cat2020 year_cat2021 year_cat2022
1            0            0            0            1            0            0
2            0            0            0            1            0            0
3            0            0            0            1            0            0
4            0            0            0            1            0            0
5            0            0            0            1            0            0
6            0            0            0            0            0            1
  year_cat2023 date_num exposure_SRQS8F7JWA9MZ_1_gendermale
1            0 50.15743                                   0
2            0 50.65298                                   0
3            0 50.69131                                   0
4            0 50.40931                                   0
5            0 50.72416                                   1
6            0 52.17522                                   1
  exposure_SRQS8F7JWA9MZ_2_gendermale exposure_2HRX9P6HKXA8V_1_gendermale
1                                   0                                   0
2                                   0                                   0
3                                   0                                   0
4                                   0                                   0
5                                   1                                   0
6                                   1                                   0
  exposure_L69HYJ4Y3TR91_1_gendermale exposure_ED5J990H5VAZT_1_gendermale
1                                   0                                   0
2                                   0                                   0
3                                   0                                   0
4                                   0                                   0
5                                   0                                   0
6                                   0                                   0
  day_of_week_cat1 day_of_week_cat2 day_of_week_cat3 day_of_week_cat4
1                0                0                0                1
2                0                0                1                0
3                0                0                1                0
4                0                0                0                0
5                1                0                0                0
6                0                0                0                0
  day_of_week_cat5 day_of_week_cat6  inflation       temp      precip
1                0                0 -0.9479356 -1.8959865 -0.16590419
2                0                0 -0.5794493  1.3496502 -0.42945161
3                0                0 -0.4724084  0.5593166 -0.42945161
4                1                0 -0.8223271  0.2431831 -0.21382190
5                0                0 -0.4724084  0.3169476 -0.42945161
6                0                1  1.1308591 -0.1994037  0.02576666
  exposure_SRQS8F7JWA9MZ_1 exposure_SRQS8F7JWA9MZ_2 exposure_2HRX9P6HKXA8V_1
1                        0                        0                        0
2                        1                        0                        0
3                        1                        1                        0
4                        0                        0                        0
5                        1                        1                        0
6                        1                        1                        0
  exposure_L69HYJ4Y3TR91_1 exposure_ED5J990H5VAZT_1
1                        0                        0
2                        0                        0
3                        0                        0
4                        0                        0
5                        0                        0
6                        0                        0
  exposure_SRQS8F7JWA9MZ_1_slope exposure_SRQS8F7JWA9MZ_2_slope
1                      0.0000000                    0.000000000
2                      0.1724846                    0.000000000
3                      0.2108145                    0.002737851
4                      0.0000000                    0.000000000
5                      0.2436687                    0.035592060
6                      1.6947296                    1.486652977
  exposure_2HRX9P6HKXA8V_1_slope exposure_L69HYJ4Y3TR91_1_slope
1                              0                              0
2                              0                              0
3                              0                              0
4                              0                              0
5                              0                              0
6                              0                              0
  exposure_ED5J990H5VAZT_1_slope
1                              0
2                              0
3                              0
4                              0
5                              0
6                              0

$y_test
[1] 0 0 0 0 0 0

$idx_to_rest_test
[1] 1 1 1 1 1 1

$test_start_idx
[1]    1  875 1149 1316

$test_end_idx
[1]  874 1148 1315 1973

$mu_gamma_scale
[1] 1

$sigma_gamma_between_scale
[1] 1

$sigma_gamma_within_scale
[1] 1

$mu_beta_scale
[1] 1

$sigma_beta_scale
[1] 1

$mu_sigma_log_scale
[1] 2

$sigma_sigma_log_scale
[1] 1

$z_eta_scale
[1] 1

$z_gamma_scale
[1] 1

$z_beta_scale
[1] 1

$z_sigma_scale
[1] 1

[1] "Using Stan model: model_multilevel_transfer_customer_gaussian_iid.stan"
[1] "Fitting the Gaussian IID (transaction-level demeaned) model..."
Running MCMC with 3 parallel chains...

Chain 1 Informational Message: The current Metropolis proposal is about to be rejected because of the following issue:
Chain 1 Exception: normal_lpdf: Location parameter[1] is -nan, but must be finite! (in '/tmp/RtmpZ3292F/model-2794d76021468e.stan', line 327, column 2 to column 49)
Chain 1 If this warning occurs sporadically, such as for highly constrained variable types like covariance matrices, then the sampler is fine,
Chain 1 but if this warning occurs often then your model may be either severely ill-conditioned or misspecified.
Chain 1 
Chain 1 Informational Message: The current Metropolis proposal is about to be rejected because of the following issue:
Chain 1 Exception: normal_lpdf: Location parameter[1] is -nan, but must be finite! (in '/tmp/RtmpZ3292F/model-2794d76021468e.stan', line 327, column 2 to column 49)
Chain 1 If this warning occurs sporadically, such as for highly constrained variable types like covariance matrices, then the sampler is fine,
Chain 1 but if this warning occurs often then your model may be either severely ill-conditioned or misspecified.
Chain 1 
Chain 1 Informational Message: The current Metropolis proposal is about to be rejected because of the following issue:
Chain 1 Exception: normal_lpdf: Location parameter[1] is -nan, but must be finite! (in '/tmp/RtmpZ3292F/model-2794d76021468e.stan', line 327, column 2 to column 49)
Chain 1 If this warning occurs sporadically, such as for highly constrained variable types like covariance matrices, then the sampler is fine,
Chain 1 but if this warning occurs often then your model may be either severely ill-conditioned or misspecified.
Chain 1 
Chain 2 Informational Message: The current Metropolis proposal is about to be rejected because of the following issue:
Chain 2 Exception: normal_lpdf: Location parameter[1] is -nan, but must be finite! (in '/tmp/RtmpZ3292F/model-2794d76021468e.stan', line 327, column 2 to column 49)
Chain 2 If this warning occurs sporadically, such as for highly constrained variable types like covariance matrices, then the sampler is fine,
Chain 2 but if this warning occurs often then your model may be either severely ill-conditioned or misspecified.
Chain 2 
Chain 1 Informational Message: The current Metropolis proposal is about to be rejected because of the following issue:
Chain 1 Exception: normal_lpdf: Location parameter[1] is -nan, but must be finite! (in '/tmp/RtmpZ3292F/model-2794d76021468e.stan', line 327, column 2 to column 49)
Chain 1 If this warning occurs sporadically, such as for highly constrained variable types like covariance matrices, then the sampler is fine,
Chain 1 but if this warning occurs often then your model may be either severely ill-conditioned or misspecified.
Chain 1 
Chain 1 Informational Message: The current Metropolis proposal is about to be rejected because of the following issue:
Chain 1 Exception: normal_lpdf: Location parameter[1] is -nan, but must be finite! (in '/tmp/RtmpZ3292F/model-2794d76021468e.stan', line 327, column 2 to column 49)
Chain 1 If this warning occurs sporadically, such as for highly constrained variable types like covariance matrices, then the sampler is fine,
Chain 1 but if this warning occurs often then your model may be either severely ill-conditioned or misspecified.
Chain 1 
Chain 1 Informational Message: The current Metropolis proposal is about to be rejected because of the following issue:
Chain 1 Exception: normal_lpdf: Location parameter[1] is -nan, but must be finite! (in '/tmp/RtmpZ3292F/model-2794d76021468e.stan', line 327, column 2 to column 49)
Chain 1 If this warning occurs sporadically, such as for highly constrained variable types like covariance matrices, then the sampler is fine,
Chain 1 but if this warning occurs often then your model may be either severely ill-conditioned or misspecified.
Chain 1 
Chain 2 Informational Message: The current Metropolis proposal is about to be rejected because of the following issue:
Chain 2 Exception: normal_lpdf: Location parameter[1] is -nan, but must be finite! (in '/tmp/RtmpZ3292F/model-2794d76021468e.stan', line 327, column 2 to column 49)
Chain 2 If this warning occurs sporadically, such as for highly constrained variable types like covariance matrices, then the sampler is fine,
Chain 2 but if this warning occurs often then your model may be either severely ill-conditioned or misspecified.
Chain 2 
Chain 2 Informational Message: The current Metropolis proposal is about to be rejected because of the following issue:
Chain 2 Exception: normal_lpdf: Location parameter[1] is -nan, but must be finite! (in '/tmp/RtmpZ3292F/model-2794d76021468e.stan', line 327, column 2 to column 49)
Chain 2 If this warning occurs sporadically, such as for highly constrained variable types like covariance matrices, then the sampler is fine,
Chain 2 but if this warning occurs often then your model may be either severely ill-conditioned or misspecified.
Chain 2 
Chain 3 Informational Message: The current Metropolis proposal is about to be rejected because of the following issue:
Chain 3 Exception: normal_lpdf: Location parameter[1] is -nan, but must be finite! (in '/tmp/RtmpZ3292F/model-2794d76021468e.stan', line 327, column 2 to column 49)
Chain 3 If this warning occurs sporadically, such as for highly constrained variable types like covariance matrices, then the sampler is fine,
Chain 3 but if this warning occurs often then your model may be either severely ill-conditioned or misspecified.
Chain 3 
Chain 2 Informational Message: The current Metropolis proposal is about to be rejected because of the following issue:
Chain 2 Exception: normal_lpdf: Location parameter[1] is -nan, but must be finite! (in '/tmp/RtmpZ3292F/model-2794d76021468e.stan', line 327, column 2 to column 49)
Chain 2 If this warning occurs sporadically, such as for highly constrained variable types like covariance matrices, then the sampler is fine,
Chain 2 but if this warning occurs often then your model may be either severely ill-conditioned or misspecified.
Chain 2 
Chain 3 Informational Message: The current Metropolis proposal is about to be rejected because of the following issue:
Chain 3 Exception: normal_lpdf: Location parameter[1] is -nan, but must be finite! (in '/tmp/RtmpZ3292F/model-2794d76021468e.stan', line 327, column 2 to column 49)
Chain 3 If this warning occurs sporadically, such as for highly constrained variable types like covariance matrices, then the sampler is fine,
Chain 3 but if this warning occurs often then your model may be either severely ill-conditioned or misspecified.
Chain 3 
Chain 2 Informational Message: The current Metropolis proposal is about to be rejected because of the following issue:
Chain 2 Exception: normal_lpdf: Location parameter[1] is -nan, but must be finite! (in '/tmp/RtmpZ3292F/model-2794d76021468e.stan', line 327, column 2 to column 49)
Chain 2 If this warning occurs sporadically, such as for highly constrained variable types like covariance matrices, then the sampler is fine,
Chain 2 but if this warning occurs often then your model may be either severely ill-conditioned or misspecified.
Chain 2 
Chain 3 Informational Message: The current Metropolis proposal is about to be rejected because of the following issue:
Chain 3 Exception: normal_lpdf: Location parameter[1] is -nan, but must be finite! (in '/tmp/RtmpZ3292F/model-2794d76021468e.stan', line 327, column 2 to column 49)
Chain 3 If this warning occurs sporadically, such as for highly constrained variable types like covariance matrices, then the sampler is fine,
Chain 3 but if this warning occurs often then your model may be either severely ill-conditioned or misspecified.
Chain 3 
Chain 3 Informational Message: The current Metropolis proposal is about to be rejected because of the following issue:
Chain 3 Exception: normal_lpdf: Location parameter[1] is -nan, but must be finite! (in '/tmp/RtmpZ3292F/model-2794d76021468e.stan', line 327, column 2 to column 49)
Chain 3 If this warning occurs sporadically, such as for highly constrained variable types like covariance matrices, then the sampler is fine,
Chain 3 but if this warning occurs often then your model may be either severely ill-conditioned or misspecified.
Chain 3 
Chain 3 Informational Message: The current Metropolis proposal is about to be rejected because of the following issue:
Chain 3 Exception: normal_lpdf: Location parameter[1] is -nan, but must be finite! (in '/tmp/RtmpZ3292F/model-2794d76021468e.stan', line 327, column 2 to column 49)
Chain 3 If this warning occurs sporadically, such as for highly constrained variable types like covariance matrices, then the sampler is fine,
Chain 3 but if this warning occurs often then your model may be either severely ill-conditioned or misspecified.
Chain 3 
Chain 3 Informational Message: The current Metropolis proposal is about to be rejected because of the following issue:
Chain 3 Exception: normal_lpdf: Location parameter[1] is -nan, but must be finite! (in '/tmp/RtmpZ3292F/model-2794d76021468e.stan', line 327, column 2 to column 49)
Chain 3 If this warning occurs sporadically, such as for highly constrained variable types like covariance matrices, then the sampler is fine,
Chain 3 but if this warning occurs often then your model may be either severely ill-conditioned or misspecified.
Chain 3 
Chain 3 Informational Message: The current Metropolis proposal is about to be rejected because of the following issue:
Chain 3 Exception: normal_lpdf: Location parameter[1] is -nan, but must be finite! (in '/tmp/RtmpZ3292F/model-2794d76021468e.stan', line 327, column 2 to column 49)
Chain 3 If this warning occurs sporadically, such as for highly constrained variable types like covariance matrices, then the sampler is fine,
Chain 3 but if this warning occurs often then your model may be either severely ill-conditioned or misspecified.
Chain 3 
Chain 1 Iteration:    1 / 3500 [  0%]  (Warmup) 
Chain 1 Informational Message: The current Metropolis proposal is about to be rejected because of the following issue:
Chain 1 Exception: normal_lpdf: Location parameter[1] is -nan, but must be finite! (in '/tmp/RtmpZ3292F/model-2794d76021468e.stan', line 327, column 2 to column 49)
Chain 1 If this warning occurs sporadically, such as for highly constrained variable types like covariance matrices, then the sampler is fine,
Chain 1 but if this warning occurs often then your model may be either severely ill-conditioned or misspecified.
Chain 1 
Chain 1 Informational Message: The current Metropolis proposal is about to be rejected because of the following issue:
Chain 1 Exception: normal_lpdf: Location parameter[1] is -nan, but must be finite! (in '/tmp/RtmpZ3292F/model-2794d76021468e.stan', line 327, column 2 to column 49)
Chain 1 If this warning occurs sporadically, such as for highly constrained variable types like covariance matrices, then the sampler is fine,
Chain 1 but if this warning occurs often then your model may be either severely ill-conditioned or misspecified.
Chain 1 
Chain 1 Informational Message: The current Metropolis proposal is about to be rejected because of the following issue:
Chain 1 Exception: normal_lpdf: Location parameter[1] is -nan, but must be finite! (in '/tmp/RtmpZ3292F/model-2794d76021468e.stan', line 327, column 2 to column 49)
Chain 1 If this warning occurs sporadically, such as for highly constrained variable types like covariance matrices, then the sampler is fine,
Chain 1 but if this warning occurs often then your model may be either severely ill-conditioned or misspecified.
Chain 1 
Chain 2 Iteration:    1 / 3500 [  0%]  (Warmup) 
Chain 2 Informational Message: The current Metropolis proposal is about to be rejected because of the following issue:
Chain 2 Exception: normal_lpdf: Location parameter[1] is -nan, but must be finite! (in '/tmp/RtmpZ3292F/model-2794d76021468e.stan', line 327, column 2 to column 49)
Chain 2 If this warning occurs sporadically, such as for highly constrained variable types like covariance matrices, then the sampler is fine,
Chain 2 but if this warning occurs often then your model may be either severely ill-conditioned or misspecified.
Chain 2 
Chain 3 Iteration:    1 / 3500 [  0%]  (Warmup) 
Chain 2 Informational Message: The current Metropolis proposal is about to be rejected because of the following issue:
Chain 2 Exception: normal_lpdf: Location parameter[1] is -nan, but must be finite! (in '/tmp/RtmpZ3292F/model-2794d76021468e.stan', line 327, column 2 to column 49)
Chain 2 If this warning occurs sporadically, such as for highly constrained variable types like covariance matrices, then the sampler is fine,
Chain 2 but if this warning occurs often then your model may be either severely ill-conditioned or misspecified.
Chain 2 
Chain 3 Informational Message: The current Metropolis proposal is about to be rejected because of the following issue:
Chain 3 Exception: normal_lpdf: Location parameter[1] is -nan, but must be finite! (in '/tmp/RtmpZ3292F/model-2794d76021468e.stan', line 327, column 2 to column 49)
Chain 3 If this warning occurs sporadically, such as for highly constrained variable types like covariance matrices, then the sampler is fine,
Chain 3 but if this warning occurs often then your model may be either severely ill-conditioned or misspecified.
Chain 3 
Chain 3 Informational Message: The current Metropolis proposal is about to be rejected because of the following issue:
Chain 3 Exception: normal_lpdf: Location parameter[1] is -nan, but must be finite! (in '/tmp/RtmpZ3292F/model-2794d76021468e.stan', line 327, column 2 to column 49)
Chain 3 If this warning occurs sporadically, such as for highly constrained variable types like covariance matrices, then the sampler is fine,
Chain 3 but if this warning occurs often then your model may be either severely ill-conditioned or misspecified.
Chain 3 
Chain 3 Iteration:  100 / 3500 [  2%]  (Warmup) 
Chain 1 Iteration:  100 / 3500 [  2%]  (Warmup) 
Chain 2 Iteration:  100 / 3500 [  2%]  (Warmup) 
Chain 3 Iteration:  200 / 3500 [  5%]  (Warmup) 
Chain 1 Iteration:  200 / 3500 [  5%]  (Warmup) 
Chain 2 Iteration:  200 / 3500 [  5%]  (Warmup) 
Chain 3 Iteration:  300 / 3500 [  8%]  (Warmup) 
Chain 1 Iteration:  300 / 3500 [  8%]  (Warmup) 
Chain 2 Iteration:  300 / 3500 [  8%]  (Warmup) 
Chain 3 Iteration:  400 / 3500 [ 11%]  (Warmup) 
Chain 1 Iteration:  400 / 3500 [ 11%]  (Warmup) 
Chain 2 Iteration:  400 / 3500 [ 11%]  (Warmup) 
Chain 3 Iteration:  500 / 3500 [ 14%]  (Warmup) 
Chain 1 Iteration:  500 / 3500 [ 14%]  (Warmup) 
Chain 2 Iteration:  500 / 3500 [ 14%]  (Warmup) 
Chain 3 Iteration:  600 / 3500 [ 17%]  (Warmup) 
Chain 1 Iteration:  600 / 3500 [ 17%]  (Warmup) 
Chain 2 Iteration:  600 / 3500 [ 17%]  (Warmup) 
Chain 3 Iteration:  700 / 3500 [ 20%]  (Warmup) 
Chain 1 Iteration:  700 / 3500 [ 20%]  (Warmup) 
Chain 2 Iteration:  700 / 3500 [ 20%]  (Warmup) 
Chain 3 Iteration:  800 / 3500 [ 22%]  (Warmup) 
Chain 1 Iteration:  800 / 3500 [ 22%]  (Warmup) 
Chain 2 Iteration:  800 / 3500 [ 22%]  (Warmup) 
Chain 3 Iteration:  900 / 3500 [ 25%]  (Warmup) 
Chain 1 Iteration:  900 / 3500 [ 25%]  (Warmup) 
Chain 2 Iteration:  900 / 3500 [ 25%]  (Warmup) 
Chain 3 Iteration: 1000 / 3500 [ 28%]  (Warmup) 
Chain 1 Iteration: 1000 / 3500 [ 28%]  (Warmup) 
Chain 2 Iteration: 1000 / 3500 [ 28%]  (Warmup) 
Chain 3 Iteration: 1100 / 3500 [ 31%]  (Warmup) 
Chain 1 Iteration: 1100 / 3500 [ 31%]  (Warmup) 
Chain 2 Iteration: 1100 / 3500 [ 31%]  (Warmup) 
Chain 3 Iteration: 1200 / 3500 [ 34%]  (Warmup) 
Chain 1 Iteration: 1200 / 3500 [ 34%]  (Warmup) 
Chain 2 Iteration: 1200 / 3500 [ 34%]  (Warmup) 
Chain 3 Iteration: 1300 / 3500 [ 37%]  (Warmup) 
Chain 1 Iteration: 1300 / 3500 [ 37%]  (Warmup) 
Chain 2 Iteration: 1300 / 3500 [ 37%]  (Warmup) 
Chain 3 Iteration: 1400 / 3500 [ 40%]  (Warmup) 
Chain 1 Iteration: 1400 / 3500 [ 40%]  (Warmup) 
Chain 2 Iteration: 1400 / 3500 [ 40%]  (Warmup) 
Chain 3 Iteration: 1500 / 3500 [ 42%]  (Warmup) 
Chain 3 Iteration: 1501 / 3500 [ 42%]  (Sampling) 
Chain 1 Iteration: 1500 / 3500 [ 42%]  (Warmup) 
Chain 1 Iteration: 1501 / 3500 [ 42%]  (Sampling) 
Chain 2 Iteration: 1500 / 3500 [ 42%]  (Warmup) 
Chain 2 Iteration: 1501 / 3500 [ 42%]  (Sampling) 
Chain 3 Iteration: 1600 / 3500 [ 45%]  (Sampling) 
Chain 1 Iteration: 1600 / 3500 [ 45%]  (Sampling) 
Chain 2 Iteration: 1600 / 3500 [ 45%]  (Sampling) 
Chain 3 Iteration: 1700 / 3500 [ 48%]  (Sampling) 
Chain 1 Iteration: 1700 / 3500 [ 48%]  (Sampling) 
Chain 2 Iteration: 1700 / 3500 [ 48%]  (Sampling) 
Chain 3 Iteration: 1800 / 3500 [ 51%]  (Sampling) 
Chain 1 Iteration: 1800 / 3500 [ 51%]  (Sampling) 
Chain 2 Iteration: 1800 / 3500 [ 51%]  (Sampling) 
Chain 3 Iteration: 1900 / 3500 [ 54%]  (Sampling) 
Chain 1 Iteration: 1900 / 3500 [ 54%]  (Sampling) 
Chain 2 Iteration: 1900 / 3500 [ 54%]  (Sampling) 
Chain 3 Iteration: 2000 / 3500 [ 57%]  (Sampling) 
Chain 1 Iteration: 2000 / 3500 [ 57%]  (Sampling) 
Chain 2 Iteration: 2000 / 3500 [ 57%]  (Sampling) 
Chain 3 Iteration: 2100 / 3500 [ 60%]  (Sampling) 
Chain 1 Iteration: 2100 / 3500 [ 60%]  (Sampling) 
Chain 2 Iteration: 2100 / 3500 [ 60%]  (Sampling) 
Chain 3 Iteration: 2200 / 3500 [ 62%]  (Sampling) 
Chain 1 Iteration: 2200 / 3500 [ 62%]  (Sampling) 
Chain 2 Iteration: 2200 / 3500 [ 62%]  (Sampling) 
Chain 3 Iteration: 2300 / 3500 [ 65%]  (Sampling) 
Chain 1 Iteration: 2300 / 3500 [ 65%]  (Sampling) 
Chain 2 Iteration: 2300 / 3500 [ 65%]  (Sampling) 
Chain 3 Iteration: 2400 / 3500 [ 68%]  (Sampling) 
Chain 1 Iteration: 2400 / 3500 [ 68%]  (Sampling) 
Chain 2 Iteration: 2400 / 3500 [ 68%]  (Sampling) 
Chain 3 Iteration: 2500 / 3500 [ 71%]  (Sampling) 
Chain 1 Iteration: 2500 / 3500 [ 71%]  (Sampling) 
Chain 2 Iteration: 2500 / 3500 [ 71%]  (Sampling) 
Chain 3 Iteration: 2600 / 3500 [ 74%]  (Sampling) 
Chain 1 Iteration: 2600 / 3500 [ 74%]  (Sampling) 
Chain 2 Iteration: 2600 / 3500 [ 74%]  (Sampling) 
Chain 3 Iteration: 2700 / 3500 [ 77%]  (Sampling) 
Chain 1 Iteration: 2700 / 3500 [ 77%]  (Sampling) 
Chain 2 Iteration: 2700 / 3500 [ 77%]  (Sampling) 
Chain 3 Iteration: 2800 / 3500 [ 80%]  (Sampling) 
Chain 1 Iteration: 2800 / 3500 [ 80%]  (Sampling) 
Chain 2 Iteration: 2800 / 3500 [ 80%]  (Sampling) 
Chain 3 Iteration: 2900 / 3500 [ 82%]  (Sampling) 
Chain 1 Iteration: 2900 / 3500 [ 82%]  (Sampling) 
Chain 2 Iteration: 2900 / 3500 [ 82%]  (Sampling) 
Chain 3 Iteration: 3000 / 3500 [ 85%]  (Sampling) 
Chain 1 Iteration: 3000 / 3500 [ 85%]  (Sampling) 
Chain 2 Iteration: 3000 / 3500 [ 85%]  (Sampling) 
Chain 3 Iteration: 3100 / 3500 [ 88%]  (Sampling) 
Chain 1 Iteration: 3100 / 3500 [ 88%]  (Sampling) 
Chain 2 Iteration: 3100 / 3500 [ 88%]  (Sampling) 
Chain 3 Iteration: 3200 / 3500 [ 91%]  (Sampling) 
Chain 1 Iteration: 3200 / 3500 [ 91%]  (Sampling) 
Chain 2 Iteration: 3200 / 3500 [ 91%]  (Sampling) 
Chain 3 Iteration: 3300 / 3500 [ 94%]  (Sampling) 
Chain 1 Iteration: 3300 / 3500 [ 94%]  (Sampling) 
Chain 2 Iteration: 3300 / 3500 [ 94%]  (Sampling) 
Chain 3 Iteration: 3400 / 3500 [ 97%]  (Sampling) 
Chain 1 Iteration: 3400 / 3500 [ 97%]  (Sampling) 
Chain 3 Iteration: 3500 / 3500 [100%]  (Sampling) 
Chain 3 finished in 389931.0 seconds.
Chain 2 Iteration: 3400 / 3500 [ 97%]  (Sampling) 
Chain 1 Iteration: 3500 / 3500 [100%]  (Sampling) 
Chain 1 finished in 395274.0 seconds.
Chain 2 Iteration: 3500 / 3500 [100%]  (Sampling) 
Chain 2 finished in 400731.0 seconds.

All 3 chains finished successfully.
Mean chain execution time: 395312.0 seconds.
Total execution time: 400738.3 seconds.

Warning: 6000 of 6000 (100.0%) transitions hit the maximum treedepth limit of 10.
See https://mc-stan.org/misc/warnings for details.

Warning: 3 of 3 chains had an E-BFMI less than 0.3.
See https://mc-stan.org/misc/warnings for details.

[1] "Saving fit object..."
[1] "Calculating summary..."
[1] "Calculating samples..."
[1] "Calculating metadata..."
[1] "Summary of Hyperpriors (mu_*, sigma_*):"
# A tibble: 2,062 × 10
    variable      mean   median      sd     mad       q5      q95  rhat ess_bulk
    <chr>        <dbl>    <dbl>   <dbl>   <dbl>    <dbl>    <dbl> <dbl>    <dbl>
  1 mu_beta_…  3.20e-3 -2.79e-2 6.84e-2 4.48e-2 -7.65e-2  9.84e-2  3.51     3.29
  2 mu_beta_…  9.66e-2  3.94e-3 3.13e-1 3.50e-1 -2.32e-1  5.18e-1  3.20     3.37
  3 mu_beta_…  1.32e-1  1.44e-1 6.76e-2 9.33e-2  4.32e-2  2.07e-1  2.50     3.62
  4 mu_beta_…  9.77e-2  7.42e-2 1.65e-1 2.45e-1 -9.14e-2  3.10e-1  2.72     3.60
  5 mu_beta_… -3.84e-2 -5.08e-2 3.07e-1 5.29e-1 -4.08e-1  3.43e-1  2.69     3.52
  6 mu_beta_…  2.43e-1  2.66e-1 2.28e-1 3.62e-1 -4.71e-2  5.10e-1  3.09     3.37
  7 mu_beta_…  4.39e-2  1.89e-1 2.37e-1 6.59e-2 -2.91e-1  2.34e-1  2.57     3.58
  8 mu_beta_…  2.66e-1  2.95e-1 1.31e-1 1.71e-1  9.31e-2  4.11e-1  3.57     3.28
  9 mu_beta_… -2.96e-2  4.20e-2 2.01e-1 1.93e-1 -3.03e-1  1.73e-1  3.49     3.29
 10 mu_beta_… -8.00e-2 -1.93e-1 2.23e-1 1.27e-1 -2.79e-1  2.31e-1  3.50     3.30
 11 mu_beta_…  1.85e-2 -1.36e-2 7.23e-2 5.32e-2 -4.96e-2  1.19e-1  3.63     3.29
 12 mu_beta_…  8.42e-2  1.32e-2 2.11e-1 2.15e-1 -1.32e-1  3.71e-1  2.88     3.46
 13 mu_beta_… -1.48e-1 -1.66e-1 6.61e-2 7.79e-2 -2.18e-1 -5.93e-2  2.68     3.54
 14 mu_beta_…  2.47e-2 -8.18e-2 2.14e-1 1.27e-1 -1.68e-1  3.25e-1  3.81     3.24
 15 mu_beta_… -7.22e-2 -9.99e-2 2.62e-1 4.13e-1 -3.79e-1  2.63e-1  3.71     3.25
 16 mu_beta_… -8.47e-2 -6.61e-2 8.21e-2 1.06e-1 -1.94e-1  6.13e-3  3.72     3.25
 17 mu_beta_… -1.57e-1 -6.41e-2 1.97e-1 1.31e-1 -4.31e-1  2.44e-2  3.00     3.42
 18 mu_beta_…  2.85e-1  2.80e-1 1.25e-1 2.17e-1  1.34e-1  4.41e-1  2.85     3.47
 19 mu_beta_… -9.43e-2 -1.56e-1 1.83e-1 1.86e-1 -2.81e-1  1.54e-1  3.26     3.34
 20 mu_beta_…  8.79e-2  4.16e-2 8.79e-2 4.54e-2  9.92e-3  2.11e-1  3.81     3.24
 21 mu_beta_… -5.34e-2 -1.31e-1 1.23e-1 2.78e-2 -1.50e-1  1.20e-1  2.82     3.47
 22 mu_beta_…  6.59e-2  9.32e-2 4.36e-2 1.02e-2  4.30e-3  1.00e-1  2.91     3.44
 23 mu_beta_…  1.14e-1  5.09e-2 2.33e-1 2.75e-1 -1.35e-1  4.25e-1  2.61     3.58
 24 mu_beta_… -1.69e-2 -1.19e-2 1.68e-1 2.93e-1 -2.25e-1  1.86e-1  3.24     3.35
 25 mu_beta_… -2.99e-1 -8.10e-2 3.15e-1 1.44e-2 -7.45e-1 -7.13e-2  2.87     3.45
 26 mu_beta_…  7.06e-2  1.09e-1 1.39e-1 1.62e-1 -1.17e-1  2.19e-1  2.69     3.56
 27 mu_beta_…  2.86e-1  2.06e-1 1.82e-1 1.37e-1  1.13e-1  5.38e-1  3.81     3.24
 28 mu_beta_… -1.82e-3  7.86e-2 1.47e-1 6.76e-2 -2.10e-1  1.25e-1  3.82     3.24
 29 mu_beta_… -4.46e-2 -2.23e-2 3.35e-1 5.58e-1 -4.66e-1  3.56e-1  3.84     3.24
 30 mu_beta_… -1.67e-1 -7.93e-2 2.05e-1 1.61e-1 -4.51e-1  3.09e-2  3.77     3.25
 31 mu_beta_… -3.78e-2 -1.12e-2 4.75e-2 2.02e-2 -1.05e-1  2.92e-3  3.84     3.24
 32 mu_beta_… -8.26e-2 -1.11e-1 4.48e-2 1.07e-2 -1.18e-1 -1.94e-2  2.64     3.58
 33 mu_beta_…  2.78e-2  5.61e-2 1.26e-1 1.62e-1 -1.38e-1  1.66e-1  2.54     3.63
 34 mu_beta_… -4.24e-2 -2.49e-2 2.86e-2 7.80e-3 -8.30e-2 -1.93e-2  2.56     3.60
 35 mu_beta_… -7.26e-3  2.73e-2 5.85e-2 1.96e-2 -8.99e-2  4.09e-2  2.90     3.44
 36 mu_beta_… -6.31e-2 -3.75e-2 1.02e-1 1.25e-1 -1.99e-1  4.71e-2  3.07     3.38
 37 mu_beta_…  1.34e-5  1.51e-5 1.58e-5 2.14e-5 -7.06e-6  4.01e-5  1.90     4.20
 38 mu_beta_…  5.78e-6  3.95e-6 9.53e-6 9.47e-6 -5.04e-6  2.36e-5  1.29     7.99
 39 mu_beta_…  4.56e-6  1.74e-6 9.01e-6 7.25e-6 -5.45e-6  2.26e-5  1.24     9.03
 40 mu_beta_… -1.40e-6 -6.56e-7 6.92e-6 4.68e-6 -1.36e-5  9.86e-6  1.25   151.  
 41 mu_beta_…  4.63e-2  4.59e-2 1.22e-1 2.21e-1 -1.03e-1  1.96e-1  2.94     3.43
 42 mu_beta_…  4.63e-2  4.59e-2 1.22e-1 2.21e-1 -1.03e-1  1.96e-1  2.94     3.43
 43 mu_beta_… -1.36e-4 -1.91e-4 1.36e-4 1.05e-4 -3.02e-4  5.55e-5  2.12     3.95
 44 mu_beta_…  4.26e-5  4.38e-5 4.82e-5 8.38e-5 -1.78e-5  1.08e-4  2.50     3.60
 45 mu_beta_…  3.40e-6  3.96e-6 3.88e-6 4.96e-6 -1.70e-6  9.76e-6  1.90     4.19
 46 mu_gamma…  1.47e-1  1.57e-1 5.73e-2 7.99e-2  7.16e-2  2.11e-1  3.10     3.38
 47 mu_gamma…  4.52e-2  7.00e-2 9.77e-2 1.19e-1 -8.51e-2  1.51e-1  3.71     3.26
 48 mu_sigma… -7.20e-1 -1.19e+0 1.18e+0 1.01e+0 -1.88e+0  9.06e-1  2.82     3.51
 49 sigma_be…  3.00e-1  1.43e-1 2.50e-1 5.82e-2  1.03e-1  6.57e-1  3.83     3.24
 50 sigma_be…  2.62e-1  1.56e-1 1.53e-1 4.84e-3  1.53e-1  4.78e-1  2.94     3.45
 51 sigma_be…  3.48e-1  4.81e-1 1.91e-1 4.78e-3  7.70e-2  4.86e-1  3.12     3.37
 52 sigma_be…  4.30e-1  4.80e-1 2.33e-1 3.06e-1  1.22e-1  6.87e-1  2.47     3.67
 53 sigma_be…  2.55e-1  2.37e-1 1.03e-1 1.46e-1  1.39e-1  3.90e-1  2.74     3.50
 54 sigma_be…  4.45e-1  4.63e-1 1.14e-1 1.64e-1  2.96e-1  5.74e-1  3.22     3.42
 55 sigma_be…  4.54e-1  3.24e-1 2.44e-1 1.21e-1  2.42e-1  7.97e-1  3.15     3.39
 56 sigma_be…  4.36e-1  3.35e-1 1.86e-1 8.81e-2  2.76e-1  6.98e-1  2.74     3.53
 57 sigma_be…  2.07e-1  1.77e-1 5.14e-2 1.80e-2  1.64e-1  2.79e-1  2.98     3.41
 58 sigma_be…  3.76e-1  4.23e-1 1.08e-1 8.12e-2  2.27e-1  4.78e-1  2.45     3.69
 59 sigma_be…  4.17e-1  1.76e-1 3.50e-1 2.05e-2  1.63e-1  9.11e-1  3.06     3.39
 60 sigma_be…  3.82e-1  3.88e-1 2.53e-1 4.46e-1  6.95e-2  6.89e-1  2.92     3.47
 61 sigma_be…  5.83e-1  6.80e-1 3.36e-1 3.82e-1  1.31e-1  9.37e-1  2.79     3.54
 62 sigma_be…  2.77e-1  2.39e-1 1.63e-1 2.07e-1  9.95e-2  4.93e-1  2.44     3.70
 63 sigma_be…  2.31e-1  2.18e-1 7.86e-2 1.11e-1  1.42e-1  3.33e-1  3.54     3.30
 64 sigma_be…  4.88e-1  5.77e-1 2.81e-1 3.00e-1  1.09e-1  7.79e-1  2.52     3.64
 65 sigma_be…  4.57e-1  3.96e-1 1.98e-1 2.17e-1  2.50e-1  7.24e-1  2.66     3.52
 66 sigma_be…  2.36e-1  2.73e-1 7.87e-2 5.08e-2  1.26e-1  3.08e-1  3.32     3.33
 67 sigma_be…  2.41e-1  2.40e-1 6.08e-2 1.08e-1  1.67e-1  3.16e-1  2.97     3.42
 68 sigma_be…  2.00e-1  1.26e-1 1.17e-1 2.47e-2  1.10e-1  3.66e-1  2.75     3.48
 69 sigma_be…  2.78e-1  2.78e-1 1.14e-1 2.06e-1  1.38e-1  4.19e-1  2.81     3.48
 70 sigma_be…  5.25e-1  5.14e-1 9.93e-2 1.55e-1  4.09e-1  6.52e-1  2.67     3.52
 71 sigma_be…  6.51e-1  7.39e-1 2.05e-1 1.57e-1  3.68e-1  8.45e-1  3.40     3.32
 72 sigma_be…  2.71e-1  1.17e-1 2.28e-1 2.06e-2  1.03e-1  5.94e-1  2.77     3.52
 73 sigma_be…  5.42e-1  5.55e-1 1.29e-1 2.02e-1  3.77e-1  6.92e-1  3.03     3.41
 74 sigma_be…  3.83e-1  3.04e-1 2.32e-1 2.32e-1  1.47e-1  6.98e-1  3.51     3.32
 75 sigma_be…  3.92e-1  3.95e-1 2.14e-1 3.81e-1  1.29e-1  6.53e-1  2.90     3.46
 76 sigma_be…  4.84e-1  6.26e-1 2.99e-1 1.95e-1  6.89e-2  7.58e-1  2.96     3.40
 77 sigma_be…  4.69e-1  2.60e-1 4.29e-1 2.66e-1  8.03e-2  1.07e+0  2.62     3.57
 78 sigma_be…  3.73e-1  3.57e-1 3.43e-2 2.43e-2  3.41e-1  4.20e-1  2.58     3.65
 79 sigma_be…  6.21e-2  3.82e-2 4.76e-2 2.77e-2  1.94e-2  1.29e-1  3.13     3.38
 80 sigma_be…  5.11e-1  2.79e-1 3.83e-1 1.13e-1  2.02e-1  1.05e+0  2.83     3.48
 81 sigma_be…  4.57e-1  5.38e-1 2.04e-1 1.75e-1  1.77e-1  6.57e-1  2.94     3.49
 82 sigma_be…  7.04e-1  8.86e-1 3.97e-1 2.77e-1  1.52e-1  1.07e+0  2.57     3.62
 83 sigma_be…  5.29e-1  5.58e-1 1.04e-1 1.21e-1  3.89e-1  6.40e-1  2.55     3.62
 84 sigma_be…  2.84e-1  1.67e-1 2.04e-1 7.68e-2  1.15e-1  5.71e-1  3.23     3.35
 85 sigma_ga…  3.29e-1  2.04e-1 2.30e-1 1.08e-1  1.31e-1  6.52e-1  2.92     3.43
 86 sigma_ga…  2.94e-1  2.20e-1 1.20e-1 2.99e-2  2.00e-1  4.64e-1  3.01     3.42
 87 sigma_si…  2.22e+0  2.46e+0 6.69e-1 6.27e-1  1.31e+0  2.98e+0  3.80     3.24
 88 sigma_ga…  1.73e-1  1.77e-5 2.45e-1 9.04e-6  9.89e-6  5.20e-1  2.55     3.59
 89 sigma_ga…  1.58e-1  1.90e-1 5.10e-2 1.27e-2  8.64e-2  1.99e-1  3.26     3.35
 90 mu_test[… -4.16e-5 -3.28e-5 5.28e-5 7.32e-5 -1.26e-4  2.00e-5  2.39     3.67
 91 mu_test[… -1.50e-4 -2.01e-4 1.55e-4 1.58e-4 -3.24e-4  6.16e-5  2.62     3.54
 92 mu_test[…  7.69e-5  8.91e-5 8.32e-5 1.22e-4 -3.24e-5  1.84e-4  2.44     3.63
 93 mu_test[… -2.79e-4 -3.72e-4 2.82e-4 2.90e-4 -5.88e-4  1.06e-4  3.20     3.35
 94 mu_test[… -6.29e-5 -9.62e-5 6.16e-5 2.75e-5 -1.27e-4  2.54e-5  1.77     4.47
 95 mu_test[…  1.16e-4  1.15e-4 1.32e-4 2.32e-4 -4.78e-5  2.98e-4  2.51     3.59
 96 mu_test[… -7.97e-5 -1.11e-4 7.93e-5 6.63e-5 -1.69e-4  3.10e-5  2.42     3.65
 97 mu_test[…  1.86e-5  2.00e-5 2.22e-5 3.34e-5 -9.51e-6  5.54e-5  2.18     3.83
 98 mu_test[…  2.06e-4  2.53e-4 2.16e-4 2.84e-4 -8.11e-5  4.63e-4  2.88     3.43
 99 mu_test[…  8.55e-5  1.09e-4 8.87e-5 1.04e-4 -3.46e-5  1.94e-4  2.48     3.61
100 mu_test[…  1.04e-4  1.57e-4 1.01e-4 5.14e-5 -3.97e-5  2.06e-4  2.45     3.63
101 mu_test[… -4.87e-6 -1.11e-6 1.40e-5 9.29e-6 -3.27e-5  1.31e-5  1.25    14.1 
102 mu_test[…  2.18e-4  2.96e-4 2.19e-4 2.10e-4 -8.38e-5  4.59e-4  2.66     3.52
103 mu_test[…  1.24e-4  1.67e-4 1.25e-4 1.21e-4 -4.87e-5  2.67e-4  2.48     3.61
104 mu_test[…  1.86e-4  2.40e-4 1.91e-4 2.18e-4 -7.25e-5  4.06e-4  2.70     3.50
105 mu_test[… -6.74e-5 -1.01e-4 6.61e-5 3.72e-5 -1.37e-4  2.62e-5  2.32     3.71
106 mu_test[…  1.48e-4  1.51e-4 1.68e-4 2.97e-4 -6.06e-5  3.69e-4  2.78     3.47
107 mu_test[… -1.71e-4 -2.66e-4 1.66e-4 6.57e-5 -3.23e-4  6.36e-5  2.70     3.50
108 mu_test[…  8.82e-5  1.13e-4 8.77e-5 1.00e-4 -3.14e-5  1.92e-4  2.50     3.60
109 mu_test[… -7.92e-6  6.96e-6 4.44e-5 4.35e-5 -7.93e-5  4.44e-5  2.39     3.67
110 mu_test[… -8.09e-5 -9.81e-5 8.55e-5 1.14e-4 -1.89e-4  3.27e-5  2.50     3.60
111 mu_test[…  9.40e-5  1.12e-4 1.01e-4 1.41e-4 -3.90e-5  2.23e-4  2.47     3.61
112 mu_test[…  2.24e-5  2.06e-5 2.58e-5 3.88e-5 -8.85e-6  6.12e-5  2.26     3.76
113 mu_test[…  5.51e-6  6.21e-7 2.28e-5 2.53e-5 -3.00e-5  4.22e-5  2.14     3.88
114 mu_test[…  1.48e-4  1.79e-4 1.56e-4 2.09e-4 -5.93e-5  3.40e-4  2.54     3.57
115 mu_test[…  1.35e-4  1.30e-4 1.56e-4 2.71e-4 -5.58e-5  3.45e-4  2.72     3.49
116 mu_test[…  1.06e-4  9.57e-5 1.26e-4 2.05e-4 -4.43e-5  2.78e-4  2.69     3.50
117 mu_test[… -1.73e-4 -2.66e-4 1.68e-4 7.39e-5 -3.28e-4  6.43e-5  2.69     3.50
118 mu_test[… -2.03e-4 -3.04e-4 1.98e-4 1.08e-4 -3.91e-4  7.55e-5  2.82     3.45
119 mu_test[… -1.74e-4 -7.49e-5 2.54e-4 2.22e-4 -5.44e-4  7.77e-5  2.93     3.42
120 mu_test[… -2.53e-4 -1.78e-4 3.28e-4 4.20e-4 -7.16e-4  1.09e-4  3.12     3.36
121 mu_test[…  7.99e-5  1.22e-4 7.67e-5 3.67e-5 -2.97e-5  1.57e-4  1.91     4.17
122 mu_test[… -2.53e-4 -3.02e-4 2.70e-4 3.76e-4 -5.78e-4  1.02e-4  3.01     3.39
123 mu_test[… -5.80e-6  4.09e-6 2.05e-5 9.59e-6 -4.46e-5  1.71e-5  1.85     4.48
124 mu_test[… -1.14e-5 -1.29e-5 1.56e-5 2.17e-5 -3.67e-5  8.93e-6  1.58     5.09
125 mu_test[… -1.85e-4 -2.40e-4 1.92e-4 2.18e-4 -4.03e-4  7.53e-5  2.76     3.48
126 mu_test[…  8.79e-5  1.03e-4 9.44e-5 1.35e-4 -3.65e-5  2.07e-4  2.49     3.60
127 mu_test[…  1.98e-4  2.45e-4 2.06e-4 2.63e-4 -7.76e-5  4.40e-4  2.82     3.45
128 mu_test[… -3.66e-5 -5.21e-5 3.67e-5 2.64e-5 -8.17e-5  1.53e-5  2.02     4.01
129 mu_test[…  7.56e-5  9.56e-5 7.87e-5 9.39e-5 -3.16e-5  1.78e-4  2.38     3.67
130 mu_test[… -2.80e-5 -3.79e-5 2.90e-5 2.60e-5 -6.73e-5  1.24e-5  1.96     4.10
131 mu_test[…  3.90e-5  4.71e-5 4.26e-5 5.60e-5 -1.80e-5  1.01e-4  2.33     3.71
132 mu_test[… -1.35e-4 -1.71e-4 1.39e-4 1.64e-4 -2.98e-4  5.29e-5  2.56     3.56
133 mu_test[… -1.21e-4 -1.45e-4 1.28e-4 1.78e-4 -2.79e-4  4.84e-5  2.61     3.54
134 mu_test[…  6.64e-5  1.02e-4 6.47e-5 2.66e-5 -2.59e-5  1.31e-4  2.12     3.89
135 mu_test[…  5.30e-5  7.74e-5 5.29e-5 3.45e-5 -2.21e-5  1.14e-4  2.12     3.91
136 mu_test[… -5.99e-5 -6.30e-5 6.70e-5 1.13e-4 -1.54e-4  2.56e-5  2.42     3.66
137 mu_test[… -1.62e-4 -1.84e-4 1.75e-4 2.67e-4 -3.82e-4  6.50e-5  2.66     3.52
138 mu_test[…  6.38e-5  9.19e-5 6.37e-5 4.56e-5 -2.61e-5  1.38e-4  2.24     3.78
139 mu_test[…  2.28e-5  3.13e-5 2.38e-5 2.35e-5 -1.07e-5  5.41e-5  1.67     4.73
140 mu_test[… -8.43e-5 -9.38e-5 9.29e-5 1.44e-4 -2.13e-4  3.66e-5  2.40     3.66
141 mu_test[… -3.94e-4 -4.93e-4 4.10e-4 5.14e-4 -8.74e-4  1.53e-4  2.91     3.43
142 mu_test[… -2.20e-5 -1.78e-5 2.96e-5 3.60e-5 -7.63e-5  1.20e-5  2.11     3.90
143 mu_test[… -3.71e-5 -2.70e-5 4.86e-5 6.25e-5 -1.17e-4  1.83e-5  2.39     3.67
144 mu_test[…  8.12e-5  1.07e-4 8.30e-5 8.74e-5 -3.30e-5  1.82e-4  2.43     3.64
145 mu_test[…  9.42e-6  7.43e-6 1.39e-5 1.60e-5 -7.15e-6  3.24e-5  1.39     6.44
146 mu_test[…  3.29e-4  4.12e-4 3.42e-4 4.27e-4 -1.28e-4  7.26e-4  3.26     3.33
147 mu_test[…  2.99e-5  3.27e-5 3.39e-5 5.37e-5 -1.38e-5  8.06e-5  2.39     3.67
148 mu_test[… -1.58e-4 -2.12e-4 1.60e-4 1.61e-4 -3.36e-4  6.11e-5  2.67     3.51
149 mu_test[…  8.39e-5  1.06e-4 8.72e-5 1.04e-4 -3.40e-5  1.91e-4  2.50     3.60
150 mu_test[… -2.49e-4 -3.22e-4 2.59e-4 3.00e-4 -5.44e-4  1.00e-4  2.88     3.43
151 mu_test[… -1.72e-4 -2.17e-4 1.78e-4 2.18e-4 -3.81e-4  6.68e-5  2.73     3.49
152 mu_test[…  2.00e-5  2.16e-5 2.35e-5 3.62e-5 -1.01e-5  5.80e-5  2.28     3.75
153 mu_test[… -1.68e-4 -2.03e-4 1.77e-4 2.40e-4 -3.84e-4  6.65e-5  2.68     3.51
154 mu_test[…  3.16e-5  3.44e-5 3.57e-5 5.66e-5 -1.45e-5  8.63e-5  2.35     3.70
155 mu_test[… -6.12e-5 -7.69e-5 6.40e-5 7.79e-5 -1.46e-4  2.54e-5  2.39     3.67
156 mu_test[…  6.71e-5  1.05e-4 6.45e-5 2.22e-5 -2.54e-5  1.27e-4  1.73     4.56
157 mu_test[… -5.19e-5 -4.83e-5 6.17e-5 1.00e-4 -1.44e-4  2.34e-5  2.40     3.66
158 mu_test[…  1.28e-4  1.75e-4 1.29e-4 1.21e-4 -5.04e-5  2.73e-4  2.54     3.57
159 mu_test[…  2.94e-4  3.65e-4 3.07e-4 3.92e-4 -1.14e-4  6.52e-4  3.28     3.33
160 mu_test[… -2.15e-4 -2.51e-4 2.31e-4 3.35e-4 -5.00e-4  8.60e-5  2.69     3.50
161 mu_test[… -2.80e-4 -3.79e-4 2.83e-4 2.77e-4 -5.86e-4  1.07e-4  3.11     3.37
162 mu_test[… -6.25e-5 -7.76e-5 6.53e-5 8.26e-5 -1.47e-4  2.56e-5  2.44     3.63
163 mu_test[…  1.70e-4  2.10e-4 1.78e-4 2.31e-4 -6.74e-5  3.83e-4  2.67     3.51
164 mu_test[…  1.50e-4  1.83e-4 1.59e-4 2.13e-4 -5.98e-5  3.42e-4  2.70     3.50
165 mu_test[… -1.65e-5 -2.03e-5 1.80e-5 2.11e-5 -4.39e-5  7.90e-6  1.85     4.29
166 mu_test[… -3.58e-5 -4.96e-5 3.63e-5 3.03e-5 -8.21e-5  1.52e-5  2.11     3.90
167 mu_test[… -8.56e-6 -3.03e-6 1.34e-5 1.14e-5 -3.12e-5  7.34e-6  1.63     4.90
168 mu_test[…  4.09e-5  6.17e-5 4.00e-5 2.05e-5 -1.67e-5  8.37e-5  1.71     4.64
169 mu_test[… -5.06e-5 -6.70e-5 5.19e-5 5.38e-5 -1.16e-4  2.09e-5  2.38     3.67
170 mu_test[… -1.26e-4 -1.34e-4 1.42e-4 2.40e-4 -3.11e-4  5.33e-5  2.61     3.54
171 mu_test[…  4.75e-5  6.17e-5 4.94e-5 5.52e-5 -2.01e-5  1.11e-4  2.36     3.68
172 mu_test[… -3.36e-5 -4.48e-5 3.49e-5 3.39e-5 -8.18e-5  1.47e-5  2.12     3.90
173 mu_test[… -1.70e-4 -2.23e-4 1.74e-4 1.90e-4 -3.70e-4  6.66e-5  2.66     3.52
174 mu_test[…  6.73e-5  1.04e-4 6.54e-5 2.51e-5 -2.61e-5  1.32e-4  2.10     3.92
175 mu_test[…  7.01e-6  1.63e-6 1.44e-5 1.22e-5 -1.38e-5  3.11e-5  1.56     5.20
176 mu_test[… -9.84e-5 -1.08e-4 1.08e-4 1.72e-4 -2.39e-4  4.04e-5  2.49     3.61
177 mu_test[… -6.78e-5 -8.22e-5 7.22e-5 9.59e-5 -1.64e-4  2.88e-5  2.41     3.66
178 mu_test[…  1.77e-4  2.28e-4 1.81e-4 2.07e-4 -6.90e-5  3.86e-4  2.67     3.51
179 mu_test[…  8.84e-5  1.10e-4 8.87e-5 1.09e-4 -3.09e-5  1.99e-4  2.48     3.61
180 mu_test[… -3.03e-5 -2.06e-5 4.05e-5 4.93e-5 -9.53e-5  1.48e-5  2.40     3.65
181 mu_test[… -8.23e-5 -1.32e-4 7.89e-5 1.92e-5 -1.51e-4  3.08e-5  1.77     4.46
182 mu_test[… -6.50e-5 -9.90e-5 6.38e-5 2.96e-5 -1.33e-4  2.62e-5  1.90     4.20
183 mu_test[… -8.97e-5 -1.31e-4 8.93e-5 6.05e-5 -1.87e-4  3.62e-5  2.37     3.68
184 mu_test[…  1.46e-4  1.93e-4 1.48e-4 1.58e-4 -5.62e-5  3.19e-4  2.51     3.59
185 mu_test[… -2.10e-5 -2.47e-5 2.53e-5 3.30e-5 -6.21e-5  1.23e-5  2.03     4.03
186 mu_test[…  1.21e-4  8.86e-5 1.54e-4 2.04e-4 -5.16e-5  3.43e-4  2.61     3.54
187 mu_test[…  1.93e-4  2.29e-4 2.05e-4 2.87e-4 -7.64e-5  4.44e-4  2.72     3.49
188 mu_test[…  8.37e-5  9.73e-5 8.97e-5 1.31e-4 -3.44e-5  2.02e-4  2.48     3.61
189 mu_test[…  7.75e-7  1.21e-7 1.26e-5 7.93e-6 -1.95e-5  2.44e-5  1.27    20.7 
190 mu_test[… -1.48e-4 -1.85e-4 1.55e-4 1.96e-4 -3.35e-4  6.03e-5  2.50     3.59
191 mu_test[…  2.16e-4  2.53e-4 2.30e-4 3.31e-4 -8.50e-5  5.00e-4  2.81     3.46
192 mu_test[…  2.00e-4  2.41e-4 2.10e-4 2.86e-4 -7.86e-5  4.57e-4  2.71     3.50
193 mu_test[…  8.87e-8 -5.72e-7 1.65e-5 1.11e-5 -2.57e-5  3.25e-5  1.38     6.51
194 mu_test[…  1.06e-4  1.27e-4 1.11e-4 1.50e-4 -4.24e-5  2.47e-4  2.50     3.60
195 mu_test[…  2.33e-4  2.72e-4 2.48e-4 3.59e-4 -9.17e-5  5.40e-4  2.69     3.51
196 mu_test[…  2.34e-4  2.89e-4 2.44e-4 3.14e-4 -9.15e-5  5.28e-4  2.58     3.55
197 mu_test[…  1.66e-4  1.96e-4 1.75e-4 2.47e-4 -6.53e-5  3.83e-4  2.64     3.52
198 mu_test[…  1.09e-4  1.27e-4 1.16e-4 1.65e-4 -4.33e-5  2.58e-4  2.50     3.60
199 mu_test[… -9.69e-5 -1.26e-4 1.00e-4 1.12e-4 -2.22e-4  4.03e-5  2.40     3.66
200 mu_test[… -2.49e-4 -3.20e-4 2.57e-4 2.99e-4 -5.46e-4  9.79e-5  2.59     3.55
201 mu_test[… -1.42e-4 -2.08e-4 1.41e-4 9.66e-5 -2.95e-4  5.70e-5  2.40     3.65
202 mu_test[…  1.46e-4  1.93e-4 1.49e-4 1.59e-4 -5.81e-5  3.25e-4  2.49     3.61
203 mu_test[… -3.83e-5 -5.83e-5 3.72e-5 1.70e-5 -7.68e-5  1.52e-5  1.84     4.32
204 mu_test[…  3.44e-5  4.16e-5 3.76e-5 4.98e-5 -1.60e-5  8.75e-5  2.33     3.71
205 mu_test[…  1.55e-5  1.62e-5 1.93e-5 2.71e-5 -8.81e-6  4.93e-5  1.91     4.22
206 mu_test[… -1.54e-4 -2.07e-4 1.56e-4 1.56e-4 -3.27e-4  5.95e-5  2.65     3.52
207 mu_test[… -1.34e-4 -1.90e-4 1.33e-4 1.07e-4 -2.73e-4  5.09e-5  2.63     3.53
208 mu_test[… -1.13e-4 -1.44e-4 1.19e-4 1.44e-4 -2.56e-4  4.83e-5  2.53     3.58
209 mu_test[… -8.86e-5 -1.17e-4 8.99e-5 9.46e-5 -1.95e-4  3.45e-5  2.49     3.60
210 mu_test[… -2.60e-4 -3.24e-4 2.71e-4 3.41e-4 -5.80e-4  1.02e-4  2.90     3.43
211 mu_test[… -2.68e-4 -3.33e-4 2.80e-4 3.55e-4 -5.98e-4  1.05e-4  2.96     3.41
212 mu_test[… -2.25e-4 -2.74e-4 2.37e-4 3.17e-4 -5.09e-4  8.84e-5  2.83     3.45
213 mu_test[… -7.27e-5 -9.23e-5 7.53e-5 8.93e-5 -1.68e-4  2.95e-5  2.41     3.66
214 mu_test[…  2.70e-5  3.41e-5 2.91e-5 3.22e-5 -1.28e-5  7.05e-5  1.98     4.08
215 mu_test[…  1.53e-4  2.17e-4 1.52e-4 1.18e-4 -5.84e-5  3.12e-4  2.67     3.51
216 mu_test[…  3.56e-4  4.65e-4 3.63e-4 4.00e-4 -1.36e-4  7.62e-4  3.18     3.35
217 mu_test[…  1.68e-4  2.18e-4 1.72e-4 1.93e-4 -6.60e-5  3.67e-4  2.61     3.54
218 mu_test[…  4.56e-5  6.24e-5 4.72e-5 4.10e-5 -2.08e-5  1.09e-4  1.79     4.42
219 mu_test[… -7.13e-5 -7.87e-5 7.86e-5 1.23e-4 -1.78e-4  3.02e-5  2.46     3.62
220 mu_test[… -1.07e-4 -1.41e-4 1.09e-4 1.18e-4 -2.34e-4  4.22e-5  2.55     3.57
221 mu_test[… -1.25e-4 -1.96e-4 1.21e-4 3.89e-5 -2.35e-4  4.68e-5  2.39     3.66
222 mu_test[…  2.57e-5  2.20e-5 4.06e-5 6.03e-5 -2.27e-5  9.07e-5  2.36     3.72
223 mu_test[… -2.28e-4 -2.99e-4 2.33e-4 2.54e-4 -4.91e-4  8.92e-5  2.75     3.48
224 mu_test[… -1.15e-4 -1.77e-4 1.13e-4 4.90e-5 -2.30e-4  4.62e-5  2.12     3.89
225 mu_test[… -1.03e-4 -1.47e-4 1.03e-4 7.88e-5 -2.18e-4  4.21e-5  2.43     3.64
226 mu_test[…  4.01e-6 -1.43e-6 2.02e-5 1.45e-5 -2.34e-5  4.36e-5  1.92     4.18
227 mu_test[… -5.07e-5 -6.77e-5 5.32e-5 5.40e-5 -1.20e-4  2.26e-5  2.32     3.71
228 mu_test[…  1.55e-4  1.88e-4 1.63e-4 2.19e-4 -6.16e-5  3.55e-4  2.60     3.55
229 mu_test[…  1.29e-4  1.86e-4 1.28e-4 9.37e-5 -5.03e-5  2.67e-4  2.46     3.62
230 mu_test[… -6.66e-5 -9.94e-5 6.52e-5 3.62e-5 -1.35e-4  2.59e-5  2.31     3.72
231 mu_test[…  1.20e-4  1.90e-4 1.15e-4 3.14e-5 -4.49e-5  2.24e-4  1.81     4.37
232 mu_test[… -1.78e-4 -2.04e-4 1.94e-4 2.92e-4 -4.20e-4  7.34e-5  2.74     3.48
233 mu_test[…  9.29e-5  1.24e-4 9.30e-5 9.35e-5 -3.52e-5  2.02e-4  2.50     3.60
234 mu_test[… -2.09e-4 -2.53e-4 2.21e-4 2.98e-4 -4.75e-4  8.23e-5  2.83     3.45
235 mu_test[… -2.52e-4 -3.17e-4 2.61e-4 3.21e-4 -5.54e-4  9.78e-5  2.90     3.42
236 mu_test[… -7.00e-5 -6.96e-5 8.07e-5 1.40e-4 -1.83e-4  3.04e-5  2.46     3.62
237 mu_test[… -4.71e-5 -6.25e-5 4.83e-5 4.95e-5 -1.08e-4  1.96e-5  2.36     3.68
238 mu_test[… -1.72e-4 -2.67e-4 1.67e-4 6.67e-5 -3.25e-4  6.39e-5  2.70     3.50
239 mu_test[… -2.51e-4 -3.16e-4 2.60e-4 3.18e-4 -5.51e-4  9.73e-5  3.00     3.39
240 mu_test[… -2.50e-4 -3.16e-4 2.59e-4 3.18e-4 -5.50e-4  9.71e-5  3.00     3.40
241 mu_test[… -1.65e-4 -2.03e-4 1.72e-4 2.22e-4 -3.69e-4  6.47e-5  2.75     3.48
242 mu_test[…  9.27e-5  7.88e-5 1.13e-4 1.72e-4 -3.93e-5  2.51e-4  2.65     3.52
243 mu_test[…  1.01e-4  1.59e-4 9.66e-5 2.94e-5 -3.75e-5  1.90e-4  1.75     4.51
244 mu_test[…  5.80e-5  7.02e-5 6.17e-5 8.26e-5 -2.45e-5  1.40e-4  2.41     3.65
245 mu_test[…  6.72e-5  1.05e-4 6.47e-5 2.36e-5 -2.57e-5  1.29e-4  1.74     4.54
246 mu_test[… -1.59e-4 -2.07e-4 1.64e-4 1.84e-4 -3.53e-4  6.34e-5  2.50     3.60
247 mu_test[…  6.96e-5  9.10e-5 7.20e-5 7.85e-5 -2.89e-5  1.61e-4  2.42     3.65
248 mu_test[…  8.05e-5  1.13e-4 8.10e-5 6.68e-5 -3.28e-5  1.74e-4  2.44     3.63
249 mu_test[… -1.48e-4 -2.33e-4 1.43e-4 4.58e-5 -2.77e-4  5.51e-5  2.54     3.58
250 mu_test[… -1.79e-4 -2.74e-4 1.74e-4 8.12e-5 -3.42e-4  6.66e-5  2.71     3.49
251 mu_test[…  1.20e-4  1.90e-4 1.15e-4 3.14e-5 -4.48e-5  2.23e-4  1.81     4.37
252 mu_test[…  1.88e-5 -2.03e-6 3.81e-5 1.56e-5 -2.29e-5  7.98e-5  2.05     4.25
253 mu_test[… -2.20e-4 -2.65e-4 2.35e-4 3.23e-4 -5.01e-4  8.89e-5  2.89     3.43
254 mu_test[…  2.21e-4  2.71e-4 2.32e-4 3.04e-4 -8.68e-5  4.95e-4  2.93     3.42
255 mu_test[… -4.57e-5 -6.92e-5 4.46e-5 2.17e-5 -9.23e-5  1.80e-5  2.06     3.96
256 mu_test[… -2.01e-4 -3.02e-4 1.96e-4 1.06e-4 -3.87e-4  7.49e-5  2.82     3.46
257 mu_test[…  1.14e-4  1.32e-4 1.22e-4 1.79e-4 -4.67e-5  2.67e-4  2.53     3.58
258 mu_test[…  1.17e-4  1.58e-4 1.19e-4 1.17e-4 -4.67e-5  2.54e-4  2.50     3.60
259 mu_test[… -1.54e-6 -1.17e-6 1.21e-5 7.73e-6 -2.13e-5  2.12e-5  1.27    11.1 
260 mu_test[…  3.32e-4  4.17e-4 3.46e-4 4.30e-4 -1.29e-4  7.33e-4  3.26     3.33
261 mu_test[…  3.04e-5  3.33e-5 3.43e-5 5.41e-5 -1.40e-5  8.15e-5  2.39     3.67
262 mu_test[…  8.36e-5  1.06e-4 8.68e-5 1.04e-4 -3.39e-5  1.90e-4  2.50     3.60
263 mu_test[… -7.12e-5 -1.04e-4 7.04e-5 4.79e-5 -1.48e-4  2.80e-5  2.39     3.67
264 mu_test[…  4.17e-5  5.62e-5 5.18e-5 5.73e-5 -2.88e-5  1.11e-4  2.28     3.77
265 mu_test[… -7.13e-6 -7.38e-6 3.65e-5 5.00e-5 -6.26e-5  5.03e-5  2.36     3.72
266 mu_test[…  2.24e-4  3.08e-4 2.35e-4 2.23e-4 -9.86e-5  4.79e-4  2.79     3.47
267 mu_test[…  6.76e-5  1.06e-4 7.49e-5 4.04e-5 -3.84e-5  1.45e-4  2.11     3.91
268 mu_test[… -1.93e-5 -1.28e-5 1.89e-5 1.65e-5 -5.33e-5  1.15e-6  1.60     5.18
269 mu_test[…  7.07e-5  6.40e-5 8.42e-5 1.35e-4 -3.07e-5  1.93e-4  2.45     3.62
270 mu_test[…  1.08e-4  1.08e-4 1.23e-4 2.18e-4 -4.50e-5  2.76e-4  2.52     3.59
271 mu_test[… -1.44e-4 -2.07e-4 1.43e-4 1.07e-4 -2.98e-4  5.63e-5  2.52     3.59
272 mu_test[… -8.50e-5 -1.25e-4 8.48e-5 5.36e-5 -1.78e-4  3.49e-5  2.32     3.71
273 mu_test[…  6.50e-5  5.79e-5 7.76e-5 1.22e-4 -2.82e-5  1.79e-4  2.42     3.64
274 mu_test[… -1.20e-4 -1.68e-4 1.21e-4 1.04e-4 -2.57e-4  4.90e-5  2.46     3.62
275 mu_test[… -1.52e-6 -7.47e-7 2.05e-5 1.92e-5 -3.35e-5  3.52e-5  1.88     4.28
276 mu_test[…  8.59e-5  8.45e-5 9.83e-5 1.70e-4 -3.57e-5  2.24e-4  2.48     3.61
277 mu_test[…  8.74e-5  4.42e-5 1.23e-4 1.19e-4 -3.89e-5  2.72e-4  2.50     3.59
278 mu_test[…  8.58e-5  6.70e-5 1.08e-4 1.52e-4 -3.81e-5  2.42e-4  2.48     3.61
279 mu_test[… -6.79e-5 -9.35e-5 7.03e-5 6.20e-5 -1.57e-4  3.02e-5  2.18     3.85
280 mu_test[… -1.47e-4 -1.93e-4 1.51e-4 1.63e-4 -3.25e-4  5.98e-5  2.48     3.61
281 mu_test[… -2.43e-5 -3.04e-5 2.74e-5 3.54e-5 -6.30e-5  1.23e-5  1.83     4.32
282 mu_test[…  7.99e-5  8.57e-5 8.92e-5 1.47e-4 -3.43e-5  2.07e-4  2.44     3.65
283 mu_test[… -8.20e-5 -1.31e-4 7.86e-5 1.90e-5 -1.50e-4  3.07e-5  1.77     4.46
284 mu_test[…  4.81e-5  5.45e-5 4.96e-5 7.39e-5 -1.72e-5  1.14e-4  2.43     3.64
285 mu_test[…  7.15e-5  1.12e-4 6.79e-5 2.24e-5 -2.59e-5  1.35e-4  1.73     4.55
286 mu_test[…  2.94e-4  3.85e-4 2.99e-4 3.25e-4 -1.12e-4  6.28e-4  2.99     3.40
287 mu_test[…  3.86e-5  5.59e-5 3.89e-5 2.58e-5 -1.69e-5  8.54e-5  1.89     4.22
288 mu_test[…  2.54e-4  3.29e-4 2.60e-4 2.93e-4 -9.82e-5  5.49e-4  2.84     3.45
289 mu_test[…  1.09e-4  1.47e-4 1.10e-4 1.07e-4 -4.30e-5  2.36e-4  2.48     3.61
290 mu_test[…  2.31e-4  2.81e-4 2.43e-4 3.24e-4 -9.10e-5  5.20e-4  2.82     3.45
291 mu_test[… -3.67e-5 -5.11e-5 3.71e-5 3.02e-5 -8.38e-5  1.53e-5  2.09     3.93
292 mu_test[… -1.50e-4 -1.82e-4 1.58e-4 2.13e-4 -3.41e-4  5.92e-5  2.71     3.50
293 mu_test[… -1.76e-4 -2.10e-4 1.86e-4 2.57e-4 -4.00e-4  6.94e-5  2.83     3.45
294 mu_test[…  7.69e-5  1.17e-4 7.48e-5 3.59e-5 -2.96e-5  1.53e-4  2.24     3.78
295 mu_test[…  1.99e-4  2.62e-4 2.03e-4 2.18e-4 -7.71e-5  4.27e-4  2.65     3.52
296 mu_test[… -2.27e-4 -2.75e-4 2.39e-4 3.24e-4 -5.15e-4  8.93e-5  2.68     3.51
297 mu_test[…  1.95e-4  2.44e-4 2.02e-4 2.51e-4 -7.60e-5  4.32e-4  2.86     3.44
298 mu_test[… -1.31e-4 -1.85e-4 1.29e-4 1.03e-4 -2.66e-4  4.96e-5  2.62     3.54
299 mu_test[…  9.60e-5  1.15e-4 9.79e-5 1.31e-4 -3.40e-5  2.20e-4  2.50     3.60
300 mu_test[… -1.39e-4 -1.91e-4 1.39e-4 1.26e-4 -2.96e-4  5.50e-5  2.49     3.60
# ℹ 1,762 more rows
# ℹ 1 more variable: ess_tail <dbl>
[1] "Calculating mu_mean..."
[1] "Calculating mu_test_mean..."
[1] "Calculating y_rep_mean..."
[1] "Calculating y_test_rep_mean..."
[1] "Generating plots..."
 [1] "exposure_SRQS8F7JWA9MZ_1"            "exposure_SRQS8F7JWA9MZ_2"           
 [3] "exposure_2HRX9P6HKXA8V_1"            "exposure_L69HYJ4Y3TR91_1"           
 [5] "exposure_ED5J990H5VAZT_1"            "exposure_SRQS8F7JWA9MZ_1_gendermale"
 [7] "exposure_SRQS8F7JWA9MZ_2_gendermale" "exposure_2HRX9P6HKXA8V_1_gendermale"
 [9] "exposure_L69HYJ4Y3TR91_1_gendermale" "exposure_ED5J990H5VAZT_1_gendermale"
Adding missing grouping variables: `location_id_num`
Error in mlflow_start_run(run_name = paste(analysis, outcome, directory,  : 
  unused argument (run_name = paste(analysis, outcome, directory, iter_sampling, sep = "_"))
Calls: run_customer_gaussian_iid_a5 -> run_gaussian_iid
In addition: Warning messages:
1: Dropping 'draws_df' class as required metadata was removed. 
2: Dropping 'draws_df' class as required metadata was removed. 
3: Dropping 'draws_df' class as required metadata was removed. 
4: Dropping 'draws_df' class as required metadata was removed. 
Execution halted
