CmdStan path set to: /home/godli/.cmdstan/cmdstan-2.38.0
── Attaching core tidyverse packages ──────────────────────── tidyverse 2.0.0 ──
✔ dplyr     1.2.0     ✔ readr     2.2.0
✔ forcats   1.0.1     ✔ stringr   1.6.0
✔ ggplot2   4.0.2     ✔ tibble    3.3.1
✔ lubridate 1.9.5     ✔ tidyr     1.3.2
✔ purrr     1.2.1     
[conflicted] Will prefer dplyr::select over any other package.
[conflicted] Will prefer dplyr::filter over any other package.
[conflicted] Will prefer lubridate::year over any other package.
[conflicted] Will prefer lubridate::month over any other package.
[conflicted] Will prefer purrr::map over any other package.
[conflicted] Will prefer stats::sd over any other package.
[conflicted] Will prefer base::match over any other package.
This is cmdstanr version 0.9.0
- CmdStanR documentation and vignettes: mc-stan.org/cmdstanr
- CmdStan path: /home/godli/.cmdstan/cmdstan-2.38.0
- CmdStan version: 2.38.0
This is posterior version 1.6.1
── Attaching packages ──────────────────────────────────────────── fpp3 1.0.3 ──
✔ tsibble     1.2.0     ✔ feasts      0.5.0
✔ tsibbledata 0.4.1     ✔ fable       0.5.0
✔ ggtime      0.2.0     
Loading required package: R.oo
Loading required package: R.methodsS3
R.methodsS3 v1.8.2 (2022-06-13 22:00:14 UTC) successfully loaded. See ?R.methodsS3 for help.
R.oo v1.27.1 (2025-05-02 21:00:05 UTC) successfully loaded. See ?R.oo for help.

Attaching package: ‘R.oo’

The following object is masked from ‘package:R.methodsS3’:

    throw

The following object is masked from ‘package:shiny’:

    printStackTrace

The following object is masked from ‘package:renv’:

    load

The following objects are masked from ‘package:methods’:

    getClasses, getMethods

The following objects are masked from ‘package:base’:

    attach, detach, load, save

R.utils v2.13.0 (2025-02-24 21:20:02 UTC) successfully loaded. See ?R.utils for help.
[day A. loaded parquet] rows=32473 cols=77 locations=19
[day B. filter to 1 target restaurants] rows=686 cols=77 locations=1
[day C. re-applied date filters] rows=686 cols=77 locations=1
[day D. joined intros + date_num/exposure deltas] rows=686 cols=110 locations=1
[day E. slope cols added] cols 110 -> 141 (+31)
[day F. drop irrelevant exposure cols + date_num_exposure] cols 141 -> 50 (-91)
[day G. base exposure_cols (level only)]: 1 -> exposure_SAFK7ND1HR6XS_1
[day H. gender check] has_gender=TRUE, gender table:

 female    male unknown    <NA> 
    241     277     168       0 
[day H. created gender x exposure interactions] cols 50 -> 52 (+2)
[day I. arranged by (location_id_num, date)] rows=686 cols=52 locations=1
[day J. exposure_predictors (final, incl slopes + gender)]: 4 cols
    -> exposure_SAFK7ND1HR6XS_1, exposure_SAFK7ND1HR6XS_1_slope, exposure_SAFK7ND1HR6XS_1_gendermale, exposure_SAFK7ND1HR6XS_1_genderfemale 
[day K. numeric predictors selected for scaling]: 19 cols
    -> n_customers, vegan_price_real, vegetarian_price_real, meat_price_real, breakfast_p_price_real, textured_p_price_real, untextured_p_price_real, chicken_p_price_real, dairy_p_price_real, egg_p_price_real, breakfast_price_real, untextured_price_real, breakfast_t2_price_real, textured_t2_price_real, untextured_t2_price_real, dairy_t2_price_real, temp, precip, date_code 
[day L. train/test split + scaled] train=651 test=35 total=686
[1] "Train: N = 651"
[1] "Test: N = 35"
[1] "Successfully created `expo_to_rest` mapping."
[1] "Successfully created `expo_to_param` mapping."
Identified 4 exposure columns in the design matrix: 
exposure_SAFK7ND1HR6XS_1, 
exposure_SAFK7ND1HR6XS_1_slope, 
exposure_SAFK7ND1HR6XS_1_gendermale, 
exposure_SAFK7ND1HR6XS_1_genderfemale
Identified 31 random beta columns: 
vegan_price_real, 
vegetarian_price_real, 
meat_price_real, 
textured_t2_price_real, 
weekend, 
holiday_window, 
month_cat2, 
month_cat3, 
month_cat4, 
month_cat5, 
month_cat6, 
month_cat7, 
month_cat8, 
month_cat9, 
month_cat10, 
month_cat11, 
month_cat12, 
seasonspring, 
seasonsummer, 
seasonwinter, 
year_cat2014, 
year_cat2015, 
year_cat2016, 
year_cat2017, 
year_cat2018, 
year_cat2019, 
year_cat2020, 
year_cat2021, 
year_cat2022, 
year_cat2023, 
date_num
Identified 9 fixed beta columns: 
day_of_week_cat1, 
day_of_week_cat2, 
day_of_week_cat3, 
day_of_week_cat4, 
day_of_week_cat5, 
day_of_week_cat6, 
inflation, 
temp, 
precip
$R
[1] 1

$J
[1] 45

$M
[1] 4

$idx_intercept
[1] 1

$K_beta_random
[1] 31

$idx_beta_random
[1] 2 3 4 5 6 7

$K_beta_fixed
[1] 9

$idx_beta_fixed
[1] 33 34 35 36 37 38

$K_exposure
[1] 4

$idx_exposure
[1] 42 43 44 45

$expo_to_rest
[1] 1 1 1 1

$expo_to_param
[1] 1 2 3 4

$N_train
[1] 651

$X_train
  (Intercept) vegan_price_real vegetarian_price_real meat_price_real
1           1      -0.88586618            -0.5876915     -1.97304084
2           1      -0.47284900            -0.2001979     -0.67702085
3           1      -0.02402804             0.3140638     -0.06749752
4           1      -0.03928233             0.2892501      0.05393277
5           1      -0.08536522             0.2084247      0.01309331
6           1      -0.95734075            -0.6153219     -0.54563781
  textured_t2_price_real weekend holiday_window month_cat2 month_cat3
1             -0.2619305       0              0          0          0
2              0.7527694       0              0          0          0
3              1.0868011       1              0          0          0
4              1.1296580       1              0          0          0
5              1.0092320       1              0          0          0
6             -0.1815163       1              0          0          0
  month_cat4 month_cat5 month_cat6 month_cat7 month_cat8 month_cat9 month_cat10
1          1          0          0          0          0          0           0
2          1          0          0          0          0          0           0
3          1          0          0          0          0          0           0
4          1          0          0          0          0          0           0
5          1          0          0          0          0          0           0
6          1          0          0          0          0          0           0
  month_cat11 month_cat12 seasonspring seasonsummer seasonwinter year_cat2014
1           0           0            1            0            0            0
2           0           0            1            0            0            0
3           0           0            1            0            0            0
4           0           0            1            0            0            0
5           0           0            1            0            0            0
6           0           0            1            0            0            0
  year_cat2015 year_cat2016 year_cat2017 year_cat2018 year_cat2019 year_cat2020
1            0            0            0            0            1            0
2            0            0            0            0            1            0
3            0            0            0            0            1            0
4            0            0            0            0            1            0
5            0            0            0            0            1            0
6            0            0            0            0            1            0
  year_cat2021 year_cat2022 year_cat2023 date_num day_of_week_cat1
1            0            0            0 49.29500                0
2            0            0            0 49.29500                0
3            0            0            0 49.29774                0
4            0            0            0 49.29774                0
5            0            0            0 49.29774                0
6            0            0            0 49.30048                0
  day_of_week_cat2 day_of_week_cat3 day_of_week_cat4 day_of_week_cat5
1                0                0                1                0
2                0                0                1                0
3                0                0                0                1
4                0                0                0                1
5                0                0                0                1
6                0                0                0                0
  day_of_week_cat6 inflation       temp     precip exposure_SAFK7ND1HR6XS_1
1                0   282.798 -0.9564474 -0.1668328                        0
2                0   282.798 -0.9564474 -0.1668328                        0
3                0   282.798 -0.7867772 -0.1668328                        0
4                0   282.798 -0.7867772 -0.1668328                        0
5                0   282.798 -0.7867772 -0.1668328                        0
6                1   282.798 -0.9423082 -0.1668328                        0
  exposure_SAFK7ND1HR6XS_1_slope exposure_SAFK7ND1HR6XS_1_gendermale
1                              0                                   0
2                              0                                   0
3                              0                                   0
4                              0                                   0
5                              0                                   0
6                              0                                   0
  exposure_SAFK7ND1HR6XS_1_genderfemale
1                                     0
2                                     0
3                                     0
4                                     0
5                                     0
6                                     0

$y_train
[1]  0.12203229 -0.03571429 -0.13888889 -0.07142857  0.43750000  0.00000000

$idx_to_rest_train
[1] 1 1 1 1 1 1

$train_start_idx
[1] 1

$train_end_idx
[1] 651

$N_test
[1] 35

$X_test
  (Intercept) vegan_price_real vegetarian_price_real meat_price_real
1           1      -2.48050975           -3.10190976      0.33095234
2           1      -0.06532477           -0.31434287      0.08225042
3           1      -0.74050580           -1.29503311     -0.62430094
4           1      -0.88111218           -1.00156587     -0.79927872
5           1      -1.11363998           -0.02351182     -0.61963706
6           1      -1.34184050            0.05217606     -0.33952461
  textured_t2_price_real weekend holiday_window month_cat2 month_cat3
1             -0.1701240       0              0          1          0
2             -0.8951714       0              0          1          0
3             -1.5501720       0              0          1          0
4             -1.2944029       0              0          1          0
5             -1.1003180       0              0          1          0
6             -0.9393248       0              0          1          0
  month_cat4 month_cat5 month_cat6 month_cat7 month_cat8 month_cat9 month_cat10
1          0          0          0          0          0          0           0
2          0          0          0          0          0          0           0
3          0          0          0          0          0          0           0
4          0          0          0          0          0          0           0
5          0          0          0          0          0          0           0
6          0          0          0          0          0          0           0
  month_cat11 month_cat12 seasonspring seasonsummer seasonwinter year_cat2014
1           0           0            0            0            1            0
2           0           0            0            0            1            0
3           0           0            0            0            1            0
4           0           0            0            0            1            0
5           0           0            0            0            1            0
6           0           0            0            0            1            0
  year_cat2015 year_cat2016 year_cat2017 year_cat2018 year_cat2019 year_cat2020
1            0            0            0            0            0            1
2            0            0            0            0            0            1
3            0            0            0            0            0            1
4            0            0            0            0            0            1
5            0            0            0            0            0            1
6            0            0            0            0            0            1
  year_cat2021 year_cat2022 year_cat2023 date_num day_of_week_cat1
1            0            0            0 50.14921                1
2            0            0            0 50.15195                0
3            0            0            0 50.15195                0
4            0            0            0 50.15469                0
5            0            0            0 50.15743                0
6            0            0            0 50.15743                0
  day_of_week_cat2 day_of_week_cat3 day_of_week_cat4 day_of_week_cat5
1                0                0                0                0
2                1                0                0                0
3                1                0                0                0
4                0                1                0                0
5                0                0                1                0
6                0                0                1                0
  day_of_week_cat6 inflation        temp     precip exposure_SAFK7ND1HR6XS_1
1                0   289.781 -0.07981797 -0.1668328                        1
2                0   289.781  0.38677510 -0.1668328                        1
3                0   289.781  0.38677510 -0.1668328                        1
4                0   289.781  0.92406409 -0.1668328                        1
5                0   289.781  1.41893553 -0.1668328                        1
6                0   289.781  1.41893553 -0.1668328                        1
  exposure_SAFK7ND1HR6XS_1_slope exposure_SAFK7ND1HR6XS_1_gendermale
1                      0.4572211                                   0
2                      0.4599589                                   0
3                      0.4599589                                   1
4                      0.4626968                                   1
5                      0.4654346                                   0
6                      0.4654346                                   1
  exposure_SAFK7ND1HR6XS_1_genderfemale
1                                     0
2                                     1
3                                     0
4                                     0
5                                     1
6                                     0

$y_test
[1] -0.03571429  0.00000000 -0.07142857 -0.06818182  0.50000000  0.87500000

$idx_to_rest_test
[1] 1 1 1 1 1 1

$test_start_idx
[1] 1

$test_end_idx
[1] 35

$mu_gamma_scale
[1] 1

$sigma_gamma_between_scale
[1] 1

$sigma_gamma_within_scale
[1] 1

$mu_beta_scale
[1] 1

$sigma_beta_scale
[1] 1

$mu_sigma_log_scale
[1] 2

$sigma_sigma_log_scale
[1] 1

$z_eta_scale
[1] 1

$z_gamma_scale
[1] 1

$z_beta_scale
[1] 1

$z_sigma_scale
[1] 1

[1] "Using Stan model: model_multilevel_transfer_customer_gaussian_iid.stan"
[1] "Fitting the Gaussian IID (transaction-level demeaned) model..."
Running MCMC with 3 parallel chains...

Chain 1 Iteration:    1 / 3500 [  0%]  (Warmup) 
Chain 1 Informational Message: The current Metropolis proposal is about to be rejected because of the following issue:
Chain 1 Exception: normal_lpdf: Location parameter[1] is -nan, but must be finite! (in '/tmp/RtmpBDInKB/model-2793c665c7a121.stan', line 327, column 2 to column 49)
Chain 1 If this warning occurs sporadically, such as for highly constrained variable types like covariance matrices, then the sampler is fine,
Chain 1 but if this warning occurs often then your model may be either severely ill-conditioned or misspecified.
Chain 1 
Chain 1 Informational Message: The current Metropolis proposal is about to be rejected because of the following issue:
Chain 1 Exception: normal_lpdf: Location parameter[1] is -nan, but must be finite! (in '/tmp/RtmpBDInKB/model-2793c665c7a121.stan', line 327, column 2 to column 49)
Chain 1 If this warning occurs sporadically, such as for highly constrained variable types like covariance matrices, then the sampler is fine,
Chain 1 but if this warning occurs often then your model may be either severely ill-conditioned or misspecified.
Chain 1 
Chain 1 Informational Message: The current Metropolis proposal is about to be rejected because of the following issue:
Chain 1 Exception: normal_lpdf: Location parameter[1] is -nan, but must be finite! (in '/tmp/RtmpBDInKB/model-2793c665c7a121.stan', line 327, column 2 to column 49)
Chain 1 If this warning occurs sporadically, such as for highly constrained variable types like covariance matrices, then the sampler is fine,
Chain 1 but if this warning occurs often then your model may be either severely ill-conditioned or misspecified.
Chain 1 
Chain 1 Informational Message: The current Metropolis proposal is about to be rejected because of the following issue:
Chain 1 Exception: normal_lpdf: Location parameter[1] is -inf, but must be finite! (in '/tmp/RtmpBDInKB/model-2793c665c7a121.stan', line 327, column 2 to column 49)
Chain 1 If this warning occurs sporadically, such as for highly constrained variable types like covariance matrices, then the sampler is fine,
Chain 1 but if this warning occurs often then your model may be either severely ill-conditioned or misspecified.
Chain 1 
Chain 1 Informational Message: The current Metropolis proposal is about to be rejected because of the following issue:
Chain 1 Exception: normal_lpdf: Location parameter[1] is -nan, but must be finite! (in '/tmp/RtmpBDInKB/model-2793c665c7a121.stan', line 327, column 2 to column 49)
Chain 1 If this warning occurs sporadically, such as for highly constrained variable types like covariance matrices, then the sampler is fine,
Chain 1 but if this warning occurs often then your model may be either severely ill-conditioned or misspecified.
Chain 1 
Chain 1 Informational Message: The current Metropolis proposal is about to be rejected because of the following issue:
Chain 1 Exception: normal_lpdf: Location parameter[1] is -inf, but must be finite! (in '/tmp/RtmpBDInKB/model-2793c665c7a121.stan', line 327, column 2 to column 49)
Chain 1 If this warning occurs sporadically, such as for highly constrained variable types like covariance matrices, then the sampler is fine,
Chain 1 but if this warning occurs often then your model may be either severely ill-conditioned or misspecified.
Chain 1 
Chain 2 Iteration:    1 / 3500 [  0%]  (Warmup) 
Chain 2 Informational Message: The current Metropolis proposal is about to be rejected because of the following issue:
Chain 2 Exception: normal_lpdf: Location parameter[1] is -nan, but must be finite! (in '/tmp/RtmpBDInKB/model-2793c665c7a121.stan', line 327, column 2 to column 49)
Chain 2 If this warning occurs sporadically, such as for highly constrained variable types like covariance matrices, then the sampler is fine,
Chain 2 but if this warning occurs often then your model may be either severely ill-conditioned or misspecified.
Chain 2 
Chain 2 Informational Message: The current Metropolis proposal is about to be rejected because of the following issue:
Chain 2 Exception: normal_lpdf: Location parameter[1] is -nan, but must be finite! (in '/tmp/RtmpBDInKB/model-2793c665c7a121.stan', line 327, column 2 to column 49)
Chain 2 If this warning occurs sporadically, such as for highly constrained variable types like covariance matrices, then the sampler is fine,
Chain 2 but if this warning occurs often then your model may be either severely ill-conditioned or misspecified.
Chain 2 
Chain 2 Informational Message: The current Metropolis proposal is about to be rejected because of the following issue:
Chain 2 Exception: normal_lpdf: Location parameter[1] is -nan, but must be finite! (in '/tmp/RtmpBDInKB/model-2793c665c7a121.stan', line 327, column 2 to column 49)
Chain 2 If this warning occurs sporadically, such as for highly constrained variable types like covariance matrices, then the sampler is fine,
Chain 2 but if this warning occurs often then your model may be either severely ill-conditioned or misspecified.
Chain 2 
Chain 2 Informational Message: The current Metropolis proposal is about to be rejected because of the following issue:
Chain 2 Exception: normal_lpdf: Location parameter[1] is -nan, but must be finite! (in '/tmp/RtmpBDInKB/model-2793c665c7a121.stan', line 327, column 2 to column 49)
Chain 2 If this warning occurs sporadically, such as for highly constrained variable types like covariance matrices, then the sampler is fine,
Chain 2 but if this warning occurs often then your model may be either severely ill-conditioned or misspecified.
Chain 2 
Chain 2 Informational Message: The current Metropolis proposal is about to be rejected because of the following issue:
Chain 2 Exception: normal_lpdf: Location parameter[1] is -nan, but must be finite! (in '/tmp/RtmpBDInKB/model-2793c665c7a121.stan', line 327, column 2 to column 49)
Chain 2 If this warning occurs sporadically, such as for highly constrained variable types like covariance matrices, then the sampler is fine,
Chain 2 but if this warning occurs often then your model may be either severely ill-conditioned or misspecified.
Chain 2 
Chain 2 Informational Message: The current Metropolis proposal is about to be rejected because of the following issue:
Chain 2 Exception: normal_lpdf: Location parameter[1] is -nan, but must be finite! (in '/tmp/RtmpBDInKB/model-2793c665c7a121.stan', line 327, column 2 to column 49)
Chain 2 If this warning occurs sporadically, such as for highly constrained variable types like covariance matrices, then the sampler is fine,
Chain 2 but if this warning occurs often then your model may be either severely ill-conditioned or misspecified.
Chain 2 
Chain 2 Informational Message: The current Metropolis proposal is about to be rejected because of the following issue:
Chain 2 Exception: normal_lpdf: Location parameter[1] is -nan, but must be finite! (in '/tmp/RtmpBDInKB/model-2793c665c7a121.stan', line 327, column 2 to column 49)
Chain 2 If this warning occurs sporadically, such as for highly constrained variable types like covariance matrices, then the sampler is fine,
Chain 2 but if this warning occurs often then your model may be either severely ill-conditioned or misspecified.
Chain 2 
Chain 3 Iteration:    1 / 3500 [  0%]  (Warmup) 
Chain 3 Informational Message: The current Metropolis proposal is about to be rejected because of the following issue:
Chain 3 Exception: normal_lpdf: Location parameter[1] is -nan, but must be finite! (in '/tmp/RtmpBDInKB/model-2793c665c7a121.stan', line 327, column 2 to column 49)
Chain 3 If this warning occurs sporadically, such as for highly constrained variable types like covariance matrices, then the sampler is fine,
Chain 3 but if this warning occurs often then your model may be either severely ill-conditioned or misspecified.
Chain 3 
Chain 2 Iteration:  100 / 3500 [  2%]  (Warmup) 
Chain 3 Iteration:  100 / 3500 [  2%]  (Warmup) 
Chain 1 Iteration:  100 / 3500 [  2%]  (Warmup) 
Chain 2 Iteration:  200 / 3500 [  5%]  (Warmup) 
Chain 3 Iteration:  200 / 3500 [  5%]  (Warmup) 
Chain 1 Iteration:  200 / 3500 [  5%]  (Warmup) 
Chain 2 Iteration:  300 / 3500 [  8%]  (Warmup) 
Chain 3 Iteration:  300 / 3500 [  8%]  (Warmup) 
Chain 1 Iteration:  300 / 3500 [  8%]  (Warmup) 
Chain 3 Iteration:  400 / 3500 [ 11%]  (Warmup) 
Chain 2 Iteration:  400 / 3500 [ 11%]  (Warmup) 
Chain 1 Iteration:  400 / 3500 [ 11%]  (Warmup) 
Chain 3 Iteration:  500 / 3500 [ 14%]  (Warmup) 
Chain 2 Iteration:  500 / 3500 [ 14%]  (Warmup) 
Chain 1 Iteration:  500 / 3500 [ 14%]  (Warmup) 
Chain 3 Iteration:  600 / 3500 [ 17%]  (Warmup) 
Chain 2 Iteration:  600 / 3500 [ 17%]  (Warmup) 
Chain 1 Iteration:  600 / 3500 [ 17%]  (Warmup) 
Chain 3 Iteration:  700 / 3500 [ 20%]  (Warmup) 
Chain 2 Iteration:  700 / 3500 [ 20%]  (Warmup) 
Chain 1 Iteration:  700 / 3500 [ 20%]  (Warmup) 
Chain 3 Iteration:  800 / 3500 [ 22%]  (Warmup) 
Chain 2 Iteration:  800 / 3500 [ 22%]  (Warmup) 
Chain 1 Iteration:  800 / 3500 [ 22%]  (Warmup) 
Chain 3 Iteration:  900 / 3500 [ 25%]  (Warmup) 
Chain 2 Iteration:  900 / 3500 [ 25%]  (Warmup) 
Chain 1 Iteration:  900 / 3500 [ 25%]  (Warmup) 
Chain 3 Iteration: 1000 / 3500 [ 28%]  (Warmup) 
Chain 2 Iteration: 1000 / 3500 [ 28%]  (Warmup) 
Chain 1 Iteration: 1000 / 3500 [ 28%]  (Warmup) 
Chain 3 Iteration: 1100 / 3500 [ 31%]  (Warmup) 
Chain 2 Iteration: 1100 / 3500 [ 31%]  (Warmup) 
Chain 1 Iteration: 1100 / 3500 [ 31%]  (Warmup) 
Chain 3 Iteration: 1200 / 3500 [ 34%]  (Warmup) 
Chain 2 Iteration: 1200 / 3500 [ 34%]  (Warmup) 
Chain 1 Iteration: 1200 / 3500 [ 34%]  (Warmup) 
Chain 3 Iteration: 1300 / 3500 [ 37%]  (Warmup) 
Chain 2 Iteration: 1300 / 3500 [ 37%]  (Warmup) 
Chain 1 Iteration: 1300 / 3500 [ 37%]  (Warmup) 
Chain 3 Iteration: 1400 / 3500 [ 40%]  (Warmup) 
Chain 2 Iteration: 1400 / 3500 [ 40%]  (Warmup) 
Chain 1 Iteration: 1400 / 3500 [ 40%]  (Warmup) 
Chain 3 Iteration: 1500 / 3500 [ 42%]  (Warmup) 
Chain 3 Iteration: 1501 / 3500 [ 42%]  (Sampling) 
Chain 2 Iteration: 1500 / 3500 [ 42%]  (Warmup) 
Chain 2 Iteration: 1501 / 3500 [ 42%]  (Sampling) 
Chain 1 Iteration: 1500 / 3500 [ 42%]  (Warmup) 
Chain 1 Iteration: 1501 / 3500 [ 42%]  (Sampling) 
Chain 3 Iteration: 1600 / 3500 [ 45%]  (Sampling) 
Chain 2 Iteration: 1600 / 3500 [ 45%]  (Sampling) 
Chain 1 Iteration: 1600 / 3500 [ 45%]  (Sampling) 
Chain 3 Iteration: 1700 / 3500 [ 48%]  (Sampling) 
Chain 2 Iteration: 1700 / 3500 [ 48%]  (Sampling) 
Chain 1 Iteration: 1700 / 3500 [ 48%]  (Sampling) 
Chain 3 Iteration: 1800 / 3500 [ 51%]  (Sampling) 
Chain 2 Iteration: 1800 / 3500 [ 51%]  (Sampling) 
Chain 1 Iteration: 1800 / 3500 [ 51%]  (Sampling) 
Chain 3 Iteration: 1900 / 3500 [ 54%]  (Sampling) 
Chain 2 Iteration: 1900 / 3500 [ 54%]  (Sampling) 
Chain 1 Iteration: 1900 / 3500 [ 54%]  (Sampling) 
Chain 3 Iteration: 2000 / 3500 [ 57%]  (Sampling) 
Chain 2 Iteration: 2000 / 3500 [ 57%]  (Sampling) 
Chain 1 Iteration: 2000 / 3500 [ 57%]  (Sampling) 
Chain 3 Iteration: 2100 / 3500 [ 60%]  (Sampling) 
Chain 2 Iteration: 2100 / 3500 [ 60%]  (Sampling) 
Chain 1 Iteration: 2100 / 3500 [ 60%]  (Sampling) 
Chain 3 Iteration: 2200 / 3500 [ 62%]  (Sampling) 
Chain 2 Iteration: 2200 / 3500 [ 62%]  (Sampling) 
Chain 1 Iteration: 2200 / 3500 [ 62%]  (Sampling) 
Chain 3 Iteration: 2300 / 3500 [ 65%]  (Sampling) 
Chain 2 Iteration: 2300 / 3500 [ 65%]  (Sampling) 
Chain 1 Iteration: 2300 / 3500 [ 65%]  (Sampling) 
Chain 3 Iteration: 2400 / 3500 [ 68%]  (Sampling) 
Chain 2 Iteration: 2400 / 3500 [ 68%]  (Sampling) 
Chain 1 Iteration: 2400 / 3500 [ 68%]  (Sampling) 
Chain 3 Iteration: 2500 / 3500 [ 71%]  (Sampling) 
Chain 2 Iteration: 2500 / 3500 [ 71%]  (Sampling) 
Chain 1 Iteration: 2500 / 3500 [ 71%]  (Sampling) 
Chain 3 Iteration: 2600 / 3500 [ 74%]  (Sampling) 
Chain 2 Iteration: 2600 / 3500 [ 74%]  (Sampling) 
Chain 1 Iteration: 2600 / 3500 [ 74%]  (Sampling) 
Chain 3 Iteration: 2700 / 3500 [ 77%]  (Sampling) 
Chain 2 Iteration: 2700 / 3500 [ 77%]  (Sampling) 
Chain 1 Iteration: 2700 / 3500 [ 77%]  (Sampling) 
Chain 3 Iteration: 2800 / 3500 [ 80%]  (Sampling) 
Chain 2 Iteration: 2800 / 3500 [ 80%]  (Sampling) 
Chain 1 Iteration: 2800 / 3500 [ 80%]  (Sampling) 
Chain 3 Iteration: 2900 / 3500 [ 82%]  (Sampling) 
Chain 2 Iteration: 2900 / 3500 [ 82%]  (Sampling) 
Chain 1 Iteration: 2900 / 3500 [ 82%]  (Sampling) 
Chain 3 Iteration: 3000 / 3500 [ 85%]  (Sampling) 
Chain 2 Iteration: 3000 / 3500 [ 85%]  (Sampling) 
Chain 1 Iteration: 3000 / 3500 [ 85%]  (Sampling) 
Chain 3 Iteration: 3100 / 3500 [ 88%]  (Sampling) 
Chain 2 Iteration: 3100 / 3500 [ 88%]  (Sampling) 
Chain 1 Iteration: 3100 / 3500 [ 88%]  (Sampling) 
Chain 3 Iteration: 3200 / 3500 [ 91%]  (Sampling) 
Chain 2 Iteration: 3200 / 3500 [ 91%]  (Sampling) 
Chain 1 Iteration: 3200 / 3500 [ 91%]  (Sampling) 
Chain 3 Iteration: 3300 / 3500 [ 94%]  (Sampling) 
Chain 2 Iteration: 3300 / 3500 [ 94%]  (Sampling) 
Chain 1 Iteration: 3300 / 3500 [ 94%]  (Sampling) 
Chain 3 Iteration: 3400 / 3500 [ 97%]  (Sampling) 
Chain 2 Iteration: 3400 / 3500 [ 97%]  (Sampling) 
Chain 1 Iteration: 3400 / 3500 [ 97%]  (Sampling) 
Chain 3 Iteration: 3500 / 3500 [100%]  (Sampling) 
Chain 3 finished in 116.8 seconds.
Chain 2 Iteration: 3500 / 3500 [100%]  (Sampling) 
Chain 2 finished in 117.6 seconds.
Chain 1 Iteration: 3500 / 3500 [100%]  (Sampling) 
Chain 1 finished in 119.4 seconds.

All 3 chains finished successfully.
Mean chain execution time: 117.9 seconds.
Total execution time: 119.5 seconds.

Warning: 13 of 3000 (0.0%) transitions ended with a divergence.
See https://mc-stan.org/misc/warnings for details.

Warning: 2987 of 3000 (100.0%) transitions hit the maximum treedepth limit of 10.
See https://mc-stan.org/misc/warnings for details.

[1] "Saving fit object..."
[1] "Calculating summary..."
[1] "Calculating metadata..."
[1] "Summary of Hyperpriors (mu_*, sigma_*):"
# A tibble: 122 × 10
    variable        mean   median     sd    mad       q5      q95  rhat ess_bulk
    <chr>          <dbl>    <dbl>  <dbl>  <dbl>    <dbl>    <dbl> <dbl>    <dbl>
  1 mu_beta_in… -7.57e-1 -1.24e+0 3.53   3.14   -5.89     5.61e+0  1.09    26.1 
  2 mu_beta_ra… -1.18e-1 -4.84e-2 0.365  0.238  -1.03     2.98e-1  1.55     5.34
  3 mu_beta_ra…  3.11e-1  1.84e-1 0.489  0.246  -0.191    1.62e+0  1.48     5.95
  4 mu_beta_ra… -1.19e-1 -3.01e-2 0.319  0.264  -0.761    3.21e-1  1.45     5.97
  5 mu_beta_ra…  1.00e-1  1.21e-2 0.465  0.462  -0.543    7.95e-1  1.51     5.97
  6 mu_beta_ra…  6.97e-2  6.40e-2 0.429  0.306  -0.583    7.83e-1  1.12    27.2 
  7 mu_beta_ra…  1.82e-1  5.59e-2 0.552  0.172  -0.314    1.29e+0  1.28    16.2 
  8 mu_beta_ra… -5.04e-3  3.08e-2 0.362  0.209  -0.706    4.96e-1  1.17    15.4 
  9 mu_beta_ra…  3.58e-1 -5.37e-2 1.17   0.633  -0.905    2.82e+0  1.40     6.59
 10 mu_beta_ra… -3.63e-1 -2.97e-1 0.609  0.631  -1.50     5.06e-1  1.46     5.92
 11 mu_beta_ra… -2.87e-1 -2.35e-1 0.566  0.478  -1.36     5.10e-1  1.22    10.5 
 12 mu_beta_ra… -4.87e-1 -4.51e-1 0.749  0.939  -1.61     7.46e-1  1.56     5.75
 13 mu_beta_ra…  1.21e-1  1.91e-1 0.502  0.459  -0.835    8.33e-1  1.15    16.0 
 14 mu_beta_ra…  2.53e-2  4.75e-2 0.420  0.361  -0.769    6.89e-1  1.29     8.62
 15 mu_beta_ra… -2.69e-1 -2.48e-1 0.418  0.404  -0.949    4.27e-1  1.23    10.4 
 16 mu_beta_ra… -1.04e-1 -5.27e-2 0.521  0.486  -1.08     6.88e-1  1.52     5.48
 17 mu_beta_ra… -3.46e-1 -2.79e-1 0.516  0.492  -1.31     4.01e-1  1.16    12.8 
 18 mu_beta_ra… -6.13e-2  6.04e-2 0.716  0.724  -1.34     9.26e-1  1.77     4.62
 19 mu_beta_ra…  1.66e-1  9.16e-2 0.607  0.514  -0.730    1.25e+0  1.19    24.9 
 20 mu_beta_ra… -7.89e-2  1.65e-2 0.582  0.395  -1.29     7.01e-1  1.24    13.5 
 21 mu_beta_ra… -2.25e-1 -1.81e-1 0.652  0.486  -1.47     7.30e-1  1.07    33.0 
 22 mu_beta_ra… -8.26e-2  6.10e-4 1.49   1.33   -2.82     2.20e+0  1.42     6.46
 23 mu_beta_ra… -4.33e-2 -1.98e-1 1.18   0.910  -1.56     2.46e+0  1.14    19.8 
 24 mu_beta_ra… -2.50e-1 -2.58e-2 1.14   0.838  -2.78     1.12e+0  1.20    11.7 
 25 mu_beta_ra… -1.94e-2 -1.16e-2 0.838  0.674  -1.38     1.44e+0  1.21    13.8 
 26 mu_beta_ra… -3.08e-1 -1.68e-1 1.10   0.765  -2.47     1.50e+0  1.13    18.9 
 27 mu_beta_ra… -1.43e-2 -3.40e-2 0.722  0.517  -1.23     1.15e+0  1.19    55.5 
 28 mu_beta_ra… -6.70e-2 -6.10e-2 0.691  0.535  -1.32     1.12e+0  1.15    13.4 
 29 mu_beta_ra…  1.96e-1  3.82e-2 1.07   0.804  -1.34     2.29e+0  1.06    50.0 
 30 mu_beta_ra…  1.20e-1  5.08e-2 1.37   0.973  -2.41     2.51e+0  1.20    11.1 
 31 mu_beta_ra… -1.72e-1 -1.66e-1 1.10   0.815  -1.97     1.81e+0  1.10    45.9 
 32 mu_beta_ra… -2.42e-1 -2.18e-1 0.665  0.581  -1.33     8.00e-1  1.14    18.3 
 33 mu_beta_fi…  8.56e-2  8.80e-2 0.0752 0.0751 -0.0397   2.06e-1  1.10    21.8 
 34 mu_beta_fi…  1.58e-1  1.59e-1 0.0735 0.0728  0.0304   2.80e-1  1.14    20.3 
 35 mu_beta_fi…  1.00e-1  1.02e-1 0.0626 0.0630 -0.0116   1.99e-1  1.09    26.5 
 36 mu_beta_fi…  4.24e-2  4.53e-2 0.0560 0.0540 -0.0610   1.31e-1  1.08    33.5 
 37 mu_beta_fi… -1.24e-2  3.10e-2 0.277  0.181  -0.595    3.60e-1  1.11    27.4 
 38 mu_beta_fi…  5.99e-2  9.94e-2 0.277  0.188  -0.526    4.38e-1  1.11    27.8 
 39 mu_beta_fi…  5.77e-2  5.13e-2 0.0879 0.0811 -0.0719   2.26e-1  1.15    13.8 
 40 mu_beta_fi… -2.50e-2 -2.47e-2 0.0283 0.0289 -0.0673   2.14e-2  1.05    46.3 
 41 mu_beta_fi… -2.61e-2 -2.53e-2 0.0177 0.0189 -0.0574   7.06e-4  1.10    20.7 
 42 mu_gamma[1] -4.26e-2 -5.37e-2 0.115  0.110  -0.219    1.75e-1  1.24     9.34
 43 mu_gamma[2] -7.23e-2 -1.31e-1 0.679  0.677  -1.14     1.10e+0  1.09    27.5 
 44 mu_gamma[3]  9.21e-2  9.14e-2 0.0425 0.0432  0.0241   1.61e-1  1.07    45.9 
 45 mu_gamma[4]  8.17e-2  8.08e-2 0.0424 0.0441  0.0145   1.55e-1  1.09    45.3 
 46 mu_sigma_l… -9.79e-1 -9.89e-1 0.408  0.277  -1.72    -3.45e-1  1.23     9.71
 47 sigma_beta…  8.73e-1  6.68e-1 0.720  0.435   0.138    2.30e+0  1.19    42.1 
 48 sigma_beta…  7.99e-1  5.44e-1 0.828  0.382   0.0739   2.52e+0  1.20    12.5 
 49 sigma_beta…  5.39e-1  3.32e-1 0.632  0.383   0.0536   1.88e+0  1.56     5.40
 50 sigma_beta…  7.79e-1  5.58e-1 0.779  0.540   0.0437   2.31e+0  1.20    13.4 
 51 sigma_beta…  8.88e-1  5.71e-1 0.872  0.539   0.0814   2.54e+0  1.39     7.61
 52 sigma_beta…  5.08e-1  3.88e-1 0.493  0.285   0.0513   1.35e+0  1.19    29.1 
 53 sigma_beta…  4.36e-1  3.32e-1 0.379  0.330   0.0118   1.19e+0  1.35     7.28
 54 sigma_beta…  6.74e-1  4.29e-1 0.829  0.485   0.0448   2.25e+0  1.27     9.35
 55 sigma_beta…  1.22e+0  7.68e-1 1.99   0.663   0.135    3.22e+0  1.10    37.8 
 56 sigma_beta…  8.15e-1  6.70e-1 0.645  0.535   0.0284   2.02e+0  1.28     8.32
 57 sigma_beta…  5.32e-1  3.66e-1 0.584  0.458   0.0304   1.62e+0  1.47     5.98
 58 sigma_beta…  1.15e+0  9.05e-1 1.03   0.460   0.0209   3.02e+0  1.24     9.26
 59 sigma_beta…  7.10e-1  6.16e-1 0.490  0.479   0.0597   1.61e+0  1.16    16.7 
 60 sigma_beta…  4.83e-1  3.12e-1 0.527  0.305   0.0106   1.63e+0  1.29     8.11
 61 sigma_beta…  6.48e-1  4.12e-1 0.688  0.395   0.0855   1.98e+0  1.21    12.2 
 62 sigma_beta…  7.35e-1  5.68e-1 0.567  0.463   0.135    1.88e+0  1.21    10.9 
 63 sigma_beta…  9.80e-1  7.70e-1 0.718  0.562   0.192    2.40e+0  1.12    23.9 
 64 sigma_beta…  1.14e+0  1.03e+0 0.834  0.721   0.157    2.57e+0  1.09    42.4 
 65 sigma_beta…  1.08e+0  7.36e-1 0.921  0.578   0.238    3.18e+0  1.34     7.53
 66 sigma_beta…  1.06e+0  9.59e-1 0.731  0.845   0.00756  2.36e+0  1.84     4.40
 67 sigma_beta…  9.94e-1  6.97e-1 0.853  0.599   0.151    2.66e+0  1.20    14.4 
 68 sigma_beta…  1.09e+0  8.04e-1 0.808  0.602   0.254    2.78e+0  1.23    10.5 
 69 sigma_beta…  1.32e+0  1.05e+0 1.38   0.705   0.0845   3.52e+0  1.12    24.1 
 70 sigma_beta…  8.44e-1  6.79e-1 0.716  0.607   0.118    2.26e+0  1.09    21.9 
 71 sigma_beta…  1.34e+0  7.80e-1 1.83   0.757   0.0429   3.94e+0  1.21    11.8 
 72 sigma_beta…  1.22e+0  9.39e-1 1.02   0.636   0.220    3.39e+0  1.11    28.1 
 73 sigma_beta…  8.57e-1  6.23e-1 0.810  0.651   0.0703   2.48e+0  1.16    16.3 
 74 sigma_beta…  9.08e-1  6.77e-1 0.928  0.765   0.0241   2.59e+0  1.49     5.99
 75 sigma_beta…  1.08e+0  8.78e-1 0.800  0.670   0.218    2.63e+0  1.06    45.2 
 76 sigma_beta…  1.38e+0  1.01e+0 1.31   0.794   0.155    3.61e+0  1.17    13.8 
 77 sigma_beta…  1.22e+0  8.14e-1 1.29   0.591   0.166    3.49e+0  1.16    13.5 
 78 sigma_beta…  9.16e-1  6.92e-1 0.652  0.500   0.222    2.22e+0  1.48     6.24
 79 sigma_gamm…  6.68e-1  5.00e-1 0.544  0.375   0.151    1.74e+0  1.42     6.57
 80 sigma_gamm…  5.70e-1  3.75e-1 0.554  0.341   0.0748   1.68e+0  1.13    16.0 
 81 sigma_gamm…  7.18e-1  4.22e-1 0.841  0.443   0.0687   2.29e+0  1.14    15.3 
 82 sigma_gamm…  1.73e+0  1.48e+0 1.38   1.09    0.165    3.87e+0  1.31     7.92
 83 sigma_sigm…  9.94e-1  6.42e-1 0.935  0.645   0.145    2.90e+0  1.39     7.05
 84 sigma_gamm…  8.63e-1  6.20e-1 0.916  0.754   0.0422   2.64e+0  1.78     4.55
 85 sigma_gamm…  9.18e-1  5.95e-1 0.888  0.654   0.0702   2.65e+0  1.33     8.26
 86 sigma_gamm…  8.84e-1  5.89e-1 0.948  0.587   0.0621   2.66e+0  1.18    11.9 
 87 sigma_gamm…  1.47e+0  9.57e-1 1.61   0.913   0.135    4.29e+0  1.13    33.2 
 88 mu_test[1]  -2.26e-1 -2.30e-1 0.105  0.102  -0.399   -5.05e-2  1.07    33.6 
 89 mu_test[2]  -2.80e-4 -2.73e-3 0.0865 0.0831 -0.139    1.46e-1  1.03    49.4 
 90 mu_test[3]  -2.04e-2 -2.24e-2 0.0894 0.0885 -0.168    1.28e-1  1.02    62.3 
 91 mu_test[4]  -8.55e-2 -8.48e-2 0.0863 0.0855 -0.232    5.81e-2  1.01   101.  
 92 mu_test[5]  -1.28e-1 -1.27e-1 0.101  0.0985 -0.292    4.42e-2  1.01    93.8 
 93 mu_test[6]  -1.11e-1 -1.09e-1 0.0980 0.0998 -0.270    4.87e-2  1.01   106.  
 94 mu_test[7]  -1.48e-1 -1.45e-1 0.111  0.109  -0.332    3.68e-2  1.02    95.2 
 95 mu_test[8]  -1.16e-1 -1.15e-1 0.0749 0.0759 -0.239    7.78e-3  1.00   280.  
 96 mu_test[9]  -1.12e-1 -1.11e-1 0.0771 0.0764 -0.237    1.35e-2  1.00   334.  
 97 mu_test[10] -2.11e-1 -2.08e-1 0.0789 0.0794 -0.343   -8.47e-2  1.02   141.  
 98 mu_test[11]  1.18e+0  8.79e-1 2.44   1.84   -1.74     4.35e+0  1.15    16.0 
 99 mu_test[12]  1.20e+0  9.10e-1 2.44   1.85   -1.73     4.36e+0  1.15    15.9 
100 mu_test[13]  1.04e+0  7.51e-1 2.45   1.84   -1.90     4.21e+0  1.15    15.9 
101 mu_test[14]  1.05e+0  7.68e-1 2.44   1.84   -1.91     4.19e+0  1.15    15.8 
102 mu_test[15]  9.62e-1  6.86e-1 2.44   1.84   -1.98     4.11e+0  1.15    15.6 
103 mu_test[16]  1.11e+0  8.01e-1 2.44   1.82   -1.87     4.28e+0  1.15    15.5 
104 mu_test[17]  1.23e+0  9.26e-1 2.44   1.79   -1.65     4.41e+0  1.15    16.0 
105 mu_test[18]  1.24e+0  9.30e-1 2.43   1.82   -1.65     4.38e+0  1.15    15.8 
106 mu_test[19]  1.21e+0  8.99e-1 2.44   1.81   -1.70     4.37e+0  1.15    15.9 
107 mu_test[20]  1.08e+0  7.81e-1 2.45   1.84   -1.84     4.27e+0  1.14    16.2 
108 mu_test[21]  1.08e+0  7.78e-1 2.44   1.86   -1.84     4.23e+0  1.15    16.0 
109 mu_test[22]  1.08e+0  7.90e-1 2.44   1.84   -1.82     4.23e+0  1.15    15.9 
110 mu_test[23]  1.00e+0  7.17e-1 2.44   1.84   -1.89     4.14e+0  1.15    15.7 
111 mu_test[24]  1.16e+0  8.59e-1 2.44   1.83   -1.75     4.33e+0  1.15    16.1 
112 mu_test[25]  1.17e+0  8.77e-1 2.44   1.84   -1.76     4.32e+0  1.15    15.9 
113 mu_test[26]  1.08e+0  7.97e-1 2.44   1.84   -1.84     4.23e+0  1.15    15.8 
114 mu_test[27]  1.01e+0  7.18e-1 2.45   1.83   -1.91     4.19e+0  1.15    15.9 
115 mu_test[28]  1.09e+0  8.04e-1 2.45   1.84   -1.89     4.31e+0  1.15    15.7 
116 mu_test[29]  1.11e+0  8.20e-1 2.45   1.83   -1.86     4.30e+0  1.15    15.5 
117 mu_test[30]  1.18e+0  8.75e-1 2.43   1.83   -1.70     4.33e+0  1.15    15.8 
118 mu_test[31]  8.55e-1  5.73e-1 2.50   1.92   -2.14     4.22e+0  1.15    15.2 
119 mu_test[32]  8.75e-1  5.99e-1 2.50   1.92   -2.16     4.24e+0  1.16    15.0 
120 mu_test[33]  7.78e-1  5.13e-1 2.50   1.92   -2.22     4.13e+0  1.16    14.9 
121 mu_test[34]  9.86e-1  7.01e-1 2.47   1.90   -1.99     4.27e+0  1.15    15.7 
122 mu_test[35]  9.09e-1  6.32e-1 2.47   1.90   -2.07     4.19e+0  1.15    15.5 
# ℹ 1 more variable: ess_tail <dbl>
[1] "Calculating mu_mean..."
[1] "Calculating mu_test_mean..."
[1] "Calculating y_rep_mean..."
[1] "Calculating y_test_rep_mean..."
[1] "Generating plots..."
[1] "exposure_SAFK7ND1HR6XS_1"             
[2] "exposure_SAFK7ND1HR6XS_1_gendermale"  
[3] "exposure_SAFK7ND1HR6XS_1_genderfemale"
Adding missing grouping variables: `location_id_num`
[1] "Done."
          used  (Mb) gc trigger  (Mb) max used  (Mb)
Ncells 3748354 200.2    6652318 355.3  6652318 355.3
Vcells 6580505  50.3   33221834 253.5 51909115 396.1
